           _________________________________________________________
          |                                                         |
          |       _/_/_/_/                                          |
          |      _/      _/                  _/_/_/_/_/_/           |
          |     _/      _/  _/      _/   _/      _/      _/_/_/_/_/ |
          |    _/_/_/_/    _/      _/   _/      _/      _/          |
          |   _/          _/_/_/_/_/   _/      _/       _/_/_/_/    |
          |  _/          _/      _/   _/      _/              _/    |
          | _/          _/      _/   _/      _/      _/_/_/_/_/     |
          |                                                         |
          |                                                         |
          |       Particle and Heavy Ion Transport code System      |
          |                      Version =  2.300                   |
          |                         made by                         |
          |                                                         |
          |                       Koji NIITA,                       |
          |           Research Organization for Information         |
          |                    Science & Technology                 |
          |                                                         |
          |           Norihiro MATSUDA, Shintaro HASHIMOTO,         |
          |              Yosuke IWAMOTO, Tatsuhiko SATO,            |
          |             Hiroshi NAKASHIMA, Yukio SAKAMOTO,          |
          |               Tokio FUKAHORI, Satoshi CHIBA,            |
          |                 Japan Atomic Energy Agency              |
          |                                                         |
          |                      Hiroshi IWASE,                     |
          |                           KEK                           |
          |                                                         |
          |                           and                           |
          |                                                         |
          |                      Lembit SIHVER,                     |
          |             Chalmers University of Technology           |
          |                                                         |
          |                 Last Revised  2011-08-11                |
          |_________________________________________________________|

                        Starting Date = 2011-08-17
                        Starting Time = 11h 16m 43

>>> Input Echo >>>=============================================================

[ P a r a m e t e r s ]
 icntl    =           0     # (D=0) 3:ECH 5:NOR 6:SRC 7,8:GSH 11:DSH 12:DUMP
 itall    =           1     # (D=0) 0:no tally at batch, 1:same, 2:different
 maxcas   =         100     # (D=10) number of particles per one batch
 maxbch   =           1     # (D=10) number of batches
 imagnf   =           1     # (D=0) magnetic field
 itstep   =           1     # (D=0) 0: no, 1: tally by a step in mag and strg
 file(6)  = phits.out       # (D=phits.out) general output file name

[ S o u r c e ]
  totfact =   1.0000        # (D=1.0) global factor
   s-type =   2             # mono-energetic rectangular-solid source
     proj =  proton         # kind of incident particle         
       e0 =   160.00        # energy of beam [MeV/u]
       x0 = -0.50000        # minimum position of x-axis [cm]
       x1 =  0.50000        # maximum position of x-axis [cm]
       y0 = -0.50000        # minimum position of y-axis [cm]
       y1 =  0.50000        # maximum position of y-axis [cm]
       z0 =   0.0000        # minimum position of z-axis [cm]
       z1 =   0.0000        # maximum position of z-axis [cm]
      dir =   1.0000        # z-direction of beam [cosine]
      phi =   0.0000        # azimuthal angle of beam [degree]
      dom =   2.0000        # spread of beam direction [degree]

[ M a t e r i a l ]
MAT[ 1 ] 
         56Fe         1.0000000E+00

[ C e l l ]
 100        0                 100 -101 200 -201 202 -203 
 101        1 -7.8000000E+00  100 -101 204 -205 206 -207 ( -200
                              : 201 : -202 : 203 ) 
 200        0                 101 -102 220 -221 202 -203 
 201        1 -7.8000000E+00  101 -102 224 -225 206 -207 ( -220
                              : 221 : -202 : 203 ) 
 300        0                 102 -103 210 -211 202 -203 
 301        0                 103 -104 210 -211 202 -203 
 302        0                 104 -105 210 -211 202 -203 
 303        0                 105 -106 210 -211 202 -203 
 304        0                 106 -110 210 -211 202 -203 
 310        1 -7.8000000E+00  102 -110 214 -215 206 -207 ( -210
                              : 211 : -202 : 203 ) 
 900       -1                 100 -101 ( -204 : 205 : -206 : 207 ) 
 901       -1                 101 -102 ( -224 : 225 : -206 : 207 ) 
 903       -1                 102 -110 ( -214 : 215 : -206 : 207 ) 
 904       -1                 -100 : 110 

[ S u r f a c e ]
 100          pz     0.0000000E+00
 101          pz     5.0000000E+02
 102        1 pz     0.0000000E+00
 103        1 pz     3.0000000E+02
 104        1 pz     5.0000000E+02
 105        1 pz     6.0000000E+02
 106        1 pz     8.0000000E+02
 110        1 pz     1.0000000E+03
 200          px    -5.0000000E+01
 201          px     5.0000000E+01
 202          py    -5.0000000E+01
 203          py     5.0000000E+01
 204          px    -2.0000000E+02
 205          px     2.0000000E+02
 206          py    -2.0000000E+02
 207          py     2.0000000E+02
 210        1 px    -5.0000000E+01
 211        1 px     5.0000000E+01
 214        1 px    -2.0000000E+02
 215        1 px     2.0000000E+02
 220          c/y    7.6394373E+02  5.0000000E+02  7.1394373E+02
 221          c/y    7.6394373E+02  5.0000000E+02  8.1394373E+02
 224          c/y    7.6394373E+02  5.0000000E+02  5.6394373E+02
 225          c/y    7.6394373E+02  5.0000000E+02  9.6394373E+02

[ T r a n s f o r m ]
tr1          1.0234905E+02  0.0000000E+00  8.8197186E+02
             8.6602540E-01  0.0000000E+00 -5.0000000E-01
             0.0000000E+00  1.0000000E+00  0.0000000E+00
             5.0000000E-01  0.0000000E+00  8.6602540E-01    1
tr2          1.0234905E+02  0.0000000E+00  8.8197186E+02
             5.3028762E-17  1.0000000E+00 -3.0616170E-17
            -8.6602540E-01  6.1232340E-17  5.0000000E-01
             5.0000000E-01  0.0000000E+00  8.6602540E-01    1
tr3          0.0000000E+00  0.0000000E+00  0.0000000E+00
             6.1232340E-17  1.0000000E+00  0.0000000E+00
            -1.0000000E+00  6.1232340E-17  0.0000000E+00
             0.0000000E+00  0.0000000E+00  1.0000000E+00    1

[ Magnetic  Field ]
   reg    typ    gap            mgf           trcl
   200     2     30.00000      -2.500000         0
   301     4     30.00000       1.000000         1
   303     4     40.00000       2.000000         2

[ T - T r a c k ]
    title = [t-track] in xyz mesh
     mesh =  xyz            # mesh type is xyz scoring mesh
   x-type =    2            # x-mesh is linear given by xmin, xmax and nx
     xmin =  -400.0000      # minimum value of x-mesh points
     xmax =   800.0000      # maximum value of x-mesh points
#    xdel =   6.000000      # mesh width of x-mesh points
       nx =  200            # number of x-mesh points
#    data = ( x(i), i = 1, nx + 1 )
#          -4.00000E+02 -3.94000E+02 -3.88000E+02 -3.82000E+02 -3.76000E+02
#          -3.70000E+02 -3.64000E+02 -3.58000E+02 -3.52000E+02 -3.46000E+02
#          -3.40000E+02 -3.34000E+02 -3.28000E+02 -3.22000E+02 -3.16000E+02
#          -3.10000E+02 -3.04000E+02 -2.98000E+02 -2.92000E+02 -2.86000E+02
#          -2.80000E+02 -2.74000E+02 -2.68000E+02 -2.62000E+02 -2.56000E+02
#          -2.50000E+02 -2.44000E+02 -2.38000E+02 -2.32000E+02 -2.26000E+02
#          -2.20000E+02 -2.14000E+02 -2.08000E+02 -2.02000E+02 -1.96000E+02
#          -1.90000E+02 -1.84000E+02 -1.78000E+02 -1.72000E+02 -1.66000E+02
#          -1.60000E+02 -1.54000E+02 -1.48000E+02 -1.42000E+02 -1.36000E+02
#          -1.30000E+02 -1.24000E+02 -1.18000E+02 -1.12000E+02 -1.06000E+02
#          -1.00000E+02 -9.40000E+01 -8.80000E+01 -8.20000E+01 -7.60000E+01
#          -7.00000E+01 -6.40000E+01 -5.80000E+01 -5.20000E+01 -4.60000E+01
#          -4.00000E+01 -3.40000E+01 -2.80000E+01 -2.20000E+01 -1.60000E+01
#          -1.00000E+01 -4.00000E+00  2.00000E+00  8.00000E+00  1.40000E+01
#           2.00000E+01  2.60000E+01  3.20000E+01  3.80000E+01  4.40000E+01
#           5.00000E+01  5.60000E+01  6.20000E+01  6.80000E+01  7.40000E+01
#           8.00000E+01  8.60000E+01  9.20000E+01  9.80000E+01  1.04000E+02
#           1.10000E+02  1.16000E+02  1.22000E+02  1.28000E+02  1.34000E+02
#           1.40000E+02  1.46000E+02  1.52000E+02  1.58000E+02  1.64000E+02
#           1.70000E+02  1.76000E+02  1.82000E+02  1.88000E+02  1.94000E+02
#           2.00000E+02  2.06000E+02  2.12000E+02  2.18000E+02  2.24000E+02
#           2.30000E+02  2.36000E+02  2.42000E+02  2.48000E+02  2.54000E+02
#           2.60000E+02  2.66000E+02  2.72000E+02  2.78000E+02  2.84000E+02
#           2.90000E+02  2.96000E+02  3.02000E+02  3.08000E+02  3.14000E+02
#           3.20000E+02  3.26000E+02  3.32000E+02  3.38000E+02  3.44000E+02
#           3.50000E+02  3.56000E+02  3.62000E+02  3.68000E+02  3.74000E+02
#           3.80000E+02  3.86000E+02  3.92000E+02  3.98000E+02  4.04000E+02
#           4.10000E+02  4.16000E+02  4.22000E+02  4.28000E+02  4.34000E+02
#           4.40000E+02  4.46000E+02  4.52000E+02  4.58000E+02  4.64000E+02
#           4.70000E+02  4.76000E+02  4.82000E+02  4.88000E+02  4.94000E+02
#           5.00000E+02  5.06000E+02  5.12000E+02  5.18000E+02  5.24000E+02
#           5.30000E+02  5.36000E+02  5.42000E+02  5.48000E+02  5.54000E+02
#           5.60000E+02  5.66000E+02  5.72000E+02  5.78000E+02  5.84000E+02
#           5.90000E+02  5.96000E+02  6.02000E+02  6.08000E+02  6.14000E+02
#           6.20000E+02  6.26000E+02  6.32000E+02  6.38000E+02  6.44000E+02
#           6.50000E+02  6.56000E+02  6.62000E+02  6.68000E+02  6.74000E+02
#           6.80000E+02  6.86000E+02  6.92000E+02  6.98000E+02  7.04000E+02
#           7.10000E+02  7.16000E+02  7.22000E+02  7.28000E+02  7.34000E+02
#           7.40000E+02  7.46000E+02  7.52000E+02  7.58000E+02  7.64000E+02
#           7.70000E+02  7.76000E+02  7.82000E+02  7.88000E+02  7.94000E+02
#           8.00000E+02
   y-type =    2            # y-mesh is linear given by ymin, ymax and ny
     ymin =  -200.0000      # minimum value of y-mesh points
     ymax =   200.0000      # maximum value of y-mesh points
#    ydel =   400.0000      # mesh width of y-mesh points
       ny =    1            # number of y-mesh points
#    data = ( y(i), i = 1, ny + 1 )
#          -2.00000E+02  2.00000E+02
   z-type =    2            # z-mesh is linear given by zmin, zmax and nz
     zmin =  -300.0000      # minimum value of z-mesh points
     zmax =   2000.000      # maximum value of z-mesh points
#    zdel =   11.50000      # mesh width of z-mesh points
       nz =  200            # number of z-mesh points
#    data = ( z(i), i = 1, nz + 1 )
#          -3.00000E+02 -2.88500E+02 -2.77000E+02 -2.65500E+02 -2.54000E+02
#          -2.42500E+02 -2.31000E+02 -2.19500E+02 -2.08000E+02 -1.96500E+02
#          -1.85000E+02 -1.73500E+02 -1.62000E+02 -1.50500E+02 -1.39000E+02
#          -1.27500E+02 -1.16000E+02 -1.04500E+02 -9.30000E+01 -8.15000E+01
#          -7.00000E+01 -5.85000E+01 -4.70000E+01 -3.55000E+01 -2.40000E+01
#          -1.25000E+01 -1.00000E+00  1.05000E+01  2.20000E+01  3.35000E+01
#           4.50000E+01  5.65000E+01  6.80000E+01  7.95000E+01  9.10000E+01
#           1.02500E+02  1.14000E+02  1.25500E+02  1.37000E+02  1.48500E+02
#           1.60000E+02  1.71500E+02  1.83000E+02  1.94500E+02  2.06000E+02
#           2.17500E+02  2.29000E+02  2.40500E+02  2.52000E+02  2.63500E+02
#           2.75000E+02  2.86500E+02  2.98000E+02  3.09500E+02  3.21000E+02
#           3.32500E+02  3.44000E+02  3.55500E+02  3.67000E+02  3.78500E+02
#           3.90000E+02  4.01500E+02  4.13000E+02  4.24500E+02  4.36000E+02
#           4.47500E+02  4.59000E+02  4.70500E+02  4.82000E+02  4.93500E+02
#           5.05000E+02  5.16500E+02  5.28000E+02  5.39500E+02  5.51000E+02
#           5.62500E+02  5.74000E+02  5.85500E+02  5.97000E+02  6.08500E+02
#           6.20000E+02  6.31500E+02  6.43000E+02  6.54500E+02  6.66000E+02
#           6.77500E+02  6.89000E+02  7.00500E+02  7.12000E+02  7.23500E+02
#           7.35000E+02  7.46500E+02  7.58000E+02  7.69500E+02  7.81000E+02
#           7.92500E+02  8.04000E+02  8.15500E+02  8.27000E+02  8.38500E+02
#           8.50000E+02  8.61500E+02  8.73000E+02  8.84500E+02  8.96000E+02
#           9.07500E+02  9.19000E+02  9.30500E+02  9.42000E+02  9.53500E+02
#           9.65000E+02  9.76500E+02  9.88000E+02  9.99500E+02  1.01100E+03
#           1.02250E+03  1.03400E+03  1.04550E+03  1.05700E+03  1.06850E+03
#           1.08000E+03  1.09150E+03  1.10300E+03  1.11450E+03  1.12600E+03
#           1.13750E+03  1.14900E+03  1.16050E+03  1.17200E+03  1.18350E+03
#           1.19500E+03  1.20650E+03  1.21800E+03  1.22950E+03  1.24100E+03
#           1.25250E+03  1.26400E+03  1.27550E+03  1.28700E+03  1.29850E+03
#           1.31000E+03  1.32150E+03  1.33300E+03  1.34450E+03  1.35600E+03
#           1.36750E+03  1.37900E+03  1.39050E+03  1.40200E+03  1.41350E+03
#           1.42500E+03  1.43650E+03  1.44800E+03  1.45950E+03  1.47100E+03
#           1.48250E+03  1.49400E+03  1.50550E+03  1.51700E+03  1.52850E+03
#           1.54000E+03  1.55150E+03  1.56300E+03  1.57450E+03  1.58600E+03
#           1.59750E+03  1.60900E+03  1.62050E+03  1.63200E+03  1.64350E+03
#           1.65500E+03  1.66650E+03  1.67800E+03  1.68950E+03  1.70100E+03
#           1.71250E+03  1.72400E+03  1.73550E+03  1.74700E+03  1.75850E+03
#           1.77000E+03  1.78150E+03  1.79300E+03  1.80450E+03  1.81600E+03
#           1.82750E+03  1.83900E+03  1.85050E+03  1.86200E+03  1.87350E+03
#           1.88500E+03  1.89650E+03  1.90800E+03  1.91950E+03  1.93100E+03
#           1.94250E+03  1.95400E+03  1.96550E+03  1.97700E+03  1.98850E+03
#           2.00000E+03
   e-type =    2            # e-mesh is linear given by emin, emax and ne
     emin =   0.000000      # minimum value of e-mesh points
     emax =   100000.0      # maximum value of e-mesh points
#    edel =   100000.0      # mesh width of e-mesh points
       ne =    1            # number of e-mesh points
#    data = ( e(i), i = 1, ne + 1 )
#           0.00000E+00  1.00000E+05
     unit =    1            # unit is [1/cm^2/source]
 material =  all            # (D=all) number of specific material
  2D-type =    3            # 1:Cont, 2:Clust, 3:Color, 4:xyz, 5:mat, 6:Clust+Cont, 7:Col+Cont
     axis =   xz            # axis of output
     file = t-xz00.dat      # file name of output for the above axis
     part =  all      
# kf/name :  0        
    gshow =    1            # 0: no 1:bnd, 2:bnd+mat, 3:bnd+reg 4:bnd+lat
    resol =    1            # (D=1) resolution of gshow or rshow
    width = 0.5000000       # (D=0.5) width of lines for gshow or rshow
   epsout =    1            # (D=0) generate eps file by ANGEL
#    used :        main (  %)        temp (  %)       total (  %)
#  memory :       80408 (  0)      120403 (  1)      200811 (  1)

[ T - Gshow ]
    title = [t-gshow] in xyz mesh
     mesh =  xyz            # mesh type is xyz scoring mesh
   x-type =    2            # x-mesh is linear given by xmin, xmax and nx
     xmin =  -400.0000      # minimum value of x-mesh points
     xmax =   800.0000      # maximum value of x-mesh points
#    xdel =   6.000000      # mesh width of x-mesh points
       nx =  200            # number of x-mesh points
   y-type =    2            # y-mesh is linear given by ymin, ymax and ny
     ymin =  -200.0000      # minimum value of y-mesh points
     ymax =   200.0000      # maximum value of y-mesh points
#    ydel =   400.0000      # mesh width of y-mesh points
       ny =    1            # number of y-mesh points
   z-type =    2            # z-mesh is linear given by zmin, zmax and nz
     zmin =  -300.0000      # minimum value of z-mesh points
     zmax =   2000.000      # maximum value of z-mesh points
#    zdel =   11.50000      # mesh width of z-mesh points
       nz =  200            # number of z-mesh points
     axis =   xz            # axis of output
     file = g-xz00.dat      # file name of output for the above axis
   output =    6            # (D=2) 1:bnd, 2:bnd+mat, 3:bnd+num 4:bnd+mat+num
    resol =    1            # (D=1) resolution of gshow or rshow
    width = 0.5000000       # (D=0.5) width of lines for gshow or rshow
   epsout =    1            # (D=0) generate eps file by ANGEL
#    used :        main (  %)        temp (  %)       total (  %)
#  memory :         404 (  0)       20201 (  0)       20605 (  0)

[ T - T r a c k ]
    title = [t-track] in xyz mesh
     mesh =  xyz            # mesh type is xyz scoring mesh
   x-type =    2            # x-mesh is linear given by xmin, xmax and nx
     xmin =  -200.0000      # minimum value of x-mesh points
     xmax =   200.0000      # maximum value of x-mesh points
#    xdel =   400.0000      # mesh width of x-mesh points
       nx =    1            # number of x-mesh points
#    data = ( x(i), i = 1, nx + 1 )
#          -2.00000E+02  2.00000E+02
   y-type =    2            # y-mesh is linear given by ymin, ymax and ny
     ymin =  -100.0000      # minimum value of y-mesh points
     ymax =   100.0000      # maximum value of y-mesh points
#    ydel =   1.000000      # mesh width of y-mesh points
       ny =  200            # number of y-mesh points
#    data = ( y(i), i = 1, ny + 1 )
#          -1.00000E+02 -9.90000E+01 -9.80000E+01 -9.70000E+01 -9.60000E+01
#          -9.50000E+01 -9.40000E+01 -9.30000E+01 -9.20000E+01 -9.10000E+01
#          -9.00000E+01 -8.90000E+01 -8.80000E+01 -8.70000E+01 -8.60000E+01
#          -8.50000E+01 -8.40000E+01 -8.30000E+01 -8.20000E+01 -8.10000E+01
#          -8.00000E+01 -7.90000E+01 -7.80000E+01 -7.70000E+01 -7.60000E+01
#          -7.50000E+01 -7.40000E+01 -7.30000E+01 -7.20000E+01 -7.10000E+01
#          -7.00000E+01 -6.90000E+01 -6.80000E+01 -6.70000E+01 -6.60000E+01
#          -6.50000E+01 -6.40000E+01 -6.30000E+01 -6.20000E+01 -6.10000E+01
#          -6.00000E+01 -5.90000E+01 -5.80000E+01 -5.70000E+01 -5.60000E+01
#          -5.50000E+01 -5.40000E+01 -5.30000E+01 -5.20000E+01 -5.10000E+01
#          -5.00000E+01 -4.90000E+01 -4.80000E+01 -4.70000E+01 -4.60000E+01
#          -4.50000E+01 -4.40000E+01 -4.30000E+01 -4.20000E+01 -4.10000E+01
#          -4.00000E+01 -3.90000E+01 -3.80000E+01 -3.70000E+01 -3.60000E+01
#          -3.50000E+01 -3.40000E+01 -3.30000E+01 -3.20000E+01 -3.10000E+01
#          -3.00000E+01 -2.90000E+01 -2.80000E+01 -2.70000E+01 -2.60000E+01
#          -2.50000E+01 -2.40000E+01 -2.30000E+01 -2.20000E+01 -2.10000E+01
#          -2.00000E+01 -1.90000E+01 -1.80000E+01 -1.70000E+01 -1.60000E+01
#          -1.50000E+01 -1.40000E+01 -1.30000E+01 -1.20000E+01 -1.10000E+01
#          -1.00000E+01 -9.00000E+00 -8.00000E+00 -7.00000E+00 -6.00000E+00
#          -5.00000E+00 -4.00000E+00 -3.00000E+00 -2.00000E+00 -1.00000E+00
#           0.00000E+00  1.00000E+00  2.00000E+00  3.00000E+00  4.00000E+00
#           5.00000E+00  6.00000E+00  7.00000E+00  8.00000E+00  9.00000E+00
#           1.00000E+01  1.10000E+01  1.20000E+01  1.30000E+01  1.40000E+01
#           1.50000E+01  1.60000E+01  1.70000E+01  1.80000E+01  1.90000E+01
#           2.00000E+01  2.10000E+01  2.20000E+01  2.30000E+01  2.40000E+01
#           2.50000E+01  2.60000E+01  2.70000E+01  2.80000E+01  2.90000E+01
#           3.00000E+01  3.10000E+01  3.20000E+01  3.30000E+01  3.40000E+01
#           3.50000E+01  3.60000E+01  3.70000E+01  3.80000E+01  3.90000E+01
#           4.00000E+01  4.10000E+01  4.20000E+01  4.30000E+01  4.40000E+01
#           4.50000E+01  4.60000E+01  4.70000E+01  4.80000E+01  4.90000E+01
#           5.00000E+01  5.10000E+01  5.20000E+01  5.30000E+01  5.40000E+01
#           5.50000E+01  5.60000E+01  5.70000E+01  5.80000E+01  5.90000E+01
#           6.00000E+01  6.10000E+01  6.20000E+01  6.30000E+01  6.40000E+01
#           6.50000E+01  6.60000E+01  6.70000E+01  6.80000E+01  6.90000E+01
#           7.00000E+01  7.10000E+01  7.20000E+01  7.30000E+01  7.40000E+01
#           7.50000E+01  7.60000E+01  7.70000E+01  7.80000E+01  7.90000E+01
#           8.00000E+01  8.10000E+01  8.20000E+01  8.30000E+01  8.40000E+01
#           8.50000E+01  8.60000E+01  8.70000E+01  8.80000E+01  8.90000E+01
#           9.00000E+01  9.10000E+01  9.20000E+01  9.30000E+01  9.40000E+01
#           9.50000E+01  9.60000E+01  9.70000E+01  9.80000E+01  9.90000E+01
#           1.00000E+02
   z-type =    2            # z-mesh is linear given by zmin, zmax and nz
     zmin =   0.000000      # minimum value of z-mesh points
     zmax =   1000.000      # maximum value of z-mesh points
#    zdel =   5.000000      # mesh width of z-mesh points
       nz =  200            # number of z-mesh points
#    data = ( z(i), i = 1, nz + 1 )
#           0.00000E+00  5.00000E+00  1.00000E+01  1.50000E+01  2.00000E+01
#           2.50000E+01  3.00000E+01  3.50000E+01  4.00000E+01  4.50000E+01
#           5.00000E+01  5.50000E+01  6.00000E+01  6.50000E+01  7.00000E+01
#           7.50000E+01  8.00000E+01  8.50000E+01  9.00000E+01  9.50000E+01
#           1.00000E+02  1.05000E+02  1.10000E+02  1.15000E+02  1.20000E+02
#           1.25000E+02  1.30000E+02  1.35000E+02  1.40000E+02  1.45000E+02
#           1.50000E+02  1.55000E+02  1.60000E+02  1.65000E+02  1.70000E+02
#           1.75000E+02  1.80000E+02  1.85000E+02  1.90000E+02  1.95000E+02
#           2.00000E+02  2.05000E+02  2.10000E+02  2.15000E+02  2.20000E+02
#           2.25000E+02  2.30000E+02  2.35000E+02  2.40000E+02  2.45000E+02
#           2.50000E+02  2.55000E+02  2.60000E+02  2.65000E+02  2.70000E+02
#           2.75000E+02  2.80000E+02  2.85000E+02  2.90000E+02  2.95000E+02
#           3.00000E+02  3.05000E+02  3.10000E+02  3.15000E+02  3.20000E+02
#           3.25000E+02  3.30000E+02  3.35000E+02  3.40000E+02  3.45000E+02
#           3.50000E+02  3.55000E+02  3.60000E+02  3.65000E+02  3.70000E+02
#           3.75000E+02  3.80000E+02  3.85000E+02  3.90000E+02  3.95000E+02
#           4.00000E+02  4.05000E+02  4.10000E+02  4.15000E+02  4.20000E+02
#           4.25000E+02  4.30000E+02  4.35000E+02  4.40000E+02  4.45000E+02
#           4.50000E+02  4.55000E+02  4.60000E+02  4.65000E+02  4.70000E+02
#           4.75000E+02  4.80000E+02  4.85000E+02  4.90000E+02  4.95000E+02
#           5.00000E+02  5.05000E+02  5.10000E+02  5.15000E+02  5.20000E+02
#           5.25000E+02  5.30000E+02  5.35000E+02  5.40000E+02  5.45000E+02
#           5.50000E+02  5.55000E+02  5.60000E+02  5.65000E+02  5.70000E+02
#           5.75000E+02  5.80000E+02  5.85000E+02  5.90000E+02  5.95000E+02
#           6.00000E+02  6.05000E+02  6.10000E+02  6.15000E+02  6.20000E+02
#           6.25000E+02  6.30000E+02  6.35000E+02  6.40000E+02  6.45000E+02
#           6.50000E+02  6.55000E+02  6.60000E+02  6.65000E+02  6.70000E+02
#           6.75000E+02  6.80000E+02  6.85000E+02  6.90000E+02  6.95000E+02
#           7.00000E+02  7.05000E+02  7.10000E+02  7.15000E+02  7.20000E+02
#           7.25000E+02  7.30000E+02  7.35000E+02  7.40000E+02  7.45000E+02
#           7.50000E+02  7.55000E+02  7.60000E+02  7.65000E+02  7.70000E+02
#           7.75000E+02  7.80000E+02  7.85000E+02  7.90000E+02  7.95000E+02
#           8.00000E+02  8.05000E+02  8.10000E+02  8.15000E+02  8.20000E+02
#           8.25000E+02  8.30000E+02  8.35000E+02  8.40000E+02  8.45000E+02
#           8.50000E+02  8.55000E+02  8.60000E+02  8.65000E+02  8.70000E+02
#           8.75000E+02  8.80000E+02  8.85000E+02  8.90000E+02  8.95000E+02
#           9.00000E+02  9.05000E+02  9.10000E+02  9.15000E+02  9.20000E+02
#           9.25000E+02  9.30000E+02  9.35000E+02  9.40000E+02  9.45000E+02
#           9.50000E+02  9.55000E+02  9.60000E+02  9.65000E+02  9.70000E+02
#           9.75000E+02  9.80000E+02  9.85000E+02  9.90000E+02  9.95000E+02
#           1.00000E+03
     trcl =    1            # transform ID
   e-type =    2            # e-mesh is linear given by emin, emax and ne
     emin =   0.000000      # minimum value of e-mesh points
     emax =   100000.0      # maximum value of e-mesh points
#    edel =   100000.0      # mesh width of e-mesh points
       ne =    1            # number of e-mesh points
#    data = ( e(i), i = 1, ne + 1 )
#           0.00000E+00  1.00000E+05
     unit =    1            # unit is [1/cm^2/source]
 material =  all            # (D=all) number of specific material
  2D-type =    3            # 1:Cont, 2:Clust, 3:Color, 4:xyz, 5:mat, 6:Clust+Cont, 7:Col+Cont
     axis =   yz            # axis of output
     file = t-yz01.dat      # file name of output for the above axis
     part =  all      
# kf/name :  0        
    gshow =    1            # 0: no 1:bnd, 2:bnd+mat, 3:bnd+reg 4:bnd+lat
    resol =    1            # (D=1) resolution of gshow or rshow
    width = 0.5000000       # (D=0.5) width of lines for gshow or rshow
   epsout =    1            # (D=0) generate eps file by ANGEL
#    used :        main (  %)        temp (  %)       total (  %)
#  memory :       80408 (  0)      120403 (  1)      200811 (  1)

[ T - T r a c k ]
    title = [t-track] in xyz mesh
     mesh =  xyz            # mesh type is xyz scoring mesh
   x-type =    2            # x-mesh is linear given by xmin, xmax and nx
     xmin =  -100.0000      # minimum value of x-mesh points
     xmax =   100.0000      # maximum value of x-mesh points
#    xdel =   1.000000      # mesh width of x-mesh points
       nx =  200            # number of x-mesh points
#    data = ( x(i), i = 1, nx + 1 )
#          -1.00000E+02 -9.90000E+01 -9.80000E+01 -9.70000E+01 -9.60000E+01
#          -9.50000E+01 -9.40000E+01 -9.30000E+01 -9.20000E+01 -9.10000E+01
#          -9.00000E+01 -8.90000E+01 -8.80000E+01 -8.70000E+01 -8.60000E+01
#          -8.50000E+01 -8.40000E+01 -8.30000E+01 -8.20000E+01 -8.10000E+01
#          -8.00000E+01 -7.90000E+01 -7.80000E+01 -7.70000E+01 -7.60000E+01
#          -7.50000E+01 -7.40000E+01 -7.30000E+01 -7.20000E+01 -7.10000E+01
#          -7.00000E+01 -6.90000E+01 -6.80000E+01 -6.70000E+01 -6.60000E+01
#          -6.50000E+01 -6.40000E+01 -6.30000E+01 -6.20000E+01 -6.10000E+01
#          -6.00000E+01 -5.90000E+01 -5.80000E+01 -5.70000E+01 -5.60000E+01
#          -5.50000E+01 -5.40000E+01 -5.30000E+01 -5.20000E+01 -5.10000E+01
#          -5.00000E+01 -4.90000E+01 -4.80000E+01 -4.70000E+01 -4.60000E+01
#          -4.50000E+01 -4.40000E+01 -4.30000E+01 -4.20000E+01 -4.10000E+01
#          -4.00000E+01 -3.90000E+01 -3.80000E+01 -3.70000E+01 -3.60000E+01
#          -3.50000E+01 -3.40000E+01 -3.30000E+01 -3.20000E+01 -3.10000E+01
#          -3.00000E+01 -2.90000E+01 -2.80000E+01 -2.70000E+01 -2.60000E+01
#          -2.50000E+01 -2.40000E+01 -2.30000E+01 -2.20000E+01 -2.10000E+01
#          -2.00000E+01 -1.90000E+01 -1.80000E+01 -1.70000E+01 -1.60000E+01
#          -1.50000E+01 -1.40000E+01 -1.30000E+01 -1.20000E+01 -1.10000E+01
#          -1.00000E+01 -9.00000E+00 -8.00000E+00 -7.00000E+00 -6.00000E+00
#          -5.00000E+00 -4.00000E+00 -3.00000E+00 -2.00000E+00 -1.00000E+00
#           0.00000E+00  1.00000E+00  2.00000E+00  3.00000E+00  4.00000E+00
#           5.00000E+00  6.00000E+00  7.00000E+00  8.00000E+00  9.00000E+00
#           1.00000E+01  1.10000E+01  1.20000E+01  1.30000E+01  1.40000E+01
#           1.50000E+01  1.60000E+01  1.70000E+01  1.80000E+01  1.90000E+01
#           2.00000E+01  2.10000E+01  2.20000E+01  2.30000E+01  2.40000E+01
#           2.50000E+01  2.60000E+01  2.70000E+01  2.80000E+01  2.90000E+01
#           3.00000E+01  3.10000E+01  3.20000E+01  3.30000E+01  3.40000E+01
#           3.50000E+01  3.60000E+01  3.70000E+01  3.80000E+01  3.90000E+01
#           4.00000E+01  4.10000E+01  4.20000E+01  4.30000E+01  4.40000E+01
#           4.50000E+01  4.60000E+01  4.70000E+01  4.80000E+01  4.90000E+01
#           5.00000E+01  5.10000E+01  5.20000E+01  5.30000E+01  5.40000E+01
#           5.50000E+01  5.60000E+01  5.70000E+01  5.80000E+01  5.90000E+01
#           6.00000E+01  6.10000E+01  6.20000E+01  6.30000E+01  6.40000E+01
#           6.50000E+01  6.60000E+01  6.70000E+01  6.80000E+01  6.90000E+01
#           7.00000E+01  7.10000E+01  7.20000E+01  7.30000E+01  7.40000E+01
#           7.50000E+01  7.60000E+01  7.70000E+01  7.80000E+01  7.90000E+01
#           8.00000E+01  8.10000E+01  8.20000E+01  8.30000E+01  8.40000E+01
#           8.50000E+01  8.60000E+01  8.70000E+01  8.80000E+01  8.90000E+01
#           9.00000E+01  9.10000E+01  9.20000E+01  9.30000E+01  9.40000E+01
#           9.50000E+01  9.60000E+01  9.70000E+01  9.80000E+01  9.90000E+01
#           1.00000E+02
   y-type =    2            # y-mesh is linear given by ymin, ymax and ny
     ymin =  -200.0000      # minimum value of y-mesh points
     ymax =   200.0000      # maximum value of y-mesh points
#    ydel =   400.0000      # mesh width of y-mesh points
       ny =    1            # number of y-mesh points
#    data = ( y(i), i = 1, ny + 1 )
#          -2.00000E+02  2.00000E+02
   z-type =    2            # z-mesh is linear given by zmin, zmax and nz
     zmin =   0.000000      # minimum value of z-mesh points
     zmax =   1000.000      # maximum value of z-mesh points
#    zdel =   5.000000      # mesh width of z-mesh points
       nz =  200            # number of z-mesh points
#    data = ( z(i), i = 1, nz + 1 )
#           0.00000E+00  5.00000E+00  1.00000E+01  1.50000E+01  2.00000E+01
#           2.50000E+01  3.00000E+01  3.50000E+01  4.00000E+01  4.50000E+01
#           5.00000E+01  5.50000E+01  6.00000E+01  6.50000E+01  7.00000E+01
#           7.50000E+01  8.00000E+01  8.50000E+01  9.00000E+01  9.50000E+01
#           1.00000E+02  1.05000E+02  1.10000E+02  1.15000E+02  1.20000E+02
#           1.25000E+02  1.30000E+02  1.35000E+02  1.40000E+02  1.45000E+02
#           1.50000E+02  1.55000E+02  1.60000E+02  1.65000E+02  1.70000E+02
#           1.75000E+02  1.80000E+02  1.85000E+02  1.90000E+02  1.95000E+02
#           2.00000E+02  2.05000E+02  2.10000E+02  2.15000E+02  2.20000E+02
#           2.25000E+02  2.30000E+02  2.35000E+02  2.40000E+02  2.45000E+02
#           2.50000E+02  2.55000E+02  2.60000E+02  2.65000E+02  2.70000E+02
#           2.75000E+02  2.80000E+02  2.85000E+02  2.90000E+02  2.95000E+02
#           3.00000E+02  3.05000E+02  3.10000E+02  3.15000E+02  3.20000E+02
#           3.25000E+02  3.30000E+02  3.35000E+02  3.40000E+02  3.45000E+02
#           3.50000E+02  3.55000E+02  3.60000E+02  3.65000E+02  3.70000E+02
#           3.75000E+02  3.80000E+02  3.85000E+02  3.90000E+02  3.95000E+02
#           4.00000E+02  4.05000E+02  4.10000E+02  4.15000E+02  4.20000E+02
#           4.25000E+02  4.30000E+02  4.35000E+02  4.40000E+02  4.45000E+02
#           4.50000E+02  4.55000E+02  4.60000E+02  4.65000E+02  4.70000E+02
#           4.75000E+02  4.80000E+02  4.85000E+02  4.90000E+02  4.95000E+02
#           5.00000E+02  5.05000E+02  5.10000E+02  5.15000E+02  5.20000E+02
#           5.25000E+02  5.30000E+02  5.35000E+02  5.40000E+02  5.45000E+02
#           5.50000E+02  5.55000E+02  5.60000E+02  5.65000E+02  5.70000E+02
#           5.75000E+02  5.80000E+02  5.85000E+02  5.90000E+02  5.95000E+02
#           6.00000E+02  6.05000E+02  6.10000E+02  6.15000E+02  6.20000E+02
#           6.25000E+02  6.30000E+02  6.35000E+02  6.40000E+02  6.45000E+02
#           6.50000E+02  6.55000E+02  6.60000E+02  6.65000E+02  6.70000E+02
#           6.75000E+02  6.80000E+02  6.85000E+02  6.90000E+02  6.95000E+02
#           7.00000E+02  7.05000E+02  7.10000E+02  7.15000E+02  7.20000E+02
#           7.25000E+02  7.30000E+02  7.35000E+02  7.40000E+02  7.45000E+02
#           7.50000E+02  7.55000E+02  7.60000E+02  7.65000E+02  7.70000E+02
#           7.75000E+02  7.80000E+02  7.85000E+02  7.90000E+02  7.95000E+02
#           8.00000E+02  8.05000E+02  8.10000E+02  8.15000E+02  8.20000E+02
#           8.25000E+02  8.30000E+02  8.35000E+02  8.40000E+02  8.45000E+02
#           8.50000E+02  8.55000E+02  8.60000E+02  8.65000E+02  8.70000E+02
#           8.75000E+02  8.80000E+02  8.85000E+02  8.90000E+02  8.95000E+02
#           9.00000E+02  9.05000E+02  9.10000E+02  9.15000E+02  9.20000E+02
#           9.25000E+02  9.30000E+02  9.35000E+02  9.40000E+02  9.45000E+02
#           9.50000E+02  9.55000E+02  9.60000E+02  9.65000E+02  9.70000E+02
#           9.75000E+02  9.80000E+02  9.85000E+02  9.90000E+02  9.95000E+02
#           1.00000E+03
     trcl =    1            # transform ID
   e-type =    2            # e-mesh is linear given by emin, emax and ne
     emin =   0.000000      # minimum value of e-mesh points
     emax =   100000.0      # maximum value of e-mesh points
#    edel =   100000.0      # mesh width of e-mesh points
       ne =    1            # number of e-mesh points
#    data = ( e(i), i = 1, ne + 1 )
#           0.00000E+00  1.00000E+05
     unit =    1            # unit is [1/cm^2/source]
 material =  all            # (D=all) number of specific material
  2D-type =    3            # 1:Cont, 2:Clust, 3:Color, 4:xyz, 5:mat, 6:Clust+Cont, 7:Col+Cont
     axis =   xz            # axis of output
     file = t-xz01.dat      # file name of output for the above axis
     part =  all      
# kf/name :  0        
    gshow =    1            # 0: no 1:bnd, 2:bnd+mat, 3:bnd+reg 4:bnd+lat
    resol =    1            # (D=1) resolution of gshow or rshow
    width = 0.5000000       # (D=0.5) width of lines for gshow or rshow
   epsout =    1            # (D=0) generate eps file by ANGEL
#    used :        main (  %)        temp (  %)       total (  %)
#  memory :       80408 (  0)      120403 (  1)      200811 (  1)

[ T - T r a c k ]
    title = [t-track] in xyz mesh
     mesh =  xyz            # mesh type is xyz scoring mesh
   x-type =    2            # x-mesh is linear given by xmin, xmax and nx
     xmin =  -400.0000      # minimum value of x-mesh points
     xmax =   800.0000      # maximum value of x-mesh points
#    xdel =   6.000000      # mesh width of x-mesh points
       nx =  200            # number of x-mesh points
#    data = ( x(i), i = 1, nx + 1 )
#          -4.00000E+02 -3.94000E+02 -3.88000E+02 -3.82000E+02 -3.76000E+02
#          -3.70000E+02 -3.64000E+02 -3.58000E+02 -3.52000E+02 -3.46000E+02
#          -3.40000E+02 -3.34000E+02 -3.28000E+02 -3.22000E+02 -3.16000E+02
#          -3.10000E+02 -3.04000E+02 -2.98000E+02 -2.92000E+02 -2.86000E+02
#          -2.80000E+02 -2.74000E+02 -2.68000E+02 -2.62000E+02 -2.56000E+02
#          -2.50000E+02 -2.44000E+02 -2.38000E+02 -2.32000E+02 -2.26000E+02
#          -2.20000E+02 -2.14000E+02 -2.08000E+02 -2.02000E+02 -1.96000E+02
#          -1.90000E+02 -1.84000E+02 -1.78000E+02 -1.72000E+02 -1.66000E+02
#          -1.60000E+02 -1.54000E+02 -1.48000E+02 -1.42000E+02 -1.36000E+02
#          -1.30000E+02 -1.24000E+02 -1.18000E+02 -1.12000E+02 -1.06000E+02
#          -1.00000E+02 -9.40000E+01 -8.80000E+01 -8.20000E+01 -7.60000E+01
#          -7.00000E+01 -6.40000E+01 -5.80000E+01 -5.20000E+01 -4.60000E+01
#          -4.00000E+01 -3.40000E+01 -2.80000E+01 -2.20000E+01 -1.60000E+01
#          -1.00000E+01 -4.00000E+00  2.00000E+00  8.00000E+00  1.40000E+01
#           2.00000E+01  2.60000E+01  3.20000E+01  3.80000E+01  4.40000E+01
#           5.00000E+01  5.60000E+01  6.20000E+01  6.80000E+01  7.40000E+01
#           8.00000E+01  8.60000E+01  9.20000E+01  9.80000E+01  1.04000E+02
#           1.10000E+02  1.16000E+02  1.22000E+02  1.28000E+02  1.34000E+02
#           1.40000E+02  1.46000E+02  1.52000E+02  1.58000E+02  1.64000E+02
#           1.70000E+02  1.76000E+02  1.82000E+02  1.88000E+02  1.94000E+02
#           2.00000E+02  2.06000E+02  2.12000E+02  2.18000E+02  2.24000E+02
#           2.30000E+02  2.36000E+02  2.42000E+02  2.48000E+02  2.54000E+02
#           2.60000E+02  2.66000E+02  2.72000E+02  2.78000E+02  2.84000E+02
#           2.90000E+02  2.96000E+02  3.02000E+02  3.08000E+02  3.14000E+02
#           3.20000E+02  3.26000E+02  3.32000E+02  3.38000E+02  3.44000E+02
#           3.50000E+02  3.56000E+02  3.62000E+02  3.68000E+02  3.74000E+02
#           3.80000E+02  3.86000E+02  3.92000E+02  3.98000E+02  4.04000E+02
#           4.10000E+02  4.16000E+02  4.22000E+02  4.28000E+02  4.34000E+02
#           4.40000E+02  4.46000E+02  4.52000E+02  4.58000E+02  4.64000E+02
#           4.70000E+02  4.76000E+02  4.82000E+02  4.88000E+02  4.94000E+02
#           5.00000E+02  5.06000E+02  5.12000E+02  5.18000E+02  5.24000E+02
#           5.30000E+02  5.36000E+02  5.42000E+02  5.48000E+02  5.54000E+02
#           5.60000E+02  5.66000E+02  5.72000E+02  5.78000E+02  5.84000E+02
#           5.90000E+02  5.96000E+02  6.02000E+02  6.08000E+02  6.14000E+02
#           6.20000E+02  6.26000E+02  6.32000E+02  6.38000E+02  6.44000E+02
#           6.50000E+02  6.56000E+02  6.62000E+02  6.68000E+02  6.74000E+02
#           6.80000E+02  6.86000E+02  6.92000E+02  6.98000E+02  7.04000E+02
#           7.10000E+02  7.16000E+02  7.22000E+02  7.28000E+02  7.34000E+02
#           7.40000E+02  7.46000E+02  7.52000E+02  7.58000E+02  7.64000E+02
#           7.70000E+02  7.76000E+02  7.82000E+02  7.88000E+02  7.94000E+02
#           8.00000E+02
   y-type =    2            # y-mesh is linear given by ymin, ymax and ny
     ymin =  -200.0000      # minimum value of y-mesh points
     ymax =   200.0000      # maximum value of y-mesh points
#    ydel =   400.0000      # mesh width of y-mesh points
       ny =    1            # number of y-mesh points
#    data = ( y(i), i = 1, ny + 1 )
#          -2.00000E+02  2.00000E+02
   z-type =    2            # z-mesh is linear given by zmin, zmax and nz
     zmin =  -1000.000      # minimum value of z-mesh points
     zmax =   1100.000      # maximum value of z-mesh points
#    zdel =   10.50000      # mesh width of z-mesh points
       nz =  200            # number of z-mesh points
#    data = ( z(i), i = 1, nz + 1 )
#          -1.00000E+03 -9.89500E+02 -9.79000E+02 -9.68500E+02 -9.58000E+02
#          -9.47500E+02 -9.37000E+02 -9.26500E+02 -9.16000E+02 -9.05500E+02
#          -8.95000E+02 -8.84500E+02 -8.74000E+02 -8.63500E+02 -8.53000E+02
#          -8.42500E+02 -8.32000E+02 -8.21500E+02 -8.11000E+02 -8.00500E+02
#          -7.90000E+02 -7.79500E+02 -7.69000E+02 -7.58500E+02 -7.48000E+02
#          -7.37500E+02 -7.27000E+02 -7.16500E+02 -7.06000E+02 -6.95500E+02
#          -6.85000E+02 -6.74500E+02 -6.64000E+02 -6.53500E+02 -6.43000E+02
#          -6.32500E+02 -6.22000E+02 -6.11500E+02 -6.01000E+02 -5.90500E+02
#          -5.80000E+02 -5.69500E+02 -5.59000E+02 -5.48500E+02 -5.38000E+02
#          -5.27500E+02 -5.17000E+02 -5.06500E+02 -4.96000E+02 -4.85500E+02
#          -4.75000E+02 -4.64500E+02 -4.54000E+02 -4.43500E+02 -4.33000E+02
#          -4.22500E+02 -4.12000E+02 -4.01500E+02 -3.91000E+02 -3.80500E+02
#          -3.70000E+02 -3.59500E+02 -3.49000E+02 -3.38500E+02 -3.28000E+02
#          -3.17500E+02 -3.07000E+02 -2.96500E+02 -2.86000E+02 -2.75500E+02
#          -2.65000E+02 -2.54500E+02 -2.44000E+02 -2.33500E+02 -2.23000E+02
#          -2.12500E+02 -2.02000E+02 -1.91500E+02 -1.81000E+02 -1.70500E+02
#          -1.60000E+02 -1.49500E+02 -1.39000E+02 -1.28500E+02 -1.18000E+02
#          -1.07500E+02 -9.70000E+01 -8.65000E+01 -7.60000E+01 -6.55000E+01
#          -5.50000E+01 -4.45000E+01 -3.40000E+01 -2.35000E+01 -1.30000E+01
#          -2.50000E+00  8.00000E+00  1.85000E+01  2.90000E+01  3.95000E+01
#           5.00000E+01  6.05000E+01  7.10000E+01  8.15000E+01  9.20000E+01
#           1.02500E+02  1.13000E+02  1.23500E+02  1.34000E+02  1.44500E+02
#           1.55000E+02  1.65500E+02  1.76000E+02  1.86500E+02  1.97000E+02
#           2.07500E+02  2.18000E+02  2.28500E+02  2.39000E+02  2.49500E+02
#           2.60000E+02  2.70500E+02  2.81000E+02  2.91500E+02  3.02000E+02
#           3.12500E+02  3.23000E+02  3.33500E+02  3.44000E+02  3.54500E+02
#           3.65000E+02  3.75500E+02  3.86000E+02  3.96500E+02  4.07000E+02
#           4.17500E+02  4.28000E+02  4.38500E+02  4.49000E+02  4.59500E+02
#           4.70000E+02  4.80500E+02  4.91000E+02  5.01500E+02  5.12000E+02
#           5.22500E+02  5.33000E+02  5.43500E+02  5.54000E+02  5.64500E+02
#           5.75000E+02  5.85500E+02  5.96000E+02  6.06500E+02  6.17000E+02
#           6.27500E+02  6.38000E+02  6.48500E+02  6.59000E+02  6.69500E+02
#           6.80000E+02  6.90500E+02  7.01000E+02  7.11500E+02  7.22000E+02
#           7.32500E+02  7.43000E+02  7.53500E+02  7.64000E+02  7.74500E+02
#           7.85000E+02  7.95500E+02  8.06000E+02  8.16500E+02  8.27000E+02
#           8.37500E+02  8.48000E+02  8.58500E+02  8.69000E+02  8.79500E+02
#           8.90000E+02  9.00500E+02  9.11000E+02  9.21500E+02  9.32000E+02
#           9.42500E+02  9.53000E+02  9.63500E+02  9.74000E+02  9.84500E+02
#           9.95000E+02  1.00550E+03  1.01600E+03  1.02650E+03  1.03700E+03
#           1.04750E+03  1.05800E+03  1.06850E+03  1.07900E+03  1.08950E+03
#           1.10000E+03
     trcl =    1            # transform ID
   e-type =    2            # e-mesh is linear given by emin, emax and ne
     emin =   0.000000      # minimum value of e-mesh points
     emax =   100000.0      # maximum value of e-mesh points
#    edel =   100000.0      # mesh width of e-mesh points
       ne =    1            # number of e-mesh points
#    data = ( e(i), i = 1, ne + 1 )
#           0.00000E+00  1.00000E+05
     unit =    1            # unit is [1/cm^2/source]
 material =  all            # (D=all) number of specific material
  2D-type =    3            # 1:Cont, 2:Clust, 3:Color, 4:xyz, 5:mat, 6:Clust+Cont, 7:Col+Cont
     axis =   xz            # axis of output
     file = t-xz02.dat      # file name of output for the above axis
     part =  all      
# kf/name :  0        
    gshow =    1            # 0: no 1:bnd, 2:bnd+mat, 3:bnd+reg 4:bnd+lat
    resol =    1            # (D=1) resolution of gshow or rshow
    width = 0.5000000       # (D=0.5) width of lines for gshow or rshow
   epsout =    1            # (D=0) generate eps file by ANGEL
#    used :        main (  %)        temp (  %)       total (  %)
#  memory :       80408 (  0)      120403 (  1)      200811 (  1)

[ T - Gshow ]
    title = [t-gshow] in xyz mesh
     mesh =  xyz            # mesh type is xyz scoring mesh
   x-type =    2            # x-mesh is linear given by xmin, xmax and nx
     xmin =  -400.0000      # minimum value of x-mesh points
     xmax =   800.0000      # maximum value of x-mesh points
#    xdel =   6.000000      # mesh width of x-mesh points
       nx =  200            # number of x-mesh points
   y-type =    2            # y-mesh is linear given by ymin, ymax and ny
     ymin =  -200.0000      # minimum value of y-mesh points
     ymax =   200.0000      # maximum value of y-mesh points
#    ydel =   400.0000      # mesh width of y-mesh points
       ny =    1            # number of y-mesh points
   z-type =    2            # z-mesh is linear given by zmin, zmax and nz
     zmin =  -1000.000      # minimum value of z-mesh points
     zmax =   1100.000      # maximum value of z-mesh points
#    zdel =   10.50000      # mesh width of z-mesh points
       nz =  200            # number of z-mesh points
     trcl =    1            # transformation ID
     axis =   xz            # axis of output
     file = g-xz02.dat      # file name of output for the above axis
   output =    6            # (D=2) 1:bnd, 2:bnd+mat, 3:bnd+num 4:bnd+mat+num
    resol =    1            # (D=1) resolution of gshow or rshow
    width = 0.5000000       # (D=0.5) width of lines for gshow or rshow
   epsout =    1            # (D=0) generate eps file by ANGEL
#    used :        main (  %)        temp (  %)       total (  %)
#  memory :         404 (  0)       20201 (  0)       20605 (  0)

[END] of Input Echo <<<========================================================

<<< Report of real Geometry memory >>>
*           GG/CG memory =      629
*     total memory: mdas = 20000000
*                percent =     0.00 %

<<< Report of material memory for high energy>>>
*   high energy material =     4494
*     total memory: mdas = 20000000
*                percent =     0.02 %

<<< Report of real tally memory >>>
*      real tally memory =   322440
*     total memory: mdas = 20000000
*                percent =     1.61 %

<<< Report of bank memory >>>
*            bank memory =   347500
*     total memory: mdas = 20000000
*                percent =     1.74 %

<<< Report of other memory >>>
*           other memory =     2207
*     total memory: mdas = 20000000
*                percent =     0.01 %

<<< Report of total memory >>>
*      used total memory =   677270
*     total memory: mdas = 20000000
*                percent =     3.39 %
*                ---------------------

-------------------------------------------------------------------------------
bat[       1] ncas =            100. : rijk    =   6647299061401.
       low neutron =             15. : ncall/s =  1.008210000E+03
          cpu time =   0.391 s.

===============================================================================

 Summary for the end of job

-------------------------------------------------------------------------------
 number of analyz call vs ncol
-------------------------------------------------------------------------------
     ncol          number
        1              1.   : start of calculation            
        2              1.   : end of calculation              
        3              1.   : end of a batch                  
        4            100.   : source                          
        5              0.   : detection of geometry error     
        6              0.   : recovery of geometry error      
        7              0.   : termination by geometry error   
        8              0.   : termination by weight cut-off   
        9              0.   : termination by time cut-off     
       10            565.   : geometry boundary crossing      
       11             50.   : termination by energy cut-off   
       12             57.   : termination by escape or leakage
       13             13.   : reaction : (n,x) type           
       14             71.   : reaction : (n,n'x) type         
       15          71078.   : sequential transport for tally  

-------------------------------------------------------------------------------
 Region-wise total number of collisions for High energy and HI per source
-------------------------------------------------------------------------------
 Region    Hydrogen       Decay     Elastic   Non-Elast   Heavy Ion    Hi-Total
    310  0.0000E+00  0.0000E+00  3.9000E-01  4.5000E-01  0.0000E+00  8.4000E-01
  Total  0.0000E+00  0.0000E+00  3.9000E-01  4.5000E-01  0.0000E+00  8.4000E-01

-------------------------------------------------------------------------------
 Medium-wise total number of collisions for High energy and HI per source
-------------------------------------------------------------------------------
 Medium    Hydrogen       Decay     Elastic   Non-Elast   Heavy Ion    Hi-Total
      1  0.0000E+00  0.0000E+00  3.9000E-01  4.5000E-01  0.0000E+00  8.4000E-01
  Total  0.0000E+00  0.0000E+00  3.9000E-01  4.5000E-01  0.0000E+00  8.4000E-01

-------------------------------------------------------------------------------
 List of transport particles
-------------------------------------------------------------------------------
     Name      kf-code        mass       charge   baryon
     proton       2212        938.3         1       1
     neutron      2112        939.6         0       1

-------------------------------------------------------------------------------
 prod. particles       number        weight        weight per source
-------------------------------------------------------------------------------
     neutron              76.     7.6000000E+01     7.6000000E-01
     proton               30.     3.0000000E+01     3.0000000E-01

-------------------------------------------------------------------------------
 stop. particles.    number        weight        weight per source
-------------------------------------------------------------------------------
     nucleus              84.     8.4000000E+01     8.4000000E-01
     proton               50.     5.0000000E+01     5.0000000E-01
     neutron              15.     1.5000000E+01     1.5000000E-01

-------------------------------------------------------------------------------
 leak. particles       number        weight        weight per source
-------------------------------------------------------------------------------
     proton               57.     5.7000000E+01     5.7000000E-01

-------------------------------------------------------------------------------
 source: maxcas    maxbch      irskip   average weight          total source
-------------------------------------------------------------------------------
         100           1           0    1.0000000E+00    1.0000000000000E+02

-------------------------------------------------------------------------------
 CG error summary
-------------------------------------------------------------------------------
 Number of lost part in CG    =     0 / nlost =       10
 Number of CG region errors   =     0
 Number of unrecovered errors =     0

-------------------------------------------------------------------------------
 next initial random number =  28487959622441.0

-------------------------------------------------------------------------------
 job termination date : 2011/08/17
                 time :   11:17:01

-------------------------------------------------------------------------------
    CPU Summary
-------------------------------------------------------------------------------

                         sec          %             count
total cpu time =        17.58       100.00

      set data =         0.00         0.00
     transport =         0.00         0.00
      analysis =         0.00         0.00          71936.
         nevap =         0.00         0.00             84.
         nreac =         0.00         0.00             84.

         other =         0.00         0.00
         hydro =         0.00         0.00              0.
         dklos =         0.00         0.00              0.
         elast =         0.00         0.00             39.
         ncasc =         0.00         0.00            142.
        n-data =         0.00         0.00              0.
        p-data =         0.00         0.00              0.
        e-data =         0.00         0.00              0.
        h-data =         0.00         0.00              0.

         berti =         0.00         0.00            142.
         isoba =         0.00         0.00              0.
         JAM   =         0.00         0.00              0.
         QMD   =         0.00         0.00              0.
         INCL  =         0.00         0.00              0.

   === incident particle into bert =====

        proton =                     14.08             20.
       neutron =                     85.92            122.
     -----------------------------------------------------
          total                                       142.
           real                                        45.

 END 
