[ T-Deposit ]
    title = Bragg peak in pouch
     mesh =  r-z            # mesh type is r-z scoring mesh
       x0 =   0.000000      # center x-position of r-z mesh
       y0 =   0.000000      # center y-position of r-z mesh
   r-type =    2            # r-mesh is linear given by rmin, rmax and nr
     rmin =   0.000000      # minimum value of r-mesh points
     rmax =  0.5000000      # maximum value of r-mesh points
#    rdel =  0.5000000      # mesh width of r-mesh points
       nr =      1          # number of r-mesh points
#    data = ( r(i), i = 1, nr + 1 )
#           0.00000E+00  5.00000E-01
   z-type =    2            # z-mesh is linear given by zmin, zmax and nz
     zmin = -0.5000000      # minimum value of z-mesh points
     zmax =  0.5000000      # maximum value of z-mesh points
#    zdel =  2.0000000E-03  # mesh width of z-mesh points
       nz =    500          # number of z-mesh points
#    data = ( z(i), i = 1, nz + 1 )
#          -5.00000E-01 -4.98000E-01 -4.96000E-01 -4.94000E-01 -4.92000E-01
#          -4.90000E-01 -4.88000E-01 -4.86000E-01 -4.84000E-01 -4.82000E-01
#          -4.80000E-01 -4.78000E-01 -4.76000E-01 -4.74000E-01 -4.72000E-01
#          -4.70000E-01 -4.68000E-01 -4.66000E-01 -4.64000E-01 -4.62000E-01
#          -4.60000E-01 -4.58000E-01 -4.56000E-01 -4.54000E-01 -4.52000E-01
#          -4.50000E-01 -4.48000E-01 -4.46000E-01 -4.44000E-01 -4.42000E-01
#          -4.40000E-01 -4.38000E-01 -4.36000E-01 -4.34000E-01 -4.32000E-01
#          -4.30000E-01 -4.28000E-01 -4.26000E-01 -4.24000E-01 -4.22000E-01
#          -4.20000E-01 -4.18000E-01 -4.16000E-01 -4.14000E-01 -4.12000E-01
#          -4.10000E-01 -4.08000E-01 -4.06000E-01 -4.04000E-01 -4.02000E-01
#          -4.00000E-01 -3.98000E-01 -3.96000E-01 -3.94000E-01 -3.92000E-01
#          -3.90000E-01 -3.88000E-01 -3.86000E-01 -3.84000E-01 -3.82000E-01
#          -3.80000E-01 -3.78000E-01 -3.76000E-01 -3.74000E-01 -3.72000E-01
#          -3.70000E-01 -3.68000E-01 -3.66000E-01 -3.64000E-01 -3.62000E-01
#          -3.60000E-01 -3.58000E-01 -3.56000E-01 -3.54000E-01 -3.52000E-01
#          -3.50000E-01 -3.48000E-01 -3.46000E-01 -3.44000E-01 -3.42000E-01
#          -3.40000E-01 -3.38000E-01 -3.36000E-01 -3.34000E-01 -3.32000E-01
#          -3.30000E-01 -3.28000E-01 -3.26000E-01 -3.24000E-01 -3.22000E-01
#          -3.20000E-01 -3.18000E-01 -3.16000E-01 -3.14000E-01 -3.12000E-01
#          -3.10000E-01 -3.08000E-01 -3.06000E-01 -3.04000E-01 -3.02000E-01
#          -3.00000E-01 -2.98000E-01 -2.96000E-01 -2.94000E-01 -2.92000E-01
#          -2.90000E-01 -2.88000E-01 -2.86000E-01 -2.84000E-01 -2.82000E-01
#          -2.80000E-01 -2.78000E-01 -2.76000E-01 -2.74000E-01 -2.72000E-01
#          -2.70000E-01 -2.68000E-01 -2.66000E-01 -2.64000E-01 -2.62000E-01
#          -2.60000E-01 -2.58000E-01 -2.56000E-01 -2.54000E-01 -2.52000E-01
#          -2.50000E-01 -2.48000E-01 -2.46000E-01 -2.44000E-01 -2.42000E-01
#          -2.40000E-01 -2.38000E-01 -2.36000E-01 -2.34000E-01 -2.32000E-01
#          -2.30000E-01 -2.28000E-01 -2.26000E-01 -2.24000E-01 -2.22000E-01
#          -2.20000E-01 -2.18000E-01 -2.16000E-01 -2.14000E-01 -2.12000E-01
#          -2.10000E-01 -2.08000E-01 -2.06000E-01 -2.04000E-01 -2.02000E-01
#          -2.00000E-01 -1.98000E-01 -1.96000E-01 -1.94000E-01 -1.92000E-01
#          -1.90000E-01 -1.88000E-01 -1.86000E-01 -1.84000E-01 -1.82000E-01
#          -1.80000E-01 -1.78000E-01 -1.76000E-01 -1.74000E-01 -1.72000E-01
#          -1.70000E-01 -1.68000E-01 -1.66000E-01 -1.64000E-01 -1.62000E-01
#          -1.60000E-01 -1.58000E-01 -1.56000E-01 -1.54000E-01 -1.52000E-01
#          -1.50000E-01 -1.48000E-01 -1.46000E-01 -1.44000E-01 -1.42000E-01
#          -1.40000E-01 -1.38000E-01 -1.36000E-01 -1.34000E-01 -1.32000E-01
#          -1.30000E-01 -1.28000E-01 -1.26000E-01 -1.24000E-01 -1.22000E-01
#          -1.20000E-01 -1.18000E-01 -1.16000E-01 -1.14000E-01 -1.12000E-01
#          -1.10000E-01 -1.08000E-01 -1.06000E-01 -1.04000E-01 -1.02000E-01
#          -1.00000E-01 -9.80000E-02 -9.60000E-02 -9.40000E-02 -9.20000E-02
#          -9.00000E-02 -8.80000E-02 -8.60000E-02 -8.40000E-02 -8.20000E-02
#          -8.00000E-02 -7.80000E-02 -7.60000E-02 -7.40000E-02 -7.20000E-02
#          -7.00000E-02 -6.80000E-02 -6.60000E-02 -6.40000E-02 -6.20000E-02
#          -6.00000E-02 -5.80000E-02 -5.60000E-02 -5.40000E-02 -5.20000E-02
#          -5.00000E-02 -4.80000E-02 -4.60000E-02 -4.40000E-02 -4.20000E-02
#          -4.00000E-02 -3.80000E-02 -3.60000E-02 -3.40000E-02 -3.20000E-02
#          -3.00000E-02 -2.80000E-02 -2.60000E-02 -2.40000E-02 -2.20000E-02
#          -2.00000E-02 -1.80000E-02 -1.60000E-02 -1.40000E-02 -1.20000E-02
#          -1.00000E-02 -8.00000E-03 -6.00000E-03 -4.00000E-03 -2.00000E-03
#           0.00000E+00  2.00000E-03  4.00000E-03  6.00000E-03  8.00000E-03
#           1.00000E-02  1.20000E-02  1.40000E-02  1.60000E-02  1.80000E-02
#           2.00000E-02  2.20000E-02  2.40000E-02  2.60000E-02  2.80000E-02
#           3.00000E-02  3.20000E-02  3.40000E-02  3.60000E-02  3.80000E-02
#           4.00000E-02  4.20000E-02  4.40000E-02  4.60000E-02  4.80000E-02
#           5.00000E-02  5.20000E-02  5.40000E-02  5.60000E-02  5.80000E-02
#           6.00000E-02  6.20000E-02  6.40000E-02  6.60000E-02  6.80000E-02
#           7.00000E-02  7.20000E-02  7.40000E-02  7.60000E-02  7.80000E-02
#           8.00000E-02  8.20000E-02  8.40000E-02  8.60000E-02  8.80000E-02
#           9.00000E-02  9.20000E-02  9.40000E-02  9.60000E-02  9.80000E-02
#           1.00000E-01  1.02000E-01  1.04000E-01  1.06000E-01  1.08000E-01
#           1.10000E-01  1.12000E-01  1.14000E-01  1.16000E-01  1.18000E-01
#           1.20000E-01  1.22000E-01  1.24000E-01  1.26000E-01  1.28000E-01
#           1.30000E-01  1.32000E-01  1.34000E-01  1.36000E-01  1.38000E-01
#           1.40000E-01  1.42000E-01  1.44000E-01  1.46000E-01  1.48000E-01
#           1.50000E-01  1.52000E-01  1.54000E-01  1.56000E-01  1.58000E-01
#           1.60000E-01  1.62000E-01  1.64000E-01  1.66000E-01  1.68000E-01
#           1.70000E-01  1.72000E-01  1.74000E-01  1.76000E-01  1.78000E-01
#           1.80000E-01  1.82000E-01  1.84000E-01  1.86000E-01  1.88000E-01
#           1.90000E-01  1.92000E-01  1.94000E-01  1.96000E-01  1.98000E-01
#           2.00000E-01  2.02000E-01  2.04000E-01  2.06000E-01  2.08000E-01
#           2.10000E-01  2.12000E-01  2.14000E-01  2.16000E-01  2.18000E-01
#           2.20000E-01  2.22000E-01  2.24000E-01  2.26000E-01  2.28000E-01
#           2.30000E-01  2.32000E-01  2.34000E-01  2.36000E-01  2.38000E-01
#           2.40000E-01  2.42000E-01  2.44000E-01  2.46000E-01  2.48000E-01
#           2.50000E-01  2.52000E-01  2.54000E-01  2.56000E-01  2.58000E-01
#           2.60000E-01  2.62000E-01  2.64000E-01  2.66000E-01  2.68000E-01
#           2.70000E-01  2.72000E-01  2.74000E-01  2.76000E-01  2.78000E-01
#           2.80000E-01  2.82000E-01  2.84000E-01  2.86000E-01  2.88000E-01
#           2.90000E-01  2.92000E-01  2.94000E-01  2.96000E-01  2.98000E-01
#           3.00000E-01  3.02000E-01  3.04000E-01  3.06000E-01  3.08000E-01
#           3.10000E-01  3.12000E-01  3.14000E-01  3.16000E-01  3.18000E-01
#           3.20000E-01  3.22000E-01  3.24000E-01  3.26000E-01  3.28000E-01
#           3.30000E-01  3.32000E-01  3.34000E-01  3.36000E-01  3.38000E-01
#           3.40000E-01  3.42000E-01  3.44000E-01  3.46000E-01  3.48000E-01
#           3.50000E-01  3.52000E-01  3.54000E-01  3.56000E-01  3.58000E-01
#           3.60000E-01  3.62000E-01  3.64000E-01  3.66000E-01  3.68000E-01
#           3.70000E-01  3.72000E-01  3.74000E-01  3.76000E-01  3.78000E-01
#           3.80000E-01  3.82000E-01  3.84000E-01  3.86000E-01  3.88000E-01
#           3.90000E-01  3.92000E-01  3.94000E-01  3.96000E-01  3.98000E-01
#           4.00000E-01  4.02000E-01  4.04000E-01  4.06000E-01  4.08000E-01
#           4.10000E-01  4.12000E-01  4.14000E-01  4.16000E-01  4.18000E-01
#           4.20000E-01  4.22000E-01  4.24000E-01  4.26000E-01  4.28000E-01
#           4.30000E-01  4.32000E-01  4.34000E-01  4.36000E-01  4.38000E-01
#           4.40000E-01  4.42000E-01  4.44000E-01  4.46000E-01  4.48000E-01
#           4.50000E-01  4.52000E-01  4.54000E-01  4.56000E-01  4.58000E-01
#           4.60000E-01  4.62000E-01  4.64000E-01  4.66000E-01  4.68000E-01
#           4.70000E-01  4.72000E-01  4.74000E-01  4.76000E-01  4.78000E-01
#           4.80000E-01  4.82000E-01  4.84000E-01  4.86000E-01  4.88000E-01
#           4.90000E-01  4.92000E-01  4.94000E-01  4.96000E-01  4.98000E-01
#           5.00000E-01
     unit =    0            # unit is [Gy/source]
   letmat =    0            # (D=0) mat ID for LET, 0:real mat, <0: electron for H2O
  dedxfnc =    0            # (D=0) user defined multiplier, 0(no), 1, 2
 material =  all            # (D=all) number of specific material
   output =  dose           # total deposit energy
  deposit =    0            # (D=0) 0-> total deposit dist, 1-> each process
     axis =     z           # axis of output
     file = bragg_pouch_zcilind.out  # file name of output for the above axis
     part =  proton   
# kf/name :  2212     
   epsout =    1            # (D=0) generate eps file by ANGEL
   mother =  all            # (D=all) number of specific mother
#    used :        main (  %)        temp (  %)       total (  %)
#  memory :         506 (  0)           0 (  0)         506 (  0)

#------------------------------------------------------------------------------
#newpage:
#   no. =  1   ir  =  1
#   r = (   0.0000E+00  -   5.0000E-01  )

x: z [cm]
y: Dose [Gy/source]      
p: xlin ylog afac(0.8) form(0.9)
h: n            x            y(proton  ),hh0l n 
#  z-lower      z-upper        proton    r.err 
  -5.0000E-01  -4.9800E-01   0.0000E+00  0.0000
  -4.9800E-01  -4.9600E-01   0.0000E+00  0.0000
  -4.9600E-01  -4.9400E-01   0.0000E+00  0.0000
  -4.9400E-01  -4.9200E-01   0.0000E+00  0.0000
  -4.9200E-01  -4.9000E-01   0.0000E+00  0.0000
  -4.9000E-01  -4.8800E-01   0.0000E+00  0.0000
  -4.8800E-01  -4.8600E-01   0.0000E+00  0.0000
  -4.8600E-01  -4.8400E-01   0.0000E+00  0.0000
  -4.8400E-01  -4.8200E-01   0.0000E+00  0.0000
  -4.8200E-01  -4.8000E-01   0.0000E+00  0.0000
  -4.8000E-01  -4.7800E-01   0.0000E+00  0.0000
  -4.7800E-01  -4.7600E-01   0.0000E+00  0.0000
  -4.7600E-01  -4.7400E-01   0.0000E+00  0.0000
  -4.7400E-01  -4.7200E-01   0.0000E+00  0.0000
  -4.7200E-01  -4.7000E-01   0.0000E+00  0.0000
  -4.7000E-01  -4.6800E-01   0.0000E+00  0.0000
  -4.6800E-01  -4.6600E-01   0.0000E+00  0.0000
  -4.6600E-01  -4.6400E-01   0.0000E+00  0.0000
  -4.6400E-01  -4.6200E-01   0.0000E+00  0.0000
  -4.6200E-01  -4.6000E-01   0.0000E+00  0.0000
  -4.6000E-01  -4.5800E-01   0.0000E+00  0.0000
  -4.5800E-01  -4.5600E-01   0.0000E+00  0.0000
  -4.5600E-01  -4.5400E-01   0.0000E+00  0.0000
  -4.5400E-01  -4.5200E-01   0.0000E+00  0.0000
  -4.5200E-01  -4.5000E-01   0.0000E+00  0.0000
  -4.5000E-01  -4.4800E-01   0.0000E+00  0.0000
  -4.4800E-01  -4.4600E-01   0.0000E+00  0.0000
  -4.4600E-01  -4.4400E-01   0.0000E+00  0.0000
  -4.4400E-01  -4.4200E-01   0.0000E+00  0.0000
  -4.4200E-01  -4.4000E-01   0.0000E+00  0.0000
  -4.4000E-01  -4.3800E-01   0.0000E+00  0.0000
  -4.3800E-01  -4.3600E-01   0.0000E+00  0.0000
  -4.3600E-01  -4.3400E-01   0.0000E+00  0.0000
  -4.3400E-01  -4.3200E-01   0.0000E+00  0.0000
  -4.3200E-01  -4.3000E-01   0.0000E+00  0.0000
  -4.3000E-01  -4.2800E-01   0.0000E+00  0.0000
  -4.2800E-01  -4.2600E-01   0.0000E+00  0.0000
  -4.2600E-01  -4.2400E-01   0.0000E+00  0.0000
  -4.2400E-01  -4.2200E-01   0.0000E+00  0.0000
  -4.2200E-01  -4.2000E-01   0.0000E+00  0.0000
  -4.2000E-01  -4.1800E-01   0.0000E+00  0.0000
  -4.1800E-01  -4.1600E-01   0.0000E+00  0.0000
  -4.1600E-01  -4.1400E-01   0.0000E+00  0.0000
  -4.1400E-01  -4.1200E-01   0.0000E+00  0.0000
  -4.1200E-01  -4.1000E-01   0.0000E+00  0.0000
  -4.1000E-01  -4.0800E-01   0.0000E+00  0.0000
  -4.0800E-01  -4.0600E-01   0.0000E+00  0.0000
  -4.0600E-01  -4.0400E-01   0.0000E+00  0.0000
  -4.0400E-01  -4.0200E-01   0.0000E+00  0.0000
  -4.0200E-01  -4.0000E-01   0.0000E+00  0.0000
  -4.0000E-01  -3.9800E-01   0.0000E+00  0.0000
  -3.9800E-01  -3.9600E-01   0.0000E+00  0.0000
  -3.9600E-01  -3.9400E-01   0.0000E+00  0.0000
  -3.9400E-01  -3.9200E-01   0.0000E+00  0.0000
  -3.9200E-01  -3.9000E-01   0.0000E+00  0.0000
  -3.9000E-01  -3.8800E-01   0.0000E+00  0.0000
  -3.8800E-01  -3.8600E-01   0.0000E+00  0.0000
  -3.8600E-01  -3.8400E-01   0.0000E+00  0.0000
  -3.8400E-01  -3.8200E-01   0.0000E+00  0.0000
  -3.8200E-01  -3.8000E-01   0.0000E+00  0.0000
  -3.8000E-01  -3.7800E-01   0.0000E+00  0.0000
  -3.7800E-01  -3.7600E-01   0.0000E+00  0.0000
  -3.7600E-01  -3.7400E-01   0.0000E+00  0.0000
  -3.7400E-01  -3.7200E-01   0.0000E+00  0.0000
  -3.7200E-01  -3.7000E-01   0.0000E+00  0.0000
  -3.7000E-01  -3.6800E-01   0.0000E+00  0.0000
  -3.6800E-01  -3.6600E-01   0.0000E+00  0.0000
  -3.6600E-01  -3.6400E-01   0.0000E+00  0.0000
  -3.6400E-01  -3.6200E-01   0.0000E+00  0.0000
  -3.6200E-01  -3.6000E-01   0.0000E+00  0.0000
  -3.6000E-01  -3.5800E-01   0.0000E+00  0.0000
  -3.5800E-01  -3.5600E-01   0.0000E+00  0.0000
  -3.5600E-01  -3.5400E-01   0.0000E+00  0.0000
  -3.5400E-01  -3.5200E-01   0.0000E+00  0.0000
  -3.5200E-01  -3.5000E-01   0.0000E+00  0.0000
  -3.5000E-01  -3.4800E-01   0.0000E+00  0.0000
  -3.4800E-01  -3.4600E-01   0.0000E+00  0.0000
  -3.4600E-01  -3.4400E-01   0.0000E+00  0.0000
  -3.4400E-01  -3.4200E-01   0.0000E+00  0.0000
  -3.4200E-01  -3.4000E-01   0.0000E+00  0.0000
  -3.4000E-01  -3.3800E-01   0.0000E+00  0.0000
  -3.3800E-01  -3.3600E-01   0.0000E+00  0.0000
  -3.3600E-01  -3.3400E-01   0.0000E+00  0.0000
  -3.3400E-01  -3.3200E-01   0.0000E+00  0.0000
  -3.3200E-01  -3.3000E-01   0.0000E+00  0.0000
  -3.3000E-01  -3.2800E-01   0.0000E+00  0.0000
  -3.2800E-01  -3.2600E-01   0.0000E+00  0.0000
  -3.2600E-01  -3.2400E-01   0.0000E+00  0.0000
  -3.2400E-01  -3.2200E-01   0.0000E+00  0.0000
  -3.2200E-01  -3.2000E-01   0.0000E+00  0.0000
  -3.2000E-01  -3.1800E-01   0.0000E+00  0.0000
  -3.1800E-01  -3.1600E-01   0.0000E+00  0.0000
  -3.1600E-01  -3.1400E-01   0.0000E+00  0.0000
  -3.1400E-01  -3.1200E-01   0.0000E+00  0.0000
  -3.1200E-01  -3.1000E-01   0.0000E+00  0.0000
  -3.1000E-01  -3.0800E-01   0.0000E+00  0.0000
  -3.0800E-01  -3.0600E-01   0.0000E+00  0.0000
  -3.0600E-01  -3.0400E-01   0.0000E+00  0.0000
  -3.0400E-01  -3.0200E-01   0.0000E+00  0.0000
  -3.0200E-01  -3.0000E-01   0.0000E+00  0.0000
  -3.0000E-01  -2.9800E-01   0.0000E+00  0.0000
  -2.9800E-01  -2.9600E-01   0.0000E+00  0.0000
  -2.9600E-01  -2.9400E-01   0.0000E+00  0.0000
  -2.9400E-01  -2.9200E-01   0.0000E+00  0.0000
  -2.9200E-01  -2.9000E-01   0.0000E+00  0.0000
  -2.9000E-01  -2.8800E-01   0.0000E+00  0.0000
  -2.8800E-01  -2.8600E-01   0.0000E+00  0.0000
  -2.8600E-01  -2.8400E-01   0.0000E+00  0.0000
  -2.8400E-01  -2.8200E-01   0.0000E+00  0.0000
  -2.8200E-01  -2.8000E-01   0.0000E+00  0.0000
  -2.8000E-01  -2.7800E-01   0.0000E+00  0.0000
  -2.7800E-01  -2.7600E-01   0.0000E+00  0.0000
  -2.7600E-01  -2.7400E-01   0.0000E+00  0.0000
  -2.7400E-01  -2.7200E-01   0.0000E+00  0.0000
  -2.7200E-01  -2.7000E-01   0.0000E+00  0.0000
  -2.7000E-01  -2.6800E-01   0.0000E+00  0.0000
  -2.6800E-01  -2.6600E-01   0.0000E+00  0.0000
  -2.6600E-01  -2.6400E-01   0.0000E+00  0.0000
  -2.6400E-01  -2.6200E-01   0.0000E+00  0.0000
  -2.6200E-01  -2.6000E-01   0.0000E+00  0.0000
  -2.6000E-01  -2.5800E-01   0.0000E+00  0.0000
  -2.5800E-01  -2.5600E-01   0.0000E+00  0.0000
  -2.5600E-01  -2.5400E-01   0.0000E+00  0.0000
  -2.5400E-01  -2.5200E-01   0.0000E+00  0.0000
  -2.5200E-01  -2.5000E-01   0.0000E+00  0.0000
  -2.5000E-01  -2.4800E-01   0.0000E+00  0.0000
  -2.4800E-01  -2.4600E-01   0.0000E+00  0.0000
  -2.4600E-01  -2.4400E-01   0.0000E+00  0.0000
  -2.4400E-01  -2.4200E-01   0.0000E+00  0.0000
  -2.4200E-01  -2.4000E-01   0.0000E+00  0.0000
  -2.4000E-01  -2.3800E-01   0.0000E+00  0.0000
  -2.3800E-01  -2.3600E-01   0.0000E+00  0.0000
  -2.3600E-01  -2.3400E-01   0.0000E+00  0.0000
  -2.3400E-01  -2.3200E-01   0.0000E+00  0.0000
  -2.3200E-01  -2.3000E-01   0.0000E+00  0.0000
  -2.3000E-01  -2.2800E-01   0.0000E+00  0.0000
  -2.2800E-01  -2.2600E-01   0.0000E+00  0.0000
  -2.2600E-01  -2.2400E-01   0.0000E+00  0.0000
  -2.2400E-01  -2.2200E-01   0.0000E+00  0.0000
  -2.2200E-01  -2.2000E-01   0.0000E+00  0.0000
  -2.2000E-01  -2.1800E-01   0.0000E+00  0.0000
  -2.1800E-01  -2.1600E-01   0.0000E+00  0.0000
  -2.1600E-01  -2.1400E-01   0.0000E+00  0.0000
  -2.1400E-01  -2.1200E-01   0.0000E+00  0.0000
  -2.1200E-01  -2.1000E-01   0.0000E+00  0.0000
  -2.1000E-01  -2.0800E-01   0.0000E+00  0.0000
  -2.0800E-01  -2.0600E-01   0.0000E+00  0.0000
  -2.0600E-01  -2.0400E-01   0.0000E+00  0.0000
  -2.0400E-01  -2.0200E-01   0.0000E+00  0.0000
  -2.0200E-01  -2.0000E-01   0.0000E+00  0.0000
  -2.0000E-01  -1.9800E-01   0.0000E+00  0.0000
  -1.9800E-01  -1.9600E-01   0.0000E+00  0.0000
  -1.9600E-01  -1.9400E-01   0.0000E+00  0.0000
  -1.9400E-01  -1.9200E-01   0.0000E+00  0.0000
  -1.9200E-01  -1.9000E-01   0.0000E+00  0.0000
  -1.9000E-01  -1.8800E-01   0.0000E+00  0.0000
  -1.8800E-01  -1.8600E-01   0.0000E+00  0.0000
  -1.8600E-01  -1.8400E-01   0.0000E+00  0.0000
  -1.8400E-01  -1.8200E-01   0.0000E+00  0.0000
  -1.8200E-01  -1.8000E-01   0.0000E+00  0.0000
  -1.8000E-01  -1.7800E-01   0.0000E+00  0.0000
  -1.7800E-01  -1.7600E-01   0.0000E+00  0.0000
  -1.7600E-01  -1.7400E-01   0.0000E+00  0.0000
  -1.7400E-01  -1.7200E-01   0.0000E+00  0.0000
  -1.7200E-01  -1.7000E-01   0.0000E+00  0.0000
  -1.7000E-01  -1.6800E-01   0.0000E+00  0.0000
  -1.6800E-01  -1.6600E-01   0.0000E+00  0.0000
  -1.6600E-01  -1.6400E-01   0.0000E+00  0.0000
  -1.6400E-01  -1.6200E-01   0.0000E+00  0.0000
  -1.6200E-01  -1.6000E-01   0.0000E+00  0.0000
  -1.6000E-01  -1.5800E-01   0.0000E+00  0.0000
  -1.5800E-01  -1.5600E-01   0.0000E+00  0.0000
  -1.5600E-01  -1.5400E-01   0.0000E+00  0.0000
  -1.5400E-01  -1.5200E-01   0.0000E+00  0.0000
  -1.5200E-01  -1.5000E-01   0.0000E+00  0.0000
  -1.5000E-01  -1.4800E-01   0.0000E+00  0.0000
  -1.4800E-01  -1.4600E-01   0.0000E+00  0.0000
  -1.4600E-01  -1.4400E-01   0.0000E+00  0.0000
  -1.4400E-01  -1.4200E-01   0.0000E+00  0.0000
  -1.4200E-01  -1.4000E-01   0.0000E+00  0.0000
  -1.4000E-01  -1.3800E-01   0.0000E+00  0.0000
  -1.3800E-01  -1.3600E-01   0.0000E+00  0.0000
  -1.3600E-01  -1.3400E-01   0.0000E+00  0.0000
  -1.3400E-01  -1.3200E-01   0.0000E+00  0.0000
  -1.3200E-01  -1.3000E-01   0.0000E+00  0.0000
  -1.3000E-01  -1.2800E-01   0.0000E+00  0.0000
  -1.2800E-01  -1.2600E-01   0.0000E+00  0.0000
  -1.2600E-01  -1.2400E-01   0.0000E+00  0.0000
  -1.2400E-01  -1.2200E-01   0.0000E+00  0.0000
  -1.2200E-01  -1.2000E-01   0.0000E+00  0.0000
  -1.2000E-01  -1.1800E-01   0.0000E+00  0.0000
  -1.1800E-01  -1.1600E-01   0.0000E+00  0.0000
  -1.1600E-01  -1.1400E-01   0.0000E+00  0.0000
  -1.1400E-01  -1.1200E-01   0.0000E+00  0.0000
  -1.1200E-01  -1.1000E-01   0.0000E+00  0.0000
  -1.1000E-01  -1.0800E-01   0.0000E+00  0.0000
  -1.0800E-01  -1.0600E-01   0.0000E+00  0.0000
  -1.0600E-01  -1.0400E-01   0.0000E+00  0.0000
  -1.0400E-01  -1.0200E-01   0.0000E+00  0.0000
  -1.0200E-01  -1.0000E-01   0.0000E+00  0.0000
  -1.0000E-01  -9.8000E-02   0.0000E+00  0.0000
  -9.8000E-02  -9.6000E-02   0.0000E+00  0.0000
  -9.6000E-02  -9.4000E-02   0.0000E+00  0.0000
  -9.4000E-02  -9.2000E-02   0.0000E+00  0.0000
  -9.2000E-02  -9.0000E-02   0.0000E+00  0.0000
  -9.0000E-02  -8.8000E-02   0.0000E+00  0.0000
  -8.8000E-02  -8.6000E-02   0.0000E+00  0.0000
  -8.6000E-02  -8.4000E-02   0.0000E+00  0.0000
  -8.4000E-02  -8.2000E-02   0.0000E+00  0.0000
  -8.2000E-02  -8.0000E-02   0.0000E+00  0.0000
  -8.0000E-02  -7.8000E-02   0.0000E+00  0.0000
  -7.8000E-02  -7.6000E-02   0.0000E+00  0.0000
  -7.6000E-02  -7.4000E-02   0.0000E+00  0.0000
  -7.4000E-02  -7.2000E-02   0.0000E+00  0.0000
  -7.2000E-02  -7.0000E-02   0.0000E+00  0.0000
  -7.0000E-02  -6.8000E-02   0.0000E+00  0.0000
  -6.8000E-02  -6.6000E-02   0.0000E+00  0.0000
  -6.6000E-02  -6.4000E-02   0.0000E+00  0.0000
  -6.4000E-02  -6.2000E-02   0.0000E+00  0.0000
  -6.2000E-02  -6.0000E-02   0.0000E+00  0.0000
  -6.0000E-02  -5.8000E-02   0.0000E+00  0.0000
  -5.8000E-02  -5.6000E-02   0.0000E+00  0.0000
  -5.6000E-02  -5.4000E-02   0.0000E+00  0.0000
  -5.4000E-02  -5.2000E-02   0.0000E+00  0.0000
  -5.2000E-02  -5.0000E-02   0.0000E+00  0.0000
  -5.0000E-02  -4.8000E-02   0.0000E+00  0.0000
  -4.8000E-02  -4.6000E-02   0.0000E+00  0.0000
  -4.6000E-02  -4.4000E-02   0.0000E+00  0.0000
  -4.4000E-02  -4.2000E-02   0.0000E+00  0.0000
  -4.2000E-02  -4.0000E-02   0.0000E+00  0.0000
  -4.0000E-02  -3.8000E-02   0.0000E+00  0.0000
  -3.8000E-02  -3.6000E-02   0.0000E+00  0.0000
  -3.6000E-02  -3.4000E-02   0.0000E+00  0.0000
  -3.4000E-02  -3.2000E-02   0.0000E+00  0.0000
  -3.2000E-02  -3.0000E-02   0.0000E+00  0.0000
  -3.0000E-02  -2.8000E-02   0.0000E+00  0.0000
  -2.8000E-02  -2.6000E-02   0.0000E+00  0.0000
  -2.6000E-02  -2.4000E-02   0.0000E+00  0.0000
  -2.4000E-02  -2.2000E-02   0.0000E+00  0.0000
  -2.2000E-02  -2.0000E-02   0.0000E+00  0.0000
  -2.0000E-02  -1.8000E-02   0.0000E+00  0.0000
  -1.8000E-02  -1.6000E-02   0.0000E+00  0.0000
  -1.6000E-02  -1.4000E-02   0.0000E+00  0.0000
  -1.4000E-02  -1.2000E-02   0.0000E+00  0.0000
  -1.2000E-02  -1.0000E-02   0.0000E+00  0.0000
  -1.0000E-02  -8.0000E-03   0.0000E+00  0.0000
  -8.0000E-03  -6.0000E-03   0.0000E+00  0.0000
  -6.0000E-03  -4.0000E-03   0.0000E+00  0.0000
  -4.0000E-03  -2.0000E-03   0.0000E+00  0.0000
  -2.0000E-03   0.0000E+00   0.0000E+00  0.0000
   0.0000E+00   2.0000E-03   0.0000E+00  0.0000
   2.0000E-03   4.0000E-03   0.0000E+00  0.0000
   4.0000E-03   6.0000E-03   0.0000E+00  0.0000
   6.0000E-03   8.0000E-03   0.0000E+00  0.0000
   8.0000E-03   1.0000E-02   0.0000E+00  0.0000
   1.0000E-02   1.2000E-02   0.0000E+00  0.0000
   1.2000E-02   1.4000E-02   0.0000E+00  0.0000
   1.4000E-02   1.6000E-02   0.0000E+00  0.0000
   1.6000E-02   1.8000E-02   0.0000E+00  0.0000
   1.8000E-02   2.0000E-02   0.0000E+00  0.0000
   2.0000E-02   2.2000E-02   0.0000E+00  0.0000
   2.2000E-02   2.4000E-02   0.0000E+00  0.0000
   2.4000E-02   2.6000E-02   0.0000E+00  0.0000
   2.6000E-02   2.8000E-02   0.0000E+00  0.0000
   2.8000E-02   3.0000E-02   0.0000E+00  0.0000
   3.0000E-02   3.2000E-02   0.0000E+00  0.0000
   3.2000E-02   3.4000E-02   0.0000E+00  0.0000
   3.4000E-02   3.6000E-02   0.0000E+00  0.0000
   3.6000E-02   3.8000E-02   0.0000E+00  0.0000
   3.8000E-02   4.0000E-02   0.0000E+00  0.0000
   4.0000E-02   4.2000E-02   0.0000E+00  0.0000
   4.2000E-02   4.4000E-02   0.0000E+00  0.0000
   4.4000E-02   4.6000E-02   0.0000E+00  0.0000
   4.6000E-02   4.8000E-02   0.0000E+00  0.0000
   4.8000E-02   5.0000E-02   0.0000E+00  0.0000
   5.0000E-02   5.2000E-02   0.0000E+00  0.0000
   5.2000E-02   5.4000E-02   0.0000E+00  0.0000
   5.4000E-02   5.6000E-02   0.0000E+00  0.0000
   5.6000E-02   5.8000E-02   0.0000E+00  0.0000
   5.8000E-02   6.0000E-02   0.0000E+00  0.0000
   6.0000E-02   6.2000E-02   0.0000E+00  0.0000
   6.2000E-02   6.4000E-02   0.0000E+00  0.0000
   6.4000E-02   6.6000E-02   0.0000E+00  0.0000
   6.6000E-02   6.8000E-02   0.0000E+00  0.0000
   6.8000E-02   7.0000E-02   0.0000E+00  0.0000
   7.0000E-02   7.2000E-02   0.0000E+00  0.0000
   7.2000E-02   7.4000E-02   0.0000E+00  0.0000
   7.4000E-02   7.6000E-02   0.0000E+00  0.0000
   7.6000E-02   7.8000E-02   0.0000E+00  0.0000
   7.8000E-02   8.0000E-02   0.0000E+00  0.0000
   8.0000E-02   8.2000E-02   0.0000E+00  0.0000
   8.2000E-02   8.4000E-02   3.7144E-13  1.0000
   8.4000E-02   8.6000E-02   2.5000E-12  0.5179
   8.6000E-02   8.8000E-02   1.0013E-11  0.2677
   8.8000E-02   9.0000E-02   3.2418E-11  0.1505
   9.0000E-02   9.2000E-02   7.2451E-11  0.1003
   9.2000E-02   9.4000E-02   1.6047E-10  0.0656
   9.4000E-02   9.6000E-02   3.7785E-10  0.0437
   9.6000E-02   9.8000E-02   8.3622E-10  0.0291
   9.8000E-02   1.0000E-01   1.6111E-09  0.0208
   1.0000E-01   1.0200E-01   2.8725E-09  0.0153
   1.0200E-01   1.0400E-01   4.7744E-09  0.0116
   1.0400E-01   1.0600E-01   7.2629E-09  0.0090
   1.0600E-01   1.0800E-01   1.0340E-08  0.0072
   1.0800E-01   1.1000E-01   1.3322E-08  0.0059
   1.1000E-01   1.1200E-01   1.6089E-08  0.0050
   1.1200E-01   1.1400E-01   1.8163E-08  0.0044
   1.1400E-01   1.1600E-01   1.9426E-08  0.0039
   1.1600E-01   1.1800E-01   1.9557E-08  0.0036
   1.1800E-01   1.2000E-01   1.9072E-08  0.0034
   1.2000E-01   1.2200E-01   1.8099E-08  0.0032
   1.2200E-01   1.2400E-01   1.6894E-08  0.0031
   1.2400E-01   1.2600E-01   1.5757E-08  0.0030
   1.2600E-01   1.2800E-01   1.4758E-08  0.0029
   1.2800E-01   1.3000E-01   1.3937E-08  0.0029
   1.3000E-01   1.3200E-01   1.3231E-08  0.0028
   1.3200E-01   1.3400E-01   1.2641E-08  0.0028
   1.3400E-01   1.3600E-01   1.2136E-08  0.0028
   1.3600E-01   1.3800E-01   1.1693E-08  0.0028
   1.3800E-01   1.4000E-01   1.1306E-08  0.0028
   1.4000E-01   1.4200E-01   1.0959E-08  0.0028
   1.4200E-01   1.4400E-01   1.0639E-08  0.0028
   1.4400E-01   1.4600E-01   1.0361E-08  0.0028
   1.4600E-01   1.4800E-01   1.0090E-08  0.0028
   1.4800E-01   1.5000E-01   9.8541E-09  0.0028
   1.5000E-01   1.5200E-01   9.6239E-09  0.0027
   1.5200E-01   1.5400E-01   9.4211E-09  0.0027
   1.5400E-01   1.5600E-01   9.2321E-09  0.0028
   1.5600E-01   1.5800E-01   9.0518E-09  0.0027
   1.5800E-01   1.6000E-01   8.8822E-09  0.0027
   1.6000E-01   1.6200E-01   8.7328E-09  0.0028
   1.6200E-01   1.6400E-01   8.5745E-09  0.0028
   1.6400E-01   1.6600E-01   8.4302E-09  0.0028
   1.6600E-01   1.6800E-01   8.2980E-09  0.0027
   1.6800E-01   1.7000E-01   8.1669E-09  0.0027
   1.7000E-01   1.7200E-01   8.0439E-09  0.0028
   1.7200E-01   1.7400E-01   7.9282E-09  0.0028
   1.7400E-01   1.7600E-01   7.8228E-09  0.0028
   1.7600E-01   1.7800E-01   7.7127E-09  0.0028
   1.7800E-01   1.8000E-01   7.6086E-09  0.0028
   1.8000E-01   1.8200E-01   7.5121E-09  0.0028
   1.8200E-01   1.8400E-01   7.4129E-09  0.0028
   1.8400E-01   1.8600E-01   7.3245E-09  0.0028
   1.8600E-01   1.8800E-01   7.2387E-09  0.0028
   1.8800E-01   1.9000E-01   7.1572E-09  0.0027
   1.9000E-01   1.9200E-01   7.0700E-09  0.0027
   1.9200E-01   1.9400E-01   6.9993E-09  0.0028
   1.9400E-01   1.9600E-01   6.9202E-09  0.0028
   1.9600E-01   1.9800E-01   6.8532E-09  0.0028
   1.9800E-01   2.0000E-01   6.7784E-09  0.0028
   2.0000E-01   2.0200E-01   6.8243E-09  0.0171
   2.0200E-01   2.0400E-01   6.9021E-09  0.0178
   2.0400E-01   2.0600E-01   6.6667E-09  0.0174
   2.0600E-01   2.0800E-01   6.5980E-09  0.0164
   2.0800E-01   2.1000E-01   6.5454E-09  0.0160
   2.1000E-01   2.1200E-01   6.7400E-09  0.0169
   2.1200E-01   2.1400E-01   6.5582E-09  0.0163
   2.1400E-01   2.1600E-01   6.7528E-09  0.0173
   2.1600E-01   2.1800E-01   6.6900E-09  0.0165
   2.1800E-01   2.2000E-01   6.6787E-09  0.0170
   2.2000E-01   2.2200E-01   6.7952E-09  0.0169
   2.2200E-01   2.2400E-01   6.7751E-09  0.0168
   2.2400E-01   2.2600E-01   6.6974E-09  0.0165
   2.2600E-01   2.2800E-01   6.7775E-09  0.0175
   2.2800E-01   2.3000E-01   6.4395E-09  0.0159
   2.3000E-01   2.3200E-01   6.8179E-09  0.0180
   2.3200E-01   2.3400E-01   6.7186E-09  0.0164
   2.3400E-01   2.3600E-01   6.6681E-09  0.0166
   2.3600E-01   2.3800E-01   6.8381E-09  0.0175
   2.3800E-01   2.4000E-01   6.6751E-09  0.0177
   2.4000E-01   2.4200E-01   6.7234E-09  0.0182
   2.4200E-01   2.4400E-01   6.6169E-09  0.0163
   2.4400E-01   2.4600E-01   6.7107E-09  0.0179
   2.4600E-01   2.4800E-01   6.8223E-09  0.0168
   2.4800E-01   2.5000E-01   6.6710E-09  0.0175
   2.5000E-01   2.5200E-01   6.6562E-09  0.0170
   2.5200E-01   2.5400E-01   6.7824E-09  0.0172
   2.5400E-01   2.5600E-01   6.6433E-09  0.0168
   2.5600E-01   2.5800E-01   6.7385E-09  0.0170
   2.5800E-01   2.6000E-01   6.9149E-09  0.0178
   2.6000E-01   2.6200E-01   6.7451E-09  0.0172
   2.6200E-01   2.6400E-01   6.7275E-09  0.0172
   2.6400E-01   2.6600E-01   6.7082E-09  0.0171
   2.6600E-01   2.6800E-01   6.5338E-09  0.0161
   2.6800E-01   2.7000E-01   6.5865E-09  0.0169
   2.7000E-01   2.7200E-01   6.8216E-09  0.0175
   2.7200E-01   2.7400E-01   6.6787E-09  0.0170
   2.7400E-01   2.7600E-01   6.8245E-09  0.0176
   2.7600E-01   2.7800E-01   6.4279E-09  0.0154
   2.7800E-01   2.8000E-01   6.6959E-09  0.0172
   2.8000E-01   2.8200E-01   6.7139E-09  0.0181
   2.8200E-01   2.8400E-01   6.8322E-09  0.0171
   2.8400E-01   2.8600E-01   6.6563E-09  0.0165
   2.8600E-01   2.8800E-01   6.6677E-09  0.0168
   2.8800E-01   2.9000E-01   6.8267E-09  0.0182
   2.9000E-01   2.9200E-01   6.8145E-09  0.0182
   2.9200E-01   2.9400E-01   6.6572E-09  0.0172
   2.9400E-01   2.9600E-01   6.5893E-09  0.0161
   2.9600E-01   2.9800E-01   6.8590E-09  0.0174
   2.9800E-01   3.0000E-01   6.9485E-09  0.0179
   3.0000E-01   3.0200E-01   6.7771E-09  0.0173
   3.0200E-01   3.0400E-01   6.7238E-09  0.0175
   3.0400E-01   3.0600E-01   6.8062E-09  0.0176
   3.0600E-01   3.0800E-01   7.0851E-09  0.0179
   3.0800E-01   3.1000E-01   6.9845E-09  0.0186
   3.1000E-01   3.1200E-01   6.8315E-09  0.0172
   3.1200E-01   3.1400E-01   6.6433E-09  0.0171
   3.1400E-01   3.1600E-01   6.8765E-09  0.0169
   3.1600E-01   3.1800E-01   6.7418E-09  0.0173
   3.1800E-01   3.2000E-01   6.8492E-09  0.0173
   3.2000E-01   3.2200E-01   6.7948E-09  0.0174
   3.2200E-01   3.2400E-01   6.8599E-09  0.0176
   3.2400E-01   3.2600E-01   6.6359E-09  0.0165
   3.2600E-01   3.2800E-01   6.7324E-09  0.0172
   3.2800E-01   3.3000E-01   6.8340E-09  0.0180
   3.3000E-01   3.3200E-01   6.7229E-09  0.0168
   3.3200E-01   3.3400E-01   6.9258E-09  0.0174
   3.3400E-01   3.3600E-01   6.5520E-09  0.0155
   3.3600E-01   3.3800E-01   6.8212E-09  0.0174
   3.3800E-01   3.4000E-01   6.9052E-09  0.0177
   3.4000E-01   3.4200E-01   6.7990E-09  0.0176
   3.4200E-01   3.4400E-01   6.5992E-09  0.0165
   3.4400E-01   3.4600E-01   6.7289E-09  0.0168
   3.4600E-01   3.4800E-01   6.7244E-09  0.0165
   3.4800E-01   3.5000E-01   6.6706E-09  0.0161
   3.5000E-01   3.5200E-01   6.7017E-09  0.0166
   3.5200E-01   3.5400E-01   6.7876E-09  0.0168
   3.5400E-01   3.5600E-01   6.6772E-09  0.0166
   3.5600E-01   3.5800E-01   6.7226E-09  0.0170
   3.5800E-01   3.6000E-01   6.7764E-09  0.0171
   3.6000E-01   3.6200E-01   6.8934E-09  0.0177
   3.6200E-01   3.6400E-01   6.7477E-09  0.0168
   3.6400E-01   3.6600E-01   6.7010E-09  0.0172
   3.6600E-01   3.6800E-01   6.8246E-09  0.0170
   3.6800E-01   3.7000E-01   6.6187E-09  0.0165
   3.7000E-01   3.7200E-01   6.6021E-09  0.0162
   3.7200E-01   3.7400E-01   6.6754E-09  0.0163
   3.7400E-01   3.7600E-01   6.7434E-09  0.0166
   3.7600E-01   3.7800E-01   6.9330E-09  0.0175
   3.7800E-01   3.8000E-01   6.6177E-09  0.0167
   3.8000E-01   3.8200E-01   6.9516E-09  0.0177
   3.8200E-01   3.8400E-01   6.8606E-09  0.0170
   3.8400E-01   3.8600E-01   6.8332E-09  0.0172
   3.8600E-01   3.8800E-01   6.8063E-09  0.0173
   3.8800E-01   3.9000E-01   6.7551E-09  0.0170
   3.9000E-01   3.9200E-01   6.8003E-09  0.0175
   3.9200E-01   3.9400E-01   6.6586E-09  0.0165
   3.9400E-01   3.9600E-01   6.5247E-09  0.0160
   3.9600E-01   3.9800E-01   6.7729E-09  0.0164
   3.9800E-01   4.0000E-01   6.6801E-09  0.0164
   4.0000E-01   4.0200E-01   6.7523E-09  0.0169
   4.0200E-01   4.0400E-01   6.8771E-09  0.0175
   4.0400E-01   4.0600E-01   6.8677E-09  0.0176
   4.0600E-01   4.0800E-01   6.6841E-09  0.0167
   4.0800E-01   4.1000E-01   6.8463E-09  0.0171
   4.1000E-01   4.1200E-01   6.9528E-09  0.0182
   4.1200E-01   4.1400E-01   6.9596E-09  0.0177
   4.1400E-01   4.1600E-01   6.5087E-09  0.0155
   4.1600E-01   4.1800E-01   6.7335E-09  0.0170
   4.1800E-01   4.2000E-01   6.8161E-09  0.0168
   4.2000E-01   4.2200E-01   6.7225E-09  0.0161
   4.2200E-01   4.2400E-01   6.5302E-09  0.0159
   4.2400E-01   4.2600E-01   6.6561E-09  0.0168
   4.2600E-01   4.2800E-01   6.9377E-09  0.0174
   4.2800E-01   4.3000E-01   6.9158E-09  0.0177
   4.3000E-01   4.3200E-01   6.8264E-09  0.0168
   4.3200E-01   4.3400E-01   6.8703E-09  0.0170
   4.3400E-01   4.3600E-01   6.9364E-09  0.0180
   4.3600E-01   4.3800E-01   6.7169E-09  0.0167
   4.3800E-01   4.4000E-01   6.7640E-09  0.0168
   4.4000E-01   4.4200E-01   6.8459E-09  0.0172
   4.4200E-01   4.4400E-01   6.8850E-09  0.0178
   4.4400E-01   4.4600E-01   6.6716E-09  0.0162
   4.4600E-01   4.4800E-01   6.9292E-09  0.0179
   4.4800E-01   4.5000E-01   6.8574E-09  0.0163
   4.5000E-01   4.5200E-01   6.9968E-09  0.0180
   4.5200E-01   4.5400E-01   6.7862E-09  0.0174
   4.5400E-01   4.5600E-01   6.7594E-09  0.0169
   4.5600E-01   4.5800E-01   6.9867E-09  0.0177
   4.5800E-01   4.6000E-01   6.8149E-09  0.0170
   4.6000E-01   4.6200E-01   6.8157E-09  0.0164
   4.6200E-01   4.6400E-01   6.6806E-09  0.0167
   4.6400E-01   4.6600E-01   6.8537E-09  0.0166
   4.6600E-01   4.6800E-01   6.7413E-09  0.0167
   4.6800E-01   4.7000E-01   6.9569E-09  0.0176
   4.7000E-01   4.7200E-01   6.9375E-09  0.0170
   4.7200E-01   4.7400E-01   6.8026E-09  0.0172
   4.7400E-01   4.7600E-01   6.8324E-09  0.0168
   4.7600E-01   4.7800E-01   6.9668E-09  0.0173
   4.7800E-01   4.8000E-01   6.8625E-09  0.0164
   4.8000E-01   4.8200E-01   6.9677E-09  0.0175
   4.8200E-01   4.8400E-01   6.7164E-09  0.0169
   4.8400E-01   4.8600E-01   6.6907E-09  0.0168
   4.8600E-01   4.8800E-01   6.7201E-09  0.0164
   4.8800E-01   4.9000E-01   6.7105E-09  0.0166
   4.9000E-01   4.9200E-01   6.8966E-09  0.0171
   4.9200E-01   4.9400E-01   6.8955E-09  0.0171
   4.9400E-01   4.9600E-01   6.6905E-09  0.0159
   4.9600E-01   4.9800E-01   6.9585E-09  0.0177
   4.9800E-01   5.0000E-01   6.7665E-09  0.0162

#   sum over    7.8540E-01   3.0801E-09  0.0028

'no. =  1,  ir =  1'
msuc: {\huge Bragg peak in pouch}
msdr: {\it plotted by \ANGEL \version}
msdl: {\it calculated by \PHITS  3.35}
wt: s(0.7)
\vspace{-3}
  rmin  &=&   0.0000E+00 [cm]
  rmax  &=&   5.0000E-01 [cm]
e:
 
# Information for Restart Calculation
# This calculation was newly started
# istdev =  2 # 1:Batch variance, 2:History variance
# resc2  = 7.00000000000000000E+04 # Total source weight or Total source weight / maxcas
# resc3  = 7.00000000000000000E+04 # Total history number or Total batch number
# maxcas =        1000 # History / Batch, only used for istdev=1
# bitrseed = 0110010110111011001011101101110000000011011101101111010000000011 # bit data of rseed
