[ T-Deposit ]
    title = Dosis absorbida en el Pouch (Celda 510)
     mesh =  reg            # mesh type is region-wise
      reg = 510
     unit =    0            # unit is [Gy/source]
   letmat =    0            # (D=0) mat ID for LET, 0:real mat, <0: electron for H2O
  dedxfnc =    0            # (D=0) user defined multiplier, 0(no), 1, 2
 material =  all            # (D=all) number of specific material
   output =  dose           # total deposit energy
  deposit =    0            # (D=0) 0-> total deposit dist, 1-> each process
     axis =   reg           # axis of output
     file = dose_pouch_reg.out  # file name of output for the above axis
     part =  all      
# kf/name :  0        
   mother =  all            # (D=all) number of specific mother
#    used :        main (  %)        temp (  %)       total (  %)
#  memory :           5 (  0)           0 (  0)           5 (  0)

#------------------------------------------------------------------------------
#newpage:
#   no. =  1

x: Serial Num. of Region
y: Dose [Gy/source]      
p: xlin ylog afac(0.8) form(0.9)
h:   x      n     n          y(all     ),l3 n   
#  num    reg     volume       all       r.err 
    1     510   1.0000E+00   8.1009E-11  0.0202

#   sum over    1.0000E+00   8.1009E-11  0.0202

'no. =  1'
msuc: {\huge Dosis absorbida en el Pouch (Celda 510)}
msdr: {\it plotted by \ANGEL \version}
msdl: {\it calculated by \PHITS  3.35}
 
# Information for Restart Calculation
# This calculation was newly started
# istdev =  2 # 1:Batch variance, 2:History variance
# resc2  = 5.00000000000000000E+03 # Total source weight or Total source weight / maxcas
# resc3  = 5.00000000000000000E+03 # Total history number or Total batch number
# maxcas =          50 # History / Batch, only used for istdev=1
# bitrseed = 1101111111001101100001000101010101010011110110101000101010011110 # bit data of rseed
