[ T-Deposit ]
    title = dose on pouch xy
     mesh =  xyz            # mesh type is xyz scoring mesh
   x-type =    2            # x-mesh is linear given by xmin, xmax and nx
     xmin =  -3.000000      # minimum value of x-mesh points
     xmax =   0.000000      # maximum value of x-mesh points
#    xdel =  3.0000000E-02  # mesh width of x-mesh points
       nx =    100          # number of x-mesh points
#    data = ( x(i), i = 1, nx + 1 )
#          -3.00000E+00 -2.97000E+00 -2.94000E+00 -2.91000E+00 -2.88000E+00
#          -2.85000E+00 -2.82000E+00 -2.79000E+00 -2.76000E+00 -2.73000E+00
#          -2.70000E+00 -2.67000E+00 -2.64000E+00 -2.61000E+00 -2.58000E+00
#          -2.55000E+00 -2.52000E+00 -2.49000E+00 -2.46000E+00 -2.43000E+00
#          -2.40000E+00 -2.37000E+00 -2.34000E+00 -2.31000E+00 -2.28000E+00
#          -2.25000E+00 -2.22000E+00 -2.19000E+00 -2.16000E+00 -2.13000E+00
#          -2.10000E+00 -2.07000E+00 -2.04000E+00 -2.01000E+00 -1.98000E+00
#          -1.95000E+00 -1.92000E+00 -1.89000E+00 -1.86000E+00 -1.83000E+00
#          -1.80000E+00 -1.77000E+00 -1.74000E+00 -1.71000E+00 -1.68000E+00
#          -1.65000E+00 -1.62000E+00 -1.59000E+00 -1.56000E+00 -1.53000E+00
#          -1.50000E+00 -1.47000E+00 -1.44000E+00 -1.41000E+00 -1.38000E+00
#          -1.35000E+00 -1.32000E+00 -1.29000E+00 -1.26000E+00 -1.23000E+00
#          -1.20000E+00 -1.17000E+00 -1.14000E+00 -1.11000E+00 -1.08000E+00
#          -1.05000E+00 -1.02000E+00 -9.90000E-01 -9.60000E-01 -9.30000E-01
#          -9.00000E-01 -8.70000E-01 -8.40000E-01 -8.10000E-01 -7.80000E-01
#          -7.50000E-01 -7.20000E-01 -6.90000E-01 -6.60000E-01 -6.30000E-01
#          -6.00000E-01 -5.70000E-01 -5.40000E-01 -5.10000E-01 -4.80000E-01
#          -4.50000E-01 -4.20000E-01 -3.90000E-01 -3.60000E-01 -3.30000E-01
#          -3.00000E-01 -2.70000E-01 -2.40000E-01 -2.10000E-01 -1.80000E-01
#          -1.50000E-01 -1.20000E-01 -9.00000E-02 -6.00000E-02 -3.00000E-02
#           0.00000E+00
   y-type =    2            # y-mesh is linear given by ymin, ymax and ny
     ymin =  -1.500000      # minimum value of y-mesh points
     ymax =   1.500000      # maximum value of y-mesh points
#    ydel =  3.0000000E-02  # mesh width of y-mesh points
       ny =    100          # number of y-mesh points
#    data = ( y(i), i = 1, ny + 1 )
#          -1.50000E+00 -1.47000E+00 -1.44000E+00 -1.41000E+00 -1.38000E+00
#          -1.35000E+00 -1.32000E+00 -1.29000E+00 -1.26000E+00 -1.23000E+00
#          -1.20000E+00 -1.17000E+00 -1.14000E+00 -1.11000E+00 -1.08000E+00
#          -1.05000E+00 -1.02000E+00 -9.90000E-01 -9.60000E-01 -9.30000E-01
#          -9.00000E-01 -8.70000E-01 -8.40000E-01 -8.10000E-01 -7.80000E-01
#          -7.50000E-01 -7.20000E-01 -6.90000E-01 -6.60000E-01 -6.30000E-01
#          -6.00000E-01 -5.70000E-01 -5.40000E-01 -5.10000E-01 -4.80000E-01
#          -4.50000E-01 -4.20000E-01 -3.90000E-01 -3.60000E-01 -3.30000E-01
#          -3.00000E-01 -2.70000E-01 -2.40000E-01 -2.10000E-01 -1.80000E-01
#          -1.50000E-01 -1.20000E-01 -9.00000E-02 -6.00000E-02 -3.00000E-02
#           0.00000E+00  3.00000E-02  6.00000E-02  9.00000E-02  1.20000E-01
#           1.50000E-01  1.80000E-01  2.10000E-01  2.40000E-01  2.70000E-01
#           3.00000E-01  3.30000E-01  3.60000E-01  3.90000E-01  4.20000E-01
#           4.50000E-01  4.80000E-01  5.10000E-01  5.40000E-01  5.70000E-01
#           6.00000E-01  6.30000E-01  6.60000E-01  6.90000E-01  7.20000E-01
#           7.50000E-01  7.80000E-01  8.10000E-01  8.40000E-01  8.70000E-01
#           9.00000E-01  9.30000E-01  9.60000E-01  9.90000E-01  1.02000E+00
#           1.05000E+00  1.08000E+00  1.11000E+00  1.14000E+00  1.17000E+00
#           1.20000E+00  1.23000E+00  1.26000E+00  1.29000E+00  1.32000E+00
#           1.35000E+00  1.38000E+00  1.41000E+00  1.44000E+00  1.47000E+00
#           1.50000E+00
   z-type =    1            # z-mesh is given by the below data
       nz =      1          # number of z-mesh points
#    data = ( z(i), i = 1, nz + 1 )
           -2.80000E-01 -1.80000E-01
     unit =    0            # unit is [Gy/source]
   letmat =    0            # (D=0) mat ID for LET, 0:real mat, <0: electron for H2O
  dedxfnc =    0            # (D=0) user defined multiplier, 0(no), 1, 2
 material =  all            # (D=all) number of specific material
   output =  dose           # total deposit energy
  deposit =    0            # (D=0) 0-> total deposit dist, 1-> each process
  2D-type =    3            # 1:Cont, 2:Clust, 3:Color, 4:xyz, 5:mat, 6:Clust+Cont, 7:Col+Cont
     axis =    xy           # axis of output
     file = dose_pouch_xy.out  # file name of output for the above axis
     part =  all      
# kf/name :  0        
    gshow =    3            # 0: no 1:bnd, 2:bnd+mat, 3:bnd+reg 4:bnd+lat 5:bmp style
    resol =    1            # (D=1) resolution of gshow or rshow
    width = 0.5000000       # (D=0.5) width of lines for gshow or rshow
   epsout =    1            # (D=0) generate eps file by ANGEL
   vtkout =    1            # (D=0) generate vtk file
   vtkfmt =    0            # (D=0) generate vtk ascii file
   mother =  all            # (D=all) number of specific mother
#    used :        main (  %)        temp (  %)       total (  %)
#  memory :         207 (  0)           0 (  0)         207 (  0)

#------------------------------------------------------------------------------
#newpage:
#   no. =  1   iz  =  1   part. = all     
#   z = (  -2.8000E-01  -  -1.8000E-01  )

'no. =  1,  iz =  1'
msuc: {\huge dose on pouch xy}
msdr: {\it plotted by \ANGEL \version}
msdl: {\it calculated by \PHITS  3.35}

x: x [cm]
y: y [cm]
set: c1[ 1.000] c2[ 0.900] c5[ 0.800] c6[ 1.000] c7[ 0.000] c8[ 0.000]
p: h2fs form[c1] xfac[c2] afac[c5] scal[c6] xorg[c7] yorg[c8] nosp
p: xmin( -3.000000    ) xmax(  0.000000    )
p: ymin( -1.500000    ) ymax(  1.500000    )
#  ny = 100   nx = 100
# ( ( data(x,y), x = 1, nx ), y = ny, 1, -1 )

#------------------------------------------------------------------------------
# gshow
#------------------------------------------------------------------------------

p: legs[c5*0.875]

w:1000/ x(  -0.2693165E+01) y(  -0.1193161E+01) ix(2) iy(2) s(   0.7000E+00)

h: x ny1,0  y2=[y1](aire),ic[white]
 -1.000000E+00 -1.000000E+00

hb:   line clip z   cb(white)
frame:
 -2.9999963E+00 -1.4999930E+00
  3.6670331E-06 -1.4999930E+00
  3.6670331E-06  1.5000070E+00
 -2.9999963E+00  1.5000070E+00
clip:
 -3.02969927E+00 -1.52969593E+00
  2.97066740E-02 -1.52969593E+00
  2.97066740E-02 -1.49910187E+00
  2.97066740E-02 -1.46850781E+00
  2.97066740E-02 -1.43791376E+00
  2.97066740E-02 -1.40731970E+00
  2.97066740E-02 -1.37672564E+00
  2.97066740E-02 -1.34613158E+00
  2.97066740E-02 -1.31553752E+00
  2.97066740E-02 -1.28494346E+00
  2.97066740E-02 -1.25434940E+00
  2.97066740E-02 -1.22375534E+00
  2.97066740E-02 -1.19316128E+00
  2.97066740E-02 -1.16256722E+00
  2.97066740E-02 -1.13197316E+00
  2.97066740E-02 -1.10137910E+00
  2.97066740E-02 -1.07078504E+00
  2.97066740E-02 -1.04019098E+00
  2.97066740E-02 -1.00959692E+00
  2.97066740E-02 -9.79002864E-01
  2.97066740E-02 -9.48408805E-01
  2.97066740E-02 -9.17814745E-01
  2.97066740E-02 -8.87220686E-01
  2.97066740E-02 -8.56626626E-01
  2.97066740E-02 -8.26032567E-01
  2.97066740E-02 -7.95438508E-01
  2.97066740E-02 -7.64844448E-01
  2.97066740E-02 -7.34250389E-01
  2.97066740E-02 -7.03656329E-01
  2.97066740E-02 -6.73062270E-01
  2.97066740E-02 -6.42468210E-01
  2.97066740E-02 -6.11874151E-01
  2.97066740E-02 -5.81280092E-01
  2.97066740E-02 -5.50686032E-01
  2.97066740E-02 -5.20091973E-01
  2.97066740E-02 -4.89497913E-01
  2.97066740E-02 -4.58903854E-01
  2.97066740E-02 -4.28309795E-01
  2.97066740E-02 -3.97715735E-01
  2.97066740E-02 -3.67121676E-01
  2.97066740E-02 -3.36527616E-01
  2.97066740E-02 -3.05933557E-01
  2.97066740E-02 -2.75339498E-01
  2.97066740E-02 -2.44745438E-01
  2.97066740E-02 -2.14151379E-01
  2.97066740E-02 -1.83557319E-01
  2.97066740E-02 -1.52963260E-01
  2.97066740E-02 -1.22369201E-01
  2.97066740E-02 -9.17751412E-02
  2.97066740E-02 -6.11810818E-02
  2.97066740E-02 -3.05870224E-02
  2.97066740E-02  7.03703670E-06
  2.97066740E-02  3.06010964E-02
  2.97066740E-02  6.11951558E-02
  2.97066740E-02  9.17892153E-02
  2.97066740E-02  1.22383275E-01
  2.97066740E-02  1.52977334E-01
  2.97066740E-02  1.83571393E-01
  2.97066740E-02  2.14165453E-01
  2.97066740E-02  2.44759512E-01
  2.97066740E-02  2.75353572E-01
  2.97066740E-02  3.05947631E-01
  2.97066740E-02  3.36541691E-01
  2.97066740E-02  3.67135750E-01
  2.97066740E-02  3.97729809E-01
  2.97066740E-02  4.28323869E-01
  2.97066740E-02  4.58917928E-01
  2.97066740E-02  4.89511988E-01
  2.97066740E-02  5.20106047E-01
  2.97066740E-02  5.50700106E-01
  2.97066740E-02  5.81294166E-01
  2.97066740E-02  6.11888225E-01
  2.97066740E-02  6.42482285E-01
  2.97066740E-02  6.73076344E-01
  2.97066740E-02  7.03670403E-01
  2.97066740E-02  7.34264463E-01
  2.97066740E-02  7.64858522E-01
  2.97066740E-02  7.95452582E-01
  2.97066740E-02  8.26046641E-01
  2.97066740E-02  8.56640700E-01
  2.97066740E-02  8.87234760E-01
  2.97066740E-02  9.17828819E-01
  2.97066740E-02  9.48422879E-01
  2.97066740E-02  9.79016938E-01
  2.97066740E-02  1.00961100E+00
  2.97066740E-02  1.04020506E+00
  2.97066740E-02  1.07079912E+00
  2.97066740E-02  1.10139318E+00
  2.97066740E-02  1.13198724E+00
  2.97066740E-02  1.16258129E+00
  2.97066740E-02  1.19317535E+00
  2.97066740E-02  1.22376941E+00
  2.97066740E-02  1.25436347E+00
  2.97066740E-02  1.28495753E+00
  2.97066740E-02  1.31555159E+00
  2.97066740E-02  1.34614565E+00
  2.97066740E-02  1.37673971E+00
  2.97066740E-02  1.40733377E+00
  2.97066740E-02  1.43792783E+00
  2.97066740E-02  1.46852189E+00
  2.97066740E-02  1.49911595E+00
  2.97066740E-02  1.52971001E+00
 -8.87385406E-04  1.52971001E+00
 -3.14814448E-02  1.52971001E+00
 -6.20755042E-02  1.52971001E+00
 -9.26695636E-02  1.52971001E+00
 -1.23263623E-01  1.52971001E+00
 -1.53857682E-01  1.52971001E+00
 -1.84451742E-01  1.52971001E+00
 -2.15045801E-01  1.52971001E+00
 -2.45639861E-01  1.52971001E+00
 -2.76233920E-01  1.52971001E+00
 -3.06827979E-01  1.52971001E+00
 -3.37422039E-01  1.52971001E+00
 -3.68016098E-01  1.52971001E+00
 -3.98610158E-01  1.52971001E+00
 -4.29204217E-01  1.52971001E+00
 -4.59798276E-01  1.52971001E+00
 -4.90392336E-01  1.52971001E+00
 -5.20986395E-01  1.52971001E+00
 -5.51580455E-01  1.52971001E+00
 -5.82174514E-01  1.52971001E+00
 -6.12768574E-01  1.52971001E+00
 -6.43362633E-01  1.52971001E+00
 -6.73956692E-01  1.52971001E+00
 -7.04550752E-01  1.52971001E+00
 -7.35144811E-01  1.52971001E+00
 -7.65738871E-01  1.52971001E+00
 -7.96332930E-01  1.52971001E+00
 -8.26926989E-01  1.52971001E+00
 -8.57521049E-01  1.52971001E+00
 -8.88115108E-01  1.52971001E+00
 -9.18709168E-01  1.52971001E+00
 -9.49303227E-01  1.52971001E+00
 -9.79897286E-01  1.52971001E+00
 -1.01049135E+00  1.52971001E+00
 -1.04108541E+00  1.52971001E+00
 -1.07167946E+00  1.52971001E+00
 -1.10227352E+00  1.52971001E+00
 -1.13286758E+00  1.52971001E+00
 -1.16346164E+00  1.52971001E+00
 -1.19405570E+00  1.52971001E+00
 -1.22464976E+00  1.52971001E+00
 -1.25524382E+00  1.52971001E+00
 -1.28583788E+00  1.52971001E+00
 -1.31643194E+00  1.52971001E+00
 -1.34702600E+00  1.52971001E+00
 -1.37762006E+00  1.52971001E+00
 -1.40821412E+00  1.52971001E+00
 -1.43880818E+00  1.52971001E+00
 -1.46940224E+00  1.52971001E+00
 -1.49999630E+00  1.52971001E+00
 -1.53059036E+00  1.52971001E+00
 -1.56118442E+00  1.52971001E+00
 -1.59177847E+00  1.52971001E+00
 -1.62237253E+00  1.52971001E+00
 -1.65296659E+00  1.52971001E+00
 -1.68356065E+00  1.52971001E+00
 -1.71415471E+00  1.52971001E+00
 -1.74474877E+00  1.52971001E+00
 -1.77534283E+00  1.52971001E+00
 -1.80593689E+00  1.52971001E+00
 -1.83653095E+00  1.52971001E+00
 -1.86712501E+00  1.52971001E+00
 -1.89771907E+00  1.52971001E+00
 -1.92831313E+00  1.52971001E+00
 -1.95890719E+00  1.52971001E+00
 -1.98950125E+00  1.52971001E+00
 -2.02009531E+00  1.52971001E+00
 -2.05068937E+00  1.52971001E+00
 -2.08128343E+00  1.52971001E+00
 -2.11187748E+00  1.52971001E+00
 -2.14247154E+00  1.52971001E+00
 -2.17306560E+00  1.52971001E+00
 -2.20365966E+00  1.52971001E+00
 -2.23425372E+00  1.52971001E+00
 -2.26484778E+00  1.52971001E+00
 -2.29544184E+00  1.52971001E+00
 -2.32603590E+00  1.52971001E+00
 -2.35662996E+00  1.52971001E+00
 -2.38722402E+00  1.52971001E+00
 -2.41781808E+00  1.52971001E+00
 -2.44841214E+00  1.52971001E+00
 -2.47900620E+00  1.52971001E+00
 -2.50960026E+00  1.52971001E+00
 -2.54019432E+00  1.52971001E+00
 -2.57078838E+00  1.52971001E+00
 -2.60138243E+00  1.52971001E+00
 -2.63197649E+00  1.52971001E+00
 -2.66257055E+00  1.52971001E+00
 -2.69316461E+00  1.52971001E+00
 -2.72375867E+00  1.52971001E+00
 -2.75435273E+00  1.52971001E+00
 -2.78494679E+00  1.52971001E+00
 -2.81554085E+00  1.52971001E+00
 -2.84613491E+00  1.52971001E+00
 -2.87672897E+00  1.52971001E+00
 -2.90732303E+00  1.52971001E+00
 -2.93791709E+00  1.52971001E+00
 -2.96851115E+00  1.52971001E+00
 -2.99910521E+00  1.52971001E+00
 -3.02969927E+00  1.52971001E+00
 -3.02969927E+00  1.49911595E+00
 -3.02969927E+00  1.46852189E+00
 -3.02969927E+00  1.43792783E+00
 -3.02969927E+00  1.40733377E+00
 -3.02969927E+00  1.37673971E+00
 -3.02969927E+00  1.34614565E+00
 -3.02969927E+00  1.31555159E+00
 -3.02969927E+00  1.28495753E+00
 -3.02969927E+00  1.25436347E+00
 -3.02969927E+00  1.22376941E+00
 -3.02969927E+00  1.19317535E+00
 -3.02969927E+00  1.16258129E+00
 -3.02969927E+00  1.13198724E+00
 -3.02969927E+00  1.10139318E+00
 -3.02330609E+00  1.09500000E+00
 -2.99910521E+00  1.09500000E+00
 -5.45187279E-01  1.09500000E+00
 -5.30000000E-01  1.07079912E+00
 -5.30000000E-01  1.06178551E+00
 -5.30000000E-01  1.04020506E+00
 -5.30000000E-01  1.03119145E+00
 -5.30000000E-01  1.00961100E+00
 -5.30000000E-01  1.00059739E+00
 -5.30000000E-01  9.79016938E-01
 -5.30000000E-01  9.70003333E-01
 -5.30000000E-01  9.48422879E-01
 -5.30000000E-01  9.39409274E-01
 -5.30000000E-01  9.17828819E-01
 -5.30000000E-01  9.08815215E-01
 -5.30000000E-01  8.87234760E-01
 -5.30000000E-01  8.78221155E-01
 -5.30000000E-01  8.56640700E-01
 -5.30000000E-01  8.47627096E-01
 -5.30000000E-01  8.26046641E-01
 -5.30000000E-01  8.17033036E-01
 -5.30000000E-01  7.95452582E-01
 -5.30000000E-01  7.86438977E-01
 -5.30000000E-01  7.64858522E-01
 -5.30000000E-01  7.55844917E-01
 -5.30000000E-01  7.34264463E-01
 -5.30000000E-01  7.25250858E-01
 -5.30000000E-01  7.03670403E-01
 -5.30000000E-01  6.94656799E-01
 -5.30000000E-01  6.73076344E-01
 -5.30000000E-01  6.64062739E-01
 -5.30000000E-01  6.42482285E-01
 -5.30000000E-01  6.33468680E-01
 -5.30000000E-01  6.11888225E-01
 -5.30000000E-01  6.02874620E-01
 -5.30000000E-01  5.81294166E-01
 -5.30000000E-01  5.72280561E-01
 -5.30000000E-01  5.50700106E-01
 -5.30000000E-01  5.41686502E-01
 -5.30000000E-01  5.20106047E-01
 -5.30000000E-01  5.11092442E-01
 -5.30000000E-01  4.89511988E-01
 -5.30000000E-01  4.80498383E-01
 -5.30000000E-01  4.58917928E-01
 -5.30000000E-01  4.49904323E-01
 -5.30000000E-01  4.28323869E-01
 -5.30000000E-01  4.19310264E-01
 -5.30000000E-01  3.97729809E-01
 -5.30000000E-01  3.88716205E-01
 -5.30000000E-01  3.67135750E-01
 -5.30000000E-01  3.58122145E-01
 -5.30000000E-01  3.36541691E-01
 -5.30000000E-01  3.27528086E-01
 -5.30000000E-01  3.05947631E-01
 -5.30000000E-01  2.96934026E-01
 -5.30000000E-01  2.75353572E-01
 -5.30000000E-01  2.66339967E-01
 -5.30000000E-01  2.44759512E-01
 -5.30000000E-01  2.35745908E-01
 -5.30000000E-01  2.14165453E-01
 -5.30000000E-01  2.05151848E-01
 -5.30000000E-01  1.83571393E-01
 -5.30000000E-01  1.74557789E-01
 -5.30000000E-01  1.52977334E-01
 -5.30000000E-01  1.43963729E-01
 -5.30000000E-01  1.22383275E-01
 -5.30000000E-01  1.13369670E-01
 -5.30000000E-01  9.17892153E-02
 -5.30000000E-01  8.27756106E-02
 -5.30000000E-01  6.11951558E-02
 -5.30000000E-01  5.21815512E-02
 -5.30000000E-01  3.06010964E-02
 -5.30000000E-01  2.15874917E-02
 -5.30000000E-01  7.03703670E-06
 -5.30000000E-01 -9.00656766E-03
 -5.30000000E-01 -3.05870224E-02
 -5.30000000E-01 -3.96006271E-02
 -5.30000000E-01 -6.11810818E-02
 -5.30000000E-01 -7.01946865E-02
 -5.30000000E-01 -9.17751412E-02
 -5.30000000E-01 -1.00788746E-01
 -5.30000000E-01 -1.22369201E-01
 -5.30000000E-01 -1.31382805E-01
 -5.30000000E-01 -1.52963260E-01
 -5.30000000E-01 -1.61976865E-01
 -5.30000000E-01 -1.83557319E-01
 -5.30000000E-01 -1.92570924E-01
 -5.30000000E-01 -2.14151379E-01
 -5.30000000E-01 -2.23164983E-01
 -5.30000000E-01 -2.44745438E-01
 -5.30000000E-01 -2.53759043E-01
 -5.30000000E-01 -2.75339498E-01
 -5.30000000E-01 -2.84353102E-01
 -5.30000000E-01 -3.05933557E-01
 -5.30000000E-01 -3.14947162E-01
 -5.30000000E-01 -3.36527616E-01
 -5.30000000E-01 -3.45541221E-01
 -5.30000000E-01 -3.67121676E-01
 -5.30000000E-01 -3.76135281E-01
 -5.30000000E-01 -3.97715735E-01
 -5.30000000E-01 -4.06729340E-01
 -5.30000000E-01 -4.28309795E-01
 -5.30000000E-01 -4.37323399E-01
 -5.30000000E-01 -4.58903854E-01
 -5.30000000E-01 -4.67917459E-01
 -5.30000000E-01 -4.89497913E-01
 -5.30000000E-01 -4.98511518E-01
 -5.30000000E-01 -5.20091973E-01
 -5.30000000E-01 -5.29105578E-01
 -5.30000000E-01 -5.50686032E-01
 -5.30000000E-01 -5.59699637E-01
 -5.30000000E-01 -5.81280092E-01
 -5.30000000E-01 -5.90293696E-01
 -5.30000000E-01 -6.11874151E-01
 -5.30000000E-01 -6.20887756E-01
 -5.30000000E-01 -6.42468210E-01
 -5.30000000E-01 -6.51481815E-01
 -5.30000000E-01 -6.73062270E-01
 -5.30000000E-01 -6.82075875E-01
 -5.30000000E-01 -7.03656329E-01
 -5.30000000E-01 -7.12669934E-01
 -5.30000000E-01 -7.34250389E-01
 -5.30000000E-01 -7.43263993E-01
 -5.30000000E-01 -7.64844448E-01
 -5.30000000E-01 -7.73858053E-01
 -5.30000000E-01 -7.95438508E-01
 -5.30000000E-01 -8.04452112E-01
 -5.30000000E-01 -8.26032567E-01
 -5.30000000E-01 -8.35046172E-01
 -5.30000000E-01 -8.56626626E-01
 -5.30000000E-01 -8.65640231E-01
 -5.51580455E-01 -8.77000000E-01
 -5.61801140E-01 -8.77000000E-01
 -5.82174514E-01 -8.77000000E-01
 -5.92395200E-01 -8.77000000E-01
 -6.12768574E-01 -8.77000000E-01
 -6.22989259E-01 -8.77000000E-01
 -6.43362633E-01 -8.77000000E-01
 -6.53583319E-01 -8.77000000E-01
 -6.73956692E-01 -8.77000000E-01
 -6.84177378E-01 -8.77000000E-01
 -7.04550752E-01 -8.77000000E-01
 -7.14771437E-01 -8.77000000E-01
 -7.35144811E-01 -8.77000000E-01
 -7.45365497E-01 -8.77000000E-01
 -7.65738871E-01 -8.77000000E-01
 -7.75959556E-01 -8.77000000E-01
 -7.96332930E-01 -8.77000000E-01
 -8.06553616E-01 -8.77000000E-01
 -8.26926989E-01 -8.77000000E-01
 -8.37147675E-01 -8.77000000E-01
 -8.57521049E-01 -8.77000000E-01
 -8.67741735E-01 -8.77000000E-01
 -8.88115108E-01 -8.77000000E-01
 -8.98335794E-01 -8.77000000E-01
 -9.18709168E-01 -8.77000000E-01
 -9.28929853E-01 -8.77000000E-01
 -9.49303227E-01 -8.77000000E-01
 -9.59523913E-01 -8.77000000E-01
 -9.79897286E-01 -8.77000000E-01
 -9.90117972E-01 -8.77000000E-01
 -1.01049135E+00 -8.77000000E-01
 -1.02071203E+00 -8.77000000E-01
 -1.04108541E+00 -8.77000000E-01
 -1.05130609E+00 -8.77000000E-01
 -1.07167946E+00 -8.77000000E-01
 -1.08190015E+00 -8.77000000E-01
 -1.10227352E+00 -8.77000000E-01
 -1.11249421E+00 -8.77000000E-01
 -1.13286758E+00 -8.77000000E-01
 -1.14308827E+00 -8.77000000E-01
 -1.16346164E+00 -8.77000000E-01
 -1.17368233E+00 -8.77000000E-01
 -1.19405570E+00 -8.77000000E-01
 -1.20427639E+00 -8.77000000E-01
 -1.22464976E+00 -8.77000000E-01
 -1.23487045E+00 -8.77000000E-01
 -1.25524382E+00 -8.77000000E-01
 -1.26546451E+00 -8.77000000E-01
 -1.28583788E+00 -8.77000000E-01
 -1.29605857E+00 -8.77000000E-01
 -1.31643194E+00 -8.77000000E-01
 -1.32665263E+00 -8.77000000E-01
 -1.34702600E+00 -8.77000000E-01
 -1.35724669E+00 -8.77000000E-01
 -1.37762006E+00 -8.77000000E-01
 -1.38784074E+00 -8.77000000E-01
 -1.40821412E+00 -8.77000000E-01
 -1.41843480E+00 -8.77000000E-01
 -1.43880818E+00 -8.77000000E-01
 -1.44902886E+00 -8.77000000E-01
 -1.46940224E+00 -8.77000000E-01
 -1.47962292E+00 -8.77000000E-01
 -1.49999630E+00 -8.77000000E-01
 -1.51021698E+00 -8.77000000E-01
 -1.53059036E+00 -8.77000000E-01
 -1.54081104E+00 -8.77000000E-01
 -1.56118442E+00 -8.77000000E-01
 -1.57140510E+00 -8.77000000E-01
 -1.59177847E+00 -8.77000000E-01
 -1.60199916E+00 -8.77000000E-01
 -1.62237253E+00 -8.77000000E-01
 -1.63259322E+00 -8.77000000E-01
 -1.65296659E+00 -8.77000000E-01
 -1.66318728E+00 -8.77000000E-01
 -1.68356065E+00 -8.77000000E-01
 -1.69378134E+00 -8.77000000E-01
 -1.71415471E+00 -8.77000000E-01
 -1.72437540E+00 -8.77000000E-01
 -1.74474877E+00 -8.77000000E-01
 -1.75496946E+00 -8.77000000E-01
 -1.77534283E+00 -8.77000000E-01
 -1.78556352E+00 -8.77000000E-01
 -1.80593689E+00 -8.77000000E-01
 -1.81615758E+00 -8.77000000E-01
 -1.83653095E+00 -8.77000000E-01
 -1.84675164E+00 -8.77000000E-01
 -1.86712501E+00 -8.77000000E-01
 -1.87734569E+00 -8.77000000E-01
 -1.89771907E+00 -8.77000000E-01
 -1.90793975E+00 -8.77000000E-01
 -1.92831313E+00 -8.77000000E-01
 -1.93853381E+00 -8.77000000E-01
 -1.95890719E+00 -8.77000000E-01
 -1.96912787E+00 -8.77000000E-01
 -1.98950125E+00 -8.77000000E-01
 -1.99972193E+00 -8.77000000E-01
 -2.02009531E+00 -8.77000000E-01
 -2.03031599E+00 -8.77000000E-01
 -2.05068937E+00 -8.77000000E-01
 -2.06091005E+00 -8.77000000E-01
 -2.08128343E+00 -8.77000000E-01
 -2.09150411E+00 -8.77000000E-01
 -2.11187748E+00 -8.77000000E-01
 -2.12209817E+00 -8.77000000E-01
 -2.14247154E+00 -8.77000000E-01
 -2.15269223E+00 -8.77000000E-01
 -2.17306560E+00 -8.77000000E-01
 -2.18328629E+00 -8.77000000E-01
 -2.20365966E+00 -8.77000000E-01
 -2.21388035E+00 -8.77000000E-01
 -2.23425372E+00 -8.77000000E-01
 -2.24447441E+00 -8.77000000E-01
 -2.26484778E+00 -8.77000000E-01
 -2.27506847E+00 -8.77000000E-01
 -2.29544184E+00 -8.77000000E-01
 -2.30566253E+00 -8.77000000E-01
 -2.32603590E+00 -8.77000000E-01
 -2.33625659E+00 -8.77000000E-01
 -2.35662996E+00 -8.77000000E-01
 -2.36685065E+00 -8.77000000E-01
 -2.38722402E+00 -8.77000000E-01
 -2.39744470E+00 -8.77000000E-01
 -2.41781808E+00 -8.77000000E-01
 -2.42803876E+00 -8.77000000E-01
 -2.44841214E+00 -8.77000000E-01
 -2.45863282E+00 -8.77000000E-01
 -2.47900620E+00 -8.77000000E-01
 -2.48922688E+00 -8.77000000E-01
 -2.50960026E+00 -8.77000000E-01
 -2.51982094E+00 -8.77000000E-01
 -2.54019432E+00 -8.77000000E-01
 -2.55041500E+00 -8.77000000E-01
 -2.57078838E+00 -8.77000000E-01
 -2.58100906E+00 -8.77000000E-01
 -2.60138243E+00 -8.77000000E-01
 -2.61160312E+00 -8.77000000E-01
 -2.63197649E+00 -8.77000000E-01
 -2.64219718E+00 -8.77000000E-01
 -2.66257055E+00 -8.77000000E-01
 -2.67279124E+00 -8.77000000E-01
 -2.69316461E+00 -8.77000000E-01
 -2.70338530E+00 -8.77000000E-01
 -2.72375867E+00 -8.77000000E-01
 -2.73397936E+00 -8.77000000E-01
 -2.75435273E+00 -8.77000000E-01
 -2.76457342E+00 -8.77000000E-01
 -2.78494679E+00 -8.77000000E-01
 -2.79516748E+00 -8.77000000E-01
 -2.81554085E+00 -8.77000000E-01
 -2.82576154E+00 -8.77000000E-01
 -2.84613491E+00 -8.77000000E-01
 -2.85635560E+00 -8.77000000E-01
 -2.87672897E+00 -8.77000000E-01
 -2.88694966E+00 -8.77000000E-01
 -2.90732303E+00 -8.77000000E-01
 -2.91754371E+00 -8.77000000E-01
 -2.93791709E+00 -8.77000000E-01
 -2.94813777E+00 -8.77000000E-01
 -2.96851115E+00 -8.77000000E-01
 -2.97873183E+00 -8.77000000E-01
 -2.99910521E+00 -8.77000000E-01
 -3.00932589E+00 -8.77000000E-01
 -3.02969927E+00 -8.77000000E-01
 -3.02969927E+00 -8.87220686E-01
 -3.02969927E+00 -9.17814745E-01
 -3.02969927E+00 -9.48408805E-01
 -3.02969927E+00 -9.79002864E-01
 -3.02969927E+00 -1.00959692E+00
 -3.02969927E+00 -1.04019098E+00
 -3.02969927E+00 -1.07078504E+00
 -3.02969927E+00 -1.10137910E+00
 -3.02969927E+00 -1.13197316E+00
 -3.02969927E+00 -1.16256722E+00
 -3.02969927E+00 -1.19316128E+00
 -3.02969927E+00 -1.22375534E+00
 -3.02969927E+00 -1.25434940E+00
 -3.02969927E+00 -1.28494346E+00
 -3.02969927E+00 -1.31553752E+00
 -3.02969927E+00 -1.34613158E+00
 -3.02969927E+00 -1.37672564E+00
 -3.02969927E+00 -1.40731970E+00
 -3.02969927E+00 -1.43791376E+00
 -3.02969927E+00 -1.46850781E+00
 -3.02969927E+00 -1.49910187E+00
 -3.02969927E+00 -1.52969593E+00

w:510/ x(  -0.1779850E+01) y(   0.1090000E+00) ix(2) iy(2) s(   0.7000E+00)

h: x ny1,0  y2=[y1](pouch),ic[pink]
 -1.000000E+00 -1.000000E+00

hb:   line clip z   cb(pink)
frame:
 -2.9999963E+00 -1.4999930E+00
  3.6670331E-06 -1.4999930E+00
  3.6670331E-06  1.5000070E+00
 -2.9999963E+00  1.5000070E+00
clip:
 -3.02969927E+00 -8.77000000E-01
 -5.31207081E-01 -8.77000000E-01
 -5.30000000E-01 -8.56626626E-01
 -5.30000000E-01 -8.35046172E-01
 -5.30000000E-01 -8.26032567E-01
 -5.30000000E-01 -8.04452112E-01
 -5.30000000E-01 -7.95438508E-01
 -5.30000000E-01 -7.73858053E-01
 -5.30000000E-01 -7.64844448E-01
 -5.30000000E-01 -7.43263993E-01
 -5.30000000E-01 -7.34250389E-01
 -5.30000000E-01 -7.12669934E-01
 -5.30000000E-01 -7.03656329E-01
 -5.30000000E-01 -6.82075875E-01
 -5.30000000E-01 -6.73062270E-01
 -5.30000000E-01 -6.51481815E-01
 -5.30000000E-01 -6.42468210E-01
 -5.30000000E-01 -6.20887756E-01
 -5.30000000E-01 -6.11874151E-01
 -5.30000000E-01 -5.90293696E-01
 -5.30000000E-01 -5.81280092E-01
 -5.30000000E-01 -5.59699637E-01
 -5.30000000E-01 -5.50686032E-01
 -5.30000000E-01 -5.29105578E-01
 -5.30000000E-01 -5.20091973E-01
 -5.30000000E-01 -4.98511518E-01
 -5.30000000E-01 -4.89497913E-01
 -5.30000000E-01 -4.67917459E-01
 -5.30000000E-01 -4.58903854E-01
 -5.30000000E-01 -4.37323399E-01
 -5.30000000E-01 -4.28309795E-01
 -5.30000000E-01 -4.06729340E-01
 -5.30000000E-01 -3.97715735E-01
 -5.30000000E-01 -3.76135281E-01
 -5.30000000E-01 -3.67121676E-01
 -5.30000000E-01 -3.45541221E-01
 -5.30000000E-01 -3.36527616E-01
 -5.30000000E-01 -3.14947162E-01
 -5.30000000E-01 -3.05933557E-01
 -5.30000000E-01 -2.84353102E-01
 -5.30000000E-01 -2.75339498E-01
 -5.30000000E-01 -2.53759043E-01
 -5.30000000E-01 -2.44745438E-01
 -5.30000000E-01 -2.23164983E-01
 -5.30000000E-01 -2.14151379E-01
 -5.30000000E-01 -1.92570924E-01
 -5.30000000E-01 -1.83557319E-01
 -5.30000000E-01 -1.61976865E-01
 -5.30000000E-01 -1.52963260E-01
 -5.30000000E-01 -1.31382805E-01
 -5.30000000E-01 -1.22369201E-01
 -5.30000000E-01 -1.00788746E-01
 -5.30000000E-01 -9.17751412E-02
 -5.30000000E-01 -7.01946865E-02
 -5.30000000E-01 -6.11810818E-02
 -5.30000000E-01 -3.96006271E-02
 -5.30000000E-01 -3.05870224E-02
 -5.30000000E-01 -9.00656766E-03
 -5.30000000E-01  7.03703670E-06
 -5.30000000E-01  2.15874917E-02
 -5.30000000E-01  3.06010964E-02
 -5.30000000E-01  5.21815512E-02
 -5.30000000E-01  6.11951558E-02
 -5.30000000E-01  8.27756106E-02
 -5.30000000E-01  9.17892153E-02
 -5.30000000E-01  1.13369670E-01
 -5.30000000E-01  1.22383275E-01
 -5.30000000E-01  1.43963729E-01
 -5.30000000E-01  1.52977334E-01
 -5.30000000E-01  1.74557789E-01
 -5.30000000E-01  1.83571393E-01
 -5.30000000E-01  2.05151848E-01
 -5.30000000E-01  2.14165453E-01
 -5.30000000E-01  2.35745908E-01
 -5.30000000E-01  2.44759512E-01
 -5.30000000E-01  2.66339967E-01
 -5.30000000E-01  2.75353572E-01
 -5.30000000E-01  2.96934026E-01
 -5.30000000E-01  3.05947631E-01
 -5.30000000E-01  3.27528086E-01
 -5.30000000E-01  3.36541691E-01
 -5.30000000E-01  3.58122145E-01
 -5.30000000E-01  3.67135750E-01
 -5.30000000E-01  3.88716205E-01
 -5.30000000E-01  3.97729809E-01
 -5.30000000E-01  4.19310264E-01
 -5.30000000E-01  4.28323869E-01
 -5.30000000E-01  4.49904323E-01
 -5.30000000E-01  4.58917928E-01
 -5.30000000E-01  4.80498383E-01
 -5.30000000E-01  4.89511988E-01
 -5.30000000E-01  5.11092442E-01
 -5.30000000E-01  5.20106047E-01
 -5.30000000E-01  5.41686502E-01
 -5.30000000E-01  5.50700106E-01
 -5.30000000E-01  5.72280561E-01
 -5.30000000E-01  5.81294166E-01
 -5.30000000E-01  6.02874620E-01
 -5.30000000E-01  6.11888225E-01
 -5.30000000E-01  6.33468680E-01
 -5.30000000E-01  6.42482285E-01
 -5.30000000E-01  6.64062739E-01
 -5.30000000E-01  6.73076344E-01
 -5.30000000E-01  6.94656799E-01
 -5.30000000E-01  7.03670403E-01
 -5.30000000E-01  7.25250858E-01
 -5.30000000E-01  7.34264463E-01
 -5.30000000E-01  7.55844917E-01
 -5.30000000E-01  7.64858522E-01
 -5.30000000E-01  7.86438977E-01
 -5.30000000E-01  7.95452582E-01
 -5.30000000E-01  8.17033036E-01
 -5.30000000E-01  8.26046641E-01
 -5.30000000E-01  8.47627096E-01
 -5.30000000E-01  8.56640700E-01
 -5.30000000E-01  8.78221155E-01
 -5.30000000E-01  8.87234760E-01
 -5.30000000E-01  9.08815215E-01
 -5.30000000E-01  9.17828819E-01
 -5.30000000E-01  9.39409274E-01
 -5.30000000E-01  9.48422879E-01
 -5.30000000E-01  9.70003333E-01
 -5.30000000E-01  9.79016938E-01
 -5.30000000E-01  1.00059739E+00
 -5.30000000E-01  1.00961100E+00
 -5.30000000E-01  1.03119145E+00
 -5.30000000E-01  1.04020506E+00
 -5.30000000E-01  1.06178551E+00
 -5.30000000E-01  1.07079912E+00
 -5.30000000E-01  1.09237957E+00
 -5.51580455E-01  1.09500000E+00
 -5.75781338E-01  1.09500000E+00
 -5.82174514E-01  1.09500000E+00
 -6.06375398E-01  1.09500000E+00
 -6.12768574E-01  1.09500000E+00
 -6.36969457E-01  1.09500000E+00
 -6.43362633E-01  1.09500000E+00
 -6.67563517E-01  1.09500000E+00
 -6.73956692E-01  1.09500000E+00
 -6.98157576E-01  1.09500000E+00
 -7.04550752E-01  1.09500000E+00
 -7.28751635E-01  1.09500000E+00
 -7.35144811E-01  1.09500000E+00
 -7.59345695E-01  1.09500000E+00
 -7.65738871E-01  1.09500000E+00
 -7.89939754E-01  1.09500000E+00
 -7.96332930E-01  1.09500000E+00
 -8.20533814E-01  1.09500000E+00
 -8.26926989E-01  1.09500000E+00
 -8.51127873E-01  1.09500000E+00
 -8.57521049E-01  1.09500000E+00
 -8.81721933E-01  1.09500000E+00
 -8.88115108E-01  1.09500000E+00
 -9.12315992E-01  1.09500000E+00
 -9.18709168E-01  1.09500000E+00
 -9.42910051E-01  1.09500000E+00
 -9.49303227E-01  1.09500000E+00
 -9.73504111E-01  1.09500000E+00
 -9.79897286E-01  1.09500000E+00
 -1.00409817E+00  1.09500000E+00
 -1.01049135E+00  1.09500000E+00
 -1.03469223E+00  1.09500000E+00
 -1.04108541E+00  1.09500000E+00
 -1.06528629E+00  1.09500000E+00
 -1.07167946E+00  1.09500000E+00
 -1.09588035E+00  1.09500000E+00
 -1.10227352E+00  1.09500000E+00
 -1.12647441E+00  1.09500000E+00
 -1.13286758E+00  1.09500000E+00
 -1.15706847E+00  1.09500000E+00
 -1.16346164E+00  1.09500000E+00
 -1.18766253E+00  1.09500000E+00
 -1.19405570E+00  1.09500000E+00
 -1.21825659E+00  1.09500000E+00
 -1.22464976E+00  1.09500000E+00
 -1.24885065E+00  1.09500000E+00
 -1.25524382E+00  1.09500000E+00
 -1.27944470E+00  1.09500000E+00
 -1.28583788E+00  1.09500000E+00
 -1.31003876E+00  1.09500000E+00
 -1.31643194E+00  1.09500000E+00
 -1.34063282E+00  1.09500000E+00
 -1.34702600E+00  1.09500000E+00
 -1.37122688E+00  1.09500000E+00
 -1.37762006E+00  1.09500000E+00
 -1.40182094E+00  1.09500000E+00
 -1.40821412E+00  1.09500000E+00
 -1.43241500E+00  1.09500000E+00
 -1.43880818E+00  1.09500000E+00
 -1.46300906E+00  1.09500000E+00
 -1.46940224E+00  1.09500000E+00
 -1.49360312E+00  1.09500000E+00
 -1.49999630E+00  1.09500000E+00
 -1.52419718E+00  1.09500000E+00
 -1.53059036E+00  1.09500000E+00
 -1.55479124E+00  1.09500000E+00
 -1.56118442E+00  1.09500000E+00
 -1.58538530E+00  1.09500000E+00
 -1.59177847E+00  1.09500000E+00
 -1.61597936E+00  1.09500000E+00
 -1.62237253E+00  1.09500000E+00
 -1.64657342E+00  1.09500000E+00
 -1.65296659E+00  1.09500000E+00
 -1.67716748E+00  1.09500000E+00
 -1.68356065E+00  1.09500000E+00
 -1.70776154E+00  1.09500000E+00
 -1.71415471E+00  1.09500000E+00
 -1.73835560E+00  1.09500000E+00
 -1.74474877E+00  1.09500000E+00
 -1.76894966E+00  1.09500000E+00
 -1.77534283E+00  1.09500000E+00
 -1.79954371E+00  1.09500000E+00
 -1.80593689E+00  1.09500000E+00
 -1.83013777E+00  1.09500000E+00
 -1.83653095E+00  1.09500000E+00
 -1.86073183E+00  1.09500000E+00
 -1.86712501E+00  1.09500000E+00
 -1.89132589E+00  1.09500000E+00
 -1.89771907E+00  1.09500000E+00
 -1.92191995E+00  1.09500000E+00
 -1.92831313E+00  1.09500000E+00
 -1.95251401E+00  1.09500000E+00
 -1.95890719E+00  1.09500000E+00
 -1.98310807E+00  1.09500000E+00
 -1.98950125E+00  1.09500000E+00
 -2.01370213E+00  1.09500000E+00
 -2.02009531E+00  1.09500000E+00
 -2.04429619E+00  1.09500000E+00
 -2.05068937E+00  1.09500000E+00
 -2.07489025E+00  1.09500000E+00
 -2.08128343E+00  1.09500000E+00
 -2.10548431E+00  1.09500000E+00
 -2.11187748E+00  1.09500000E+00
 -2.13607837E+00  1.09500000E+00
 -2.14247154E+00  1.09500000E+00
 -2.16667243E+00  1.09500000E+00
 -2.17306560E+00  1.09500000E+00
 -2.19726649E+00  1.09500000E+00
 -2.20365966E+00  1.09500000E+00
 -2.22786055E+00  1.09500000E+00
 -2.23425372E+00  1.09500000E+00
 -2.25845461E+00  1.09500000E+00
 -2.26484778E+00  1.09500000E+00
 -2.28904867E+00  1.09500000E+00
 -2.29544184E+00  1.09500000E+00
 -2.31964272E+00  1.09500000E+00
 -2.32603590E+00  1.09500000E+00
 -2.35023678E+00  1.09500000E+00
 -2.35662996E+00  1.09500000E+00
 -2.38083084E+00  1.09500000E+00
 -2.38722402E+00  1.09500000E+00
 -2.41142490E+00  1.09500000E+00
 -2.41781808E+00  1.09500000E+00
 -2.44201896E+00  1.09500000E+00
 -2.44841214E+00  1.09500000E+00
 -2.47261302E+00  1.09500000E+00
 -2.47900620E+00  1.09500000E+00
 -2.50320708E+00  1.09500000E+00
 -2.50960026E+00  1.09500000E+00
 -2.53380114E+00  1.09500000E+00
 -2.54019432E+00  1.09500000E+00
 -2.56439520E+00  1.09500000E+00
 -2.57078838E+00  1.09500000E+00
 -2.59498926E+00  1.09500000E+00
 -2.60138243E+00  1.09500000E+00
 -2.62558332E+00  1.09500000E+00
 -2.63197649E+00  1.09500000E+00
 -2.65617738E+00  1.09500000E+00
 -2.66257055E+00  1.09500000E+00
 -2.68677144E+00  1.09500000E+00
 -2.69316461E+00  1.09500000E+00
 -2.71736550E+00  1.09500000E+00
 -2.72375867E+00  1.09500000E+00
 -2.74795956E+00  1.09500000E+00
 -2.75435273E+00  1.09500000E+00
 -2.77855362E+00  1.09500000E+00
 -2.78494679E+00  1.09500000E+00
 -2.80914768E+00  1.09500000E+00
 -2.81554085E+00  1.09500000E+00
 -2.83974173E+00  1.09500000E+00
 -2.84613491E+00  1.09500000E+00
 -2.87033579E+00  1.09500000E+00
 -2.87672897E+00  1.09500000E+00
 -2.90092985E+00  1.09500000E+00
 -2.90732303E+00  1.09500000E+00
 -2.93152391E+00  1.09500000E+00
 -2.93791709E+00  1.09500000E+00
 -2.96211797E+00  1.09500000E+00
 -2.96851115E+00  1.09500000E+00
 -2.99271203E+00  1.09500000E+00
 -2.99910521E+00  1.09500000E+00
 -3.02330609E+00  1.09500000E+00
 -3.02969927E+00  1.09500000E+00
 -3.02969927E+00  1.07079912E+00
 -3.02969927E+00  1.04020506E+00
 -3.02969927E+00  1.00961100E+00
 -3.02969927E+00  9.79016938E-01
 -3.02969927E+00  9.48422879E-01
 -3.02969927E+00  9.17828819E-01
 -3.02969927E+00  8.87234760E-01
 -3.02969927E+00  8.56640700E-01
 -3.02969927E+00  8.26046641E-01
 -3.02969927E+00  7.95452582E-01
 -3.02969927E+00  7.64858522E-01
 -3.02969927E+00  7.34264463E-01
 -3.02969927E+00  7.03670403E-01
 -3.02969927E+00  6.73076344E-01
 -3.02969927E+00  6.42482285E-01
 -3.02969927E+00  6.11888225E-01
 -3.02969927E+00  5.81294166E-01
 -3.02969927E+00  5.50700106E-01
 -3.02969927E+00  5.20106047E-01
 -3.02969927E+00  4.89511988E-01
 -3.02969927E+00  4.58917928E-01
 -3.02969927E+00  4.28323869E-01
 -3.02969927E+00  3.97729809E-01
 -3.02969927E+00  3.67135750E-01
 -3.02969927E+00  3.36541691E-01
 -3.02969927E+00  3.05947631E-01
 -3.02969927E+00  2.75353572E-01
 -3.02969927E+00  2.44759512E-01
 -3.02969927E+00  2.14165453E-01
 -3.02969927E+00  1.83571393E-01
 -3.02969927E+00  1.52977334E-01
 -3.02969927E+00  1.22383275E-01
 -3.02969927E+00  9.17892153E-02
 -3.02969927E+00  6.11951558E-02
 -3.02969927E+00  3.06010964E-02
 -3.02969927E+00  7.03703670E-06
 -3.02969927E+00 -3.05870224E-02
 -3.02969927E+00 -6.11810818E-02
 -3.02969927E+00 -9.17751412E-02
 -3.02969927E+00 -1.22369201E-01
 -3.02969927E+00 -1.52963260E-01
 -3.02969927E+00 -1.83557319E-01
 -3.02969927E+00 -2.14151379E-01
 -3.02969927E+00 -2.44745438E-01
 -3.02969927E+00 -2.75339498E-01
 -3.02969927E+00 -3.05933557E-01
 -3.02969927E+00 -3.36527616E-01
 -3.02969927E+00 -3.67121676E-01
 -3.02969927E+00 -3.97715735E-01
 -3.02969927E+00 -4.28309795E-01
 -3.02969927E+00 -4.58903854E-01
 -3.02969927E+00 -4.89497913E-01
 -3.02969927E+00 -5.20091973E-01
 -3.02969927E+00 -5.50686032E-01
 -3.02969927E+00 -5.81280092E-01
 -3.02969927E+00 -6.11874151E-01
 -3.02969927E+00 -6.42468210E-01
 -3.02969927E+00 -6.73062270E-01
 -3.02969927E+00 -7.03656329E-01
 -3.02969927E+00 -7.34250389E-01
 -3.02969927E+00 -7.64844448E-01
 -3.02969927E+00 -7.95438508E-01
 -3.02969927E+00 -8.26032567E-01
 -3.02969927E+00 -8.56626626E-01

wt: s[c5]
\vspace{-3}
  zmin  &=&  -2.8000E-01 [cm]
  zmax  &=&  -1.8000E-01 [cm]
  part. &=& all     
e:
 
# Information for Restart Calculation
# This calculation was newly started
# istdev =  2 # 1:Batch variance, 2:History variance
# resc2  = 0.00000000000000000E+00 # Total source weight or Total source weight / maxcas
# resc3  = 0.00000000000000000E+00 # Total history number or Total batch number
# maxcas =          50 # History / Batch, only used for istdev=1
# bitrseed = 0000000000000000000000000000000000000000000000000000000000000000 # bit data of rseed
