           _________________________________________________________
          |                                                         |
          |       _/_/_/_/                                          |
          |      _/      _/                  _/_/_/_/_/_/           |
          |     _/      _/  _/      _/   _/      _/      _/_/_/_/_/ |
          |    _/_/_/_/    _/      _/   _/      _/      _/          |
          |   _/          _/_/_/_/_/   _/      _/       _/_/_/_/    |
          |  _/          _/      _/   _/      _/              _/    |
          | _/          _/      _/   _/      _/      _/_/_/_/_/     |
          |                                                         |
          |                                                         |
          |       Particle and Heavy Ion Transport code System      |
          |                      Version =  3.350                   |
          |                       developed by                      |
          |                                                         |
          |  Tatsuhiko SATO, Yosuke IWAMOTO, Shintaro HASHIMOTO,    |
          |    Tatsuhiko OGAWA, Takuya FURUTA, Shinichiro ABE,      |
          |    Takeshi KAI, Norihiro MATSUDA, Yusuke MATSUYA,       |
          |      Yuho HIRATA, Takuya SEKIKAWA, Pi-En TSAI,          |
          |                Hunter RATLIFF (JAEA),                   |
          |                                                         |
          |  Hiroshi IWASE, Yasuhito SAKAKI, Kenta SUGIHARA (KEK),  |
          |                                                         |
          |           Nobuhiro SHIGYO (Kyushu University),          |
          |                                                         |
          |      Lembit SIHVER (Technische Universitat Wien), and   |
          |                                                         |
          |                     Koji NIITA (RIST)                   |
          |                                                         |
          |                 Last Revised  2025-03-28                |
          |_________________________________________________________|

                 ______________ [ Job Title ] ____________ 
                |                                         |
                |  Modulo acrilico posicionador Hamsters  |
                |_________________________________________|

                        Starting Date = 2026-04-13
                        Starting Time = 14h 43m 22

>>> Input Echo >>>=============================================================

[ Title ]
Modulo acrilico posicionador Hamsters

[ Parameters ]
 icntl    =           8     # (D=0) 3:ECH 5:NOR 6:SRC 7,8:GSH 11:DSH 12:DUMP
 maxcas   =          50     # (D=10) number of particles per one batch
 maxbch   =         200     # (D=10) number of batches

[ Source ]
  totfact =   1.0000        # (D=1.0) global factor
   s-type =   1             # cylindrical source
     proj =  proton         # kind of incident particle         
       e0 =   150.00        # energy of beam [MeV/n]
       r0 =   1.0000        # radius [cm]
       r1 =   0.0000        # minimum radius [cm]
       x0 =   17.000        # (D=0.0) center position of x-axis [cm]
       y0 =   2.5000        # (D=0.0) center position of y-axis [cm]
       z0 =   12.000        # minimum position of z-axis [cm]
       z1 =   14.000        # maximum position of z-axis [cm]
      dir =  -1.0000        # z-direction of beam [cosine]
     trcl =      1          # transform ID

[ Material ]
MAT[ 1 ] 
            C         5.0000000E+00
            H         8.0000000E+00
            O         2.0000000E+00
MAT[ 2 ] 
           Al         1.0000000E+00
MAT[ 3 ] 
            H         2.0000000E+00
            O         1.0000000E+00
MAT[ 4 ] 
           Pb         1.0000000E+00
MAT[ 5 ] 
           Fe         1.0000000E+00
MAT[ 6 ] 
           Fe         1.0000000E+00
            C         1.0000000E+00
MAT[ 7 ] 
            H         1.0447200E-01
            C         2.3219000E-01
            N         2.4880000E-02
            O         6.3023800E-01
           Na         1.1300000E-03
           Mg         1.3000000E-04
            P         1.3300000E-03
            S         1.9900000E-03
           Cl         1.3400000E-03
            K         1.9900000E-03
           Ca         2.3000000E-04
           Fe         5.0000000E-05
           Zn         3.0000000E-05
MAT[ 8 ] 
            H         1.0058800E-01
            C         2.2825000E-01
            N         4.6420000E-02
            O         6.1900200E-01
           Na         7.0000000E-05
           Mg         6.0000000E-05
            P         3.3000000E-04
            S         1.5900000E-03
           Cl         2.6700000E-03
            K         8.5000000E-04
           Ca         1.5000000E-04
           Fe         1.0000000E-05
           Zn         1.0000000E-05
MAT[ 999 ] 
            C         1.2400000E-04
            N         7.5526700E-01
            O         2.3178100E-01
           Ar         1.2827000E-02

[ Cell ]
 100         1 -1.1800000E+00  -1 #200 #300 #500 #510 #600 
 200       999 -1.2047900E-03  -2 #500 #510 
 300         1 -1.1800000E+00  -4 
 400         4 -1.1340000E+01  -7 
 500         8 -1.1000000E+00  -6 #510 
 510         7 -1.0000000E+00  -5 
 600       999 -1.2047900E-03  -3 
 1000      999 -1.2047900E-03  -101 #100 #200 #300 #400 #500 #510 #600 
 1001       -1                 101 

[ Surface ]
 1           1 rpp   0.0000000E+00  1.3470000E+01  0.0000000E+00
                     5.2300000E+00  0.0000000E+00  4.9200000E+00
 2           1 rpp   2.5000000E-01  1.3220000E+01  2.5000000E-01
                     4.9800000E+00  2.5000000E-01  4.6700000E+00
 3           1 rpp   1.3220000E+01  1.3470000E+01  1.1230000E+00
                     4.0950000E+00  1.9900000E+00  4.9200000E+00
 4           1 rpp   1.3470000E+01  1.6657000E+01  1.1230000E+00
                     4.0950000E+00  1.9900000E+00  2.2200000E+00
 5           1 rpp   1.4470000E+01  1.6470000E+01  1.6230000E+00
                     3.5950000E+00  2.2200000E+00  2.3200000E+00
 6           1 ell   6.7350000E+00  2.6150000E+00  2.2500000E+00
                     6.0000000E+00  0.0000000E+00  0.0000000E+00
                    -2.0000000E+00
 7           1 rpp   1.3000000E+01  1.7000000E+01  1.2300000E-01
                     5.0950000E+00  7.3200000E+00  7.4200000E+00
 101         1 so    4.0000000E+01

[ Transform ]
tr1           -1.7000000E+01 -2.5000000E+00 -2.5000000E+00
               1.0000000E+00  0.0000000E+00  0.0000000E+00
               0.0000000E+00  1.0000000E+00  0.0000000E+00
               0.0000000E+00  0.0000000E+00  1.0000000E+00    1

[ Mat Name Color ]
   mat        name     size        color   # HSB color value
     0        void     1.00    lightgray   # { -0.800  1.000  1.000 }
     1    acrilico     2.00        green   # {  0.600  1.000  1.000 }
     2    aluminio     2.00       orange   # {  0.933  1.000  1.000 }
     3        agua     2.00         cyan   # {  0.400  1.000  1.000 }
     4       plomo     3.00      magenta   # {  0.067  1.000  1.000 }
     5      hierro     2.00        brown   # {  0.900  1.000  0.500 }
     6       acero     2.00     darkgray   # { -0.400  1.000  1.000 }
     7       pouch     3.00         pink   # {  1.000  0.500  1.000 }
     8     hamster     3.00        brown   # {  0.900  1.000  0.500 }
   999        aire     1.00        white   # { -1.000  1.000  1.000 }

[ T-Track ]
    title = [t-track] in xyz mesh
     mesh =  xyz            # mesh type is xyz scoring mesh
   x-type =    2            # x-mesh is linear given by xmin, xmax and nx
     xmin =  -20.00000      # minimum value of x-mesh points
     xmax =   5.000000      # maximum value of x-mesh points
#    xdel =  0.1250000      # mesh width of x-mesh points
       nx =    200          # number of x-mesh points
#    data = ( x(i), i = 1, nx + 1 )
#          -2.00000E+01 -1.98750E+01 -1.97500E+01 -1.96250E+01 -1.95000E+01
#          -1.93750E+01 -1.92500E+01 -1.91250E+01 -1.90000E+01 -1.88750E+01
#          -1.87500E+01 -1.86250E+01 -1.85000E+01 -1.83750E+01 -1.82500E+01
#          -1.81250E+01 -1.80000E+01 -1.78750E+01 -1.77500E+01 -1.76250E+01
#          -1.75000E+01 -1.73750E+01 -1.72500E+01 -1.71250E+01 -1.70000E+01
#          -1.68750E+01 -1.67500E+01 -1.66250E+01 -1.65000E+01 -1.63750E+01
#          -1.62500E+01 -1.61250E+01 -1.60000E+01 -1.58750E+01 -1.57500E+01
#          -1.56250E+01 -1.55000E+01 -1.53750E+01 -1.52500E+01 -1.51250E+01
#          -1.50000E+01 -1.48750E+01 -1.47500E+01 -1.46250E+01 -1.45000E+01
#          -1.43750E+01 -1.42500E+01 -1.41250E+01 -1.40000E+01 -1.38750E+01
#          -1.37500E+01 -1.36250E+01 -1.35000E+01 -1.33750E+01 -1.32500E+01
#          -1.31250E+01 -1.30000E+01 -1.28750E+01 -1.27500E+01 -1.26250E+01
#          -1.25000E+01 -1.23750E+01 -1.22500E+01 -1.21250E+01 -1.20000E+01
#          -1.18750E+01 -1.17500E+01 -1.16250E+01 -1.15000E+01 -1.13750E+01
#          -1.12500E+01 -1.11250E+01 -1.10000E+01 -1.08750E+01 -1.07500E+01
#          -1.06250E+01 -1.05000E+01 -1.03750E+01 -1.02500E+01 -1.01250E+01
#          -1.00000E+01 -9.87500E+00 -9.75000E+00 -9.62500E+00 -9.50000E+00
#          -9.37500E+00 -9.25000E+00 -9.12500E+00 -9.00000E+00 -8.87500E+00
#          -8.75000E+00 -8.62500E+00 -8.50000E+00 -8.37500E+00 -8.25000E+00
#          -8.12500E+00 -8.00000E+00 -7.87500E+00 -7.75000E+00 -7.62500E+00
#          -7.50000E+00 -7.37500E+00 -7.25000E+00 -7.12500E+00 -7.00000E+00
#          -6.87500E+00 -6.75000E+00 -6.62500E+00 -6.50000E+00 -6.37500E+00
#          -6.25000E+00 -6.12500E+00 -6.00000E+00 -5.87500E+00 -5.75000E+00
#          -5.62500E+00 -5.50000E+00 -5.37500E+00 -5.25000E+00 -5.12500E+00
#          -5.00000E+00 -4.87500E+00 -4.75000E+00 -4.62500E+00 -4.50000E+00
#          -4.37500E+00 -4.25000E+00 -4.12500E+00 -4.00000E+00 -3.87500E+00
#          -3.75000E+00 -3.62500E+00 -3.50000E+00 -3.37500E+00 -3.25000E+00
#          -3.12500E+00 -3.00000E+00 -2.87500E+00 -2.75000E+00 -2.62500E+00
#          -2.50000E+00 -2.37500E+00 -2.25000E+00 -2.12500E+00 -2.00000E+00
#          -1.87500E+00 -1.75000E+00 -1.62500E+00 -1.50000E+00 -1.37500E+00
#          -1.25000E+00 -1.12500E+00 -1.00000E+00 -8.75000E-01 -7.50000E-01
#          -6.25000E-01 -5.00000E-01 -3.75000E-01 -2.50000E-01 -1.25000E-01
#           0.00000E+00  1.25000E-01  2.50000E-01  3.75000E-01  5.00000E-01
#           6.25000E-01  7.50000E-01  8.75000E-01  1.00000E+00  1.12500E+00
#           1.25000E+00  1.37500E+00  1.50000E+00  1.62500E+00  1.75000E+00
#           1.87500E+00  2.00000E+00  2.12500E+00  2.25000E+00  2.37500E+00
#           2.50000E+00  2.62500E+00  2.75000E+00  2.87500E+00  3.00000E+00
#           3.12500E+00  3.25000E+00  3.37500E+00  3.50000E+00  3.62500E+00
#           3.75000E+00  3.87500E+00  4.00000E+00  4.12500E+00  4.25000E+00
#           4.37500E+00  4.50000E+00  4.62500E+00  4.75000E+00  4.87500E+00
#           5.00000E+00
   y-type =    2            # y-mesh is linear given by ymin, ymax and ny
     ymin =  -5.000000      # minimum value of y-mesh points
     ymax =   5.000000      # maximum value of y-mesh points
#    ydel =  5.0000000E-02  # mesh width of y-mesh points
       ny =    200          # number of y-mesh points
#    data = ( y(i), i = 1, ny + 1 )
#          -5.00000E+00 -4.95000E+00 -4.90000E+00 -4.85000E+00 -4.80000E+00
#          -4.75000E+00 -4.70000E+00 -4.65000E+00 -4.60000E+00 -4.55000E+00
#          -4.50000E+00 -4.45000E+00 -4.40000E+00 -4.35000E+00 -4.30000E+00
#          -4.25000E+00 -4.20000E+00 -4.15000E+00 -4.10000E+00 -4.05000E+00
#          -4.00000E+00 -3.95000E+00 -3.90000E+00 -3.85000E+00 -3.80000E+00
#          -3.75000E+00 -3.70000E+00 -3.65000E+00 -3.60000E+00 -3.55000E+00
#          -3.50000E+00 -3.45000E+00 -3.40000E+00 -3.35000E+00 -3.30000E+00
#          -3.25000E+00 -3.20000E+00 -3.15000E+00 -3.10000E+00 -3.05000E+00
#          -3.00000E+00 -2.95000E+00 -2.90000E+00 -2.85000E+00 -2.80000E+00
#          -2.75000E+00 -2.70000E+00 -2.65000E+00 -2.60000E+00 -2.55000E+00
#          -2.50000E+00 -2.45000E+00 -2.40000E+00 -2.35000E+00 -2.30000E+00
#          -2.25000E+00 -2.20000E+00 -2.15000E+00 -2.10000E+00 -2.05000E+00
#          -2.00000E+00 -1.95000E+00 -1.90000E+00 -1.85000E+00 -1.80000E+00
#          -1.75000E+00 -1.70000E+00 -1.65000E+00 -1.60000E+00 -1.55000E+00
#          -1.50000E+00 -1.45000E+00 -1.40000E+00 -1.35000E+00 -1.30000E+00
#          -1.25000E+00 -1.20000E+00 -1.15000E+00 -1.10000E+00 -1.05000E+00
#          -1.00000E+00 -9.50000E-01 -9.00000E-01 -8.50000E-01 -8.00000E-01
#          -7.50000E-01 -7.00000E-01 -6.50000E-01 -6.00000E-01 -5.50000E-01
#          -5.00000E-01 -4.50000E-01 -4.00000E-01 -3.50000E-01 -3.00000E-01
#          -2.50000E-01 -2.00000E-01 -1.50000E-01 -1.00000E-01 -5.00000E-02
#           0.00000E+00  5.00000E-02  1.00000E-01  1.50000E-01  2.00000E-01
#           2.50000E-01  3.00000E-01  3.50000E-01  4.00000E-01  4.50000E-01
#           5.00000E-01  5.50000E-01  6.00000E-01  6.50000E-01  7.00000E-01
#           7.50000E-01  8.00000E-01  8.50000E-01  9.00000E-01  9.50000E-01
#           1.00000E+00  1.05000E+00  1.10000E+00  1.15000E+00  1.20000E+00
#           1.25000E+00  1.30000E+00  1.35000E+00  1.40000E+00  1.45000E+00
#           1.50000E+00  1.55000E+00  1.60000E+00  1.65000E+00  1.70000E+00
#           1.75000E+00  1.80000E+00  1.85000E+00  1.90000E+00  1.95000E+00
#           2.00000E+00  2.05000E+00  2.10000E+00  2.15000E+00  2.20000E+00
#           2.25000E+00  2.30000E+00  2.35000E+00  2.40000E+00  2.45000E+00
#           2.50000E+00  2.55000E+00  2.60000E+00  2.65000E+00  2.70000E+00
#           2.75000E+00  2.80000E+00  2.85000E+00  2.90000E+00  2.95000E+00
#           3.00000E+00  3.05000E+00  3.10000E+00  3.15000E+00  3.20000E+00
#           3.25000E+00  3.30000E+00  3.35000E+00  3.40000E+00  3.45000E+00
#           3.50000E+00  3.55000E+00  3.60000E+00  3.65000E+00  3.70000E+00
#           3.75000E+00  3.80000E+00  3.85000E+00  3.90000E+00  3.95000E+00
#           4.00000E+00  4.05000E+00  4.10000E+00  4.15000E+00  4.20000E+00
#           4.25000E+00  4.30000E+00  4.35000E+00  4.40000E+00  4.45000E+00
#           4.50000E+00  4.55000E+00  4.60000E+00  4.65000E+00  4.70000E+00
#           4.75000E+00  4.80000E+00  4.85000E+00  4.90000E+00  4.95000E+00
#           5.00000E+00
   z-type =    2            # z-mesh is linear given by zmin, zmax and nz
     zmin = -0.5000000      # minimum value of z-mesh points
     zmax =  0.7000000      # maximum value of z-mesh points
#    zdel =   1.200000      # mesh width of z-mesh points
       nz =      1          # number of z-mesh points
#    data = ( z(i), i = 1, nz + 1 )
#          -5.00000E-01  7.00000E-01
   e-type =    1            # e-mesh is given by the below data
       ne =      1          # number of e-mesh points
#    data = ( e(i), i = 1, ne + 1 )
            0.00000E+00  1.00000E+03
     unit =    1            # unit is [1/cm^2/source]
 material =  all            # (D=all) number of specific material
  2D-type =    3            # 1:Cont, 2:Clust, 3:Color, 4:xyz, 5:mat, 6:Clust+Cont, 7:Col+Cont
     axis =      xy            # axis of output
     file = track_xy.out    # file name of output for the above axis
     part =  all      
# kf/name :  0        
    gshow =    3            # 0: no 1:bnd, 2:bnd+mat, 3:bnd+reg 4:bnd+lat 5:bmp style
    resol =    1            # (D=1) resolution of gshow or rshow
    width = 0.5000000       # (D=0.5) width of lines for gshow or rshow
   epsout =    1            # (D=0) generate eps file by ANGEL
#    used :        main (  %)        temp (  %)       total (  %)
#  memory :         410 (  0)           0 (  0)         410 (  0)

[ T-Track ]
    title = [t-track] in xyz mesh
     mesh =  xyz            # mesh type is xyz scoring mesh
   x-type =    2            # x-mesh is linear given by xmin, xmax and nx
     xmin =  -2.160000      # minimum value of x-mesh points
     xmax =  -2.140000      # maximum value of x-mesh points
#    xdel =  2.0000000E-02  # mesh width of x-mesh points
       nx =      1          # number of x-mesh points
#    data = ( x(i), i = 1, nx + 1 )
#          -2.16000E+00 -2.14000E+00
   y-type =    2            # y-mesh is linear given by ymin, ymax and ny
     ymin =  -5.000000      # minimum value of y-mesh points
     ymax =   5.000000      # maximum value of y-mesh points
#    ydel =  5.0000000E-02  # mesh width of y-mesh points
       ny =    200          # number of y-mesh points
#    data = ( y(i), i = 1, ny + 1 )
#          -5.00000E+00 -4.95000E+00 -4.90000E+00 -4.85000E+00 -4.80000E+00
#          -4.75000E+00 -4.70000E+00 -4.65000E+00 -4.60000E+00 -4.55000E+00
#          -4.50000E+00 -4.45000E+00 -4.40000E+00 -4.35000E+00 -4.30000E+00
#          -4.25000E+00 -4.20000E+00 -4.15000E+00 -4.10000E+00 -4.05000E+00
#          -4.00000E+00 -3.95000E+00 -3.90000E+00 -3.85000E+00 -3.80000E+00
#          -3.75000E+00 -3.70000E+00 -3.65000E+00 -3.60000E+00 -3.55000E+00
#          -3.50000E+00 -3.45000E+00 -3.40000E+00 -3.35000E+00 -3.30000E+00
#          -3.25000E+00 -3.20000E+00 -3.15000E+00 -3.10000E+00 -3.05000E+00
#          -3.00000E+00 -2.95000E+00 -2.90000E+00 -2.85000E+00 -2.80000E+00
#          -2.75000E+00 -2.70000E+00 -2.65000E+00 -2.60000E+00 -2.55000E+00
#          -2.50000E+00 -2.45000E+00 -2.40000E+00 -2.35000E+00 -2.30000E+00
#          -2.25000E+00 -2.20000E+00 -2.15000E+00 -2.10000E+00 -2.05000E+00
#          -2.00000E+00 -1.95000E+00 -1.90000E+00 -1.85000E+00 -1.80000E+00
#          -1.75000E+00 -1.70000E+00 -1.65000E+00 -1.60000E+00 -1.55000E+00
#          -1.50000E+00 -1.45000E+00 -1.40000E+00 -1.35000E+00 -1.30000E+00
#          -1.25000E+00 -1.20000E+00 -1.15000E+00 -1.10000E+00 -1.05000E+00
#          -1.00000E+00 -9.50000E-01 -9.00000E-01 -8.50000E-01 -8.00000E-01
#          -7.50000E-01 -7.00000E-01 -6.50000E-01 -6.00000E-01 -5.50000E-01
#          -5.00000E-01 -4.50000E-01 -4.00000E-01 -3.50000E-01 -3.00000E-01
#          -2.50000E-01 -2.00000E-01 -1.50000E-01 -1.00000E-01 -5.00000E-02
#           0.00000E+00  5.00000E-02  1.00000E-01  1.50000E-01  2.00000E-01
#           2.50000E-01  3.00000E-01  3.50000E-01  4.00000E-01  4.50000E-01
#           5.00000E-01  5.50000E-01  6.00000E-01  6.50000E-01  7.00000E-01
#           7.50000E-01  8.00000E-01  8.50000E-01  9.00000E-01  9.50000E-01
#           1.00000E+00  1.05000E+00  1.10000E+00  1.15000E+00  1.20000E+00
#           1.25000E+00  1.30000E+00  1.35000E+00  1.40000E+00  1.45000E+00
#           1.50000E+00  1.55000E+00  1.60000E+00  1.65000E+00  1.70000E+00
#           1.75000E+00  1.80000E+00  1.85000E+00  1.90000E+00  1.95000E+00
#           2.00000E+00  2.05000E+00  2.10000E+00  2.15000E+00  2.20000E+00
#           2.25000E+00  2.30000E+00  2.35000E+00  2.40000E+00  2.45000E+00
#           2.50000E+00  2.55000E+00  2.60000E+00  2.65000E+00  2.70000E+00
#           2.75000E+00  2.80000E+00  2.85000E+00  2.90000E+00  2.95000E+00
#           3.00000E+00  3.05000E+00  3.10000E+00  3.15000E+00  3.20000E+00
#           3.25000E+00  3.30000E+00  3.35000E+00  3.40000E+00  3.45000E+00
#           3.50000E+00  3.55000E+00  3.60000E+00  3.65000E+00  3.70000E+00
#           3.75000E+00  3.80000E+00  3.85000E+00  3.90000E+00  3.95000E+00
#           4.00000E+00  4.05000E+00  4.10000E+00  4.15000E+00  4.20000E+00
#           4.25000E+00  4.30000E+00  4.35000E+00  4.40000E+00  4.45000E+00
#           4.50000E+00  4.55000E+00  4.60000E+00  4.65000E+00  4.70000E+00
#           4.75000E+00  4.80000E+00  4.85000E+00  4.90000E+00  4.95000E+00
#           5.00000E+00
   z-type =    2            # z-mesh is linear given by zmin, zmax and nz
     zmin =  -5.000000      # minimum value of z-mesh points
     zmax =   15.00000      # maximum value of z-mesh points
#    zdel =  0.1000000      # mesh width of z-mesh points
       nz =    200          # number of z-mesh points
#    data = ( z(i), i = 1, nz + 1 )
#          -5.00000E+00 -4.90000E+00 -4.80000E+00 -4.70000E+00 -4.60000E+00
#          -4.50000E+00 -4.40000E+00 -4.30000E+00 -4.20000E+00 -4.10000E+00
#          -4.00000E+00 -3.90000E+00 -3.80000E+00 -3.70000E+00 -3.60000E+00
#          -3.50000E+00 -3.40000E+00 -3.30000E+00 -3.20000E+00 -3.10000E+00
#          -3.00000E+00 -2.90000E+00 -2.80000E+00 -2.70000E+00 -2.60000E+00
#          -2.50000E+00 -2.40000E+00 -2.30000E+00 -2.20000E+00 -2.10000E+00
#          -2.00000E+00 -1.90000E+00 -1.80000E+00 -1.70000E+00 -1.60000E+00
#          -1.50000E+00 -1.40000E+00 -1.30000E+00 -1.20000E+00 -1.10000E+00
#          -1.00000E+00 -9.00000E-01 -8.00000E-01 -7.00000E-01 -6.00000E-01
#          -5.00000E-01 -4.00000E-01 -3.00000E-01 -2.00000E-01 -1.00000E-01
#           0.00000E+00  1.00000E-01  2.00000E-01  3.00000E-01  4.00000E-01
#           5.00000E-01  6.00000E-01  7.00000E-01  8.00000E-01  9.00000E-01
#           1.00000E+00  1.10000E+00  1.20000E+00  1.30000E+00  1.40000E+00
#           1.50000E+00  1.60000E+00  1.70000E+00  1.80000E+00  1.90000E+00
#           2.00000E+00  2.10000E+00  2.20000E+00  2.30000E+00  2.40000E+00
#           2.50000E+00  2.60000E+00  2.70000E+00  2.80000E+00  2.90000E+00
#           3.00000E+00  3.10000E+00  3.20000E+00  3.30000E+00  3.40000E+00
#           3.50000E+00  3.60000E+00  3.70000E+00  3.80000E+00  3.90000E+00
#           4.00000E+00  4.10000E+00  4.20000E+00  4.30000E+00  4.40000E+00
#           4.50000E+00  4.60000E+00  4.70000E+00  4.80000E+00  4.90000E+00
#           5.00000E+00  5.10000E+00  5.20000E+00  5.30000E+00  5.40000E+00
#           5.50000E+00  5.60000E+00  5.70000E+00  5.80000E+00  5.90000E+00
#           6.00000E+00  6.10000E+00  6.20000E+00  6.30000E+00  6.40000E+00
#           6.50000E+00  6.60000E+00  6.70000E+00  6.80000E+00  6.90000E+00
#           7.00000E+00  7.10000E+00  7.20000E+00  7.30000E+00  7.40000E+00
#           7.50000E+00  7.60000E+00  7.70000E+00  7.80000E+00  7.90000E+00
#           8.00000E+00  8.10000E+00  8.20000E+00  8.30000E+00  8.40000E+00
#           8.50000E+00  8.60000E+00  8.70000E+00  8.80000E+00  8.90000E+00
#           9.00000E+00  9.10000E+00  9.20000E+00  9.30000E+00  9.40000E+00
#           9.50000E+00  9.60000E+00  9.70000E+00  9.80000E+00  9.90000E+00
#           1.00000E+01  1.01000E+01  1.02000E+01  1.03000E+01  1.04000E+01
#           1.05000E+01  1.06000E+01  1.07000E+01  1.08000E+01  1.09000E+01
#           1.10000E+01  1.11000E+01  1.12000E+01  1.13000E+01  1.14000E+01
#           1.15000E+01  1.16000E+01  1.17000E+01  1.18000E+01  1.19000E+01
#           1.20000E+01  1.21000E+01  1.22000E+01  1.23000E+01  1.24000E+01
#           1.25000E+01  1.26000E+01  1.27000E+01  1.28000E+01  1.29000E+01
#           1.30000E+01  1.31000E+01  1.32000E+01  1.33000E+01  1.34000E+01
#           1.35000E+01  1.36000E+01  1.37000E+01  1.38000E+01  1.39000E+01
#           1.40000E+01  1.41000E+01  1.42000E+01  1.43000E+01  1.44000E+01
#           1.45000E+01  1.46000E+01  1.47000E+01  1.48000E+01  1.49000E+01
#           1.50000E+01
   e-type =    1            # e-mesh is given by the below data
       ne =      1          # number of e-mesh points
#    data = ( e(i), i = 1, ne + 1 )
            0.00000E+00  1.00000E+03
     unit =    1            # unit is [1/cm^2/source]
 material =  all            # (D=all) number of specific material
  2D-type =    3            # 1:Cont, 2:Clust, 3:Color, 4:xyz, 5:mat, 6:Clust+Cont, 7:Col+Cont
     axis =      yz            # axis of output
     file = track_yz.out    # file name of output for the above axis
     part =  all      
# kf/name :  0        
    gshow =    3            # 0: no 1:bnd, 2:bnd+mat, 3:bnd+reg 4:bnd+lat 5:bmp style
    resol =    1            # (D=1) resolution of gshow or rshow
    width = 0.5000000       # (D=0.5) width of lines for gshow or rshow
   epsout =    1            # (D=0) generate eps file by ANGEL
#    used :        main (  %)        temp (  %)       total (  %)
#  memory :         410 (  0)           0 (  0)         410 (  0)

[ T-Track ]
    title = [t-track] in xyz mesh
     mesh =  xyz            # mesh type is xyz scoring mesh
   x-type =    2            # x-mesh is linear given by xmin, xmax and nx
     xmin =  -20.00000      # minimum value of x-mesh points
     xmax =   5.000000      # maximum value of x-mesh points
#    xdel =  0.1250000      # mesh width of x-mesh points
       nx =    200          # number of x-mesh points
#    data = ( x(i), i = 1, nx + 1 )
#          -2.00000E+01 -1.98750E+01 -1.97500E+01 -1.96250E+01 -1.95000E+01
#          -1.93750E+01 -1.92500E+01 -1.91250E+01 -1.90000E+01 -1.88750E+01
#          -1.87500E+01 -1.86250E+01 -1.85000E+01 -1.83750E+01 -1.82500E+01
#          -1.81250E+01 -1.80000E+01 -1.78750E+01 -1.77500E+01 -1.76250E+01
#          -1.75000E+01 -1.73750E+01 -1.72500E+01 -1.71250E+01 -1.70000E+01
#          -1.68750E+01 -1.67500E+01 -1.66250E+01 -1.65000E+01 -1.63750E+01
#          -1.62500E+01 -1.61250E+01 -1.60000E+01 -1.58750E+01 -1.57500E+01
#          -1.56250E+01 -1.55000E+01 -1.53750E+01 -1.52500E+01 -1.51250E+01
#          -1.50000E+01 -1.48750E+01 -1.47500E+01 -1.46250E+01 -1.45000E+01
#          -1.43750E+01 -1.42500E+01 -1.41250E+01 -1.40000E+01 -1.38750E+01
#          -1.37500E+01 -1.36250E+01 -1.35000E+01 -1.33750E+01 -1.32500E+01
#          -1.31250E+01 -1.30000E+01 -1.28750E+01 -1.27500E+01 -1.26250E+01
#          -1.25000E+01 -1.23750E+01 -1.22500E+01 -1.21250E+01 -1.20000E+01
#          -1.18750E+01 -1.17500E+01 -1.16250E+01 -1.15000E+01 -1.13750E+01
#          -1.12500E+01 -1.11250E+01 -1.10000E+01 -1.08750E+01 -1.07500E+01
#          -1.06250E+01 -1.05000E+01 -1.03750E+01 -1.02500E+01 -1.01250E+01
#          -1.00000E+01 -9.87500E+00 -9.75000E+00 -9.62500E+00 -9.50000E+00
#          -9.37500E+00 -9.25000E+00 -9.12500E+00 -9.00000E+00 -8.87500E+00
#          -8.75000E+00 -8.62500E+00 -8.50000E+00 -8.37500E+00 -8.25000E+00
#          -8.12500E+00 -8.00000E+00 -7.87500E+00 -7.75000E+00 -7.62500E+00
#          -7.50000E+00 -7.37500E+00 -7.25000E+00 -7.12500E+00 -7.00000E+00
#          -6.87500E+00 -6.75000E+00 -6.62500E+00 -6.50000E+00 -6.37500E+00
#          -6.25000E+00 -6.12500E+00 -6.00000E+00 -5.87500E+00 -5.75000E+00
#          -5.62500E+00 -5.50000E+00 -5.37500E+00 -5.25000E+00 -5.12500E+00
#          -5.00000E+00 -4.87500E+00 -4.75000E+00 -4.62500E+00 -4.50000E+00
#          -4.37500E+00 -4.25000E+00 -4.12500E+00 -4.00000E+00 -3.87500E+00
#          -3.75000E+00 -3.62500E+00 -3.50000E+00 -3.37500E+00 -3.25000E+00
#          -3.12500E+00 -3.00000E+00 -2.87500E+00 -2.75000E+00 -2.62500E+00
#          -2.50000E+00 -2.37500E+00 -2.25000E+00 -2.12500E+00 -2.00000E+00
#          -1.87500E+00 -1.75000E+00 -1.62500E+00 -1.50000E+00 -1.37500E+00
#          -1.25000E+00 -1.12500E+00 -1.00000E+00 -8.75000E-01 -7.50000E-01
#          -6.25000E-01 -5.00000E-01 -3.75000E-01 -2.50000E-01 -1.25000E-01
#           0.00000E+00  1.25000E-01  2.50000E-01  3.75000E-01  5.00000E-01
#           6.25000E-01  7.50000E-01  8.75000E-01  1.00000E+00  1.12500E+00
#           1.25000E+00  1.37500E+00  1.50000E+00  1.62500E+00  1.75000E+00
#           1.87500E+00  2.00000E+00  2.12500E+00  2.25000E+00  2.37500E+00
#           2.50000E+00  2.62500E+00  2.75000E+00  2.87500E+00  3.00000E+00
#           3.12500E+00  3.25000E+00  3.37500E+00  3.50000E+00  3.62500E+00
#           3.75000E+00  3.87500E+00  4.00000E+00  4.12500E+00  4.25000E+00
#           4.37500E+00  4.50000E+00  4.62500E+00  4.75000E+00  4.87500E+00
#           5.00000E+00
   y-type =    1            # y-mesh is given by the below data
       ny =      1          # number of y-mesh points
#    data = ( y(i), i = 1, ny + 1 )
           -1.00000E-01  1.00000E-01
   z-type =    2            # z-mesh is linear given by zmin, zmax and nz
     zmin =  -5.000000      # minimum value of z-mesh points
     zmax =   10.00000      # maximum value of z-mesh points
#    zdel =  7.5000000E-02  # mesh width of z-mesh points
       nz =    200          # number of z-mesh points
#    data = ( z(i), i = 1, nz + 1 )
#          -5.00000E+00 -4.92500E+00 -4.85000E+00 -4.77500E+00 -4.70000E+00
#          -4.62500E+00 -4.55000E+00 -4.47500E+00 -4.40000E+00 -4.32500E+00
#          -4.25000E+00 -4.17500E+00 -4.10000E+00 -4.02500E+00 -3.95000E+00
#          -3.87500E+00 -3.80000E+00 -3.72500E+00 -3.65000E+00 -3.57500E+00
#          -3.50000E+00 -3.42500E+00 -3.35000E+00 -3.27500E+00 -3.20000E+00
#          -3.12500E+00 -3.05000E+00 -2.97500E+00 -2.90000E+00 -2.82500E+00
#          -2.75000E+00 -2.67500E+00 -2.60000E+00 -2.52500E+00 -2.45000E+00
#          -2.37500E+00 -2.30000E+00 -2.22500E+00 -2.15000E+00 -2.07500E+00
#          -2.00000E+00 -1.92500E+00 -1.85000E+00 -1.77500E+00 -1.70000E+00
#          -1.62500E+00 -1.55000E+00 -1.47500E+00 -1.40000E+00 -1.32500E+00
#          -1.25000E+00 -1.17500E+00 -1.10000E+00 -1.02500E+00 -9.50000E-01
#          -8.75000E-01 -8.00000E-01 -7.25000E-01 -6.50000E-01 -5.75000E-01
#          -5.00000E-01 -4.25000E-01 -3.50000E-01 -2.75000E-01 -2.00000E-01
#          -1.25000E-01 -5.00000E-02  2.50000E-02  1.00000E-01  1.75000E-01
#           2.50000E-01  3.25000E-01  4.00000E-01  4.75000E-01  5.50000E-01
#           6.25000E-01  7.00000E-01  7.75000E-01  8.50000E-01  9.25000E-01
#           1.00000E+00  1.07500E+00  1.15000E+00  1.22500E+00  1.30000E+00
#           1.37500E+00  1.45000E+00  1.52500E+00  1.60000E+00  1.67500E+00
#           1.75000E+00  1.82500E+00  1.90000E+00  1.97500E+00  2.05000E+00
#           2.12500E+00  2.20000E+00  2.27500E+00  2.35000E+00  2.42500E+00
#           2.50000E+00  2.57500E+00  2.65000E+00  2.72500E+00  2.80000E+00
#           2.87500E+00  2.95000E+00  3.02500E+00  3.10000E+00  3.17500E+00
#           3.25000E+00  3.32500E+00  3.40000E+00  3.47500E+00  3.55000E+00
#           3.62500E+00  3.70000E+00  3.77500E+00  3.85000E+00  3.92500E+00
#           4.00000E+00  4.07500E+00  4.15000E+00  4.22500E+00  4.30000E+00
#           4.37500E+00  4.45000E+00  4.52500E+00  4.60000E+00  4.67500E+00
#           4.75000E+00  4.82500E+00  4.90000E+00  4.97500E+00  5.05000E+00
#           5.12500E+00  5.20000E+00  5.27500E+00  5.35000E+00  5.42500E+00
#           5.50000E+00  5.57500E+00  5.65000E+00  5.72500E+00  5.80000E+00
#           5.87500E+00  5.95000E+00  6.02500E+00  6.10000E+00  6.17500E+00
#           6.25000E+00  6.32500E+00  6.40000E+00  6.47500E+00  6.55000E+00
#           6.62500E+00  6.70000E+00  6.77500E+00  6.85000E+00  6.92500E+00
#           7.00000E+00  7.07500E+00  7.15000E+00  7.22500E+00  7.30000E+00
#           7.37500E+00  7.45000E+00  7.52500E+00  7.60000E+00  7.67500E+00
#           7.75000E+00  7.82500E+00  7.90000E+00  7.97500E+00  8.05000E+00
#           8.12500E+00  8.20000E+00  8.27500E+00  8.35000E+00  8.42500E+00
#           8.50000E+00  8.57500E+00  8.65000E+00  8.72500E+00  8.80000E+00
#           8.87500E+00  8.95000E+00  9.02500E+00  9.10000E+00  9.17500E+00
#           9.25000E+00  9.32500E+00  9.40000E+00  9.47500E+00  9.55000E+00
#           9.62500E+00  9.70000E+00  9.77500E+00  9.85000E+00  9.92500E+00
#           1.00000E+01
   e-type =    1            # e-mesh is given by the below data
       ne =      1          # number of e-mesh points
#    data = ( e(i), i = 1, ne + 1 )
            0.00000E+00  1.00000E+03
     unit =    1            # unit is [1/cm^2/source]
 material =  all            # (D=all) number of specific material
  2D-type =    3            # 1:Cont, 2:Clust, 3:Color, 4:xyz, 5:mat, 6:Clust+Cont, 7:Col+Cont
     axis =      xz            # axis of output
     file = track_xz.out    # file name of output for the above axis
     part =  all      
# kf/name :  0        
    gshow =    3            # 0: no 1:bnd, 2:bnd+mat, 3:bnd+reg 4:bnd+lat 5:bmp style
    resol =    1            # (D=1) resolution of gshow or rshow
    width = 0.5000000       # (D=0.5) width of lines for gshow or rshow
   epsout =    1            # (D=0) generate eps file by ANGEL
#    used :        main (  %)        temp (  %)       total (  %)
#  memory :         410 (  0)           0 (  0)         410 (  0)

[END] of Input Echo <<<========================================================

<<< Report of real Geometry memory >>>
*           GG/CG memory =        2
*     total memory: mdas = 80000000
*                percent =     0.00 %

<<< Report of material memory for high energy>>>
*   high energy material =        1
*     total memory: mdas = 80000000
*                percent =     0.00 %

<<< Report of material memory for low energy>>>
*    low energy material =    12041
*     total memory: mdas = 80000000
*                percent =     0.02 %

<<< Report of real tally memory >>>
*      real tally memory =     1230
*     total memory: mdas = 80000000
*                percent =     0.00 %

<<< Report of temporary tally memory >>>
* temporary tally memory =    12046
*     total memory: mdas = 80000000
*                percent =     0.02 %

<<< Report of total memory >>>
*      used total memory =    12047
*     total memory: mdas = 80000000
*                percent =     0.02 %
*                ---------------------

-------------------------------------------------------------------------------
 job termination date : 2026/04/13
                 time :   14:43:29

 END 
