
Errors of cell definition in EPS Page No. =   1
Overlapped Cell IDs  x, y, z  coodinates
(Cells 0       0  indicate undefined region)
     500     600    -3.712628E+00  1.234568E-08 -2.268472E-01
     500     600    -3.712628E+00  1.234568E-08 -1.511009E-01
     500     600    -3.712628E+00  1.234568E-08 -7.535462E-02
     500     600    -3.712628E+00  1.234568E-08  3.916528E-04
     500     600    -3.712628E+00  1.234568E-08  7.613792E-02
     500     600    -3.712628E+00  1.234568E-08  1.518842E-01
     500     600    -3.712628E+00  1.234568E-08  2.276305E-01
     500     600    -3.712628E+00  1.234568E-08  3.033767E-01
     500     600    -3.712628E+00  1.234568E-08  3.791230E-01
     500     600    -3.712628E+00  1.234568E-08  4.548693E-01
     500     600    -3.712628E+00  1.234568E-08  5.306155E-01
     500     600    -3.712628E+00  1.234568E-08  6.063618E-01
     500     600    -3.586384E+00  1.234568E-08 -2.268472E-01
     500     600    -3.586384E+00  1.234568E-08 -1.511009E-01
     500     600    -3.586384E+00  1.234568E-08 -7.535462E-02
     500     600    -3.586384E+00  1.234568E-08  3.916528E-04
     500     600    -3.586384E+00  1.234568E-08  7.613792E-02
     500     600    -3.586384E+00  1.234568E-08  1.518842E-01
     500     600    -3.586384E+00  1.234568E-08  2.276305E-01
     500     600    -3.586384E+00  1.234568E-08  3.033767E-01
     500     600    -3.586384E+00  1.234568E-08  3.791230E-01
     500     600    -3.586384E+00  1.234568E-08  4.548693E-01
     500     600    -3.586384E+00  1.234568E-08  5.306155E-01
     500     300    -3.460140E+00  1.234568E-08 -4.540860E-01
     500     300    -3.460140E+00  1.234568E-08 -3.783397E-01
     500     300    -3.460140E+00  1.234568E-08 -3.025934E-01

Errors of cell definition in EPS Page No. =   1
Overlapped Cell IDs  x, y, z  coodinates
(Cells 0       0  indicate undefined region)
     500     600    -3.712628E+00  1.234568E-08 -4.540860E-01
     500     600    -3.712628E+00  1.234568E-08 -3.783397E-01
     500     600    -3.712628E+00  1.234568E-08 -3.025934E-01
     500     600    -3.712628E+00  1.234568E-08 -2.268472E-01
     500     600    -3.712628E+00  1.234568E-08 -1.511009E-01
     500     600    -3.712628E+00  1.234568E-08 -7.535462E-02
     500     600    -3.712628E+00  1.234568E-08  3.916528E-04
     500     600    -3.712628E+00  1.234568E-08  7.613792E-02
     500     600    -3.712628E+00  1.234568E-08  1.518842E-01
     500     600    -3.712628E+00  1.234568E-08  2.276305E-01
     500     600    -3.712628E+00  1.234568E-08  3.033767E-01
     500     600    -3.712628E+00  1.234568E-08  3.791230E-01
     500     600    -3.586384E+00  1.234568E-08 -4.540860E-01
     500     600    -3.586384E+00  1.234568E-08 -3.783397E-01
     500     600    -3.586384E+00  1.234568E-08 -3.025934E-01
     500     600    -3.586384E+00  1.234568E-08 -2.268472E-01
     500     600    -3.586384E+00  1.234568E-08 -1.511009E-01
     500     600    -3.586384E+00  1.234568E-08 -7.535462E-02
     500     600    -3.586384E+00  1.234568E-08  3.916528E-04
     500     600    -3.586384E+00  1.234568E-08  7.613792E-02
     500     600    -3.586384E+00  1.234568E-08  1.518842E-01
     500     600    -3.586384E+00  1.234568E-08  2.276305E-01
     500     600    -3.586384E+00  1.234568E-08  3.033767E-01
     500     300    -3.460140E+00  1.234568E-08 -4.540860E-01
     500     300    -3.460140E+00  1.234568E-08 -3.783397E-01
     500     300    -3.460140E+00  1.234568E-08 -3.025934E-01
     500     300    -3.333897E+00  1.234568E-08 -4.540860E-01
     500     300    -3.333897E+00  1.234568E-08 -3.783397E-01
     500     300    -3.333897E+00  1.234568E-08 -3.025934E-01
