[ T-Track ]
    title = [t-track] in xyz mesh
     mesh =  xyz            # mesh type is xyz scoring mesh
   x-type =    2            # x-mesh is linear given by xmin, xmax and nx
     xmin =  -2.160000      # minimum value of x-mesh points
     xmax =  -2.140000      # maximum value of x-mesh points
#    xdel =  2.0000000E-02  # mesh width of x-mesh points
       nx =      1          # number of x-mesh points
#    data = ( x(i), i = 1, nx + 1 )
#          -2.16000E+00 -2.14000E+00
   y-type =    2            # y-mesh is linear given by ymin, ymax and ny
     ymin =  -5.000000      # minimum value of y-mesh points
     ymax =   5.000000      # maximum value of y-mesh points
#    ydel =  5.0000000E-02  # mesh width of y-mesh points
       ny =    200          # number of y-mesh points
#    data = ( y(i), i = 1, ny + 1 )
#          -5.00000E+00 -4.95000E+00 -4.90000E+00 -4.85000E+00 -4.80000E+00
#          -4.75000E+00 -4.70000E+00 -4.65000E+00 -4.60000E+00 -4.55000E+00
#          -4.50000E+00 -4.45000E+00 -4.40000E+00 -4.35000E+00 -4.30000E+00
#          -4.25000E+00 -4.20000E+00 -4.15000E+00 -4.10000E+00 -4.05000E+00
#          -4.00000E+00 -3.95000E+00 -3.90000E+00 -3.85000E+00 -3.80000E+00
#          -3.75000E+00 -3.70000E+00 -3.65000E+00 -3.60000E+00 -3.55000E+00
#          -3.50000E+00 -3.45000E+00 -3.40000E+00 -3.35000E+00 -3.30000E+00
#          -3.25000E+00 -3.20000E+00 -3.15000E+00 -3.10000E+00 -3.05000E+00
#          -3.00000E+00 -2.95000E+00 -2.90000E+00 -2.85000E+00 -2.80000E+00
#          -2.75000E+00 -2.70000E+00 -2.65000E+00 -2.60000E+00 -2.55000E+00
#          -2.50000E+00 -2.45000E+00 -2.40000E+00 -2.35000E+00 -2.30000E+00
#          -2.25000E+00 -2.20000E+00 -2.15000E+00 -2.10000E+00 -2.05000E+00
#          -2.00000E+00 -1.95000E+00 -1.90000E+00 -1.85000E+00 -1.80000E+00
#          -1.75000E+00 -1.70000E+00 -1.65000E+00 -1.60000E+00 -1.55000E+00
#          -1.50000E+00 -1.45000E+00 -1.40000E+00 -1.35000E+00 -1.30000E+00
#          -1.25000E+00 -1.20000E+00 -1.15000E+00 -1.10000E+00 -1.05000E+00
#          -1.00000E+00 -9.50000E-01 -9.00000E-01 -8.50000E-01 -8.00000E-01
#          -7.50000E-01 -7.00000E-01 -6.50000E-01 -6.00000E-01 -5.50000E-01
#          -5.00000E-01 -4.50000E-01 -4.00000E-01 -3.50000E-01 -3.00000E-01
#          -2.50000E-01 -2.00000E-01 -1.50000E-01 -1.00000E-01 -5.00000E-02
#           0.00000E+00  5.00000E-02  1.00000E-01  1.50000E-01  2.00000E-01
#           2.50000E-01  3.00000E-01  3.50000E-01  4.00000E-01  4.50000E-01
#           5.00000E-01  5.50000E-01  6.00000E-01  6.50000E-01  7.00000E-01
#           7.50000E-01  8.00000E-01  8.50000E-01  9.00000E-01  9.50000E-01
#           1.00000E+00  1.05000E+00  1.10000E+00  1.15000E+00  1.20000E+00
#           1.25000E+00  1.30000E+00  1.35000E+00  1.40000E+00  1.45000E+00
#           1.50000E+00  1.55000E+00  1.60000E+00  1.65000E+00  1.70000E+00
#           1.75000E+00  1.80000E+00  1.85000E+00  1.90000E+00  1.95000E+00
#           2.00000E+00  2.05000E+00  2.10000E+00  2.15000E+00  2.20000E+00
#           2.25000E+00  2.30000E+00  2.35000E+00  2.40000E+00  2.45000E+00
#           2.50000E+00  2.55000E+00  2.60000E+00  2.65000E+00  2.70000E+00
#           2.75000E+00  2.80000E+00  2.85000E+00  2.90000E+00  2.95000E+00
#           3.00000E+00  3.05000E+00  3.10000E+00  3.15000E+00  3.20000E+00
#           3.25000E+00  3.30000E+00  3.35000E+00  3.40000E+00  3.45000E+00
#           3.50000E+00  3.55000E+00  3.60000E+00  3.65000E+00  3.70000E+00
#           3.75000E+00  3.80000E+00  3.85000E+00  3.90000E+00  3.95000E+00
#           4.00000E+00  4.05000E+00  4.10000E+00  4.15000E+00  4.20000E+00
#           4.25000E+00  4.30000E+00  4.35000E+00  4.40000E+00  4.45000E+00
#           4.50000E+00  4.55000E+00  4.60000E+00  4.65000E+00  4.70000E+00
#           4.75000E+00  4.80000E+00  4.85000E+00  4.90000E+00  4.95000E+00
#           5.00000E+00
   z-type =    2            # z-mesh is linear given by zmin, zmax and nz
     zmin =  -5.000000      # minimum value of z-mesh points
     zmax =   15.00000      # maximum value of z-mesh points
#    zdel =  0.1000000      # mesh width of z-mesh points
       nz =    200          # number of z-mesh points
#    data = ( z(i), i = 1, nz + 1 )
#          -5.00000E+00 -4.90000E+00 -4.80000E+00 -4.70000E+00 -4.60000E+00
#          -4.50000E+00 -4.40000E+00 -4.30000E+00 -4.20000E+00 -4.10000E+00
#          -4.00000E+00 -3.90000E+00 -3.80000E+00 -3.70000E+00 -3.60000E+00
#          -3.50000E+00 -3.40000E+00 -3.30000E+00 -3.20000E+00 -3.10000E+00
#          -3.00000E+00 -2.90000E+00 -2.80000E+00 -2.70000E+00 -2.60000E+00
#          -2.50000E+00 -2.40000E+00 -2.30000E+00 -2.20000E+00 -2.10000E+00
#          -2.00000E+00 -1.90000E+00 -1.80000E+00 -1.70000E+00 -1.60000E+00
#          -1.50000E+00 -1.40000E+00 -1.30000E+00 -1.20000E+00 -1.10000E+00
#          -1.00000E+00 -9.00000E-01 -8.00000E-01 -7.00000E-01 -6.00000E-01
#          -5.00000E-01 -4.00000E-01 -3.00000E-01 -2.00000E-01 -1.00000E-01
#           0.00000E+00  1.00000E-01  2.00000E-01  3.00000E-01  4.00000E-01
#           5.00000E-01  6.00000E-01  7.00000E-01  8.00000E-01  9.00000E-01
#           1.00000E+00  1.10000E+00  1.20000E+00  1.30000E+00  1.40000E+00
#           1.50000E+00  1.60000E+00  1.70000E+00  1.80000E+00  1.90000E+00
#           2.00000E+00  2.10000E+00  2.20000E+00  2.30000E+00  2.40000E+00
#           2.50000E+00  2.60000E+00  2.70000E+00  2.80000E+00  2.90000E+00
#           3.00000E+00  3.10000E+00  3.20000E+00  3.30000E+00  3.40000E+00
#           3.50000E+00  3.60000E+00  3.70000E+00  3.80000E+00  3.90000E+00
#           4.00000E+00  4.10000E+00  4.20000E+00  4.30000E+00  4.40000E+00
#           4.50000E+00  4.60000E+00  4.70000E+00  4.80000E+00  4.90000E+00
#           5.00000E+00  5.10000E+00  5.20000E+00  5.30000E+00  5.40000E+00
#           5.50000E+00  5.60000E+00  5.70000E+00  5.80000E+00  5.90000E+00
#           6.00000E+00  6.10000E+00  6.20000E+00  6.30000E+00  6.40000E+00
#           6.50000E+00  6.60000E+00  6.70000E+00  6.80000E+00  6.90000E+00
#           7.00000E+00  7.10000E+00  7.20000E+00  7.30000E+00  7.40000E+00
#           7.50000E+00  7.60000E+00  7.70000E+00  7.80000E+00  7.90000E+00
#           8.00000E+00  8.10000E+00  8.20000E+00  8.30000E+00  8.40000E+00
#           8.50000E+00  8.60000E+00  8.70000E+00  8.80000E+00  8.90000E+00
#           9.00000E+00  9.10000E+00  9.20000E+00  9.30000E+00  9.40000E+00
#           9.50000E+00  9.60000E+00  9.70000E+00  9.80000E+00  9.90000E+00
#           1.00000E+01  1.01000E+01  1.02000E+01  1.03000E+01  1.04000E+01
#           1.05000E+01  1.06000E+01  1.07000E+01  1.08000E+01  1.09000E+01
#           1.10000E+01  1.11000E+01  1.12000E+01  1.13000E+01  1.14000E+01
#           1.15000E+01  1.16000E+01  1.17000E+01  1.18000E+01  1.19000E+01
#           1.20000E+01  1.21000E+01  1.22000E+01  1.23000E+01  1.24000E+01
#           1.25000E+01  1.26000E+01  1.27000E+01  1.28000E+01  1.29000E+01
#           1.30000E+01  1.31000E+01  1.32000E+01  1.33000E+01  1.34000E+01
#           1.35000E+01  1.36000E+01  1.37000E+01  1.38000E+01  1.39000E+01
#           1.40000E+01  1.41000E+01  1.42000E+01  1.43000E+01  1.44000E+01
#           1.45000E+01  1.46000E+01  1.47000E+01  1.48000E+01  1.49000E+01
#           1.50000E+01
   e-type =    1            # e-mesh is given by the below data
       ne =      1          # number of e-mesh points
#    data = ( e(i), i = 1, ne + 1 )
            0.00000E+00  1.00000E+03
     unit =    1            # unit is [1/cm^2/source]
 material =  all            # (D=all) number of specific material
  2D-type =    3            # 1:Cont, 2:Clust, 3:Color, 4:xyz, 5:mat, 6:Clust+Cont, 7:Col+Cont
     axis =      yz            # axis of output
     file = track_yz.out    # file name of output for the above axis
     part =  all      
# kf/name :  0        
    gshow =    3            # 0: no 1:bnd, 2:bnd+mat, 3:bnd+reg 4:bnd+lat 5:bmp style
    resol =    1            # (D=1) resolution of gshow or rshow
    width = 0.5000000       # (D=0.5) width of lines for gshow or rshow
   epsout =    1            # (D=0) generate eps file by ANGEL
#    used :        main (  %)        temp (  %)       total (  %)
#  memory :         410 (  0)           0 (  0)         410 (  0)

#------------------------------------------------------------------------------
#newpage:
#   no. =  1   ie  =  1   ix  =  1   part. = all     
#   e = (   0.0000E+00  -   1.0000E+03  )
#   x = (  -2.1600E+00  -  -2.1400E+00  )

'no. =  1,  ie =  1,  ix =  1'
msuc: {\huge [t-track] in xyz mesh}
msdr: {\it plotted by \ANGEL \version}
msdl: {\it calculated by \PHITS  3.35}

x: z [cm]
y: y [cm]
set: c1[ 0.500] c2[ 1.273] c5[ 0.800] c6[ 0.785] c7[ 0.000] c8[ 0.400]
p: h2fs form[c1] xfac[c2] afac[c5] scal[c6] xorg[c7] yorg[c8] nosp
p: xmin( -5.000000    ) xmax(  15.00000    )
p: ymin( -5.000000    ) ymax(  5.000000    )

#   no. =  1   ie  =  1   ix  =  1
#   e = (   0.0000E+00  -   1.0000E+03  )
#   x = (  -2.1600E+00  -  -2.1400E+00  )

#------------------------------------------------------------------------------
# gshow
#------------------------------------------------------------------------------

p: legs[c5*0.875]

w:1000/ x(   0.5000025E+01) y(   0.2345679E-04) ix(2) iy(2) s(   0.7000E+00)

h: x ny1,0  y2=[y1](aire),ic[white]
 -1.000000E+00 -1.000000E+00

hb:   line clip z   cb(white)
frame:
 -4.9999754E+00 -4.9999767E+00
  1.5000025E+01 -4.9999767E+00
  1.5000025E+01  5.0000233E+00
 -4.9999754E+00  5.0000233E+00
clip:
 -5.09947780E+00 -5.04972779E+00
  1.50995272E+01 -5.04972779E+00
  1.50995272E+01 -4.99923027E+00
  1.50995272E+01 -4.94873276E+00
  1.50995272E+01 -4.89823525E+00
  1.50995272E+01 -4.84773774E+00
  1.50995272E+01 -4.79724022E+00
  1.50995272E+01 -4.74674271E+00
  1.50995272E+01 -4.69624520E+00
  1.50995272E+01 -4.64574769E+00
  1.50995272E+01 -4.59525018E+00
  1.50995272E+01 -4.54475266E+00
  1.50995272E+01 -4.49425515E+00
  1.50995272E+01 -4.44375764E+00
  1.50995272E+01 -4.39326013E+00
  1.50995272E+01 -4.34276261E+00
  1.50995272E+01 -4.29226510E+00
  1.50995272E+01 -4.24176759E+00
  1.50995272E+01 -4.19127008E+00
  1.50995272E+01 -4.14077256E+00
  1.50995272E+01 -4.09027505E+00
  1.50995272E+01 -4.03977754E+00
  1.50995272E+01 -3.98928003E+00
  1.50995272E+01 -3.93878251E+00
  1.50995272E+01 -3.88828500E+00
  1.50995272E+01 -3.83778749E+00
  1.50995272E+01 -3.78728998E+00
  1.50995272E+01 -3.73679246E+00
  1.50995272E+01 -3.68629495E+00
  1.50995272E+01 -3.63579744E+00
  1.50995272E+01 -3.58529993E+00
  1.50995272E+01 -3.53480241E+00
  1.50995272E+01 -3.48430490E+00
  1.50995272E+01 -3.43380739E+00
  1.50995272E+01 -3.38330988E+00
  1.50995272E+01 -3.33281236E+00
  1.50995272E+01 -3.28231485E+00
  1.50995272E+01 -3.23181734E+00
  1.50995272E+01 -3.18131983E+00
  1.50995272E+01 -3.13082231E+00
  1.50995272E+01 -3.08032480E+00
  1.50995272E+01 -3.02982729E+00
  1.50995272E+01 -2.97932978E+00
  1.50995272E+01 -2.92883226E+00
  1.50995272E+01 -2.87833475E+00
  1.50995272E+01 -2.82783724E+00
  1.50995272E+01 -2.77733973E+00
  1.50995272E+01 -2.72684221E+00
  1.50995272E+01 -2.67634470E+00
  1.50995272E+01 -2.62584719E+00
  1.50995272E+01 -2.57534968E+00
  1.50995272E+01 -2.52485217E+00
  1.50995272E+01 -2.47435465E+00
  1.50995272E+01 -2.42385714E+00
  1.50995272E+01 -2.37335963E+00
  1.50995272E+01 -2.32286212E+00
  1.50995272E+01 -2.27236460E+00
  1.50995272E+01 -2.22186709E+00
  1.50995272E+01 -2.17136958E+00
  1.50995272E+01 -2.12087207E+00
  1.50995272E+01 -2.07037455E+00
  1.50995272E+01 -2.01987704E+00
  1.50995272E+01 -1.96937953E+00
  1.50995272E+01 -1.91888202E+00
  1.50995272E+01 -1.86838450E+00
  1.50995272E+01 -1.81788699E+00
  1.50995272E+01 -1.76738948E+00
  1.50995272E+01 -1.71689197E+00
  1.50995272E+01 -1.66639445E+00
  1.50995272E+01 -1.61589694E+00
  1.50995272E+01 -1.56539943E+00
  1.50995272E+01 -1.51490192E+00
  1.50995272E+01 -1.46440440E+00
  1.50995272E+01 -1.41390689E+00
  1.50995272E+01 -1.36340938E+00
  1.50995272E+01 -1.31291187E+00
  1.50995272E+01 -1.26241435E+00
  1.50995272E+01 -1.21191684E+00
  1.50995272E+01 -1.16141933E+00
  1.50995272E+01 -1.11092182E+00
  1.50995272E+01 -1.06042430E+00
  1.50995272E+01 -1.00992679E+00
  1.50995272E+01 -9.59429280E-01
  1.50995272E+01 -9.08931767E-01
  1.50995272E+01 -8.58434255E-01
  1.50995272E+01 -8.07936742E-01
  1.50995272E+01 -7.57439230E-01
  1.50995272E+01 -7.06941717E-01
  1.50995272E+01 -6.56444205E-01
  1.50995272E+01 -6.05946692E-01
  1.50995272E+01 -5.55449180E-01
  1.50995272E+01 -5.04951668E-01
  1.50995272E+01 -4.54454155E-01
  1.50995272E+01 -4.03956643E-01
  1.50995272E+01 -3.53459130E-01
  1.50995272E+01 -3.02961618E-01
  1.50995272E+01 -2.52464105E-01
  1.50995272E+01 -2.01966593E-01
  1.50995272E+01 -1.51469081E-01
  1.50995272E+01 -1.00971568E-01
  1.50995272E+01 -5.04740556E-02
  1.50995272E+01  2.34567890E-05
  1.50995272E+01  5.05209692E-02
  1.50995272E+01  1.01018482E-01
  1.50995272E+01  1.51515994E-01
  1.50995272E+01  2.02013507E-01
  1.50995272E+01  2.52511019E-01
  1.50995272E+01  3.03008531E-01
  1.50995272E+01  3.53506044E-01
  1.50995272E+01  4.04003556E-01
  1.50995272E+01  4.54501069E-01
  1.50995272E+01  5.04998581E-01
  1.50995272E+01  5.55496094E-01
  1.50995272E+01  6.05993606E-01
  1.50995272E+01  6.56491118E-01
  1.50995272E+01  7.06988631E-01
  1.50995272E+01  7.57486143E-01
  1.50995272E+01  8.07983656E-01
  1.50995272E+01  8.58481168E-01
  1.50995272E+01  9.08978681E-01
  1.50995272E+01  9.59476193E-01
  1.50995272E+01  1.00997371E+00
  1.50995272E+01  1.06047122E+00
  1.50995272E+01  1.11096873E+00
  1.50995272E+01  1.16146624E+00
  1.50995272E+01  1.21196376E+00
  1.50995272E+01  1.26246127E+00
  1.50995272E+01  1.31295878E+00
  1.50995272E+01  1.36345629E+00
  1.50995272E+01  1.41395381E+00
  1.50995272E+01  1.46445132E+00
  1.50995272E+01  1.51494883E+00
  1.50995272E+01  1.56544634E+00
  1.50995272E+01  1.61594385E+00
  1.50995272E+01  1.66644137E+00
  1.50995272E+01  1.71693888E+00
  1.50995272E+01  1.76743639E+00
  1.50995272E+01  1.81793390E+00
  1.50995272E+01  1.86843142E+00
  1.50995272E+01  1.91892893E+00
  1.50995272E+01  1.96942644E+00
  1.50995272E+01  2.01992395E+00
  1.50995272E+01  2.07042147E+00
  1.50995272E+01  2.12091898E+00
  1.50995272E+01  2.17141649E+00
  1.50995272E+01  2.22191400E+00
  1.50995272E+01  2.27241152E+00
  1.50995272E+01  2.32290903E+00
  1.50995272E+01  2.37340654E+00
  1.50995272E+01  2.42390405E+00
  1.50995272E+01  2.47440157E+00
  1.50995272E+01  2.52489908E+00
  1.50995272E+01  2.57539659E+00
  1.50995272E+01  2.62589410E+00
  1.50995272E+01  2.67639162E+00
  1.50995272E+01  2.72688913E+00
  1.50995272E+01  2.77738664E+00
  1.50995272E+01  2.82788415E+00
  1.50995272E+01  2.87838167E+00
  1.50995272E+01  2.92887918E+00
  1.50995272E+01  2.97937669E+00
  1.50995272E+01  3.02987420E+00
  1.50995272E+01  3.08037172E+00
  1.50995272E+01  3.13086923E+00
  1.50995272E+01  3.18136674E+00
  1.50995272E+01  3.23186425E+00
  1.50995272E+01  3.28236177E+00
  1.50995272E+01  3.33285928E+00
  1.50995272E+01  3.38335679E+00
  1.50995272E+01  3.43385430E+00
  1.50995272E+01  3.48435181E+00
  1.50995272E+01  3.53484933E+00
  1.50995272E+01  3.58534684E+00
  1.50995272E+01  3.63584435E+00
  1.50995272E+01  3.68634186E+00
  1.50995272E+01  3.73683938E+00
  1.50995272E+01  3.78733689E+00
  1.50995272E+01  3.83783440E+00
  1.50995272E+01  3.88833191E+00
  1.50995272E+01  3.93882943E+00
  1.50995272E+01  3.98932694E+00
  1.50995272E+01  4.03982445E+00
  1.50995272E+01  4.09032196E+00
  1.50995272E+01  4.14081948E+00
  1.50995272E+01  4.19131699E+00
  1.50995272E+01  4.24181450E+00
  1.50995272E+01  4.29231201E+00
  1.50995272E+01  4.34280953E+00
  1.50995272E+01  4.39330704E+00
  1.50995272E+01  4.44380455E+00
  1.50995272E+01  4.49430206E+00
  1.50995272E+01  4.54479958E+00
  1.50995272E+01  4.59529709E+00
  1.50995272E+01  4.64579460E+00
  1.50995272E+01  4.69629211E+00
  1.50995272E+01  4.74678963E+00
  1.50995272E+01  4.79728714E+00
  1.50995272E+01  4.84778465E+00
  1.50995272E+01  4.89828216E+00
  1.50995272E+01  4.94877968E+00
  1.50995272E+01  4.99927719E+00
  1.50995272E+01  5.04977470E+00
  1.49985322E+01  5.04977470E+00
  1.48975371E+01  5.04977470E+00
  1.47965421E+01  5.04977470E+00
  1.46955471E+01  5.04977470E+00
  1.45945521E+01  5.04977470E+00
  1.44935570E+01  5.04977470E+00
  1.43925620E+01  5.04977470E+00
  1.42915670E+01  5.04977470E+00
  1.41905720E+01  5.04977470E+00
  1.40895769E+01  5.04977470E+00
  1.39885819E+01  5.04977470E+00
  1.38875869E+01  5.04977470E+00
  1.37865919E+01  5.04977470E+00
  1.36855968E+01  5.04977470E+00
  1.35846018E+01  5.04977470E+00
  1.34836068E+01  5.04977470E+00
  1.33826118E+01  5.04977470E+00
  1.32816167E+01  5.04977470E+00
  1.31806217E+01  5.04977470E+00
  1.30796267E+01  5.04977470E+00
  1.29786317E+01  5.04977470E+00
  1.28776366E+01  5.04977470E+00
  1.27766416E+01  5.04977470E+00
  1.26756466E+01  5.04977470E+00
  1.25746516E+01  5.04977470E+00
  1.24736565E+01  5.04977470E+00
  1.23726615E+01  5.04977470E+00
  1.22716665E+01  5.04977470E+00
  1.21706715E+01  5.04977470E+00
  1.20696764E+01  5.04977470E+00
  1.19686814E+01  5.04977470E+00
  1.18676864E+01  5.04977470E+00
  1.17666914E+01  5.04977470E+00
  1.16656963E+01  5.04977470E+00
  1.15647013E+01  5.04977470E+00
  1.14637063E+01  5.04977470E+00
  1.13627113E+01  5.04977470E+00
  1.12617162E+01  5.04977470E+00
  1.11607212E+01  5.04977470E+00
  1.10597262E+01  5.04977470E+00
  1.09587312E+01  5.04977470E+00
  1.08577361E+01  5.04977470E+00
  1.07567411E+01  5.04977470E+00
  1.06557461E+01  5.04977470E+00
  1.05547511E+01  5.04977470E+00
  1.04537560E+01  5.04977470E+00
  1.03527610E+01  5.04977470E+00
  1.02517660E+01  5.04977470E+00
  1.01507710E+01  5.04977470E+00
  1.00497759E+01  5.04977470E+00
  9.94878091E+00  5.04977470E+00
  9.84778589E+00  5.04977470E+00
  9.74679086E+00  5.04977470E+00
  9.64579584E+00  5.04977470E+00
  9.54480081E+00  5.04977470E+00
  9.44380579E+00  5.04977470E+00
  9.34281076E+00  5.04977470E+00
  9.24181574E+00  5.04977470E+00
  9.14082071E+00  5.04977470E+00
  9.03982569E+00  5.04977470E+00
  8.93883066E+00  5.04977470E+00
  8.83783564E+00  5.04977470E+00
  8.73684061E+00  5.04977470E+00
  8.63584559E+00  5.04977470E+00
  8.53485056E+00  5.04977470E+00
  8.43385554E+00  5.04977470E+00
  8.33286051E+00  5.04977470E+00
  8.23186549E+00  5.04977470E+00
  8.13087046E+00  5.04977470E+00
  8.02987544E+00  5.04977470E+00
  7.92888041E+00  5.04977470E+00
  7.82788539E+00  5.04977470E+00
  7.72689036E+00  5.04977470E+00
  7.62589534E+00  5.04977470E+00
  7.52490031E+00  5.04977470E+00
  7.42390529E+00  5.04977470E+00
  7.32291026E+00  5.04977470E+00
  7.22191524E+00  5.04977470E+00
  7.12092021E+00  5.04977470E+00
  7.01992519E+00  5.04977470E+00
  6.91893016E+00  5.04977470E+00
  6.81793514E+00  5.04977470E+00
  6.71694011E+00  5.04977470E+00
  6.61594509E+00  5.04977470E+00
  6.51495006E+00  5.04977470E+00
  6.41395504E+00  5.04977470E+00
  6.31296001E+00  5.04977470E+00
  6.21196499E+00  5.04977470E+00
  6.11096996E+00  5.04977470E+00
  6.00997494E+00  5.04977470E+00
  5.90897992E+00  5.04977470E+00
  5.80798489E+00  5.04977470E+00
  5.70698987E+00  5.04977470E+00
  5.60599484E+00  5.04977470E+00
  5.50499982E+00  5.04977470E+00
  5.40400479E+00  5.04977470E+00
  5.30300977E+00  5.04977470E+00
  5.20201474E+00  5.04977470E+00
  5.10101972E+00  5.04977470E+00
  5.00002469E+00  5.04977470E+00
  4.89902967E+00  5.04977470E+00
  4.79803464E+00  5.04977470E+00
  4.69703962E+00  5.04977470E+00
  4.59604459E+00  5.04977470E+00
  4.49504957E+00  5.04977470E+00
  4.39405454E+00  5.04977470E+00
  4.29305952E+00  5.04977470E+00
  4.19206449E+00  5.04977470E+00
  4.09106947E+00  5.04977470E+00
  3.99007444E+00  5.04977470E+00
  3.88907942E+00  5.04977470E+00
  3.78808439E+00  5.04977470E+00
  3.68708937E+00  5.04977470E+00
  3.58609434E+00  5.04977470E+00
  3.48509932E+00  5.04977470E+00
  3.38410429E+00  5.04977470E+00
  3.28310927E+00  5.04977470E+00
  3.18211424E+00  5.04977470E+00
  3.08111922E+00  5.04977470E+00
  2.98012419E+00  5.04977470E+00
  2.87912917E+00  5.04977470E+00
  2.77813414E+00  5.04977470E+00
  2.67713912E+00  5.04977470E+00
  2.57614409E+00  5.04977470E+00
  2.47514907E+00  5.04977470E+00
  2.37415404E+00  5.04977470E+00
  2.27315902E+00  5.04977470E+00
  2.17216399E+00  5.04977470E+00
  2.07116897E+00  5.04977470E+00
  1.97017395E+00  5.04977470E+00
  1.86917892E+00  5.04977470E+00
  1.76818390E+00  5.04977470E+00
  1.66718887E+00  5.04977470E+00
  1.56619385E+00  5.04977470E+00
  1.46519882E+00  5.04977470E+00
  1.36420380E+00  5.04977470E+00
  1.26320877E+00  5.04977470E+00
  1.16221375E+00  5.04977470E+00
  1.06121872E+00  5.04977470E+00
  9.60223696E-01  5.04977470E+00
  8.59228671E-01  5.04977470E+00
  7.58233647E-01  5.04977470E+00
  6.57238622E-01  5.04977470E+00
  5.56243597E-01  5.04977470E+00
  4.55248572E-01  5.04977470E+00
  3.54253547E-01  5.04977470E+00
  2.53258522E-01  5.04977470E+00
  1.52263497E-01  5.04977470E+00
  5.12684725E-02  5.04977470E+00
 -4.97265524E-02  5.04977470E+00
 -1.50721577E-01  5.04977470E+00
 -2.51716602E-01  5.04977470E+00
 -3.52711627E-01  5.04977470E+00
 -4.53706652E-01  5.04977470E+00
 -5.54701677E-01  5.04977470E+00
 -6.55696702E-01  5.04977470E+00
 -7.56691727E-01  5.04977470E+00
 -8.57686751E-01  5.04977470E+00
 -9.58681776E-01  5.04977470E+00
 -1.05967680E+00  5.04977470E+00
 -1.16067183E+00  5.04977470E+00
 -1.26166685E+00  5.04977470E+00
 -1.36266188E+00  5.04977470E+00
 -1.46365690E+00  5.04977470E+00
 -1.56465193E+00  5.04977470E+00
 -1.66564695E+00  5.04977470E+00
 -1.76664198E+00  5.04977470E+00
 -1.86763700E+00  5.04977470E+00
 -1.96863203E+00  5.04977470E+00
 -2.06962705E+00  5.04977470E+00
 -2.17062207E+00  5.04977470E+00
 -2.27161710E+00  5.04977470E+00
 -2.37261212E+00  5.04977470E+00
 -2.47360715E+00  5.04977470E+00
 -2.57460217E+00  5.04977470E+00
 -2.67559720E+00  5.04977470E+00
 -2.77659222E+00  5.04977470E+00
 -2.87758725E+00  5.04977470E+00
 -2.97858227E+00  5.04977470E+00
 -3.07957730E+00  5.04977470E+00
 -3.18057232E+00  5.04977470E+00
 -3.28156735E+00  5.04977470E+00
 -3.38256237E+00  5.04977470E+00
 -3.48355740E+00  5.04977470E+00
 -3.58455242E+00  5.04977470E+00
 -3.68554745E+00  5.04977470E+00
 -3.78654247E+00  5.04977470E+00
 -3.88753750E+00  5.04977470E+00
 -3.98853252E+00  5.04977470E+00
 -4.08952755E+00  5.04977470E+00
 -4.19052257E+00  5.04977470E+00
 -4.29151760E+00  5.04977470E+00
 -4.39251262E+00  5.04977470E+00
 -4.49350765E+00  5.04977470E+00
 -4.59450267E+00  5.04977470E+00
 -4.69549770E+00  5.04977470E+00
 -4.79649272E+00  5.04977470E+00
 -4.89748775E+00  5.04977470E+00
 -4.99848277E+00  5.04977470E+00
 -5.09947780E+00  5.04977470E+00
 -5.09947780E+00  4.99927719E+00
 -5.09947780E+00  4.94877968E+00
 -5.09947780E+00  4.89828216E+00
 -5.09947780E+00  4.84778465E+00
 -5.09947780E+00  4.79728714E+00
 -5.09947780E+00  4.74678963E+00
 -5.09947780E+00  4.69629211E+00
 -5.09947780E+00  4.64579460E+00
 -5.09947780E+00  4.59529709E+00
 -5.09947780E+00  4.54479958E+00
 -5.09947780E+00  4.49430206E+00
 -5.09947780E+00  4.44380455E+00
 -5.09947780E+00  4.39330704E+00
 -5.09947780E+00  4.34280953E+00
 -5.09947780E+00  4.29231201E+00
 -5.09947780E+00  4.24181450E+00
 -5.09947780E+00  4.19131699E+00
 -5.09947780E+00  4.14081948E+00
 -5.09947780E+00  4.09032196E+00
 -5.09947780E+00  4.03982445E+00
 -5.09947780E+00  3.98932694E+00
 -5.09947780E+00  3.93882943E+00
 -5.09947780E+00  3.88833191E+00
 -5.09947780E+00  3.83783440E+00
 -5.09947780E+00  3.78733689E+00
 -5.09947780E+00  3.73683938E+00
 -5.09947780E+00  3.68634186E+00
 -5.09947780E+00  3.63584435E+00
 -5.09947780E+00  3.58534684E+00
 -5.09947780E+00  3.53484933E+00
 -5.09947780E+00  3.48435181E+00
 -5.09947780E+00  3.43385430E+00
 -5.09947780E+00  3.38335679E+00
 -5.09947780E+00  3.33285928E+00
 -5.09947780E+00  3.28236177E+00
 -5.09947780E+00  3.23186425E+00
 -5.09947780E+00  3.18136674E+00
 -5.09947780E+00  3.13086923E+00
 -5.09947780E+00  3.08037172E+00
 -5.09947780E+00  3.02987420E+00
 -5.09947780E+00  2.97937669E+00
 -5.09947780E+00  2.92887918E+00
 -5.09947780E+00  2.87838167E+00
 -5.09947780E+00  2.82788415E+00
 -5.09947780E+00  2.77738664E+00
 -5.09947780E+00  2.72688913E+00
 -5.09947780E+00  2.67639162E+00
 -5.09947780E+00  2.62589410E+00
 -5.09947780E+00  2.57539659E+00
 -5.09947780E+00  2.52489908E+00
 -5.09947780E+00  2.47440157E+00
 -5.09947780E+00  2.42390405E+00
 -5.09947780E+00  2.37340654E+00
 -5.09947780E+00  2.32290903E+00
 -5.09947780E+00  2.27241152E+00
 -5.09947780E+00  2.22191400E+00
 -5.09947780E+00  2.17141649E+00
 -5.09947780E+00  2.12091898E+00
 -5.09947780E+00  2.07042147E+00
 -5.09947780E+00  2.01992395E+00
 -5.09947780E+00  1.96942644E+00
 -5.09947780E+00  1.91892893E+00
 -5.09947780E+00  1.86843142E+00
 -5.09947780E+00  1.81793390E+00
 -5.09947780E+00  1.76743639E+00
 -5.09947780E+00  1.71693888E+00
 -5.09947780E+00  1.66644137E+00
 -5.09947780E+00  1.61594385E+00
 -5.09947780E+00  1.56544634E+00
 -5.09947780E+00  1.51494883E+00
 -5.09947780E+00  1.46445132E+00
 -5.09947780E+00  1.41395381E+00
 -5.09947780E+00  1.36345629E+00
 -5.09947780E+00  1.31295878E+00
 -5.09947780E+00  1.26246127E+00
 -5.09947780E+00  1.21196376E+00
 -5.09947780E+00  1.16146624E+00
 -5.09947780E+00  1.11096873E+00
 -5.09947780E+00  1.06047122E+00
 -5.09947780E+00  1.00997371E+00
 -5.09947780E+00  9.59476193E-01
 -5.09947780E+00  9.08978681E-01
 -5.09947780E+00  8.58481168E-01
 -5.09947780E+00  8.07983656E-01
 -5.09947780E+00  7.57486143E-01
 -5.09947780E+00  7.06988631E-01
 -5.09947780E+00  6.56491118E-01
 -5.09947780E+00  6.05993606E-01
 -5.09947780E+00  5.55496094E-01
 -5.09947780E+00  5.04998581E-01
 -5.09947780E+00  4.54501069E-01
 -5.09947780E+00  4.04003556E-01
 -5.09947780E+00  3.53506044E-01
 -5.09947780E+00  3.03008531E-01
 -5.09947780E+00  2.52511019E-01
 -5.09947780E+00  2.02013507E-01
 -5.09947780E+00  1.51515994E-01
 -5.09947780E+00  1.01018482E-01
 -5.09947780E+00  5.05209692E-02
 -5.09947780E+00  2.34567890E-05
 -5.09947780E+00 -5.04740556E-02
 -5.09947780E+00 -1.00971568E-01
 -5.09947780E+00 -1.51469081E-01
 -5.09947780E+00 -2.01966593E-01
 -5.09947780E+00 -2.52464105E-01
 -5.09947780E+00 -3.02961618E-01
 -5.09947780E+00 -3.53459130E-01
 -5.09947780E+00 -4.03956643E-01
 -5.09947780E+00 -4.54454155E-01
 -5.09947780E+00 -5.04951668E-01
 -5.09947780E+00 -5.55449180E-01
 -5.09947780E+00 -6.05946692E-01
 -5.09947780E+00 -6.56444205E-01
 -5.09947780E+00 -7.06941717E-01
 -5.09947780E+00 -7.57439230E-01
 -5.09947780E+00 -8.07936742E-01
 -5.09947780E+00 -8.58434255E-01
 -5.09947780E+00 -9.08931767E-01
 -5.09947780E+00 -9.59429280E-01
 -5.09947780E+00 -1.00992679E+00
 -5.09947780E+00 -1.06042430E+00
 -5.09947780E+00 -1.11092182E+00
 -5.09947780E+00 -1.16141933E+00
 -5.09947780E+00 -1.21191684E+00
 -5.09947780E+00 -1.26241435E+00
 -5.09947780E+00 -1.31291187E+00
 -5.09947780E+00 -1.36340938E+00
 -5.09947780E+00 -1.41390689E+00
 -5.09947780E+00 -1.46440440E+00
 -5.09947780E+00 -1.51490192E+00
 -5.09947780E+00 -1.56539943E+00
 -5.09947780E+00 -1.61589694E+00
 -5.09947780E+00 -1.66639445E+00
 -5.09947780E+00 -1.71689197E+00
 -5.09947780E+00 -1.76738948E+00
 -5.09947780E+00 -1.81788699E+00
 -5.09947780E+00 -1.86838450E+00
 -5.09947780E+00 -1.91888202E+00
 -5.09947780E+00 -1.96937953E+00
 -5.09947780E+00 -2.01987704E+00
 -5.09947780E+00 -2.07037455E+00
 -5.09947780E+00 -2.12087207E+00
 -5.09947780E+00 -2.17136958E+00
 -5.09947780E+00 -2.22186709E+00
 -5.09947780E+00 -2.27236460E+00
 -5.09947780E+00 -2.32286212E+00
 -5.09947780E+00 -2.37335963E+00
 -5.09947780E+00 -2.42385714E+00
 -5.09947780E+00 -2.47435465E+00
 -5.09947780E+00 -2.52485217E+00
 -5.09947780E+00 -2.57534968E+00
 -5.09947780E+00 -2.62584719E+00
 -5.09947780E+00 -2.67634470E+00
 -5.09947780E+00 -2.72684221E+00
 -5.09947780E+00 -2.77733973E+00
 -5.09947780E+00 -2.82783724E+00
 -5.09947780E+00 -2.87833475E+00
 -5.09947780E+00 -2.92883226E+00
 -5.09947780E+00 -2.97932978E+00
 -5.09947780E+00 -3.02982729E+00
 -5.09947780E+00 -3.08032480E+00
 -5.09947780E+00 -3.13082231E+00
 -5.09947780E+00 -3.18131983E+00
 -5.09947780E+00 -3.23181734E+00
 -5.09947780E+00 -3.28231485E+00
 -5.09947780E+00 -3.33281236E+00
 -5.09947780E+00 -3.38330988E+00
 -5.09947780E+00 -3.43380739E+00
 -5.09947780E+00 -3.48430490E+00
 -5.09947780E+00 -3.53480241E+00
 -5.09947780E+00 -3.58529993E+00
 -5.09947780E+00 -3.63579744E+00
 -5.09947780E+00 -3.68629495E+00
 -5.09947780E+00 -3.73679246E+00
 -5.09947780E+00 -3.78728998E+00
 -5.09947780E+00 -3.83778749E+00
 -5.09947780E+00 -3.88828500E+00
 -5.09947780E+00 -3.93878251E+00
 -5.09947780E+00 -3.98928003E+00
 -5.09947780E+00 -4.03977754E+00
 -5.09947780E+00 -4.09027505E+00
 -5.09947780E+00 -4.14077256E+00
 -5.09947780E+00 -4.19127008E+00
 -5.09947780E+00 -4.24176759E+00
 -5.09947780E+00 -4.29226510E+00
 -5.09947780E+00 -4.34276261E+00
 -5.09947780E+00 -4.39326013E+00
 -5.09947780E+00 -4.44375764E+00
 -5.09947780E+00 -4.49425515E+00
 -5.09947780E+00 -4.54475266E+00
 -5.09947780E+00 -4.59525018E+00
 -5.09947780E+00 -4.64574769E+00
 -5.09947780E+00 -4.69624520E+00
 -5.09947780E+00 -4.74674271E+00
 -5.09947780E+00 -4.79724022E+00
 -5.09947780E+00 -4.84773774E+00
 -5.09947780E+00 -4.89823525E+00
 -5.09947780E+00 -4.94873276E+00
 -5.09947780E+00 -4.99923027E+00
 -5.09947780E+00 -5.04972779E+00

w:400/ x(   0.4870000E+01) y(   0.1090000E+00) ix(2) iy(2) s(   0.7000E+00)

h: x ny1,0  y2=[y1](plomo),ic[magenta]
 -1.000000E+00 -1.000000E+00

hb:   line clip z   cb(magenta)
clip:
  4.89174892E+00 -2.37700000E+00
  4.90631041E+00 -2.37700000E+00
  4.92000000E+00 -2.37335963E+00
  4.92000000E+00 -2.36287446E+00
  4.92000000E+00 -2.32286212E+00
  4.92000000E+00 -2.31237695E+00
  4.92000000E+00 -2.27236460E+00
  4.92000000E+00 -2.26187944E+00
  4.92000000E+00 -2.22186709E+00
  4.92000000E+00 -2.21138192E+00
  4.92000000E+00 -2.17136958E+00
  4.92000000E+00 -2.16088441E+00
  4.92000000E+00 -2.12087207E+00
  4.92000000E+00 -2.11038690E+00
  4.92000000E+00 -2.07037455E+00
  4.92000000E+00 -2.05988939E+00
  4.92000000E+00 -2.01987704E+00
  4.92000000E+00 -2.00939187E+00
  4.92000000E+00 -1.96937953E+00
  4.92000000E+00 -1.95889436E+00
  4.92000000E+00 -1.91888202E+00
  4.92000000E+00 -1.90839685E+00
  4.92000000E+00 -1.86838450E+00
  4.92000000E+00 -1.85789934E+00
  4.92000000E+00 -1.81788699E+00
  4.92000000E+00 -1.80740182E+00
  4.92000000E+00 -1.76738948E+00
  4.92000000E+00 -1.75690431E+00
  4.92000000E+00 -1.71689197E+00
  4.92000000E+00 -1.70640680E+00
  4.92000000E+00 -1.66639445E+00
  4.92000000E+00 -1.65590929E+00
  4.92000000E+00 -1.61589694E+00
  4.92000000E+00 -1.60541177E+00
  4.92000000E+00 -1.56539943E+00
  4.92000000E+00 -1.55491426E+00
  4.92000000E+00 -1.51490192E+00
  4.92000000E+00 -1.50441675E+00
  4.92000000E+00 -1.46440440E+00
  4.92000000E+00 -1.45391924E+00
  4.92000000E+00 -1.41390689E+00
  4.92000000E+00 -1.40342172E+00
  4.92000000E+00 -1.36340938E+00
  4.92000000E+00 -1.35292421E+00
  4.92000000E+00 -1.31291187E+00
  4.92000000E+00 -1.30242670E+00
  4.92000000E+00 -1.26241435E+00
  4.92000000E+00 -1.25192919E+00
  4.92000000E+00 -1.21191684E+00
  4.92000000E+00 -1.20143167E+00
  4.92000000E+00 -1.16141933E+00
  4.92000000E+00 -1.15093416E+00
  4.92000000E+00 -1.11092182E+00
  4.92000000E+00 -1.10043665E+00
  4.92000000E+00 -1.06042430E+00
  4.92000000E+00 -1.04993914E+00
  4.92000000E+00 -1.00992679E+00
  4.92000000E+00 -9.99441625E-01
  4.92000000E+00 -9.59429280E-01
  4.92000000E+00 -9.48944113E-01
  4.92000000E+00 -9.08931767E-01
  4.92000000E+00 -8.98446600E-01
  4.92000000E+00 -8.58434255E-01
  4.92000000E+00 -8.47949088E-01
  4.92000000E+00 -8.07936742E-01
  4.92000000E+00 -7.97451575E-01
  4.92000000E+00 -7.57439230E-01
  4.92000000E+00 -7.46954063E-01
  4.92000000E+00 -7.06941717E-01
  4.92000000E+00 -6.96456551E-01
  4.92000000E+00 -6.56444205E-01
  4.92000000E+00 -6.45959038E-01
  4.92000000E+00 -6.05946692E-01
  4.92000000E+00 -5.95461526E-01
  4.92000000E+00 -5.55449180E-01
  4.92000000E+00 -5.44964013E-01
  4.92000000E+00 -5.04951668E-01
  4.92000000E+00 -4.94466501E-01
  4.92000000E+00 -4.54454155E-01
  4.92000000E+00 -4.43968988E-01
  4.92000000E+00 -4.03956643E-01
  4.92000000E+00 -3.93471476E-01
  4.92000000E+00 -3.53459130E-01
  4.92000000E+00 -3.42973964E-01
  4.92000000E+00 -3.02961618E-01
  4.92000000E+00 -2.92476451E-01
  4.92000000E+00 -2.52464105E-01
  4.92000000E+00 -2.41978939E-01
  4.92000000E+00 -2.01966593E-01
  4.92000000E+00 -1.91481426E-01
  4.92000000E+00 -1.51469081E-01
  4.92000000E+00 -1.40983914E-01
  4.92000000E+00 -1.00971568E-01
  4.92000000E+00 -9.04864013E-02
  4.92000000E+00 -5.04740556E-02
  4.92000000E+00 -3.99888889E-02
  4.92000000E+00  2.34567890E-05
  4.92000000E+00  1.05086235E-02
  4.92000000E+00  5.05209692E-02
  4.92000000E+00  6.10061360E-02
  4.92000000E+00  1.01018482E-01
  4.92000000E+00  1.11503648E-01
  4.92000000E+00  1.51515994E-01
  4.92000000E+00  1.62001161E-01
  4.92000000E+00  2.02013507E-01
  4.92000000E+00  2.12498673E-01
  4.92000000E+00  2.52511019E-01
  4.92000000E+00  2.62996186E-01
  4.92000000E+00  3.03008531E-01
  4.92000000E+00  3.13493698E-01
  4.92000000E+00  3.53506044E-01
  4.92000000E+00  3.63991211E-01
  4.92000000E+00  4.04003556E-01
  4.92000000E+00  4.14488723E-01
  4.92000000E+00  4.54501069E-01
  4.92000000E+00  4.64986235E-01
  4.92000000E+00  5.04998581E-01
  4.92000000E+00  5.15483748E-01
  4.92000000E+00  5.55496094E-01
  4.92000000E+00  5.65981260E-01
  4.92000000E+00  6.05993606E-01
  4.92000000E+00  6.16478773E-01
  4.92000000E+00  6.56491118E-01
  4.92000000E+00  6.66976285E-01
  4.92000000E+00  7.06988631E-01
  4.92000000E+00  7.17473798E-01
  4.92000000E+00  7.57486143E-01
  4.92000000E+00  7.67971310E-01
  4.92000000E+00  8.07983656E-01
  4.92000000E+00  8.18468823E-01
  4.92000000E+00  8.58481168E-01
  4.92000000E+00  8.68966335E-01
  4.92000000E+00  9.08978681E-01
  4.92000000E+00  9.19463847E-01
  4.92000000E+00  9.59476193E-01
  4.92000000E+00  9.69961360E-01
  4.92000000E+00  1.00997371E+00
  4.92000000E+00  1.02045887E+00
  4.92000000E+00  1.06047122E+00
  4.92000000E+00  1.07095638E+00
  4.92000000E+00  1.11096873E+00
  4.92000000E+00  1.12145390E+00
  4.92000000E+00  1.16146624E+00
  4.92000000E+00  1.17195141E+00
  4.92000000E+00  1.21196376E+00
  4.92000000E+00  1.22244892E+00
  4.92000000E+00  1.26246127E+00
  4.92000000E+00  1.27294643E+00
  4.92000000E+00  1.31295878E+00
  4.92000000E+00  1.32344395E+00
  4.92000000E+00  1.36345629E+00
  4.92000000E+00  1.37394146E+00
  4.92000000E+00  1.41395381E+00
  4.92000000E+00  1.42443897E+00
  4.92000000E+00  1.46445132E+00
  4.92000000E+00  1.47493648E+00
  4.92000000E+00  1.51494883E+00
  4.92000000E+00  1.52543400E+00
  4.92000000E+00  1.56544634E+00
  4.92000000E+00  1.57593151E+00
  4.92000000E+00  1.61594385E+00
  4.92000000E+00  1.62642902E+00
  4.92000000E+00  1.66644137E+00
  4.92000000E+00  1.67692653E+00
  4.92000000E+00  1.71693888E+00
  4.92000000E+00  1.72742405E+00
  4.92000000E+00  1.76743639E+00
  4.92000000E+00  1.77792156E+00
  4.92000000E+00  1.81793390E+00
  4.92000000E+00  1.82841907E+00
  4.92000000E+00  1.86843142E+00
  4.92000000E+00  1.87891658E+00
  4.92000000E+00  1.91892893E+00
  4.92000000E+00  1.92941410E+00
  4.92000000E+00  1.96942644E+00
  4.92000000E+00  1.97991161E+00
  4.92000000E+00  2.01992395E+00
  4.92000000E+00  2.03040912E+00
  4.92000000E+00  2.07042147E+00
  4.92000000E+00  2.08090663E+00
  4.92000000E+00  2.12091898E+00
  4.92000000E+00  2.13140415E+00
  4.92000000E+00  2.17141649E+00
  4.92000000E+00  2.18190166E+00
  4.92000000E+00  2.22191400E+00
  4.92000000E+00  2.23239917E+00
  4.92000000E+00  2.27241152E+00
  4.92000000E+00  2.28289668E+00
  4.92000000E+00  2.32290903E+00
  4.92000000E+00  2.33339420E+00
  4.92000000E+00  2.37340654E+00
  4.92000000E+00  2.38389171E+00
  4.92000000E+00  2.42390405E+00
  4.92000000E+00  2.43438922E+00
  4.92000000E+00  2.47440157E+00
  4.92000000E+00  2.48488673E+00
  4.92000000E+00  2.52489908E+00
  4.92000000E+00  2.53538425E+00
  4.92000000E+00  2.57539659E+00
  4.92000000E+00  2.58588176E+00
  4.89902967E+00  2.59500000E+00
  4.85982285E+00  2.59500000E+00
  4.82000000E+00  2.57539659E+00
  4.82000000E+00  2.53588176E+00
  4.82000000E+00  2.52489908E+00
  4.82000000E+00  2.48538425E+00
  4.82000000E+00  2.47440157E+00
  4.82000000E+00  2.43488673E+00
  4.82000000E+00  2.42390405E+00
  4.82000000E+00  2.38438922E+00
  4.82000000E+00  2.37340654E+00
  4.82000000E+00  2.33389171E+00
  4.82000000E+00  2.32290903E+00
  4.82000000E+00  2.28339420E+00
  4.82000000E+00  2.27241152E+00
  4.82000000E+00  2.23289668E+00
  4.82000000E+00  2.22191400E+00
  4.82000000E+00  2.18239917E+00
  4.82000000E+00  2.17141649E+00
  4.82000000E+00  2.13190166E+00
  4.82000000E+00  2.12091898E+00
  4.82000000E+00  2.08140415E+00
  4.82000000E+00  2.07042147E+00
  4.82000000E+00  2.03090663E+00
  4.82000000E+00  2.01992395E+00
  4.82000000E+00  1.98040912E+00
  4.82000000E+00  1.96942644E+00
  4.82000000E+00  1.92991161E+00
  4.82000000E+00  1.91892893E+00
  4.82000000E+00  1.87941410E+00
  4.82000000E+00  1.86843142E+00
  4.82000000E+00  1.82891658E+00
  4.82000000E+00  1.81793390E+00
  4.82000000E+00  1.77841907E+00
  4.82000000E+00  1.76743639E+00
  4.82000000E+00  1.72792156E+00
  4.82000000E+00  1.71693888E+00
  4.82000000E+00  1.67742405E+00
  4.82000000E+00  1.66644137E+00
  4.82000000E+00  1.62692653E+00
  4.82000000E+00  1.61594385E+00
  4.82000000E+00  1.57642902E+00
  4.82000000E+00  1.56544634E+00
  4.82000000E+00  1.52593151E+00
  4.82000000E+00  1.51494883E+00
  4.82000000E+00  1.47543400E+00
  4.82000000E+00  1.46445132E+00
  4.82000000E+00  1.42493648E+00
  4.82000000E+00  1.41395381E+00
  4.82000000E+00  1.37443897E+00
  4.82000000E+00  1.36345629E+00
  4.82000000E+00  1.32394146E+00
  4.82000000E+00  1.31295878E+00
  4.82000000E+00  1.27344395E+00
  4.82000000E+00  1.26246127E+00
  4.82000000E+00  1.22294643E+00
  4.82000000E+00  1.21196376E+00
  4.82000000E+00  1.17244892E+00
  4.82000000E+00  1.16146624E+00
  4.82000000E+00  1.12195141E+00
  4.82000000E+00  1.11096873E+00
  4.82000000E+00  1.07145390E+00
  4.82000000E+00  1.06047122E+00
  4.82000000E+00  1.02095638E+00
  4.82000000E+00  1.00997371E+00
  4.82000000E+00  9.70458872E-01
  4.82000000E+00  9.59476193E-01
  4.82000000E+00  9.19961360E-01
  4.82000000E+00  9.08978681E-01
  4.82000000E+00  8.69463847E-01
  4.82000000E+00  8.58481168E-01
  4.82000000E+00  8.18966335E-01
  4.82000000E+00  8.07983656E-01
  4.82000000E+00  7.68468823E-01
  4.82000000E+00  7.57486143E-01
  4.82000000E+00  7.17971310E-01
  4.82000000E+00  7.06988631E-01
  4.82000000E+00  6.67473798E-01
  4.82000000E+00  6.56491118E-01
  4.82000000E+00  6.16976285E-01
  4.82000000E+00  6.05993606E-01
  4.82000000E+00  5.66478773E-01
  4.82000000E+00  5.55496094E-01
  4.82000000E+00  5.15981260E-01
  4.82000000E+00  5.04998581E-01
  4.82000000E+00  4.65483748E-01
  4.82000000E+00  4.54501069E-01
  4.82000000E+00  4.14986235E-01
  4.82000000E+00  4.04003556E-01
  4.82000000E+00  3.64488723E-01
  4.82000000E+00  3.53506044E-01
  4.82000000E+00  3.13991211E-01
  4.82000000E+00  3.03008531E-01
  4.82000000E+00  2.63493698E-01
  4.82000000E+00  2.52511019E-01
  4.82000000E+00  2.12996186E-01
  4.82000000E+00  2.02013507E-01
  4.82000000E+00  1.62498673E-01
  4.82000000E+00  1.51515994E-01
  4.82000000E+00  1.12001161E-01
  4.82000000E+00  1.01018482E-01
  4.82000000E+00  6.15036484E-02
  4.82000000E+00  5.05209692E-02
  4.82000000E+00  1.10061360E-02
  4.82000000E+00  2.34567890E-05
  4.82000000E+00 -3.94913765E-02
  4.82000000E+00 -5.04740556E-02
  4.82000000E+00 -8.99888889E-02
  4.82000000E+00 -1.00971568E-01
  4.82000000E+00 -1.40486401E-01
  4.82000000E+00 -1.51469081E-01
  4.82000000E+00 -1.90983914E-01
  4.82000000E+00 -2.01966593E-01
  4.82000000E+00 -2.41481426E-01
  4.82000000E+00 -2.52464105E-01
  4.82000000E+00 -2.91978939E-01
  4.82000000E+00 -3.02961618E-01
  4.82000000E+00 -3.42476451E-01
  4.82000000E+00 -3.53459130E-01
  4.82000000E+00 -3.92973964E-01
  4.82000000E+00 -4.03956643E-01
  4.82000000E+00 -4.43471476E-01
  4.82000000E+00 -4.54454155E-01
  4.82000000E+00 -4.93968988E-01
  4.82000000E+00 -5.04951668E-01
  4.82000000E+00 -5.44466501E-01
  4.82000000E+00 -5.55449180E-01
  4.82000000E+00 -5.94964013E-01
  4.82000000E+00 -6.05946692E-01
  4.82000000E+00 -6.45461526E-01
  4.82000000E+00 -6.56444205E-01
  4.82000000E+00 -6.95959038E-01
  4.82000000E+00 -7.06941717E-01
  4.82000000E+00 -7.46456551E-01
  4.82000000E+00 -7.57439230E-01
  4.82000000E+00 -7.96954063E-01
  4.82000000E+00 -8.07936742E-01
  4.82000000E+00 -8.47451575E-01
  4.82000000E+00 -8.58434255E-01
  4.82000000E+00 -8.97949088E-01
  4.82000000E+00 -9.08931767E-01
  4.82000000E+00 -9.48446600E-01
  4.82000000E+00 -9.59429280E-01
  4.82000000E+00 -9.98944113E-01
  4.82000000E+00 -1.00992679E+00
  4.82000000E+00 -1.04944163E+00
  4.82000000E+00 -1.06042430E+00
  4.82000000E+00 -1.09993914E+00
  4.82000000E+00 -1.11092182E+00
  4.82000000E+00 -1.15043665E+00
  4.82000000E+00 -1.16141933E+00
  4.82000000E+00 -1.20093416E+00
  4.82000000E+00 -1.21191684E+00
  4.82000000E+00 -1.25143167E+00
  4.82000000E+00 -1.26241435E+00
  4.82000000E+00 -1.30192919E+00
  4.82000000E+00 -1.31291187E+00
  4.82000000E+00 -1.35242670E+00
  4.82000000E+00 -1.36340938E+00
  4.82000000E+00 -1.40292421E+00
  4.82000000E+00 -1.41390689E+00
  4.82000000E+00 -1.45342172E+00
  4.82000000E+00 -1.46440440E+00
  4.82000000E+00 -1.50391924E+00
  4.82000000E+00 -1.51490192E+00
  4.82000000E+00 -1.55441675E+00
  4.82000000E+00 -1.56539943E+00
  4.82000000E+00 -1.60491426E+00
  4.82000000E+00 -1.61589694E+00
  4.82000000E+00 -1.65541177E+00
  4.82000000E+00 -1.66639445E+00
  4.82000000E+00 -1.70590929E+00
  4.82000000E+00 -1.71689197E+00
  4.82000000E+00 -1.75640680E+00
  4.82000000E+00 -1.76738948E+00
  4.82000000E+00 -1.80690431E+00
  4.82000000E+00 -1.81788699E+00
  4.82000000E+00 -1.85740182E+00
  4.82000000E+00 -1.86838450E+00
  4.82000000E+00 -1.90789934E+00
  4.82000000E+00 -1.91888202E+00
  4.82000000E+00 -1.95839685E+00
  4.82000000E+00 -1.96937953E+00
  4.82000000E+00 -2.00889436E+00
  4.82000000E+00 -2.01987704E+00
  4.82000000E+00 -2.05939187E+00
  4.82000000E+00 -2.07037455E+00
  4.82000000E+00 -2.10988939E+00
  4.82000000E+00 -2.12087207E+00
  4.82000000E+00 -2.16038690E+00
  4.82000000E+00 -2.17136958E+00
  4.82000000E+00 -2.21088441E+00
  4.82000000E+00 -2.22186709E+00
  4.82000000E+00 -2.26138192E+00
  4.82000000E+00 -2.27236460E+00
  4.82000000E+00 -2.31187944E+00
  4.82000000E+00 -2.32286212E+00
  4.82000000E+00 -2.36237695E+00
  4.82000000E+00 -2.37335963E+00

w:300/ x(  -0.3950000E+00) y(   0.1090000E+00) ix(2) iy(2) s(   0.7000E+00)

h: x ny1,0  y2=[y1](acrilico),ic[green]
 -1.000000E+00 -1.000000E+00

hb:   line clip z   cb(green)
clip:
 -4.80887894E-01 -1.37700000E+00
 -3.25530385E-01 -1.37700000E+00
 -2.80000000E-01 -1.36340938E+00
 -2.80000000E-01 -1.32705357E+00
 -2.80000000E-01 -1.31291187E+00
 -2.80000000E-01 -1.27655605E+00
 -2.80000000E-01 -1.26241435E+00
 -2.80000000E-01 -1.22605854E+00
 -2.80000000E-01 -1.21191684E+00
 -2.80000000E-01 -1.17556103E+00
 -2.80000000E-01 -1.16141933E+00
 -2.80000000E-01 -1.12506352E+00
 -2.80000000E-01 -1.11092182E+00
 -2.80000000E-01 -1.07456600E+00
 -2.80000000E-01 -1.06042430E+00
 -2.80000000E-01 -1.02406849E+00
 -2.80000000E-01 -1.00992679E+00
 -2.80000000E-01 -9.73570978E-01
 -2.80000000E-01 -9.59429280E-01
 -2.80000000E-01 -9.23073466E-01
 -2.80000000E-01 -9.08931767E-01
 -2.80000000E-01 -8.72575954E-01
 -2.80000000E-01 -8.58434255E-01
 -2.80000000E-01 -8.22078441E-01
 -2.80000000E-01 -8.07936742E-01
 -2.80000000E-01 -7.71580929E-01
 -2.80000000E-01 -7.57439230E-01
 -2.80000000E-01 -7.21083416E-01
 -2.80000000E-01 -7.06941717E-01
 -2.80000000E-01 -6.70585904E-01
 -2.80000000E-01 -6.56444205E-01
 -2.80000000E-01 -6.20088391E-01
 -2.80000000E-01 -6.05946692E-01
 -2.80000000E-01 -5.69590879E-01
 -2.80000000E-01 -5.55449180E-01
 -2.80000000E-01 -5.19093367E-01
 -2.80000000E-01 -5.04951668E-01
 -2.80000000E-01 -4.68595854E-01
 -2.80000000E-01 -4.54454155E-01
 -2.80000000E-01 -4.18098342E-01
 -2.80000000E-01 -4.03956643E-01
 -2.80000000E-01 -3.67600829E-01
 -2.80000000E-01 -3.53459130E-01
 -2.80000000E-01 -3.17103317E-01
 -2.80000000E-01 -3.02961618E-01
 -2.80000000E-01 -2.66605804E-01
 -2.80000000E-01 -2.52464105E-01
 -2.80000000E-01 -2.16108292E-01
 -2.80000000E-01 -2.01966593E-01
 -2.80000000E-01 -1.65610779E-01
 -2.80000000E-01 -1.51469081E-01
 -2.80000000E-01 -1.15113267E-01
 -2.80000000E-01 -1.00971568E-01
 -2.80000000E-01 -6.46157546E-02
 -2.80000000E-01 -5.04740556E-02
 -2.80000000E-01 -1.41182421E-02
 -2.80000000E-01  2.34567890E-05
 -2.80000000E-01  3.63792703E-02
 -2.80000000E-01  5.05209692E-02
 -2.80000000E-01  8.68767828E-02
 -2.80000000E-01  1.01018482E-01
 -2.80000000E-01  1.37374295E-01
 -2.80000000E-01  1.51515994E-01
 -2.80000000E-01  1.87871808E-01
 -2.80000000E-01  2.02013507E-01
 -2.80000000E-01  2.38369320E-01
 -2.80000000E-01  2.52511019E-01
 -2.80000000E-01  2.88866833E-01
 -2.80000000E-01  3.03008531E-01
 -2.80000000E-01  3.39364345E-01
 -2.80000000E-01  3.53506044E-01
 -2.80000000E-01  3.89861857E-01
 -2.80000000E-01  4.04003556E-01
 -2.80000000E-01  4.40359370E-01
 -2.80000000E-01  4.54501069E-01
 -2.80000000E-01  4.90856882E-01
 -2.80000000E-01  5.04998581E-01
 -2.80000000E-01  5.41354395E-01
 -2.80000000E-01  5.55496094E-01
 -2.80000000E-01  5.91851907E-01
 -2.80000000E-01  6.05993606E-01
 -2.80000000E-01  6.42349420E-01
 -2.80000000E-01  6.56491118E-01
 -2.80000000E-01  6.92846932E-01
 -2.80000000E-01  7.06988631E-01
 -2.80000000E-01  7.43344444E-01
 -2.80000000E-01  7.57486143E-01
 -2.80000000E-01  7.93841957E-01
 -2.80000000E-01  8.07983656E-01
 -2.80000000E-01  8.44339469E-01
 -2.80000000E-01  8.58481168E-01
 -2.80000000E-01  8.94836982E-01
 -2.80000000E-01  9.08978681E-01
 -2.80000000E-01  9.45334494E-01
 -2.80000000E-01  9.59476193E-01
 -2.80000000E-01  9.95832007E-01
 -2.80000000E-01  1.00997371E+00
 -2.80000000E-01  1.04632952E+00
 -2.80000000E-01  1.06047122E+00
 -2.80000000E-01  1.09682703E+00
 -2.80000000E-01  1.11096873E+00
 -2.80000000E-01  1.14732454E+00
 -2.80000000E-01  1.16146624E+00
 -2.80000000E-01  1.19782206E+00
 -2.80000000E-01  1.21196376E+00
 -2.80000000E-01  1.24831957E+00
 -2.80000000E-01  1.26246127E+00
 -2.80000000E-01  1.29881708E+00
 -2.80000000E-01  1.31295878E+00
 -2.80000000E-01  1.34931459E+00
 -2.80000000E-01  1.36345629E+00
 -2.80000000E-01  1.39981211E+00
 -2.80000000E-01  1.41395381E+00
 -2.80000000E-01  1.45030962E+00
 -2.80000000E-01  1.46445132E+00
 -2.80000000E-01  1.50080713E+00
 -2.80000000E-01  1.51494883E+00
 -2.80000000E-01  1.55130464E+00
 -2.80000000E-01  1.56544634E+00
 -2.93604312E-01  1.59500000E+00
 -3.52711627E-01  1.59500000E+00
 -4.11818942E-01  1.59500000E+00
 -4.53706652E-01  1.59500000E+00
 -5.10000000E-01  1.59359302E+00
 -5.10000000E-01  1.56544634E+00
 -5.10000000E-01  1.53729967E+00
 -5.10000000E-01  1.51494883E+00
 -5.10000000E-01  1.48680216E+00
 -5.10000000E-01  1.46445132E+00
 -5.10000000E-01  1.43630464E+00
 -5.10000000E-01  1.41395381E+00
 -5.10000000E-01  1.38580713E+00
 -5.10000000E-01  1.36345629E+00
 -5.10000000E-01  1.33530962E+00
 -5.10000000E-01  1.31295878E+00
 -5.10000000E-01  1.28481211E+00
 -5.10000000E-01  1.26246127E+00
 -5.10000000E-01  1.23431459E+00
 -5.10000000E-01  1.21196376E+00
 -5.10000000E-01  1.18381708E+00
 -5.10000000E-01  1.16146624E+00
 -5.10000000E-01  1.13331957E+00
 -5.10000000E-01  1.11096873E+00
 -5.10000000E-01  1.08282206E+00
 -5.10000000E-01  1.06047122E+00
 -5.10000000E-01  1.03232454E+00
 -5.10000000E-01  1.00997371E+00
 -5.10000000E-01  9.81827032E-01
 -5.10000000E-01  9.59476193E-01
 -5.10000000E-01  9.31329519E-01
 -5.10000000E-01  9.08978681E-01
 -5.10000000E-01  8.80832007E-01
 -5.10000000E-01  8.58481168E-01
 -5.10000000E-01  8.30334494E-01
 -5.10000000E-01  8.07983656E-01
 -5.10000000E-01  7.79836982E-01
 -5.10000000E-01  7.57486143E-01
 -5.10000000E-01  7.29339469E-01
 -5.10000000E-01  7.06988631E-01
 -5.10000000E-01  6.78841957E-01
 -5.10000000E-01  6.56491118E-01
 -5.10000000E-01  6.28344444E-01
 -5.10000000E-01  6.05993606E-01
 -5.10000000E-01  5.77846932E-01
 -5.10000000E-01  5.55496094E-01
 -5.10000000E-01  5.27349420E-01
 -5.10000000E-01  5.04998581E-01
 -5.10000000E-01  4.76851907E-01
 -5.10000000E-01  4.54501069E-01
 -5.10000000E-01  4.26354395E-01
 -5.10000000E-01  4.04003556E-01
 -5.10000000E-01  3.75856882E-01
 -5.10000000E-01  3.53506044E-01
 -5.10000000E-01  3.25359370E-01
 -5.10000000E-01  3.03008531E-01
 -5.10000000E-01  2.74861857E-01
 -5.10000000E-01  2.52511019E-01
 -5.10000000E-01  2.24364345E-01
 -5.10000000E-01  2.02013507E-01
 -5.10000000E-01  1.73866833E-01
 -5.10000000E-01  1.51515994E-01
 -5.10000000E-01  1.23369320E-01
 -5.10000000E-01  1.01018482E-01
 -5.10000000E-01  7.28718076E-02
 -5.10000000E-01  5.05209692E-02
 -5.10000000E-01  2.23742952E-02
 -5.10000000E-01  2.34567890E-05
 -5.10000000E-01 -2.81232172E-02
 -5.10000000E-01 -5.04740556E-02
 -5.10000000E-01 -7.86207297E-02
 -5.10000000E-01 -1.00971568E-01
 -5.10000000E-01 -1.29118242E-01
 -5.10000000E-01 -1.51469081E-01
 -5.10000000E-01 -1.79615755E-01
 -5.10000000E-01 -2.01966593E-01
 -5.10000000E-01 -2.30113267E-01
 -5.10000000E-01 -2.52464105E-01
 -5.10000000E-01 -2.80610779E-01
 -5.10000000E-01 -3.02961618E-01
 -5.10000000E-01 -3.31108292E-01
 -5.10000000E-01 -3.53459130E-01
 -5.10000000E-01 -3.81605804E-01
 -5.10000000E-01 -4.03956643E-01
 -5.10000000E-01 -4.32103317E-01
 -5.10000000E-01 -4.54454155E-01
 -5.10000000E-01 -4.82600829E-01
 -5.10000000E-01 -5.04951668E-01
 -5.10000000E-01 -5.33098342E-01
 -5.10000000E-01 -5.55449180E-01
 -5.10000000E-01 -5.83595854E-01
 -5.10000000E-01 -6.05946692E-01
 -5.10000000E-01 -6.34093367E-01
 -5.10000000E-01 -6.56444205E-01
 -5.10000000E-01 -6.84590879E-01
 -5.10000000E-01 -7.06941717E-01
 -5.10000000E-01 -7.35088391E-01
 -5.10000000E-01 -7.57439230E-01
 -5.10000000E-01 -7.85585904E-01
 -5.10000000E-01 -8.07936742E-01
 -5.10000000E-01 -8.36083416E-01
 -5.10000000E-01 -8.58434255E-01
 -5.10000000E-01 -8.86580929E-01
 -5.10000000E-01 -9.08931767E-01
 -5.10000000E-01 -9.37078441E-01
 -5.10000000E-01 -9.59429280E-01
 -5.10000000E-01 -9.87575954E-01
 -5.10000000E-01 -1.00992679E+00
 -5.10000000E-01 -1.03807347E+00
 -5.10000000E-01 -1.06042430E+00
 -5.10000000E-01 -1.08857098E+00
 -5.10000000E-01 -1.11092182E+00
 -5.10000000E-01 -1.13906849E+00
 -5.10000000E-01 -1.16141933E+00
 -5.10000000E-01 -1.18956600E+00
 -5.10000000E-01 -1.21191684E+00
 -5.10000000E-01 -1.24006352E+00
 -5.10000000E-01 -1.26241435E+00
 -5.10000000E-01 -1.29056103E+00
 -5.10000000E-01 -1.31291187E+00
 -5.10000000E-01 -1.34105854E+00
 -5.10000000E-01 -1.36340938E+00

w:510/ x(  -0.2300000E+00) y(   0.1090000E+00) ix(2) iy(2) s(   0.7000E+00)

h: x ny1,0  y2=[y1](pouch),ic[pink]
 -1.000000E+00 -1.000000E+00

hb:   line clip z   cb(pink)
clip:
 -2.80000000E-01 -8.72575954E-01
 -2.51716602E-01 -8.77000000E-01
 -2.14585111E-01 -8.77000000E-01
 -1.80000000E-01 -8.58434255E-01
 -1.80000000E-01 -8.22575954E-01
 -1.80000000E-01 -8.07936742E-01
 -1.80000000E-01 -7.72078441E-01
 -1.80000000E-01 -7.57439230E-01
 -1.80000000E-01 -7.21580929E-01
 -1.80000000E-01 -7.06941717E-01
 -1.80000000E-01 -6.71083416E-01
 -1.80000000E-01 -6.56444205E-01
 -1.80000000E-01 -6.20585904E-01
 -1.80000000E-01 -6.05946692E-01
 -1.80000000E-01 -5.70088391E-01
 -1.80000000E-01 -5.55449180E-01
 -1.80000000E-01 -5.19590879E-01
 -1.80000000E-01 -5.04951668E-01
 -1.80000000E-01 -4.69093367E-01
 -1.80000000E-01 -4.54454155E-01
 -1.80000000E-01 -4.18595854E-01
 -1.80000000E-01 -4.03956643E-01
 -1.80000000E-01 -3.68098342E-01
 -1.80000000E-01 -3.53459130E-01
 -1.80000000E-01 -3.17600829E-01
 -1.80000000E-01 -3.02961618E-01
 -1.80000000E-01 -2.67103317E-01
 -1.80000000E-01 -2.52464105E-01
 -1.80000000E-01 -2.16605804E-01
 -1.80000000E-01 -2.01966593E-01
 -1.80000000E-01 -1.66108292E-01
 -1.80000000E-01 -1.51469081E-01
 -1.80000000E-01 -1.15610779E-01
 -1.80000000E-01 -1.00971568E-01
 -1.80000000E-01 -6.51132670E-02
 -1.80000000E-01 -5.04740556E-02
 -1.80000000E-01 -1.46157546E-02
 -1.80000000E-01  2.34567890E-05
 -1.80000000E-01  3.58817579E-02
 -1.80000000E-01  5.05209692E-02
 -1.80000000E-01  8.63792703E-02
 -1.80000000E-01  1.01018482E-01
 -1.80000000E-01  1.36876783E-01
 -1.80000000E-01  1.51515994E-01
 -1.80000000E-01  1.87374295E-01
 -1.80000000E-01  2.02013507E-01
 -1.80000000E-01  2.37871808E-01
 -1.80000000E-01  2.52511019E-01
 -1.80000000E-01  2.88369320E-01
 -1.80000000E-01  3.03008531E-01
 -1.80000000E-01  3.38866833E-01
 -1.80000000E-01  3.53506044E-01
 -1.80000000E-01  3.89364345E-01
 -1.80000000E-01  4.04003556E-01
 -1.80000000E-01  4.39861857E-01
 -1.80000000E-01  4.54501069E-01
 -1.80000000E-01  4.90359370E-01
 -1.80000000E-01  5.04998581E-01
 -1.80000000E-01  5.40856882E-01
 -1.80000000E-01  5.55496094E-01
 -1.80000000E-01  5.91354395E-01
 -1.80000000E-01  6.05993606E-01
 -1.80000000E-01  6.41851907E-01
 -1.80000000E-01  6.56491118E-01
 -1.80000000E-01  6.92349420E-01
 -1.80000000E-01  7.06988631E-01
 -1.80000000E-01  7.42846932E-01
 -1.80000000E-01  7.57486143E-01
 -1.80000000E-01  7.93344444E-01
 -1.80000000E-01  8.07983656E-01
 -1.80000000E-01  8.43841957E-01
 -1.80000000E-01  8.58481168E-01
 -1.80000000E-01  8.94339469E-01
 -1.80000000E-01  9.08978681E-01
 -1.80000000E-01  9.44836982E-01
 -1.80000000E-01  9.59476193E-01
 -1.80000000E-01  9.95334494E-01
 -1.80000000E-01  1.00997371E+00
 -1.80000000E-01  1.04583201E+00
 -1.80000000E-01  1.06047122E+00
 -1.82659038E-01  1.09500000E+00
 -2.51716602E-01  1.09500000E+00
 -2.80000000E-01  1.07461292E+00
 -2.80000000E-01  1.06047122E+00
 -2.80000000E-01  1.04632952E+00
 -2.80000000E-01  1.00997371E+00
 -2.80000000E-01  9.95832007E-01
 -2.80000000E-01  9.59476193E-01
 -2.80000000E-01  9.45334494E-01
 -2.80000000E-01  9.08978681E-01
 -2.80000000E-01  8.94836982E-01
 -2.80000000E-01  8.58481168E-01
 -2.80000000E-01  8.44339469E-01
 -2.80000000E-01  8.07983656E-01
 -2.80000000E-01  7.93841957E-01
 -2.80000000E-01  7.57486143E-01
 -2.80000000E-01  7.43344444E-01
 -2.80000000E-01  7.06988631E-01
 -2.80000000E-01  6.92846932E-01
 -2.80000000E-01  6.56491118E-01
 -2.80000000E-01  6.42349420E-01
 -2.80000000E-01  6.05993606E-01
 -2.80000000E-01  5.91851907E-01
 -2.80000000E-01  5.55496094E-01
 -2.80000000E-01  5.41354395E-01
 -2.80000000E-01  5.04998581E-01
 -2.80000000E-01  4.90856882E-01
 -2.80000000E-01  4.54501069E-01
 -2.80000000E-01  4.40359370E-01
 -2.80000000E-01  4.04003556E-01
 -2.80000000E-01  3.89861857E-01
 -2.80000000E-01  3.53506044E-01
 -2.80000000E-01  3.39364345E-01
 -2.80000000E-01  3.03008531E-01
 -2.80000000E-01  2.88866833E-01
 -2.80000000E-01  2.52511019E-01
 -2.80000000E-01  2.38369320E-01
 -2.80000000E-01  2.02013507E-01
 -2.80000000E-01  1.87871808E-01
 -2.80000000E-01  1.51515994E-01
 -2.80000000E-01  1.37374295E-01
 -2.80000000E-01  1.01018482E-01
 -2.80000000E-01  8.68767828E-02
 -2.80000000E-01  5.05209692E-02
 -2.80000000E-01  3.63792703E-02
 -2.80000000E-01  2.34567890E-05
 -2.80000000E-01 -1.41182421E-02
 -2.80000000E-01 -5.04740556E-02
 -2.80000000E-01 -6.46157546E-02
 -2.80000000E-01 -1.00971568E-01
 -2.80000000E-01 -1.15113267E-01
 -2.80000000E-01 -1.51469081E-01
 -2.80000000E-01 -1.65610779E-01
 -2.80000000E-01 -2.01966593E-01
 -2.80000000E-01 -2.16108292E-01
 -2.80000000E-01 -2.52464105E-01
 -2.80000000E-01 -2.66605804E-01
 -2.80000000E-01 -3.02961618E-01
 -2.80000000E-01 -3.17103317E-01
 -2.80000000E-01 -3.53459130E-01
 -2.80000000E-01 -3.67600829E-01
 -2.80000000E-01 -4.03956643E-01
 -2.80000000E-01 -4.18098342E-01
 -2.80000000E-01 -4.54454155E-01
 -2.80000000E-01 -4.68595854E-01
 -2.80000000E-01 -5.04951668E-01
 -2.80000000E-01 -5.19093367E-01
 -2.80000000E-01 -5.55449180E-01
 -2.80000000E-01 -5.69590879E-01
 -2.80000000E-01 -6.05946692E-01
 -2.80000000E-01 -6.20088391E-01
 -2.80000000E-01 -6.56444205E-01
 -2.80000000E-01 -6.70585904E-01
 -2.80000000E-01 -7.06941717E-01
 -2.80000000E-01 -7.21083416E-01
 -2.80000000E-01 -7.57439230E-01
 -2.80000000E-01 -7.71580929E-01
 -2.80000000E-01 -8.07936742E-01
 -2.80000000E-01 -8.22078441E-01
 -2.80000000E-01 -8.58434255E-01

wt: s[c5]
\vspace{-3}
  emin  &=&   0.0000E+00 [MeV]
  emax  &=&   1.0000E+03 [MeV]
  xmin  &=&  -2.1600E+00 [cm]
  xmax  &=&  -2.1400E+00 [cm]
  part. &=& all     
e:
 
# Information for Restart Calculation
# This calculation was newly started
# istdev =  2 # 1:Batch variance, 2:History variance
# resc2  = 0.00000000000000000E+00 # Total source weight or Total source weight / maxcas
# resc3  = 0.00000000000000000E+00 # Total history number or Total batch number
# maxcas =          50 # History / Batch, only used for istdev=1
# bitrseed = 0000000000000000000000000000000000000000000000000000000000000000 # bit data of rseed
