
Errors of cell definition in EPS Page No. =   1
Overlapped Cell IDs  x, y, z  coodinates
(Cells 0       0  indicate undefined region)
     300     510    -2.150000E+00 -8.584343E-01 -3.527116E-01
     300     510    -2.150000E+00 -8.079367E-01 -4.537067E-01
     300     510    -2.150000E+00 -8.079367E-01 -3.527116E-01
     300     510    -2.150000E+00 -7.574392E-01 -4.537067E-01
     300     510    -2.150000E+00 -7.574392E-01 -3.527116E-01
     300     510    -2.150000E+00 -7.069417E-01 -4.537067E-01
     300     510    -2.150000E+00 -7.069417E-01 -3.527116E-01
     300     510    -2.150000E+00 -6.564442E-01 -4.537067E-01
     300     510    -2.150000E+00 -6.564442E-01 -3.527116E-01
     300     510    -2.150000E+00 -6.059467E-01 -4.537067E-01
     300     510    -2.150000E+00 -6.059467E-01 -3.527116E-01
     300     510    -2.150000E+00 -5.554492E-01 -4.537067E-01
     300     510    -2.150000E+00 -5.554492E-01 -3.527116E-01
     300     510    -2.150000E+00 -5.049517E-01 -4.537067E-01
     300     510    -2.150000E+00 -5.049517E-01 -3.527116E-01
     300     510    -2.150000E+00 -4.544542E-01 -4.537067E-01
     300     510    -2.150000E+00 -4.544542E-01 -3.527116E-01
     300     510    -2.150000E+00 -4.039566E-01 -4.537067E-01
     300     510    -2.150000E+00 -4.039566E-01 -3.527116E-01
     300     510    -2.150000E+00 -3.534591E-01 -4.537067E-01
     300     510    -2.150000E+00 -3.534591E-01 -3.527116E-01
     300     510    -2.150000E+00 -3.029616E-01 -4.537067E-01
     300     510    -2.150000E+00 -3.029616E-01 -3.527116E-01
     300     510    -2.150000E+00 -2.524641E-01 -4.537067E-01
     300     510    -2.150000E+00 -2.524641E-01 -3.527116E-01
     300     510    -2.150000E+00 -2.019666E-01 -4.537067E-01
     300     510    -2.150000E+00 -2.019666E-01 -3.527116E-01
     300     510    -2.150000E+00 -1.514691E-01 -4.537067E-01
     300     510    -2.150000E+00 -1.514691E-01 -3.527116E-01
     300     510    -2.150000E+00 -1.009716E-01 -4.537067E-01
     300     510    -2.150000E+00 -1.009716E-01 -3.527116E-01
     300     510    -2.150000E+00 -5.047406E-02 -4.537067E-01
     300     510    -2.150000E+00 -5.047406E-02 -3.527116E-01
     300     510    -2.150000E+00  2.345679E-05 -4.537067E-01
     300     510    -2.150000E+00  2.345679E-05 -3.527116E-01
     300     510    -2.150000E+00  5.052097E-02 -4.537067E-01
     300     510    -2.150000E+00  5.052097E-02 -3.527116E-01
     300     510    -2.150000E+00  1.010185E-01 -4.537067E-01
     300     510    -2.150000E+00  1.010185E-01 -3.527116E-01
     300     510    -2.150000E+00  1.515160E-01 -4.537067E-01
     300     510    -2.150000E+00  1.515160E-01 -3.527116E-01
     300     510    -2.150000E+00  2.020135E-01 -4.537067E-01
     300     510    -2.150000E+00  2.020135E-01 -3.527116E-01
     300     510    -2.150000E+00  2.525110E-01 -4.537067E-01
     300     510    -2.150000E+00  2.525110E-01 -3.527116E-01
     300     510    -2.150000E+00  3.030085E-01 -4.537067E-01
     300     510    -2.150000E+00  3.030085E-01 -3.527116E-01
     300     510    -2.150000E+00  3.535060E-01 -4.537067E-01
     300     510    -2.150000E+00  3.535060E-01 -3.527116E-01
     300     510    -2.150000E+00  4.040036E-01 -4.537067E-01
     300     510    -2.150000E+00  4.040036E-01 -3.527116E-01
     300     510    -2.150000E+00  4.545011E-01 -4.537067E-01
     300     510    -2.150000E+00  4.545011E-01 -3.527116E-01
     300     510    -2.150000E+00  5.049986E-01 -4.537067E-01
     300     510    -2.150000E+00  5.049986E-01 -3.527116E-01
     300     510    -2.150000E+00  5.554961E-01 -4.537067E-01
     300     510    -2.150000E+00  5.554961E-01 -3.527116E-01
     300     510    -2.150000E+00  6.059936E-01 -4.537067E-01
     300     510    -2.150000E+00  6.059936E-01 -3.527116E-01
     300     510    -2.150000E+00  6.564911E-01 -4.537067E-01
     300     510    -2.150000E+00  6.564911E-01 -3.527116E-01
     300     510    -2.150000E+00  7.069886E-01 -4.537067E-01
     300     510    -2.150000E+00  7.069886E-01 -3.527116E-01
     300     510    -2.150000E+00  7.574861E-01 -4.537067E-01
     300     510    -2.150000E+00  7.574861E-01 -3.527116E-01
     300     510    -2.150000E+00  8.079837E-01 -4.537067E-01
     300     510    -2.150000E+00  8.079837E-01 -3.527116E-01
     300     510    -2.150000E+00  8.584812E-01 -4.537067E-01
     300     510    -2.150000E+00  8.584812E-01 -3.527116E-01
     300     510    -2.150000E+00  9.089787E-01 -4.537067E-01
     300     510    -2.150000E+00  9.089787E-01 -3.527116E-01
     300     510    -2.150000E+00  9.594762E-01 -4.537067E-01
     300     510    -2.150000E+00  9.594762E-01 -3.527116E-01
     300     510    -2.150000E+00  1.009974E+00 -4.537067E-01
     300     510    -2.150000E+00  1.009974E+00 -3.527116E-01
     300     510    -2.150000E+00  1.060471E+00 -4.537067E-01
     300     510    -2.150000E+00  1.060471E+00 -3.527116E-01

Errors of cell definition in EPS Page No. =   1
Overlapped Cell IDs  x, y, z  coodinates
(Cells 0       0  indicate undefined region)
     510     300    -2.150000E+00 -1.363409E+00 -4.537067E-01
     510     300    -2.150000E+00 -1.363409E+00 -3.527116E-01
     510     300    -2.150000E+00 -1.312912E+00 -4.537067E-01
     510     300    -2.150000E+00 -1.312912E+00 -3.527116E-01
     510     300    -2.150000E+00 -1.262414E+00 -4.537067E-01
     510     300    -2.150000E+00 -1.262414E+00 -3.527116E-01
     510     300    -2.150000E+00 -1.211917E+00 -4.537067E-01
     510     300    -2.150000E+00 -1.211917E+00 -3.527116E-01
     510     300    -2.150000E+00 -1.161419E+00 -4.537067E-01
     510     300    -2.150000E+00 -1.161419E+00 -3.527116E-01
     510     300    -2.150000E+00 -1.110922E+00 -4.537067E-01
     510     300    -2.150000E+00 -1.110922E+00 -3.527116E-01
     510     300    -2.150000E+00 -1.060424E+00 -4.537067E-01
     510     300    -2.150000E+00 -1.060424E+00 -3.527116E-01
     510     300    -2.150000E+00 -1.009927E+00 -4.537067E-01
     510     300    -2.150000E+00 -1.009927E+00 -3.527116E-01
     510     300    -2.150000E+00 -9.594293E-01 -4.537067E-01
     510     300    -2.150000E+00 -9.594293E-01 -3.527116E-01
     510     300    -2.150000E+00 -9.089318E-01 -4.537067E-01
     510     300    -2.150000E+00 -9.089318E-01 -3.527116E-01
     510     300    -2.150000E+00 -8.584343E-01 -4.537067E-01
     510     300    -2.150000E+00 -8.584343E-01 -3.527116E-01
     510     300    -2.150000E+00 -8.079367E-01 -4.537067E-01
     510     300    -2.150000E+00 -8.079367E-01 -3.527116E-01
     510     300    -2.150000E+00 -7.574392E-01 -4.537067E-01
     510     300    -2.150000E+00 -7.574392E-01 -3.527116E-01
     510     300    -2.150000E+00 -7.069417E-01 -4.537067E-01
     510     300    -2.150000E+00 -7.069417E-01 -3.527116E-01
     510     300    -2.150000E+00 -6.564442E-01 -4.537067E-01
     510     300    -2.150000E+00 -6.564442E-01 -3.527116E-01
     510     300    -2.150000E+00 -6.059467E-01 -4.537067E-01
     510     300    -2.150000E+00 -6.059467E-01 -3.527116E-01
     510     300    -2.150000E+00 -5.554492E-01 -4.537067E-01
     510     300    -2.150000E+00 -5.554492E-01 -3.527116E-01
     510     300    -2.150000E+00 -5.049517E-01 -4.537067E-01
     510     300    -2.150000E+00 -5.049517E-01 -3.527116E-01
     510     300    -2.150000E+00 -4.544542E-01 -4.537067E-01
     510     300    -2.150000E+00 -4.544542E-01 -3.527116E-01
     510     300    -2.150000E+00 -4.039566E-01 -4.537067E-01
     510     300    -2.150000E+00 -4.039566E-01 -3.527116E-01
     510     300    -2.150000E+00 -3.534591E-01 -4.537067E-01
     510     300    -2.150000E+00 -3.534591E-01 -3.527116E-01
     510     300    -2.150000E+00 -3.029616E-01 -4.537067E-01
     510     300    -2.150000E+00 -3.029616E-01 -3.527116E-01
     510     300    -2.150000E+00 -2.524641E-01 -4.537067E-01
     510     300    -2.150000E+00 -2.524641E-01 -3.527116E-01
     510     300    -2.150000E+00 -2.019666E-01 -4.537067E-01
     510     300    -2.150000E+00 -2.019666E-01 -3.527116E-01
     510     300    -2.150000E+00 -1.514691E-01 -4.537067E-01
     510     300    -2.150000E+00 -1.514691E-01 -3.527116E-01
     510     300    -2.150000E+00 -1.009716E-01 -4.537067E-01
     510     300    -2.150000E+00 -1.009716E-01 -3.527116E-01
     510     300    -2.150000E+00 -5.047406E-02 -4.537067E-01
     510     300    -2.150000E+00 -5.047406E-02 -3.527116E-01
     510     300    -2.150000E+00  2.345679E-05 -4.537067E-01
     510     300    -2.150000E+00  2.345679E-05 -3.527116E-01
     510     300    -2.150000E+00  5.052097E-02 -4.537067E-01
     510     300    -2.150000E+00  5.052097E-02 -3.527116E-01
     510     300    -2.150000E+00  1.010185E-01 -4.537067E-01
     510     300    -2.150000E+00  1.010185E-01 -3.527116E-01
     510     300    -2.150000E+00  1.515160E-01 -4.537067E-01
     510     300    -2.150000E+00  1.515160E-01 -3.527116E-01
     510     300    -2.150000E+00  2.020135E-01 -4.537067E-01
     510     300    -2.150000E+00  2.020135E-01 -3.527116E-01
     510     300    -2.150000E+00  2.525110E-01 -4.537067E-01
     510     300    -2.150000E+00  2.525110E-01 -3.527116E-01
     510     300    -2.150000E+00  3.030085E-01 -4.537067E-01
     510     300    -2.150000E+00  3.030085E-01 -3.527116E-01
     510     300    -2.150000E+00  3.535060E-01 -4.537067E-01
     510     300    -2.150000E+00  3.535060E-01 -3.527116E-01
     510     300    -2.150000E+00  4.040036E-01 -4.537067E-01
     510     300    -2.150000E+00  4.040036E-01 -3.527116E-01
     510     300    -2.150000E+00  4.545011E-01 -4.537067E-01
     510     300    -2.150000E+00  4.545011E-01 -3.527116E-01
     510     300    -2.150000E+00  5.049986E-01 -4.537067E-01
     510     300    -2.150000E+00  5.049986E-01 -3.527116E-01
     510     300    -2.150000E+00  5.554961E-01 -4.537067E-01
     510     300    -2.150000E+00  5.554961E-01 -3.527116E-01
     510     300    -2.150000E+00  6.059936E-01 -4.537067E-01
     510     300    -2.150000E+00  6.059936E-01 -3.527116E-01
     510     300    -2.150000E+00  6.564911E-01 -4.537067E-01
     510     300    -2.150000E+00  6.564911E-01 -3.527116E-01
     510     300    -2.150000E+00  7.069886E-01 -4.537067E-01
     510     300    -2.150000E+00  7.069886E-01 -3.527116E-01
     510     300    -2.150000E+00  7.574861E-01 -4.537067E-01
     510     300    -2.150000E+00  7.574861E-01 -3.527116E-01
     510     300    -2.150000E+00  8.079837E-01 -4.537067E-01
     510     300    -2.150000E+00  8.079837E-01 -3.527116E-01
     510     300    -2.150000E+00  8.584812E-01 -4.537067E-01
     510     300    -2.150000E+00  8.584812E-01 -3.527116E-01
     510     300    -2.150000E+00  9.089787E-01 -4.537067E-01
     510     300    -2.150000E+00  9.089787E-01 -3.527116E-01
     510     300    -2.150000E+00  9.594762E-01 -4.537067E-01
     510     300    -2.150000E+00  9.594762E-01 -3.527116E-01
     510     300    -2.150000E+00  1.009974E+00 -4.537067E-01
     510     300    -2.150000E+00  1.009974E+00 -3.527116E-01
     510     300    -2.150000E+00  1.060471E+00 -4.537067E-01
     510     300    -2.150000E+00  1.060471E+00 -3.527116E-01
     510     300    -2.150000E+00  1.110969E+00 -4.537067E-01
     510     300    -2.150000E+00  1.110969E+00 -3.527116E-01
     510     300    -2.150000E+00  1.161466E+00 -4.537067E-01
     510     300    -2.150000E+00  1.161466E+00 -3.527116E-01
     510     300    -2.150000E+00  1.211964E+00 -4.537067E-01
     510     300    -2.150000E+00  1.211964E+00 -3.527116E-01
     510     300    -2.150000E+00  1.262461E+00 -4.537067E-01
     510     300    -2.150000E+00  1.262461E+00 -3.527116E-01
     510     300    -2.150000E+00  1.312959E+00 -4.537067E-01
     510     300    -2.150000E+00  1.312959E+00 -3.527116E-01
     510     300    -2.150000E+00  1.363456E+00 -4.537067E-01
     510     300    -2.150000E+00  1.363456E+00 -3.527116E-01
     510     300    -2.150000E+00  1.413954E+00 -4.537067E-01
     510     300    -2.150000E+00  1.413954E+00 -3.527116E-01
     510     300    -2.150000E+00  1.464451E+00 -4.537067E-01
     510     300    -2.150000E+00  1.464451E+00 -3.527116E-01
     510     300    -2.150000E+00  1.514949E+00 -4.537067E-01
     510     300    -2.150000E+00  1.514949E+00 -3.527116E-01
     510     300    -2.150000E+00  1.565446E+00 -4.537067E-01
     510     300    -2.150000E+00  1.565446E+00 -3.527116E-01

Errors of cell definition in EPS Page No. =   1
Overlapped Cell IDs  x, y, z  coodinates
(Cells 0       0  indicate undefined region)
     300     510    -2.150000E+00 -8.584343E-01 -4.537067E-01
     300     510    -2.150000E+00 -8.584343E-01 -3.527116E-01
     300     510    -2.150000E+00 -8.079367E-01 -4.537067E-01
     300     510    -2.150000E+00 -8.079367E-01 -3.527116E-01
     300     510    -2.150000E+00 -7.574392E-01 -4.537067E-01
     300     510    -2.150000E+00 -7.574392E-01 -3.527116E-01
     300     510    -2.150000E+00 -7.069417E-01 -4.537067E-01
     300     510    -2.150000E+00 -7.069417E-01 -3.527116E-01
     300     510    -2.150000E+00 -6.564442E-01 -4.537067E-01
     300     510    -2.150000E+00 -6.564442E-01 -3.527116E-01
     300     510    -2.150000E+00 -6.059467E-01 -4.537067E-01
     300     510    -2.150000E+00 -6.059467E-01 -3.527116E-01
     300     510    -2.150000E+00 -5.554492E-01 -4.537067E-01
     300     510    -2.150000E+00 -5.554492E-01 -3.527116E-01
     300     510    -2.150000E+00 -5.049517E-01 -4.537067E-01
     300     510    -2.150000E+00 -5.049517E-01 -3.527116E-01
     300     510    -2.150000E+00 -4.544542E-01 -4.537067E-01
     300     510    -2.150000E+00 -4.544542E-01 -3.527116E-01
     300     510    -2.150000E+00 -4.039566E-01 -4.537067E-01
     300     510    -2.150000E+00 -4.039566E-01 -3.527116E-01
     300     510    -2.150000E+00 -3.534591E-01 -4.537067E-01
     300     510    -2.150000E+00 -3.534591E-01 -3.527116E-01
     300     510    -2.150000E+00 -3.029616E-01 -4.537067E-01
     300     510    -2.150000E+00 -3.029616E-01 -3.527116E-01
     300     510    -2.150000E+00 -2.524641E-01 -4.537067E-01
     300     510    -2.150000E+00 -2.524641E-01 -3.527116E-01
     300     510    -2.150000E+00 -2.019666E-01 -4.537067E-01
     300     510    -2.150000E+00 -2.019666E-01 -3.527116E-01
     300     510    -2.150000E+00 -1.514691E-01 -4.537067E-01
     300     510    -2.150000E+00 -1.514691E-01 -3.527116E-01
     300     510    -2.150000E+00 -1.009716E-01 -4.537067E-01
     300     510    -2.150000E+00 -1.009716E-01 -3.527116E-01
     300     510    -2.150000E+00 -5.047406E-02 -4.537067E-01
     300     510    -2.150000E+00 -5.047406E-02 -3.527116E-01
     300     510    -2.150000E+00  2.345679E-05 -4.537067E-01
     300     510    -2.150000E+00  2.345679E-05 -3.527116E-01
     300     510    -2.150000E+00  5.052097E-02 -4.537067E-01
     300     510    -2.150000E+00  5.052097E-02 -3.527116E-01
     300     510    -2.150000E+00  1.010185E-01 -4.537067E-01
     300     510    -2.150000E+00  1.010185E-01 -3.527116E-01
     300     510    -2.150000E+00  1.515160E-01 -4.537067E-01
     300     510    -2.150000E+00  1.515160E-01 -3.527116E-01
     300     510    -2.150000E+00  2.020135E-01 -4.537067E-01
     300     510    -2.150000E+00  2.020135E-01 -3.527116E-01
     300     510    -2.150000E+00  2.525110E-01 -4.537067E-01
     300     510    -2.150000E+00  2.525110E-01 -3.527116E-01
     300     510    -2.150000E+00  3.030085E-01 -4.537067E-01
     300     510    -2.150000E+00  3.030085E-01 -3.527116E-01
     300     510    -2.150000E+00  3.535060E-01 -4.537067E-01
     300     510    -2.150000E+00  3.535060E-01 -3.527116E-01
     300     510    -2.150000E+00  4.040036E-01 -4.537067E-01
     300     510    -2.150000E+00  4.040036E-01 -3.527116E-01
     300     510    -2.150000E+00  4.545011E-01 -4.537067E-01
     300     510    -2.150000E+00  4.545011E-01 -3.527116E-01
     300     510    -2.150000E+00  5.049986E-01 -4.537067E-01
     300     510    -2.150000E+00  5.049986E-01 -3.527116E-01
     300     510    -2.150000E+00  5.554961E-01 -4.537067E-01
     300     510    -2.150000E+00  5.554961E-01 -3.527116E-01
     300     510    -2.150000E+00  6.059936E-01 -4.537067E-01
     300     510    -2.150000E+00  6.059936E-01 -3.527116E-01
     300     510    -2.150000E+00  6.564911E-01 -4.537067E-01
     300     510    -2.150000E+00  6.564911E-01 -3.527116E-01
     300     510    -2.150000E+00  7.069886E-01 -4.537067E-01
     300     510    -2.150000E+00  7.069886E-01 -3.527116E-01
     300     510    -2.150000E+00  7.574861E-01 -4.537067E-01
     300     510    -2.150000E+00  7.574861E-01 -3.527116E-01
     300     510    -2.150000E+00  8.079837E-01 -4.537067E-01
     300     510    -2.150000E+00  8.079837E-01 -3.527116E-01
     300     510    -2.150000E+00  8.584812E-01 -4.537067E-01
     300     510    -2.150000E+00  8.584812E-01 -3.527116E-01
     300     510    -2.150000E+00  9.089787E-01 -4.537067E-01
     300     510    -2.150000E+00  9.089787E-01 -3.527116E-01
     300     510    -2.150000E+00  9.594762E-01 -4.537067E-01
     300     510    -2.150000E+00  9.594762E-01 -3.527116E-01
     300     510    -2.150000E+00  1.009974E+00 -4.537067E-01
     300     510    -2.150000E+00  1.009974E+00 -3.527116E-01
     300     510    -2.150000E+00  1.060471E+00 -4.537067E-01
     300     510    -2.150000E+00  1.060471E+00 -3.527116E-01
