           _________________________________________________________
          |                                                         |
          |       _/_/_/_/                                          |
          |      _/      _/                  _/_/_/_/_/_/           |
          |     _/      _/  _/      _/   _/      _/      _/_/_/_/_/ |
          |    _/_/_/_/    _/      _/   _/      _/      _/          |
          |   _/          _/_/_/_/_/   _/      _/       _/_/_/_/    |
          |  _/          _/      _/   _/      _/              _/    |
          | _/          _/      _/   _/      _/      _/_/_/_/_/     |
          |                                                         |
          |                                                         |
          |       Particle and Heavy Ion Transport code System      |
          |                      Version =  2.300                   |
          |                         made by                         |
          |                                                         |
          |                       Koji NIITA,                       |
          |           Research Organization for Information         |
          |                    Science & Technology                 |
          |                                                         |
          |           Norihiro MATSUDA, Shintaro HASHIMOTO,         |
          |              Yosuke IWAMOTO, Tatsuhiko SATO,            |
          |             Hiroshi NAKASHIMA, Yukio SAKAMOTO,          |
          |               Tokio FUKAHORI, Satoshi CHIBA,            |
          |                 Japan Atomic Energy Agency              |
          |                                                         |
          |                      Hiroshi IWASE,                     |
          |                           KEK                           |
          |                                                         |
          |                           and                           |
          |                                                         |
          |                      Lembit SIHVER,                     |
          |             Chalmers University of Technology           |
          |                                                         |
          |                 Last Revised  2011-08-11                |
          |_________________________________________________________|

  ________________________________ [ Job Title ] ______________________________ 
 |                                                                             |
 |  example 012        -Double Differential Cross-section (DDX)- sample input  |
 |                      Norihiro MATSUDA    02 JULY 2010                       |
 |_____________________________________________________________________________|

                        Starting Date = 2011-08-17
                        Starting Time = 11h 40m 45

>>> Input Echo >>>=============================================================

[ T i t l e ]
example 012        -Double Differential Cross-section (DDX)- sample input
                    Norihiro MATSUDA    02 JULY 2010

[ P a r a m e t e r s ]
 icntl    =           0     # (D=0) 3:ECH 5:NOR 6:SRC 7,8:GSH 11:DSH 12:DUMP
 maxcas   =      500000     # (D=10) number of particles per one batch
 maxbch   =          40     # (D=10) number of batches
 emin(2)  =  1.00000000     # (D=1.0) cut-off energy of neutron (MeV)
 dmax(2)  =  20.0000000     # (D=emin(2)) data max. energy of neutron (MeV)
 itall    =           1     # (D=0) 0:no tally at batch, 1:same, 2:different
 imout    =           2     # (D=0) MAT format, 0: 208Pb, 1: Pb-208, 2: MCNP
 icput    =           1     # (D=0) 0: no cpu time for each process
 iggcm    =           1     # (D=0) 0:no 1:print GG message and warning
 e-mode   =           0     # (D=0) 0: Normal, 1: Event generator mode
 file(6)  = phits.out       # (D=phits.out) general output file name
 file(7)  = C:\phits\data\xsdir.jnd # (D=xdirs) nuclear data input file name

[ S o u r c e ]
  totfact =   1.0000        # (D=1.0) global factor
   s-type =   1             # mono-energetic axial source
     proj =  proton         # kind of incident particle         
       e0 =   1200.0        # energy of beam [MeV/u]
       r0 =   0.0000        # radius [cm]
       x0 =   0.0000        # (D=0.0) center position of x-axis [cm]
       y0 =   0.0000        # (D=0.0) center position of y-axis [cm]
       z0 =  -1.0100        # minimum position of z-axis [cm]
       z1 =  -1.0100        # maximum position of z-axis [cm]
      dir =   1.0000        # z-direction of beam [cosine]

[ M a t e r i a l ]
m26   
        26054         5.8450000E+00
        26056         9.1754000E+01
        26057         2.1190000E+00
        26058         2.8200000E-01
m1    
         7014         7.8000000E+01
         8016         2.1000000E+01

[ C e l l ]
 20        26 -7.8700000E+00  5001 -6001 -8001 
 100        1 -1.2050000E-03  -9200
                              #( 5001 -6001 -8001 ) 
 501        1 -1.2050000E-03  -86 9200 -9201 
 502        1 -1.2050000E-03  86 -85 9200 -9201 
 503        1 -1.2050000E-03  85 -56 9200 -9201 
 504        1 -1.2050000E-03  56 -55 9200 -9201 
 505        1 -1.2050000E-03  55 -41 9200 -9201 
 506        1 -1.2050000E-03  41 -40 9200 -9201 
 507        1 -1.2050000E-03  40 -26 9200 -9201 
 508        1 -1.2050000E-03  26 -25 9200 -9201 
 509        1 -1.2050000E-03  25 -11 9200 -9201 
 510        1 -1.2050000E-03  11 -10 9200 -9201 
 511        1 -1.2050000E-03  10 9200 -9201 
 999       -1                 9201 

[ S u r f a c e ]
 5001         pz    -1.5000000E+00
 6001         pz     1.5000000E+00
 10           pz     3.4598153E+02
 11           pz     3.4320389E+02
 25           pz     3.2050496E+02
 26           pz     3.1374483E+02
 40           pz     2.7318650E+02
 41           pz     2.6290459E+02
 55           pz     2.0725084E+02
 56           pz     1.9414783E+02
 85           pz     3.8464021E+01
 86           pz     2.2529068E+01
 8001         cz     1.5000000E+00
 9200         so     3.5000000E+02
 9201         so     3.5010000E+02

[ T - C r o s s ]
    title = [t-cross] in region mesh
     mesh =  reg            # mesh type is region-wise
      reg =    5            # number of crossing regions
      non     r-in    r-out      area
        1     100     502      35042.79    
        2     100     504      28815.02    
        3     100     506      22611.10    
        4     100     508      14866.30    
        5     100     510      6108.349    
   e-type =    3            # e-mesh is log given by emin, emax and ne
     emin =   1.000000      # minimum value of e-mesh points
     emax =   10000.00      # maximum value of e-mesh points
#    edel =  0.1151293      # mesh width of e-mesh points
       ne =   80            # number of e-mesh points
#    data = ( e(i), i = 1, ne + 1 )
#           1.00000E+00  1.12202E+00  1.25893E+00  1.41254E+00  1.58489E+00
#           1.77828E+00  1.99526E+00  2.23872E+00  2.51189E+00  2.81838E+00
#           3.16228E+00  3.54813E+00  3.98107E+00  4.46684E+00  5.01187E+00
#           5.62341E+00  6.30957E+00  7.07946E+00  7.94328E+00  8.91251E+00
#           1.00000E+01  1.12202E+01  1.25893E+01  1.41254E+01  1.58489E+01
#           1.77828E+01  1.99526E+01  2.23872E+01  2.51189E+01  2.81838E+01
#           3.16228E+01  3.54813E+01  3.98107E+01  4.46684E+01  5.01187E+01
#           5.62341E+01  6.30957E+01  7.07946E+01  7.94328E+01  8.91251E+01
#           1.00000E+02  1.12202E+02  1.25893E+02  1.41254E+02  1.58489E+02
#           1.77828E+02  1.99526E+02  2.23872E+02  2.51189E+02  2.81838E+02
#           3.16228E+02  3.54813E+02  3.98107E+02  4.46684E+02  5.01187E+02
#           5.62341E+02  6.30957E+02  7.07946E+02  7.94328E+02  8.91251E+02
#           1.00000E+03  1.12202E+03  1.25893E+03  1.41254E+03  1.58489E+03
#           1.77828E+03  1.99526E+03  2.23872E+03  2.51189E+03  2.81838E+03
#           3.16228E+03  3.54813E+03  3.98107E+03  4.46684E+03  5.01187E+03
#           5.62341E+03  6.30957E+03  7.07946E+03  7.94328E+03  8.91251E+03
#           1.00000E+04
     unit =    2            # unit is [1/cm^2/MeV/source]
     axis =  eng            # axis of output
     file = flux_neutron.dat  # file name of output for the above axis
   output = flux            # surface crossing flux
     part =  neutron  
# kf/name :  2112     
   epsout =    1            # (D=0) generate eps file by ANGEL
#    used :        main (  %)        temp (  %)       total (  %)
#  memory :         922 (  0)         882 (  0)        1804 (  0)

[END] of Input Echo <<<========================================================

<<< Report of real Geometry memory >>>
*           GG/CG memory =      375
*     total memory: mdas = 20000000
*                percent =     0.00 %

<<< Report of material memory for high energy>>>
*   high energy material =     6994
*     total memory: mdas = 20000000
*                percent =     0.03 %

<<< Report of material memory for low energy>>>
*    low energy material =   847817
*     total memory: mdas = 20000000
*                percent =     4.24 %

<<< Report of real tally memory >>>
*      real tally memory =      922
*     total memory: mdas = 20000000
*                percent =     0.00 %

<<< Report of bank memory >>>
*            bank memory =   347500
*     total memory: mdas = 20000000
*                percent =     1.74 %

<<< Report of other memory >>>
*           other memory =     6609
*     total memory: mdas = 20000000
*                percent =     0.03 %

<<< Report of total memory >>>
*      used total memory =  1210217
*     total memory: mdas = 20000000
*                percent =     6.05 %
*                ---------------------


<<< Message from GG set up >>>


*** print the names and coefficients of the surfaces.

         surface     trans  type   surface coefficients

     1   5001                  pz   -1.5000000E+00
     2   6001                  pz    1.5000000E+00
     3     10                  pz    3.4598153E+02
     4     11                  pz    3.4320389E+02
     5     25                  pz    3.2050496E+02
     6     26                  pz    3.1374483E+02
     7     40                  pz    2.7318650E+02
     8     41                  pz    2.6290459E+02
     9     55                  pz    2.0725084E+02
    10     56                  pz    1.9414783E+02
    11     85                  pz    3.8464021E+01
    12     86                  pz    2.2529068E+01
    13   8001                  cz    1.5000000E+00
    14   9200                  so    3.5000000E+02
    15   9201                  so    3.5010000E+02

*  summary of memory space
*        mxj  (estimate) =       15
*        mxj  (count)    =       15
*        mlja (estimate) =       67
*        nljc (count)    =       55
*        nlja (real)     =       54

-------------------------------------------------------------------------------
bat[       1] ncas =         500000. : rijk    =   6647299061401.
       low neutron =         290414. : ncall/s =  8.217435380E+02
          cpu time =   3 m. 58.26 s.

-------------------------------------------------------------------------------
bat[       2] ncas =        1000000. : rijk    = 266423214280473.
       low neutron =         291113. : ncall/s =  8.233707160E+02
          cpu time =   4 m.  1.66 s.

-------------------------------------------------------------------------------
bat[       3] ncas =        1500000. : rijk    =  85461988288409.
       low neutron =         290924. : ncall/s =  8.263540560E+02
          cpu time =   4 m. 15.09 s.

-------------------------------------------------------------------------------
bat[       4] ncas =        2000000. : rijk    = 279094780395545.
       low neutron =         290053. : ncall/s =  8.197175540E+02
          cpu time =   4 m. 15.14 s.

-------------------------------------------------------------------------------
bat[       5] ncas =        2500000. : rijk    = 246239376119961.
       low neutron =         291823. : ncall/s =  8.242493560E+02
          cpu time =   4 m.  2.22 s.

-------------------------------------------------------------------------------
bat[       6] ncas =        3000000. : rijk    = 278958721069337.
       low neutron =         290154. : ncall/s =  8.223484020E+02
          cpu time =   4 m. 24.33 s.

-------------------------------------------------------------------------------
bat[       7] ncas =        3500000. : rijk    = 111689687828889.
       low neutron =         289976. : ncall/s =  8.206794540E+02
          cpu time =   4 m. 41.23 s.

-------------------------------------------------------------------------------
bat[       8] ncas =        4000000. : rijk    = 184066540200473.
       low neutron =         289823. : ncall/s =  8.211957760E+02
          cpu time =   3 m. 59.00 s.

-------------------------------------------------------------------------------
bat[       9] ncas =        4500000. : rijk    = 269314537290393.
       low neutron =         288912. : ncall/s =  8.139668340E+02
          cpu time =   3 m. 56.69 s.

-------------------------------------------------------------------------------
bat[      10] ncas =        5000000. : rijk    = 253288281527065.
       low neutron =         290876. : ncall/s =  8.242787260E+02
          cpu time =   3 m. 59.70 s.

-------------------------------------------------------------------------------
bat[      11] ncas =        5500000. : rijk    = 249405043501977.
       low neutron =         290693. : ncall/s =  8.232262020E+02
          cpu time =   3 m. 57.45 s.

-------------------------------------------------------------------------------
bat[      12] ncas =        6000000. : rijk    =  49473063633945.
       low neutron =         292371. : ncall/s =  8.293155900E+02
          cpu time =   4 m. 21.12 s.

-------------------------------------------------------------------------------
bat[      13] ncas =        6500000. : rijk    = 162214644341913.
       low neutron =         292731. : ncall/s =  8.299419600E+02
          cpu time =   4 m. 20.08 s.

-------------------------------------------------------------------------------
bat[      14] ncas =        7000000. : rijk    = 217359382066457.
       low neutron =         290087. : ncall/s =  8.188081900E+02
          cpu time =   3 m. 55.28 s.

-------------------------------------------------------------------------------
bat[      15] ncas =        7500000. : rijk    =  83332096642457.
       low neutron =         289835. : ncall/s =  8.187394680E+02
          cpu time =   3 m. 55.69 s.

-------------------------------------------------------------------------------
bat[      16] ncas =        8000000. : rijk    =  39360760784409.
       low neutron =         290123. : ncall/s =  8.209947440E+02
          cpu time =   3 m. 55.12 s.

-------------------------------------------------------------------------------
bat[      17] ncas =        8500000. : rijk    =   2004429684377.
       low neutron =         290023. : ncall/s =  8.228625760E+02
          cpu time =   3 m. 55.03 s.

-------------------------------------------------------------------------------
bat[      18] ncas =        9000000. : rijk    =  57900984407833.
       low neutron =         290709. : ncall/s =  8.220753880E+02
          cpu time =   3 m. 55.36 s.

-------------------------------------------------------------------------------
bat[      19] ncas =        9500000. : rijk    =  50934875402137.
       low neutron =         290337. : ncall/s =  8.187375760E+02
          cpu time =   3 m. 54.80 s.

-------------------------------------------------------------------------------
bat[      20] ncas =       10000000. : rijk    = 194149703092249.
       low neutron =         289384. : ncall/s =  8.177457480E+02
          cpu time =   3 m. 54.56 s.

-------------------------------------------------------------------------------
bat[      21] ncas =       10500000. : rijk    = 173130845167769.
       low neutron =         290506. : ncall/s =  8.228551660E+02
          cpu time =   4 m.  3.66 s.

-------------------------------------------------------------------------------
bat[      22] ncas =       11000000. : rijk    = 118557851089177.
       low neutron =         287551. : ncall/s =  8.190124120E+02
          cpu time =   3 m. 55.89 s.

-------------------------------------------------------------------------------
bat[      23] ncas =       11500000. : rijk    =  70226883285401.
       low neutron =         291556. : ncall/s =  8.267855140E+02
          cpu time =   3 m. 56.00 s.

-------------------------------------------------------------------------------
bat[      24] ncas =       12000000. : rijk    = 184343018727961.
       low neutron =         291201. : ncall/s =  8.229425720E+02
          cpu time =   3 m. 55.55 s.

-------------------------------------------------------------------------------
bat[      25] ncas =       12500000. : rijk    = 276707527328409.
       low neutron =         289692. : ncall/s =  8.180191260E+02
          cpu time =   3 m. 55.11 s.

-------------------------------------------------------------------------------
bat[      26] ncas =       13000000. : rijk    = 109175010712345.
       low neutron =         290197. : ncall/s =  8.217687040E+02
          cpu time =   3 m. 55.47 s.

-------------------------------------------------------------------------------
bat[      27] ncas =       13500000. : rijk    = 137905424659353.
       low neutron =         290149. : ncall/s =  8.235495220E+02
          cpu time =   3 m. 55.53 s.

-------------------------------------------------------------------------------
bat[      28] ncas =       14000000. : rijk    = 190136194812953.
       low neutron =         291934. : ncall/s =  8.279555500E+02
          cpu time =   3 m. 56.64 s.

-------------------------------------------------------------------------------
bat[      29] ncas =       14500000. : rijk    =  10124099609753.
       low neutron =         290489. : ncall/s =  8.219995680E+02
          cpu time =   4 m. 20.16 s.

-------------------------------------------------------------------------------
bat[      30] ncas =       15000000. : rijk    = 266882036874521.
       low neutron =         289150. : ncall/s =  8.192208340E+02
          cpu time =   4 m.  3.47 s.

-------------------------------------------------------------------------------
bat[      31] ncas =       15500000. : rijk    =  83061000131993.
       low neutron =         289489. : ncall/s =  8.190054740E+02
          cpu time =   4 m.  7.75 s.

-------------------------------------------------------------------------------
bat[      32] ncas =       16000000. : rijk    =  92176519376409.
       low neutron =         291405. : ncall/s =  8.250873260E+02
          cpu time =   4 m.  4.61 s.

-------------------------------------------------------------------------------
bat[      33] ncas =       16500000. : rijk    =  46655474583193.
       low neutron =         289291. : ncall/s =  8.185968520E+02
          cpu time =   3 m. 59.47 s.

-------------------------------------------------------------------------------
bat[      34] ncas =       17000000. : rijk    = 265377513414425.
       low neutron =         291525. : ncall/s =  8.248954040E+02
          cpu time =   3 m. 59.22 s.

-------------------------------------------------------------------------------
bat[      35] ncas =       17500000. : rijk    = 165311632062361.
       low neutron =         291937. : ncall/s =  8.261579260E+02
          cpu time =   4 m.  3.12 s.

-------------------------------------------------------------------------------
bat[      36] ncas =       18000000. : rijk    =  69697406865433.
       low neutron =         291277. : ncall/s =  8.243735220E+02
          cpu time =   4 m.  6.56 s.

-------------------------------------------------------------------------------
bat[      37] ncas =       18500000. : rijk    = 100321389062297.
       low neutron =         289574. : ncall/s =  8.213012760E+02
          cpu time =   4 m. 14.02 s.

-------------------------------------------------------------------------------
bat[      38] ncas =       19000000. : rijk    =  94538336633113.
       low neutron =         289439. : ncall/s =  8.189439040E+02
          cpu time =   4 m.  3.31 s.

-------------------------------------------------------------------------------
bat[      39] ncas =       19500000. : rijk    = 265562306517401.
       low neutron =         290657. : ncall/s =  8.206365940E+02
          cpu time =   4 m.  4.49 s.

-------------------------------------------------------------------------------
bat[      40] ncas =       20000000. : rijk    =  72752816812569.
       low neutron =         292482. : ncall/s =  8.296859560E+02
          cpu time =   4 m.  3.11 s.

===============================================================================

 Summary for the end of job

-------------------------------------------------------------------------------
 number of analyz call vs ncol
-------------------------------------------------------------------------------
     ncol          number
        1              1.   : start of calculation            
        2              1.   : end of calculation              
        3             40.   : end of a batch                  
        4       20000000.   : source                          
        5              0.   : detection of geometry error     
        6              0.   : recovery of geometry error      
        7              0.   : termination by geometry error   
        8              0.   : termination by weight cut-off   
        9              0.   : termination by time cut-off     
       10       77083639.   : geometry boundary crossing      
       11       11855431.   : termination by energy cut-off   
       12       38742776.   : termination by escape or leakage
       13        2324924.   : reaction : (n,x) type           
       14       11274839.   : reaction : (n,n'x) type         
       15        6148839.   : sequential transport for tally  

-------------------------------------------------------------------------------
 Region-wise total number of collisions for High energy and HI per source
-------------------------------------------------------------------------------
 Region    Hydrogen       Decay     Elastic   Non-Elast   Heavy Ion    Hi-Total
     20  0.0000E+00  6.0691E-02  1.4045E-01  2.1927E-01  0.0000E+00  4.2041E-01
    100  0.0000E+00  1.1953E-02  5.1027E-03  7.1997E-03  0.0000E+00  2.4256E-02
    501  0.0000E+00  3.9950E-05  2.0000E-07  1.5000E-07  0.0000E+00  4.0300E-05
    502  0.0000E+00  2.5500E-06  0.0000E+00  5.0000E-08  0.0000E+00  2.6000E-06
    503  0.0000E+00  2.8550E-05  2.5000E-07  2.0000E-07  0.0000E+00  2.9000E-05
    504  0.0000E+00  3.1000E-06  0.0000E+00  0.0000E+00  0.0000E+00  3.1000E-06
    505  0.0000E+00  1.4700E-05  3.0000E-07  2.5000E-07  0.0000E+00  1.5250E-05
    506  0.0000E+00  2.5500E-06  0.0000E+00  0.0000E+00  0.0000E+00  2.5500E-06
    507  0.0000E+00  1.2050E-05  1.0000E-07  1.0000E-07  0.0000E+00  1.2250E-05
    508  0.0000E+00  2.8000E-06  0.0000E+00  0.0000E+00  0.0000E+00  2.8000E-06
    509  0.0000E+00  1.0050E-05  0.0000E+00  1.0000E-07  0.0000E+00  1.0150E-05
    510  0.0000E+00  1.4000E-06  0.0000E+00  5.0000E-08  0.0000E+00  1.4500E-06
    511  0.0000E+00  5.0500E-06  4.0000E-07  1.2000E-06  0.0000E+00  6.6500E-06
  Total  0.0000E+00  7.2767E-02  1.4555E-01  2.2647E-01  0.0000E+00  4.4479E-01

-------------------------------------------------------------------------------
 Region-wise total number of collisions for Nuclear Data part per source
-------------------------------------------------------------------------------
 Region     Neutron      Photon    Electron      Proton     N-Emode  Data-Total
     20  2.1957E-01  0.0000E+00  0.0000E+00  0.0000E+00  0.0000E+00  2.1957E-01
    100  1.4494E-02  0.0000E+00  0.0000E+00  0.0000E+00  0.0000E+00  1.4494E-02
    501  2.0427E-06  0.0000E+00  0.0000E+00  0.0000E+00  0.0000E+00  2.0427E-06
    502  5.0000E-08  0.0000E+00  0.0000E+00  0.0000E+00  0.0000E+00  5.0000E-08
    503  9.3001E-07  0.0000E+00  0.0000E+00  0.0000E+00  0.0000E+00  9.3001E-07
    504  1.4996E-07  0.0000E+00  0.0000E+00  0.0000E+00  0.0000E+00  1.4996E-07
    505  5.4750E-07  0.0000E+00  0.0000E+00  0.0000E+00  0.0000E+00  5.4750E-07
    506  2.4500E-07  0.0000E+00  0.0000E+00  0.0000E+00  0.0000E+00  2.4500E-07
    507  2.4815E-07  0.0000E+00  0.0000E+00  0.0000E+00  0.0000E+00  2.4815E-07
    508  9.9968E-08  0.0000E+00  0.0000E+00  0.0000E+00  0.0000E+00  9.9968E-08
    509  1.4997E-07  0.0000E+00  0.0000E+00  0.0000E+00  0.0000E+00  1.4997E-07
    511  5.0000E-08  0.0000E+00  0.0000E+00  0.0000E+00  0.0000E+00  5.0000E-08
  Total  2.3407E-01  0.0000E+00  0.0000E+00  0.0000E+00  0.0000E+00  2.3407E-01

-------------------------------------------------------------------------------
 Region-wise total number of n-coll for low energy per source
-------------------------------------------------------------------------------
 Region     Capture     Elastic      (N,N')      (N,xN)     Fission  Total-Coll
     20  3.4106E-03  1.3885E-01  7.3127E-02  7.7315E-02  0.0000E+00  2.8929E-01
    100  1.4973E-03  1.1853E-02  1.1371E-03  1.1441E-03  0.0000E+00  1.4134E-02
    501  1.7430E-07  1.7807E-06  8.7795E-08  8.7795E-08  0.0000E+00  1.9562E-06
    502  6.0585E-11  4.9939E-08  0.0000E+00  0.0000E+00  0.0000E+00  4.9939E-08
    503  1.0609E-07  7.8342E-07  4.0499E-08  4.0499E-08  0.0000E+00  8.6442E-07
    504  1.3538E-08  1.3642E-07  0.0000E+00  0.0000E+00  0.0000E+00  1.3642E-07
    505  3.9615E-08  4.5917E-07  4.8711E-08  4.8711E-08  0.0000E+00  5.5660E-07
    506  3.0461E-08  2.1454E-07  0.0000E+00  0.0000E+00  0.0000E+00  2.1454E-07
    507  2.4530E-08  2.2362E-07  0.0000E+00  0.0000E+00  0.0000E+00  2.2362E-07
    508  1.1258E-08  8.8710E-08  0.0000E+00  0.0000E+00  0.0000E+00  8.8710E-08
    509  6.0595E-09  1.4391E-07  0.0000E+00  0.0000E+00  0.0000E+00  1.4391E-07
    511  3.8960E-09  4.6104E-08  0.0000E+00  0.0000E+00  0.0000E+00  4.6104E-08
  Total  4.9084E-03  1.5071E-01  7.4265E-02  7.8460E-02  0.0000E+00  3.0834E-01

-------------------------------------------------------------------------------
 Region-wise neutron flux gain and loss for low energy per source
-------------------------------------------------------------------------------
 Region   Capt-Loss  (N,xN)Loss  (N,xN)Gain   Fiss-Loss   Fiss-Gain       Total
     20 -3.4106E-03 -7.7315E-02  8.1504E-02  0.0000E+00  0.0000E+00  7.7749E-04
    100 -1.4973E-03 -1.1441E-03  1.1511E-03  0.0000E+00  0.0000E+00 -1.4903E-03
    501 -1.7430E-07 -8.7795E-08  8.7795E-08  0.0000E+00  0.0000E+00 -1.7430E-07
    502 -6.0585E-11  0.0000E+00  0.0000E+00  0.0000E+00  0.0000E+00 -6.0585E-11
    503 -1.0609E-07 -4.0499E-08  4.0499E-08  0.0000E+00  0.0000E+00 -1.0609E-07
    504 -1.3538E-08  0.0000E+00  0.0000E+00  0.0000E+00  0.0000E+00 -1.3538E-08
    505 -3.9615E-08 -4.8711E-08  4.8711E-08  0.0000E+00  0.0000E+00 -3.9615E-08
    506 -3.0461E-08  0.0000E+00  0.0000E+00  0.0000E+00  0.0000E+00 -3.0461E-08
    507 -2.4530E-08  0.0000E+00  0.0000E+00  0.0000E+00  0.0000E+00 -2.4530E-08
    508 -1.1258E-08  0.0000E+00  0.0000E+00  0.0000E+00  0.0000E+00 -1.1258E-08
    509 -6.0595E-09  0.0000E+00  0.0000E+00  0.0000E+00  0.0000E+00 -6.0595E-09
    511 -3.8960E-09  0.0000E+00  0.0000E+00  0.0000E+00  0.0000E+00 -3.8960E-09
  Total -4.9084E-03 -7.8460E-02  8.2655E-02  0.0000E+00  0.0000E+00 -7.1326E-04

-------------------------------------------------------------------------------
 Region-wise neutron energy gain and loss for low energy per source
-------------------------------------------------------------------------------
 Region   Capt-Loss   UpScatter   DownScatt
     20  3.6325E-02  0.0000E+00  2.9705E-01
    100  1.0303E-02  0.0000E+00  1.3894E-02
    501  9.8024E-07  0.0000E+00  1.4520E-06
    502  6.3471E-11  0.0000E+00  1.3874E-09
    503  8.0488E-07  0.0000E+00  8.5681E-07
    504  9.6254E-08  0.0000E+00  1.6355E-07
    505  3.1053E-07  0.0000E+00  8.5774E-07
    506  2.7402E-07  0.0000E+00  6.9014E-08
    507  2.1936E-07  0.0000E+00  1.6708E-07
    508  1.0839E-07  0.0000E+00  2.2661E-08
    509  7.2202E-08  0.0000E+00  3.0832E-08
    511  5.3823E-09  0.0000E+00  1.0224E-08
  Total  4.6630E-02  0.0000E+00  3.1095E-01

-------------------------------------------------------------------------------
 Medium-wise total number of collisions for High energy and HI per source
-------------------------------------------------------------------------------
 Medium    Hydrogen       Decay     Elastic   Non-Elast   Heavy Ion    Hi-Total
     26  0.0000E+00  6.0775E-02  1.4045E-01  2.1927E-01  0.0000E+00  4.2049E-01
      1  0.0000E+00  1.1993E-02  5.1039E-03  7.2018E-03  0.0000E+00  2.4298E-02
  Total  0.0000E+00  7.2767E-02  1.4555E-01  2.2647E-01  0.0000E+00  4.4479E-01

-------------------------------------------------------------------------------
 Medium-wise total number of collisions for Nuclear Data part per source
-------------------------------------------------------------------------------
 Medium     Neutron      Photon    Electron      Proton  Data-Total
     26  2.1957E-01  0.0000E+00  0.0000E+00  0.0000E+00  2.1957E-01
      1  1.4499E-02  0.0000E+00  0.0000E+00  0.0000E+00  1.4499E-02
  Total  2.3407E-01  0.0000E+00  0.0000E+00  0.0000E+00  2.3407E-01

-------------------------------------------------------------------------------
 Medium-wise total number of n-coll for low energy per source
-------------------------------------------------------------------------------
 Medium     Capture     Elastic      (N,N')      (N,xN)     Fission  Total-Coll
     26  3.4106E-03  1.3885E-01  7.3127E-02  7.7315E-02  0.0000E+00  2.8929E-01
      1  1.4977E-03  1.1857E-02  1.1373E-03  1.1443E-03  0.0000E+00  1.4139E-02
  Total  4.9084E-03  1.5071E-01  7.4265E-02  7.8460E-02  0.0000E+00  3.0834E-01

-------------------------------------------------------------------------------
 Medium-wise neutron flux gain and loss for low energy per source
-------------------------------------------------------------------------------
 Medium   Capt-Loss  (N,xN)Loss  (N,xN)Gain   Fiss-Loss   Fiss-Gain       Total
     26 -3.4106E-03 -7.7315E-02  8.1504E-02  0.0000E+00  0.0000E+00  7.7749E-04
      1 -1.4977E-03 -1.1443E-03  1.1512E-03  0.0000E+00  0.0000E+00 -1.4908E-03
  Total -4.9084E-03 -7.8460E-02  8.2655E-02  0.0000E+00  0.0000E+00 -7.1326E-04

-------------------------------------------------------------------------------
 Medium-wise neutron energy gain and loss for low energy per source
-------------------------------------------------------------------------------
 Medium   Capt-Loss   UpScatter   DownScatt
     26  3.6325E-02  0.0000E+00  2.9705E-01
      1  1.0305E-02  0.0000E+00  1.3897E-02
  Total  4.6630E-02  0.0000E+00  3.1095E-01

-------------------------------------------------------------------------------
 List of transport particles
-------------------------------------------------------------------------------
     Name      kf-code        mass       charge   baryon
     proton       2212        938.3         1       1
     neutron      2112        939.6         0       1
     pion+         211        139.6         1       0
     pion0         111        135.0         0       0
     pion-        -211        139.6        -1       0
     muon+         -13        105.7         1       0
     muon-          13        105.7        -1       0
     electron       11          0.5        -1       0
     positron      -11          0.5         1       0
     photon         22          0.0         0       0
     deuteron  1000002       1875.6         1       2
     triton    1000003       2808.9         1       3
     3he       2000003       2808.4         2       3
     alpha     2000004       3727.4         2       4

     nu_ebar       -12          0.0         0       0
     nu_mu          14          0.0         0       0

-------------------------------------------------------------------------------
 prod. particles       number        weight        weight per source
-------------------------------------------------------------------------------
     neutron        19702934.     1.9698319E+07     9.8491597E-01
     proton         17993879.     1.7993879E+07     8.9969395E-01
     alpha           1722156.     1.7221560E+06     8.6107800E-02
     deuteron        1500530.     1.5005300E+06     7.5026500E-02
     photon          1289160.     1.2891600E+06     6.4458000E-02
     other           1118558.     1.1185580E+06     5.5927900E-02
     pion+            819643.     8.1964300E+05     4.0982150E-02
     pion0            644580.     6.4458000E+05     3.2229000E-02
     pion-            431457.     4.3145700E+05     2.1572850E-02
     muon+            420492.     4.2049200E+05     2.1024600E-02
     triton           320623.     3.2062300E+05     1.6031150E-02
     positron         287525.     2.8752500E+05     1.4376250E-02
     3he              257171.     2.5717100E+05     1.2858550E-02
     muon-             82476.     8.2476000E+04     4.1238000E-03
     electron          20270.     2.0270000E+04     1.0135000E-03

-------------------------------------------------------------------------------
 the other kind of produced particles
-------------------------------------------------------------------------------
     Name      kf-code        number     mass       charge   baryon
     nu_mu          14        810763       0.0         0       0
     nu_ebar       -12        307795       0.0         0       0

-------------------------------------------------------------------------------
 particle decays       number        weight        weight per source
-------------------------------------------------------------------------------
     pion0            644580.     6.4458000E+05     3.2229000E-02
     pion+            420492.     4.2049200E+05     2.1024600E-02
     muon+            287525.     2.8752500E+05     1.4376250E-02
     pion-             82476.     8.2476000E+04     4.1238000E-03
     muon-             20270.     2.0270000E+04     1.0135000E-03

-------------------------------------------------------------------------------
 stop. particles.    number        weight        weight per source
-------------------------------------------------------------------------------
     proton         11863088.     1.1863088E+07     5.9315440E-01
     nucleus         7524891.     7.5248910E+06     3.7624455E-01
     alpha           1722156.     1.7221560E+06     8.6107800E-02
     neutron         1711468.     1.6999023E+06     8.4995113E-02
     deuteron        1500530.     1.5005300E+06     7.5026500E-02
     photon          1289160.     1.2891600E+06     6.4458000E-02
     triton           320623.     3.2062300E+05     1.6031150E-02
     positron         287525.     2.8752500E+05     1.4376250E-02
     3he              257171.     2.5717100E+05     1.2858550E-02
     electron          20270.     2.0270000E+04     1.0135000E-03
     other               883.     8.8300000E+02     4.4150000E-05

-------------------------------------------------------------------------------
 the other kind of enerrgy stopped particles
-------------------------------------------------------------------------------
     Name      kf-code        number     mass       charge   baryon
     nu_mu          14           461       0.0         0       0
     nu_ebar       -12           422       0.0         0       0

-------------------------------------------------------------------------------
 leak. particles       number        weight        weight per source
-------------------------------------------------------------------------------
     proton         20525684.     2.0525684E+07     1.0262842E+00
     neutron        16412112.     1.6320895E+07     8.1604477E-01
     other           1117675.     1.1176750E+06     5.5883750E-02
     pion+            348258.     3.4825800E+05     1.7412900E-02
     pion-            143874.     1.4387400E+05     7.1937000E-03
     muon+            132967.     1.3296700E+05     6.6483500E-03
     muon-             62206.     6.2206000E+04     3.1103000E-03

-------------------------------------------------------------------------------
 the other kind of leakage particles
-------------------------------------------------------------------------------
     Name      kf-code        number     mass       charge   baryon
     nu_mu          14        810302       0.0         0       0
     nu_ebar       -12        307373       0.0         0       0

-------------------------------------------------------------------------------
 source: maxcas    maxbch      irskip   average weight          total source
-------------------------------------------------------------------------------
      500000          40           0    1.0000000E+00    2.0000000000000E+07

-------------------------------------------------------------------------------
 CG error summary
-------------------------------------------------------------------------------
 Number of lost part in CG    =     0 / nlost =       10
 Number of CG region errors   =     0
 Number of unrecovered errors =     0

-------------------------------------------------------------------------------
 next initial random number =  86970683034265.0

-------------------------------------------------------------------------------
 job termination date : 2011/08/17
                 time :   14:23:12

-------------------------------------------------------------------------------
    CPU Summary
-------------------------------------------------------------------------------

                         sec          %             count
total cpu time =      9747.42       100.00

      set data =         5.98         0.06
     transport =      6211.03        63.72
      analysis =       206.40         2.12      167430528.
         nevap =       840.27         8.62        7440122.
         nreac =      2483.73        25.48       13701044.

         other =        34.03         0.35
         hydro =         0.00         0.00              0.
         dklos =         3.88         0.04        1455343.
         elast =       294.51         3.02        2911072.
         ncasc =      2129.61        21.85       10603266.
        n-data =        21.69         0.22        4703959.
        p-data =         0.00         0.00              0.
        e-data =         0.00         0.00              0.
        h-data =         0.00         0.00              0.

         berti =      2109.93        21.65       10603266.
         isoba =         0.00         0.00              0.
         JAM   =         0.00         0.00              0.
         QMD   =         0.00         0.00              0.
         INCL  =         0.00         0.00              0.

   === incident particle into bert =====

        proton =                     71.56        7587499.
       neutron =                     18.66        1978628.
          pi + =                      1.02         108429.
          pi - =                      8.76         928710.
     -----------------------------------------------------
          total                                  10603266.
           real                                   4529389.

 END 
