[ T - C r o s s ]
    title = [t-cross] in r-z mesh
     mesh =  r-z            # mesh type is r-z scoring mesh
       x0 =   0.000000      # center x-position of r-z mesh
       y0 =   0.000000      # center y-position of r-z mesh
   r-type =    2            # r-mesh is linear given by rmin, rmax and nr
     rmin =   0.000000      # minimum value of r-mesh points
     rmax =   7.500000      # maximum value of r-mesh points
#    rdel =   7.500000      # mesh width of r-mesh points
       nr =    1            # number of r-mesh points
#    data = ( r(i), i = 1, nr + 1 )
#           0.00000E+00  7.50000E+00
   z-type =    2            # z-mesh is linear given by zmin, zmax and nz
     zmin =   0.000000      # minimum value of z-mesh points
     zmax =   30.00000      # maximum value of z-mesh points
#    zdel =  0.2000000      # mesh width of z-mesh points
       nz =  150            # number of z-mesh points
#    data = ( z(i), i = 1, nz + 1 )
#           0.00000E+00  2.00000E-01  4.00000E-01  6.00000E-01  8.00000E-01
#           1.00000E+00  1.20000E+00  1.40000E+00  1.60000E+00  1.80000E+00
#           2.00000E+00  2.20000E+00  2.40000E+00  2.60000E+00  2.80000E+00
#           3.00000E+00  3.20000E+00  3.40000E+00  3.60000E+00  3.80000E+00
#           4.00000E+00  4.20000E+00  4.40000E+00  4.60000E+00  4.80000E+00
#           5.00000E+00  5.20000E+00  5.40000E+00  5.60000E+00  5.80000E+00
#           6.00000E+00  6.20000E+00  6.40000E+00  6.60000E+00  6.80000E+00
#           7.00000E+00  7.20000E+00  7.40000E+00  7.60000E+00  7.80000E+00
#           8.00000E+00  8.20000E+00  8.40000E+00  8.60000E+00  8.80000E+00
#           9.00000E+00  9.20000E+00  9.40000E+00  9.60000E+00  9.80000E+00
#           1.00000E+01  1.02000E+01  1.04000E+01  1.06000E+01  1.08000E+01
#           1.10000E+01  1.12000E+01  1.14000E+01  1.16000E+01  1.18000E+01
#           1.20000E+01  1.22000E+01  1.24000E+01  1.26000E+01  1.28000E+01
#           1.30000E+01  1.32000E+01  1.34000E+01  1.36000E+01  1.38000E+01
#           1.40000E+01  1.42000E+01  1.44000E+01  1.46000E+01  1.48000E+01
#           1.50000E+01  1.52000E+01  1.54000E+01  1.56000E+01  1.58000E+01
#           1.60000E+01  1.62000E+01  1.64000E+01  1.66000E+01  1.68000E+01
#           1.70000E+01  1.72000E+01  1.74000E+01  1.76000E+01  1.78000E+01
#           1.80000E+01  1.82000E+01  1.84000E+01  1.86000E+01  1.88000E+01
#           1.90000E+01  1.92000E+01  1.94000E+01  1.96000E+01  1.98000E+01
#           2.00000E+01  2.02000E+01  2.04000E+01  2.06000E+01  2.08000E+01
#           2.10000E+01  2.12000E+01  2.14000E+01  2.16000E+01  2.18000E+01
#           2.20000E+01  2.22000E+01  2.24000E+01  2.26000E+01  2.28000E+01
#           2.30000E+01  2.32000E+01  2.34000E+01  2.36000E+01  2.38000E+01
#           2.40000E+01  2.42000E+01  2.44000E+01  2.46000E+01  2.48000E+01
#           2.50000E+01  2.52000E+01  2.54000E+01  2.56000E+01  2.58000E+01
#           2.60000E+01  2.62000E+01  2.64000E+01  2.66000E+01  2.68000E+01
#           2.70000E+01  2.72000E+01  2.74000E+01  2.76000E+01  2.78000E+01
#           2.80000E+01  2.82000E+01  2.84000E+01  2.86000E+01  2.88000E+01
#           2.90000E+01  2.92000E+01  2.94000E+01  2.96000E+01  2.98000E+01
#           3.00000E+01
     unit =    1            # unit is [1/cm^2/source]
     axis =    z            # axis of output
     file = fluence.out     # file name of output for the above axis
   output = o-curr          # surface crossing omni current
     part =  deuteron   triton     4He        12C        N          O        
# kf/name :  1000002    1000003    2000004    6000012    7000000    8000000  
   factor =  176.7146       # (D=1.0) normalization factor
    angel = ylin
    x-txt = Depth [cm]
    y-txt = Fluence [1/source]
   epsout =    1            # (D=0) generate eps file by ANGEL
#    used :        main (  %)        temp (  %)       total (  %)
#  memory :        5571 (  0)        5415 (  0)       10986 (  0)

#------------------------------------------------------------------------------
#newpage:
#   no. =  1   ir  =  1
#   r = (   0.0000E+00  -   7.5000E+00  )

x: Depth [cm]
y: Fluence [1/source]
p: xlin ylog afac(0.8) form(0.9)
p: ylin
h:              x            y(deuteron),hh0l  n  y(triton  ),hh0dr n  y(4He     ),hh0mb n  y(12C     ),hh0ug n  y(N       ),hh0pc n  y(O       ),hh0q  n  
#       z surface position     o-curr    r.err      o-curr    r.err      o-curr    r.err      o-curr    r.err      o-curr    r.err      o-curr    r.err 
                0.0000E+00   0.0000E+00  0.0000   0.0000E+00  0.0000   0.0000E+00  0.0000   1.0000E+00  0.0000   0.0000E+00  0.0000   0.0000E+00  0.0000
                2.0000E-01   1.0000E-02  0.7036   5.0000E-03  0.9975   1.0000E-02  0.7036   9.8500E-01  0.0087   0.0000E+00  0.0000   0.0000E+00  0.0000
                4.0000E-01   1.0000E-02  0.7036   5.0000E-03  0.9975   0.0000E+00  0.0000   9.8000E-01  0.0101   0.0000E+00  0.0000   0.0000E+00  0.0000
                6.0000E-01   1.5000E-02  0.5730   5.0000E-03  0.9975   5.0000E-03  0.9975   9.7000E-01  0.0124   0.0000E+00  0.0000   0.0000E+00  0.0000
                8.0000E-01   1.5000E-02  0.5730   5.0000E-03  0.9975   5.0000E-03  0.9975   9.7000E-01  0.0124   0.0000E+00  0.0000   0.0000E+00  0.0000
                1.0000E+00   1.5000E-02  0.5730   5.0000E-03  0.9975   5.0000E-03  0.9975   9.7000E-01  0.0124   0.0000E+00  0.0000   0.0000E+00  0.0000
                1.2000E+00   1.5000E-02  0.5730   5.0000E-03  0.9975   5.0000E-03  0.9975   9.6500E-01  0.0135   0.0000E+00  0.0000   0.0000E+00  0.0000
                1.4000E+00   1.5000E-02  0.5730   5.0000E-03  0.9975   5.0000E-03  0.9975   9.6000E-01  0.0144   0.0000E+00  0.0000   0.0000E+00  0.0000
                1.6000E+00   2.0000E-02  0.4950   5.0000E-03  0.9975   1.0000E-02  0.7036   9.5500E-01  0.0153   0.0000E+00  0.0000   0.0000E+00  0.0000
                1.8000E+00   2.0000E-02  0.4950   5.0000E-03  0.9975   1.0000E-02  0.7036   9.5000E-01  0.0162   0.0000E+00  0.0000   0.0000E+00  0.0000
                2.0000E+00   2.0000E-02  0.4950   5.0000E-03  0.9975   1.0000E-02  0.7036   9.5000E-01  0.0162   0.0000E+00  0.0000   0.0000E+00  0.0000
                2.2000E+00   2.5000E-02  0.4416   5.0000E-03  0.9975   2.0000E-02  0.4950   9.4500E-01  0.0171   0.0000E+00  0.0000   0.0000E+00  0.0000
                2.4000E+00   3.0000E-02  0.4021   1.0000E-02  0.7036   2.0000E-02  0.4950   9.3500E-01  0.0186   0.0000E+00  0.0000   0.0000E+00  0.0000
                2.6000E+00   3.5000E-02  0.3713   1.0000E-02  0.7036   3.0000E-02  0.4021   9.2500E-01  0.0201   0.0000E+00  0.0000   0.0000E+00  0.0000
                2.8000E+00   4.5000E-02  0.3257   1.5000E-02  0.5730   4.0000E-02  0.3464   9.1000E-01  0.0222   0.0000E+00  0.0000   0.0000E+00  0.0000
                3.0000E+00   4.0000E-02  0.3464   1.5000E-02  0.5730   5.0000E-02  0.3082   9.0500E-01  0.0229   0.0000E+00  0.0000   0.0000E+00  0.0000
                3.2000E+00   4.0000E-02  0.3464   1.0000E-02  0.7036   5.0000E-02  0.3082   9.0500E-01  0.0229   0.0000E+00  0.0000   0.0000E+00  0.0000
                3.4000E+00   5.0000E-02  0.3082   1.0000E-02  0.7036   5.0000E-02  0.3082   9.0000E-01  0.0236   0.0000E+00  0.0000   0.0000E+00  0.0000
                3.6000E+00   5.0000E-02  0.3082   1.0000E-02  0.7036   5.0000E-02  0.3082   8.9000E-01  0.0249   0.0000E+00  0.0000   0.0000E+00  0.0000
                3.8000E+00   5.0000E-02  0.3082   1.0000E-02  0.7036   5.0000E-02  0.3082   8.9000E-01  0.0249   0.0000E+00  0.0000   0.0000E+00  0.0000
                4.0000E+00   5.5000E-02  0.2931   1.0000E-02  0.7036   5.0000E-02  0.3082   8.8000E-01  0.0261   0.0000E+00  0.0000   0.0000E+00  0.0000
                4.2000E+00   5.5000E-02  0.2931   1.0000E-02  0.7036   6.5000E-02  0.2682   8.7500E-01  0.0267   0.0000E+00  0.0000   0.0000E+00  0.0000
                4.4000E+00   7.0000E-02  0.2577   1.0000E-02  0.7036   8.0000E-02  0.2398   8.5500E-01  0.0291   0.0000E+00  0.0000   0.0000E+00  0.0000
                4.6000E+00   7.0000E-02  0.2577   1.0000E-02  0.7036   8.0000E-02  0.2398   8.5500E-01  0.0291   0.0000E+00  0.0000   0.0000E+00  0.0000
                4.8000E+00   7.5000E-02  0.2483   1.0000E-02  0.7036   8.0000E-02  0.2398   8.5000E-01  0.0297   0.0000E+00  0.0000   0.0000E+00  0.0000
                5.0000E+00   8.5000E-02  0.2320   1.0000E-02  0.7036   8.5000E-02  0.2320   8.3500E-01  0.0314   0.0000E+00  0.0000   0.0000E+00  0.0000
                5.2000E+00   8.5000E-02  0.2320   1.0000E-02  0.7036   9.5000E-02  0.2182   8.2500E-01  0.0326   0.0000E+00  0.0000   0.0000E+00  0.0000
                5.4000E+00   8.0000E-02  0.2398   1.0000E-02  0.7036   9.5000E-02  0.2182   8.2500E-01  0.0326   0.0000E+00  0.0000   0.0000E+00  0.0000
                5.6000E+00   9.0000E-02  0.2248   1.0000E-02  0.7036   1.2500E-01  0.1871   8.0500E-01  0.0348   0.0000E+00  0.0000   0.0000E+00  0.0000
                5.8000E+00   9.5000E-02  0.2182   1.0000E-02  0.7036   1.2500E-01  0.1871   8.0500E-01  0.0348   0.0000E+00  0.0000   0.0000E+00  0.0000
                6.0000E+00   9.0000E-02  0.2248   1.0000E-02  0.7036   1.2500E-01  0.1871   8.0000E-01  0.0354   0.0000E+00  0.0000   0.0000E+00  0.0000
                6.2000E+00   9.5000E-02  0.2182   1.0000E-02  0.7036   1.4000E-01  0.1753   7.9000E-01  0.0365   0.0000E+00  0.0000   0.0000E+00  0.0000
                6.4000E+00   8.5000E-02  0.2320   1.0000E-02  0.7036   1.5000E-01  0.1683   7.8000E-01  0.0376   0.0000E+00  0.0000   0.0000E+00  0.0000
                6.6000E+00   9.0000E-02  0.2248   5.0000E-03  0.9975   1.6000E-01  0.1620   7.6500E-01  0.0392   0.0000E+00  0.0000   0.0000E+00  0.0000
                6.8000E+00   1.1500E-01  0.1962   1.0000E-02  0.7036   1.6500E-01  0.1591   7.6000E-01  0.0397   0.0000E+00  0.0000   0.0000E+00  0.0000
                7.0000E+00   1.1500E-01  0.1962   1.0000E-02  0.7036   1.6500E-01  0.1591   7.5500E-01  0.0403   0.0000E+00  0.0000   0.0000E+00  0.0000
                7.2000E+00   1.1500E-01  0.1962   1.0000E-02  0.7036   1.7500E-01  0.1535   7.4500E-01  0.0414   0.0000E+00  0.0000   0.0000E+00  0.0000
                7.4000E+00   1.1500E-01  0.1962   1.0000E-02  0.7036   1.7500E-01  0.1535   7.4500E-01  0.0414   0.0000E+00  0.0000   0.0000E+00  0.0000
                7.6000E+00   1.1500E-01  0.1962   1.0000E-02  0.7036   1.8000E-01  0.1509   7.4000E-01  0.0419   0.0000E+00  0.0000   0.0000E+00  0.0000
                7.8000E+00   1.2000E-01  0.1915   2.0000E-02  0.4950   1.8500E-01  0.1484   7.2500E-01  0.0435   0.0000E+00  0.0000   0.0000E+00  0.0000
                8.0000E+00   1.2000E-01  0.1915   2.0000E-02  0.4950   2.0500E-01  0.1392   7.1500E-01  0.0446   0.0000E+00  0.0000   0.0000E+00  0.0000
                8.2000E+00   1.1500E-01  0.1962   2.0000E-02  0.4950   2.0500E-01  0.1392   7.1500E-01  0.0446   0.0000E+00  0.0000   0.0000E+00  0.0000
                8.4000E+00   1.1500E-01  0.1962   2.0000E-02  0.4950   2.2000E-01  0.1331   7.0500E-01  0.0457   0.0000E+00  0.0000   0.0000E+00  0.0000
                8.6000E+00   1.1500E-01  0.1962   2.0000E-02  0.4950   2.2500E-01  0.1312   7.0000E-01  0.0463   0.0000E+00  0.0000   0.0000E+00  0.0000
                8.8000E+00   1.3000E-01  0.1829   1.5000E-02  0.5730   2.3500E-01  0.1276   6.8500E-01  0.0480   0.0000E+00  0.0000   0.0000E+00  0.0000
                9.0000E+00   1.3000E-01  0.1829   1.5000E-02  0.5730   2.5000E-01  0.1225   6.8000E-01  0.0485   0.0000E+00  0.0000   0.0000E+00  0.0000
                9.2000E+00   1.4000E-01  0.1753   2.0000E-02  0.4950   2.5500E-01  0.1209   6.7000E-01  0.0496   0.0000E+00  0.0000   0.0000E+00  0.0000
                9.4000E+00   1.4000E-01  0.1753   2.0000E-02  0.4950   2.6500E-01  0.1178   6.6000E-01  0.0508   0.0000E+00  0.0000   0.0000E+00  0.0000
                9.6000E+00   1.4000E-01  0.1753   2.0000E-02  0.4950   2.6500E-01  0.1178   6.6000E-01  0.0508   0.0000E+00  0.0000   0.0000E+00  0.0000
                9.8000E+00   1.4500E-01  0.1717   2.0000E-02  0.4950   2.7000E-01  0.1163   6.5500E-01  0.0513   0.0000E+00  0.0000   0.0000E+00  0.0000
                1.0000E+01   1.4500E-01  0.1717   2.0000E-02  0.4950   2.7000E-01  0.1163   6.5000E-01  0.0519   0.0000E+00  0.0000   0.0000E+00  0.0000
                1.0200E+01   1.4500E-01  0.1717   2.0000E-02  0.4950   2.8500E-01  0.1120   6.4500E-01  0.0525   0.0000E+00  0.0000   0.0000E+00  0.0000
                1.0400E+01   1.4500E-01  0.1717   2.0000E-02  0.4950   2.8500E-01  0.1120   6.4000E-01  0.0530   0.0000E+00  0.0000   0.0000E+00  0.0000
                1.0600E+01   1.4500E-01  0.1717   2.0000E-02  0.4950   2.9500E-01  0.1093   6.3500E-01  0.0536   0.0000E+00  0.0000   0.0000E+00  0.0000
                1.0800E+01   1.5500E-01  0.1651   2.5000E-02  0.4416   2.9000E-01  0.1106   6.3000E-01  0.0542   0.0000E+00  0.0000   0.0000E+00  0.0000
                1.1000E+01   1.5500E-01  0.1651   2.5000E-02  0.4416   3.1000E-01  0.1055   6.1500E-01  0.0559   0.0000E+00  0.0000   0.0000E+00  0.0000
                1.1200E+01   1.5000E-01  0.1683   2.5000E-02  0.4416   3.1000E-01  0.1055   6.1500E-01  0.0559   0.0000E+00  0.0000   0.0000E+00  0.0000
                1.1400E+01   1.4500E-01  0.1717   2.5000E-02  0.4416   3.1000E-01  0.1055   6.1500E-01  0.0559   0.0000E+00  0.0000   0.0000E+00  0.0000
                1.1600E+01   1.4500E-01  0.1717   2.5000E-02  0.4416   3.3500E-01  0.0996   6.0500E-01  0.0571   0.0000E+00  0.0000   0.0000E+00  0.0000
                1.1800E+01   1.4500E-01  0.1717   2.5000E-02  0.4416   3.3500E-01  0.0996   6.0500E-01  0.0571   0.0000E+00  0.0000   0.0000E+00  0.0000
                1.2000E+01   1.4500E-01  0.1717   2.5000E-02  0.4416   3.4500E-01  0.0974   6.0000E-01  0.0577   0.0000E+00  0.0000   0.0000E+00  0.0000
                1.2200E+01   1.5000E-01  0.1683   3.0000E-02  0.4021   4.0000E-01  0.0866   5.7500E-01  0.0608   0.0000E+00  0.0000   0.0000E+00  0.0000
                1.2400E+01   1.5000E-01  0.1683   2.5000E-02  0.4416   4.1500E-01  0.0840   5.7000E-01  0.0614   0.0000E+00  0.0000   0.0000E+00  0.0000
                1.2600E+01   1.5000E-01  0.1683   2.5000E-02  0.4416   4.2000E-01  0.0831   5.6500E-01  0.0620   0.0000E+00  0.0000   0.0000E+00  0.0000
                1.2800E+01   1.5000E-01  0.1683   2.5000E-02  0.4416   4.3000E-01  0.0814   5.6000E-01  0.0627   0.0000E+00  0.0000   0.0000E+00  0.0000
                1.3000E+01   1.5000E-01  0.1683   2.5000E-02  0.4416   4.3000E-01  0.0814   5.6000E-01  0.0627   0.0000E+00  0.0000   0.0000E+00  0.0000
                1.3200E+01   1.5500E-01  0.1651   2.5000E-02  0.4416   4.3500E-01  0.0806   5.5500E-01  0.0633   0.0000E+00  0.0000   0.0000E+00  0.0000
                1.3400E+01   1.5500E-01  0.1651   2.5000E-02  0.4416   4.3500E-01  0.0806   5.5500E-01  0.0633   0.0000E+00  0.0000   0.0000E+00  0.0000
                1.3600E+01   1.6000E-01  0.1620   3.0000E-02  0.4021   4.3000E-01  0.0814   5.5000E-01  0.0640   0.0000E+00  0.0000   0.0000E+00  0.0000
                1.3800E+01   1.7500E-01  0.1535   3.0000E-02  0.4021   4.3000E-01  0.0814   5.3500E-01  0.0659   0.0000E+00  0.0000   0.0000E+00  0.0000
                1.4000E+01   1.7000E-01  0.1562   3.0000E-02  0.4021   4.3000E-01  0.0814   5.2500E-01  0.0673   0.0000E+00  0.0000   0.0000E+00  0.0000
                1.4200E+01   1.7000E-01  0.1562   3.5000E-02  0.3713   4.5500E-01  0.0774   5.0500E-01  0.0700   0.0000E+00  0.0000   0.0000E+00  0.0000
                1.4400E+01   1.7000E-01  0.1562   3.5000E-02  0.3713   4.5000E-01  0.0782   5.0500E-01  0.0700   0.0000E+00  0.0000   0.0000E+00  0.0000
                1.4600E+01   1.7500E-01  0.1535   3.5000E-02  0.3713   4.6000E-01  0.0766   4.9500E-01  0.0714   0.0000E+00  0.0000   0.0000E+00  0.0000
                1.4800E+01   1.8500E-01  0.1484   4.0000E-02  0.3464   4.8000E-01  0.0736   4.8500E-01  0.0729   0.0000E+00  0.0000   0.0000E+00  0.0000
                1.5000E+01   1.9000E-01  0.1460   4.0000E-02  0.3464   5.0500E-01  0.0700   4.7000E-01  0.0751   0.0000E+00  0.0000   0.0000E+00  0.0000
                1.5200E+01   1.8500E-01  0.1484   3.0000E-02  0.4021   5.0500E-01  0.0700   4.6500E-01  0.0758   0.0000E+00  0.0000   0.0000E+00  0.0000
                1.5400E+01   1.8500E-01  0.1484   3.0000E-02  0.4021   5.0500E-01  0.0700   4.6500E-01  0.0758   0.0000E+00  0.0000   0.0000E+00  0.0000
                1.5600E+01   1.8500E-01  0.1484   3.0000E-02  0.4021   5.1000E-01  0.0693   4.6500E-01  0.0758   0.0000E+00  0.0000   0.0000E+00  0.0000
                1.5800E+01   1.8500E-01  0.1484   3.0000E-02  0.4021   5.2500E-01  0.0673   4.4500E-01  0.0790   0.0000E+00  0.0000   0.0000E+00  0.0000
                1.6000E+01   1.9000E-01  0.1460   3.0000E-02  0.4021   4.9500E-01  0.0714   3.8500E-01  0.0894   0.0000E+00  0.0000   0.0000E+00  0.0000
                1.6200E+01   1.9000E-01  0.1460   3.0000E-02  0.4021   4.9000E-01  0.0721   0.0000E+00  0.0000   0.0000E+00  0.0000   0.0000E+00  0.0000
                1.6400E+01   1.9000E-01  0.1460   3.0000E-02  0.4021   4.9000E-01  0.0721   0.0000E+00  0.0000   0.0000E+00  0.0000   0.0000E+00  0.0000
                1.6600E+01   1.8500E-01  0.1484   3.0000E-02  0.4021   4.8500E-01  0.0729   0.0000E+00  0.0000   0.0000E+00  0.0000   0.0000E+00  0.0000
                1.6800E+01   1.7500E-01  0.1535   3.0000E-02  0.4021   4.8000E-01  0.0736   0.0000E+00  0.0000   0.0000E+00  0.0000   0.0000E+00  0.0000
                1.7000E+01   1.6500E-01  0.1591   3.0000E-02  0.4021   4.7500E-01  0.0743   0.0000E+00  0.0000   0.0000E+00  0.0000   0.0000E+00  0.0000
                1.7200E+01   1.6500E-01  0.1591   3.0000E-02  0.4021   4.7000E-01  0.0751   0.0000E+00  0.0000   0.0000E+00  0.0000   0.0000E+00  0.0000
                1.7400E+01   1.6500E-01  0.1591   3.0000E-02  0.4021   4.5000E-01  0.0782   0.0000E+00  0.0000   0.0000E+00  0.0000   0.0000E+00  0.0000
                1.7600E+01   1.6500E-01  0.1591   3.0000E-02  0.4021   4.4500E-01  0.0790   0.0000E+00  0.0000   0.0000E+00  0.0000   0.0000E+00  0.0000
                1.7800E+01   1.6500E-01  0.1591   3.0000E-02  0.4021   4.4500E-01  0.0790   0.0000E+00  0.0000   0.0000E+00  0.0000   0.0000E+00  0.0000
                1.8000E+01   1.5500E-01  0.1651   3.0000E-02  0.4021   4.4000E-01  0.0798   0.0000E+00  0.0000   0.0000E+00  0.0000   0.0000E+00  0.0000
                1.8200E+01   1.5500E-01  0.1651   3.0000E-02  0.4021   4.3500E-01  0.0806   0.0000E+00  0.0000   0.0000E+00  0.0000   0.0000E+00  0.0000
                1.8400E+01   1.5000E-01  0.1683   3.0000E-02  0.4021   4.2500E-01  0.0822   0.0000E+00  0.0000   0.0000E+00  0.0000   0.0000E+00  0.0000
                1.8600E+01   1.5000E-01  0.1683   3.0000E-02  0.4021   4.2000E-01  0.0831   0.0000E+00  0.0000   0.0000E+00  0.0000   0.0000E+00  0.0000
                1.8800E+01   1.5000E-01  0.1683   3.0000E-02  0.4021   4.2000E-01  0.0831   0.0000E+00  0.0000   0.0000E+00  0.0000   0.0000E+00  0.0000
                1.9000E+01   1.5000E-01  0.1683   3.0000E-02  0.4021   4.1500E-01  0.0840   0.0000E+00  0.0000   0.0000E+00  0.0000   0.0000E+00  0.0000
                1.9200E+01   1.4500E-01  0.1717   3.0000E-02  0.4021   4.0000E-01  0.0866   0.0000E+00  0.0000   0.0000E+00  0.0000   0.0000E+00  0.0000
                1.9400E+01   1.4500E-01  0.1717   3.0000E-02  0.4021   3.9000E-01  0.0884   0.0000E+00  0.0000   0.0000E+00  0.0000   0.0000E+00  0.0000
                1.9600E+01   1.4500E-01  0.1717   3.0000E-02  0.4021   3.8500E-01  0.0894   0.0000E+00  0.0000   0.0000E+00  0.0000   0.0000E+00  0.0000
                1.9800E+01   1.4500E-01  0.1717   3.0000E-02  0.4021   3.8000E-01  0.0903   0.0000E+00  0.0000   0.0000E+00  0.0000   0.0000E+00  0.0000
                2.0000E+01   1.4500E-01  0.1717   3.0000E-02  0.4021   3.8000E-01  0.0903   0.0000E+00  0.0000   0.0000E+00  0.0000   0.0000E+00  0.0000
                2.0200E+01   1.4500E-01  0.1717   3.0000E-02  0.4021   3.6000E-01  0.0943   0.0000E+00  0.0000   0.0000E+00  0.0000   0.0000E+00  0.0000
                2.0400E+01   1.4500E-01  0.1717   3.0000E-02  0.4021   3.6000E-01  0.0943   0.0000E+00  0.0000   0.0000E+00  0.0000   0.0000E+00  0.0000
                2.0600E+01   1.4500E-01  0.1717   3.0000E-02  0.4021   3.5500E-01  0.0953   0.0000E+00  0.0000   0.0000E+00  0.0000   0.0000E+00  0.0000
                2.0800E+01   1.4000E-01  0.1753   3.0000E-02  0.4021   3.5500E-01  0.0953   0.0000E+00  0.0000   0.0000E+00  0.0000   0.0000E+00  0.0000
                2.1000E+01   1.4000E-01  0.1753   3.0000E-02  0.4021   3.5000E-01  0.0964   0.0000E+00  0.0000   0.0000E+00  0.0000   0.0000E+00  0.0000
                2.1200E+01   1.3500E-01  0.1790   3.0000E-02  0.4021   3.4000E-01  0.0985   0.0000E+00  0.0000   0.0000E+00  0.0000   0.0000E+00  0.0000
                2.1400E+01   1.3500E-01  0.1790   3.0000E-02  0.4021   3.4000E-01  0.0985   0.0000E+00  0.0000   0.0000E+00  0.0000   0.0000E+00  0.0000
                2.1600E+01   1.3500E-01  0.1790   3.0000E-02  0.4021   3.3500E-01  0.0996   0.0000E+00  0.0000   0.0000E+00  0.0000   0.0000E+00  0.0000
                2.1800E+01   1.3500E-01  0.1790   3.0000E-02  0.4021   3.3500E-01  0.0996   0.0000E+00  0.0000   0.0000E+00  0.0000   0.0000E+00  0.0000
                2.2000E+01   1.3500E-01  0.1790   2.5000E-02  0.4416   3.2000E-01  0.1031   0.0000E+00  0.0000   0.0000E+00  0.0000   0.0000E+00  0.0000
                2.2200E+01   1.3500E-01  0.1790   2.5000E-02  0.4416   3.2000E-01  0.1031   0.0000E+00  0.0000   0.0000E+00  0.0000   0.0000E+00  0.0000
                2.2400E+01   1.3500E-01  0.1790   2.5000E-02  0.4416   3.2000E-01  0.1031   0.0000E+00  0.0000   0.0000E+00  0.0000   0.0000E+00  0.0000
                2.2600E+01   1.3500E-01  0.1790   2.5000E-02  0.4416   3.1000E-01  0.1055   0.0000E+00  0.0000   0.0000E+00  0.0000   0.0000E+00  0.0000
                2.2800E+01   1.3500E-01  0.1790   2.5000E-02  0.4416   3.1000E-01  0.1055   0.0000E+00  0.0000   0.0000E+00  0.0000   0.0000E+00  0.0000
                2.3000E+01   1.3500E-01  0.1790   2.5000E-02  0.4416   3.0500E-01  0.1067   0.0000E+00  0.0000   0.0000E+00  0.0000   0.0000E+00  0.0000
                2.3200E+01   1.3500E-01  0.1790   2.5000E-02  0.4416   3.0000E-01  0.1080   0.0000E+00  0.0000   0.0000E+00  0.0000   0.0000E+00  0.0000
                2.3400E+01   1.3000E-01  0.1829   2.5000E-02  0.4416   2.9000E-01  0.1106   0.0000E+00  0.0000   0.0000E+00  0.0000   0.0000E+00  0.0000
                2.3600E+01   1.2500E-01  0.1871   2.5000E-02  0.4416   2.7500E-01  0.1148   0.0000E+00  0.0000   0.0000E+00  0.0000   0.0000E+00  0.0000
                2.3800E+01   1.1000E-01  0.2011   2.5000E-02  0.4416   2.7500E-01  0.1148   0.0000E+00  0.0000   0.0000E+00  0.0000   0.0000E+00  0.0000
                2.4000E+01   1.1000E-01  0.2011   2.5000E-02  0.4416   2.7000E-01  0.1163   0.0000E+00  0.0000   0.0000E+00  0.0000   0.0000E+00  0.0000
                2.4200E+01   1.1000E-01  0.2011   2.5000E-02  0.4416   2.7000E-01  0.1163   0.0000E+00  0.0000   0.0000E+00  0.0000   0.0000E+00  0.0000
                2.4400E+01   1.0500E-01  0.2064   2.5000E-02  0.4416   2.6000E-01  0.1193   0.0000E+00  0.0000   0.0000E+00  0.0000   0.0000E+00  0.0000
                2.4600E+01   1.0500E-01  0.2064   2.5000E-02  0.4416   2.5500E-01  0.1209   0.0000E+00  0.0000   0.0000E+00  0.0000   0.0000E+00  0.0000
                2.4800E+01   1.0500E-01  0.2064   2.5000E-02  0.4416   2.5000E-01  0.1225   0.0000E+00  0.0000   0.0000E+00  0.0000   0.0000E+00  0.0000
                2.5000E+01   1.0500E-01  0.2064   2.5000E-02  0.4416   2.4500E-01  0.1241   0.0000E+00  0.0000   0.0000E+00  0.0000   0.0000E+00  0.0000
                2.5200E+01   1.0000E-01  0.2121   2.5000E-02  0.4416   2.3000E-01  0.1294   0.0000E+00  0.0000   0.0000E+00  0.0000   0.0000E+00  0.0000
                2.5400E+01   1.0000E-01  0.2121   2.5000E-02  0.4416   2.1500E-01  0.1351   0.0000E+00  0.0000   0.0000E+00  0.0000   0.0000E+00  0.0000
                2.5600E+01   1.0000E-01  0.2121   2.0000E-02  0.4950   2.1500E-01  0.1351   0.0000E+00  0.0000   0.0000E+00  0.0000   0.0000E+00  0.0000
                2.5800E+01   1.0000E-01  0.2121   2.0000E-02  0.4950   2.1000E-01  0.1371   0.0000E+00  0.0000   0.0000E+00  0.0000   0.0000E+00  0.0000
                2.6000E+01   1.0000E-01  0.2121   2.0000E-02  0.4950   2.1000E-01  0.1371   0.0000E+00  0.0000   0.0000E+00  0.0000   0.0000E+00  0.0000
                2.6200E+01   1.0000E-01  0.2121   2.0000E-02  0.4950   2.1000E-01  0.1371   0.0000E+00  0.0000   0.0000E+00  0.0000   0.0000E+00  0.0000
                2.6400E+01   1.0000E-01  0.2121   2.0000E-02  0.4950   2.0500E-01  0.1392   0.0000E+00  0.0000   0.0000E+00  0.0000   0.0000E+00  0.0000
                2.6600E+01   1.0000E-01  0.2121   2.0000E-02  0.4950   2.0000E-01  0.1414   0.0000E+00  0.0000   0.0000E+00  0.0000   0.0000E+00  0.0000
                2.6800E+01   1.0000E-01  0.2121   2.0000E-02  0.4950   1.9500E-01  0.1437   0.0000E+00  0.0000   0.0000E+00  0.0000   0.0000E+00  0.0000
                2.7000E+01   1.0000E-01  0.2121   2.0000E-02  0.4950   1.9500E-01  0.1437   0.0000E+00  0.0000   0.0000E+00  0.0000   0.0000E+00  0.0000
                2.7200E+01   1.0000E-01  0.2121   2.0000E-02  0.4950   1.9500E-01  0.1437   0.0000E+00  0.0000   0.0000E+00  0.0000   0.0000E+00  0.0000
                2.7400E+01   1.0000E-01  0.2121   2.0000E-02  0.4950   1.9000E-01  0.1460   0.0000E+00  0.0000   0.0000E+00  0.0000   0.0000E+00  0.0000
                2.7600E+01   1.0000E-01  0.2121   2.0000E-02  0.4950   1.8500E-01  0.1484   0.0000E+00  0.0000   0.0000E+00  0.0000   0.0000E+00  0.0000
                2.7800E+01   1.0000E-01  0.2121   2.0000E-02  0.4950   1.8500E-01  0.1484   0.0000E+00  0.0000   0.0000E+00  0.0000   0.0000E+00  0.0000
                2.8000E+01   1.0000E-01  0.2121   2.0000E-02  0.4950   1.8500E-01  0.1484   0.0000E+00  0.0000   0.0000E+00  0.0000   0.0000E+00  0.0000
                2.8200E+01   1.0000E-01  0.2121   2.0000E-02  0.4950   1.7500E-01  0.1535   0.0000E+00  0.0000   0.0000E+00  0.0000   0.0000E+00  0.0000
                2.8400E+01   1.0000E-01  0.2121   2.0000E-02  0.4950   1.7000E-01  0.1562   0.0000E+00  0.0000   0.0000E+00  0.0000   0.0000E+00  0.0000
                2.8600E+01   1.0000E-01  0.2121   2.0000E-02  0.4950   1.6500E-01  0.1591   0.0000E+00  0.0000   0.0000E+00  0.0000   0.0000E+00  0.0000
                2.8800E+01   1.0000E-01  0.2121   2.0000E-02  0.4950   1.6500E-01  0.1591   0.0000E+00  0.0000   0.0000E+00  0.0000   0.0000E+00  0.0000
                2.9000E+01   1.0000E-01  0.2121   2.0000E-02  0.4950   1.6500E-01  0.1591   0.0000E+00  0.0000   0.0000E+00  0.0000   0.0000E+00  0.0000
                2.9200E+01   1.0000E-01  0.2121   2.0000E-02  0.4950   1.6000E-01  0.1620   0.0000E+00  0.0000   0.0000E+00  0.0000   0.0000E+00  0.0000
                2.9400E+01   9.5000E-02  0.2182   2.0000E-02  0.4950   1.6000E-01  0.1620   0.0000E+00  0.0000   0.0000E+00  0.0000   0.0000E+00  0.0000
                2.9600E+01   9.0000E-02  0.2248   2.0000E-02  0.4950   1.6000E-01  0.1620   0.0000E+00  0.0000   0.0000E+00  0.0000   0.0000E+00  0.0000
                2.9800E+01   9.0000E-02  0.2248   2.0000E-02  0.4950   1.5500E-01  0.1651   0.0000E+00  0.0000   0.0000E+00  0.0000   0.0000E+00  0.0000
                3.0000E+01   9.0000E-02  0.2248   2.0000E-02  0.4950   1.5000E-01  0.1683   0.0000E+00  0.0000   0.0000E+00  0.0000   0.0000E+00  0.0000

#   sum over    2.6684E+04   1.1589E-01  0.0157   2.1060E-02  0.0392   2.5768E-01  0.0092   3.8947E-01  0.0045   0.0000E+00  0.0000   0.0000E+00  0.0000

'no. =  1,   ir =  1'
msuc: {\huge [t-cross] in r-z mesh}
msdl: {\it plotted by \ANGEL \version}
msdr: {\it calculated by \PHITS  2.30}
wt: s(0.7)
\vspace{-3}
  z surface crossing
  area  &=&   1.7671E+02 [cm^2]
  rmin  &=&   0.0000E+00 [cm]
  rmax  &=&   7.5000E+00 [cm]
e:

#------------------------------------------------------------------------------
 newpage:
#   no. =  2   ir surf =  2
#   rmesh =    7.5000E+00

x: Depth [cm]
y: Fluence [1/source]
p: xlin ylog afac(0.8) form(0.9)
p: ylin
h: n            x            y(deuteron),hh0l  n  y(triton  ),hh0dr n  y(4He     ),hh0mb n  y(12C     ),hh0ug n  y(N       ),hh0pc n  y(O       ),hh0q  n  
#  z-lower      z-upper        o-curr    r.err      o-curr    r.err      o-curr    r.err      o-curr    r.err      o-curr    r.err      o-curr    r.err 
   0.0000E+00   2.0000E-01   0.0000E+00  0.0000   0.0000E+00  0.0000   0.0000E+00  0.0000   0.0000E+00  0.0000   0.0000E+00  0.0000   0.0000E+00  0.0000
   2.0000E-01   4.0000E-01   0.0000E+00  0.0000   0.0000E+00  0.0000   0.0000E+00  0.0000   0.0000E+00  0.0000   0.0000E+00  0.0000   0.0000E+00  0.0000
   4.0000E-01   6.0000E-01   0.0000E+00  0.0000   0.0000E+00  0.0000   0.0000E+00  0.0000   0.0000E+00  0.0000   0.0000E+00  0.0000   0.0000E+00  0.0000
   6.0000E-01   8.0000E-01   0.0000E+00  0.0000   0.0000E+00  0.0000   0.0000E+00  0.0000   0.0000E+00  0.0000   0.0000E+00  0.0000   0.0000E+00  0.0000
   8.0000E-01   1.0000E+00   0.0000E+00  0.0000   0.0000E+00  0.0000   0.0000E+00  0.0000   0.0000E+00  0.0000   0.0000E+00  0.0000   0.0000E+00  0.0000
   1.0000E+00   1.2000E+00   0.0000E+00  0.0000   0.0000E+00  0.0000   0.0000E+00  0.0000   0.0000E+00  0.0000   0.0000E+00  0.0000   0.0000E+00  0.0000
   1.2000E+00   1.4000E+00   0.0000E+00  0.0000   0.0000E+00  0.0000   0.0000E+00  0.0000   0.0000E+00  0.0000   0.0000E+00  0.0000   0.0000E+00  0.0000
   1.4000E+00   1.6000E+00   0.0000E+00  0.0000   0.0000E+00  0.0000   0.0000E+00  0.0000   0.0000E+00  0.0000   0.0000E+00  0.0000   0.0000E+00  0.0000
   1.6000E+00   1.8000E+00   0.0000E+00  0.0000   0.0000E+00  0.0000   0.0000E+00  0.0000   0.0000E+00  0.0000   0.0000E+00  0.0000   0.0000E+00  0.0000
   1.8000E+00   2.0000E+00   0.0000E+00  0.0000   0.0000E+00  0.0000   0.0000E+00  0.0000   0.0000E+00  0.0000   0.0000E+00  0.0000   0.0000E+00  0.0000
   2.0000E+00   2.2000E+00   0.0000E+00  0.0000   0.0000E+00  0.0000   0.0000E+00  0.0000   0.0000E+00  0.0000   0.0000E+00  0.0000   0.0000E+00  0.0000
   2.2000E+00   2.4000E+00   0.0000E+00  0.0000   0.0000E+00  0.0000   0.0000E+00  0.0000   0.0000E+00  0.0000   0.0000E+00  0.0000   0.0000E+00  0.0000
   2.4000E+00   2.6000E+00   0.0000E+00  0.0000   0.0000E+00  0.0000   0.0000E+00  0.0000   0.0000E+00  0.0000   0.0000E+00  0.0000   0.0000E+00  0.0000
   2.6000E+00   2.8000E+00   0.0000E+00  0.0000   0.0000E+00  0.0000   0.0000E+00  0.0000   0.0000E+00  0.0000   0.0000E+00  0.0000   0.0000E+00  0.0000
   2.8000E+00   3.0000E+00   0.0000E+00  0.0000   0.0000E+00  0.0000   0.0000E+00  0.0000   0.0000E+00  0.0000   0.0000E+00  0.0000   0.0000E+00  0.0000
   3.0000E+00   3.2000E+00   0.0000E+00  0.0000   0.0000E+00  0.0000   0.0000E+00  0.0000   0.0000E+00  0.0000   0.0000E+00  0.0000   0.0000E+00  0.0000
   3.2000E+00   3.4000E+00   0.0000E+00  0.0000   0.0000E+00  0.0000   0.0000E+00  0.0000   0.0000E+00  0.0000   0.0000E+00  0.0000   0.0000E+00  0.0000
   3.4000E+00   3.6000E+00   0.0000E+00  0.0000   0.0000E+00  0.0000   0.0000E+00  0.0000   0.0000E+00  0.0000   0.0000E+00  0.0000   0.0000E+00  0.0000
   3.6000E+00   3.8000E+00   0.0000E+00  0.0000   0.0000E+00  0.0000   0.0000E+00  0.0000   0.0000E+00  0.0000   0.0000E+00  0.0000   0.0000E+00  0.0000
   3.8000E+00   4.0000E+00   0.0000E+00  0.0000   0.0000E+00  0.0000   0.0000E+00  0.0000   0.0000E+00  0.0000   0.0000E+00  0.0000   0.0000E+00  0.0000
   4.0000E+00   4.2000E+00   0.0000E+00  0.0000   0.0000E+00  0.0000   0.0000E+00  0.0000   0.0000E+00  0.0000   0.0000E+00  0.0000   0.0000E+00  0.0000
   4.2000E+00   4.4000E+00   0.0000E+00  0.0000   0.0000E+00  0.0000   0.0000E+00  0.0000   0.0000E+00  0.0000   0.0000E+00  0.0000   0.0000E+00  0.0000
   4.4000E+00   4.6000E+00   0.0000E+00  0.0000   0.0000E+00  0.0000   0.0000E+00  0.0000   0.0000E+00  0.0000   0.0000E+00  0.0000   0.0000E+00  0.0000
   4.6000E+00   4.8000E+00   0.0000E+00  0.0000   0.0000E+00  0.0000   0.0000E+00  0.0000   0.0000E+00  0.0000   0.0000E+00  0.0000   0.0000E+00  0.0000
   4.8000E+00   5.0000E+00   0.0000E+00  0.0000   0.0000E+00  0.0000   0.0000E+00  0.0000   0.0000E+00  0.0000   0.0000E+00  0.0000   0.0000E+00  0.0000
   5.0000E+00   5.2000E+00   0.0000E+00  0.0000   0.0000E+00  0.0000   0.0000E+00  0.0000   0.0000E+00  0.0000   0.0000E+00  0.0000   0.0000E+00  0.0000
   5.2000E+00   5.4000E+00   0.0000E+00  0.0000   0.0000E+00  0.0000   0.0000E+00  0.0000   0.0000E+00  0.0000   0.0000E+00  0.0000   0.0000E+00  0.0000
   5.4000E+00   5.6000E+00   0.0000E+00  0.0000   0.0000E+00  0.0000   0.0000E+00  0.0000   0.0000E+00  0.0000   0.0000E+00  0.0000   0.0000E+00  0.0000
   5.6000E+00   5.8000E+00   0.0000E+00  0.0000   0.0000E+00  0.0000   0.0000E+00  0.0000   0.0000E+00  0.0000   0.0000E+00  0.0000   0.0000E+00  0.0000
   5.8000E+00   6.0000E+00   0.0000E+00  0.0000   0.0000E+00  0.0000   0.0000E+00  0.0000   0.0000E+00  0.0000   0.0000E+00  0.0000   0.0000E+00  0.0000
   6.0000E+00   6.2000E+00   0.0000E+00  0.0000   0.0000E+00  0.0000   0.0000E+00  0.0000   0.0000E+00  0.0000   0.0000E+00  0.0000   0.0000E+00  0.0000
   6.2000E+00   6.4000E+00   0.0000E+00  0.0000   0.0000E+00  0.0000   0.0000E+00  0.0000   0.0000E+00  0.0000   0.0000E+00  0.0000   0.0000E+00  0.0000
   6.4000E+00   6.6000E+00   0.0000E+00  0.0000   0.0000E+00  0.0000   0.0000E+00  0.0000   0.0000E+00  0.0000   0.0000E+00  0.0000   0.0000E+00  0.0000
   6.6000E+00   6.8000E+00   0.0000E+00  0.0000   0.0000E+00  0.0000   0.0000E+00  0.0000   0.0000E+00  0.0000   0.0000E+00  0.0000   0.0000E+00  0.0000
   6.8000E+00   7.0000E+00   0.0000E+00  0.0000   0.0000E+00  0.0000   0.0000E+00  0.0000   0.0000E+00  0.0000   0.0000E+00  0.0000   0.0000E+00  0.0000
   7.0000E+00   7.2000E+00   0.0000E+00  0.0000   0.0000E+00  0.0000   0.0000E+00  0.0000   0.0000E+00  0.0000   0.0000E+00  0.0000   0.0000E+00  0.0000
   7.2000E+00   7.4000E+00   0.0000E+00  0.0000   0.0000E+00  0.0000   0.0000E+00  0.0000   0.0000E+00  0.0000   0.0000E+00  0.0000   0.0000E+00  0.0000
   7.4000E+00   7.6000E+00   0.0000E+00  0.0000   0.0000E+00  0.0000   0.0000E+00  0.0000   0.0000E+00  0.0000   0.0000E+00  0.0000   0.0000E+00  0.0000
   7.6000E+00   7.8000E+00   0.0000E+00  0.0000   0.0000E+00  0.0000   0.0000E+00  0.0000   0.0000E+00  0.0000   0.0000E+00  0.0000   0.0000E+00  0.0000
   7.8000E+00   8.0000E+00   0.0000E+00  0.0000   0.0000E+00  0.0000   0.0000E+00  0.0000   0.0000E+00  0.0000   0.0000E+00  0.0000   0.0000E+00  0.0000
   8.0000E+00   8.2000E+00   0.0000E+00  0.0000   0.0000E+00  0.0000   0.0000E+00  0.0000   0.0000E+00  0.0000   0.0000E+00  0.0000   0.0000E+00  0.0000
   8.2000E+00   8.4000E+00   0.0000E+00  0.0000   0.0000E+00  0.0000   0.0000E+00  0.0000   0.0000E+00  0.0000   0.0000E+00  0.0000   0.0000E+00  0.0000
   8.4000E+00   8.6000E+00   0.0000E+00  0.0000   0.0000E+00  0.0000   0.0000E+00  0.0000   0.0000E+00  0.0000   0.0000E+00  0.0000   0.0000E+00  0.0000
   8.6000E+00   8.8000E+00   0.0000E+00  0.0000   0.0000E+00  0.0000   0.0000E+00  0.0000   0.0000E+00  0.0000   0.0000E+00  0.0000   0.0000E+00  0.0000
   8.8000E+00   9.0000E+00   0.0000E+00  0.0000   0.0000E+00  0.0000   0.0000E+00  0.0000   0.0000E+00  0.0000   0.0000E+00  0.0000   0.0000E+00  0.0000
   9.0000E+00   9.2000E+00   0.0000E+00  0.0000   0.0000E+00  0.0000   0.0000E+00  0.0000   0.0000E+00  0.0000   0.0000E+00  0.0000   0.0000E+00  0.0000
   9.2000E+00   9.4000E+00   0.0000E+00  0.0000   0.0000E+00  0.0000   0.0000E+00  0.0000   0.0000E+00  0.0000   0.0000E+00  0.0000   0.0000E+00  0.0000
   9.4000E+00   9.6000E+00   0.0000E+00  0.0000   0.0000E+00  0.0000   0.0000E+00  0.0000   0.0000E+00  0.0000   0.0000E+00  0.0000   0.0000E+00  0.0000
   9.6000E+00   9.8000E+00   0.0000E+00  0.0000   0.0000E+00  0.0000   0.0000E+00  0.0000   0.0000E+00  0.0000   0.0000E+00  0.0000   0.0000E+00  0.0000
   9.8000E+00   1.0000E+01   0.0000E+00  0.0000   0.0000E+00  0.0000   0.0000E+00  0.0000   0.0000E+00  0.0000   0.0000E+00  0.0000   0.0000E+00  0.0000
   1.0000E+01   1.0200E+01   0.0000E+00  0.0000   0.0000E+00  0.0000   0.0000E+00  0.0000   0.0000E+00  0.0000   0.0000E+00  0.0000   0.0000E+00  0.0000
   1.0200E+01   1.0400E+01   0.0000E+00  0.0000   0.0000E+00  0.0000   0.0000E+00  0.0000   0.0000E+00  0.0000   0.0000E+00  0.0000   0.0000E+00  0.0000
   1.0400E+01   1.0600E+01   0.0000E+00  0.0000   0.0000E+00  0.0000   0.0000E+00  0.0000   0.0000E+00  0.0000   0.0000E+00  0.0000   0.0000E+00  0.0000
   1.0600E+01   1.0800E+01   0.0000E+00  0.0000   0.0000E+00  0.0000   0.0000E+00  0.0000   0.0000E+00  0.0000   0.0000E+00  0.0000   0.0000E+00  0.0000
   1.0800E+01   1.1000E+01   0.0000E+00  0.0000   0.0000E+00  0.0000   0.0000E+00  0.0000   0.0000E+00  0.0000   0.0000E+00  0.0000   0.0000E+00  0.0000
   1.1000E+01   1.1200E+01   0.0000E+00  0.0000   0.0000E+00  0.0000   0.0000E+00  0.0000   0.0000E+00  0.0000   0.0000E+00  0.0000   0.0000E+00  0.0000
   1.1200E+01   1.1400E+01   0.0000E+00  0.0000   0.0000E+00  0.0000   0.0000E+00  0.0000   0.0000E+00  0.0000   0.0000E+00  0.0000   0.0000E+00  0.0000
   1.1400E+01   1.1600E+01   0.0000E+00  0.0000   0.0000E+00  0.0000   0.0000E+00  0.0000   0.0000E+00  0.0000   0.0000E+00  0.0000   0.0000E+00  0.0000
   1.1600E+01   1.1800E+01   0.0000E+00  0.0000   0.0000E+00  0.0000   0.0000E+00  0.0000   0.0000E+00  0.0000   0.0000E+00  0.0000   0.0000E+00  0.0000
   1.1800E+01   1.2000E+01   0.0000E+00  0.0000   0.0000E+00  0.0000   0.0000E+00  0.0000   0.0000E+00  0.0000   0.0000E+00  0.0000   0.0000E+00  0.0000
   1.2000E+01   1.2200E+01   0.0000E+00  0.0000   0.0000E+00  0.0000   0.0000E+00  0.0000   0.0000E+00  0.0000   0.0000E+00  0.0000   0.0000E+00  0.0000
   1.2200E+01   1.2400E+01   0.0000E+00  0.0000   0.0000E+00  0.0000   0.0000E+00  0.0000   0.0000E+00  0.0000   0.0000E+00  0.0000   0.0000E+00  0.0000
   1.2400E+01   1.2600E+01   0.0000E+00  0.0000   0.0000E+00  0.0000   0.0000E+00  0.0000   0.0000E+00  0.0000   0.0000E+00  0.0000   0.0000E+00  0.0000
   1.2600E+01   1.2800E+01   0.0000E+00  0.0000   0.0000E+00  0.0000   0.0000E+00  0.0000   0.0000E+00  0.0000   0.0000E+00  0.0000   0.0000E+00  0.0000
   1.2800E+01   1.3000E+01   0.0000E+00  0.0000   0.0000E+00  0.0000   0.0000E+00  0.0000   0.0000E+00  0.0000   0.0000E+00  0.0000   0.0000E+00  0.0000
   1.3000E+01   1.3200E+01   0.0000E+00  0.0000   0.0000E+00  0.0000   0.0000E+00  0.0000   0.0000E+00  0.0000   0.0000E+00  0.0000   0.0000E+00  0.0000
   1.3200E+01   1.3400E+01   0.0000E+00  0.0000   0.0000E+00  0.0000   0.0000E+00  0.0000   0.0000E+00  0.0000   0.0000E+00  0.0000   0.0000E+00  0.0000
   1.3400E+01   1.3600E+01   0.0000E+00  0.0000   0.0000E+00  0.0000   0.0000E+00  0.0000   0.0000E+00  0.0000   0.0000E+00  0.0000   0.0000E+00  0.0000
   1.3600E+01   1.3800E+01   0.0000E+00  0.0000   0.0000E+00  0.0000   0.0000E+00  0.0000   0.0000E+00  0.0000   0.0000E+00  0.0000   0.0000E+00  0.0000
   1.3800E+01   1.4000E+01   0.0000E+00  0.0000   0.0000E+00  0.0000   0.0000E+00  0.0000   0.0000E+00  0.0000   0.0000E+00  0.0000   0.0000E+00  0.0000
   1.4000E+01   1.4200E+01   0.0000E+00  0.0000   0.0000E+00  0.0000   0.0000E+00  0.0000   0.0000E+00  0.0000   0.0000E+00  0.0000   0.0000E+00  0.0000
   1.4200E+01   1.4400E+01   0.0000E+00  0.0000   0.0000E+00  0.0000   0.0000E+00  0.0000   0.0000E+00  0.0000   0.0000E+00  0.0000   0.0000E+00  0.0000
   1.4400E+01   1.4600E+01   0.0000E+00  0.0000   0.0000E+00  0.0000   0.0000E+00  0.0000   0.0000E+00  0.0000   0.0000E+00  0.0000   0.0000E+00  0.0000
   1.4600E+01   1.4800E+01   0.0000E+00  0.0000   0.0000E+00  0.0000   0.0000E+00  0.0000   0.0000E+00  0.0000   0.0000E+00  0.0000   0.0000E+00  0.0000
   1.4800E+01   1.5000E+01   0.0000E+00  0.0000   0.0000E+00  0.0000   0.0000E+00  0.0000   0.0000E+00  0.0000   0.0000E+00  0.0000   0.0000E+00  0.0000
   1.5000E+01   1.5200E+01   0.0000E+00  0.0000   0.0000E+00  0.0000   0.0000E+00  0.0000   0.0000E+00  0.0000   0.0000E+00  0.0000   0.0000E+00  0.0000
   1.5200E+01   1.5400E+01   0.0000E+00  0.0000   0.0000E+00  0.0000   0.0000E+00  0.0000   0.0000E+00  0.0000   0.0000E+00  0.0000   0.0000E+00  0.0000
   1.5400E+01   1.5600E+01   0.0000E+00  0.0000   0.0000E+00  0.0000   0.0000E+00  0.0000   0.0000E+00  0.0000   0.0000E+00  0.0000   0.0000E+00  0.0000
   1.5600E+01   1.5800E+01   0.0000E+00  0.0000   0.0000E+00  0.0000   0.0000E+00  0.0000   0.0000E+00  0.0000   0.0000E+00  0.0000   0.0000E+00  0.0000
   1.5800E+01   1.6000E+01   0.0000E+00  0.0000   0.0000E+00  0.0000   0.0000E+00  0.0000   0.0000E+00  0.0000   0.0000E+00  0.0000   0.0000E+00  0.0000
   1.6000E+01   1.6200E+01   0.0000E+00  0.0000   0.0000E+00  0.0000   0.0000E+00  0.0000   0.0000E+00  0.0000   0.0000E+00  0.0000   0.0000E+00  0.0000
   1.6200E+01   1.6400E+01   0.0000E+00  0.0000   0.0000E+00  0.0000   0.0000E+00  0.0000   0.0000E+00  0.0000   0.0000E+00  0.0000   0.0000E+00  0.0000
   1.6400E+01   1.6600E+01   0.0000E+00  0.0000   0.0000E+00  0.0000   0.0000E+00  0.0000   0.0000E+00  0.0000   0.0000E+00  0.0000   0.0000E+00  0.0000
   1.6600E+01   1.6800E+01   0.0000E+00  0.0000   0.0000E+00  0.0000   0.0000E+00  0.0000   0.0000E+00  0.0000   0.0000E+00  0.0000   0.0000E+00  0.0000
   1.6800E+01   1.7000E+01   0.0000E+00  0.0000   0.0000E+00  0.0000   0.0000E+00  0.0000   0.0000E+00  0.0000   0.0000E+00  0.0000   0.0000E+00  0.0000
   1.7000E+01   1.7200E+01   0.0000E+00  0.0000   0.0000E+00  0.0000   0.0000E+00  0.0000   0.0000E+00  0.0000   0.0000E+00  0.0000   0.0000E+00  0.0000
   1.7200E+01   1.7400E+01   0.0000E+00  0.0000   0.0000E+00  0.0000   0.0000E+00  0.0000   0.0000E+00  0.0000   0.0000E+00  0.0000   0.0000E+00  0.0000
   1.7400E+01   1.7600E+01   0.0000E+00  0.0000   0.0000E+00  0.0000   0.0000E+00  0.0000   0.0000E+00  0.0000   0.0000E+00  0.0000   0.0000E+00  0.0000
   1.7600E+01   1.7800E+01   0.0000E+00  0.0000   0.0000E+00  0.0000   0.0000E+00  0.0000   0.0000E+00  0.0000   0.0000E+00  0.0000   0.0000E+00  0.0000
   1.7800E+01   1.8000E+01   9.3750E-02  0.9975   0.0000E+00  0.0000   0.0000E+00  0.0000   0.0000E+00  0.0000   0.0000E+00  0.0000   0.0000E+00  0.0000
   1.8000E+01   1.8200E+01   0.0000E+00  0.0000   0.0000E+00  0.0000   0.0000E+00  0.0000   0.0000E+00  0.0000   0.0000E+00  0.0000   0.0000E+00  0.0000
   1.8200E+01   1.8400E+01   0.0000E+00  0.0000   0.0000E+00  0.0000   0.0000E+00  0.0000   0.0000E+00  0.0000   0.0000E+00  0.0000   0.0000E+00  0.0000
   1.8400E+01   1.8600E+01   0.0000E+00  0.0000   0.0000E+00  0.0000   0.0000E+00  0.0000   0.0000E+00  0.0000   0.0000E+00  0.0000   0.0000E+00  0.0000
   1.8600E+01   1.8800E+01   0.0000E+00  0.0000   0.0000E+00  0.0000   0.0000E+00  0.0000   0.0000E+00  0.0000   0.0000E+00  0.0000   0.0000E+00  0.0000
   1.8800E+01   1.9000E+01   0.0000E+00  0.0000   0.0000E+00  0.0000   0.0000E+00  0.0000   0.0000E+00  0.0000   0.0000E+00  0.0000   0.0000E+00  0.0000
   1.9000E+01   1.9200E+01   0.0000E+00  0.0000   0.0000E+00  0.0000   0.0000E+00  0.0000   0.0000E+00  0.0000   0.0000E+00  0.0000   0.0000E+00  0.0000
   1.9200E+01   1.9400E+01   0.0000E+00  0.0000   0.0000E+00  0.0000   0.0000E+00  0.0000   0.0000E+00  0.0000   0.0000E+00  0.0000   0.0000E+00  0.0000
   1.9400E+01   1.9600E+01   0.0000E+00  0.0000   0.0000E+00  0.0000   0.0000E+00  0.0000   0.0000E+00  0.0000   0.0000E+00  0.0000   0.0000E+00  0.0000
   1.9600E+01   1.9800E+01   0.0000E+00  0.0000   0.0000E+00  0.0000   0.0000E+00  0.0000   0.0000E+00  0.0000   0.0000E+00  0.0000   0.0000E+00  0.0000
   1.9800E+01   2.0000E+01   0.0000E+00  0.0000   0.0000E+00  0.0000   0.0000E+00  0.0000   0.0000E+00  0.0000   0.0000E+00  0.0000   0.0000E+00  0.0000
   2.0000E+01   2.0200E+01   0.0000E+00  0.0000   0.0000E+00  0.0000   0.0000E+00  0.0000   0.0000E+00  0.0000   0.0000E+00  0.0000   0.0000E+00  0.0000
   2.0200E+01   2.0400E+01   0.0000E+00  0.0000   0.0000E+00  0.0000   0.0000E+00  0.0000   0.0000E+00  0.0000   0.0000E+00  0.0000   0.0000E+00  0.0000
   2.0400E+01   2.0600E+01   0.0000E+00  0.0000   0.0000E+00  0.0000   0.0000E+00  0.0000   0.0000E+00  0.0000   0.0000E+00  0.0000   0.0000E+00  0.0000
   2.0600E+01   2.0800E+01   0.0000E+00  0.0000   0.0000E+00  0.0000   0.0000E+00  0.0000   0.0000E+00  0.0000   0.0000E+00  0.0000   0.0000E+00  0.0000
   2.0800E+01   2.1000E+01   0.0000E+00  0.0000   0.0000E+00  0.0000   0.0000E+00  0.0000   0.0000E+00  0.0000   0.0000E+00  0.0000   0.0000E+00  0.0000
   2.1000E+01   2.1200E+01   0.0000E+00  0.0000   0.0000E+00  0.0000   0.0000E+00  0.0000   0.0000E+00  0.0000   0.0000E+00  0.0000   0.0000E+00  0.0000
   2.1200E+01   2.1400E+01   0.0000E+00  0.0000   0.0000E+00  0.0000   0.0000E+00  0.0000   0.0000E+00  0.0000   0.0000E+00  0.0000   0.0000E+00  0.0000
   2.1400E+01   2.1600E+01   0.0000E+00  0.0000   0.0000E+00  0.0000   0.0000E+00  0.0000   0.0000E+00  0.0000   0.0000E+00  0.0000   0.0000E+00  0.0000
   2.1600E+01   2.1800E+01   0.0000E+00  0.0000   0.0000E+00  0.0000   0.0000E+00  0.0000   0.0000E+00  0.0000   0.0000E+00  0.0000   0.0000E+00  0.0000
   2.1800E+01   2.2000E+01   0.0000E+00  0.0000   0.0000E+00  0.0000   0.0000E+00  0.0000   0.0000E+00  0.0000   0.0000E+00  0.0000   0.0000E+00  0.0000
   2.2000E+01   2.2200E+01   0.0000E+00  0.0000   0.0000E+00  0.0000   0.0000E+00  0.0000   0.0000E+00  0.0000   0.0000E+00  0.0000   0.0000E+00  0.0000
   2.2200E+01   2.2400E+01   0.0000E+00  0.0000   0.0000E+00  0.0000   0.0000E+00  0.0000   0.0000E+00  0.0000   0.0000E+00  0.0000   0.0000E+00  0.0000
   2.2400E+01   2.2600E+01   0.0000E+00  0.0000   0.0000E+00  0.0000   0.0000E+00  0.0000   0.0000E+00  0.0000   0.0000E+00  0.0000   0.0000E+00  0.0000
   2.2600E+01   2.2800E+01   0.0000E+00  0.0000   0.0000E+00  0.0000   0.0000E+00  0.0000   0.0000E+00  0.0000   0.0000E+00  0.0000   0.0000E+00  0.0000
   2.2800E+01   2.3000E+01   0.0000E+00  0.0000   0.0000E+00  0.0000   0.0000E+00  0.0000   0.0000E+00  0.0000   0.0000E+00  0.0000   0.0000E+00  0.0000
   2.3000E+01   2.3200E+01   0.0000E+00  0.0000   0.0000E+00  0.0000   0.0000E+00  0.0000   0.0000E+00  0.0000   0.0000E+00  0.0000   0.0000E+00  0.0000
   2.3200E+01   2.3400E+01   0.0000E+00  0.0000   0.0000E+00  0.0000   0.0000E+00  0.0000   0.0000E+00  0.0000   0.0000E+00  0.0000   0.0000E+00  0.0000
   2.3400E+01   2.3600E+01   0.0000E+00  0.0000   0.0000E+00  0.0000   0.0000E+00  0.0000   0.0000E+00  0.0000   0.0000E+00  0.0000   0.0000E+00  0.0000
   2.3600E+01   2.3800E+01   0.0000E+00  0.0000   0.0000E+00  0.0000   0.0000E+00  0.0000   0.0000E+00  0.0000   0.0000E+00  0.0000   0.0000E+00  0.0000
   2.3800E+01   2.4000E+01   0.0000E+00  0.0000   0.0000E+00  0.0000   0.0000E+00  0.0000   0.0000E+00  0.0000   0.0000E+00  0.0000   0.0000E+00  0.0000
   2.4000E+01   2.4200E+01   0.0000E+00  0.0000   0.0000E+00  0.0000   0.0000E+00  0.0000   0.0000E+00  0.0000   0.0000E+00  0.0000   0.0000E+00  0.0000
   2.4200E+01   2.4400E+01   0.0000E+00  0.0000   0.0000E+00  0.0000   0.0000E+00  0.0000   0.0000E+00  0.0000   0.0000E+00  0.0000   0.0000E+00  0.0000
   2.4400E+01   2.4600E+01   0.0000E+00  0.0000   0.0000E+00  0.0000   0.0000E+00  0.0000   0.0000E+00  0.0000   0.0000E+00  0.0000   0.0000E+00  0.0000
   2.4600E+01   2.4800E+01   0.0000E+00  0.0000   0.0000E+00  0.0000   0.0000E+00  0.0000   0.0000E+00  0.0000   0.0000E+00  0.0000   0.0000E+00  0.0000
   2.4800E+01   2.5000E+01   0.0000E+00  0.0000   0.0000E+00  0.0000   0.0000E+00  0.0000   0.0000E+00  0.0000   0.0000E+00  0.0000   0.0000E+00  0.0000
   2.5000E+01   2.5200E+01   0.0000E+00  0.0000   0.0000E+00  0.0000   0.0000E+00  0.0000   0.0000E+00  0.0000   0.0000E+00  0.0000   0.0000E+00  0.0000
   2.5200E+01   2.5400E+01   0.0000E+00  0.0000   0.0000E+00  0.0000   0.0000E+00  0.0000   0.0000E+00  0.0000   0.0000E+00  0.0000   0.0000E+00  0.0000
   2.5400E+01   2.5600E+01   0.0000E+00  0.0000   0.0000E+00  0.0000   0.0000E+00  0.0000   0.0000E+00  0.0000   0.0000E+00  0.0000   0.0000E+00  0.0000
   2.5600E+01   2.5800E+01   0.0000E+00  0.0000   0.0000E+00  0.0000   0.0000E+00  0.0000   0.0000E+00  0.0000   0.0000E+00  0.0000   0.0000E+00  0.0000
   2.5800E+01   2.6000E+01   0.0000E+00  0.0000   0.0000E+00  0.0000   0.0000E+00  0.0000   0.0000E+00  0.0000   0.0000E+00  0.0000   0.0000E+00  0.0000
   2.6000E+01   2.6200E+01   0.0000E+00  0.0000   0.0000E+00  0.0000   0.0000E+00  0.0000   0.0000E+00  0.0000   0.0000E+00  0.0000   0.0000E+00  0.0000
   2.6200E+01   2.6400E+01   0.0000E+00  0.0000   0.0000E+00  0.0000   0.0000E+00  0.0000   0.0000E+00  0.0000   0.0000E+00  0.0000   0.0000E+00  0.0000
   2.6400E+01   2.6600E+01   0.0000E+00  0.0000   0.0000E+00  0.0000   0.0000E+00  0.0000   0.0000E+00  0.0000   0.0000E+00  0.0000   0.0000E+00  0.0000
   2.6600E+01   2.6800E+01   0.0000E+00  0.0000   0.0000E+00  0.0000   0.0000E+00  0.0000   0.0000E+00  0.0000   0.0000E+00  0.0000   0.0000E+00  0.0000
   2.6800E+01   2.7000E+01   0.0000E+00  0.0000   0.0000E+00  0.0000   0.0000E+00  0.0000   0.0000E+00  0.0000   0.0000E+00  0.0000   0.0000E+00  0.0000
   2.7000E+01   2.7200E+01   0.0000E+00  0.0000   0.0000E+00  0.0000   0.0000E+00  0.0000   0.0000E+00  0.0000   0.0000E+00  0.0000   0.0000E+00  0.0000
   2.7200E+01   2.7400E+01   0.0000E+00  0.0000   0.0000E+00  0.0000   0.0000E+00  0.0000   0.0000E+00  0.0000   0.0000E+00  0.0000   0.0000E+00  0.0000
   2.7400E+01   2.7600E+01   0.0000E+00  0.0000   0.0000E+00  0.0000   0.0000E+00  0.0000   0.0000E+00  0.0000   0.0000E+00  0.0000   0.0000E+00  0.0000
   2.7600E+01   2.7800E+01   0.0000E+00  0.0000   0.0000E+00  0.0000   0.0000E+00  0.0000   0.0000E+00  0.0000   0.0000E+00  0.0000   0.0000E+00  0.0000
   2.7800E+01   2.8000E+01   0.0000E+00  0.0000   0.0000E+00  0.0000   0.0000E+00  0.0000   0.0000E+00  0.0000   0.0000E+00  0.0000   0.0000E+00  0.0000
   2.8000E+01   2.8200E+01   0.0000E+00  0.0000   0.0000E+00  0.0000   0.0000E+00  0.0000   0.0000E+00  0.0000   0.0000E+00  0.0000   0.0000E+00  0.0000
   2.8200E+01   2.8400E+01   0.0000E+00  0.0000   0.0000E+00  0.0000   0.0000E+00  0.0000   0.0000E+00  0.0000   0.0000E+00  0.0000   0.0000E+00  0.0000
   2.8400E+01   2.8600E+01   0.0000E+00  0.0000   0.0000E+00  0.0000   0.0000E+00  0.0000   0.0000E+00  0.0000   0.0000E+00  0.0000   0.0000E+00  0.0000
   2.8600E+01   2.8800E+01   0.0000E+00  0.0000   0.0000E+00  0.0000   0.0000E+00  0.0000   0.0000E+00  0.0000   0.0000E+00  0.0000   0.0000E+00  0.0000
   2.8800E+01   2.9000E+01   0.0000E+00  0.0000   0.0000E+00  0.0000   0.0000E+00  0.0000   0.0000E+00  0.0000   0.0000E+00  0.0000   0.0000E+00  0.0000
   2.9000E+01   2.9200E+01   0.0000E+00  0.0000   0.0000E+00  0.0000   0.0000E+00  0.0000   0.0000E+00  0.0000   0.0000E+00  0.0000   0.0000E+00  0.0000
   2.9200E+01   2.9400E+01   0.0000E+00  0.0000   0.0000E+00  0.0000   0.0000E+00  0.0000   0.0000E+00  0.0000   0.0000E+00  0.0000   0.0000E+00  0.0000
   2.9400E+01   2.9600E+01   0.0000E+00  0.0000   0.0000E+00  0.0000   0.0000E+00  0.0000   0.0000E+00  0.0000   0.0000E+00  0.0000   0.0000E+00  0.0000
   2.9600E+01   2.9800E+01   0.0000E+00  0.0000   0.0000E+00  0.0000   0.0000E+00  0.0000   0.0000E+00  0.0000   0.0000E+00  0.0000   0.0000E+00  0.0000
   2.9800E+01   3.0000E+01   0.0000E+00  0.0000   0.0000E+00  0.0000   0.0000E+00  0.0000   0.0000E+00  0.0000   0.0000E+00  0.0000   0.0000E+00  0.0000

#   sum over    1.4137E+03   6.2500E-04  0.9975   0.0000E+00  0.0000   0.0000E+00  0.0000   0.0000E+00  0.0000   0.0000E+00  0.0000   0.0000E+00  0.0000

'no. =  2,    ir surf =  2'
msuc: {\huge [t-cross] in r-z mesh}
msdl: {\it plotted by \ANGEL \version}
msdr: {\it calculated by \PHITS  2.30}
wt: s(0.7)
\vspace{-3}
  r surface crossing
  r     &=&   7.5000E+00 [cm]
 tot area  &=&   1.4137E+03 [cm^2]
e:
