           _________________________________________________________
          |                                                         |
          |       _/_/_/_/                                          |
          |      _/      _/                  _/_/_/_/_/_/           |
          |     _/      _/  _/      _/   _/      _/      _/_/_/_/_/ |
          |    _/_/_/_/    _/      _/   _/      _/      _/          |
          |   _/          _/_/_/_/_/   _/      _/       _/_/_/_/    |
          |  _/          _/      _/   _/      _/              _/    |
          | _/          _/      _/   _/      _/      _/_/_/_/_/     |
          |                                                         |
          |                                                         |
          |       Particle and Heavy Ion Transport code System      |
          |                      Version =  2.300                   |
          |                         made by                         |
          |                                                         |
          |                       Koji NIITA,                       |
          |           Research Organization for Information         |
          |                    Science & Technology                 |
          |                                                         |
          |           Norihiro MATSUDA, Shintaro HASHIMOTO,         |
          |              Yosuke IWAMOTO, Tatsuhiko SATO,            |
          |             Hiroshi NAKASHIMA, Yukio SAKAMOTO,          |
          |               Tokio FUKAHORI, Satoshi CHIBA,            |
          |                 Japan Atomic Energy Agency              |
          |                                                         |
          |                      Hiroshi IWASE,                     |
          |                           KEK                           |
          |                                                         |
          |                           and                           |
          |                                                         |
          |                      Lembit SIHVER,                     |
          |             Chalmers University of Technology           |
          |                                                         |
          |                 Last Revised  2011-08-11                |
          |_________________________________________________________|

             _________________ [ Job Title ] ________________ 
            |                                                |
            |  example 008        -Bragg Peak- sample input  |
            |________________________________________________|

                        Starting Date = 2011-08-17
                        Starting Time = 11h 06m 29

>>> Input Echo >>>=============================================================

[ T i t l e ]
example 008        -Bragg Peak- sample input

[ P a r a m e t e r s ]
 icntl    =           0     # (D=0) 3:ECH 5:NOR 6:SRC 7,8:GSH 11:DSH 12:DUMP
 nwsors   =           1     # (D=0) # of source written in output
 maxcas   =         200     # (D=10) number of particles per one batch
 maxbch   =           1     # (D=10) number of batches
 esmin    = 1.000000000E-06 # (D=0.001) min energy for charged particle range 
 emin(1)  = 1.000000000E-03 # (D=1.0) cut-off energy of proton (MeV)
 emin(2)  =  1.00000000     # (D=1.0) cut-off energy of neutron (MeV)
 emin(15) = 1.000000000E-06 # (D=1.d9) cut-off energy of deuteron (MeV)
 emin(16) = 1.000000000E-06 # (D=1.d9) cut-off energy of triton (MeV)
 emin(17) = 1.000000000E-06 # (D=1.d9) cut-off energy of 3He (MeV)
 emin(18) = 1.000000000E-06 # (D=1.d9) cut-off energy of Alpha (MeV)
 emin(19) = 1.000000000E-06 # (D=1.d9) cut-off energy of Nucleus (MeV)
 nedisp   =           1     # (D=0) 0: no, 1: with e straggling, 10: ATIMA
 nspred   =           2     # (D=0) 0:no, 1:orig. 2:first Moliere, 10: ATIMA
 itstep   =           1     # (D=0) 0: no, 1: tally by a step in mag and strg
 itall    =           1     # (D=0) 0:no tally at batch, 1:same, 2:different
 file(6)  = phits.out       # (D=phits.out) general output file name

[ S o u r c e ]
  totfact =   1.0000        # (D=1.0) global factor
   s-type =   1             # mono-energetic axial source
     proj =  12C            # kind of incident nucleus          
       e0 =   290.00        # energy of beam [MeV/u]
       r0 =   2.5000        # radius [cm]
       x0 =   0.0000        # (D=0.0) center position of x-axis [cm]
       y0 =   0.0000        # (D=0.0) center position of y-axis [cm]
       z0 =  -10.000        # minimum position of z-axis [cm]
       z1 =  -10.000        # maximum position of z-axis [cm]
      dir =   1.0000        # z-direction of beam [cosine]

[ M a t e r i a l ]
MAT[ 1 ] 
           1H         2.0000000E+00
          16O         1.0000000E+00

[ C e l l ]
 10         1 -1.0000000E+00  6001 -6002 -8001 
 100        1 -1.0000000E+00  6000 -6050 -8010
                              #( 6001 -6002 -8001 ) 
 200        0                 5020 -6060 -8040
                              #( 6000 -6050 -8010 ) 
 999       -1                 -5020 : 6060 : 8040 

[ S u r f a c e ]
 5020         pz    -2.0000000E+01
 6000         pz     0.0000000E+00
 6001         pz     1.0000000E+01
 6002         pz     1.1000000E+01
 6050         pz     5.0000000E+01
 6060         pz     6.0000000E+01
 8001         cz     1.5000000E+00
 8010         cz     1.0000000E+01
 8040         cz     4.0000000E+01

[ Mat Name Color ]
   mat     name     size          color   # HSB color value
     0     void     1.00      lightgray   # { -0.800  1.000  1.000 }
     1    Water     1.00     pastelcyan   # {  0.400  0.400  1.000 }

[ T - C r o s s ]
    title = [t-cross] in r-z mesh
     mesh =  r-z            # mesh type is r-z scoring mesh
       x0 =   0.000000      # center x-position of r-z mesh
       y0 =   0.000000      # center y-position of r-z mesh
   r-type =    2            # r-mesh is linear given by rmin, rmax and nr
     rmin =   0.000000      # minimum value of r-mesh points
     rmax =   7.500000      # maximum value of r-mesh points
#    rdel =   7.500000      # mesh width of r-mesh points
       nr =    1            # number of r-mesh points
#    data = ( r(i), i = 1, nr + 1 )
#           0.00000E+00  7.50000E+00
   z-type =    2            # z-mesh is linear given by zmin, zmax and nz
     zmin =   0.000000      # minimum value of z-mesh points
     zmax =   30.00000      # maximum value of z-mesh points
#    zdel =  0.2000000      # mesh width of z-mesh points
       nz =  150            # number of z-mesh points
#    data = ( z(i), i = 1, nz + 1 )
#           0.00000E+00  2.00000E-01  4.00000E-01  6.00000E-01  8.00000E-01
#           1.00000E+00  1.20000E+00  1.40000E+00  1.60000E+00  1.80000E+00
#           2.00000E+00  2.20000E+00  2.40000E+00  2.60000E+00  2.80000E+00
#           3.00000E+00  3.20000E+00  3.40000E+00  3.60000E+00  3.80000E+00
#           4.00000E+00  4.20000E+00  4.40000E+00  4.60000E+00  4.80000E+00
#           5.00000E+00  5.20000E+00  5.40000E+00  5.60000E+00  5.80000E+00
#           6.00000E+00  6.20000E+00  6.40000E+00  6.60000E+00  6.80000E+00
#           7.00000E+00  7.20000E+00  7.40000E+00  7.60000E+00  7.80000E+00
#           8.00000E+00  8.20000E+00  8.40000E+00  8.60000E+00  8.80000E+00
#           9.00000E+00  9.20000E+00  9.40000E+00  9.60000E+00  9.80000E+00
#           1.00000E+01  1.02000E+01  1.04000E+01  1.06000E+01  1.08000E+01
#           1.10000E+01  1.12000E+01  1.14000E+01  1.16000E+01  1.18000E+01
#           1.20000E+01  1.22000E+01  1.24000E+01  1.26000E+01  1.28000E+01
#           1.30000E+01  1.32000E+01  1.34000E+01  1.36000E+01  1.38000E+01
#           1.40000E+01  1.42000E+01  1.44000E+01  1.46000E+01  1.48000E+01
#           1.50000E+01  1.52000E+01  1.54000E+01  1.56000E+01  1.58000E+01
#           1.60000E+01  1.62000E+01  1.64000E+01  1.66000E+01  1.68000E+01
#           1.70000E+01  1.72000E+01  1.74000E+01  1.76000E+01  1.78000E+01
#           1.80000E+01  1.82000E+01  1.84000E+01  1.86000E+01  1.88000E+01
#           1.90000E+01  1.92000E+01  1.94000E+01  1.96000E+01  1.98000E+01
#           2.00000E+01  2.02000E+01  2.04000E+01  2.06000E+01  2.08000E+01
#           2.10000E+01  2.12000E+01  2.14000E+01  2.16000E+01  2.18000E+01
#           2.20000E+01  2.22000E+01  2.24000E+01  2.26000E+01  2.28000E+01
#           2.30000E+01  2.32000E+01  2.34000E+01  2.36000E+01  2.38000E+01
#           2.40000E+01  2.42000E+01  2.44000E+01  2.46000E+01  2.48000E+01
#           2.50000E+01  2.52000E+01  2.54000E+01  2.56000E+01  2.58000E+01
#           2.60000E+01  2.62000E+01  2.64000E+01  2.66000E+01  2.68000E+01
#           2.70000E+01  2.72000E+01  2.74000E+01  2.76000E+01  2.78000E+01
#           2.80000E+01  2.82000E+01  2.84000E+01  2.86000E+01  2.88000E+01
#           2.90000E+01  2.92000E+01  2.94000E+01  2.96000E+01  2.98000E+01
#           3.00000E+01
     unit =    1            # unit is [1/cm^2/source]
     axis =    z            # axis of output
     file = fluence.out     # file name of output for the above axis
   output = o-curr          # surface crossing omni current
     part =  deuteron   triton     4He        12C        N          O        
# kf/name :  1000002    1000003    2000004    6000012    7000000    8000000  
   factor =  176.7146       # (D=1.0) normalization factor
    angel = ylin
    x-txt = Depth [cm]
    y-txt = Fluence [1/source]
   epsout =    1            # (D=0) generate eps file by ANGEL
#    used :        main (  %)        temp (  %)       total (  %)
#  memory :        5571 (  0)        5415 (  0)       10986 (  0)

[END] of Input Echo <<<========================================================

<<< Report of real Geometry memory >>>
*           GG/CG memory =      216
*     total memory: mdas = 20000000
*                percent =     0.00 %

<<< Report of material memory for high energy>>>
*   high energy material =     4503
*     total memory: mdas = 20000000
*                percent =     0.02 %

<<< Report of real tally memory >>>
*      real tally memory =     5571
*     total memory: mdas = 20000000
*                percent =     0.03 %

<<< Report of bank memory >>>
*            bank memory =   347500
*     total memory: mdas = 20000000
*                percent =     1.74 %

<<< Report of other memory >>>
*           other memory =      705
*     total memory: mdas = 20000000
*                percent =     0.00 %

<<< Report of total memory >>>
*      used total memory =   358495
*     total memory: mdas = 20000000
*                percent =     1.79 %
*                ---------------------

***** source information upto   1 histories *****
  no ityp    reg  mat    energy      x           y           z           u           v           w           wt
   1   19    200    0  3.4800E+03 -2.1514E+00 -1.5341E-01 -1.0000E+01  0.0000E+00  0.0000E+00  1.0000E+00  1.0000E+00

-------------------------------------------------------------------------------
bat[       1] ncas =            200. : rijk    =   6647299061401.
       low neutron =             75. : ncall/s =  7.170440000E+03
          cpu time =  10.203 s.

===============================================================================

 Summary for the end of job

-------------------------------------------------------------------------------
 number of analyz call vs ncol
-------------------------------------------------------------------------------
     ncol          number
        1              1.   : start of calculation            
        2              1.   : end of calculation              
        3              1.   : end of a batch                  
        4            200.   : source                          
        5              0.   : detection of geometry error     
        6              0.   : recovery of geometry error      
        7              0.   : termination by geometry error   
        8              0.   : termination by weight cut-off   
        9              0.   : termination by time cut-off     
       10           1314.   : geometry boundary crossing      
       11           2079.   : termination by energy cut-off   
       12            691.   : termination by escape or leakage
       13            226.   : reaction : (n,x) type           
       14            748.   : reaction : (n,n'x) type         
       15           7988.   : sequential transport for tally  

-------------------------------------------------------------------------------
 Region-wise total number of collisions for High energy and HI per source
-------------------------------------------------------------------------------
 Region    Hydrogen       Decay     Elastic   Non-Elast   Heavy Ion    Hi-Total
     10  1.5000E-02  0.0000E+00  1.0000E-02  3.0000E-02  2.5000E-02  8.0000E-02
    100  9.2000E-01  1.0000E-02  1.4050E+00  2.4800E+00  1.0150E+00  5.8300E+00
  Total  9.3500E-01  1.0000E-02  1.4150E+00  2.5100E+00  1.0400E+00  5.9100E+00

-------------------------------------------------------------------------------
 Medium-wise total number of collisions for High energy and HI per source
-------------------------------------------------------------------------------
 Medium    Hydrogen       Decay     Elastic   Non-Elast   Heavy Ion    Hi-Total
      1  9.3500E-01  1.0000E-02  1.4150E+00  2.5100E+00  1.0400E+00  5.9100E+00
  Total  9.3500E-01  1.0000E-02  1.4150E+00  2.5100E+00  1.0400E+00  5.9100E+00

-------------------------------------------------------------------------------
 List of transport particles
-------------------------------------------------------------------------------
     Name      kf-code        mass       charge   baryon
     proton       2212        938.3         1       1
     neutron      2112        939.6         0       1
     pion+         211        139.6         1       0
     muon+         -13        105.7         1       0
     positron      -11          0.5         1       0
     deuteron  1000002       1875.6         1       2
     triton    1000003       2808.9         1       3
     3he       2000003       2808.4         2       3
     alpha     2000004       3727.4         2       4

     nu_ebar       -12          0.0         0       0
     nu_mu          14          0.0         0       0

-------------------------------------------------------------------------------
 prod. particles       number        weight        weight per source
-------------------------------------------------------------------------------
     neutron            1324.     1.3240000E+03     6.6200000E+00
     proton             1097.     1.0970000E+03     5.4850000E+00
     alpha               318.     3.1800000E+02     1.5900000E+00
     deuteron            102.     1.0200000E+02     5.1000000E-01
     3he                  30.     3.0000000E+01     1.5000000E-01
     triton               23.     2.3000000E+01     1.1500000E-01
     other                 3.     3.0000000E+00     1.5000000E-02
     pion+                 1.     1.0000000E+00     5.0000000E-03
     positron              1.     1.0000000E+00     5.0000000E-03
     muon+                 1.     1.0000000E+00     5.0000000E-03

-------------------------------------------------------------------------------
 the other kind of produced particles
-------------------------------------------------------------------------------
     Name      kf-code        number     mass       charge   baryon
     nu_mu          14             2       0.0         0       0
     nu_ebar       -12             1       0.0         0       0

-------------------------------------------------------------------------------
 particle decays       number        weight        weight per source
-------------------------------------------------------------------------------
     pion+                 1.     1.0000000E+00     5.0000000E-03
     muon+                 1.     1.0000000E+00     5.0000000E-03

-------------------------------------------------------------------------------
 stop. particles.    number        weight        weight per source
-------------------------------------------------------------------------------
     proton              909.     9.0900000E+02     4.5450000E+00
     nucleus             784.     7.8400000E+02     3.9200000E+00
     alpha               277.     2.7700000E+02     1.3850000E+00
     neutron              75.     7.5000000E+01     3.7500000E-01
     deuteron             64.     6.4000000E+01     3.2000000E-01
     3he                  29.     2.9000000E+01     1.4500000E-01
     triton               16.     1.6000000E+01     8.0000000E-02
     positron              1.     1.0000000E+00     5.0000000E-03

-------------------------------------------------------------------------------
 leak. particles       number        weight        weight per source
-------------------------------------------------------------------------------
     neutron             610.     6.1000000E+02     3.0500000E+00
     proton               63.     6.3000000E+01     3.1500000E-01
     deuteron             12.     1.2000000E+01     6.0000000E-02
     other                 3.     3.0000000E+00     1.5000000E-02
     triton                3.     3.0000000E+00     1.5000000E-02

-------------------------------------------------------------------------------
 the other kind of leakage particles
-------------------------------------------------------------------------------
     Name      kf-code        number     mass       charge   baryon
     nu_mu          14             2       0.0         0       0
     nu_ebar       -12             1       0.0         0       0

-------------------------------------------------------------------------------
 source: maxcas    maxbch      irskip   average weight          total source
-------------------------------------------------------------------------------
         200           1           0    1.0000000E+00    2.0000000000000E+02

-------------------------------------------------------------------------------
 CG error summary
-------------------------------------------------------------------------------
 Number of lost part in CG    =     0 / nlost =       10
 Number of CG region errors   =     0
 Number of unrecovered errors =     0

-------------------------------------------------------------------------------
 next initial random number =  96574767179961.0

-------------------------------------------------------------------------------
 job termination date : 2011/08/17
                 time :   11:06:40

-------------------------------------------------------------------------------
    CPU Summary
-------------------------------------------------------------------------------

                         sec          %             count
total cpu time =        10.69       100.00

      set data =         0.00         0.00
     transport =         0.00         0.00
      analysis =         0.00         0.00          13248.
         nevap =         0.00         0.00            929.
         nreac =         0.00         0.00            983.

         other =         0.00         0.00
         hydro =         0.00         0.00            187.
         dklos =         0.00         0.00              2.
         elast =         0.00         0.00            283.
         ncasc =         0.00         0.00           2202.
        n-data =         0.00         0.00              0.
        p-data =         0.00         0.00              0.
        e-data =         0.00         0.00              0.
        h-data =         0.00         0.00              0.

         berti =         0.00         0.00           1846.
         isoba =         0.00         0.00              0.
         JAM   =         0.00         0.00            119.
         QMD   =         0.00         0.00            236.
         INCL  =         0.00         0.00              0.

   === incident particle into bert =====

        proton =                     41.71            770.
       neutron =                     58.29           1076.
     -----------------------------------------------------
          total                                      1846.
           real                                       334.

   === incident particle into JAM =====

        proton =                    100.00            119.
     -----------------------------------------------------
          total                                       119.
           real                                        15.

   === incident particle into QMD =====

      deuteron =                     11.86             28.
        triton =                      1.27              3.
           3He =                      0.42              1.
         Alpha =                     25.85             61.
       Nucleus =                     60.59            143.
     -----------------------------------------------------
          total                                       236.
           real                                       153.

 END 
