[ T-Track ]
    title = [t-track] in xyz mesh
     mesh =  xyz            # mesh type is xyz scoring mesh
   x-type =    2            # x-mesh is linear given by xmin, xmax and nx
     xmin =  -4.000000      # minimum value of x-mesh points
     xmax =   4.000000      # maximum value of x-mesh points
#    xdel =  0.8000000      # mesh width of x-mesh points
       nx =     10          # number of x-mesh points
#    data = ( x(i), i = 1, nx + 1 )
#          -4.00000E+00 -3.20000E+00 -2.40000E+00 -1.60000E+00 -8.00000E-01
#           0.00000E+00  8.00000E-01  1.60000E+00  2.40000E+00  3.20000E+00
#           4.00000E+00
   y-type =    1            # y-mesh is given by the below data
       ny =      1          # number of y-mesh points
#    data = ( y(i), i = 1, ny + 1 )
           -1.70000E+00 -1.65000E+00
   z-type =    2            # z-mesh is linear given by zmin, zmax and nz
     zmin =   95.00000      # minimum value of z-mesh points
     zmax =   105.0000      # maximum value of z-mesh points
#    zdel =   1.000000      # mesh width of z-mesh points
       nz =     10          # number of z-mesh points
#    data = ( z(i), i = 1, nz + 1 )
#           9.50000E+01  9.60000E+01  9.70000E+01  9.80000E+01  9.90000E+01
#           1.00000E+02  1.01000E+02  1.02000E+02  1.03000E+02  1.04000E+02
#           1.05000E+02
   e-type =    1            # e-mesh is given by the below data
       ne =      1          # number of e-mesh points
#    data = ( e(i), i = 1, ne + 1 )
            0.00000E+00  1.00000E+03
     unit =    1            # unit is [1/cm^2/source]
 material =  all            # (D=all) number of specific material
  2D-type =    3            # 1:Cont, 2:Clust, 3:Color, 4:xyz, 5:mat, 6:Clust+Cont, 7:Col+Cont
     axis =      xz            # axis of output
     file = track_xz_A.out  # file name of output for the above axis
     part =  proton   
# kf/name :  2212     
    gshow =    1            # 0: no 1:bnd, 2:bnd+mat, 3:bnd+reg 4:bnd+lat 5:bmp style
    resol =    1            # (D=1) resolution of gshow or rshow
    width = 0.5000000       # (D=0.5) width of lines for gshow or rshow
   epsout =    1            # (D=0) generate eps file by ANGEL
#    used :        main (  %)        temp (  %)       total (  %)
#  memory :          30 (  0)           0 (  0)          30 (  0)

#------------------------------------------------------------------------------
#newpage:
#   no. =  1   ie  =  1   iy  =  1   part. = proton  
#   e = (   0.0000E+00  -   1.0000E+03  )
#   y = (  -1.7000E+00  -  -1.6500E+00  )

'no. =  1,  ie =  1,  iy =  1'
msuc: {\huge [t-track] in xyz mesh}
msdr: {\it plotted by \ANGEL \version}
msdl: {\it calculated by \PHITS  3.35}

x: z [cm]
y: x [cm]
set: c1[ 0.800] c2[ 1.006] c5[ 0.800] c6[ 0.925] c7[ 0.000] c8[ 0.100]
p: h2fs form[c1] xfac[c2] afac[c5] scal[c6] xorg[c7] yorg[c8] nosp
p: xmin(  95.00000    ) xmax(  105.0000    )
p: ymin( -4.000000    ) ymax(  4.000000    )
#  nx =  10   nz =  10
# ( ( data(z,x), z = 1, nz ), x = nx, 1, -1 )

#------------------------------------------------------------------------------
# gshow
#------------------------------------------------------------------------------

p: legs[c5*0.875]

h: x ny1,0  y2=[y1](Air),ic[cyan]
 -1.000000E+00 -1.000000E+00

hb:   line clip z   cb(cyan)
frame:
  9.5000011E+01 -3.9999829E+00
  1.0500001E+02 -3.9999829E+00
  1.0500001E+02  4.0000171E+00
  9.5000011E+01  4.0000171E+00
clip:
  9.40909214E+01 -4.72725396E+00
  1.05909103E+02 -4.72725396E+00
  1.05909103E+02 -3.78179942E+00
  1.05909103E+02 -2.83634487E+00
  1.05909103E+02 -1.89089033E+00
  1.05909103E+02 -9.45435780E-01
  1.05909103E+02  1.87654312E-05
  1.05909103E+02  9.45473311E-01
  1.05909103E+02  1.89092786E+00
  1.05909103E+02  2.83638240E+00
  1.05909103E+02  3.78183695E+00
  1.05909103E+02  4.72729149E+00
  1.04727285E+02  4.72729149E+00
  1.03545467E+02  4.72729149E+00
  1.02363649E+02  4.72729149E+00
  1.01181831E+02  4.72729149E+00
  1.00000012E+02  4.72729149E+00
  9.88181942E+01  4.72729149E+00
  9.76363760E+01  4.72729149E+00
  9.64545578E+01  4.72729149E+00
  9.52727396E+01  4.72729149E+00
  9.40909214E+01  4.72729149E+00
  9.40909214E+01  3.78183695E+00
  9.40909214E+01  2.83638240E+00
  9.40909214E+01  1.89092786E+00
  9.40909214E+01  9.45473311E-01
  9.40909214E+01  1.87654312E-05
  9.40909214E+01 -9.45435780E-01
  9.40909214E+01 -1.89089033E+00
  9.40909214E+01 -2.83634487E+00
  9.40909214E+01 -3.78179942E+00
  9.40909214E+01 -4.72725396E+00

h: x ny1,0  y2=[y1](acrilico),ic[white]
 -1.000000E+00 -1.000000E+00

hb:   line clip z   cb(white)
clip:
  9.60800000E+01 -2.19053657E+00
  9.64545578E+01 -2.62100000E+00
  9.73671949E+01 -2.62100000E+00
  1.00912649E+02 -2.62100000E+00
  1.01000000E+02 -1.89089033E+00
  1.01000000E+02 -1.09090020E+00
  1.01000000E+02 -9.45435780E-01
  1.01000000E+02 -1.45445657E-01
  1.01000000E+02  1.87654312E-05
  1.01000000E+02  8.00008889E-01
  1.01000000E+02  9.45473311E-01
  1.01000000E+02  1.74546343E+00
  1.01000000E+02  1.89092786E+00
  1.00897603E+02  2.60900000E+00
  1.00000012E+02  2.60900000E+00
  9.91024222E+01  2.60900000E+00
  9.88181942E+01  2.60900000E+00
  9.79206040E+01  2.60900000E+00
  9.76363760E+01  2.60900000E+00
  9.67387858E+01  2.60900000E+00
  9.64545578E+01  2.60900000E+00
  9.60800000E+01  2.19057410E+00
  9.60800000E+01  1.89092786E+00
  9.64545578E+01  1.48600000E+00
  9.69607176E+01  1.48600000E+00
  9.76363760E+01  1.48600000E+00
  9.81425358E+01  1.48600000E+00
  9.88181942E+01  1.48600000E+00
  9.90100000E+01  9.45473311E-01
  9.91469399E+01  2.63015351E-01
  9.90100000E+01 -7.91991111E-01
  9.88181942E+01 -1.48600000E+00
  9.83120813E+01 -1.48600000E+00
  9.76363760E+01 -1.48600000E+00
  9.71302631E+01 -1.48600000E+00
  9.64545578E+01 -1.48600000E+00
  9.60800000E+01 -1.89089033E+00

h: x ny1,0  y2=[y1](3D printer - PLA),ic[orange]
 -1.000000E+00 -1.000000E+00

hb:   line clip z   cb(orange)
clip:
  9.60800000E+01 -1.24508202E+00
  9.64545578E+01 -1.48600000E+00
  9.71302631E+01 -1.48600000E+00
  9.76363760E+01 -1.48600000E+00
  9.83120813E+01 -1.48600000E+00
  9.83800000E+01 -9.45435780E-01
  9.83800000E+01 -3.50536566E-01
  9.83800000E+01  1.87654312E-05
  9.83800000E+01  5.94917980E-01
  9.83800000E+01  9.45473311E-01
  9.83120343E+01  1.48600000E+00
  9.76363760E+01  1.48600000E+00
  9.69607176E+01  1.48600000E+00
  9.64545578E+01  1.48600000E+00
  9.60800000E+01  1.24511955E+00
  9.60800000E+01  9.45473311E-01
  9.60800000E+01  6.45827071E-01
  9.60800000E+01  1.87654312E-05
  9.60800000E+01 -2.99627475E-01
  9.60800000E+01 -9.45435780E-01

hb:   line clip z   cb(cyan)
clip:
  9.83800000E+01 -1.29599111E+00
  9.88181942E+01 -1.48600000E+00
  9.90100000E+01 -1.09888045E+00
  9.90100000E+01 -9.45435780E-01
  9.90100000E+01 -7.91991111E-01
  9.88181942E+01 -4.80636804E-01
  9.83800000E+01 -5.94880449E-01
  9.83800000E+01 -9.45435780E-01

h: x ny1,0  y2=[y1](skin),ic[brown]
 -1.000000E+00 -1.000000E+00

hb:   line clip z   cb(brown)
clip:
  9.84004129E+01 -3.34206284E-01
  9.88181942E+01 -4.80636804E-01
  9.91521571E+01 -2.67151621E-01
  9.92294730E+01  1.87654312E-05
  9.91469399E+01  2.63015351E-01
  9.88181942E+01  4.68636804E-01
  9.84069395E+01  3.29022470E-01
  9.82705270E+01  1.87654312E-05

hb:   line clip z   cb(cyan)
clip:
  9.83800000E+01  5.94917980E-01
  9.88181942E+01  4.68636804E-01
  9.90100000E+01  7.92028642E-01
  9.90100000E+01  9.45473311E-01
  9.90100000E+01  1.09891798E+00
  9.88181942E+01  1.48600000E+00
  9.83800000E+01  1.29602864E+00
  9.83800000E+01  9.45473311E-01

wt: s[c5]
\vspace{-3}
  emin  &=&   0.0000E+00 [MeV]
  emax  &=&   1.0000E+03 [MeV]
  ymin  &=&  -1.7000E+00 [cm]
  ymax  &=&  -1.6500E+00 [cm]
  part. &=& proton  
e:
 
# Information for Restart Calculation
# This calculation was newly started
# istdev =  2 # 1:Batch variance, 2:History variance
# resc2  = 0.00000000000000000E+00 # Total source weight or Total source weight / maxcas
# resc3  = 0.00000000000000000E+00 # Total history number or Total batch number
# maxcas =       25000 # History / Batch, only used for istdev=1
# bitrseed = 0000000000000000000000000000000000000000000000000000000000000000 # bit data of rseed
