[ T-Track ]
    title = [t-track] in xyz mesh
     mesh =  xyz            # mesh type is xyz scoring mesh
   x-type =    2            # x-mesh is linear given by xmin, xmax and nx
     xmin =  -4.000000      # minimum value of x-mesh points
     xmax =   4.000000      # maximum value of x-mesh points
#    xdel =  0.8000000      # mesh width of x-mesh points
       nx =     10          # number of x-mesh points
#    data = ( x(i), i = 1, nx + 1 )
#          -4.00000E+00 -3.20000E+00 -2.40000E+00 -1.60000E+00 -8.00000E-01
#           0.00000E+00  8.00000E-01  1.60000E+00  2.40000E+00  3.20000E+00
#           4.00000E+00
   y-type =    1            # y-mesh is given by the below data
       ny =      1          # number of y-mesh points
#    data = ( y(i), i = 1, ny + 1 )
            0.00000E+00  1.00000E-01
   z-type =    2            # z-mesh is linear given by zmin, zmax and nz
     zmin =   95.00000      # minimum value of z-mesh points
     zmax =   105.0000      # maximum value of z-mesh points
#    zdel =   1.000000      # mesh width of z-mesh points
       nz =     10          # number of z-mesh points
#    data = ( z(i), i = 1, nz + 1 )
#           9.50000E+01  9.60000E+01  9.70000E+01  9.80000E+01  9.90000E+01
#           1.00000E+02  1.01000E+02  1.02000E+02  1.03000E+02  1.04000E+02
#           1.05000E+02
   e-type =    1            # e-mesh is given by the below data
       ne =      1          # number of e-mesh points
#    data = ( e(i), i = 1, ne + 1 )
            0.00000E+00  1.00000E+03
     unit =    1            # unit is [1/cm^2/source]
 material =  all            # (D=all) number of specific material
  2D-type =    3            # 1:Cont, 2:Clust, 3:Color, 4:xyz, 5:mat, 6:Clust+Cont, 7:Col+Cont
     axis =      xz            # axis of output
     file = track_xz_A.out  # file name of output for the above axis
     part =  proton   
# kf/name :  2212     
    gshow =    1            # 0: no 1:bnd, 2:bnd+mat, 3:bnd+reg 4:bnd+lat 5:bmp style
    resol =    1            # (D=1) resolution of gshow or rshow
    width = 0.5000000       # (D=0.5) width of lines for gshow or rshow
   epsout =    1            # (D=0) generate eps file by ANGEL
#    used :        main (  %)        temp (  %)       total (  %)
#  memory :          30 (  0)           0 (  0)          30 (  0)

#------------------------------------------------------------------------------
#newpage:
#   no. =  1   ie  =  1   iy  =  1   part. = proton  
#   e = (   0.0000E+00  -   1.0000E+03  )
#   y = (   0.0000E+00  -   1.0000E-01  )

'no. =  1,  ie =  1,  iy =  1'
msuc: {\huge [t-track] in xyz mesh}
msdr: {\it plotted by \ANGEL \version}
msdl: {\it calculated by \PHITS  3.35}

x: z [cm]
y: x [cm]
set: c1[ 0.800] c2[ 1.006] c5[ 0.800] c6[ 0.925] c7[ 0.000] c8[ 0.100]
p: h2fs form[c1] xfac[c2] afac[c5] scal[c6] xorg[c7] yorg[c8] nosp
set: c3[1.0e-4] c4[1.0]
p: cmin[c3] cmax[c4]
p: dmin(1e-31)
p: zlog
p: xmin(  95.00000    ) xmax(  105.0000    )
p: ymin( -4.000000    ) ymax(  4.000000    )
#  nx =  10   nz =  10
# ( ( data(z,x), z = 1, nz ), x = nx, 1, -1 )

hc:  y =   3.600000     to  -3.600000     by  0.8000000     ; x =   95.50000     to   104.5000     by   1.000000     ;
  0.000E+00  0.000E+00  0.000E+00  0.000E+00  0.000E+00  0.000E+00  1.000E+00  1.000E+00  1.000E+00  1.000E+00
  0.000E+00  0.000E+00  0.000E+00  0.000E+00  0.000E+00  0.000E+00  0.000E+00  0.000E+00  0.000E+00  0.000E+00
  0.000E+00  0.000E+00  0.000E+00  0.000E+00  0.000E+00  0.000E+00  0.000E+00  0.000E+00  0.000E+00  0.000E+00
  0.000E+00  0.000E+00  1.000E+00  1.000E+00  0.000E+00  0.000E+00  0.000E+00  0.000E+00  0.000E+00  0.000E+00
  0.000E+00  0.000E+00  0.000E+00  0.000E+00  0.000E+00  0.000E+00  0.000E+00  0.000E+00  0.000E+00  0.000E+00
  0.000E+00  0.000E+00  0.000E+00  0.000E+00  0.000E+00  0.000E+00  0.000E+00  0.000E+00  0.000E+00  0.000E+00
  0.000E+00  0.000E+00  0.000E+00  0.000E+00  0.000E+00  0.000E+00  0.000E+00  0.000E+00  0.000E+00  0.000E+00
  0.000E+00  0.000E+00  0.000E+00  0.000E+00  0.000E+00  0.000E+00  0.000E+00  0.000E+00  0.000E+00  0.000E+00
  1.000E+00  1.000E+00  1.000E+00  1.000E+00  1.000E+00  1.000E+00  0.000E+00  0.000E+00  0.000E+00  0.000E+00
  0.000E+00  7.076E-01  7.071E-01  7.071E-01  7.071E-01  7.071E-01  7.071E-01  7.178E-01  0.000E+00  0.000E+00

#------------------------------------------------------------------------------
# gshow
#------------------------------------------------------------------------------

p: legs[c5*0.875]

hb:   line clip z  
frame:
  9.5000011E+01 -3.9999829E+00
  1.0500001E+02 -3.9999829E+00
  1.0500001E+02  4.0000171E+00
  9.5000011E+01  4.0000171E+00
clip:
  9.40909214E+01 -4.72725396E+00
  1.05909103E+02 -4.72725396E+00
  1.05909103E+02 -3.78179942E+00
  1.05909103E+02 -2.83634487E+00
  1.05909103E+02 -1.89089033E+00
  1.05909103E+02 -9.45435780E-01
  1.05909103E+02  1.87654312E-05
  1.05909103E+02  9.45473311E-01
  1.05909103E+02  1.89092786E+00
  1.05909103E+02  2.83638240E+00
  1.05909103E+02  3.78183695E+00
  1.05909103E+02  4.72729149E+00
  1.04727285E+02  4.72729149E+00
  1.03545467E+02  4.72729149E+00
  1.02363649E+02  4.72729149E+00
  1.01181831E+02  4.72729149E+00
  1.00000012E+02  4.72729149E+00
  9.88181942E+01  4.72729149E+00
  9.76363760E+01  4.72729149E+00
  9.64545578E+01  4.72729149E+00
  9.52727396E+01  4.72729149E+00
  9.40909214E+01  4.72729149E+00
  9.40909214E+01  3.78183695E+00
  9.40909214E+01  2.83638240E+00
  9.40909214E+01  1.89092786E+00
  9.40909214E+01  9.45473311E-01
  9.40909214E+01  1.87654312E-05
  9.40909214E+01 -9.45435780E-01
  9.40909214E+01 -1.89089033E+00
  9.40909214E+01 -2.83634487E+00
  9.40909214E+01 -3.78179942E+00
  9.40909214E+01 -4.72725396E+00

hb:   line clip z  
clip:
  9.85800000E+01 -1.13599111E+00
  9.88181942E+01 -1.48600000E+00
  9.90100000E+01 -1.09888045E+00
  9.90100000E+01 -9.45435780E-01
  9.90100000E+01 -7.91991111E-01
  9.90100000E+01  1.87654312E-05
  9.90100000E+01  1.53463434E-01
  9.90100000E+01  9.45473311E-01
  9.90100000E+01  1.09891798E+00
  9.88181942E+01  1.48600000E+00
  9.85800000E+01  1.13602864E+00
  9.85800000E+01 -9.45435780E-01

#------------------------------------------------------------------------------
z: xorg(1.03)
p: xfac[c2*0.05] form[c1/0.05] notc noxt noyt dmin(1)
p: ymin(0) ymax(1) xmin(0) xmax(1) cmin(1) cmax(100) nosp
hc: y= 0.005 to 0.995 by 0.01 ; x= 0.5 to 0.5 by 1 ;
 1  2  3  4  5  6  7  8  9 10 11 12 13 14 15 16 17 18 19 20
21 22 23 24 25 26 27 28 29 30 31 32 33 34 35 36 37 38 39 40
41 42 43 44 45 46 47 48 49 50 51 52 53 54 55 56 57 58 59 60
61 62 63 64 65 66 67 68 69 70 71 72 73 74 75 76 77 78 79 80
81 82 83 84 85 86 87 88 89 90 91 92 93 94 95 96 97 98 99 100
z: xorg(0.0)
p: xfac[c2*0.05] form[c1/0.05] nosp afac[c5*0.625] ymin[c3] ymax[c4]
p: noxt noxn ytxt(-1) ynum(-1) xltd(-1) xstd(-1) itic(1) ylog
y: Relative Error
#------------------------------------------------------------------------------

wt: s[c5]
\vspace{-3}
  emin  &=&   0.0000E+00 [MeV]
  emax  &=&   1.0000E+03 [MeV]
  ymin  &=&   0.0000E+00 [cm]
  ymax  &=&   1.0000E-01 [cm]
  part. &=& proton  
e:

#------------------------------------------------------------------------------
z: xorg[-1.03/0.05]
p: form[c1] xfac[c2] afac[c5] nosp notf
p: xmin(  95.00000    ) xmax(  105.0000    )
p: ymin( -4.000000    ) ymax(  4.000000    )
 
# Information for Restart Calculation
# This calculation was newly started
# istdev =  2 # 1:Batch variance, 2:History variance
# resc2  = 4.00544249999867124E-06 # Total source weight or Total source weight / maxcas
# resc3  = 2.50000000000000000E+04 # Total history number or Total batch number
# maxcas =       25000 # History / Batch, only used for istdev=1
# bitrseed = 0010111011011010101101101101010110110000111001100110110010111011 # bit data of rseed
