[ T-Track ]
    title = [t-track] in xyz mesh
     mesh =  xyz            # mesh type is xyz scoring mesh
   x-type =    2            # x-mesh is linear given by xmin, xmax and nx
     xmin =  -4.000000      # minimum value of x-mesh points
     xmax =   4.000000      # maximum value of x-mesh points
#    xdel =  0.3200000      # mesh width of x-mesh points
       nx =     25          # number of x-mesh points
#    data = ( x(i), i = 1, nx + 1 )
#          -4.00000E+00 -3.68000E+00 -3.36000E+00 -3.04000E+00 -2.72000E+00
#          -2.40000E+00 -2.08000E+00 -1.76000E+00 -1.44000E+00 -1.12000E+00
#          -8.00000E-01 -4.80000E-01 -1.60000E-01  1.60000E-01  4.80000E-01
#           8.00000E-01  1.12000E+00  1.44000E+00  1.76000E+00  2.08000E+00
#           2.40000E+00  2.72000E+00  3.04000E+00  3.36000E+00  3.68000E+00
#           4.00000E+00
   y-type =    2            # y-mesh is linear given by ymin, ymax and ny
     ymin =  -6.000000      # minimum value of y-mesh points
     ymax =   5.000000      # maximum value of y-mesh points
#    ydel =  0.1833333      # mesh width of y-mesh points
       ny =     60          # number of y-mesh points
#    data = ( y(i), i = 1, ny + 1 )
#          -6.00000E+00 -5.81667E+00 -5.63333E+00 -5.45000E+00 -5.26667E+00
#          -5.08333E+00 -4.90000E+00 -4.71667E+00 -4.53333E+00 -4.35000E+00
#          -4.16667E+00 -3.98333E+00 -3.80000E+00 -3.61667E+00 -3.43333E+00
#          -3.25000E+00 -3.06667E+00 -2.88333E+00 -2.70000E+00 -2.51667E+00
#          -2.33333E+00 -2.15000E+00 -1.96667E+00 -1.78333E+00 -1.60000E+00
#          -1.41667E+00 -1.23333E+00 -1.05000E+00 -8.66667E-01 -6.83333E-01
#          -5.00000E-01 -3.16667E-01 -1.33333E-01  5.00000E-02  2.33333E-01
#           4.16667E-01  6.00000E-01  7.83333E-01  9.66667E-01  1.15000E+00
#           1.33333E+00  1.51667E+00  1.70000E+00  1.88333E+00  2.06667E+00
#           2.25000E+00  2.43333E+00  2.61667E+00  2.80000E+00  2.98333E+00
#           3.16667E+00  3.35000E+00  3.53333E+00  3.71667E+00  3.90000E+00
#           4.08333E+00  4.26667E+00  4.45000E+00  4.63333E+00  4.81667E+00
#           5.00000E+00
   z-type =    1            # z-mesh is given by the below data
       nz =      1          # number of z-mesh points
#    data = ( z(i), i = 1, nz + 1 )
            9.84700E+01  9.84900E+01
   e-type =    1            # e-mesh is given by the below data
       ne =      1          # number of e-mesh points
#    data = ( e(i), i = 1, ne + 1 )
            0.00000E+00  1.00000E+03
     unit =    1            # unit is [1/cm^2/source]
 material =  all            # (D=all) number of specific material
  2D-type =    3            # 1:Cont, 2:Clust, 3:Color, 4:xyz, 5:mat, 6:Clust+Cont, 7:Col+Cont
     axis =      xy            # axis of output
     file = track_xy_A.out  # file name of output for the above axis
     part =  proton   
# kf/name :  2212     
    gshow =    1            # 0: no 1:bnd, 2:bnd+mat, 3:bnd+reg 4:bnd+lat 5:bmp style
    resol =    1            # (D=1) resolution of gshow or rshow
    width = 0.5000000       # (D=0.5) width of lines for gshow or rshow
   epsout =    1            # (D=0) generate eps file by ANGEL
#    used :        main (  %)        temp (  %)       total (  %)
#  memory :          95 (  0)           0 (  0)          95 (  0)

#------------------------------------------------------------------------------
#newpage:
#   no. =  1   ie  =  1   iz  =  1   part. = proton  
#   e = (   0.0000E+00  -   1.0000E+03  )
#   z = (   9.8470E+01  -   9.8490E+01  )

'no. =  1,  ie =  1,  iz =  1'
msuc: {\huge [t-track] in xyz mesh}
msdr: {\it plotted by \ANGEL \version}
msdl: {\it calculated by \PHITS  3.35}

x: x [cm]
y: y [cm]
set: c1[ 1.375] c2[ 0.768] c5[ 0.800] c6[ 0.878] c7[ 0.250] c8[ 0.000]
p: h2fs form[c1] xfac[c2] afac[c5] scal[c6] xorg[c7] yorg[c8] nosp
set: c3[1.0e-4] c4[1.0]
p: cmin[c3] cmax[c4]
p: dmin(1e-31)
p: zlog
p: xmin( -4.000000    ) xmax(  4.000000    )
p: ymin( -6.000000    ) ymax(  5.000000    )
#  ny =  60   nx =  25
# ( ( data(x,y), x = 1, nx ), y = ny, 1, -1 )

hc:  y =   4.908333     to  -5.908333     by  0.1833333     ; x =  -3.840000     to   3.840000     by  0.3200000     ;
  2.734E-01  2.887E-01  2.357E-01  2.425E-01  1.842E-01  1.962E-01  1.644E-01  2.236E-01  1.857E-01  1.741E-01
  2.000E-01  2.201E-01  2.132E-01  1.857E-01  1.890E-01  2.048E-01  2.000E-01  1.924E-01  2.186E-01  2.132E-01
  1.928E-01  2.182E-01  2.357E-01  3.015E-01  2.357E-01  2.503E-01  3.162E-01  2.236E-01  1.924E-01  2.186E-01
  2.182E-01  1.826E-01  1.796E-01  2.085E-01  1.752E-01  1.833E-01  2.000E-01  2.236E-01  1.768E-01  1.826E-01
  1.890E-01  1.895E-01  1.778E-01  2.085E-01  2.236E-01  2.388E-01  2.041E-01  2.294E-01  2.000E-01  2.294E-01
  2.182E-01  2.085E-01  2.294E-01  2.357E-01  2.041E-01  1.783E-01  1.717E-01  2.041E-01  1.796E-01  1.652E-01
  1.715E-01  2.357E-01  1.821E-01  2.132E-01  1.601E-01  1.715E-01  1.890E-01  1.736E-01  1.623E-01  2.073E-01
  2.236E-01  1.924E-01  2.085E-01  2.500E-01  2.582E-01  2.182E-01  2.357E-01  2.023E-01  2.085E-01  2.182E-01
  1.890E-01  2.041E-01  1.984E-01  1.741E-01  1.890E-01  1.644E-01  1.741E-01  1.729E-01  1.690E-01  1.715E-01
  1.525E-01  1.667E-01  1.622E-01  1.576E-01  1.715E-01  1.805E-01  2.132E-01  2.500E-01  2.357E-01  2.357E-01
  2.425E-01  1.857E-01  2.060E-01  1.924E-01  1.913E-01  1.858E-01  1.826E-01  1.558E-01  1.581E-01  1.581E-01
  1.581E-01  1.603E-01  1.502E-01  1.430E-01  1.374E-01  1.491E-01  1.491E-01  1.459E-01  1.715E-01  1.741E-01
  1.801E-01  2.357E-01  2.271E-01  2.182E-01  2.357E-01  2.294E-01  2.132E-01  2.092E-01  1.837E-01  1.924E-01
  1.956E-01  1.715E-01  1.566E-01  1.796E-01  1.387E-01  1.609E-01  1.656E-01  1.543E-01  1.430E-01  1.415E-01
  1.650E-01  1.741E-01  1.562E-01  1.644E-01  1.491E-01  1.637E-01  1.768E-01  1.859E-01  2.236E-01  2.236E-01
  2.085E-01  1.977E-01  1.857E-01  1.768E-01  1.826E-01  1.644E-01  1.741E-01  1.544E-01  1.857E-01  1.768E-01
  1.584E-01  1.361E-01  1.602E-01  1.359E-01  1.400E-01  1.695E-01  1.429E-01  1.459E-01  1.715E-01  1.796E-01
  1.796E-01  1.826E-01  2.045E-01  2.085E-01  1.961E-01  2.236E-01  1.693E-01  1.857E-01  1.644E-01  1.741E-01
  1.768E-01  1.667E-01  1.667E-01  1.414E-01  1.576E-01  1.617E-01  1.419E-01  1.608E-01  1.417E-01  1.491E-01
  1.400E-01  1.525E-01  1.525E-01  1.459E-01  1.581E-01  1.715E-01  1.857E-01  1.670E-01  1.840E-01  2.085E-01
  1.796E-01  1.768E-01  1.924E-01  1.792E-01  1.429E-01  1.430E-01  1.622E-01  1.495E-01  1.437E-01  1.475E-01
  1.416E-01  1.417E-01  1.415E-01  1.549E-01  1.562E-01  1.291E-01  1.525E-01  1.482E-01  1.622E-01  1.621E-01
  1.768E-01  1.768E-01  1.859E-01  1.615E-01  1.859E-01  1.800E-01  1.837E-01  1.768E-01  1.581E-01  1.690E-01
  1.421E-01  1.361E-01  1.390E-01  1.543E-01  1.421E-01  1.421E-01  1.491E-01  1.692E-01  1.470E-01  1.543E-01
  1.622E-01  1.715E-01  1.460E-01  1.388E-01  1.591E-01  1.644E-01  2.000E-01  1.868E-01  1.717E-01  2.002E-01
  2.164E-01  1.890E-01  1.672E-01  1.629E-01  1.601E-01  1.543E-01  1.525E-01  1.374E-01  1.477E-01  1.375E-01
  1.374E-01  1.325E-01  1.394E-01  1.443E-01  1.429E-01  1.459E-01  1.562E-01  1.741E-01  1.491E-01  1.491E-01
  1.768E-01  1.459E-01  1.715E-01  2.389E-01  1.857E-01  1.658E-01  1.742E-01  1.414E-01  1.704E-01  1.408E-01
  1.604E-01  1.359E-01  1.398E-01  1.601E-01  1.260E-01  1.443E-01  1.562E-01  1.313E-01  1.429E-01  1.543E-01
  1.321E-01  1.457E-01  1.597E-01  1.543E-01  1.650E-01  1.508E-01  1.667E-01  1.402E-01  1.852E-01  1.690E-01
  1.796E-01  1.593E-01  1.330E-01  1.584E-01  1.361E-01  1.443E-01  1.511E-01  1.460E-01  1.790E-01  1.562E-01
  1.570E-01  1.449E-01  1.636E-01  1.570E-01  1.313E-01  1.480E-01  1.519E-01  1.741E-01  1.508E-01  1.586E-01
  1.525E-01  1.562E-01  1.654E-01  1.639E-01  1.644E-01  1.690E-01  1.690E-01  1.644E-01  1.609E-01  1.525E-01
  1.375E-01  1.429E-01  1.525E-01  1.704E-01  1.374E-01  1.298E-01  1.337E-01  1.362E-01  1.905E-01  1.715E-01
  1.433E-01  1.477E-01  1.396E-01  1.387E-01  1.374E-01  1.474E-01  1.581E-01  1.508E-01  1.532E-01  2.091E-01
  1.890E-01  1.545E-01  1.588E-01  1.688E-01  1.481E-01  1.356E-01  1.644E-01  1.389E-01  1.493E-01  1.753E-01
  1.539E-01  1.424E-01  1.610E-01  1.599E-01  1.657E-01  1.619E-01  1.535E-01  1.686E-01  1.374E-01  1.435E-01
  1.474E-01  1.491E-01  1.622E-01  1.622E-01  1.622E-01  1.690E-01  1.690E-01  1.459E-01  1.459E-01  1.581E-01
  1.302E-01  1.374E-01  1.400E-01  1.484E-01  1.730E-01  1.536E-01  1.500E-01  1.746E-01  1.593E-01  1.522E-01
  1.469E-01  1.317E-01  1.531E-01  1.508E-01  1.493E-01  1.440E-01  1.508E-01  1.525E-01  1.450E-01  1.800E-01
  1.581E-01  1.348E-01  1.543E-01  1.562E-01  1.508E-01  1.459E-01  1.365E-01  1.641E-01  1.585E-01  1.675E-01
  1.616E-01  1.428E-01  1.564E-01  1.453E-01  1.529E-01  1.615E-01  1.526E-01  1.478E-01  1.545E-01  1.361E-01
  1.387E-01  1.622E-01  1.667E-01  1.644E-01  1.690E-01  1.525E-01  1.491E-01  1.410E-01  1.291E-01  1.400E-01
  1.429E-01  1.316E-01  1.379E-01  1.832E-01  1.624E-01  1.608E-01  1.651E-01  1.401E-01  1.465E-01  1.529E-01
  1.667E-01  1.400E-01  1.711E-01  1.482E-01  1.348E-01  1.543E-01  1.433E-01  1.690E-01  1.738E-01  1.543E-01
  1.826E-01  1.796E-01  1.566E-01  1.273E-01  1.400E-01  1.525E-01  1.308E-01  1.471E-01  1.569E-01  1.476E-01
  1.522E-01  1.509E-01  1.423E-01  1.446E-01  1.493E-01  1.467E-01  1.546E-01  1.351E-01  1.270E-01  1.514E-01
  1.374E-01  1.377E-01  1.320E-01  1.638E-01  1.551E-01  1.690E-01  1.543E-01  1.313E-01  1.491E-01  1.313E-01
  1.348E-01  1.387E-01  1.470E-01  1.570E-01  1.510E-01  1.667E-01  1.644E-01  1.366E-01  1.748E-01  1.451E-01
  1.691E-01  1.608E-01  1.405E-01  1.270E-01  1.389E-01  1.280E-01  1.387E-01  1.443E-01  1.508E-01  1.491E-01
  1.667E-01  1.644E-01  1.543E-01  1.400E-01  1.280E-01  1.429E-01  1.325E-01  1.479E-01  1.626E-01  1.581E-01
  1.537E-01  1.459E-01  1.419E-01  1.481E-01  1.502E-01  1.540E-01  1.443E-01  1.422E-01  1.507E-01  1.459E-01
  1.387E-01  1.581E-01  1.325E-01  1.512E-01  1.649E-01  1.491E-01  1.644E-01  1.429E-01  1.361E-01  1.392E-01
  1.461E-01  1.244E-01  1.473E-01  1.625E-01  1.482E-01  1.402E-01  1.755E-01  1.695E-01  1.626E-01  1.570E-01
  1.829E-01  1.407E-01  1.435E-01  1.414E-01  1.364E-01  1.429E-01  1.402E-01  1.327E-01  1.387E-01  1.622E-01
  1.622E-01  1.474E-01  1.377E-01  1.280E-01  1.484E-01  1.444E-01  1.422E-01  1.281E-01  1.411E-01  1.402E-01
  1.646E-01  1.581E-01  1.356E-01  1.648E-01  1.603E-01  1.387E-01  1.327E-01  1.550E-01  1.348E-01  1.328E-01
  1.601E-01  1.459E-01  1.414E-01  1.429E-01  1.601E-01  1.374E-01  1.414E-01  1.432E-01  1.306E-01  1.280E-01
  1.371E-01  1.348E-01  1.394E-01  1.467E-01  1.496E-01  1.613E-01  1.606E-01  1.583E-01  1.539E-01  1.540E-01
  1.898E-01  1.511E-01  1.313E-01  1.260E-01  1.374E-01  1.581E-01  1.543E-01  1.414E-01  1.622E-01  1.508E-01
  1.491E-01  1.601E-01  1.387E-01  1.585E-01  1.474E-01  1.387E-01  1.525E-01  1.525E-01  1.501E-01  1.448E-01
  1.538E-01  1.859E-01  1.491E-01  1.537E-01  1.674E-01  1.563E-01  1.537E-01  1.644E-01  1.414E-01  1.491E-01
  1.336E-01  1.321E-01  1.374E-01  1.543E-01  1.768E-01  1.543E-01  1.348E-01  1.508E-01  1.374E-01  1.348E-01
  1.336E-01  1.374E-01  1.403E-01  1.434E-01  1.695E-01  1.511E-01  1.510E-01  1.821E-01  1.674E-01  1.831E-01
  1.715E-01  1.478E-01  1.525E-01  1.491E-01  1.336E-01  1.348E-01  1.347E-01  1.592E-01  1.742E-01  1.667E-01
  1.474E-01  1.667E-01  1.474E-01  1.443E-01  1.361E-01  1.344E-01  1.446E-01  1.451E-01  1.411E-01  1.739E-01
  1.562E-01  1.739E-01  1.584E-01  1.717E-01  1.700E-01  1.543E-01  1.362E-01  1.417E-01  1.325E-01  1.302E-01
  1.302E-01  1.429E-01  1.601E-01  1.857E-01  1.319E-01  1.741E-01  1.581E-01  1.508E-01  1.459E-01  1.325E-01
  1.508E-01  1.328E-01  1.562E-01  1.733E-01  1.718E-01  1.475E-01  1.555E-01  1.431E-01  1.658E-01  1.591E-01
  1.457E-01  1.720E-01  1.477E-01  1.414E-01  1.355E-01  1.349E-01  1.400E-01  1.325E-01  1.374E-01  1.724E-01
  1.414E-01  1.491E-01  1.443E-01  1.250E-01  1.302E-01  1.459E-01  1.291E-01  1.359E-01  1.641E-01  1.628E-01
  1.416E-01  1.667E-01  1.693E-01  1.646E-01  1.513E-01  1.594E-01  1.647E-01  1.474E-01  1.562E-01  1.359E-01
  1.225E-01  1.417E-01  1.474E-01  1.690E-01  1.366E-01  1.491E-01  1.416E-01  1.562E-01  1.371E-01  1.414E-01
  1.400E-01  1.474E-01  1.600E-01  1.509E-01  1.429E-01  1.656E-01  1.777E-01  1.491E-01  1.770E-01  1.459E-01
  1.591E-01  1.597E-01  1.435E-01  1.417E-01  1.195E-01  1.361E-01  1.581E-01  1.374E-01  1.581E-01  1.601E-01
  1.459E-01  1.379E-01  1.525E-01  1.444E-01  1.443E-01  1.336E-01  1.280E-01  1.415E-01  1.421E-01  1.484E-01
  1.450E-01  1.461E-01  1.535E-01  1.562E-01  1.770E-01  1.390E-01  1.323E-01  1.526E-01  1.491E-01  1.250E-01
  1.581E-01  1.429E-01  1.543E-01  1.443E-01  1.543E-01  1.581E-01  1.667E-01  1.260E-01  1.429E-01  1.474E-01
  1.620E-01  1.325E-01  1.391E-01  1.567E-01  1.588E-01  1.651E-01  1.447E-01  1.459E-01  1.474E-01  1.490E-01
  1.570E-01  1.612E-01  1.313E-01  1.303E-01  1.400E-01  1.387E-01  1.501E-01  1.444E-01  1.348E-01  1.480E-01
  1.443E-01  1.400E-01  1.455E-01  1.573E-01  1.424E-01  1.313E-01  1.323E-01  1.525E-01  1.610E-01  1.543E-01
  1.564E-01  1.482E-01  1.543E-01  1.623E-01  1.579E-01  1.693E-01  1.622E-01  1.443E-01  1.407E-01  1.441E-01
  1.459E-01  1.459E-01  1.543E-01  1.543E-01  1.491E-01  1.525E-01  1.601E-01  1.581E-01  1.444E-01  1.444E-01
  1.508E-01  1.326E-01  1.388E-01  1.469E-01  1.510E-01  1.648E-01  1.580E-01  1.608E-01  1.545E-01  1.429E-01
  1.613E-01  1.646E-01  1.505E-01  1.213E-01  1.199E-01  1.429E-01  1.348E-01  1.300E-01  1.622E-01  1.267E-01
  1.562E-01  1.768E-01  1.414E-01  1.348E-01  1.313E-01  1.336E-01  1.366E-01  1.579E-01  1.734E-01  1.493E-01
  1.584E-01  1.492E-01  1.626E-01  1.698E-01  1.603E-01  1.806E-01  1.519E-01  1.479E-01  1.374E-01  1.474E-01
  1.351E-01  1.361E-01  1.644E-01  1.690E-01  1.601E-01  1.508E-01  1.525E-01  1.414E-01  1.313E-01  2.294E-01
  2.582E-01  2.499E-01  3.162E-01  2.773E-01  2.778E-01  2.675E-01  3.162E-01  2.704E-01  2.879E-01  3.015E-01
  3.078E-01  3.162E-01  2.897E-01  2.774E-01  2.182E-01  2.500E-01  1.525E-01  1.491E-01  1.525E-01  1.768E-01
  1.566E-01  1.491E-01  1.525E-01  1.474E-01  1.000E+00  0.000E+00  0.000E+00  0.000E+00  0.000E+00  0.000E+00
  0.000E+00  0.000E+00  0.000E+00  0.000E+00  0.000E+00  0.000E+00  0.000E+00  0.000E+00  0.000E+00  0.000E+00
  5.000E-01  1.581E-01  1.601E-01  1.843E-01  1.714E-01  1.601E-01  1.601E-01  1.508E-01  1.459E-01  4.472E-01
  0.000E+00  0.000E+00  0.000E+00  0.000E+00  0.000E+00  0.000E+00  0.000E+00  0.000E+00  0.000E+00  0.000E+00
  0.000E+00  0.000E+00  0.000E+00  0.000E+00  0.000E+00  4.472E-01  1.508E-01  1.374E-01  1.474E-01  1.581E-01
  1.796E-01  1.741E-01  1.491E-01  1.690E-01  5.774E-01  0.000E+00  0.000E+00  0.000E+00  0.000E+00  0.000E+00
  0.000E+00  0.000E+00  0.000E+00  0.000E+00  0.000E+00  0.000E+00  0.000E+00  0.000E+00  0.000E+00  0.000E+00
  4.082E-01  1.667E-01  1.534E-01  1.601E-01  1.826E-01  1.961E-01  1.581E-01  1.525E-01  1.622E-01  0.000E+00
  0.000E+00  0.000E+00  0.000E+00  0.000E+00  0.000E+00  0.000E+00  0.000E+00  0.000E+00  0.000E+00  0.000E+00
  0.000E+00  0.000E+00  0.000E+00  0.000E+00  0.000E+00  0.000E+00  1.508E-01  1.668E-01  1.429E-01  1.741E-01
  1.460E-01  1.644E-01  1.581E-01  1.474E-01  1.000E+00  0.000E+00  0.000E+00  0.000E+00  0.000E+00  0.000E+00
  0.000E+00  0.000E+00  0.000E+00  0.000E+00  0.000E+00  0.000E+00  0.000E+00  0.000E+00  0.000E+00  0.000E+00
  1.000E+00  1.858E-01  1.776E-01  1.857E-01  1.667E-01  1.983E-01  1.857E-01  1.581E-01  1.562E-01  5.000E-01
  0.000E+00  0.000E+00  0.000E+00  0.000E+00  0.000E+00  0.000E+00  0.000E+00  0.000E+00  0.000E+00  0.000E+00
  0.000E+00  0.000E+00  0.000E+00  0.000E+00  0.000E+00  1.000E+00  1.690E-01  1.543E-01  1.703E-01  1.765E-01
  2.170E-01  1.690E-01  1.741E-01  1.667E-01  7.071E-01  0.000E+00  0.000E+00  0.000E+00  0.000E+00  0.000E+00
  0.000E+00  0.000E+00  0.000E+00  0.000E+00  0.000E+00  0.000E+00  0.000E+00  0.000E+00  0.000E+00  0.000E+00
  1.000E+00  1.924E-01  1.581E-01  1.624E-01  1.741E-01  1.797E-01  1.690E-01  1.667E-01  1.741E-01  7.071E-01
  0.000E+00  0.000E+00  0.000E+00  0.000E+00  0.000E+00  0.000E+00  0.000E+00  0.000E+00  0.000E+00  0.000E+00
  0.000E+00  0.000E+00  0.000E+00  0.000E+00  0.000E+00  3.780E-01  1.961E-01  1.562E-01  1.474E-01  1.924E-01
  1.741E-01  1.622E-01  1.667E-01  1.890E-01  4.472E-01  0.000E+00  0.000E+00  0.000E+00  0.000E+00  0.000E+00
  0.000E+00  0.000E+00  0.000E+00  0.000E+00  0.000E+00  0.000E+00  0.000E+00  0.000E+00  0.000E+00  0.000E+00
  7.071E-01  1.581E-01  1.459E-01  1.796E-01  1.715E-01  2.224E-01  1.667E-01  1.690E-01  1.690E-01  1.000E+00
  0.000E+00  0.000E+00  0.000E+00  0.000E+00  0.000E+00  0.000E+00  0.000E+00  0.000E+00  0.000E+00  0.000E+00
  0.000E+00  0.000E+00  0.000E+00  0.000E+00  0.000E+00  1.000E+00  1.796E-01  1.622E-01  1.796E-01  1.644E-01
  2.357E-01  2.183E-01  1.814E-01  1.543E-01  1.000E+00  0.000E+00  0.000E+00  0.000E+00  0.000E+00  0.000E+00
  0.000E+00  0.000E+00  0.000E+00  0.000E+00  0.000E+00  0.000E+00  0.000E+00  0.000E+00  0.000E+00  0.000E+00
  7.071E-01  1.973E-01  1.667E-01  1.857E-01  2.043E-01  2.041E-01  2.004E-01  1.857E-01  1.768E-01  7.071E-01
  0.000E+00  0.000E+00  0.000E+00  0.000E+00  0.000E+00  0.000E+00  0.000E+00  0.000E+00  0.000E+00  0.000E+00
  0.000E+00  0.000E+00  0.000E+00  0.000E+00  0.000E+00  5.774E-01  2.192E-01  1.890E-01  1.826E-01  2.085E-01
  2.155E-01  2.019E-01  2.425E-01  1.890E-01  1.000E+00  0.000E+00  0.000E+00  0.000E+00  0.000E+00  0.000E+00
  0.000E+00  0.000E+00  0.000E+00  0.000E+00  0.000E+00  0.000E+00  0.000E+00  0.000E+00  0.000E+00  0.000E+00
  7.071E-01  2.182E-01  2.163E-01  1.961E-01  1.961E-01  2.283E-01  1.962E-01  1.857E-01  1.750E-01  7.071E-01
  0.000E+00  0.000E+00  0.000E+00  0.000E+00  0.000E+00  0.000E+00  0.000E+00  0.000E+00  0.000E+00  0.000E+00
  0.000E+00  0.000E+00  0.000E+00  0.000E+00  0.000E+00  0.000E+00  2.085E-01  2.087E-01  1.741E-01  2.132E-01
  2.500E-01  1.905E-01  1.961E-01  2.048E-01  1.000E+00  0.000E+00  0.000E+00  0.000E+00  0.000E+00  0.000E+00
  0.000E+00  0.000E+00  0.000E+00  0.000E+00  0.000E+00  0.000E+00  0.000E+00  0.000E+00  0.000E+00  0.000E+00
  1.000E+00  1.857E-01  1.962E-01  1.857E-01  2.890E-01  2.425E-01  1.892E-01  1.768E-01  1.696E-01  5.173E-01
  0.000E+00  0.000E+00  0.000E+00  0.000E+00  0.000E+00  0.000E+00  0.000E+00  0.000E+00  0.000E+00  0.000E+00
  0.000E+00  0.000E+00  0.000E+00  0.000E+00  0.000E+00  4.472E-01  2.132E-01  1.879E-01  2.236E-01  2.425E-01
  2.182E-01  2.675E-01  2.742E-01  1.924E-01  0.000E+00  0.000E+00  0.000E+00  0.000E+00  0.000E+00  0.000E+00
  0.000E+00  0.000E+00  0.000E+00  0.000E+00  0.000E+00  0.000E+00  0.000E+00  0.000E+00  0.000E+00  0.000E+00
  5.774E-01  1.857E-01  2.085E-01  2.294E-01  1.857E-01  2.673E-01  3.015E-01  2.041E-01  2.236E-01  7.071E-01
  0.000E+00  0.000E+00  0.000E+00  0.000E+00  0.000E+00  0.000E+00  0.000E+00  0.000E+00  0.000E+00  0.000E+00
  0.000E+00  0.000E+00  0.000E+00  0.000E+00  0.000E+00  0.000E+00  2.236E-01  2.357E-01  2.890E-01  2.425E-01
  2.582E-01  2.248E-01  2.132E-01  1.924E-01  7.071E-01  0.000E+00  0.000E+00  0.000E+00  0.000E+00  0.000E+00
  0.000E+00  0.000E+00  0.000E+00  0.000E+00  0.000E+00  0.000E+00  0.000E+00  0.000E+00  0.000E+00  0.000E+00
  1.000E+00  2.400E-01  2.500E-01  2.166E-01  2.582E-01  3.015E-01  3.388E-01  2.349E-01  2.673E-01  0.000E+00
  0.000E+00  0.000E+00  0.000E+00  0.000E+00  0.000E+00  0.000E+00  0.000E+00  0.000E+00  0.000E+00  0.000E+00
  0.000E+00  0.000E+00  0.000E+00  0.000E+00  0.000E+00  1.000E+00  2.297E-01  2.911E-01  2.357E-01  3.015E-01
  2.357E-01  3.780E-01  1.961E-01  2.236E-01  0.000E+00  0.000E+00  0.000E+00  0.000E+00  0.000E+00  0.000E+00
  0.000E+00  0.000E+00  0.000E+00  0.000E+00  0.000E+00  0.000E+00  0.000E+00  0.000E+00  0.000E+00  0.000E+00
  7.071E-01  2.294E-01  2.253E-01  3.162E-01  3.162E-01  3.015E-01  2.832E-01  2.500E-01  2.500E-01  1.000E+00
  0.000E+00  0.000E+00  0.000E+00  0.000E+00  0.000E+00  0.000E+00  0.000E+00  0.000E+00  0.000E+00  0.000E+00
  0.000E+00  0.000E+00  0.000E+00  0.000E+00  0.000E+00  0.000E+00  2.773E-01  2.294E-01  3.015E-01  3.780E-01
  3.163E-01  3.173E-01  3.015E-01  2.236E-01  1.000E+00  0.000E+00  0.000E+00  0.000E+00  0.000E+00  0.000E+00
  0.000E+00  0.000E+00  0.000E+00  0.000E+00  0.000E+00  0.000E+00  0.000E+00  0.000E+00  0.000E+00  0.000E+00
  7.071E-01  2.294E-01  3.333E-01  3.015E-01  3.015E-01  2.995E-01  3.162E-01  3.333E-01  2.984E-01  0.000E+00
  0.000E+00  0.000E+00  0.000E+00  0.000E+00  0.000E+00  0.000E+00  0.000E+00  0.000E+00  0.000E+00  0.000E+00
  0.000E+00  0.000E+00  0.000E+00  0.000E+00  0.000E+00  1.000E+00  2.500E-01  2.774E-01  2.774E-01  3.333E-01

#------------------------------------------------------------------------------
# gshow
#------------------------------------------------------------------------------

p: legs[c5*0.875]

hb:   line clip z  
frame:
 -3.9999905E+00 -5.9999746E+00
  4.0000095E+00 -5.9999746E+00
  4.0000095E+00  5.0000254E+00
 -3.9999905E+00  5.0000254E+00
clip:
 -4.30768243E+00 -6.18030207E+00
 -2.62100000E+00 -6.18030207E+00
 -2.62100000E+00 -6.01095427E+00
 -2.62100000E+00 -5.99095780E+00
 -2.62100000E+00 -5.82161000E+00
 -2.62100000E+00 -5.80161354E+00
 -2.62100000E+00 -5.63226574E+00
 -2.62100000E+00 -5.61226928E+00
 -2.62100000E+00 -5.44292148E+00
 -2.62100000E+00 -5.42292502E+00
 -2.62100000E+00 -5.25357722E+00
 -2.62100000E+00 -5.23358075E+00
 -2.62100000E+00 -5.06423295E+00
 -2.62100000E+00 -5.04423649E+00
 -2.62100000E+00 -4.87488869E+00
 -2.62100000E+00 -4.85489223E+00
 -2.62100000E+00 -4.68554443E+00
 -2.62100000E+00 -4.66554797E+00
 -2.62100000E+00 -4.49620017E+00
 -2.62100000E+00 -4.47620371E+00
 -2.62100000E+00 -4.30685590E+00
 -2.62100000E+00 -4.28685944E+00
 -2.62100000E+00 -4.11751164E+00
 -2.62100000E+00 -4.09751518E+00
 -2.62100000E+00 -3.92816738E+00
 -2.62100000E+00 -3.90817092E+00
 -2.62100000E+00 -3.73882312E+00
 -2.62100000E+00 -3.71882666E+00
 -2.62100000E+00 -3.54947886E+00
 -2.62100000E+00 -3.52948239E+00
 -2.62100000E+00 -3.36013459E+00
 -2.62100000E+00 -3.34013813E+00
 -2.62100000E+00 -3.17079033E+00
 -2.62100000E+00 -3.15079387E+00
 -2.62100000E+00 -2.98144607E+00
 -2.62100000E+00 -2.96144961E+00
 -2.62100000E+00 -2.79210181E+00
 -2.62100000E+00 -2.77210535E+00
 -2.62100000E+00 -2.60275754E+00
 -2.62100000E+00 -2.58276108E+00
 -2.62100000E+00 -2.41341328E+00
 -2.62100000E+00 -2.39341682E+00
 -2.62100000E+00 -2.22406902E+00
 -2.62100000E+00 -2.20407256E+00
 -2.62100000E+00 -2.03472476E+00
 -2.62100000E+00 -2.01472830E+00
 -2.62100000E+00 -1.84538049E+00
 -2.62100000E+00 -1.82538403E+00
 -2.62100000E+00 -1.65603623E+00
 -2.58460551E+00 -1.46850000E+00
 -2.54492032E+00 -1.46850000E+00
 -2.23999012E+00 -1.46850000E+00
 -2.20030493E+00 -1.46850000E+00
 -1.89537474E+00 -1.46850000E+00
 -1.58600000E+00 -1.44669551E+00
 -1.58600000E+00 -1.27671374E+00
 -1.58600000E+00  2.71887826E+00
 -1.55075935E+00  2.81850000E+00
 -1.38746018E+00  2.81850000E+00
 -1.20614397E+00  2.81850000E+00
 -1.04284479E+00  2.81850000E+00
 -8.61528585E-01  2.81850000E+00
 -6.98229409E-01  2.81850000E+00
 -5.16913200E-01  2.81850000E+00
 -3.53614024E-01  2.81850000E+00
 -1.72297816E-01  2.81850000E+00
 -8.99863962E-03  2.81850000E+00
  1.72317569E-01  2.81850000E+00
  3.35616745E-01  2.81850000E+00
  5.16932953E-01  2.81850000E+00
  6.80232130E-01  2.81850000E+00
  8.61548338E-01  2.81850000E+00
  1.02484751E+00  2.81850000E+00
  1.20616372E+00  2.81850000E+00
  1.36946290E+00  2.81850000E+00
  1.55077911E+00  2.81850000E+00
  1.58600000E+00  2.71887826E+00
  1.58600000E+00  2.54888564E+00
  1.58600000E+00  2.52953400E+00
  1.58600000E+00  2.35954138E+00
  1.58600000E+00  2.34018974E+00
  1.58600000E+00  2.17019712E+00
  1.58600000E+00  2.15084547E+00
  1.58600000E+00  1.98085286E+00
  1.58600000E+00  1.96150121E+00
  1.58600000E+00  1.79150859E+00
  1.58600000E+00  1.77215695E+00
  1.58600000E+00  1.60216433E+00
  1.58600000E+00  1.58281269E+00
  1.58600000E+00  1.41282007E+00
  1.58600000E+00  1.39346843E+00
  1.58600000E+00  1.22347581E+00
  1.58600000E+00  1.20412416E+00
  1.58600000E+00  1.03413154E+00
  1.58600000E+00  1.01477990E+00
  1.58600000E+00  8.44787282E-01
  1.58600000E+00  8.25435639E-01
  1.58600000E+00  6.55443019E-01
  1.58600000E+00  6.36091376E-01
  1.58600000E+00  4.66098757E-01
  1.58600000E+00  4.46747114E-01
  1.58600000E+00  2.76754495E-01
  1.58600000E+00  2.57402852E-01
  1.58600000E+00  8.74102325E-02
  1.58600000E+00  6.80585894E-02
  1.58600000E+00 -1.01934030E-01
  1.58600000E+00 -1.21285673E-01
  1.58600000E+00 -2.91278292E-01
  1.58600000E+00 -3.10629935E-01
  1.58600000E+00 -4.80622554E-01
  1.58600000E+00 -4.99974198E-01
  1.58600000E+00 -6.69966817E-01
  1.58600000E+00 -6.89318460E-01
  1.58600000E+00 -8.59311079E-01
  1.58600000E+00 -8.78662722E-01
  1.58600000E+00 -1.04865534E+00
  1.58600000E+00 -1.06800698E+00
  1.58600000E+00 -1.23799960E+00
  1.58600000E+00 -1.25735125E+00
  1.58600000E+00 -1.42734387E+00
  1.58600000E+00 -1.44669551E+00
  1.85570930E+00 -1.46850000E+00
  1.89539449E+00 -1.46850000E+00
  1.93507968E+00 -1.46850000E+00
  2.24000988E+00 -1.46850000E+00
  2.27969507E+00 -1.46850000E+00
  2.58462526E+00 -1.46850000E+00
  2.60900000E+00 -1.63603977E+00
  2.60900000E+00 -1.81199166E+00
  2.60900000E+00 -1.82538403E+00
  2.60900000E+00 -2.00133593E+00
  2.60900000E+00 -2.01472830E+00
  2.60900000E+00 -2.19068019E+00
  2.60900000E+00 -2.20407256E+00
  2.60900000E+00 -2.38002445E+00
  2.60900000E+00 -2.39341682E+00
  2.60900000E+00 -2.56936871E+00
  2.60900000E+00 -2.58276108E+00
  2.60900000E+00 -2.75871297E+00
  2.60900000E+00 -2.77210535E+00
  2.60900000E+00 -2.94805724E+00
  2.60900000E+00 -2.96144961E+00
  2.60900000E+00 -3.13740150E+00
  2.60900000E+00 -3.15079387E+00
  2.60900000E+00 -3.32674576E+00
  2.60900000E+00 -3.34013813E+00
  2.60900000E+00 -3.51609002E+00
  2.60900000E+00 -3.52948239E+00
  2.60900000E+00 -3.70543429E+00
  2.60900000E+00 -3.71882666E+00
  2.60900000E+00 -3.89477855E+00
  2.60900000E+00 -3.90817092E+00
  2.60900000E+00 -4.08412281E+00
  2.60900000E+00 -4.09751518E+00
  2.60900000E+00 -4.27346707E+00
  2.60900000E+00 -4.28685944E+00
  2.60900000E+00 -4.46281134E+00
  2.60900000E+00 -4.47620371E+00
  2.60900000E+00 -4.65215560E+00
  2.60900000E+00 -4.66554797E+00
  2.60900000E+00 -4.84149986E+00
  2.60900000E+00 -4.85489223E+00
  2.60900000E+00 -5.03084412E+00
  2.60900000E+00 -5.04423649E+00
  2.60900000E+00 -5.22018838E+00
  2.60900000E+00 -5.23358075E+00
  2.60900000E+00 -5.40953265E+00
  2.60900000E+00 -5.42292502E+00
  2.60900000E+00 -5.59887691E+00
  2.60900000E+00 -5.61226928E+00
  2.60900000E+00 -5.78822117E+00
  2.60900000E+00 -5.80161354E+00
  2.60900000E+00 -5.97756543E+00
  2.60900000E+00 -5.99095780E+00
  2.60900000E+00 -6.16690970E+00
  2.60900000E+00 -6.18030207E+00
  2.92924065E+00 -6.18030207E+00
  3.27385603E+00 -6.18030207E+00
  3.61847142E+00 -6.18030207E+00
  3.96308680E+00 -6.18030207E+00
  4.30770218E+00 -5.99095780E+00
  4.30770218E+00  5.18035367E+00
  3.96308680E+00  5.18035367E+00
  3.61847142E+00  5.18035367E+00
  3.27385603E+00  5.18035367E+00
  2.92924065E+00  5.18035367E+00
  2.58462526E+00  5.18035367E+00
  2.24000988E+00  5.18035367E+00
  1.89539449E+00  5.18035367E+00
  1.55077911E+00  5.18035367E+00
  1.20616372E+00  5.18035367E+00
  8.61548338E-01  5.18035367E+00
  5.16932953E-01  5.18035367E+00
  1.72317569E-01  5.18035367E+00
 -1.72297816E-01  5.18035367E+00
 -5.16913200E-01  5.18035367E+00
 -8.61528585E-01  5.18035367E+00
 -1.20614397E+00  5.18035367E+00
 -1.55075935E+00  5.18035367E+00
 -1.89537474E+00  5.18035367E+00
 -2.23999012E+00  5.18035367E+00
 -2.58460551E+00  5.18035367E+00
 -2.92922089E+00  5.18035367E+00
 -3.27383628E+00  5.18035367E+00
 -3.61845166E+00  5.18035367E+00
 -3.96306705E+00  5.18035367E+00
 -4.30768243E+00  5.18035367E+00
 -4.30768243E+00  4.99100941E+00
 -4.30768243E+00  4.80166515E+00
 -4.30768243E+00  4.61232088E+00
 -4.30768243E+00  4.42297662E+00
 -4.30768243E+00  4.23363236E+00
 -4.30768243E+00  4.04428810E+00
 -4.30768243E+00  3.85494384E+00
 -4.30768243E+00  3.66559957E+00
 -4.30768243E+00  3.47625531E+00
 -4.30768243E+00  3.28691105E+00
 -4.30768243E+00  3.09756679E+00
 -4.30768243E+00  2.90822252E+00
 -4.30768243E+00  2.71887826E+00
 -4.30768243E+00  2.52953400E+00
 -4.30768243E+00  2.34018974E+00
 -4.30768243E+00  2.15084547E+00
 -4.30768243E+00  1.96150121E+00
 -4.30768243E+00  1.77215695E+00
 -4.30768243E+00  1.58281269E+00
 -4.30768243E+00  1.39346843E+00
 -4.30768243E+00  1.20412416E+00
 -4.30768243E+00  1.01477990E+00
 -4.30768243E+00  8.25435639E-01
 -4.30768243E+00  6.36091376E-01
 -4.30768243E+00  4.46747114E-01
 -4.30768243E+00  2.57402852E-01
 -4.30768243E+00  6.80585894E-02
 -4.30768243E+00 -1.21285673E-01
 -4.30768243E+00 -3.10629935E-01
 -4.30768243E+00 -4.99974198E-01
 -4.30768243E+00 -6.89318460E-01
 -4.30768243E+00 -8.78662722E-01
 -4.30768243E+00 -1.06800698E+00
 -4.30768243E+00 -1.25735125E+00
 -4.30768243E+00 -1.44669551E+00
 -4.30768243E+00 -1.63603977E+00
 -4.30768243E+00 -1.82538403E+00
 -4.30768243E+00 -2.01472830E+00
 -4.30768243E+00 -2.20407256E+00
 -4.30768243E+00 -2.39341682E+00
 -4.30768243E+00 -2.58276108E+00
 -4.30768243E+00 -2.77210535E+00
 -4.30768243E+00 -2.96144961E+00
 -4.30768243E+00 -3.15079387E+00
 -4.30768243E+00 -3.34013813E+00
 -4.30768243E+00 -3.52948239E+00
 -4.30768243E+00 -3.71882666E+00
 -4.30768243E+00 -3.90817092E+00
 -4.30768243E+00 -4.09751518E+00
 -4.30768243E+00 -4.28685944E+00
 -4.30768243E+00 -4.47620371E+00
 -4.30768243E+00 -4.66554797E+00
 -4.30768243E+00 -4.85489223E+00
 -4.30768243E+00 -5.04423649E+00
 -4.30768243E+00 -5.23358075E+00
 -4.30768243E+00 -5.42292502E+00
 -4.30768243E+00 -5.61226928E+00
 -4.30768243E+00 -5.80161354E+00
 -4.30768243E+00 -5.99095780E+00
 -4.30768243E+00 -6.18030207E+00

hb:   line clip z  
frame:
 -3.9999905E+00 -5.9999746E+00
  4.0000095E+00 -5.9999746E+00
  4.0000095E+00  5.0000254E+00
 -3.9999905E+00  5.0000254E+00
clip:
 -2.58460551E+00 -6.18030207E+00
 -2.37100000E+00 -6.18030207E+00
 -2.37100000E+00 -6.06293941E+00
 -2.37100000E+00 -5.99095780E+00
 -2.37100000E+00 -5.87359515E+00
 -2.37100000E+00 -5.80161354E+00
 -2.37100000E+00 -5.68425088E+00
 -2.37100000E+00 -5.61226928E+00
 -2.37100000E+00 -5.49490662E+00
 -2.37100000E+00 -5.42292502E+00
 -2.37100000E+00 -5.30556236E+00
 -2.37100000E+00 -5.23358075E+00
 -2.37100000E+00 -5.11621810E+00
 -2.37100000E+00 -5.04423649E+00
 -2.37100000E+00 -4.92687384E+00
 -2.37100000E+00 -4.85489223E+00
 -2.37100000E+00 -4.73752957E+00
 -2.37100000E+00 -4.66554797E+00
 -2.37100000E+00 -4.54818531E+00
 -2.37100000E+00 -4.47620371E+00
 -2.37100000E+00 -4.35884105E+00
 -2.37100000E+00 -4.28685944E+00
 -2.37100000E+00 -4.16949679E+00
 -2.37100000E+00 -4.09751518E+00
 -2.37100000E+00 -3.98015252E+00
 -2.37100000E+00 -3.90817092E+00
 -2.37100000E+00 -3.79080826E+00
 -2.37100000E+00 -3.71882666E+00
 -2.37100000E+00 -3.60146400E+00
 -2.37100000E+00 -3.52948239E+00
 -2.37100000E+00 -3.41211974E+00
 -2.37100000E+00 -3.34013813E+00
 -2.37100000E+00 -3.22277547E+00
 -2.37100000E+00 -3.15079387E+00
 -2.37100000E+00 -3.03343121E+00
 -2.37100000E+00 -2.96144961E+00
 -2.37100000E+00 -2.84408695E+00
 -2.37100000E+00 -2.77210535E+00
 -2.37100000E+00 -2.65474269E+00
 -2.37100000E+00 -2.58276108E+00
 -2.37100000E+00 -2.46539843E+00
 -2.37100000E+00 -2.39341682E+00
 -2.37100000E+00 -2.27605416E+00
 -2.37100000E+00 -2.20407256E+00
 -2.37100000E+00 -2.08670990E+00
 -2.37100000E+00 -2.01472830E+00
 -2.37100000E+00 -1.89736564E+00
 -2.23999012E+00 -1.71850000E+00
 -2.08990866E+00 -1.71850000E+00
 -1.89537474E+00 -1.71850000E+00
 -1.74529328E+00 -1.71850000E+00
 -1.48600000E+00 -1.67162092E+00
 -1.48600000E+00 -1.60045862E+00
 -1.55075935E+00 -1.46850000E+00
 -1.85568955E+00 -1.46850000E+00
 -1.89537474E+00 -1.46850000E+00
 -2.20030493E+00 -1.46850000E+00
 -2.23999012E+00 -1.46850000E+00
 -2.54492032E+00 -1.46850000E+00
 -2.58460551E+00 -1.46850000E+00
 -2.62100000E+00 -1.61604331E+00
 -2.62100000E+00 -1.63603977E+00
 -2.62100000E+00 -1.65603623E+00
 -2.62100000E+00 -1.82538403E+00
 -2.62100000E+00 -1.84538049E+00
 -2.62100000E+00 -2.01472830E+00
 -2.62100000E+00 -2.03472476E+00
 -2.62100000E+00 -2.20407256E+00
 -2.62100000E+00 -2.22406902E+00
 -2.62100000E+00 -2.39341682E+00
 -2.62100000E+00 -2.41341328E+00
 -2.62100000E+00 -2.58276108E+00
 -2.62100000E+00 -2.60275754E+00
 -2.62100000E+00 -2.77210535E+00
 -2.62100000E+00 -2.79210181E+00
 -2.62100000E+00 -2.96144961E+00
 -2.62100000E+00 -2.98144607E+00
 -2.62100000E+00 -3.15079387E+00
 -2.62100000E+00 -3.17079033E+00
 -2.62100000E+00 -3.34013813E+00
 -2.62100000E+00 -3.36013459E+00
 -2.62100000E+00 -3.52948239E+00
 -2.62100000E+00 -3.54947886E+00
 -2.62100000E+00 -3.71882666E+00
 -2.62100000E+00 -3.73882312E+00
 -2.62100000E+00 -3.90817092E+00
 -2.62100000E+00 -3.92816738E+00
 -2.62100000E+00 -4.09751518E+00
 -2.62100000E+00 -4.11751164E+00
 -2.62100000E+00 -4.28685944E+00
 -2.62100000E+00 -4.30685590E+00
 -2.62100000E+00 -4.47620371E+00
 -2.62100000E+00 -4.49620017E+00
 -2.62100000E+00 -4.66554797E+00
 -2.62100000E+00 -4.68554443E+00
 -2.62100000E+00 -4.85489223E+00
 -2.62100000E+00 -4.87488869E+00
 -2.62100000E+00 -5.04423649E+00
 -2.62100000E+00 -5.06423295E+00
 -2.62100000E+00 -5.23358075E+00
 -2.62100000E+00 -5.25357722E+00
 -2.62100000E+00 -5.42292502E+00
 -2.62100000E+00 -5.44292148E+00
 -2.62100000E+00 -5.61226928E+00
 -2.62100000E+00 -5.63226574E+00
 -2.62100000E+00 -5.80161354E+00
 -2.62100000E+00 -5.82161000E+00
 -2.62100000E+00 -5.99095780E+00
 -2.62100000E+00 -6.01095427E+00
 -2.62100000E+00 -6.18030207E+00

hb:   line clip z  
frame:
 -3.9999905E+00 -5.9999746E+00
  4.0000095E+00 -5.9999746E+00
  4.0000095E+00  5.0000254E+00
 -3.9999905E+00  5.0000254E+00
clip:
 -2.23999012E+00 -6.18030207E+00
 -1.93824962E+00 -6.18030207E+00
 -1.92416409E+00 -6.00677572E+00
 -1.88446592E+00 -5.60627558E+00
 -1.83330841E+00 -5.19947925E+00
 -1.78073957E+00 -4.85489223E+00
 -1.73132407E+00 -4.57541255E+00
 -1.67332080E+00 -4.28685944E+00
 -1.63104691E+00 -4.09751518E+00
 -1.58512296E+00 -3.90817092E+00
 -1.53245020E+00 -3.70876694E+00
 -1.46702893E+00 -3.48347785E+00
 -1.39284589E+00 -3.25337472E+00
 -1.30764760E+00 -3.01721940E+00
 -1.20783686E+00 -2.77303548E+00
 -1.13794771E+00 -2.62023059E+00
 -1.08696726E+00 -2.51728105E+00
 -1.02070895E+00 -2.39341682E+00
 -9.30932219E-01 -2.24220545E+00
 -8.61528585E-01 -2.13748775E+00
 -7.70176710E-01 -2.01472830E+00
 -5.96915833E-01 -1.82538403E+00
 -6.66994661E-01 -1.71850000E+00
 -8.61528585E-01 -1.71850000E+00
 -1.05606251E+00 -1.71850000E+00
 -1.20614397E+00 -1.71850000E+00
 -1.40067789E+00 -1.71850000E+00
 -1.55075935E+00 -1.71850000E+00
 -1.74529328E+00 -1.71850000E+00
 -1.89537474E+00 -1.71850000E+00
 -2.08990866E+00 -1.71850000E+00
 -2.23999012E+00 -1.71850000E+00
 -2.37100000E+00 -1.75340243E+00
 -2.37100000E+00 -1.82538403E+00
 -2.37100000E+00 -1.89736564E+00
 -2.37100000E+00 -2.01472830E+00
 -2.37100000E+00 -2.08670990E+00
 -2.37100000E+00 -2.20407256E+00
 -2.37100000E+00 -2.27605416E+00
 -2.37100000E+00 -2.39341682E+00
 -2.37100000E+00 -2.46539843E+00
 -2.37100000E+00 -2.58276108E+00
 -2.37100000E+00 -2.65474269E+00
 -2.37100000E+00 -2.77210535E+00
 -2.37100000E+00 -2.84408695E+00
 -2.37100000E+00 -2.96144961E+00
 -2.37100000E+00 -3.03343121E+00
 -2.37100000E+00 -3.15079387E+00
 -2.37100000E+00 -3.22277547E+00
 -2.37100000E+00 -3.34013813E+00
 -2.37100000E+00 -3.41211974E+00
 -2.37100000E+00 -3.52948239E+00
 -2.37100000E+00 -3.60146400E+00
 -2.37100000E+00 -3.71882666E+00
 -2.37100000E+00 -3.79080826E+00
 -2.37100000E+00 -3.90817092E+00
 -2.37100000E+00 -3.98015252E+00
 -2.37100000E+00 -4.09751518E+00
 -2.37100000E+00 -4.16949679E+00
 -2.37100000E+00 -4.28685944E+00
 -2.37100000E+00 -4.35884105E+00
 -2.37100000E+00 -4.47620371E+00
 -2.37100000E+00 -4.54818531E+00
 -2.37100000E+00 -4.66554797E+00
 -2.37100000E+00 -4.73752957E+00
 -2.37100000E+00 -4.85489223E+00
 -2.37100000E+00 -4.92687384E+00
 -2.37100000E+00 -5.04423649E+00
 -2.37100000E+00 -5.11621810E+00
 -2.37100000E+00 -5.23358075E+00
 -2.37100000E+00 -5.30556236E+00
 -2.37100000E+00 -5.42292502E+00
 -2.37100000E+00 -5.49490662E+00
 -2.37100000E+00 -5.61226928E+00
 -2.37100000E+00 -5.68425088E+00
 -2.37100000E+00 -5.80161354E+00
 -2.37100000E+00 -5.87359515E+00
 -2.37100000E+00 -5.99095780E+00
 -2.37100000E+00 -6.06293941E+00
 -2.37100000E+00 -6.18030207E+00

hb:   line clip z  
frame:
 -3.9999905E+00 -5.9999746E+00
  4.0000095E+00 -5.9999746E+00
  4.0000095E+00  5.0000254E+00
 -3.9999905E+00  5.0000254E+00
clip:
 -1.89537474E+00 -6.18030207E+00
  1.92624962E+00 -6.18030207E+00
  1.92500691E+00 -6.16403192E+00
  1.91078816E+00 -5.99095780E+00
  1.91008031E+00 -5.98288888E+00
  1.89539449E+00 -5.82483107E+00
  1.89310457E+00 -5.80161354E+00
  1.87441818E+00 -5.62379443E+00
  1.87313611E+00 -5.61226928E+00
  1.85364244E+00 -5.44586512E+00
  1.85080908E+00 -5.42292502E+00
  1.83086615E+00 -5.26903498E+00
  1.82603723E+00 -5.23358075E+00
  1.80605260E+00 -5.09332419E+00
  1.79871991E+00 -5.04423649E+00
  1.77915748E+00 -4.91875708E+00
  1.76873957E+00 -4.85489223E+00
  1.75012810E+00 -4.74536262E+00
  1.73595872E+00 -4.66554797E+00
  1.71890241E+00 -4.57317489E+00
  1.70021596E+00 -4.47620371E+00
  1.68540784E+00 -4.40223377E+00
  1.66132080E+00 -4.28685944E+00
  1.64955979E+00 -4.23258573E+00
  1.61904691E+00 -4.09751518E+00
  1.61125975E+00 -4.06428491E+00
  1.57312296E+00 -3.90817092E+00
  1.57039295E+00 -3.89739436E+00
  1.55077911E+00 -3.82143379E+00
  1.52322014E+00 -3.71882666E+00
  1.48040002E+00 -3.56815123E+00
  1.46893465E+00 -3.52948239E+00
  1.43093172E+00 -3.40598666E+00
  1.40976243E+00 -3.34013813E+00
  1.37820077E+00 -3.24561471E+00
  1.34506156E+00 -3.15079387E+00
  1.32194407E+00 -3.08717992E+00
  1.27399394E+00 -2.96144961E+00
  1.26184311E+00 -2.93085732E+00
  1.20616372E+00 -2.79682745E+00
  1.19543027E+00 -2.77210535E+00
  1.12844872E+00 -2.62546054E+00
  1.10778541E+00 -2.58276108E+00
  1.05404810E+00 -2.47699469E+00
  1.00870895E+00 -2.39341682E+00
  9.73496882E-01 -2.33190821E+00
  8.94435240E-01 -2.20407256E+00
  8.85707524E-01 -2.19079862E+00
  8.61548338E-01 -2.15489579E+00
  7.58176710E-01 -2.01472830E+00
  6.81590010E-01 -1.92425970E+00
  5.84915833E-01 -1.82538403E+00
  5.59411183E-01 -1.80204494E+00
  5.16932953E-01 -1.76564998E+00
  3.20236195E-01 -1.63603977E+00
  2.37770367E-01 -1.60007762E+00
  1.72317569E-01 -1.57904352E+00
  9.38661806E-02 -1.59293572E+00
 -1.72297816E-01 -1.57607185E+00
 -2.42558392E-01 -1.59743605E+00
 -3.32236195E-01 -1.63603977E+00
 -5.16913200E-01 -1.75590657E+00
 -5.66820441E-01 -1.79796318E+00
 -5.96915833E-01 -1.82538403E+00
 -6.90355731E-01 -1.92067969E+00
 -7.70176710E-01 -2.01472830E+00
 -8.61528585E-01 -2.13748775E+00
 -8.94497953E-01 -2.18595798E+00
 -9.06435240E-01 -2.20407256E+00
 -9.30932219E-01 -2.24220545E+00
 -1.02070895E+00 -2.39341682E+00
 -1.08696726E+00 -2.51728105E+00
 -1.11978541E+00 -2.58276108E+00
 -1.20614397E+00 -2.76916602E+00
 -1.20743027E+00 -2.77210535E+00
 -1.28599394E+00 -2.96144961E+00
 -1.30764760E+00 -3.01721940E+00
 -1.35706156E+00 -3.15079387E+00
 -1.39284589E+00 -3.25337472E+00
 -1.42176243E+00 -3.34013813E+00
 -1.46702893E+00 -3.48347785E+00
 -1.48093465E+00 -3.52948239E+00
 -1.53245020E+00 -3.70876694E+00
 -1.53522014E+00 -3.71882666E+00
 -1.55075935E+00 -3.77610864E+00
 -1.58091967E+00 -3.89159974E+00
 -1.58512296E+00 -3.90817092E+00
 -1.59063333E+00 -3.93007913E+00
 -1.63104691E+00 -4.09751518E+00
 -1.64266586E+00 -4.14801197E+00
 -1.67332080E+00 -4.28685944E+00
 -1.68935614E+00 -4.36300957E+00
 -1.71221596E+00 -4.47620371E+00
 -1.73132407E+00 -4.57541255E+00
 -1.74795872E+00 -4.66554797E+00
 -1.76905694E+00 -4.78548863E+00
 -1.78073957E+00 -4.85489223E+00
 -1.80294555E+00 -4.99345253E+00
 -1.81071991E+00 -5.04423649E+00
 -1.83330841E+00 -5.19947925E+00
 -1.83803723E+00 -5.23358075E+00
 -1.86040863E+00 -5.40371336E+00
 -1.86280908E+00 -5.42292502E+00
 -1.88446592E+00 -5.60627558E+00
 -1.88513611E+00 -5.61226928E+00
 -1.89537474E+00 -5.70660436E+00
 -1.90460008E+00 -5.79654480E+00
 -1.90510457E+00 -5.80161354E+00
 -1.90566538E+00 -5.80726760E+00
 -1.92278816E+00 -5.99095780E+00
 -1.92416409E+00 -6.00677572E+00
 -1.93824962E+00 -6.18030207E+00

hb:   line clip z  
frame:
 -3.9999905E+00 -5.9999746E+00
  4.0000095E+00 -5.9999746E+00
  4.0000095E+00  5.0000254E+00
 -3.9999905E+00  5.0000254E+00
clip:
  2.24000988E+00 -6.18030207E+00
  2.35900000E+00 -6.18030207E+00
  2.35900000E+00 -6.11492455E+00
  2.35900000E+00 -5.99095780E+00
  2.35900000E+00 -5.92558029E+00
  2.35900000E+00 -5.80161354E+00
  2.35900000E+00 -5.73623603E+00
  2.35900000E+00 -5.61226928E+00
  2.35900000E+00 -5.54689177E+00
  2.35900000E+00 -5.42292502E+00
  2.35900000E+00 -5.35754750E+00
  2.35900000E+00 -5.23358075E+00
  2.35900000E+00 -5.16820324E+00
  2.35900000E+00 -5.04423649E+00
  2.35900000E+00 -4.97885898E+00
  2.35900000E+00 -4.85489223E+00
  2.35900000E+00 -4.78951472E+00
  2.35900000E+00 -4.66554797E+00
  2.35900000E+00 -4.60017045E+00
  2.35900000E+00 -4.47620371E+00
  2.35900000E+00 -4.41082619E+00
  2.35900000E+00 -4.28685944E+00
  2.35900000E+00 -4.22148193E+00
  2.35900000E+00 -4.09751518E+00
  2.35900000E+00 -4.03213767E+00
  2.35900000E+00 -3.90817092E+00
  2.35900000E+00 -3.84279340E+00
  2.35900000E+00 -3.71882666E+00
  2.35900000E+00 -3.65344914E+00
  2.35900000E+00 -3.52948239E+00
  2.35900000E+00 -3.46410488E+00
  2.35900000E+00 -3.34013813E+00
  2.35900000E+00 -3.27476062E+00
  2.35900000E+00 -3.15079387E+00
  2.35900000E+00 -3.08541636E+00
  2.35900000E+00 -2.96144961E+00
  2.35900000E+00 -2.89607209E+00
  2.35900000E+00 -2.77210535E+00
  2.35900000E+00 -2.70672783E+00
  2.35900000E+00 -2.58276108E+00
  2.35900000E+00 -2.51738357E+00
  2.35900000E+00 -2.39341682E+00
  2.35900000E+00 -2.32803931E+00
  2.35900000E+00 -2.20407256E+00
  2.35900000E+00 -2.13869504E+00
  2.35900000E+00 -2.01472830E+00
  2.35900000E+00 -1.94935078E+00
  2.35900000E+00 -1.82538403E+00
  2.35900000E+00 -1.76000652E+00
  2.24000988E+00 -1.71850000E+00
  2.04547595E+00 -1.71850000E+00
  1.89539449E+00 -1.71850000E+00
  1.70086057E+00 -1.71850000E+00
  1.55077911E+00 -1.71850000E+00
  1.35624518E+00 -1.71850000E+00
  1.20616372E+00 -1.71850000E+00
  1.01162980E+00 -1.71850000E+00
  8.61548338E-01 -1.71850000E+00
  6.67014414E-01 -1.71850000E+00
  5.84915833E-01 -1.82538403E+00
  6.81590010E-01 -1.92425970E+00
  7.58176710E-01 -2.01472830E+00
  8.61548338E-01 -2.15489579E+00
  9.73496882E-01 -2.33190821E+00
  1.05404810E+00 -2.47699469E+00
  1.12844872E+00 -2.62546054E+00
  1.19750709E+00 -2.77686161E+00
  1.27399394E+00 -2.96144961E+00
  1.34506156E+00 -3.15079387E+00
  1.40976243E+00 -3.34013813E+00
  1.46893465E+00 -3.52948239E+00
  1.52682540E+00 -3.73198770E+00
  1.57312296E+00 -3.90817092E+00
  1.61904691E+00 -4.09751518E+00
  1.68540784E+00 -4.40223377E+00
  1.75012810E+00 -4.74536262E+00
  1.80605260E+00 -5.09332419E+00
  1.85364244E+00 -5.44586512E+00
  1.89539449E+00 -5.82483107E+00
  1.92624962E+00 -6.18030207E+00

hb:   line clip z  
frame:
 -3.9999905E+00 -5.9999746E+00
  4.0000095E+00 -5.9999746E+00
  4.0000095E+00  5.0000254E+00
 -3.9999905E+00  5.0000254E+00
clip:
  2.58462526E+00 -6.18030207E+00
  2.60900000E+00 -6.18030207E+00
  2.60900000E+00 -6.16690970E+00
  2.60900000E+00 -5.99095780E+00
  2.60900000E+00 -5.97756543E+00
  2.60900000E+00 -5.80161354E+00
  2.60900000E+00 -5.78822117E+00
  2.60900000E+00 -5.61226928E+00
  2.60900000E+00 -5.59887691E+00
  2.60900000E+00 -5.42292502E+00
  2.60900000E+00 -5.40953265E+00
  2.60900000E+00 -5.23358075E+00
  2.60900000E+00 -5.22018838E+00
  2.60900000E+00 -5.04423649E+00
  2.60900000E+00 -5.03084412E+00
  2.60900000E+00 -4.85489223E+00
  2.60900000E+00 -4.84149986E+00
  2.60900000E+00 -4.66554797E+00
  2.60900000E+00 -4.65215560E+00
  2.60900000E+00 -4.47620371E+00
  2.60900000E+00 -4.46281134E+00
  2.60900000E+00 -4.28685944E+00
  2.60900000E+00 -4.27346707E+00
  2.60900000E+00 -4.09751518E+00
  2.60900000E+00 -4.08412281E+00
  2.60900000E+00 -3.90817092E+00
  2.60900000E+00 -3.89477855E+00
  2.60900000E+00 -3.71882666E+00
  2.60900000E+00 -3.70543429E+00
  2.60900000E+00 -3.52948239E+00
  2.60900000E+00 -3.51609002E+00
  2.60900000E+00 -3.34013813E+00
  2.60900000E+00 -3.32674576E+00
  2.60900000E+00 -3.15079387E+00
  2.60900000E+00 -3.13740150E+00
  2.60900000E+00 -2.96144961E+00
  2.60900000E+00 -2.94805724E+00
  2.60900000E+00 -2.77210535E+00
  2.60900000E+00 -2.75871297E+00
  2.60900000E+00 -2.58276108E+00
  2.60900000E+00 -2.56936871E+00
  2.60900000E+00 -2.39341682E+00
  2.60900000E+00 -2.38002445E+00
  2.60900000E+00 -2.20407256E+00
  2.60900000E+00 -2.19068019E+00
  2.60900000E+00 -2.01472830E+00
  2.60900000E+00 -2.00133593E+00
  2.60900000E+00 -1.82538403E+00
  2.60900000E+00 -1.81199166E+00
  2.60900000E+00 -1.63603977E+00
  2.60900000E+00 -1.62264740E+00
  2.58462526E+00 -1.46850000E+00
  2.27969507E+00 -1.46850000E+00
  2.24000988E+00 -1.46850000E+00
  1.93507968E+00 -1.46850000E+00
  1.89539449E+00 -1.46850000E+00
  1.59046430E+00 -1.46850000E+00
  1.55077911E+00 -1.46850000E+00
  1.48600000E+00 -1.60044777E+00
  1.48600000E+00 -1.63603977E+00
  1.48600000E+00 -1.67163178E+00
  1.55077911E+00 -1.71850000E+00
  1.70086057E+00 -1.71850000E+00
  1.89539449E+00 -1.71850000E+00
  2.04547595E+00 -1.71850000E+00
  2.24000988E+00 -1.71850000E+00
  2.35900000E+00 -1.82538403E+00
  2.35900000E+00 -1.94935078E+00
  2.35900000E+00 -2.01472830E+00
  2.35900000E+00 -2.13869504E+00
  2.35900000E+00 -2.20407256E+00
  2.35900000E+00 -2.32803931E+00
  2.35900000E+00 -2.39341682E+00
  2.35900000E+00 -2.51738357E+00
  2.35900000E+00 -2.58276108E+00
  2.35900000E+00 -2.70672783E+00
  2.35900000E+00 -2.77210535E+00
  2.35900000E+00 -2.89607209E+00
  2.35900000E+00 -2.96144961E+00
  2.35900000E+00 -3.08541636E+00
  2.35900000E+00 -3.15079387E+00
  2.35900000E+00 -3.27476062E+00
  2.35900000E+00 -3.34013813E+00
  2.35900000E+00 -3.46410488E+00
  2.35900000E+00 -3.52948239E+00
  2.35900000E+00 -3.65344914E+00
  2.35900000E+00 -3.71882666E+00
  2.35900000E+00 -3.84279340E+00
  2.35900000E+00 -3.90817092E+00
  2.35900000E+00 -4.03213767E+00
  2.35900000E+00 -4.09751518E+00
  2.35900000E+00 -4.22148193E+00
  2.35900000E+00 -4.28685944E+00
  2.35900000E+00 -4.41082619E+00
  2.35900000E+00 -4.47620371E+00
  2.35900000E+00 -4.60017045E+00
  2.35900000E+00 -4.66554797E+00
  2.35900000E+00 -4.78951472E+00
  2.35900000E+00 -4.85489223E+00
  2.35900000E+00 -4.97885898E+00
  2.35900000E+00 -5.04423649E+00
  2.35900000E+00 -5.16820324E+00
  2.35900000E+00 -5.23358075E+00
  2.35900000E+00 -5.35754750E+00
  2.35900000E+00 -5.42292502E+00
  2.35900000E+00 -5.54689177E+00
  2.35900000E+00 -5.61226928E+00
  2.35900000E+00 -5.73623603E+00
  2.35900000E+00 -5.80161354E+00
  2.35900000E+00 -5.92558029E+00
  2.35900000E+00 -5.99095780E+00
  2.35900000E+00 -6.11492455E+00
  2.35900000E+00 -6.18030207E+00

hb:   line clip z  
clip:
 -1.35622543E+00 -1.71850000E+00
 -5.16913200E-01 -1.71850000E+00
 -3.32236195E-01 -1.63603977E+00
 -3.08901407E-01 -1.52175050E+00
 -5.16913200E-01 -1.46850000E+00
 -8.21843395E-01 -1.46850000E+00
 -8.61528585E-01 -1.46850000E+00
 -1.16645878E+00 -1.46850000E+00
 -1.20614397E+00 -1.46850000E+00
 -1.48600000E+00 -1.48227666E+00
 -1.48600000E+00 -1.63603977E+00

hb:   line clip z  
clip:
  4.16173496E-01 -1.69140069E+00
  5.16932953E-01 -1.71850000E+00
  6.67014414E-01 -1.71850000E+00
  8.61548338E-01 -1.71850000E+00
  1.01162980E+00 -1.71850000E+00
  1.20616372E+00 -1.71850000E+00
  1.35624518E+00 -1.71850000E+00
  1.48600000E+00 -1.63603977E+00
  1.48600000E+00 -1.48228751E+00
  1.20616372E+00 -1.46850000E+00
  9.01233528E-01 -1.46850000E+00
  8.61548338E-01 -1.46850000E+00
  5.56618144E-01 -1.46850000E+00
  5.16932953E-01 -1.46850000E+00
  3.08911558E-01 -1.52174523E+00
  3.20236195E-01 -1.63603977E+00

hb:   line clip z  
clip:
 -1.58600000E+00 -1.46605801E+00
 -1.55075935E+00 -1.46850000E+00
 -1.51107416E+00 -1.46850000E+00
 -1.48600000E+00 -1.44669551E+00
 -1.48600000E+00 -1.41111436E+00
 -1.48600000E+00 -1.25735125E+00
 -1.48600000E+00 -1.22177010E+00
 -1.48600000E+00 -1.06800698E+00
 -1.48600000E+00 -1.03242583E+00
 -1.48600000E+00 -8.78662722E-01
 -1.48600000E+00 -8.43081571E-01
 -1.48600000E+00 -6.89318460E-01
 -1.48600000E+00 -6.53737308E-01
 -1.48600000E+00 -4.99974198E-01
 -1.48600000E+00 -4.64393046E-01
 -1.48600000E+00 -3.10629935E-01
 -1.48600000E+00 -2.75048784E-01
 -1.48600000E+00 -1.21285673E-01
 -1.48600000E+00 -8.57045216E-02
 -1.48600000E+00  6.80585894E-02
 -1.48600000E+00  1.03639741E-01
 -1.48600000E+00  2.57402852E-01
 -1.48600000E+00  2.92984003E-01
 -1.48600000E+00  4.46747114E-01
 -1.48600000E+00  4.82328265E-01
 -1.48600000E+00  6.36091376E-01
 -1.48600000E+00  6.71672528E-01
 -1.48600000E+00  8.25435639E-01
 -1.48600000E+00  8.61016790E-01
 -1.48600000E+00  1.01477990E+00
 -1.48600000E+00  1.05036105E+00
 -1.48600000E+00  1.20412416E+00
 -1.48600000E+00  1.23970531E+00
 -1.48600000E+00  1.39346843E+00
 -1.48600000E+00  1.42904958E+00
 -1.48600000E+00  1.58281269E+00
 -1.48600000E+00  1.61839384E+00
 -1.48600000E+00  1.77215695E+00
 -1.48600000E+00  1.80773810E+00
 -1.48600000E+00  1.96150121E+00
 -1.48600000E+00  1.99708236E+00
 -1.48600000E+00  2.15084547E+00
 -1.48600000E+00  2.18642663E+00
 -1.48600000E+00  2.34018974E+00
 -1.48600000E+00  2.37577089E+00
 -1.48600000E+00  2.52953400E+00
 -1.48600000E+00  2.56511515E+00
 -1.55075935E+00  2.71850000E+00
 -1.58600000E+00  2.54889650E+00
 -1.58600000E+00  2.52953400E+00
 -1.58600000E+00  2.51017150E+00
 -1.58600000E+00  2.34018974E+00
 -1.58600000E+00  2.32082724E+00
 -1.58600000E+00  2.15084547E+00
 -1.58600000E+00  2.13148298E+00
 -1.58600000E+00  1.96150121E+00
 -1.58600000E+00  1.94213872E+00
 -1.58600000E+00  1.77215695E+00
 -1.58600000E+00  1.75279445E+00
 -1.58600000E+00  1.58281269E+00
 -1.58600000E+00  1.56345019E+00
 -1.58600000E+00  1.39346843E+00
 -1.58600000E+00  1.37410593E+00
 -1.58600000E+00  1.20412416E+00
 -1.58600000E+00  1.18476167E+00
 -1.58600000E+00  1.01477990E+00
 -1.58600000E+00  9.95417405E-01
 -1.58600000E+00  8.25435639E-01
 -1.58600000E+00  8.06073142E-01
 -1.58600000E+00  6.36091376E-01
 -1.58600000E+00  6.16728880E-01
 -1.58600000E+00  4.46747114E-01
 -1.58600000E+00  4.27384618E-01
 -1.58600000E+00  2.57402852E-01
 -1.58600000E+00  2.38040355E-01
 -1.58600000E+00  6.80585894E-02
 -1.58600000E+00  4.86960931E-02
 -1.58600000E+00 -1.21285673E-01
 -1.58600000E+00 -1.40648169E-01
 -1.58600000E+00 -3.10629935E-01
 -1.58600000E+00 -3.29992431E-01
 -1.58600000E+00 -4.99974198E-01
 -1.58600000E+00 -5.19336694E-01
 -1.58600000E+00 -6.89318460E-01
 -1.58600000E+00 -7.08680956E-01
 -1.58600000E+00 -8.78662722E-01
 -1.58600000E+00 -8.98025218E-01
 -1.58600000E+00 -1.06800698E+00
 -1.58600000E+00 -1.08736948E+00
 -1.58600000E+00 -1.25735125E+00
 -1.58600000E+00 -1.27671374E+00
 -1.58600000E+00 -1.44669551E+00

hb:   line clip z  
clip:
 -1.24582916E+00 -1.46850000E+00
 -4.77228010E-01 -1.46850000E+00
 -4.27141710E-01 -1.44669551E+00
 -4.63793302E-01 -1.41750950E+00
 -5.16913200E-01 -1.36966051E+00
 -6.18424107E-01 -1.25735125E+00
 -6.87578188E-01 -1.16177655E+00
 -7.44605884E-01 -1.06800698E+00
 -7.71268942E-01 -1.01841504E+00
 -8.35714473E-01 -8.78662722E-01
 -8.40430594E-01 -8.67070716E-01
 -8.61528585E-01 -8.12334508E-01
 -9.02435953E-01 -6.89318460E-01
 -9.40561440E-01 -5.43397731E-01
 -9.49923065E-01 -4.99974198E-01
 -9.72644061E-01 -3.71680831E-01
 -9.80973099E-01 -3.10629935E-01
 -9.92672242E-01 -1.93340782E-01
 -9.97122772E-01 -1.21285673E-01
 -9.99987451E-01 -8.01576176E-03
 -9.99094908E-01  6.80585894E-02
 -9.93292429E-01  1.85006990E-01
 -9.70310816E-01  3.86978189E-01
 -9.26993872E-01  6.00122360E-01
 -8.61528585E-01  8.12334508E-01
 -8.55374139E-01  8.28817116E-01
 -7.73138327E-01  1.01477990E+00
 -7.35512593E-01  1.08401768E+00
 -6.58503571E-01  1.20412416E+00
 -5.16913200E-01  1.36966051E+00
 -5.00993576E-01  1.38472160E+00
 -4.44464342E-01  1.43327447E+00
 -1.72297816E-01  1.57607185E+00
 -1.46180533E-01  1.58281269E+00
  1.46180533E-01  1.58281269E+00
  1.72317569E-01  1.57606632E+00
  1.99684074E-01  1.56777653E+00
  4.91428779E-01  1.39346843E+00
  5.16932953E-01  1.36964142E+00
  6.58503571E-01  1.20412416E+00
  7.12704087E-01  1.12234370E+00
  7.73138327E-01  1.01477990E+00
  7.92101408E-01  9.76623224E-01
  8.56650455E-01  8.25435639E-01
  9.17577432E-01  6.36091376E-01
  9.60228044E-01  4.46747114E-01
  9.86974499E-01  2.57402852E-01
  9.99094908E-01  6.80585894E-02
  9.97122772E-01 -1.21285673E-01
  9.80973099E-01 -3.10629935E-01
  9.49923065E-01 -4.99974198E-01
  9.02435953E-01 -6.89318460E-01
  8.40434175E-01 -8.67061831E-01
  8.28038356E-01 -8.97074329E-01
  7.44605884E-01 -1.06800698E+00
  6.85689931E-01 -1.16463001E+00
  6.18424107E-01 -1.25735125E+00
  5.16932953E-01 -1.36964142E+00
  4.63801126E-01 -1.41750295E+00
  4.27141710E-01 -1.44669551E+00
  4.77247763E-01 -1.46850000E+00
  5.16932953E-01 -1.46850000E+00
  5.56618144E-01 -1.46850000E+00
  8.61548338E-01 -1.46850000E+00
  9.01233528E-01 -1.46850000E+00
  1.20616372E+00 -1.46850000E+00
  1.24584891E+00 -1.46850000E+00
  1.48600000E+00 -1.44669551E+00
  1.48600000E+00 -1.29294325E+00
  1.48600000E+00 -1.25735125E+00
  1.48600000E+00 -1.10359899E+00
  1.48600000E+00 -1.06800698E+00
  1.48600000E+00 -9.14254727E-01
  1.48600000E+00 -8.78662722E-01
  1.48600000E+00 -7.24910464E-01
  1.48600000E+00 -6.89318460E-01
  1.48600000E+00 -5.35566202E-01
  1.48600000E+00 -4.99974198E-01
  1.48600000E+00 -3.46221940E-01
  1.48600000E+00 -3.10629935E-01
  1.48600000E+00 -1.56877677E-01
  1.48600000E+00 -1.21285673E-01
  1.48600000E+00  3.24665850E-02
  1.48600000E+00  6.80585894E-02
  1.48600000E+00  2.21810847E-01
  1.48600000E+00  2.57402852E-01
  1.48600000E+00  4.11155110E-01
  1.48600000E+00  4.46747114E-01
  1.48600000E+00  6.00499372E-01
  1.48600000E+00  6.36091376E-01
  1.48600000E+00  7.89843634E-01
  1.48600000E+00  8.25435639E-01
  1.48600000E+00  9.79187896E-01
  1.48600000E+00  1.01477990E+00
  1.48600000E+00  1.16853216E+00
  1.48600000E+00  1.20412416E+00
  1.48600000E+00  1.35787642E+00
  1.48600000E+00  1.39346843E+00
  1.48600000E+00  1.54722068E+00
  1.48600000E+00  1.58281269E+00
  1.48600000E+00  1.73656495E+00
  1.48600000E+00  1.77215695E+00
  1.48600000E+00  1.92590921E+00
  1.48600000E+00  1.96150121E+00
  1.48600000E+00  2.11525347E+00
  1.48600000E+00  2.15084547E+00
  1.48600000E+00  2.30459773E+00
  1.48600000E+00  2.34018974E+00
  1.48600000E+00  2.49394199E+00
  1.48600000E+00  2.52953400E+00
  1.48600000E+00  2.68328626E+00
  1.20616372E+00  2.71850000E+00
  8.62236792E-01  2.71850000E+00
  5.17621407E-01  2.71850000E+00
  1.73006022E-01  2.71850000E+00
 -1.71609362E-01  2.71850000E+00
 -5.16224747E-01  2.71850000E+00
 -8.60840131E-01  2.71850000E+00
 -1.20545552E+00  2.71850000E+00
 -1.48600000E+00  2.68329711E+00
 -1.48600000E+00  2.52953400E+00
 -1.48600000E+00  2.37577089E+00
 -1.48600000E+00  2.34018974E+00
 -1.48600000E+00  2.18642663E+00
 -1.48600000E+00  2.15084547E+00
 -1.48600000E+00  1.99708236E+00
 -1.48600000E+00  1.96150121E+00
 -1.48600000E+00  1.80773810E+00
 -1.48600000E+00  1.77215695E+00
 -1.48600000E+00  1.61839384E+00
 -1.48600000E+00  1.58281269E+00
 -1.48600000E+00  1.42904958E+00
 -1.48600000E+00  1.39346843E+00
 -1.48600000E+00  1.23970531E+00
 -1.48600000E+00  1.20412416E+00
 -1.48600000E+00  1.05036105E+00
 -1.48600000E+00  1.01477990E+00
 -1.48600000E+00  8.61016790E-01
 -1.48600000E+00  8.25435639E-01
 -1.48600000E+00  6.71672528E-01
 -1.48600000E+00  6.36091376E-01
 -1.48600000E+00  4.82328265E-01
 -1.48600000E+00  4.46747114E-01
 -1.48600000E+00  2.92984003E-01
 -1.48600000E+00  2.57402852E-01
 -1.48600000E+00  1.03639741E-01
 -1.48600000E+00  6.80585894E-02
 -1.48600000E+00 -8.57045216E-02
 -1.48600000E+00 -1.21285673E-01
 -1.48600000E+00 -2.75048784E-01
 -1.48600000E+00 -3.10629935E-01
 -1.48600000E+00 -4.64393046E-01
 -1.48600000E+00 -4.99974198E-01
 -1.48600000E+00 -6.53737308E-01
 -1.48600000E+00 -6.89318460E-01
 -1.48600000E+00 -8.43081571E-01
 -1.48600000E+00 -8.78662722E-01
 -1.48600000E+00 -1.03242583E+00
 -1.48600000E+00 -1.06800698E+00
 -1.48600000E+00 -1.22177010E+00
 -1.48600000E+00 -1.25735125E+00
 -1.48600000E+00 -1.41111436E+00
 -1.48600000E+00 -1.44669551E+00

hb:   line clip z  
clip:
 -3.08901407E-01 -1.52175050E+00
 -1.72297816E-01 -1.57607185E+00
  9.38661806E-02 -1.59293572E+00
  3.08911558E-01 -1.52174523E+00
  5.16932953E-01 -1.36964142E+00
  6.18424107E-01 -1.25735125E+00
  7.44605884E-01 -1.06800698E+00
  8.35714473E-01 -8.78662722E-01
  8.96591818E-01 -7.08572626E-01
  9.10227952E-01 -6.62572104E-01
  9.49923065E-01 -4.99974198E-01
  9.60427859E-01 -4.45646182E-01
  9.80973099E-01 -3.10629935E-01
  9.88608240E-01 -2.40818590E-01
  9.97122772E-01 -1.21285673E-01
  9.99596694E-01 -4.54368707E-02
  9.99094908E-01  6.80585894E-02
  9.96056047E-01  1.41962031E-01
  9.86974499E-01  2.57402852E-01
  9.79512107E-01  3.22216449E-01
  9.60228044E-01  4.46747114E-01
  9.50782295E-01  4.95775505E-01
  9.17577432E-01  6.36091376E-01
  8.61548338E-01  8.12280875E-01
  7.92101408E-01  9.76623224E-01
  7.12704087E-01  1.12234370E+00
  6.17020174E-01  1.25911573E+00
  4.91428779E-01  1.39346843E+00
  1.72317569E-01  1.57606632E+00
 -1.64101747E-01  1.57830947E+00
 -3.56669545E-01  1.49476898E+00
 -5.16913200E-01  1.36966051E+00
 -6.58503571E-01  1.20412416E+00
 -7.73138327E-01  1.01477990E+00
 -8.56650455E-01  8.25435639E-01
 -9.10159946E-01  6.62811220E-01
 -9.26993872E-01  6.00122360E-01
 -9.60228044E-01  4.46747114E-01
 -9.86974499E-01  2.57402852E-01
 -9.99094908E-01  6.80585894E-02
 -9.97122772E-01 -1.21285673E-01
 -9.80973099E-01 -3.10629935E-01
 -9.49923065E-01 -4.99974198E-01
 -9.02435953E-01 -6.89318460E-01
 -8.61528585E-01 -8.12334508E-01
 -7.71268942E-01 -1.01841504E+00
 -6.87578188E-01 -1.16177655E+00
 -5.86695508E-01 -1.29569219E+00
 -4.27141710E-01 -1.44669551E+00

hb:   line clip z  
clip:
  1.51109392E+00 -1.46850000E+00
  1.55077911E+00 -1.46850000E+00
  1.58600000E+00 -1.46604715E+00
  1.58600000E+00 -1.44669551E+00
  1.58600000E+00 -1.42734387E+00
  1.58600000E+00 -1.25735125E+00
  1.58600000E+00 -1.23799960E+00
  1.58600000E+00 -1.06800698E+00
  1.58600000E+00 -1.04865534E+00
  1.58600000E+00 -8.78662722E-01
  1.58600000E+00 -8.59311079E-01
  1.58600000E+00 -6.89318460E-01
  1.58600000E+00 -6.69966817E-01
  1.58600000E+00 -4.99974198E-01
  1.58600000E+00 -4.80622554E-01
  1.58600000E+00 -3.10629935E-01
  1.58600000E+00 -2.91278292E-01
  1.58600000E+00 -1.21285673E-01
  1.58600000E+00 -1.01934030E-01
  1.58600000E+00  6.80585894E-02
  1.58600000E+00  8.74102325E-02
  1.58600000E+00  2.57402852E-01
  1.58600000E+00  2.76754495E-01
  1.58600000E+00  4.46747114E-01
  1.58600000E+00  4.66098757E-01
  1.58600000E+00  6.36091376E-01
  1.58600000E+00  6.55443019E-01
  1.58600000E+00  8.25435639E-01
  1.58600000E+00  8.44787282E-01
  1.58600000E+00  1.01477990E+00
  1.58600000E+00  1.03413154E+00
  1.58600000E+00  1.20412416E+00
  1.58600000E+00  1.22347581E+00
  1.58600000E+00  1.39346843E+00
  1.58600000E+00  1.41282007E+00
  1.58600000E+00  1.58281269E+00
  1.58600000E+00  1.60216433E+00
  1.58600000E+00  1.77215695E+00
  1.58600000E+00  1.79150859E+00
  1.58600000E+00  1.96150121E+00
  1.58600000E+00  1.98085286E+00
  1.58600000E+00  2.15084547E+00
  1.58600000E+00  2.17019712E+00
  1.58600000E+00  2.34018974E+00
  1.58600000E+00  2.35954138E+00
  1.58600000E+00  2.52953400E+00
  1.58600000E+00  2.54888564E+00
  1.55077911E+00  2.71850000E+00
  1.48600000E+00  2.56512600E+00
  1.48600000E+00  2.52953400E+00
  1.48600000E+00  2.49394199E+00
  1.48600000E+00  2.34018974E+00
  1.48600000E+00  2.30459773E+00
  1.48600000E+00  2.15084547E+00
  1.48600000E+00  2.11525347E+00
  1.48600000E+00  1.96150121E+00
  1.48600000E+00  1.92590921E+00
  1.48600000E+00  1.77215695E+00
  1.48600000E+00  1.73656495E+00
  1.48600000E+00  1.58281269E+00
  1.48600000E+00  1.54722068E+00
  1.48600000E+00  1.39346843E+00
  1.48600000E+00  1.35787642E+00
  1.48600000E+00  1.20412416E+00
  1.48600000E+00  1.16853216E+00
  1.48600000E+00  1.01477990E+00
  1.48600000E+00  9.79187896E-01
  1.48600000E+00  8.25435639E-01
  1.48600000E+00  7.89843634E-01
  1.48600000E+00  6.36091376E-01
  1.48600000E+00  6.00499372E-01
  1.48600000E+00  4.46747114E-01
  1.48600000E+00  4.11155110E-01
  1.48600000E+00  2.57402852E-01
  1.48600000E+00  2.21810847E-01
  1.48600000E+00  6.80585894E-02
  1.48600000E+00  3.24665850E-02
  1.48600000E+00 -1.21285673E-01
  1.48600000E+00 -1.56877677E-01
  1.48600000E+00 -3.10629935E-01
  1.48600000E+00 -3.46221940E-01
  1.48600000E+00 -4.99974198E-01
  1.48600000E+00 -5.35566202E-01
  1.48600000E+00 -6.89318460E-01
  1.48600000E+00 -7.24910464E-01
  1.48600000E+00 -8.78662722E-01
  1.48600000E+00 -9.14254727E-01
  1.48600000E+00 -1.06800698E+00
  1.48600000E+00 -1.10359899E+00
  1.48600000E+00 -1.25735125E+00
  1.48600000E+00 -1.29294325E+00
  1.48600000E+00 -1.44669551E+00

hb:   line clip z  
clip:
 -1.55144781E+00  2.71850000E+00
  1.58600000E+00  2.71887826E+00
  1.58600000E+00  2.73822990E+00
  1.55077911E+00  2.81850000E+00
  1.36946290E+00  2.81850000E+00
  1.20616372E+00  2.81850000E+00
  1.02484751E+00  2.81850000E+00
  8.61548338E-01  2.81850000E+00
  6.80232130E-01  2.81850000E+00
  5.16932953E-01  2.81850000E+00
  3.35616745E-01  2.81850000E+00
  1.72317569E-01  2.81850000E+00
 -8.99863962E-03  2.81850000E+00
 -1.72297816E-01  2.81850000E+00
 -3.53614024E-01  2.81850000E+00
 -5.16913200E-01  2.81850000E+00
 -6.98229409E-01  2.81850000E+00
 -8.61528585E-01  2.81850000E+00
 -1.04284479E+00  2.81850000E+00
 -1.20614397E+00  2.81850000E+00
 -1.38746018E+00  2.81850000E+00
 -1.55075935E+00  2.81850000E+00
 -1.58600000E+00  2.73824076E+00
 -1.58600000E+00  2.71887826E+00

#------------------------------------------------------------------------------
z: xorg(1.03)
p: xfac[c2*0.05] form[c1/0.05] notc noxt noyt dmin(1)
p: ymin(0) ymax(1) xmin(0) xmax(1) cmin(1) cmax(100) nosp
hc: y= 0.005 to 0.995 by 0.01 ; x= 0.5 to 0.5 by 1 ;
 1  2  3  4  5  6  7  8  9 10 11 12 13 14 15 16 17 18 19 20
21 22 23 24 25 26 27 28 29 30 31 32 33 34 35 36 37 38 39 40
41 42 43 44 45 46 47 48 49 50 51 52 53 54 55 56 57 58 59 60
61 62 63 64 65 66 67 68 69 70 71 72 73 74 75 76 77 78 79 80
81 82 83 84 85 86 87 88 89 90 91 92 93 94 95 96 97 98 99 100
z: xorg(0.0)
p: xfac[c2*0.05] form[c1/0.05] nosp afac[c5*0.625] ymin[c3] ymax[c4]
p: noxt noxn ytxt(-1) ynum(-1) xltd(-1) xstd(-1) itic(1) ylog
y: Relative Error
#------------------------------------------------------------------------------

wt: s[c5]
\vspace{-3}
  emin  &=&   0.0000E+00 [MeV]
  emax  &=&   1.0000E+03 [MeV]
  zmin  &=&   9.8470E+01 [cm]
  zmax  &=&   9.8490E+01 [cm]
  part. &=& proton  
e:

#------------------------------------------------------------------------------
z: xorg[-1.03/0.05]
p: form[c1] xfac[c2] afac[c5] nosp notf
p: xmin( -4.000000    ) xmax(  4.000000    )
p: ymin( -6.000000    ) ymax(  5.000000    )
 
# Information for Restart Calculation
# This calculation was newly started
# istdev =  2 # 1:Batch variance, 2:History variance
# resc2  = 8.77191907506287821E-04 # Total source weight or Total source weight / maxcas
# resc3  = 5.47500000000000000E+06 # Total history number or Total batch number
# maxcas =       25000 # History / Batch, only used for istdev=1
# bitrseed = 1010100000101110101111110100101100001011100111100101001100101100 # bit data of rseed
