
Errors of cell definition in EPS Page No. =   1
Overlapped Cell IDs  x, y, z  coodinates
(Cells 0       0  indicate undefined region)
       2    9000    -1.496452E+00  5.000001E-02  9.833727E+01
     600    9000    -1.330177E+00  5.000001E-02  9.833727E+01
     600    9001     1.330215E+00  5.000001E-02  9.833727E+01
       2    9001     1.496489E+00  5.000001E-02  9.833727E+01

Errors of cell definition in EPS Page No. =   1
Overlapped Cell IDs  x, y, z  coodinates
(Cells 0       0  indicate undefined region)
       2    9000    -1.496452E+00  5.000001E-02  9.833727E+01
     600    9000    -1.330177E+00  5.000001E-02  9.833727E+01
     600    9001     1.330215E+00  5.000001E-02  9.833727E+01
       2    9001     1.496489E+00  5.000001E-02  9.833727E+01

Errors of cell definition in EPS Page No. =   1
Overlapped Cell IDs  x, y, z  coodinates
(Cells 0       0  indicate undefined region)
       2    9000    -1.496452E+00  5.000001E-02  9.833727E+01
     600    9000    -1.330177E+00  5.000001E-02  9.833727E+01
     600    9001     1.330215E+00  5.000001E-02  9.833727E+01
       2    9001     1.496489E+00  5.000001E-02  9.833727E+01

Errors of cell definition in EPS Page No. =   1
Overlapped Cell IDs  x, y, z  coodinates
(Cells 0       0  indicate undefined region)
       2    9000    -1.496452E+00  5.000001E-02  9.833727E+01
     600    9000    -1.330177E+00  5.000001E-02  9.833727E+01
     600    9001     1.330215E+00  5.000001E-02  9.833727E+01
       2    9001     1.496489E+00  5.000001E-02  9.833727E+01

Errors of cell definition in EPS Page No. =   1
Overlapped Cell IDs  x, y, z  coodinates
(Cells 0       0  indicate undefined region)
       2    9000    -1.496452E+00  5.000001E-02  9.833727E+01
     600    9000    -1.330177E+00  5.000001E-02  9.833727E+01
     600    9001     1.330215E+00  5.000001E-02  9.833727E+01
       2    9001     1.496489E+00  5.000001E-02  9.833727E+01

Errors of cell definition in EPS Page No. =   1
Overlapped Cell IDs  x, y, z  coodinates
(Cells 0       0  indicate undefined region)
       2    9000    -1.496452E+00  5.000001E-02  9.833727E+01
     600    9000    -1.330177E+00  5.000001E-02  9.833727E+01
     600    9001     1.330215E+00  5.000001E-02  9.833727E+01
       2    9001     1.496489E+00  5.000001E-02  9.833727E+01

Errors of cell definition in EPS Page No. =   1
Overlapped Cell IDs  x, y, z  coodinates
(Cells 0       0  indicate undefined region)
       2    9000    -1.496452E+00  5.000001E-02  9.833727E+01
     600    9000    -1.330177E+00  5.000001E-02  9.833727E+01
     600    9001     1.330215E+00  5.000001E-02  9.833727E+01
       2    9001     1.496489E+00  5.000001E-02  9.833727E+01

Errors of cell definition in EPS Page No. =   1
Overlapped Cell IDs  x, y, z  coodinates
(Cells 0       0  indicate undefined region)
       2    9000    -1.496452E+00  5.000001E-02  9.833727E+01
     600    9000    -1.330177E+00  5.000001E-02  9.833727E+01
     600    9001     1.330215E+00  5.000001E-02  9.833727E+01
       2    9001     1.496489E+00  5.000001E-02  9.833727E+01

Errors of cell definition in EPS Page No. =   1
Overlapped Cell IDs  x, y, z  coodinates
(Cells 0       0  indicate undefined region)
       2    9000    -1.496452E+00  5.000001E-02  9.833727E+01
     600    9000    -1.330177E+00  5.000001E-02  9.833727E+01
     600    9001     1.330215E+00  5.000001E-02  9.833727E+01
       2    9001     1.496489E+00  5.000001E-02  9.833727E+01

Errors of cell definition in EPS Page No. =   1
Overlapped Cell IDs  x, y, z  coodinates
(Cells 0       0  indicate undefined region)
       2    9000    -1.496452E+00  5.000001E-02  9.833727E+01
     600    9000    -1.330177E+00  5.000001E-02  9.833727E+01
     600    9001     1.330215E+00  5.000001E-02  9.833727E+01
       2    9001     1.496489E+00  5.000001E-02  9.833727E+01

Errors of cell definition in EPS Page No. =   1
Overlapped Cell IDs  x, y, z  coodinates
(Cells 0       0  indicate undefined region)
       2    9000    -1.496452E+00  5.000001E-02  9.833727E+01
       2    9000    -1.330177E+00  5.000001E-02  9.833727E+01
       2    9001     1.330215E+00  5.000001E-02  9.833727E+01
       2    9001     1.496489E+00  5.000001E-02  9.833727E+01

Errors of cell definition in EPS Page No. =   1
Overlapped Cell IDs  x, y, z  coodinates
(Cells 0       0  indicate undefined region)
       2    9000    -1.496452E+00  5.000001E-02  9.833727E+01
       2    9000    -1.330177E+00  5.000001E-02  9.833727E+01
       2    9001     1.330215E+00  5.000001E-02  9.833727E+01
       2    9001     1.496489E+00  5.000001E-02  9.833727E+01

Errors of cell definition in EPS Page No. =   1
Overlapped Cell IDs  x, y, z  coodinates
(Cells 0       0  indicate undefined region)
       2    9000    -1.496452E+00  5.000001E-02  9.833727E+01
       2    9000    -1.330177E+00  5.000001E-02  9.833727E+01
       2    9001     1.330215E+00  5.000001E-02  9.833727E+01
       2    9001     1.496489E+00  5.000001E-02  9.833727E+01

Errors of cell definition in EPS Page No. =   1
Overlapped Cell IDs  x, y, z  coodinates
(Cells 0       0  indicate undefined region)
       2    9000    -1.496452E+00  5.000001E-02  9.833727E+01
       2    9000    -1.330177E+00  5.000001E-02  9.833727E+01
       2    9001     1.330215E+00  5.000001E-02  9.833727E+01
       2    9001     1.496489E+00  5.000001E-02  9.833727E+01

Errors of cell definition in EPS Page No. =   1
Overlapped Cell IDs  x, y, z  coodinates
(Cells 0       0  indicate undefined region)
       2    9000    -1.496452E+00  5.000001E-02  9.833727E+01
       2    9000    -1.330177E+00  5.000001E-02  9.833727E+01
       2    9001     1.330215E+00  5.000001E-02  9.833727E+01
       2    9001     1.496489E+00  5.000001E-02  9.833727E+01

Errors of cell definition in EPS Page No. =   1
Overlapped Cell IDs  x, y, z  coodinates
(Cells 0       0  indicate undefined region)
       2    9000    -1.496452E+00  5.000001E-02  9.833727E+01
       2    9000    -1.330177E+00  5.000001E-02  9.833727E+01
       2    9001     1.330215E+00  5.000001E-02  9.833727E+01
       2    9001     1.496489E+00  5.000001E-02  9.833727E+01

Errors of cell definition in EPS Page No. =   1
Overlapped Cell IDs  x, y, z  coodinates
(Cells 0       0  indicate undefined region)
       2    9000    -1.496452E+00  5.000001E-02  9.833727E+01
       2    9000    -1.330177E+00  5.000001E-02  9.833727E+01
       2    9001     1.330215E+00  5.000001E-02  9.833727E+01
       2    9001     1.496489E+00  5.000001E-02  9.833727E+01

Errors of cell definition in EPS Page No. =   1
Overlapped Cell IDs  x, y, z  coodinates
(Cells 0       0  indicate undefined region)
       2    9000    -1.496452E+00  5.000001E-02  9.833727E+01
     600    9000    -1.330177E+00  5.000001E-02  9.833727E+01
     600    9001     1.330215E+00  5.000001E-02  9.833727E+01
       2    9001     1.496489E+00  5.000001E-02  9.833727E+01

Errors of cell definition in EPS Page No. =   1
Overlapped Cell IDs  x, y, z  coodinates
(Cells 0       0  indicate undefined region)
       2    9000    -1.496452E+00  5.000001E-02  9.833727E+01
       2    9001     1.496489E+00  5.000001E-02  9.833727E+01

Errors of cell definition in EPS Page No. =   1
Overlapped Cell IDs  x, y, z  coodinates
(Cells 0       0  indicate undefined region)
       2    9000    -1.496452E+00  5.000001E-02  9.833727E+01
       2    9001     1.496489E+00  5.000001E-02  9.833727E+01

Errors of cell definition in EPS Page No. =   1
Overlapped Cell IDs  x, y, z  coodinates
(Cells 0       0  indicate undefined region)
       2    9000    -1.496452E+00  5.000001E-02  9.833727E+01
       2    9001     1.496489E+00  5.000001E-02  9.833727E+01

Errors of cell definition in EPS Page No. =   1
Overlapped Cell IDs  x, y, z  coodinates
(Cells 0       0  indicate undefined region)
       2    9000    -1.496452E+00  5.000001E-02  9.833727E+01
       2    9001     1.496489E+00  5.000001E-02  9.833727E+01

Errors of cell definition in EPS Page No. =   1
Overlapped Cell IDs  x, y, z  coodinates
(Cells 0       0  indicate undefined region)
       2    9000    -1.496452E+00  5.000001E-02  9.833727E+01
       2    9001     1.496489E+00  5.000001E-02  9.833727E+01

Errors of cell definition in EPS Page No. =   1
Overlapped Cell IDs  x, y, z  coodinates
(Cells 0       0  indicate undefined region)
       2    9000    -1.496452E+00  5.000001E-02  9.833727E+01
       2    9001     1.496489E+00  5.000001E-02  9.833727E+01

Errors of cell definition in EPS Page No. =   1
Overlapped Cell IDs  x, y, z  coodinates
(Cells 0       0  indicate undefined region)
       2    9000    -1.496452E+00  5.000001E-02  9.833727E+01
       2    9001     1.496489E+00  5.000001E-02  9.833727E+01

Errors of cell definition in EPS Page No. =   1
Overlapped Cell IDs  x, y, z  coodinates
(Cells 0       0  indicate undefined region)
       2    9000    -1.496452E+00  5.000001E-02  9.833727E+01
       2    9001     1.496489E+00  5.000001E-02  9.833727E+01

Errors of cell definition in EPS Page No. =   1
Overlapped Cell IDs  x, y, z  coodinates
(Cells 0       0  indicate undefined region)
       2    9000    -1.496452E+00  5.000001E-02  9.833727E+01

Errors of cell definition in EPS Page No. =   1
Overlapped Cell IDs  x, y, z  coodinates
(Cells 0       0  indicate undefined region)
       2    9000    -1.496452E+00  5.000001E-02  9.833727E+01

Errors of cell definition in EPS Page No. =   1
Overlapped Cell IDs  x, y, z  coodinates
(Cells 0       0  indicate undefined region)
       2    9000    -1.496452E+00  5.000001E-02  9.833727E+01

Errors of cell definition in EPS Page No. =   1
Overlapped Cell IDs  x, y, z  coodinates
(Cells 0       0  indicate undefined region)
       2    9000    -1.496452E+00  5.000001E-02  9.833727E+01

Errors of cell definition in EPS Page No. =   1
Overlapped Cell IDs  x, y, z  coodinates
(Cells 0       0  indicate undefined region)
       2    9000    -1.496452E+00  5.000001E-02  9.833727E+01

Errors of cell definition in EPS Page No. =   1
Overlapped Cell IDs  x, y, z  coodinates
(Cells 0       0  indicate undefined region)
       2    9000    -1.496452E+00  5.000001E-02  9.833727E+01

Errors of cell definition in EPS Page No. =   1
Overlapped Cell IDs  x, y, z  coodinates
(Cells 0       0  indicate undefined region)
       2    9000    -1.496452E+00  5.000001E-02  9.833727E+01

Errors of cell definition in EPS Page No. =   1
Overlapped Cell IDs  x, y, z  coodinates
(Cells 0       0  indicate undefined region)
       2    9000    -1.496452E+00  5.000001E-02  9.833727E+01

Errors of cell definition in EPS Page No. =   1
Overlapped Cell IDs  x, y, z  coodinates
(Cells 0       0  indicate undefined region)
       2    9000    -1.496452E+00  5.000001E-02  9.833727E+01

Errors of cell definition in EPS Page No. =   1
Overlapped Cell IDs  x, y, z  coodinates
(Cells 0       0  indicate undefined region)
       2    9000    -1.496452E+00  5.000001E-02  9.833727E+01
       2    9000    -1.330177E+00  5.000001E-02  9.833727E+01

Errors of cell definition in EPS Page No. =   1
Overlapped Cell IDs  x, y, z  coodinates
(Cells 0       0  indicate undefined region)
       2    9000    -1.496452E+00  5.000001E-02  9.833727E+01
       2    9000    -1.330177E+00  5.000001E-02  9.833727E+01

Errors of cell definition in EPS Page No. =   1
Overlapped Cell IDs  x, y, z  coodinates
(Cells 0       0  indicate undefined region)
       2    9000    -1.496452E+00  5.000001E-02  9.833727E+01
       2    9000    -1.330177E+00  5.000001E-02  9.833727E+01

Errors of cell definition in EPS Page No. =   1
Overlapped Cell IDs  x, y, z  coodinates
(Cells 0       0  indicate undefined region)
       2    9000    -1.496452E+00  5.000001E-02  9.833727E+01
       2    9000    -1.330177E+00  5.000001E-02  9.833727E+01
