[ T-Deposit ]
    title = Bragg peak in pouch
     mesh =  r-z            # mesh type is r-z scoring mesh
       x0 =   0.000000      # center x-position of r-z mesh
       y0 =   0.000000      # center y-position of r-z mesh
   r-type =    2            # r-mesh is linear given by rmin, rmax and nr
     rmin =   0.000000      # minimum value of r-mesh points
     rmax =  0.5000000      # maximum value of r-mesh points
#    rdel =  0.5000000      # mesh width of r-mesh points
       nr =      1          # number of r-mesh points
#    data = ( r(i), i = 1, nr + 1 )
#           0.00000E+00  5.00000E-01
   z-type =    2            # z-mesh is linear given by zmin, zmax and nz
     zmin =   57.00000      # minimum value of z-mesh points
     zmax =   63.00000      # maximum value of z-mesh points
#    zdel =  1.5000000E-02  # mesh width of z-mesh points
       nz =    400          # number of z-mesh points
#    data = ( z(i), i = 1, nz + 1 )
#           5.70000E+01  5.70150E+01  5.70300E+01  5.70450E+01  5.70600E+01
#           5.70750E+01  5.70900E+01  5.71050E+01  5.71200E+01  5.71350E+01
#           5.71500E+01  5.71650E+01  5.71800E+01  5.71950E+01  5.72100E+01
#           5.72250E+01  5.72400E+01  5.72550E+01  5.72700E+01  5.72850E+01
#           5.73000E+01  5.73150E+01  5.73300E+01  5.73450E+01  5.73600E+01
#           5.73750E+01  5.73900E+01  5.74050E+01  5.74200E+01  5.74350E+01
#           5.74500E+01  5.74650E+01  5.74800E+01  5.74950E+01  5.75100E+01
#           5.75250E+01  5.75400E+01  5.75550E+01  5.75700E+01  5.75850E+01
#           5.76000E+01  5.76150E+01  5.76300E+01  5.76450E+01  5.76600E+01
#           5.76750E+01  5.76900E+01  5.77050E+01  5.77200E+01  5.77350E+01
#           5.77500E+01  5.77650E+01  5.77800E+01  5.77950E+01  5.78100E+01
#           5.78250E+01  5.78400E+01  5.78550E+01  5.78700E+01  5.78850E+01
#           5.79000E+01  5.79150E+01  5.79300E+01  5.79450E+01  5.79600E+01
#           5.79750E+01  5.79900E+01  5.80050E+01  5.80200E+01  5.80350E+01
#           5.80500E+01  5.80650E+01  5.80800E+01  5.80950E+01  5.81100E+01
#           5.81250E+01  5.81400E+01  5.81550E+01  5.81700E+01  5.81850E+01
#           5.82000E+01  5.82150E+01  5.82300E+01  5.82450E+01  5.82600E+01
#           5.82750E+01  5.82900E+01  5.83050E+01  5.83200E+01  5.83350E+01
#           5.83500E+01  5.83650E+01  5.83800E+01  5.83950E+01  5.84100E+01
#           5.84250E+01  5.84400E+01  5.84550E+01  5.84700E+01  5.84850E+01
#           5.85000E+01  5.85150E+01  5.85300E+01  5.85450E+01  5.85600E+01
#           5.85750E+01  5.85900E+01  5.86050E+01  5.86200E+01  5.86350E+01
#           5.86500E+01  5.86650E+01  5.86800E+01  5.86950E+01  5.87100E+01
#           5.87250E+01  5.87400E+01  5.87550E+01  5.87700E+01  5.87850E+01
#           5.88000E+01  5.88150E+01  5.88300E+01  5.88450E+01  5.88600E+01
#           5.88750E+01  5.88900E+01  5.89050E+01  5.89200E+01  5.89350E+01
#           5.89500E+01  5.89650E+01  5.89800E+01  5.89950E+01  5.90100E+01
#           5.90250E+01  5.90400E+01  5.90550E+01  5.90700E+01  5.90850E+01
#           5.91000E+01  5.91150E+01  5.91300E+01  5.91450E+01  5.91600E+01
#           5.91750E+01  5.91900E+01  5.92050E+01  5.92200E+01  5.92350E+01
#           5.92500E+01  5.92650E+01  5.92800E+01  5.92950E+01  5.93100E+01
#           5.93250E+01  5.93400E+01  5.93550E+01  5.93700E+01  5.93850E+01
#           5.94000E+01  5.94150E+01  5.94300E+01  5.94450E+01  5.94600E+01
#           5.94750E+01  5.94900E+01  5.95050E+01  5.95200E+01  5.95350E+01
#           5.95500E+01  5.95650E+01  5.95800E+01  5.95950E+01  5.96100E+01
#           5.96250E+01  5.96400E+01  5.96550E+01  5.96700E+01  5.96850E+01
#           5.97000E+01  5.97150E+01  5.97300E+01  5.97450E+01  5.97600E+01
#           5.97750E+01  5.97900E+01  5.98050E+01  5.98200E+01  5.98350E+01
#           5.98500E+01  5.98650E+01  5.98800E+01  5.98950E+01  5.99100E+01
#           5.99250E+01  5.99400E+01  5.99550E+01  5.99700E+01  5.99850E+01
#           6.00000E+01  6.00150E+01  6.00300E+01  6.00450E+01  6.00600E+01
#           6.00750E+01  6.00900E+01  6.01050E+01  6.01200E+01  6.01350E+01
#           6.01500E+01  6.01650E+01  6.01800E+01  6.01950E+01  6.02100E+01
#           6.02250E+01  6.02400E+01  6.02550E+01  6.02700E+01  6.02850E+01
#           6.03000E+01  6.03150E+01  6.03300E+01  6.03450E+01  6.03600E+01
#           6.03750E+01  6.03900E+01  6.04050E+01  6.04200E+01  6.04350E+01
#           6.04500E+01  6.04650E+01  6.04800E+01  6.04950E+01  6.05100E+01
#           6.05250E+01  6.05400E+01  6.05550E+01  6.05700E+01  6.05850E+01
#           6.06000E+01  6.06150E+01  6.06300E+01  6.06450E+01  6.06600E+01
#           6.06750E+01  6.06900E+01  6.07050E+01  6.07200E+01  6.07350E+01
#           6.07500E+01  6.07650E+01  6.07800E+01  6.07950E+01  6.08100E+01
#           6.08250E+01  6.08400E+01  6.08550E+01  6.08700E+01  6.08850E+01
#           6.09000E+01  6.09150E+01  6.09300E+01  6.09450E+01  6.09600E+01
#           6.09750E+01  6.09900E+01  6.10050E+01  6.10200E+01  6.10350E+01
#           6.10500E+01  6.10650E+01  6.10800E+01  6.10950E+01  6.11100E+01
#           6.11250E+01  6.11400E+01  6.11550E+01  6.11700E+01  6.11850E+01
#           6.12000E+01  6.12150E+01  6.12300E+01  6.12450E+01  6.12600E+01
#           6.12750E+01  6.12900E+01  6.13050E+01  6.13200E+01  6.13350E+01
#           6.13500E+01  6.13650E+01  6.13800E+01  6.13950E+01  6.14100E+01
#           6.14250E+01  6.14400E+01  6.14550E+01  6.14700E+01  6.14850E+01
#           6.15000E+01  6.15150E+01  6.15300E+01  6.15450E+01  6.15600E+01
#           6.15750E+01  6.15900E+01  6.16050E+01  6.16200E+01  6.16350E+01
#           6.16500E+01  6.16650E+01  6.16800E+01  6.16950E+01  6.17100E+01
#           6.17250E+01  6.17400E+01  6.17550E+01  6.17700E+01  6.17850E+01
#           6.18000E+01  6.18150E+01  6.18300E+01  6.18450E+01  6.18600E+01
#           6.18750E+01  6.18900E+01  6.19050E+01  6.19200E+01  6.19350E+01
#           6.19500E+01  6.19650E+01  6.19800E+01  6.19950E+01  6.20100E+01
#           6.20250E+01  6.20400E+01  6.20550E+01  6.20700E+01  6.20850E+01
#           6.21000E+01  6.21150E+01  6.21300E+01  6.21450E+01  6.21600E+01
#           6.21750E+01  6.21900E+01  6.22050E+01  6.22200E+01  6.22350E+01
#           6.22500E+01  6.22650E+01  6.22800E+01  6.22950E+01  6.23100E+01
#           6.23250E+01  6.23400E+01  6.23550E+01  6.23700E+01  6.23850E+01
#           6.24000E+01  6.24150E+01  6.24300E+01  6.24450E+01  6.24600E+01
#           6.24750E+01  6.24900E+01  6.25050E+01  6.25200E+01  6.25350E+01
#           6.25500E+01  6.25650E+01  6.25800E+01  6.25950E+01  6.26100E+01
#           6.26250E+01  6.26400E+01  6.26550E+01  6.26700E+01  6.26850E+01
#           6.27000E+01  6.27150E+01  6.27300E+01  6.27450E+01  6.27600E+01
#           6.27750E+01  6.27900E+01  6.28050E+01  6.28200E+01  6.28350E+01
#           6.28500E+01  6.28650E+01  6.28800E+01  6.28950E+01  6.29100E+01
#           6.29250E+01  6.29400E+01  6.29550E+01  6.29700E+01  6.29850E+01
#           6.30000E+01
     unit =    0            # unit is [Gy/source]
   letmat =    0            # (D=0) mat ID for LET, 0:real mat, <0: electron for H2O
  dedxfnc =    0            # (D=0) user defined multiplier, 0(no), 1, 2
 material =  all            # (D=all) number of specific material
   output =  dose           # total deposit energy
  deposit =    0            # (D=0) 0-> total deposit dist, 1-> each process
     axis =     z           # axis of output
     file = bragg_pouch_zcilindJesus.out  # file name of output for the above axis
     part =  proton   
# kf/name :  2212     
   epsout =    1            # (D=0) generate eps file by ANGEL
   mother =  all            # (D=all) number of specific mother
#    used :        main (  %)        temp (  %)       total (  %)
#  memory :         406 (  0)           0 (  0)         406 (  0)

#------------------------------------------------------------------------------
#newpage:
#   no. =  1   ir  =  1
#   r = (   0.0000E+00  -   5.0000E-01  )

x: z [cm]
y: Dose [Gy/source]      
p: xlin ylog afac(0.8) form(0.9)
h: n            x            y(proton  ),hh0l n 
#  z-lower      z-upper        proton    r.err 
   5.7000E+01   5.7015E+01   1.1899E-02  0.0041
   5.7015E+01   5.7030E+01   1.1993E-02  0.0042
   5.7030E+01   5.7045E+01   1.1961E-02  0.0041
   5.7045E+01   5.7060E+01   1.1963E-02  0.0041
   5.7060E+01   5.7075E+01   1.1970E-02  0.0041
   5.7075E+01   5.7090E+01   1.2001E-02  0.0041
   5.7090E+01   5.7105E+01   1.1875E-02  0.0041
   5.7105E+01   5.7120E+01   1.1954E-02  0.0041
   5.7120E+01   5.7135E+01   1.1922E-02  0.0041
   5.7135E+01   5.7150E+01   1.1881E-02  0.0041
   5.7150E+01   5.7165E+01   1.1979E-02  0.0042
   5.7165E+01   5.7180E+01   1.1870E-02  0.0041
   5.7180E+01   5.7195E+01   1.1886E-02  0.0041
   5.7195E+01   5.7210E+01   1.1928E-02  0.0041
   5.7210E+01   5.7225E+01   1.1896E-02  0.0041
   5.7225E+01   5.7240E+01   1.1855E-02  0.0041
   5.7240E+01   5.7255E+01   1.1878E-02  0.0041
   5.7255E+01   5.7270E+01   1.1859E-02  0.0041
   5.7270E+01   5.7285E+01   1.1914E-02  0.0041
   5.7285E+01   5.7300E+01   1.1977E-02  0.0042
   5.7300E+01   5.7315E+01   1.1909E-02  0.0041
   5.7315E+01   5.7330E+01   1.1863E-02  0.0041
   5.7330E+01   5.7345E+01   1.1941E-02  0.0042
   5.7345E+01   5.7360E+01   1.1870E-02  0.0041
   5.7360E+01   5.7375E+01   1.1918E-02  0.0041
   5.7375E+01   5.7390E+01   1.1856E-02  0.0041
   5.7390E+01   5.7405E+01   1.1887E-02  0.0041
   5.7405E+01   5.7420E+01   1.1889E-02  0.0041
   5.7420E+01   5.7435E+01   1.1874E-02  0.0042
   5.7435E+01   5.7450E+01   1.1829E-02  0.0042
   5.7450E+01   5.7465E+01   1.1863E-02  0.0041
   5.7465E+01   5.7480E+01   1.1893E-02  0.0042
   5.7480E+01   5.7495E+01   1.1870E-02  0.0042
   5.7495E+01   5.7510E+01   1.1875E-02  0.0041
   5.7510E+01   5.7525E+01   1.1839E-02  0.0041
   5.7525E+01   5.7540E+01   1.1798E-02  0.0041
   5.7540E+01   5.7555E+01   1.1863E-02  0.0041
   5.7555E+01   5.7570E+01   1.1877E-02  0.0041
   5.7570E+01   5.7585E+01   1.1873E-02  0.0041
   5.7585E+01   5.7600E+01   1.1872E-02  0.0041
   5.7600E+01   5.7615E+01   1.1875E-02  0.0041
   5.7615E+01   5.7630E+01   1.1910E-02  0.0041
   5.7630E+01   5.7645E+01   1.1908E-02  0.0042
   5.7645E+01   5.7660E+01   1.1882E-02  0.0042
   5.7660E+01   5.7675E+01   1.1832E-02  0.0041
   5.7675E+01   5.7690E+01   1.1891E-02  0.0042
   5.7690E+01   5.7705E+01   1.1892E-02  0.0042
   5.7705E+01   5.7720E+01   1.1792E-02  0.0041
   5.7720E+01   5.7735E+01   1.1875E-02  0.0041
   5.7735E+01   5.7750E+01   1.1912E-02  0.0042
   5.7750E+01   5.7765E+01   1.1785E-02  0.0041
   5.7765E+01   5.7780E+01   1.1830E-02  0.0041
   5.7780E+01   5.7795E+01   1.1758E-02  0.0041
   5.7795E+01   5.7810E+01   1.1784E-02  0.0041
   5.7810E+01   5.7825E+01   1.1791E-02  0.0041
   5.7825E+01   5.7840E+01   1.1806E-02  0.0041
   5.7840E+01   5.7855E+01   1.1879E-02  0.0042
   5.7855E+01   5.7870E+01   1.1790E-02  0.0041
   5.7870E+01   5.7885E+01   1.1880E-02  0.0042
   5.7885E+01   5.7900E+01   1.1835E-02  0.0042
   5.7900E+01   5.7915E+01   1.1779E-02  0.0041
   5.7915E+01   5.7930E+01   1.1844E-02  0.0041
   5.7930E+01   5.7945E+01   1.1794E-02  0.0041
   5.7945E+01   5.7960E+01   1.1766E-02  0.0041
   5.7960E+01   5.7975E+01   1.1784E-02  0.0041
   5.7975E+01   5.7990E+01   1.1849E-02  0.0042
   5.7990E+01   5.8005E+01   1.1811E-02  0.0041
   5.8005E+01   5.8020E+01   1.1868E-02  0.0042
   5.8020E+01   5.8035E+01   1.1791E-02  0.0041
   5.8035E+01   5.8050E+01   1.1743E-02  0.0041
   5.8050E+01   5.8065E+01   1.1793E-02  0.0042
   5.8065E+01   5.8080E+01   1.1810E-02  0.0042
   5.8080E+01   5.8095E+01   1.1804E-02  0.0042
   5.8095E+01   5.8110E+01   1.1821E-02  0.0042
   5.8110E+01   5.8125E+01   1.1836E-02  0.0042
   5.8125E+01   5.8140E+01   1.1866E-02  0.0042
   5.8140E+01   5.8155E+01   1.1787E-02  0.0041
   5.8155E+01   5.8170E+01   1.1749E-02  0.0042
   5.8170E+01   5.8185E+01   1.1787E-02  0.0041
   5.8185E+01   5.8200E+01   1.1836E-02  0.0042
   5.8200E+01   5.8215E+01   1.1798E-02  0.0042
   5.8215E+01   5.8230E+01   1.1837E-02  0.0042
   5.8230E+01   5.8245E+01   1.1827E-02  0.0042
   5.8245E+01   5.8260E+01   1.1765E-02  0.0042
   5.8260E+01   5.8275E+01   1.1756E-02  0.0041
   5.8275E+01   5.8290E+01   1.1757E-02  0.0041
   5.8290E+01   5.8305E+01   1.1770E-02  0.0041
   5.8305E+01   5.8320E+01   1.1706E-02  0.0041
   5.8320E+01   5.8335E+01   1.1760E-02  0.0042
   5.8335E+01   5.8350E+01   1.1812E-02  0.0042
   5.8350E+01   5.8365E+01   1.1804E-02  0.0042
   5.8365E+01   5.8380E+01   1.1687E-02  0.0041
   5.8380E+01   5.8395E+01   1.1778E-02  0.0041
   5.8395E+01   5.8410E+01   1.1711E-02  0.0042
   5.8410E+01   5.8425E+01   1.1710E-02  0.0041
   5.8425E+01   5.8440E+01   1.1662E-02  0.0041
   5.8440E+01   5.8455E+01   1.1781E-02  0.0042
   5.8455E+01   5.8470E+01   1.1752E-02  0.0042
   5.8470E+01   5.8485E+01   1.1723E-02  0.0041
   5.8485E+01   5.8500E+01   1.1697E-02  0.0042
   5.8500E+01   5.8515E+01   1.1656E-02  0.0041
   5.8515E+01   5.8530E+01   1.1666E-02  0.0041
   5.8530E+01   5.8545E+01   1.1739E-02  0.0042
   5.8545E+01   5.8560E+01   1.1763E-02  0.0042
   5.8560E+01   5.8575E+01   1.1699E-02  0.0041
   5.8575E+01   5.8590E+01   1.1717E-02  0.0041
   5.8590E+01   5.8605E+01   1.1802E-02  0.0042
   5.8605E+01   5.8620E+01   1.1629E-02  0.0041
   5.8620E+01   5.8635E+01   1.1636E-02  0.0041
   5.8635E+01   5.8650E+01   1.1716E-02  0.0041
   5.8650E+01   5.8665E+01   1.1726E-02  0.0042
   5.8665E+01   5.8680E+01   1.1701E-02  0.0042
   5.8680E+01   5.8695E+01   1.1688E-02  0.0042
   5.8695E+01   5.8710E+01   1.1637E-02  0.0041
   5.8710E+01   5.8725E+01   1.1704E-02  0.0041
   5.8725E+01   5.8740E+01   1.1695E-02  0.0041
   5.8740E+01   5.8755E+01   1.1698E-02  0.0041
   5.8755E+01   5.8770E+01   1.1730E-02  0.0042
   5.8770E+01   5.8785E+01   1.1671E-02  0.0041
   5.8785E+01   5.8800E+01   1.1716E-02  0.0042
   5.8800E+01   5.8815E+01   1.1724E-02  0.0042
   5.8815E+01   5.8830E+01   1.1669E-02  0.0042
   5.8830E+01   5.8845E+01   1.1666E-02  0.0041
   5.8845E+01   5.8860E+01   1.1727E-02  0.0042
   5.8860E+01   5.8875E+01   1.1646E-02  0.0042
   5.8875E+01   5.8890E+01   1.1699E-02  0.0041
   5.8890E+01   5.8905E+01   1.1722E-02  0.0042
   5.8905E+01   5.8920E+01   1.1752E-02  0.0042
   5.8920E+01   5.8935E+01   1.1669E-02  0.0042
   5.8935E+01   5.8950E+01   1.1678E-02  0.0042
   5.8950E+01   5.8965E+01   1.1659E-02  0.0042
   5.8965E+01   5.8980E+01   1.1670E-02  0.0042
   5.8980E+01   5.8995E+01   1.1633E-02  0.0041
   5.8995E+01   5.9010E+01   1.1642E-02  0.0042
   5.9010E+01   5.9025E+01   1.1650E-02  0.0042
   5.9025E+01   5.9040E+01   1.1733E-02  0.0042
   5.9040E+01   5.9055E+01   1.1722E-02  0.0042
   5.9055E+01   5.9070E+01   1.1585E-02  0.0041
   5.9070E+01   5.9085E+01   1.1581E-02  0.0041
   5.9085E+01   5.9100E+01   1.1610E-02  0.0041
   5.9100E+01   5.9115E+01   1.1626E-02  0.0041
   5.9115E+01   5.9130E+01   1.1647E-02  0.0042
   5.9130E+01   5.9145E+01   1.1690E-02  0.0042
   5.9145E+01   5.9160E+01   1.1724E-02  0.0042
   5.9160E+01   5.9175E+01   1.1644E-02  0.0041
   5.9175E+01   5.9190E+01   1.1616E-02  0.0042
   5.9190E+01   5.9205E+01   1.1590E-02  0.0041
   5.9205E+01   5.9220E+01   1.1638E-02  0.0042
   5.9220E+01   5.9235E+01   1.1609E-02  0.0042
   5.9235E+01   5.9250E+01   1.1750E-02  0.0042
   5.9250E+01   5.9265E+01   1.1744E-02  0.0043
   5.9265E+01   5.9280E+01   1.1653E-02  0.0042
   5.9280E+01   5.9295E+01   1.1653E-02  0.0042
   5.9295E+01   5.9310E+01   1.1588E-02  0.0041
   5.9310E+01   5.9325E+01   1.1584E-02  0.0041
   5.9325E+01   5.9340E+01   1.1636E-02  0.0042
   5.9340E+01   5.9355E+01   1.1622E-02  0.0042
   5.9355E+01   5.9370E+01   1.1655E-02  0.0042
   5.9370E+01   5.9385E+01   1.1575E-02  0.0042
   5.9385E+01   5.9400E+01   1.1621E-02  0.0042
   5.9400E+01   5.9415E+01   1.1630E-02  0.0042
   5.9415E+01   5.9430E+01   1.1634E-02  0.0042
   5.9430E+01   5.9445E+01   1.1555E-02  0.0041
   5.9445E+01   5.9460E+01   1.1608E-02  0.0042
   5.9460E+01   5.9475E+01   1.1583E-02  0.0042
   5.9475E+01   5.9490E+01   1.1534E-02  0.0042
   5.9490E+01   5.9505E+01   1.1587E-02  0.0042
   5.9505E+01   5.9520E+01   1.1568E-02  0.0041
   5.9520E+01   5.9535E+01   1.1655E-02  0.0042
   5.9535E+01   5.9550E+01   1.1571E-02  0.0042
   5.9550E+01   5.9565E+01   1.1606E-02  0.0042
   5.9565E+01   5.9580E+01   1.1618E-02  0.0042
   5.9580E+01   5.9595E+01   1.1606E-02  0.0042
   5.9595E+01   5.9610E+01   1.1540E-02  0.0041
   5.9610E+01   5.9625E+01   1.1607E-02  0.0042
   5.9625E+01   5.9640E+01   1.1629E-02  0.0042
   5.9640E+01   5.9655E+01   1.1619E-02  0.0042
   5.9655E+01   5.9670E+01   1.1581E-02  0.0042
   5.9670E+01   5.9685E+01   1.1583E-02  0.0042
   5.9685E+01   5.9700E+01   1.1472E-02  0.0041
   5.9700E+01   5.9715E+01   1.1534E-02  0.0041
   5.9715E+01   5.9730E+01   1.1589E-02  0.0041
   5.9730E+01   5.9745E+01   1.1608E-02  0.0042
   5.9745E+01   5.9760E+01   1.1537E-02  0.0042
   5.9760E+01   5.9775E+01   1.1524E-02  0.0042
   5.9775E+01   5.9790E+01   1.1524E-02  0.0042
   5.9790E+01   5.9805E+01   1.1586E-02  0.0042
   5.9805E+01   5.9820E+01   1.1602E-02  0.0042
   5.9820E+01   5.9835E+01   1.1484E-02  0.0041
   5.9835E+01   5.9850E+01   1.1581E-02  0.0042
   5.9850E+01   5.9865E+01   1.1522E-02  0.0042
   5.9865E+01   5.9880E+01   1.1552E-02  0.0041
   5.9880E+01   5.9895E+01   1.1560E-02  0.0042
   5.9895E+01   5.9910E+01   1.1470E-02  0.0041
   5.9910E+01   5.9925E+01   1.1533E-02  0.0042
   5.9925E+01   5.9940E+01   1.1482E-02  0.0041
   5.9940E+01   5.9955E+01   1.1566E-02  0.0042
   5.9955E+01   5.9970E+01   1.1381E-02  0.0041
   5.9970E+01   5.9985E+01   1.1542E-02  0.0042
   5.9985E+01   6.0000E+01   1.1469E-02  0.0042
   6.0000E+01   6.0015E+01   1.1523E-02  0.0042
   6.0015E+01   6.0030E+01   1.1525E-02  0.0042
   6.0030E+01   6.0045E+01   1.1514E-02  0.0042
   6.0045E+01   6.0060E+01   1.1485E-02  0.0042
   6.0060E+01   6.0075E+01   1.1484E-02  0.0041
   6.0075E+01   6.0090E+01   1.1495E-02  0.0042
   6.0090E+01   6.0105E+01   1.1491E-02  0.0042
   6.0105E+01   6.0120E+01   1.1572E-02  0.0042
   6.0120E+01   6.0135E+01   1.1501E-02  0.0042
   6.0135E+01   6.0150E+01   1.1460E-02  0.0042
   6.0150E+01   6.0165E+01   1.1494E-02  0.0042
   6.0165E+01   6.0180E+01   1.1530E-02  0.0042
   6.0180E+01   6.0195E+01   1.1509E-02  0.0042
   6.0195E+01   6.0210E+01   1.1483E-02  0.0042
   6.0210E+01   6.0225E+01   1.1498E-02  0.0042
   6.0225E+01   6.0240E+01   1.1488E-02  0.0042
   6.0240E+01   6.0255E+01   1.1508E-02  0.0042
   6.0255E+01   6.0270E+01   1.1523E-02  0.0042
   6.0270E+01   6.0285E+01   1.1454E-02  0.0042
   6.0285E+01   6.0300E+01   1.1539E-02  0.0042
   6.0300E+01   6.0315E+01   1.1528E-02  0.0042
   6.0315E+01   6.0330E+01   1.1478E-02  0.0042
   6.0330E+01   6.0345E+01   1.1453E-02  0.0042
   6.0345E+01   6.0360E+01   1.1427E-02  0.0042
   6.0360E+01   6.0375E+01   1.1507E-02  0.0043
   6.0375E+01   6.0390E+01   1.1466E-02  0.0042
   6.0390E+01   6.0405E+01   1.1425E-02  0.0042
   6.0405E+01   6.0420E+01   1.1528E-02  0.0042
   6.0420E+01   6.0435E+01   1.1482E-02  0.0042
   6.0435E+01   6.0450E+01   1.1375E-02  0.0042
   6.0450E+01   6.0465E+01   1.1462E-02  0.0042
   6.0465E+01   6.0480E+01   1.1505E-02  0.0043
   6.0480E+01   6.0495E+01   1.1437E-02  0.0042
   6.0495E+01   6.0510E+01   1.1469E-02  0.0042
   6.0510E+01   6.0525E+01   1.1422E-02  0.0042
   6.0525E+01   6.0540E+01   1.1428E-02  0.0042
   6.0540E+01   6.0555E+01   1.1492E-02  0.0042
   6.0555E+01   6.0570E+01   1.1470E-02  0.0042
   6.0570E+01   6.0585E+01   1.2052E-02  0.0035
   6.0585E+01   6.0600E+01   1.3784E-02  0.0021
   6.0600E+01   6.0615E+01   1.4703E-02  0.0022
   6.0615E+01   6.0630E+01   1.6169E-02  0.0023
   6.0630E+01   6.0645E+01   1.6847E-02  0.0023
   6.0645E+01   6.0660E+01   1.6854E-02  0.0024
   6.0660E+01   6.0675E+01   1.6155E-02  0.0024
   6.0675E+01   6.0690E+01   1.6613E-02  0.0024
   6.0690E+01   6.0705E+01   1.6049E-02  0.0026
   6.0705E+01   6.0720E+01   1.5049E-02  0.0025
   6.0720E+01   6.0735E+01   1.5541E-02  0.0027
   6.0735E+01   6.0750E+01   1.5086E-02  0.0028
   6.0750E+01   6.0765E+01   1.4297E-02  0.0028
   6.0765E+01   6.0780E+01   1.5167E-02  0.0030
   6.0780E+01   6.0795E+01   1.4029E-02  0.0033
   6.0795E+01   6.0810E+01   1.2180E-02  0.0035
   6.0810E+01   6.0825E+01   8.5598E-03  0.0042
   6.0825E+01   6.0840E+01   1.5084E-05  0.0603
   6.0840E+01   6.0855E+01   0.0000E+00  0.0000
   6.0855E+01   6.0870E+01   0.0000E+00  0.0000
   6.0870E+01   6.0885E+01   0.0000E+00  0.0000
   6.0885E+01   6.0900E+01   0.0000E+00  0.0000
   6.0900E+01   6.0915E+01   0.0000E+00  0.0000
   6.0915E+01   6.0930E+01   1.7523E-07  1.0000
   6.0930E+01   6.0945E+01   5.9814E-07  0.5173
   6.0945E+01   6.0960E+01   6.7302E-07  0.5434
   6.0960E+01   6.0975E+01   4.5891E-07  0.5170
   6.0975E+01   6.0990E+01   5.6245E-07  0.4673
   6.0990E+01   6.1005E+01   5.5188E-07  0.4547
   6.1005E+01   6.1020E+01   6.6162E-07  0.5388
   6.1020E+01   6.1035E+01   5.7362E-07  0.4778
   6.1035E+01   6.1050E+01   6.4337E-07  0.4655
   6.1050E+01   6.1065E+01   9.1808E-07  0.7349
   6.1065E+01   6.1080E+01   3.4168E-07  0.4165
   6.1080E+01   6.1095E+01   2.7738E-07  0.5046
   6.1095E+01   6.1110E+01   2.7801E-07  0.4835
   6.1110E+01   6.1125E+01   2.4886E-07  0.5233
   6.1125E+01   6.1140E+01   1.5908E-07  0.5599
   6.1140E+01   6.1155E+01   3.0701E-07  0.6538
   6.1155E+01   6.1170E+01   1.7073E-07  0.4682
   6.1170E+01   6.1185E+01   5.1642E-07  0.5795
   6.1185E+01   6.1200E+01   3.5454E-07  0.5889
   6.1200E+01   6.1215E+01   3.5939E-07  0.5258
   6.1215E+01   6.1230E+01   4.9282E-07  0.5422
   6.1230E+01   6.1245E+01   4.1537E-07  0.5747
   6.1245E+01   6.1260E+01   1.0010E-06  0.6856
   6.1260E+01   6.1275E+01   4.1705E-07  0.4210
   6.1275E+01   6.1290E+01   1.2591E-06  0.7442
   6.1290E+01   6.1305E+01   8.5265E-07  0.5387
   6.1305E+01   6.1320E+01   5.7866E-07  0.5293
   6.1320E+01   6.1335E+01   9.9005E-07  0.4925
   6.1335E+01   6.1350E+01   8.0012E-07  0.5815
   6.1350E+01   6.1365E+01   6.0585E-07  0.4533
   6.1365E+01   6.1380E+01   3.3847E-07  0.6491
   6.1380E+01   6.1395E+01   2.4692E-07  0.5019
   6.1395E+01   6.1410E+01   4.2193E-07  0.5752
   6.1410E+01   6.1425E+01   5.4562E-07  0.6344
   6.1425E+01   6.1440E+01   6.0627E-07  0.6219
   6.1440E+01   6.1455E+01   3.0971E-07  0.5011
   6.1455E+01   6.1470E+01   4.2711E-07  0.6126
   6.1470E+01   6.1485E+01   3.6829E-07  0.5407
   6.1485E+01   6.1500E+01   3.9266E-07  0.5944
   6.1500E+01   6.1515E+01   4.6496E-07  0.5763
   6.1515E+01   6.1530E+01   3.5438E-07  0.5393
   6.1530E+01   6.1545E+01   3.2819E-07  0.5644
   6.1545E+01   6.1560E+01   6.1420E-07  0.5521
   6.1560E+01   6.1575E+01   8.7408E-07  0.7515
   6.1575E+01   6.1590E+01   5.3821E-07  0.5870
   6.1590E+01   6.1605E+01   4.1261E-07  0.4557
   6.1605E+01   6.1620E+01   1.0961E-06  0.5766
   6.1620E+01   6.1635E+01   1.7138E-06  0.5580
   6.1635E+01   6.1650E+01   1.4004E-06  0.4467
   6.1650E+01   6.1665E+01   2.3857E-06  0.5155
   6.1665E+01   6.1680E+01   1.7516E-06  0.5258
   6.1680E+01   6.1695E+01   2.2148E-06  0.5562
   6.1695E+01   6.1710E+01   2.1742E-06  0.4349
   6.1710E+01   6.1725E+01   1.9399E-06  0.4469
   6.1725E+01   6.1740E+01   2.3023E-06  0.4117
   6.1740E+01   6.1755E+01   2.2847E-06  0.4470
   6.1755E+01   6.1770E+01   2.0521E-06  0.3795
   6.1770E+01   6.1785E+01   1.7423E-06  0.3837
   6.1785E+01   6.1800E+01   1.2504E-06  0.4070
   6.1800E+01   6.1815E+01   1.5183E-06  0.4762
   6.1815E+01   6.1830E+01   1.2272E-06  0.4995
   6.1830E+01   6.1845E+01   1.8909E-06  0.5322
   6.1845E+01   6.1860E+01   1.6127E-06  0.4627
   6.1860E+01   6.1875E+01   1.6161E-06  0.4840
   6.1875E+01   6.1890E+01   1.3198E-06  0.4788
   6.1890E+01   6.1905E+01   1.1709E-06  0.4168
   6.1905E+01   6.1920E+01   1.4957E-06  0.4145
   6.1920E+01   6.1935E+01   1.6088E-06  0.3918
   6.1935E+01   6.1950E+01   2.1563E-06  0.4534
   6.1950E+01   6.1965E+01   3.0033E-06  0.4754
   6.1965E+01   6.1980E+01   3.0007E-06  0.4676
   6.1980E+01   6.1995E+01   3.5921E-06  0.4019
   6.1995E+01   6.2010E+01   3.7648E-06  0.4090
   6.2010E+01   6.2025E+01   3.5858E-06  0.4198
   6.2025E+01   6.2040E+01   2.8533E-06  0.4351
   6.2040E+01   6.2055E+01   2.9071E-06  0.5310
   6.2055E+01   6.2070E+01   2.2301E-06  0.5259
   6.2070E+01   6.2085E+01   2.5811E-06  0.4106
   6.2085E+01   6.2100E+01   1.9505E-06  0.4449
   6.2100E+01   6.2115E+01   1.4433E-06  0.4405
   6.2115E+01   6.2130E+01   2.5205E-06  0.5329
   6.2130E+01   6.2145E+01   1.4336E-06  0.5064
   6.2145E+01   6.2160E+01   1.7085E-06  0.4663
   6.2160E+01   6.2175E+01   1.5398E-06  0.4889
   6.2175E+01   6.2190E+01   1.7954E-06  0.5078
   6.2190E+01   6.2205E+01   1.3201E-06  0.4688
   6.2205E+01   6.2220E+01   1.2232E-06  0.4995
   6.2220E+01   6.2235E+01   1.2803E-06  0.4944
   6.2235E+01   6.2250E+01   1.4568E-06  0.5088
   6.2250E+01   6.2265E+01   2.3544E-06  0.7104
   6.2265E+01   6.2280E+01   1.3253E-06  0.4607
   6.2280E+01   6.2295E+01   1.4685E-06  0.5214
   6.2295E+01   6.2310E+01   1.3160E-06  0.4945
   6.2310E+01   6.2325E+01   1.8406E-06  0.4935
   6.2325E+01   6.2340E+01   1.4518E-06  0.4973
   6.2340E+01   6.2355E+01   1.8530E-06  0.5104
   6.2355E+01   6.2370E+01   1.9483E-06  0.4754
   6.2370E+01   6.2385E+01   1.3770E-06  0.4884
   6.2385E+01   6.2400E+01   2.2389E-06  0.5227
   6.2400E+01   6.2415E+01   1.3728E-06  0.4944
   6.2415E+01   6.2430E+01   1.6683E-06  0.4375
   6.2430E+01   6.2445E+01   1.3953E-06  0.4630
   6.2445E+01   6.2460E+01   1.5631E-06  0.5350
   6.2460E+01   6.2475E+01   1.8985E-06  0.4220
   6.2475E+01   6.2490E+01   2.2061E-06  0.4686
   6.2490E+01   6.2505E+01   2.2339E-06  0.4458
   6.2505E+01   6.2520E+01   1.2645E-06  0.4772
   6.2520E+01   6.2535E+01   1.5472E-06  0.4374
   6.2535E+01   6.2550E+01   1.1606E-06  0.4927
   6.2550E+01   6.2565E+01   1.1179E-06  0.4712
   6.2565E+01   6.2580E+01   8.1787E-07  0.4894
   6.2580E+01   6.2595E+01   9.1305E-07  0.6029
   6.2595E+01   6.2610E+01   9.2299E-07  0.5966
   6.2610E+01   6.2625E+01   8.7710E-07  0.6178
   6.2625E+01   6.2640E+01   8.9175E-07  0.5907
   6.2640E+01   6.2655E+01   1.0669E-06  0.5037
   6.2655E+01   6.2670E+01   1.1767E-06  0.5062
   6.2670E+01   6.2685E+01   5.3634E-06  0.7903
   6.2685E+01   6.2700E+01   6.1471E-06  0.7715
   6.2700E+01   6.2715E+01   7.2893E-06  0.7382
   6.2715E+01   6.2730E+01   7.0913E-06  0.8666
   6.2730E+01   6.2745E+01   8.7500E-06  0.7919
   6.2745E+01   6.2760E+01   8.4336E-06  0.8117
   6.2760E+01   6.2775E+01   2.7096E-06  0.4206
   6.2775E+01   6.2790E+01   2.6085E-06  0.4169
   6.2790E+01   6.2805E+01   2.1538E-06  0.4040
   6.2805E+01   6.2820E+01   1.9170E-06  0.4214
   6.2820E+01   6.2835E+01   2.5452E-06  0.4945
   6.2835E+01   6.2850E+01   2.4905E-06  0.6287
   6.2850E+01   6.2865E+01   9.8997E-07  0.4759
   6.2865E+01   6.2880E+01   7.2281E-07  0.4284
   6.2880E+01   6.2895E+01   7.7537E-07  0.3543
   6.2895E+01   6.2910E+01   1.2334E-06  0.4077
   6.2910E+01   6.2925E+01   1.0113E-06  0.3974
   6.2925E+01   6.2940E+01   2.2499E-06  0.4569
   6.2940E+01   6.2955E+01   2.6067E-06  0.3849
   6.2955E+01   6.2970E+01   2.7809E-06  0.3857
   6.2970E+01   6.2985E+01   3.8049E-06  0.3705
   6.2985E+01   6.3000E+01   3.5408E-06  0.3875

#   sum over    4.7124E+00   7.5814E-03  0.0020

'no. =  1,  ir =  1'
msuc: {\huge Bragg peak in pouch}
msdr: {\it plotted by \ANGEL \version}
msdl: {\it calculated by \PHITS  3.35}
wt: s(0.7)
\vspace{-3}
  rmin  &=&   0.0000E+00 [cm]
  rmax  &=&   5.0000E-01 [cm]
e:
 
# Information for Restart Calculation
# This calculation was newly started
# istdev =  2 # 1:Batch variance, 2:History variance
# resc2  = 1.60217700210082442E-01 # Total source weight or Total source weight / maxcas
# resc3  = 1.00000000000000000E+09 # Total history number or Total batch number
# maxcas =      100000 # History / Batch, only used for istdev=1
# bitrseed = 0001001110011001001001110000100100110111001111011100001000101100 # bit data of rseed
