[ T - V o l u m e ] off
     mesh =  reg            # mesh type is region-wise
      reg = { 101 - 105 }
     file = volume.out      # file name of output for [volume]
   stdcut = 1.0000000E-02   # (D=-1) threshold value of STD cutoff
   s-type =    2            # 1: Sphere source, 2: Rectangular source
       x0 = -25.00000       #  x-min of rectangular
       y0 = -25.00000       #  y-min of rectangular
       z0 = -25.00000       #  z-min of rectangular
       x1 =  25.00000       #  x-max of rectangular
       y1 =  25.00000       #  y-max of rectangular
       z1 =  25.00000       #  z-max of rectangular
#    used :        main (  %)        temp (  %)       total (  %)
#  memory :           6 (  0)           0 (  0)           6 (  0)

#------------------------------------------------------------------------------

[ V o l u m e ]
  non      reg      vol      non
    1      101   5.2876E+02  0.0099
    2      102   3.6874E+03  0.0047
    3      103   9.9447E+03  0.0029
    4      104   1.9398E+04  0.0019
    5      105   3.1908E+04  0.0011
 
# Information for Restart Calculation
# This calculation was newly started
# istdev =  2 # 1:Batch variance, 2:History variance
# resc2  = 1.40000000000153392E+02 # Total source weight or Total source weight / maxcas
# resc3  = 3.50000000000000000E+05 # Total history number or Total batch number
# maxcas =       10000 # History / Batch, only used for istdev=1
# rijklst=  39264100374873.0 # Next initial random number
