[ T-Cross ]
    title = Energy distribution in region mesh
     mesh =  reg            # mesh type is region-wise
      reg =    1            # number of crossing regions
      non     r-from    r-to       area
      1       110       101        1.000000    
   e-type =    2            # e-mesh is linear given by emin, emax and ne
     emin =   0.000000      # minimum value of e-mesh points
     emax =   2.000000      # maximum value of e-mesh points
#    edel =  1.0000000E-02  # mesh width of e-mesh points
       ne =    200          # number of e-mesh points
#    data = ( e(i), i = 1, ne + 1 )
#           0.00000E+00  1.00000E-02  2.00000E-02  3.00000E-02  4.00000E-02
#           5.00000E-02  6.00000E-02  7.00000E-02  8.00000E-02  9.00000E-02
#           1.00000E-01  1.10000E-01  1.20000E-01  1.30000E-01  1.40000E-01
#           1.50000E-01  1.60000E-01  1.70000E-01  1.80000E-01  1.90000E-01
#           2.00000E-01  2.10000E-01  2.20000E-01  2.30000E-01  2.40000E-01
#           2.50000E-01  2.60000E-01  2.70000E-01  2.80000E-01  2.90000E-01
#           3.00000E-01  3.10000E-01  3.20000E-01  3.30000E-01  3.40000E-01
#           3.50000E-01  3.60000E-01  3.70000E-01  3.80000E-01  3.90000E-01
#           4.00000E-01  4.10000E-01  4.20000E-01  4.30000E-01  4.40000E-01
#           4.50000E-01  4.60000E-01  4.70000E-01  4.80000E-01  4.90000E-01
#           5.00000E-01  5.10000E-01  5.20000E-01  5.30000E-01  5.40000E-01
#           5.50000E-01  5.60000E-01  5.70000E-01  5.80000E-01  5.90000E-01
#           6.00000E-01  6.10000E-01  6.20000E-01  6.30000E-01  6.40000E-01
#           6.50000E-01  6.60000E-01  6.70000E-01  6.80000E-01  6.90000E-01
#           7.00000E-01  7.10000E-01  7.20000E-01  7.30000E-01  7.40000E-01
#           7.50000E-01  7.60000E-01  7.70000E-01  7.80000E-01  7.90000E-01
#           8.00000E-01  8.10000E-01  8.20000E-01  8.30000E-01  8.40000E-01
#           8.50000E-01  8.60000E-01  8.70000E-01  8.80000E-01  8.90000E-01
#           9.00000E-01  9.10000E-01  9.20000E-01  9.30000E-01  9.40000E-01
#           9.50000E-01  9.60000E-01  9.70000E-01  9.80000E-01  9.90000E-01
#           1.00000E+00  1.01000E+00  1.02000E+00  1.03000E+00  1.04000E+00
#           1.05000E+00  1.06000E+00  1.07000E+00  1.08000E+00  1.09000E+00
#           1.10000E+00  1.11000E+00  1.12000E+00  1.13000E+00  1.14000E+00
#           1.15000E+00  1.16000E+00  1.17000E+00  1.18000E+00  1.19000E+00
#           1.20000E+00  1.21000E+00  1.22000E+00  1.23000E+00  1.24000E+00
#           1.25000E+00  1.26000E+00  1.27000E+00  1.28000E+00  1.29000E+00
#           1.30000E+00  1.31000E+00  1.32000E+00  1.33000E+00  1.34000E+00
#           1.35000E+00  1.36000E+00  1.37000E+00  1.38000E+00  1.39000E+00
#           1.40000E+00  1.41000E+00  1.42000E+00  1.43000E+00  1.44000E+00
#           1.45000E+00  1.46000E+00  1.47000E+00  1.48000E+00  1.49000E+00
#           1.50000E+00  1.51000E+00  1.52000E+00  1.53000E+00  1.54000E+00
#           1.55000E+00  1.56000E+00  1.57000E+00  1.58000E+00  1.59000E+00
#           1.60000E+00  1.61000E+00  1.62000E+00  1.63000E+00  1.64000E+00
#           1.65000E+00  1.66000E+00  1.67000E+00  1.68000E+00  1.69000E+00
#           1.70000E+00  1.71000E+00  1.72000E+00  1.73000E+00  1.74000E+00
#           1.75000E+00  1.76000E+00  1.77000E+00  1.78000E+00  1.79000E+00
#           1.80000E+00  1.81000E+00  1.82000E+00  1.83000E+00  1.84000E+00
#           1.85000E+00  1.86000E+00  1.87000E+00  1.88000E+00  1.89000E+00
#           1.90000E+00  1.91000E+00  1.92000E+00  1.93000E+00  1.94000E+00
#           1.95000E+00  1.96000E+00  1.97000E+00  1.98000E+00  1.99000E+00
#           2.00000E+00
     unit =    1            # unit is [1/cm^2/source]
     axis =  eng            # axis of output
     file = cross_eng.out   # file name of output for the above axis
   output = flux            # surface crossing flux
     part =  photon   
# kf/name :  22       
   epsout =    1            # (D=0) generate eps file by ANGEL
#    used :        main (  %)        temp (  %)       total (  %)
#  memory :         214 (  0)           0 (  0)         214 (  0)

#------------------------------------------------------------------------------
#newpage:
#   no. =    1   reg = 110 - 101

x: Energy [MeV]
y:   Flux  [1/cm^2/source]                 
p: xlin ylog afac(0.8) form(0.9)
h: n            x            y(photon  ),hh0l   n 
#  e-lower      e-upper      photon      r.err 
   0.0000E+00   1.0000E-02   9.7785E-03  0.7086
   1.0000E-02   2.0000E-02   0.0000E+00  0.0000
   2.0000E-02   3.0000E-02   0.0000E+00  0.0000
   3.0000E-02   4.0000E-02   0.0000E+00  0.0000
   4.0000E-02   5.0000E-02   0.0000E+00  0.0000
   5.0000E-02   6.0000E-02   0.0000E+00  0.0000
   6.0000E-02   7.0000E-02   0.0000E+00  0.0000
   7.0000E-02   8.0000E-02   0.0000E+00  0.0000
   8.0000E-02   9.0000E-02   0.0000E+00  0.0000
   9.0000E-02   1.0000E-01   0.0000E+00  0.0000
   1.0000E-01   1.1000E-01   0.0000E+00  0.0000
   1.1000E-01   1.2000E-01   0.0000E+00  0.0000
   1.2000E-01   1.3000E-01   0.0000E+00  0.0000
   1.3000E-01   1.4000E-01   0.0000E+00  0.0000
   1.4000E-01   1.5000E-01   0.0000E+00  0.0000
   1.5000E-01   1.6000E-01   0.0000E+00  0.0000
   1.6000E-01   1.7000E-01   0.0000E+00  0.0000
   1.7000E-01   1.8000E-01   0.0000E+00  0.0000
   1.8000E-01   1.9000E-01   0.0000E+00  0.0000
   1.9000E-01   2.0000E-01   0.0000E+00  0.0000
   2.0000E-01   2.1000E-01   0.0000E+00  0.0000
   2.1000E-01   2.2000E-01   0.0000E+00  0.0000
   2.2000E-01   2.3000E-01   0.0000E+00  0.0000
   2.3000E-01   2.4000E-01   0.0000E+00  0.0000
   2.4000E-01   2.5000E-01   0.0000E+00  0.0000
   2.5000E-01   2.6000E-01   0.0000E+00  0.0000
   2.6000E-01   2.7000E-01   0.0000E+00  0.0000
   2.7000E-01   2.8000E-01   0.0000E+00  0.0000
   2.8000E-01   2.9000E-01   0.0000E+00  0.0000
   2.9000E-01   3.0000E-01   0.0000E+00  0.0000
   3.0000E-01   3.1000E-01   0.0000E+00  0.0000
   3.1000E-01   3.2000E-01   0.0000E+00  0.0000
   3.2000E-01   3.3000E-01   0.0000E+00  0.0000
   3.3000E-01   3.4000E-01   0.0000E+00  0.0000
   3.4000E-01   3.5000E-01   0.0000E+00  0.0000
   3.5000E-01   3.6000E-01   0.0000E+00  0.0000
   3.6000E-01   3.7000E-01   0.0000E+00  0.0000
   3.7000E-01   3.8000E-01   0.0000E+00  0.0000
   3.8000E-01   3.9000E-01   0.0000E+00  0.0000
   3.9000E-01   4.0000E-01   0.0000E+00  0.0000
   4.0000E-01   4.1000E-01   0.0000E+00  0.0000
   4.1000E-01   4.2000E-01   0.0000E+00  0.0000
   4.2000E-01   4.3000E-01   0.0000E+00  0.0000
   4.3000E-01   4.4000E-01   0.0000E+00  0.0000
   4.4000E-01   4.5000E-01   0.0000E+00  0.0000
   4.5000E-01   4.6000E-01   0.0000E+00  0.0000
   4.6000E-01   4.7000E-01   0.0000E+00  0.0000
   4.7000E-01   4.8000E-01   0.0000E+00  0.0000
   4.8000E-01   4.9000E-01   0.0000E+00  0.0000
   4.9000E-01   5.0000E-01   0.0000E+00  0.0000
   5.0000E-01   5.1000E-01   0.0000E+00  0.0000
   5.1000E-01   5.2000E-01   0.0000E+00  0.0000
   5.2000E-01   5.3000E-01   0.0000E+00  0.0000
   5.3000E-01   5.4000E-01   0.0000E+00  0.0000
   5.4000E-01   5.5000E-01   0.0000E+00  0.0000
   5.5000E-01   5.6000E-01   0.0000E+00  0.0000
   5.6000E-01   5.7000E-01   0.0000E+00  0.0000
   5.7000E-01   5.8000E-01   0.0000E+00  0.0000
   5.8000E-01   5.9000E-01   0.0000E+00  0.0000
   5.9000E-01   6.0000E-01   0.0000E+00  0.0000
   6.0000E-01   6.1000E-01   0.0000E+00  0.0000
   6.1000E-01   6.2000E-01   0.0000E+00  0.0000
   6.2000E-01   6.3000E-01   0.0000E+00  0.0000
   6.3000E-01   6.4000E-01   0.0000E+00  0.0000
   6.4000E-01   6.5000E-01   0.0000E+00  0.0000
   6.5000E-01   6.6000E-01   0.0000E+00  0.0000
   6.6000E-01   6.7000E-01   0.0000E+00  0.0000
   6.7000E-01   6.8000E-01   0.0000E+00  0.0000
   6.8000E-01   6.9000E-01   0.0000E+00  0.0000
   6.9000E-01   7.0000E-01   0.0000E+00  0.0000
   7.0000E-01   7.1000E-01   0.0000E+00  0.0000
   7.1000E-01   7.2000E-01   0.0000E+00  0.0000
   7.2000E-01   7.3000E-01   0.0000E+00  0.0000
   7.3000E-01   7.4000E-01   0.0000E+00  0.0000
   7.4000E-01   7.5000E-01   0.0000E+00  0.0000
   7.5000E-01   7.6000E-01   0.0000E+00  0.0000
   7.6000E-01   7.7000E-01   0.0000E+00  0.0000
   7.7000E-01   7.8000E-01   0.0000E+00  0.0000
   7.8000E-01   7.9000E-01   0.0000E+00  0.0000
   7.9000E-01   8.0000E-01   0.0000E+00  0.0000
   8.0000E-01   8.1000E-01   0.0000E+00  0.0000
   8.1000E-01   8.2000E-01   0.0000E+00  0.0000
   8.2000E-01   8.3000E-01   0.0000E+00  0.0000
   8.3000E-01   8.4000E-01   0.0000E+00  0.0000
   8.4000E-01   8.5000E-01   0.0000E+00  0.0000
   8.5000E-01   8.6000E-01   0.0000E+00  0.0000
   8.6000E-01   8.7000E-01   0.0000E+00  0.0000
   8.7000E-01   8.8000E-01   0.0000E+00  0.0000
   8.8000E-01   8.9000E-01   0.0000E+00  0.0000
   8.9000E-01   9.0000E-01   0.0000E+00  0.0000
   9.0000E-01   9.1000E-01   0.0000E+00  0.0000
   9.1000E-01   9.2000E-01   0.0000E+00  0.0000
   9.2000E-01   9.3000E-01   0.0000E+00  0.0000
   9.3000E-01   9.4000E-01   0.0000E+00  0.0000
   9.4000E-01   9.5000E-01   0.0000E+00  0.0000
   9.5000E-01   9.6000E-01   0.0000E+00  0.0000
   9.6000E-01   9.7000E-01   0.0000E+00  0.0000
   9.7000E-01   9.8000E-01   0.0000E+00  0.0000
   9.8000E-01   9.9000E-01   0.0000E+00  0.0000
   9.9000E-01   1.0000E+00   0.0000E+00  0.0000
   1.0000E+00   1.0100E+00   0.0000E+00  0.0000
   1.0100E+00   1.0200E+00   0.0000E+00  0.0000
   1.0200E+00   1.0300E+00   0.0000E+00  0.0000
   1.0300E+00   1.0400E+00   0.0000E+00  0.0000
   1.0400E+00   1.0500E+00   0.0000E+00  0.0000
   1.0500E+00   1.0600E+00   0.0000E+00  0.0000
   1.0600E+00   1.0700E+00   0.0000E+00  0.0000
   1.0700E+00   1.0800E+00   0.0000E+00  0.0000
   1.0800E+00   1.0900E+00   0.0000E+00  0.0000
   1.0900E+00   1.1000E+00   0.0000E+00  0.0000
   1.1000E+00   1.1100E+00   0.0000E+00  0.0000
   1.1100E+00   1.1200E+00   0.0000E+00  0.0000
   1.1200E+00   1.1300E+00   0.0000E+00  0.0000
   1.1300E+00   1.1400E+00   0.0000E+00  0.0000
   1.1400E+00   1.1500E+00   0.0000E+00  0.0000
   1.1500E+00   1.1600E+00   0.0000E+00  0.0000
   1.1600E+00   1.1700E+00   0.0000E+00  0.0000
   1.1700E+00   1.1800E+00   2.3605E+01  0.0137
   1.1800E+00   1.1900E+00   0.0000E+00  0.0000
   1.1900E+00   1.2000E+00   0.0000E+00  0.0000
   1.2000E+00   1.2100E+00   0.0000E+00  0.0000
   1.2100E+00   1.2200E+00   0.0000E+00  0.0000
   1.2200E+00   1.2300E+00   0.0000E+00  0.0000
   1.2300E+00   1.2400E+00   0.0000E+00  0.0000
   1.2400E+00   1.2500E+00   0.0000E+00  0.0000
   1.2500E+00   1.2600E+00   0.0000E+00  0.0000
   1.2600E+00   1.2700E+00   0.0000E+00  0.0000
   1.2700E+00   1.2800E+00   0.0000E+00  0.0000
   1.2800E+00   1.2900E+00   0.0000E+00  0.0000
   1.2900E+00   1.3000E+00   0.0000E+00  0.0000
   1.3000E+00   1.3100E+00   0.0000E+00  0.0000
   1.3100E+00   1.3200E+00   0.0000E+00  0.0000
   1.3200E+00   1.3300E+00   0.0000E+00  0.0000
   1.3300E+00   1.3400E+00   2.2259E+01  0.0141
   1.3400E+00   1.3500E+00   0.0000E+00  0.0000
   1.3500E+00   1.3600E+00   0.0000E+00  0.0000
   1.3600E+00   1.3700E+00   0.0000E+00  0.0000
   1.3700E+00   1.3800E+00   0.0000E+00  0.0000
   1.3800E+00   1.3900E+00   0.0000E+00  0.0000
   1.3900E+00   1.4000E+00   0.0000E+00  0.0000
   1.4000E+00   1.4100E+00   0.0000E+00  0.0000
   1.4100E+00   1.4200E+00   0.0000E+00  0.0000
   1.4200E+00   1.4300E+00   0.0000E+00  0.0000
   1.4300E+00   1.4400E+00   0.0000E+00  0.0000
   1.4400E+00   1.4500E+00   0.0000E+00  0.0000
   1.4500E+00   1.4600E+00   0.0000E+00  0.0000
   1.4600E+00   1.4700E+00   0.0000E+00  0.0000
   1.4700E+00   1.4800E+00   0.0000E+00  0.0000
   1.4800E+00   1.4900E+00   0.0000E+00  0.0000
   1.4900E+00   1.5000E+00   0.0000E+00  0.0000
   1.5000E+00   1.5100E+00   0.0000E+00  0.0000
   1.5100E+00   1.5200E+00   0.0000E+00  0.0000
   1.5200E+00   1.5300E+00   0.0000E+00  0.0000
   1.5300E+00   1.5400E+00   0.0000E+00  0.0000
   1.5400E+00   1.5500E+00   0.0000E+00  0.0000
   1.5500E+00   1.5600E+00   0.0000E+00  0.0000
   1.5600E+00   1.5700E+00   0.0000E+00  0.0000
   1.5700E+00   1.5800E+00   0.0000E+00  0.0000
   1.5800E+00   1.5900E+00   0.0000E+00  0.0000
   1.5900E+00   1.6000E+00   0.0000E+00  0.0000
   1.6000E+00   1.6100E+00   0.0000E+00  0.0000
   1.6100E+00   1.6200E+00   0.0000E+00  0.0000
   1.6200E+00   1.6300E+00   0.0000E+00  0.0000
   1.6300E+00   1.6400E+00   0.0000E+00  0.0000
   1.6400E+00   1.6500E+00   0.0000E+00  0.0000
   1.6500E+00   1.6600E+00   0.0000E+00  0.0000
   1.6600E+00   1.6700E+00   0.0000E+00  0.0000
   1.6700E+00   1.6800E+00   0.0000E+00  0.0000
   1.6800E+00   1.6900E+00   0.0000E+00  0.0000
   1.6900E+00   1.7000E+00   0.0000E+00  0.0000
   1.7000E+00   1.7100E+00   0.0000E+00  0.0000
   1.7100E+00   1.7200E+00   0.0000E+00  0.0000
   1.7200E+00   1.7300E+00   0.0000E+00  0.0000
   1.7300E+00   1.7400E+00   0.0000E+00  0.0000
   1.7400E+00   1.7500E+00   0.0000E+00  0.0000
   1.7500E+00   1.7600E+00   0.0000E+00  0.0000
   1.7600E+00   1.7700E+00   0.0000E+00  0.0000
   1.7700E+00   1.7800E+00   0.0000E+00  0.0000
   1.7800E+00   1.7900E+00   0.0000E+00  0.0000
   1.7900E+00   1.8000E+00   0.0000E+00  0.0000
   1.8000E+00   1.8100E+00   0.0000E+00  0.0000
   1.8100E+00   1.8200E+00   0.0000E+00  0.0000
   1.8200E+00   1.8300E+00   0.0000E+00  0.0000
   1.8300E+00   1.8400E+00   0.0000E+00  0.0000
   1.8400E+00   1.8500E+00   0.0000E+00  0.0000
   1.8500E+00   1.8600E+00   0.0000E+00  0.0000
   1.8600E+00   1.8700E+00   0.0000E+00  0.0000
   1.8700E+00   1.8800E+00   0.0000E+00  0.0000
   1.8800E+00   1.8900E+00   0.0000E+00  0.0000
   1.8900E+00   1.9000E+00   0.0000E+00  0.0000
   1.9000E+00   1.9100E+00   0.0000E+00  0.0000
   1.9100E+00   1.9200E+00   0.0000E+00  0.0000
   1.9200E+00   1.9300E+00   0.0000E+00  0.0000
   1.9300E+00   1.9400E+00   0.0000E+00  0.0000
   1.9400E+00   1.9500E+00   0.0000E+00  0.0000
   1.9500E+00   1.9600E+00   0.0000E+00  0.0000
   1.9600E+00   1.9700E+00   0.0000E+00  0.0000
   1.9700E+00   1.9800E+00   0.0000E+00  0.0000
   1.9800E+00   1.9900E+00   0.0000E+00  0.0000
   1.9900E+00   2.0000E+00   0.0000E+00  0.0000

#   sum over                 4.5873E+01
'no. =    1   reg = 110 - 101'
msuc: {\huge Energy distribution in region mesh}
msdr: {\it plotted by \ANGEL \version}
msdl: {\it calculated by \PHITS  3.29}
wt: s(0.7)
\vspace{-3}
  region surface crossing
  area  &=&   1.0000E+00 [cm^2]
e:
 
# Information for Restart Calculation
# This calculation was newly started
# istdev =  2 # 1:Batch variance, 2:History variance
# resc2  = 2.49987431118540997E+02 # Total source weight or Total source weight / maxcas
# resc3  = 1.00000000000000000E+05 # Total history number or Total batch number
# maxcas =        1000 # History / Batch, only used for istdev=1
# bitrseed = 0001110011011001101111011000110011100000010010101010010011101100 # bit data of rseed
