           _________________________________________________________
          |                                                         |
          |       _/_/_/_/                                          |
          |      _/      _/                  _/_/_/_/_/_/           |
          |     _/      _/  _/      _/   _/      _/      _/_/_/_/_/ |
          |    _/_/_/_/    _/      _/   _/      _/      _/          |
          |   _/          _/_/_/_/_/   _/      _/       _/_/_/_/    |
          |  _/          _/      _/   _/      _/              _/    |
          | _/          _/      _/   _/      _/      _/_/_/_/_/     |
          |                                                         |
          |                                                         |
          |       Particle and Heavy Ion Transport code System      |
          |                      Version =  3.290                   |
          |                       developed by                      |
          |                                                         |
          |  Tatsuhiko SATO, Yosuke IWAMOTO, Shintaro HASHIMOTO,    |
          |    Tatsuhiko OGAWA, Takuya FURUTA, Shinichiro ABE,      |
          |    Takeshi KAI, Norihiro MATSUDA, Yusuke MATSUYA,       |
          | Yuho HIRATA, Lan YAO, Pi-En TSAI, Hunter RATLIFF (JAEA),|
          |                                                         |
          |            Hiroshi IWASE, Yasuhito SAKAKI (KEK),        |
          |                                                         |
          |           Nobuhiro SHIGYO (Kyushu University),          |
          |                                                         |
          |      Lembit SIHVER (Technische Universitat Wien), and   |
          |                                                         |
          |                     Koji NIITA (RIST)                   |
          |                                                         |
          |                 Last Revised  2022-09-07                |
          |_________________________________________________________|

                  _____________ [ Job Title ] ___________ 
                 |                                       |
                 |  input file for lecture about source  |
                 |_______________________________________|

                        Starting Date = 2023-09-19
                        Starting Time = 20h 02m 27

>>> Input Echo >>>=============================================================

[ Title ]
input file for lecture about source

[ Parameters ]
 icntl    =           0     # (D=0) 3:ECH 5:NOR 6:SRC 7,8:GSH 11:DSH 12:DUMP
 maxcas   =        1000     # (D=10) number of particles per one batch
 maxbch   =         100     # (D=10) number of batches
 negs     =          -1     # (D=-1) =-1:original, =0:No, =1:EGS
 file(1)  = c:/phits        # (D=PhitsPath) PHITS install folder name
 file(6)  = phits.out       # (D=phits.out) general output file name

[ Source ]
  totfact =   2.0000        # (D=1.0) global factor
$ totfact =   400.02        # revised global factor by e-type = 25,26,28 or 29

 <Source> =   1.0000        # weight of this sub-source
$<Source> =   200.01        # revised <source> by e-type=25,26,28 or 29
   s-type =   1             # cylindrical source
     proj =  photon         # kind of incident particle         
       r0 =   0.0000        # radius [cm]
       x0 =   0.0000        # (D=0.0) center position of x-axis [cm]
       y0 =   0.0000        # (D=0.0) center position of y-axis [cm]
       z0 =  -10.000        # minimum position of z-axis [cm]
       z1 =  -10.000        # maximum position of z-axis [cm]
      dir =   all           # z-direction of beam [isotropic]
     norm =   0             # (D=0) normalization factor =0:(/sec) =1:(/source)
    dtime =  -1.00000E+01   # (D=-10.0) cooling time: sec(+) or half_life(-)
$   dtime =   0.0000        # if you want to use like e-type = 22 dtime must be 0.0
   actlow =   0.00000E+00   # lower limit of activity (Bq)
 icharctx =   0             # (D=0) =0 with, 1 w/o, or 2 only character X-rays
   iannih =   0             # (D=0) =0 with, or 1 w/o annihilation photons
   e-type =  28             # RI source
       ni =   1             # number of registered nuclide
                            #  data = ( nuclide(i), activity(i), i = 1, ni )
    Co-60    1.00000E+02    # (Bq)
                            # ->  1.00000E+02 (Bq), half life:   5.27129996 (year)
$   X-rays (X)
$   Energy (MeV/n)             Activity (Bq) X Yield (abs.)
$      Lower        Upper
$   1.45030E-05  1.45030E-05   1.00000E+02*1.50257E-03
$   1.79600E-05  1.79600E-05   1.00000E+02*5.02051E-14
$   5.95467E-05  5.95467E-05   1.00000E+02*7.90703E-09
$   1.21520E-04  1.21520E-04   1.00000E+02*1.88427E-09
$   1.39480E-04  1.39480E-04   1.00000E+02*8.17232E-09
$   7.48381E-04  7.48381E-04   1.00000E+02*1.10137E-06
$   7.66341E-04  7.66341E-04   1.00000E+02*5.82779E-07
$   7.86540E-04  7.86540E-04   1.00000E+02*1.81945E-09
$   7.88810E-04  7.88810E-04   1.00000E+02*1.76654E-09
$   8.06771E-04  8.06771E-04   1.00000E+02*1.78285E-09
$   8.52098E-04  8.52098E-04   1.00000E+02*6.78951E-08
$   8.52361E-04  8.52361E-04   1.00000E+02*7.39118E-07
$   8.58930E-04  8.58930E-04   1.00000E+02*2.52983E-08
$   8.70064E-04  8.70064E-04   1.00000E+02*3.99531E-07
$   8.76890E-04  8.76890E-04   1.00000E+02*1.38510E-08
$   9.26018E-04  9.26018E-04   1.00000E+02*5.54510E-08
$   9.28291E-04  9.28291E-04   1.00000E+02*8.48861E-08
$   9.91581E-04  9.91581E-04   1.00000E+02*1.99386E-10
$   9.91840E-04  9.91840E-04   1.00000E+02*2.61353E-10
$   7.41782E-03  7.41782E-03   1.00000E+02*3.19463E-05
$   7.43578E-03  7.43578E-03   1.00000E+02*6.23882E-05
$   8.22229E-03  8.22229E-03   1.00000E+02*3.90686E-06
$   8.22459E-03  8.22459E-03   1.00000E+02*7.66065E-06
$   8.28784E-03  8.28784E-03   1.00000E+02*3.34900E-09
$   8.28816E-03  8.28816E-03   1.00000E+02*4.86742E-09
$   Gamma-rays (G)
$   Energy (MeV/n)             Activity (Bq) X Yield (abs.)
$      Lower        Upper
$   3.47140E-01  3.47140E-01   1.00000E+02*7.50000E-05
$   8.26100E-01  8.26100E-01   1.00000E+02*7.60000E-05
$   1.17323E+00  1.17323E+00   1.00000E+02*9.98500E-01
$   1.33249E+00  1.33249E+00   1.00000E+02*9.99826E-01
$   2.15857E+00  2.15857E+00   1.00000E+02*1.20000E-05
$   2.50569E+00  2.50569E+00   1.00000E+02*2.00000E-08
$   Ni-60                   # Stable nuclide
$      ne =   31            # number of energy and weight
                            #  data = ( emin(i), emax(i), w(i), i = 1, ne )
$  1.45030E-05  1.45030E-05  1.50257E-01  1.79600E-05  1.79600E-05  5.02051E-12
$  5.95467E-05  5.95467E-05  7.90703E-07  1.21520E-04  1.21520E-04  1.88427E-07
$  1.39480E-04  1.39480E-04  8.17232E-07  7.48381E-04  7.48381E-04  1.10137E-04
$  7.66341E-04  7.66341E-04  5.82779E-05  7.86540E-04  7.86540E-04  1.81945E-07
$  7.88810E-04  7.88810E-04  1.76654E-07  8.06771E-04  8.06771E-04  1.78285E-07
$  8.52098E-04  8.52098E-04  6.78951E-06  8.52361E-04  8.52361E-04  7.39118E-05
$  8.58930E-04  8.58930E-04  2.52983E-06  8.70064E-04  8.70064E-04  3.99531E-05
$  8.76890E-04  8.76890E-04  1.38510E-06  9.26018E-04  9.26018E-04  5.54510E-06
$  9.28291E-04  9.28291E-04  8.48861E-06  9.91581E-04  9.91581E-04  1.99386E-08
$  9.91840E-04  9.91840E-04  2.61353E-08  7.41782E-03  7.41782E-03  3.19463E-03
$  7.43578E-03  7.43578E-03  6.23882E-03  8.22229E-03  8.22229E-03  3.90686E-04
$  8.22459E-03  8.22459E-03  7.66065E-04  8.28784E-03  8.28784E-03  3.34900E-07
$  8.28816E-03  8.28816E-03  4.86742E-07  3.47140E-01  3.47140E-01  7.50000E-03
$  8.26100E-01  8.26100E-01  7.60000E-03  1.17323E+00  1.17323E+00  9.98500E+01
$  1.33249E+00  1.33249E+00  9.99826E+01  2.15857E+00  2.15857E+00  1.20000E-03
$  2.50569E+00  2.50569E+00  2.00000E-06

 <Source> =   1.0000        # weight of this sub-source
$<Source> =   200.01        # revised <source> by e-type=25,26,28 or 29
   s-type =   1             # cylindrical source
     proj =  photon         # kind of incident particle         
       r0 =   0.0000        # radius [cm]
       x0 =   0.0000        # (D=0.0) center position of x-axis [cm]
       y0 =   0.0000        # (D=0.0) center position of y-axis [cm]
       z0 =   40.000        # minimum position of z-axis [cm]
       z1 =   40.000        # maximum position of z-axis [cm]
      dir =   all           # z-direction of beam [isotropic]
     norm =   0             # (D=0) normalization factor =0:(/sec) =1:(/source)
    dtime =  -1.00000E+01   # (D=-10.0) cooling time: sec(+) or half_life(-)
$   dtime =   0.0000        # if you want to use like e-type = 22 dtime must be 0.0
   actlow =   0.00000E+00   # lower limit of activity (Bq)
 icharctx =   0             # (D=0) =0 with, 1 w/o, or 2 only character X-rays
   iannih =   0             # (D=0) =0 with, or 1 w/o annihilation photons
   e-type =  28             # RI source
       ni =   1             # number of registered nuclide
                            #  data = ( nuclide(i), activity(i), i = 1, ni )
    Co-60    1.00000E+02    # (Bq)
                            # ->  1.00000E+02 (Bq), half life:   5.27129996 (year)
$   X-rays (X)
$   Energy (MeV/n)             Activity (Bq) X Yield (abs.)
$      Lower        Upper
$   1.45030E-05  1.45030E-05   1.00000E+02*1.50257E-03
$   1.79600E-05  1.79600E-05   1.00000E+02*5.02051E-14
$   5.95467E-05  5.95467E-05   1.00000E+02*7.90703E-09
$   1.21520E-04  1.21520E-04   1.00000E+02*1.88427E-09
$   1.39480E-04  1.39480E-04   1.00000E+02*8.17232E-09
$   7.48381E-04  7.48381E-04   1.00000E+02*1.10137E-06
$   7.66341E-04  7.66341E-04   1.00000E+02*5.82779E-07
$   7.86540E-04  7.86540E-04   1.00000E+02*1.81945E-09
$   7.88810E-04  7.88810E-04   1.00000E+02*1.76654E-09
$   8.06771E-04  8.06771E-04   1.00000E+02*1.78285E-09
$   8.52098E-04  8.52098E-04   1.00000E+02*6.78951E-08
$   8.52361E-04  8.52361E-04   1.00000E+02*7.39118E-07
$   8.58930E-04  8.58930E-04   1.00000E+02*2.52983E-08
$   8.70064E-04  8.70064E-04   1.00000E+02*3.99531E-07
$   8.76890E-04  8.76890E-04   1.00000E+02*1.38510E-08
$   9.26018E-04  9.26018E-04   1.00000E+02*5.54510E-08
$   9.28291E-04  9.28291E-04   1.00000E+02*8.48861E-08
$   9.91581E-04  9.91581E-04   1.00000E+02*1.99386E-10
$   9.91840E-04  9.91840E-04   1.00000E+02*2.61353E-10
$   7.41782E-03  7.41782E-03   1.00000E+02*3.19463E-05
$   7.43578E-03  7.43578E-03   1.00000E+02*6.23882E-05
$   8.22229E-03  8.22229E-03   1.00000E+02*3.90686E-06
$   8.22459E-03  8.22459E-03   1.00000E+02*7.66065E-06
$   8.28784E-03  8.28784E-03   1.00000E+02*3.34900E-09
$   8.28816E-03  8.28816E-03   1.00000E+02*4.86742E-09
$   Gamma-rays (G)
$   Energy (MeV/n)             Activity (Bq) X Yield (abs.)
$      Lower        Upper
$   3.47140E-01  3.47140E-01   1.00000E+02*7.50000E-05
$   8.26100E-01  8.26100E-01   1.00000E+02*7.60000E-05
$   1.17323E+00  1.17323E+00   1.00000E+02*9.98500E-01
$   1.33249E+00  1.33249E+00   1.00000E+02*9.99826E-01
$   2.15857E+00  2.15857E+00   1.00000E+02*1.20000E-05
$   2.50569E+00  2.50569E+00   1.00000E+02*2.00000E-08
$   Ni-60                   # Stable nuclide
$      ne =   31            # number of energy and weight
                            #  data = ( emin(i), emax(i), w(i), i = 1, ne )
$  1.45030E-05  1.45030E-05  1.50257E-01  1.79600E-05  1.79600E-05  5.02051E-12
$  5.95467E-05  5.95467E-05  7.90703E-07  1.21520E-04  1.21520E-04  1.88427E-07
$  1.39480E-04  1.39480E-04  8.17232E-07  7.48381E-04  7.48381E-04  1.10137E-04
$  7.66341E-04  7.66341E-04  5.82779E-05  7.86540E-04  7.86540E-04  1.81945E-07
$  7.88810E-04  7.88810E-04  1.76654E-07  8.06771E-04  8.06771E-04  1.78285E-07
$  8.52098E-04  8.52098E-04  6.78951E-06  8.52361E-04  8.52361E-04  7.39118E-05
$  8.58930E-04  8.58930E-04  2.52983E-06  8.70064E-04  8.70064E-04  3.99531E-05
$  8.76890E-04  8.76890E-04  1.38510E-06  9.26018E-04  9.26018E-04  5.54510E-06
$  9.28291E-04  9.28291E-04  8.48861E-06  9.91581E-04  9.91581E-04  1.99386E-08
$  9.91840E-04  9.91840E-04  2.61353E-08  7.41782E-03  7.41782E-03  3.19463E-03
$  7.43578E-03  7.43578E-03  6.23882E-03  8.22229E-03  8.22229E-03  3.90686E-04
$  8.22459E-03  8.22459E-03  7.66065E-04  8.28784E-03  8.28784E-03  3.34900E-07
$  8.28816E-03  8.28816E-03  4.86742E-07  3.47140E-01  3.47140E-01  7.50000E-03
$  8.26100E-01  8.26100E-01  7.60000E-03  1.17323E+00  1.17323E+00  9.98500E+01
$  1.33249E+00  1.33249E+00  9.99826E+01  2.15857E+00  2.15857E+00  1.20000E-03
$  2.50569E+00  2.50569E+00  2.00000E-06

[ Material ]
MAT[ 1 ] 
            H         2.0000000E+00
            O         1.0000000E+00

[ Cell ]
 100        -1                 10 
 101         1 -1.0000000E+00  -11 12 -13 80 
 80          1 -1.0000000E+00  -80 
 300         0                 -300 
 301         0                 -301 
 110         0                 -10 #101 #80 #300 #301 

[ Surface ]
 10            so    5.0000000E+02
 11            cz    1.0000000E+01
 12            pz    0.0000000E+00
 13            pz    2.0000000E+01
 80            sz    1.0000000E+01  1.0000000E+00
 300           sz   -1.0000000E+01  5.0000000E-01
 301           sz    4.0000000E+01  5.0000000E-01

[ Mat Name Color ]
   mat     name     size          color   # HSB color value
     0     void     1.00      lightgray   # { -0.800  1.000  1.000 }
     1    Water     1.00     pastelblue   # {  0.250  0.400  1.000 }

[ T-Track ]
    title = Track Detection in xyz mesh
     mesh =  xyz            # mesh type is xyz scoring mesh
   x-type =    2            # x-mesh is linear given by xmin, xmax and nx
     xmin =  -25.00000      # minimum value of x-mesh points
     xmax =   25.00000      # maximum value of x-mesh points
#    xdel =  0.5000000      # mesh width of x-mesh points
       nx =    100          # number of x-mesh points
#    data = ( x(i), i = 1, nx + 1 )
#          -2.50000E+01 -2.45000E+01 -2.40000E+01 -2.35000E+01 -2.30000E+01
#          -2.25000E+01 -2.20000E+01 -2.15000E+01 -2.10000E+01 -2.05000E+01
#          -2.00000E+01 -1.95000E+01 -1.90000E+01 -1.85000E+01 -1.80000E+01
#          -1.75000E+01 -1.70000E+01 -1.65000E+01 -1.60000E+01 -1.55000E+01
#          -1.50000E+01 -1.45000E+01 -1.40000E+01 -1.35000E+01 -1.30000E+01
#          -1.25000E+01 -1.20000E+01 -1.15000E+01 -1.10000E+01 -1.05000E+01
#          -1.00000E+01 -9.50000E+00 -9.00000E+00 -8.50000E+00 -8.00000E+00
#          -7.50000E+00 -7.00000E+00 -6.50000E+00 -6.00000E+00 -5.50000E+00
#          -5.00000E+00 -4.50000E+00 -4.00000E+00 -3.50000E+00 -3.00000E+00
#          -2.50000E+00 -2.00000E+00 -1.50000E+00 -1.00000E+00 -5.00000E-01
#           0.00000E+00  5.00000E-01  1.00000E+00  1.50000E+00  2.00000E+00
#           2.50000E+00  3.00000E+00  3.50000E+00  4.00000E+00  4.50000E+00
#           5.00000E+00  5.50000E+00  6.00000E+00  6.50000E+00  7.00000E+00
#           7.50000E+00  8.00000E+00  8.50000E+00  9.00000E+00  9.50000E+00
#           1.00000E+01  1.05000E+01  1.10000E+01  1.15000E+01  1.20000E+01
#           1.25000E+01  1.30000E+01  1.35000E+01  1.40000E+01  1.45000E+01
#           1.50000E+01  1.55000E+01  1.60000E+01  1.65000E+01  1.70000E+01
#           1.75000E+01  1.80000E+01  1.85000E+01  1.90000E+01  1.95000E+01
#           2.00000E+01  2.05000E+01  2.10000E+01  2.15000E+01  2.20000E+01
#           2.25000E+01  2.30000E+01  2.35000E+01  2.40000E+01  2.45000E+01
#           2.50000E+01
   y-type =    1            # y-mesh is given by the below data
       ny =      1          # number of y-mesh points
#    data = ( y(i), i = 1, ny + 1 )
           -5.00000E+00  5.00000E+00
   z-type =    2            # z-mesh is linear given by zmin, zmax and nz
     zmin =  -20.00000      # minimum value of z-mesh points
     zmax =   60.00000      # maximum value of z-mesh points
#    zdel =  0.5000000      # mesh width of z-mesh points
       nz =    160          # number of z-mesh points
#    data = ( z(i), i = 1, nz + 1 )
#          -2.00000E+01 -1.95000E+01 -1.90000E+01 -1.85000E+01 -1.80000E+01
#          -1.75000E+01 -1.70000E+01 -1.65000E+01 -1.60000E+01 -1.55000E+01
#          -1.50000E+01 -1.45000E+01 -1.40000E+01 -1.35000E+01 -1.30000E+01
#          -1.25000E+01 -1.20000E+01 -1.15000E+01 -1.10000E+01 -1.05000E+01
#          -1.00000E+01 -9.50000E+00 -9.00000E+00 -8.50000E+00 -8.00000E+00
#          -7.50000E+00 -7.00000E+00 -6.50000E+00 -6.00000E+00 -5.50000E+00
#          -5.00000E+00 -4.50000E+00 -4.00000E+00 -3.50000E+00 -3.00000E+00
#          -2.50000E+00 -2.00000E+00 -1.50000E+00 -1.00000E+00 -5.00000E-01
#           0.00000E+00  5.00000E-01  1.00000E+00  1.50000E+00  2.00000E+00
#           2.50000E+00  3.00000E+00  3.50000E+00  4.00000E+00  4.50000E+00
#           5.00000E+00  5.50000E+00  6.00000E+00  6.50000E+00  7.00000E+00
#           7.50000E+00  8.00000E+00  8.50000E+00  9.00000E+00  9.50000E+00
#           1.00000E+01  1.05000E+01  1.10000E+01  1.15000E+01  1.20000E+01
#           1.25000E+01  1.30000E+01  1.35000E+01  1.40000E+01  1.45000E+01
#           1.50000E+01  1.55000E+01  1.60000E+01  1.65000E+01  1.70000E+01
#           1.75000E+01  1.80000E+01  1.85000E+01  1.90000E+01  1.95000E+01
#           2.00000E+01  2.05000E+01  2.10000E+01  2.15000E+01  2.20000E+01
#           2.25000E+01  2.30000E+01  2.35000E+01  2.40000E+01  2.45000E+01
#           2.50000E+01  2.55000E+01  2.60000E+01  2.65000E+01  2.70000E+01
#           2.75000E+01  2.80000E+01  2.85000E+01  2.90000E+01  2.95000E+01
#           3.00000E+01  3.05000E+01  3.10000E+01  3.15000E+01  3.20000E+01
#           3.25000E+01  3.30000E+01  3.35000E+01  3.40000E+01  3.45000E+01
#           3.50000E+01  3.55000E+01  3.60000E+01  3.65000E+01  3.70000E+01
#           3.75000E+01  3.80000E+01  3.85000E+01  3.90000E+01  3.95000E+01
#           4.00000E+01  4.05000E+01  4.10000E+01  4.15000E+01  4.20000E+01
#           4.25000E+01  4.30000E+01  4.35000E+01  4.40000E+01  4.45000E+01
#           4.50000E+01  4.55000E+01  4.60000E+01  4.65000E+01  4.70000E+01
#           4.75000E+01  4.80000E+01  4.85000E+01  4.90000E+01  4.95000E+01
#           5.00000E+01  5.05000E+01  5.10000E+01  5.15000E+01  5.20000E+01
#           5.25000E+01  5.30000E+01  5.35000E+01  5.40000E+01  5.45000E+01
#           5.50000E+01  5.55000E+01  5.60000E+01  5.65000E+01  5.70000E+01
#           5.75000E+01  5.80000E+01  5.85000E+01  5.90000E+01  5.95000E+01
#           6.00000E+01
   e-type =    1            # e-mesh is given by the below data
       ne =      1          # number of e-mesh points
#    data = ( e(i), i = 1, ne + 1 )
            0.00000E+00  5.00000E+03
     unit =    1            # unit is [1/cm^2/source]
 material =  all            # (D=all) number of specific material
  2D-type =    3            # 1:Cont, 2:Clust, 3:Color, 4:xyz, 5:mat, 6:Clust+Cont, 7:Col+Cont
     axis =      xz            # axis of output
     file = track_xz.out    # file name of output for the above axis
     part =  all      
# kf/name :  0        
    z-txt = Flux[1/cm^{2}/sec]
    gshow =    1            # 0: no 1:bnd, 2:bnd+mat, 3:bnd+reg 4:bnd+lat 5:bmp style
    resol =    1            # (D=1) resolution of gshow or rshow
    width = 0.5000000       # (D=0.5) width of lines for gshow or rshow
   epsout =    1            # (D=0) generate eps file by ANGEL
#    used :        main (  %)        temp (  %)       total (  %)
#  memory :         270 (  0)           0 (  0)         270 (  0)

[ T-Cross ]
    title = Energy distribution in region mesh
     mesh =  reg            # mesh type is region-wise
      reg =    1            # number of crossing regions
      non     r-from    r-to       area
      1       110       101        1.000000    
   e-type =    2            # e-mesh is linear given by emin, emax and ne
     emin =   0.000000      # minimum value of e-mesh points
     emax =   2.000000      # maximum value of e-mesh points
#    edel =  1.0000000E-02  # mesh width of e-mesh points
       ne =    200          # number of e-mesh points
#    data = ( e(i), i = 1, ne + 1 )
#           0.00000E+00  1.00000E-02  2.00000E-02  3.00000E-02  4.00000E-02
#           5.00000E-02  6.00000E-02  7.00000E-02  8.00000E-02  9.00000E-02
#           1.00000E-01  1.10000E-01  1.20000E-01  1.30000E-01  1.40000E-01
#           1.50000E-01  1.60000E-01  1.70000E-01  1.80000E-01  1.90000E-01
#           2.00000E-01  2.10000E-01  2.20000E-01  2.30000E-01  2.40000E-01
#           2.50000E-01  2.60000E-01  2.70000E-01  2.80000E-01  2.90000E-01
#           3.00000E-01  3.10000E-01  3.20000E-01  3.30000E-01  3.40000E-01
#           3.50000E-01  3.60000E-01  3.70000E-01  3.80000E-01  3.90000E-01
#           4.00000E-01  4.10000E-01  4.20000E-01  4.30000E-01  4.40000E-01
#           4.50000E-01  4.60000E-01  4.70000E-01  4.80000E-01  4.90000E-01
#           5.00000E-01  5.10000E-01  5.20000E-01  5.30000E-01  5.40000E-01
#           5.50000E-01  5.60000E-01  5.70000E-01  5.80000E-01  5.90000E-01
#           6.00000E-01  6.10000E-01  6.20000E-01  6.30000E-01  6.40000E-01
#           6.50000E-01  6.60000E-01  6.70000E-01  6.80000E-01  6.90000E-01
#           7.00000E-01  7.10000E-01  7.20000E-01  7.30000E-01  7.40000E-01
#           7.50000E-01  7.60000E-01  7.70000E-01  7.80000E-01  7.90000E-01
#           8.00000E-01  8.10000E-01  8.20000E-01  8.30000E-01  8.40000E-01
#           8.50000E-01  8.60000E-01  8.70000E-01  8.80000E-01  8.90000E-01
#           9.00000E-01  9.10000E-01  9.20000E-01  9.30000E-01  9.40000E-01
#           9.50000E-01  9.60000E-01  9.70000E-01  9.80000E-01  9.90000E-01
#           1.00000E+00  1.01000E+00  1.02000E+00  1.03000E+00  1.04000E+00
#           1.05000E+00  1.06000E+00  1.07000E+00  1.08000E+00  1.09000E+00
#           1.10000E+00  1.11000E+00  1.12000E+00  1.13000E+00  1.14000E+00
#           1.15000E+00  1.16000E+00  1.17000E+00  1.18000E+00  1.19000E+00
#           1.20000E+00  1.21000E+00  1.22000E+00  1.23000E+00  1.24000E+00
#           1.25000E+00  1.26000E+00  1.27000E+00  1.28000E+00  1.29000E+00
#           1.30000E+00  1.31000E+00  1.32000E+00  1.33000E+00  1.34000E+00
#           1.35000E+00  1.36000E+00  1.37000E+00  1.38000E+00  1.39000E+00
#           1.40000E+00  1.41000E+00  1.42000E+00  1.43000E+00  1.44000E+00
#           1.45000E+00  1.46000E+00  1.47000E+00  1.48000E+00  1.49000E+00
#           1.50000E+00  1.51000E+00  1.52000E+00  1.53000E+00  1.54000E+00
#           1.55000E+00  1.56000E+00  1.57000E+00  1.58000E+00  1.59000E+00
#           1.60000E+00  1.61000E+00  1.62000E+00  1.63000E+00  1.64000E+00
#           1.65000E+00  1.66000E+00  1.67000E+00  1.68000E+00  1.69000E+00
#           1.70000E+00  1.71000E+00  1.72000E+00  1.73000E+00  1.74000E+00
#           1.75000E+00  1.76000E+00  1.77000E+00  1.78000E+00  1.79000E+00
#           1.80000E+00  1.81000E+00  1.82000E+00  1.83000E+00  1.84000E+00
#           1.85000E+00  1.86000E+00  1.87000E+00  1.88000E+00  1.89000E+00
#           1.90000E+00  1.91000E+00  1.92000E+00  1.93000E+00  1.94000E+00
#           1.95000E+00  1.96000E+00  1.97000E+00  1.98000E+00  1.99000E+00
#           2.00000E+00
     unit =    1            # unit is [1/cm^2/source]
     axis =  eng            # axis of output
     file = cross_eng.out   # file name of output for the above axis
   output = flux            # surface crossing flux
     part =  photon   
# kf/name :  22       
   epsout =    1            # (D=0) generate eps file by ANGEL
#    used :        main (  %)        temp (  %)       total (  %)
#  memory :         214 (  0)           0 (  0)         214 (  0)

[ T-Deposit ]
    title = Deposition energy in reg mesh
     mesh =  reg            # mesh type is region-wise
      reg = 80
     unit =    0            # unit is [Gy/source]
   letmat =    1            # (D=0) mat ID for LET, 0:real mat, <0: electron for H2O
  dedxfnc =    0            # (D=0) user defined multiplier, 0(no), 1, 2
 material =  all            # (D=all) number of specific material
   output =  dose           # total deposit energy
  deposit =    0            # (D=0) 0-> total deposit dist, 1-> each process
     axis =   reg           # axis of output
     file = dose-Gy.out     # file name of output for the above axis
     part =  photon   
# kf/name :  22       
    y-txt = Dose [Gy/s]
    gshow =    1            # 0: no 1:bnd, 2:bnd+mat, 3:bnd+reg 4:bnd+lat 5:bmp style
    resol =    1            # (D=1) resolution of gshow or rshow
    width = 0.5000000       # (D=0.5) width of lines for gshow or rshow
   epsout =    1            # (D=0) generate eps file by ANGEL
#    used :        main (  %)        temp (  %)       total (  %)
#  memory :           5 (  0)           0 (  0)           5 (  0)

[ T-Product ]
    title = Source-Reg
     mesh =  reg            # mesh type is region-wise
      reg = 300 301
   e-type =    1            # e-mesh is given by the below data
       ne =      1          # number of e-mesh points
#    data = ( e(i), i = 1, ne + 1 )
            0.00000E+00  3.00000E+00
 material =  all            # (D=all) number of specific material
   mother =  all            # (D=all) number of specific mother
     unit =    1            # unit is [1/source]
     axis =  reg            # axis of output
     file = source_distribution.out  # file name of output for the above axis
   output = source          # (D=nuclear) source distribution
     part =  photon   
# kf/name :  22       
    y-txt = Source [1/s] bjhnghjgjmvjh
    gshow =    1            # 0: no 1:bnd, 2:bnd+mat, 3:bnd+reg 4:bnd+lat 5:bmp style
    resol =    1            # (D=1) resolution of gshow or rshow
    width = 0.5000000       # (D=0.5) width of lines for gshow or rshow
   epsout =    1            # (D=0) generate eps file by ANGEL
#    used :        main (  %)        temp (  %)       total (  %)
#  memory :           8 (  0)           0 (  0)           8 (  0)

[END] of Input Echo <<<========================================================

<<< Report of real Geometry memory >>>
*           GG/CG memory =      243
*     total memory: mdas = 80000000
*                percent =     0.00 %

<<< Report of material memory for high energy>>>
*   high energy material =      198
*     total memory: mdas = 80000000
*                percent =     0.00 %

<<< Report of material memory for low energy>>>
*    low energy material =      998
*     total memory: mdas = 80000000
*                percent =     0.00 %

<<< Report of real tally memory >>>
*      real tally memory =      497
*     total memory: mdas = 80000000
*                percent =     0.00 %

<<< Report of bank memory >>>
*            bank memory =      815
*     total memory: mdas = 80000000
*                percent =     0.00 %

<<< Report of other memory >>>
*           other memory =     2250
*     total memory: mdas = 80000000
*                percent =     0.00 %

<<< Report of total memory >>>
*      used total memory =     5001
*     total memory: mdas = 80000000
*                percent =     0.01 %
*                ---------------------

-------------------------------------------------------------------------------
bat[       1] ncas =           1000.
 bitrseed = 0100001010011000001011101100011110011000110110100110010000000000
          cpu time =   0.008 s.

-------------------------------------------------------------------------------
bat[       2] ncas =           2000.
 bitrseed = 0101000011000111010110101100111000100101101011010111101101011101
          cpu time =   0.148 s.

-------------------------------------------------------------------------------
bat[       3] ncas =           3000.
 bitrseed = 0101100011011011110001100101110111100110110100101110100101001100
          cpu time =   0.133 s.

-------------------------------------------------------------------------------
bat[       4] ncas =           4000.
 bitrseed = 0111101111011110101110001110111000001110000010010001000010100001
          cpu time =   0.156 s.

-------------------------------------------------------------------------------
bat[       5] ncas =           5000.
 bitrseed = 1000101001001101001010000000111010011100000001000110000001000000
          cpu time =   0.148 s.

-------------------------------------------------------------------------------
bat[       6] ncas =           6000.
 bitrseed = 1101111111001101100001000101010101010011110110101000101010011110
          cpu time =   0.141 s.

-------------------------------------------------------------------------------
bat[       7] ncas =           7000.
 bitrseed = 1001000011100101101101101011000010001010100000111001111101111011
          cpu time =   0.125 s.

-------------------------------------------------------------------------------
bat[       8] ncas =           8000.
 bitrseed = 1001011010111010111011011110110001001010000110111001011110011110
          cpu time =   0.148 s.

-------------------------------------------------------------------------------
bat[       9] ncas =           9000.
 bitrseed = 1101001111101111111101001001110111010001010011111101010010001001
          cpu time =   0.148 s.

-------------------------------------------------------------------------------
bat[      10] ncas =          10000.
 bitrseed = 1011100001101001100100111110100001000001010100101110010000011100
          cpu time =   0.133 s.

-------------------------------------------------------------------------------
bat[      11] ncas =          11000.
 bitrseed = 0111011010010100011001101100101001110100011011011011110011011010
          cpu time =   0.141 s.

-------------------------------------------------------------------------------
bat[      12] ncas =          12000.
 bitrseed = 1111011111001110100111110001011011010110011110011101010001000100
          cpu time =   0.156 s.

-------------------------------------------------------------------------------
bat[      13] ncas =          13000.
 bitrseed = 1010100111001111100001110010001010110101110001001010000111110100
          cpu time =   0.117 s.

-------------------------------------------------------------------------------
bat[      14] ncas =          14000.
 bitrseed = 0101101100001100010101000010111000001010111101111101100110110100
          cpu time =   0.148 s.

-------------------------------------------------------------------------------
bat[      15] ncas =          15000.
 bitrseed = 0000000110101010101110100111001011010010111011110110011001110010
          cpu time =   0.141 s.

-------------------------------------------------------------------------------
bat[      16] ncas =          16000.
 bitrseed = 1011100101110110110001110111011000111100110100001101101101110101
          cpu time =   0.133 s.

-------------------------------------------------------------------------------
bat[      17] ncas =          17000.
 bitrseed = 1011100010110110000001111001111101110110000111000101111101000110
          cpu time =   0.125 s.

-------------------------------------------------------------------------------
bat[      18] ncas =          18000.
 bitrseed = 1100001101111001000111111100100001101100010011011101100101111111
          cpu time =   0.125 s.

-------------------------------------------------------------------------------
bat[      19] ncas =          19000.
 bitrseed = 0000000100100111110001011101100010111010001001011111100100010010
          cpu time =   0.148 s.

-------------------------------------------------------------------------------
bat[      20] ncas =          20000.
 bitrseed = 1011111110110100101000011001110110010011100101000011011000100110
          cpu time =   0.141 s.

-------------------------------------------------------------------------------
bat[      21] ncas =          21000.
 bitrseed = 0010001001111000000001011101010001000101000111011100011011111001
          cpu time =   0.117 s.

-------------------------------------------------------------------------------
bat[      22] ncas =          22000.
 bitrseed = 1001100110110100000000101000100011000101101001011111110010001111
          cpu time =   0.156 s.

-------------------------------------------------------------------------------
bat[      23] ncas =          23000.
 bitrseed = 0001000110001001001001101111110001000011111001110010000101001011
          cpu time =   0.164 s.

-------------------------------------------------------------------------------
bat[      24] ncas =          24000.
 bitrseed = 0110100100000110111110100000000001011010001101001010010010001111
          cpu time =   0.156 s.

-------------------------------------------------------------------------------
bat[      25] ncas =          25000.
 bitrseed = 0101000000001111101010010010100101011101011110110001010101101101
          cpu time =   0.133 s.

-------------------------------------------------------------------------------
bat[      26] ncas =          26000.
 bitrseed = 0010111011011010101101101101010110110000111001100110110010111011
          cpu time =   0.125 s.

-------------------------------------------------------------------------------
bat[      27] ncas =          27000.
 bitrseed = 0011001100100111101110100110001110001111010011000010111100001101
          cpu time =   0.125 s.

-------------------------------------------------------------------------------
bat[      28] ncas =          28000.
 bitrseed = 1110101101000010111011100000001111000001010011000000101101000110
          cpu time =   0.117 s.

-------------------------------------------------------------------------------
bat[      29] ncas =          29000.
 bitrseed = 1010100011110000100101001011011000010110000111110111101001010001
          cpu time =   0.141 s.

-------------------------------------------------------------------------------
bat[      30] ncas =          30000.
 bitrseed = 1011110100000111000100010010101100110001001001011010111100001011
          cpu time =   0.141 s.

-------------------------------------------------------------------------------
bat[      31] ncas =          31000.
 bitrseed = 1100111110010100110001011111101110101011011100111100011110011001
          cpu time =   0.125 s.

-------------------------------------------------------------------------------
bat[      32] ncas =          32000.
 bitrseed = 1101111000001000000100011100100101100011111101001000000000100110
          cpu time =   0.156 s.

-------------------------------------------------------------------------------
bat[      33] ncas =          33000.
 bitrseed = 0100110011111100101001111110100010101011011001101010000011000111
          cpu time =   0.148 s.

-------------------------------------------------------------------------------
bat[      34] ncas =          34000.
 bitrseed = 1010100000101001111100010101101010111011000110001001101111110100
          cpu time =   0.141 s.

-------------------------------------------------------------------------------
bat[      35] ncas =          35000.
 bitrseed = 0110101000001001101000101110011111010100100111001000001010010000
          cpu time =   0.164 s.

-------------------------------------------------------------------------------
bat[      36] ncas =          36000.
 bitrseed = 1010101111011111100010011001110110011000000101010011000100100011
          cpu time =   0.133 s.

-------------------------------------------------------------------------------
bat[      37] ncas =          37000.
 bitrseed = 0101110100111000110001000000100000011000110101000011010001110010
          cpu time =   0.164 s.

-------------------------------------------------------------------------------
bat[      38] ncas =          38000.
 bitrseed = 0001110000101010110100111110001100001000111000011101101001111110
          cpu time =   0.133 s.

-------------------------------------------------------------------------------
bat[      39] ncas =          39000.
 bitrseed = 0011001001111111000100001001101111100100011000001111100000100100
          cpu time =   0.172 s.

-------------------------------------------------------------------------------
bat[      40] ncas =          40000.
 bitrseed = 0101111111011111001000011011111101000011010001010011101100001111
          cpu time =   0.125 s.

-------------------------------------------------------------------------------
bat[      41] ncas =          41000.
 bitrseed = 0100101001011011001000100100001001111001110011010001000110110101
          cpu time =   0.125 s.

-------------------------------------------------------------------------------
bat[      42] ncas =          42000.
 bitrseed = 0001010100011011100110011011010101111000110111111010101010010011
          cpu time =   0.164 s.

-------------------------------------------------------------------------------
bat[      43] ncas =          43000.
 bitrseed = 0101100101100000010000100000100111011101100010010100111010101110
          cpu time =   0.125 s.

-------------------------------------------------------------------------------
bat[      44] ncas =          44000.
 bitrseed = 1000101101100101100011100111011000101110010101100111001100111011
          cpu time =   0.133 s.

-------------------------------------------------------------------------------
bat[      45] ncas =          45000.
 bitrseed = 1101011001111101101100010100101011111101101000110000000101000001
          cpu time =   0.148 s.

-------------------------------------------------------------------------------
bat[      46] ncas =          46000.
 bitrseed = 1100111001011000110000010010000001010110111001111000010110101010
          cpu time =   0.148 s.

-------------------------------------------------------------------------------
bat[      47] ncas =          47000.
 bitrseed = 0100001000111000001101000000010111101010110101011101110001001000
          cpu time =   0.109 s.

-------------------------------------------------------------------------------
bat[      48] ncas =          48000.
 bitrseed = 0010011000001010011110011001010000101101100100001101000000100100
          cpu time =   0.141 s.

-------------------------------------------------------------------------------
bat[      49] ncas =          49000.
 bitrseed = 1011110110010000000010111010100100100100110001001001011011001100
          cpu time =   0.125 s.

-------------------------------------------------------------------------------
bat[      50] ncas =          50000.
 bitrseed = 1110011011111101010000001011101011010011010101011110000010110101
          cpu time =   0.148 s.

-------------------------------------------------------------------------------
bat[      51] ncas =          51000.
 bitrseed = 1101100100010001111111011010111010000011100111001110011111110001
          cpu time =   0.125 s.

-------------------------------------------------------------------------------
bat[      52] ncas =          52000.
 bitrseed = 0000110101011111101101100110111000010000000001001101100000111011
          cpu time =   0.156 s.

-------------------------------------------------------------------------------
bat[      53] ncas =          53000.
 bitrseed = 0101000101111010001101100110101110010011101010111111100110001011
          cpu time =   0.156 s.

-------------------------------------------------------------------------------
bat[      54] ncas =          54000.
 bitrseed = 1110100000000001101110010001111111110001110010010100100001011110
          cpu time =   0.148 s.

-------------------------------------------------------------------------------
bat[      55] ncas =          55000.
 bitrseed = 0000100011011101110111001100111000000000110111111111111101101110
          cpu time =   0.133 s.

-------------------------------------------------------------------------------
bat[      56] ncas =          56000.
 bitrseed = 0000100111000011101000010101000111011100111001011001110101111110
          cpu time =   0.102 s.

-------------------------------------------------------------------------------
bat[      57] ncas =          57000.
 bitrseed = 0111001101100110011000000000101101011000111001010010011111100101
          cpu time =   0.109 s.

-------------------------------------------------------------------------------
bat[      58] ncas =          58000.
 bitrseed = 1011010001011100111011001100011011101110111111110111001110110010
          cpu time =   0.133 s.

-------------------------------------------------------------------------------
bat[      59] ncas =          59000.
 bitrseed = 0001000110011011001011101000000110100000010000111101011101011000
          cpu time =   0.133 s.

-------------------------------------------------------------------------------
bat[      60] ncas =          60000.
 bitrseed = 0110100100001110111111100101001010011100001111011001100111000011
          cpu time =   0.156 s.

-------------------------------------------------------------------------------
bat[      61] ncas =          61000.
 bitrseed = 0110100110000100100100010011101000001011001010111110101011011100
          cpu time =   0.141 s.

-------------------------------------------------------------------------------
bat[      62] ncas =          62000.
 bitrseed = 1100110010001011101110100100111000010000111010100000001000011000
          cpu time =   0.133 s.

-------------------------------------------------------------------------------
bat[      63] ncas =          63000.
 bitrseed = 1011110110011000100101011101000010001010011110010001000011010001
          cpu time =   0.102 s.

-------------------------------------------------------------------------------
bat[      64] ncas =          64000.
 bitrseed = 1101110011110110101000001111010100010000011100010100110000011011
          cpu time =   0.125 s.

-------------------------------------------------------------------------------
bat[      65] ncas =          65000.
 bitrseed = 1100110011011011101011000111101010100100100011000011101111000111
          cpu time =   0.125 s.

-------------------------------------------------------------------------------
bat[      66] ncas =          66000.
 bitrseed = 1001001110010001001111011100110100110110110100101111000100101001
          cpu time =   0.133 s.

-------------------------------------------------------------------------------
bat[      67] ncas =          67000.
 bitrseed = 1001110101111010000110000101111001110100001110100100011000110011
          cpu time =   0.141 s.

-------------------------------------------------------------------------------
bat[      68] ncas =          68000.
 bitrseed = 1101011011100010010100000001101111010001011100111111001101101000
          cpu time =   0.117 s.

-------------------------------------------------------------------------------
bat[      69] ncas =          69000.
 bitrseed = 1011011010001111111110010111011010011001110011001111110110100101
          cpu time =   0.133 s.

-------------------------------------------------------------------------------
bat[      70] ncas =          70000.
 bitrseed = 1010001011111001111010010011101001110100101001010000000110100110
          cpu time =   0.102 s.

-------------------------------------------------------------------------------
bat[      71] ncas =          71000.
 bitrseed = 0110010110111011001011101101110000000011011101101111010000000011
          cpu time =   0.148 s.

-------------------------------------------------------------------------------
bat[      72] ncas =          72000.
 bitrseed = 1111101001011011001111001110100010100001100010100100010111011001
          cpu time =   0.156 s.

-------------------------------------------------------------------------------
bat[      73] ncas =          73000.
 bitrseed = 0011011101000001000001101101101001011000010001001111000001001011
          cpu time =   0.148 s.

-------------------------------------------------------------------------------
bat[      74] ncas =          74000.
 bitrseed = 1110010010010000111011100101011000110111000100011000110011001011
          cpu time =   0.133 s.

-------------------------------------------------------------------------------
bat[      75] ncas =          75000.
 bitrseed = 1110000010110010001110100011011010000110101111011111110010100010
          cpu time =   0.125 s.

-------------------------------------------------------------------------------
bat[      76] ncas =          76000.
 bitrseed = 0000001011000110100101001101110101011110001110011110010000011001
          cpu time =   0.141 s.

-------------------------------------------------------------------------------
bat[      77] ncas =          77000.
 bitrseed = 1111110110011110000110000011001111101111011111011001110010011100
          cpu time =   0.141 s.

-------------------------------------------------------------------------------
bat[      78] ncas =          78000.
 bitrseed = 1010001101001000100110000010101000000001101011011101110011001000
          cpu time =   0.148 s.

-------------------------------------------------------------------------------
bat[      79] ncas =          79000.
 bitrseed = 1100011111100011011110101100011111101110010011010101111101011001
          cpu time =   0.133 s.

-------------------------------------------------------------------------------
bat[      80] ncas =          80000.
 bitrseed = 1101001000001000011110000100111100000001011111101111000011101010
          cpu time =   0.141 s.

-------------------------------------------------------------------------------
bat[      81] ncas =          81000.
 bitrseed = 0010001000101001010101000110010101101010010000110000001101100101
          cpu time =   0.133 s.

-------------------------------------------------------------------------------
bat[      82] ncas =          82000.
 bitrseed = 0000101101110001001010010110111111001101011010111111010100010000
          cpu time =   0.109 s.

-------------------------------------------------------------------------------
bat[      83] ncas =          83000.
 bitrseed = 0000011011101111000000011011011001011110110000011000001110100110
          cpu time =   0.125 s.

-------------------------------------------------------------------------------
bat[      84] ncas =          84000.
 bitrseed = 0111110110111011110001100010010111110001101100110110100101110010
          cpu time =   0.117 s.

-------------------------------------------------------------------------------
bat[      85] ncas =          85000.
 bitrseed = 1011111010111111000001011110001000110100100101100100110000100110
          cpu time =   0.141 s.

-------------------------------------------------------------------------------
bat[      86] ncas =          86000.
 bitrseed = 0100101110100001011000001001110110000110011010101001110110100101
          cpu time =   0.109 s.

-------------------------------------------------------------------------------
bat[      87] ncas =          87000.
 bitrseed = 1101011011011111101101111101110111110101100101110001110111110011
          cpu time =   0.164 s.

-------------------------------------------------------------------------------
bat[      88] ncas =          88000.
 bitrseed = 1011011000011100111111011101100101000111010001100010010000010110
          cpu time =   0.156 s.

-------------------------------------------------------------------------------
bat[      89] ncas =          89000.
 bitrseed = 0000100010011110010111010011011100100010011101111000000101110100
          cpu time =   0.148 s.

-------------------------------------------------------------------------------
bat[      90] ncas =          90000.
 bitrseed = 0101101110100111010100011010011001011010000010010101011001011000
          cpu time =   0.133 s.

-------------------------------------------------------------------------------
bat[      91] ncas =          91000.
 bitrseed = 1100110001000110001011111100001001111101000001100101110111110010
          cpu time =   0.125 s.

-------------------------------------------------------------------------------
bat[      92] ncas =          92000.
 bitrseed = 1010010111111100001100000100011111001011110110100010100010100000
          cpu time =   0.102 s.

-------------------------------------------------------------------------------
bat[      93] ncas =          93000.
 bitrseed = 1110010000001101101000000100010101001000001011010101111000000010
          cpu time =   0.164 s.

-------------------------------------------------------------------------------
bat[      94] ncas =          94000.
 bitrseed = 0101001010010101000110001110111100000001100010011010101010011010
          cpu time =   0.102 s.

-------------------------------------------------------------------------------
bat[      95] ncas =          95000.
 bitrseed = 0000111000001100000111100100100110101101100101001000101010100110
          cpu time =   0.141 s.

-------------------------------------------------------------------------------
bat[      96] ncas =          96000.
 bitrseed = 1110101010001100010100110000000110111001000101111010111100010111
          cpu time =   0.156 s.

-------------------------------------------------------------------------------
bat[      97] ncas =          97000.
 bitrseed = 1000001110010001110011111010101111111100101011010000000010110010
          cpu time =   0.117 s.

-------------------------------------------------------------------------------
bat[      98] ncas =          98000.
 bitrseed = 0011101001100110110000101010010000000000001110110000100001110000
          cpu time =   0.148 s.

-------------------------------------------------------------------------------
bat[      99] ncas =          99000.
 bitrseed = 0111001101101010111010111111001100010010111110101110110010110111
          cpu time =   0.125 s.

-------------------------------------------------------------------------------
bat[     100] ncas =         100000.
 bitrseed = 1011010000001101000101011100101000110101101110001001010001110010
          cpu time =   0.164 s.

===============================================================================

 Summary for the end of job

-------------------------------------------------------------------------------
 number of analyz call vs ncol
-------------------------------------------------------------------------------
     ncol          number
        1              1.   : start of calculation            
        2              1.   : end of calculation              
        3            100.   : end of a batch                  
        4         100000.   : source                          
        5              0.   : detection of geometry error/warn
        6              0.   : recovery from geometry warning  
        7              0.   : termination by geometry error   
        8              0.   : termination by weight cut-off   
        9              0.   : termination by time cut-off     
       10         119924.   : geometry boundary crossing      
       11             89.   : termination by energy cut-off   
       12          99858.   : termination by escape or leakage
       13             54.   : reaction : (n,x) type           
       14           8402.   : reaction : (n,n'x) type         
       15              0.   : sequential transport for tally  

-------------------------------------------------------------------------------
 List of transport particles
-------------------------------------------------------------------------------
     Name      kf-code        mass       charge   baryon
     photon         22          0.0         0       0

-------------------------------------------------------------------------------
 prod. particles       number        weight        weight per source
-------------------------------------------------------------------------------
     photon                2.     2.0000000E+00     8.0004022E-03

-------------------------------------------------------------------------------
 stop. particles.    number        weight        weight per source
-------------------------------------------------------------------------------
     photon               89.     8.9000000E+01     3.5601790E-01

-------------------------------------------------------------------------------
 leak. particles       number        weight        weight per source
-------------------------------------------------------------------------------
     photon            99858.     9.9858000E+04     3.9945208E+02

-------------------------------------------------------------------------------
 source: maxcas    maxbch      irskip   average weight          total source
-------------------------------------------------------------------------------
        1000         100           0    2.4998743E-03    2.4998743111854E+02

-------------------------------------------------------------------------------
 Geometry error summary
-------------------------------------------------------------------------------
 Number of lost particles     =     0 / nlost =       10
 Number of geometry recovering =     0
 Number of unrecovered errors =     0

-------------------------------------------------------------------------------
 initial random seed:
   bitrseed = 0100001010011000001011101100011110011000110110100110010000000000
 next initial random seed:
   bitrseed = 0001110011011001101111011000110011100000010010101010010011101100

-------------------------------------------------------------------------------
 job termination date : 2023/09/19
                 time :   20:02:42

-------------------------------------------------------------------------------
    CPU time and number of event called in PHITS
-------------------------------------------------------------------------------

                             sec
total cpu time =           14.45


                           count
      analysis =         328427.  : data processing
         nevap =              0.  : evaporation
        dexgam =              0.  : de-excitation
         nreac =           8456.  : atomic and nuclear reactions
         dklos =              0.  : particle decay
         hydro =              0.  : nucleon-nucleon scattering
        n-data =              0.  : neutron data library
        h-data =              0.  : p, d, a data library
        p-data =           8456.  : photon data library
        e-data =              0.  : electron data library
        p-egs5 =              0.  : photon interaction with EGS5
        e-egs5 =              0.  : electron interaction with EGS5
      e-tsmode =              0.  : electron track structure mode
    ion-tsmode =              0.  : ion track structure mode
     photonucl =              0.  : photo-nuclear reaction
 photonucl lib =              0.  : photo-nuclear reaction with library
       mu-reac =              0.  : muon-induced nuclear reaction
       mu-brem =              0.  : muon-induced bremsstrahlung
       mu-pprd =              0.  : muon-induced pair production
        mu-cap =              0.  : muon capture in nucleus
         elast =              0.  : elastic scattering
         ncasc =              0.  : nuclear reaction model

       bertini =              0.  : Bertini model
        isobar =              0.  : isobar model
           JAM =              0.  : JAM model
           QMD =              0.  : JQMD model
        JAMQMD =              0.  : JAMQMD model
          INCL =              0.  : INCL model
        INCELF =              0.  : INCELF model
     frag data =              0.  : user defined cross section
       SCINFUL =              0.  : SCINFUL mode

>>> Citation Request >>>=======================================================

 This execution uses model(s) that must be explicitly cited in addition to
 the PHITS original document: T.Sato et al., J.Nucl.Sci.Technol.55, 684-690 (2018).
 Please refer the following document(s) in your publication using this result

 The KUROTAMA model:
    K. Iida, A. Kohama, and K. Oyamatsu, J. Phys. Soc. Japan 76, 044201 (2007).

 END 
