           _________________________________________________________
          |                                                         |
          |       _/_/_/_/                                          |
          |      _/      _/                  _/_/_/_/_/_/           |
          |     _/      _/  _/      _/   _/      _/      _/_/_/_/_/ |
          |    _/_/_/_/    _/      _/   _/      _/      _/          |
          |   _/          _/_/_/_/_/   _/      _/       _/_/_/_/    |
          |  _/          _/      _/   _/      _/              _/    |
          | _/          _/      _/   _/      _/      _/_/_/_/_/     |
          |                                                         |
          |                                                         |
          |       Particle and Heavy Ion Transport code System      |
          |                      Version =  3.350                   |
          |                       developed by                      |
          |                                                         |
          |  Tatsuhiko SATO, Yosuke IWAMOTO, Shintaro HASHIMOTO,    |
          |    Tatsuhiko OGAWA, Takuya FURUTA, Shinichiro ABE,      |
          |    Takeshi KAI, Norihiro MATSUDA, Yusuke MATSUYA,       |
          |      Yuho HIRATA, Takuya SEKIKAWA, Pi-En TSAI,          |
          |                Hunter RATLIFF (JAEA),                   |
          |                                                         |
          |  Hiroshi IWASE, Yasuhito SAKAKI, Kenta SUGIHARA (KEK),  |
          |                                                         |
          |           Nobuhiro SHIGYO (Kyushu University),          |
          |                                                         |
          |      Lembit SIHVER (Technische Universitat Wien), and   |
          |                                                         |
          |                     Koji NIITA (RIST)                   |
          |                                                         |
          |                 Last Revised  2025-03-28                |
          |_________________________________________________________|

                 ______________ [ Job Title ] ____________ 
                |                                         |
                |  Modulo acrilico posicionador Hamsters  |
                |_________________________________________|

                        Starting Date = 2026-03-31
                        Starting Time = 12h 28m 06

>>> Input Echo >>>=============================================================

[ Title ]
Modulo acrilico posicionador Hamsters

[ Parameters ]
 icntl    =           0     # (D=0) 3:ECH 5:NOR 6:SRC 7,8:GSH 11:DSH 12:DUMP
 maxcas   =          50     # (D=10) number of particles per one batch
 maxbch   =          50     # (D=10) number of batches

[ Source ]
  totfact =   1.0000        # (D=1.0) global factor
   s-type =   1             # cylindrical source
     proj =  proton         # kind of incident particle         
       e0 =   150.00        # energy of beam [MeV/n]
       r0 =   1.0000        # radius [cm]
       r1 =   0.0000        # minimum radius [cm]
       x0 =   17.000        # (D=0.0) center position of x-axis [cm]
       y0 =   2.5000        # (D=0.0) center position of y-axis [cm]
       z0 =   6.0000        # minimum position of z-axis [cm]
       z1 =   10.000        # maximum position of z-axis [cm]
      dir =  -1.0000        # z-direction of beam [cosine]

[ Material ]
MAT[ 1 ] 
            C         5.0000000E+00
            H         8.0000000E+00
            O         2.0000000E+00

[ Cell ]
 100         1 -1.1800000E+00  +1 -2 +3 -4 +5 -6 #200 #300 
 200         0                 11 -12 13 -14 15 -16 
 300         1 -1.1800000E+00  21 -22 23 -24 25 -26 
 1000        0                 -101 #300 #100 #200 
 1001       -1                 101 

[ Surface ]
 1             px    0.0000000E+00
 2             px    1.5000000E+01
 3             py    0.0000000E+00
 4             py    5.0000000E+00
 5             pz    0.0000000E+00
 6             pz    5.0000000E+00
 11            px    3.0000000E-01
 12            px    1.4700000E+01
 13            py    3.0000000E-01
 14            py    4.7000000E+00
 15            pz    3.0000000E-01
 16            pz    4.7000000E+00
 21            px    1.5000000E+01
 22            px    1.9000000E+01
 23            py    1.0000000E+00
 24            py    4.0000000E+00
 25            pz    2.2500000E+00
 26            pz    2.7500000E+00
 101           so    3.0000000E+01

[ T-Track ]
    title = [t-track] in xyz mesh
     mesh =  xyz            # mesh type is xyz scoring mesh
   x-type =    2            # x-mesh is linear given by xmin, xmax and nx
     xmin =  -5.000000      # minimum value of x-mesh points
     xmax =   22.00000      # maximum value of x-mesh points
#    xdel =  0.1350000      # mesh width of x-mesh points
       nx =    200          # number of x-mesh points
#    data = ( x(i), i = 1, nx + 1 )
#          -5.00000E+00 -4.86500E+00 -4.73000E+00 -4.59500E+00 -4.46000E+00
#          -4.32500E+00 -4.19000E+00 -4.05500E+00 -3.92000E+00 -3.78500E+00
#          -3.65000E+00 -3.51500E+00 -3.38000E+00 -3.24500E+00 -3.11000E+00
#          -2.97500E+00 -2.84000E+00 -2.70500E+00 -2.57000E+00 -2.43500E+00
#          -2.30000E+00 -2.16500E+00 -2.03000E+00 -1.89500E+00 -1.76000E+00
#          -1.62500E+00 -1.49000E+00 -1.35500E+00 -1.22000E+00 -1.08500E+00
#          -9.50000E-01 -8.15000E-01 -6.80000E-01 -5.45000E-01 -4.10000E-01
#          -2.75000E-01 -1.40000E-01 -5.00000E-03  1.30000E-01  2.65000E-01
#           4.00000E-01  5.35000E-01  6.70000E-01  8.05000E-01  9.40000E-01
#           1.07500E+00  1.21000E+00  1.34500E+00  1.48000E+00  1.61500E+00
#           1.75000E+00  1.88500E+00  2.02000E+00  2.15500E+00  2.29000E+00
#           2.42500E+00  2.56000E+00  2.69500E+00  2.83000E+00  2.96500E+00
#           3.10000E+00  3.23500E+00  3.37000E+00  3.50500E+00  3.64000E+00
#           3.77500E+00  3.91000E+00  4.04500E+00  4.18000E+00  4.31500E+00
#           4.45000E+00  4.58500E+00  4.72000E+00  4.85500E+00  4.99000E+00
#           5.12500E+00  5.26000E+00  5.39500E+00  5.53000E+00  5.66500E+00
#           5.80000E+00  5.93500E+00  6.07000E+00  6.20500E+00  6.34000E+00
#           6.47500E+00  6.61000E+00  6.74500E+00  6.88000E+00  7.01500E+00
#           7.15000E+00  7.28500E+00  7.42000E+00  7.55500E+00  7.69000E+00
#           7.82500E+00  7.96000E+00  8.09500E+00  8.23000E+00  8.36500E+00
#           8.50000E+00  8.63500E+00  8.77000E+00  8.90500E+00  9.04000E+00
#           9.17500E+00  9.31000E+00  9.44500E+00  9.58000E+00  9.71500E+00
#           9.85000E+00  9.98500E+00  1.01200E+01  1.02550E+01  1.03900E+01
#           1.05250E+01  1.06600E+01  1.07950E+01  1.09300E+01  1.10650E+01
#           1.12000E+01  1.13350E+01  1.14700E+01  1.16050E+01  1.17400E+01
#           1.18750E+01  1.20100E+01  1.21450E+01  1.22800E+01  1.24150E+01
#           1.25500E+01  1.26850E+01  1.28200E+01  1.29550E+01  1.30900E+01
#           1.32250E+01  1.33600E+01  1.34950E+01  1.36300E+01  1.37650E+01
#           1.39000E+01  1.40350E+01  1.41700E+01  1.43050E+01  1.44400E+01
#           1.45750E+01  1.47100E+01  1.48450E+01  1.49800E+01  1.51150E+01
#           1.52500E+01  1.53850E+01  1.55200E+01  1.56550E+01  1.57900E+01
#           1.59250E+01  1.60600E+01  1.61950E+01  1.63300E+01  1.64650E+01
#           1.66000E+01  1.67350E+01  1.68700E+01  1.70050E+01  1.71400E+01
#           1.72750E+01  1.74100E+01  1.75450E+01  1.76800E+01  1.78150E+01
#           1.79500E+01  1.80850E+01  1.82200E+01  1.83550E+01  1.84900E+01
#           1.86250E+01  1.87600E+01  1.88950E+01  1.90300E+01  1.91650E+01
#           1.93000E+01  1.94350E+01  1.95700E+01  1.97050E+01  1.98400E+01
#           1.99750E+01  2.01100E+01  2.02450E+01  2.03800E+01  2.05150E+01
#           2.06500E+01  2.07850E+01  2.09200E+01  2.10550E+01  2.11900E+01
#           2.13250E+01  2.14600E+01  2.15950E+01  2.17300E+01  2.18650E+01
#           2.20000E+01
   y-type =    2            # y-mesh is linear given by ymin, ymax and ny
     ymin =  -5.000000      # minimum value of y-mesh points
     ymax =   10.00000      # maximum value of y-mesh points
#    ydel =  7.5000000E-02  # mesh width of y-mesh points
       ny =    200          # number of y-mesh points
#    data = ( y(i), i = 1, ny + 1 )
#          -5.00000E+00 -4.92500E+00 -4.85000E+00 -4.77500E+00 -4.70000E+00
#          -4.62500E+00 -4.55000E+00 -4.47500E+00 -4.40000E+00 -4.32500E+00
#          -4.25000E+00 -4.17500E+00 -4.10000E+00 -4.02500E+00 -3.95000E+00
#          -3.87500E+00 -3.80000E+00 -3.72500E+00 -3.65000E+00 -3.57500E+00
#          -3.50000E+00 -3.42500E+00 -3.35000E+00 -3.27500E+00 -3.20000E+00
#          -3.12500E+00 -3.05000E+00 -2.97500E+00 -2.90000E+00 -2.82500E+00
#          -2.75000E+00 -2.67500E+00 -2.60000E+00 -2.52500E+00 -2.45000E+00
#          -2.37500E+00 -2.30000E+00 -2.22500E+00 -2.15000E+00 -2.07500E+00
#          -2.00000E+00 -1.92500E+00 -1.85000E+00 -1.77500E+00 -1.70000E+00
#          -1.62500E+00 -1.55000E+00 -1.47500E+00 -1.40000E+00 -1.32500E+00
#          -1.25000E+00 -1.17500E+00 -1.10000E+00 -1.02500E+00 -9.50000E-01
#          -8.75000E-01 -8.00000E-01 -7.25000E-01 -6.50000E-01 -5.75000E-01
#          -5.00000E-01 -4.25000E-01 -3.50000E-01 -2.75000E-01 -2.00000E-01
#          -1.25000E-01 -5.00000E-02  2.50000E-02  1.00000E-01  1.75000E-01
#           2.50000E-01  3.25000E-01  4.00000E-01  4.75000E-01  5.50000E-01
#           6.25000E-01  7.00000E-01  7.75000E-01  8.50000E-01  9.25000E-01
#           1.00000E+00  1.07500E+00  1.15000E+00  1.22500E+00  1.30000E+00
#           1.37500E+00  1.45000E+00  1.52500E+00  1.60000E+00  1.67500E+00
#           1.75000E+00  1.82500E+00  1.90000E+00  1.97500E+00  2.05000E+00
#           2.12500E+00  2.20000E+00  2.27500E+00  2.35000E+00  2.42500E+00
#           2.50000E+00  2.57500E+00  2.65000E+00  2.72500E+00  2.80000E+00
#           2.87500E+00  2.95000E+00  3.02500E+00  3.10000E+00  3.17500E+00
#           3.25000E+00  3.32500E+00  3.40000E+00  3.47500E+00  3.55000E+00
#           3.62500E+00  3.70000E+00  3.77500E+00  3.85000E+00  3.92500E+00
#           4.00000E+00  4.07500E+00  4.15000E+00  4.22500E+00  4.30000E+00
#           4.37500E+00  4.45000E+00  4.52500E+00  4.60000E+00  4.67500E+00
#           4.75000E+00  4.82500E+00  4.90000E+00  4.97500E+00  5.05000E+00
#           5.12500E+00  5.20000E+00  5.27500E+00  5.35000E+00  5.42500E+00
#           5.50000E+00  5.57500E+00  5.65000E+00  5.72500E+00  5.80000E+00
#           5.87500E+00  5.95000E+00  6.02500E+00  6.10000E+00  6.17500E+00
#           6.25000E+00  6.32500E+00  6.40000E+00  6.47500E+00  6.55000E+00
#           6.62500E+00  6.70000E+00  6.77500E+00  6.85000E+00  6.92500E+00
#           7.00000E+00  7.07500E+00  7.15000E+00  7.22500E+00  7.30000E+00
#           7.37500E+00  7.45000E+00  7.52500E+00  7.60000E+00  7.67500E+00
#           7.75000E+00  7.82500E+00  7.90000E+00  7.97500E+00  8.05000E+00
#           8.12500E+00  8.20000E+00  8.27500E+00  8.35000E+00  8.42500E+00
#           8.50000E+00  8.57500E+00  8.65000E+00  8.72500E+00  8.80000E+00
#           8.87500E+00  8.95000E+00  9.02500E+00  9.10000E+00  9.17500E+00
#           9.25000E+00  9.32500E+00  9.40000E+00  9.47500E+00  9.55000E+00
#           9.62500E+00  9.70000E+00  9.77500E+00  9.85000E+00  9.92500E+00
#           1.00000E+01
   z-type =    2            # z-mesh is linear given by zmin, zmax and nz
     zmin =   2.490000      # minimum value of z-mesh points
     zmax =   2.510000      # maximum value of z-mesh points
#    zdel =  2.0000000E-02  # mesh width of z-mesh points
       nz =      1          # number of z-mesh points
#    data = ( z(i), i = 1, nz + 1 )
#           2.49000E+00  2.51000E+00
   e-type =    1            # e-mesh is given by the below data
       ne =      1          # number of e-mesh points
#    data = ( e(i), i = 1, ne + 1 )
            0.00000E+00  1.00000E+03
     unit =    1            # unit is [1/cm^2/source]
 material =  all            # (D=all) number of specific material
  2D-type =    3            # 1:Cont, 2:Clust, 3:Color, 4:xyz, 5:mat, 6:Clust+Cont, 7:Col+Cont
     axis =      xy            # axis of output
     file = track_xy.out    # file name of output for the above axis
     part =  all      
# kf/name :  0        
    gshow =    3            # 0: no 1:bnd, 2:bnd+mat, 3:bnd+reg 4:bnd+lat 5:bmp style
    resol =    1            # (D=1) resolution of gshow or rshow
    width = 0.5000000       # (D=0.5) width of lines for gshow or rshow
   epsout =    1            # (D=0) generate eps file by ANGEL
#    used :        main (  %)        temp (  %)       total (  %)
#  memory :         410 (  0)           0 (  0)         410 (  0)

[ T-Track ]
    title = [t-track] in xyz mesh
     mesh =  xyz            # mesh type is xyz scoring mesh
   x-type =    2            # x-mesh is linear given by xmin, xmax and nx
     xmin =  -5.000000      # minimum value of x-mesh points
     xmax =   20.00000      # maximum value of x-mesh points
#    xdel =  0.1250000      # mesh width of x-mesh points
       nx =    200          # number of x-mesh points
#    data = ( x(i), i = 1, nx + 1 )
#          -5.00000E+00 -4.87500E+00 -4.75000E+00 -4.62500E+00 -4.50000E+00
#          -4.37500E+00 -4.25000E+00 -4.12500E+00 -4.00000E+00 -3.87500E+00
#          -3.75000E+00 -3.62500E+00 -3.50000E+00 -3.37500E+00 -3.25000E+00
#          -3.12500E+00 -3.00000E+00 -2.87500E+00 -2.75000E+00 -2.62500E+00
#          -2.50000E+00 -2.37500E+00 -2.25000E+00 -2.12500E+00 -2.00000E+00
#          -1.87500E+00 -1.75000E+00 -1.62500E+00 -1.50000E+00 -1.37500E+00
#          -1.25000E+00 -1.12500E+00 -1.00000E+00 -8.75000E-01 -7.50000E-01
#          -6.25000E-01 -5.00000E-01 -3.75000E-01 -2.50000E-01 -1.25000E-01
#           0.00000E+00  1.25000E-01  2.50000E-01  3.75000E-01  5.00000E-01
#           6.25000E-01  7.50000E-01  8.75000E-01  1.00000E+00  1.12500E+00
#           1.25000E+00  1.37500E+00  1.50000E+00  1.62500E+00  1.75000E+00
#           1.87500E+00  2.00000E+00  2.12500E+00  2.25000E+00  2.37500E+00
#           2.50000E+00  2.62500E+00  2.75000E+00  2.87500E+00  3.00000E+00
#           3.12500E+00  3.25000E+00  3.37500E+00  3.50000E+00  3.62500E+00
#           3.75000E+00  3.87500E+00  4.00000E+00  4.12500E+00  4.25000E+00
#           4.37500E+00  4.50000E+00  4.62500E+00  4.75000E+00  4.87500E+00
#           5.00000E+00  5.12500E+00  5.25000E+00  5.37500E+00  5.50000E+00
#           5.62500E+00  5.75000E+00  5.87500E+00  6.00000E+00  6.12500E+00
#           6.25000E+00  6.37500E+00  6.50000E+00  6.62500E+00  6.75000E+00
#           6.87500E+00  7.00000E+00  7.12500E+00  7.25000E+00  7.37500E+00
#           7.50000E+00  7.62500E+00  7.75000E+00  7.87500E+00  8.00000E+00
#           8.12500E+00  8.25000E+00  8.37500E+00  8.50000E+00  8.62500E+00
#           8.75000E+00  8.87500E+00  9.00000E+00  9.12500E+00  9.25000E+00
#           9.37500E+00  9.50000E+00  9.62500E+00  9.75000E+00  9.87500E+00
#           1.00000E+01  1.01250E+01  1.02500E+01  1.03750E+01  1.05000E+01
#           1.06250E+01  1.07500E+01  1.08750E+01  1.10000E+01  1.11250E+01
#           1.12500E+01  1.13750E+01  1.15000E+01  1.16250E+01  1.17500E+01
#           1.18750E+01  1.20000E+01  1.21250E+01  1.22500E+01  1.23750E+01
#           1.25000E+01  1.26250E+01  1.27500E+01  1.28750E+01  1.30000E+01
#           1.31250E+01  1.32500E+01  1.33750E+01  1.35000E+01  1.36250E+01
#           1.37500E+01  1.38750E+01  1.40000E+01  1.41250E+01  1.42500E+01
#           1.43750E+01  1.45000E+01  1.46250E+01  1.47500E+01  1.48750E+01
#           1.50000E+01  1.51250E+01  1.52500E+01  1.53750E+01  1.55000E+01
#           1.56250E+01  1.57500E+01  1.58750E+01  1.60000E+01  1.61250E+01
#           1.62500E+01  1.63750E+01  1.65000E+01  1.66250E+01  1.67500E+01
#           1.68750E+01  1.70000E+01  1.71250E+01  1.72500E+01  1.73750E+01
#           1.75000E+01  1.76250E+01  1.77500E+01  1.78750E+01  1.80000E+01
#           1.81250E+01  1.82500E+01  1.83750E+01  1.85000E+01  1.86250E+01
#           1.87500E+01  1.88750E+01  1.90000E+01  1.91250E+01  1.92500E+01
#           1.93750E+01  1.95000E+01  1.96250E+01  1.97500E+01  1.98750E+01
#           2.00000E+01
   y-type =    1            # y-mesh is given by the below data
       ny =      1          # number of y-mesh points
#    data = ( y(i), i = 1, ny + 1 )
            0.00000E+00  5.00000E+00
   z-type =    2            # z-mesh is linear given by zmin, zmax and nz
     zmin =  -5.000000      # minimum value of z-mesh points
     zmax =   16.00000      # maximum value of z-mesh points
#    zdel =  0.1050000      # mesh width of z-mesh points
       nz =    200          # number of z-mesh points
#    data = ( z(i), i = 1, nz + 1 )
#          -5.00000E+00 -4.89500E+00 -4.79000E+00 -4.68500E+00 -4.58000E+00
#          -4.47500E+00 -4.37000E+00 -4.26500E+00 -4.16000E+00 -4.05500E+00
#          -3.95000E+00 -3.84500E+00 -3.74000E+00 -3.63500E+00 -3.53000E+00
#          -3.42500E+00 -3.32000E+00 -3.21500E+00 -3.11000E+00 -3.00500E+00
#          -2.90000E+00 -2.79500E+00 -2.69000E+00 -2.58500E+00 -2.48000E+00
#          -2.37500E+00 -2.27000E+00 -2.16500E+00 -2.06000E+00 -1.95500E+00
#          -1.85000E+00 -1.74500E+00 -1.64000E+00 -1.53500E+00 -1.43000E+00
#          -1.32500E+00 -1.22000E+00 -1.11500E+00 -1.01000E+00 -9.05000E-01
#          -8.00000E-01 -6.95000E-01 -5.90000E-01 -4.85000E-01 -3.80000E-01
#          -2.75000E-01 -1.70000E-01 -6.50000E-02  4.00000E-02  1.45000E-01
#           2.50000E-01  3.55000E-01  4.60000E-01  5.65000E-01  6.70000E-01
#           7.75000E-01  8.80000E-01  9.85000E-01  1.09000E+00  1.19500E+00
#           1.30000E+00  1.40500E+00  1.51000E+00  1.61500E+00  1.72000E+00
#           1.82500E+00  1.93000E+00  2.03500E+00  2.14000E+00  2.24500E+00
#           2.35000E+00  2.45500E+00  2.56000E+00  2.66500E+00  2.77000E+00
#           2.87500E+00  2.98000E+00  3.08500E+00  3.19000E+00  3.29500E+00
#           3.40000E+00  3.50500E+00  3.61000E+00  3.71500E+00  3.82000E+00
#           3.92500E+00  4.03000E+00  4.13500E+00  4.24000E+00  4.34500E+00
#           4.45000E+00  4.55500E+00  4.66000E+00  4.76500E+00  4.87000E+00
#           4.97500E+00  5.08000E+00  5.18500E+00  5.29000E+00  5.39500E+00
#           5.50000E+00  5.60500E+00  5.71000E+00  5.81500E+00  5.92000E+00
#           6.02500E+00  6.13000E+00  6.23500E+00  6.34000E+00  6.44500E+00
#           6.55000E+00  6.65500E+00  6.76000E+00  6.86500E+00  6.97000E+00
#           7.07500E+00  7.18000E+00  7.28500E+00  7.39000E+00  7.49500E+00
#           7.60000E+00  7.70500E+00  7.81000E+00  7.91500E+00  8.02000E+00
#           8.12500E+00  8.23000E+00  8.33500E+00  8.44000E+00  8.54500E+00
#           8.65000E+00  8.75500E+00  8.86000E+00  8.96500E+00  9.07000E+00
#           9.17500E+00  9.28000E+00  9.38500E+00  9.49000E+00  9.59500E+00
#           9.70000E+00  9.80500E+00  9.91000E+00  1.00150E+01  1.01200E+01
#           1.02250E+01  1.03300E+01  1.04350E+01  1.05400E+01  1.06450E+01
#           1.07500E+01  1.08550E+01  1.09600E+01  1.10650E+01  1.11700E+01
#           1.12750E+01  1.13800E+01  1.14850E+01  1.15900E+01  1.16950E+01
#           1.18000E+01  1.19050E+01  1.20100E+01  1.21150E+01  1.22200E+01
#           1.23250E+01  1.24300E+01  1.25350E+01  1.26400E+01  1.27450E+01
#           1.28500E+01  1.29550E+01  1.30600E+01  1.31650E+01  1.32700E+01
#           1.33750E+01  1.34800E+01  1.35850E+01  1.36900E+01  1.37950E+01
#           1.39000E+01  1.40050E+01  1.41100E+01  1.42150E+01  1.43200E+01
#           1.44250E+01  1.45300E+01  1.46350E+01  1.47400E+01  1.48450E+01
#           1.49500E+01  1.50550E+01  1.51600E+01  1.52650E+01  1.53700E+01
#           1.54750E+01  1.55800E+01  1.56850E+01  1.57900E+01  1.58950E+01
#           1.60000E+01
   e-type =    1            # e-mesh is given by the below data
       ne =      1          # number of e-mesh points
#    data = ( e(i), i = 1, ne + 1 )
            0.00000E+00  1.00000E+03
     unit =    1            # unit is [1/cm^2/source]
 material =  all            # (D=all) number of specific material
  2D-type =    3            # 1:Cont, 2:Clust, 3:Color, 4:xyz, 5:mat, 6:Clust+Cont, 7:Col+Cont
     axis =      xz            # axis of output
     file = track_xz.out    # file name of output for the above axis
     part =  all      
# kf/name :  0        
    gshow =    3            # 0: no 1:bnd, 2:bnd+mat, 3:bnd+reg 4:bnd+lat 5:bmp style
    resol =    1            # (D=1) resolution of gshow or rshow
    width = 0.5000000       # (D=0.5) width of lines for gshow or rshow
   epsout =    1            # (D=0) generate eps file by ANGEL
#    used :        main (  %)        temp (  %)       total (  %)
#  memory :         410 (  0)           0 (  0)         410 (  0)

[END] of Input Echo <<<========================================================

<<< Report of real Geometry memory >>>
*           GG/CG memory =        2
*     total memory: mdas = 80000000
*                percent =     0.00 %

<<< Report of material memory for high energy>>>
*   high energy material =        1
*     total memory: mdas = 80000000
*                percent =     0.00 %

<<< Report of material memory for low energy>>>
*    low energy material =     1445
*     total memory: mdas = 80000000
*                percent =     0.00 %

<<< Report of real tally memory >>>
*      real tally memory =      820
*     total memory: mdas = 80000000
*                percent =     0.00 %

<<< Report of temporary tally memory >>>
* temporary tally memory =     1450
*     total memory: mdas = 80000000
*                percent =     0.00 %

<<< Report of total memory >>>
*      used total memory =     1451
*     total memory: mdas = 80000000
*                percent =     0.00 %
*                ---------------------

-------------------------------------------------------------------------------
bat[       1] ncas =             50.
 bitrseed = 0100001010011000001011101100011110011000110110100110010000000000
          cpu time =   0.023 s.

-------------------------------------------------------------------------------
bat[       2] ncas =            100.
 bitrseed = 0000110001010010110010000111101110111101101110101110101000000001
          cpu time =   0.434 s.

-------------------------------------------------------------------------------
bat[       3] ncas =            150.
 bitrseed = 1010101001001011110110011011100111111000111010101111101001110001
          cpu time =   0.285 s.

-------------------------------------------------------------------------------
bat[       4] ncas =            200.
 bitrseed = 1101100001101100010000100111100100111000001111100101000000110111
          cpu time =   0.293 s.

-------------------------------------------------------------------------------
bat[       5] ncas =            250.
 bitrseed = 0110111111101010001000010010111011101010001101101101010011000001
          cpu time =   0.258 s.

-------------------------------------------------------------------------------
bat[       6] ncas =            300.
 bitrseed = 0000110111001111011111100000101111001011101101111001010011110111
          cpu time =   0.254 s.

-------------------------------------------------------------------------------
bat[       7] ncas =            350.
 bitrseed = 0110011110011011101111101000011101011110111011100011101010101000
          cpu time =   0.266 s.

-------------------------------------------------------------------------------
bat[       8] ncas =            400.
 bitrseed = 1001100101101001011101101000111110011011100001101000001000011110
          cpu time =   0.406 s.

-------------------------------------------------------------------------------
bat[       9] ncas =            450.
 bitrseed = 0111011110010110010001001100111101000000011101000011010001001110
          cpu time =   0.375 s.

-------------------------------------------------------------------------------
bat[      10] ncas =            500.
 bitrseed = 1111101111100011101010111100001100100011111100101101110000011101
          cpu time =   0.316 s.

-------------------------------------------------------------------------------
bat[      11] ncas =            550.
 bitrseed = 0110000011011111010000110000100111011010100111111010000000001000
          cpu time =   0.297 s.

-------------------------------------------------------------------------------
bat[      12] ncas =            600.
 bitrseed = 0011101110010001011110011101100011110111011110111011010110100011
          cpu time =   0.289 s.

-------------------------------------------------------------------------------
bat[      13] ncas =            650.
 bitrseed = 0101010011011111100001111111110101111011111110111001110000110111
          cpu time =   0.297 s.

-------------------------------------------------------------------------------
bat[      14] ncas =            700.
 bitrseed = 0101101000011101001010000011110010000100001100110000000010001101
          cpu time =   0.293 s.

-------------------------------------------------------------------------------
bat[      15] ncas =            750.
 bitrseed = 0111100011011100010111111011110111010100001000010100111000000111
          cpu time =   0.320 s.

-------------------------------------------------------------------------------
bat[      16] ncas =            800.
 bitrseed = 1011101110100110000011101100111110100100000001010000101101010111
          cpu time =   0.336 s.

-------------------------------------------------------------------------------
bat[      17] ncas =            850.
 bitrseed = 1011011111110010011101000011100111001001010010100110011111011100
          cpu time =   0.340 s.

-------------------------------------------------------------------------------
bat[      18] ncas =            900.
 bitrseed = 0100000100101001011110011010110100011110101011101111010111111101
          cpu time =   0.336 s.

-------------------------------------------------------------------------------
bat[      19] ncas =            950.
 bitrseed = 1111010100000000010100111010001101000100010001001110111100111100
          cpu time =   0.297 s.

-------------------------------------------------------------------------------
bat[      20] ncas =           1000.
 bitrseed = 0100001100001010100100110000100101010000010010011111000100011001
          cpu time =   0.293 s.

-------------------------------------------------------------------------------
bat[      21] ncas =           1050.
 bitrseed = 0101000011000111010110101100111000100101101011010111101101011101
          cpu time =   0.301 s.

-------------------------------------------------------------------------------
bat[      22] ncas =           1100.
 bitrseed = 0000101000100010110101110110011001111000101000010010100001101011
          cpu time =   0.293 s.

-------------------------------------------------------------------------------
bat[      23] ncas =           1150.
 bitrseed = 0100100001000010011000000111110111000011000010101000010101010101
          cpu time =   0.289 s.

-------------------------------------------------------------------------------
bat[      24] ncas =           1200.
 bitrseed = 0010001000000111110011111111111100010101000001100001100001011001
          cpu time =   0.391 s.

-------------------------------------------------------------------------------
bat[      25] ncas =           1250.
 bitrseed = 0111110001000100100001011000011111100101110111111101111010001010
          cpu time =   0.289 s.

-------------------------------------------------------------------------------
bat[      26] ncas =           1300.
 bitrseed = 1101111101001110011011011111000000011011101010100001000110111100
          cpu time =   0.285 s.

-------------------------------------------------------------------------------
bat[      27] ncas =           1350.
 bitrseed = 1001101110001011110000001100111110011100001110100001001100000010
          cpu time =   0.305 s.

-------------------------------------------------------------------------------
bat[      28] ncas =           1400.
 bitrseed = 0001101001000010111100011001000001100001110110000101111000101101
          cpu time =   0.340 s.

-------------------------------------------------------------------------------
bat[      29] ncas =           1450.
 bitrseed = 1111100110010110010010110011000110100010100010110001101000100101
          cpu time =   0.320 s.

-------------------------------------------------------------------------------
bat[      30] ncas =           1500.
 bitrseed = 1100100000010011110011110110010110000111001101010011010100001110
          cpu time =   0.289 s.

-------------------------------------------------------------------------------
bat[      31] ncas =           1550.
 bitrseed = 1000101111011001110100000100111110101111111101000011010101010010
          cpu time =   0.285 s.

-------------------------------------------------------------------------------
bat[      32] ncas =           1600.
 bitrseed = 0010100001111011000001101101000001010001101110101011101011111100
          cpu time =   0.289 s.

-------------------------------------------------------------------------------
bat[      33] ncas =           1650.
 bitrseed = 1011001010110101100001110000010001011100000010001100110111010001
          cpu time =   0.289 s.

-------------------------------------------------------------------------------
bat[      34] ncas =           1700.
 bitrseed = 1001111110111011101001010000001111101111100101110100011011001000
          cpu time =   0.285 s.

-------------------------------------------------------------------------------
bat[      35] ncas =           1750.
 bitrseed = 0101101101011110110001000010011111110011011100100010110110010000
          cpu time =   0.270 s.

-------------------------------------------------------------------------------
bat[      36] ncas =           1800.
 bitrseed = 0100110100011101100100000001110101111110000000001011110101110110
          cpu time =   0.312 s.

-------------------------------------------------------------------------------
bat[      37] ncas =           1850.
 bitrseed = 0010110011111110010100010110100111011111110001100011010001001000
          cpu time =   0.293 s.

-------------------------------------------------------------------------------
bat[      38] ncas =           1900.
 bitrseed = 0110011011111100001000010111110100111001100110010101101000101100
          cpu time =   0.297 s.

-------------------------------------------------------------------------------
bat[      39] ncas =           1950.
 bitrseed = 1011011001000111101011010101100101100100010100111100111000101001
          cpu time =   0.324 s.

-------------------------------------------------------------------------------
bat[      40] ncas =           2000.
 bitrseed = 1111111101010010111000111101010101000000101101101001111010010000
          cpu time =   0.312 s.

-------------------------------------------------------------------------------
bat[      41] ncas =           2050.
 bitrseed = 0101100011011011110001100101110111100110110100101110100101001100
          cpu time =   0.301 s.

-------------------------------------------------------------------------------
bat[      42] ncas =           2100.
 bitrseed = 0000110100101100000110011110011000001001101101001111100010101001
          cpu time =   0.285 s.

-------------------------------------------------------------------------------
bat[      43] ncas =           2150.
 bitrseed = 0101010001111010111010101001100001101011111010001011010011000111
          cpu time =   0.289 s.

-------------------------------------------------------------------------------
bat[      44] ncas =           2200.
 bitrseed = 1101001010100101001010111011110010001110110101011100100100101101
          cpu time =   0.309 s.

-------------------------------------------------------------------------------
bat[      45] ncas =           2250.
 bitrseed = 1010011001001100001011100010010111101101100011010000110001000100
          cpu time =   0.293 s.

-------------------------------------------------------------------------------
bat[      46] ncas =           2300.
 bitrseed = 0000100111101011100100110100101001101000011100101011100111010011
          cpu time =   0.289 s.

-------------------------------------------------------------------------------
bat[      47] ncas =           2350.
 bitrseed = 1111000001001010100001100111111010000010101111100001100110110000
          cpu time =   0.297 s.

-------------------------------------------------------------------------------
bat[      48] ncas =           2400.
 bitrseed = 1001001110011011100000111100001110001111101110011111011001101101
          cpu time =   0.305 s.

-------------------------------------------------------------------------------
bat[      49] ncas =           2450.
 bitrseed = 0111100110001011000110010101001101100100001100100010100001110111
          cpu time =   0.301 s.

-------------------------------------------------------------------------------
bat[      50] ncas =           2500.
 bitrseed = 0110011110001001011101010001011011001010110001000001001001010100
          cpu time =   0.340 s.

===============================================================================

 Summary for the end of job

-------------------------------------------------------------------------------
 number of analyz call vs ncol
-------------------------------------------------------------------------------
     ncol          number
        1              1.   : start of calculation            
        2              1.   : end of calculation              
        3             50.   : end of a batch                  
        4           2500.   : source                          
        5              0.   : detection of geometry error/warn
        6              0.   : recovery from geometry warning  
        7              0.   : termination by geometry error   
        8              0.   : termination by weight cut-off   
        9              0.   : termination by time cut-off     
       10           5040.   : geometry boundary crossing      
       11             53.   : termination by energy cut-off   
       12           2520.   : termination by escape or leakage
       13              0.   : reaction : (n,x) type           
       14             33.   : reaction : (n,n'x) type         
       15             69.   : sequential transport for tally  

-------------------------------------------------------------------------------
 List of transport particles (not including source)
-------------------------------------------------------------------------------
     Name      kf-code        mass       charge   baryon
     proton       2212        938.3         1       1
     neutron      2112        939.6         0       1
     photon         22          0.0         0       0
     deuteron  1000002       1875.6         1       2
     triton    1000003       2808.9         1       3
     3he       2000003       2808.4         2       3
     alpha     2000004       3727.4         2       4

-------------------------------------------------------------------------------
 prod. particles       number        weight        weight per source
-------------------------------------------------------------------------------
     proton               43.     4.3000000E+01     1.7200000E-02
     neutron              11.     1.1000000E+01     4.4000000E-03
     photon               11.     1.1000000E+01     4.4000000E-03
     alpha                10.     1.0000000E+01     4.0000000E-03
     3he                   3.     3.0000000E+00     1.2000000E-03
     triton                3.     3.0000000E+00     1.2000000E-03
     deuteron              1.     1.0000000E+00     4.0000000E-04

-------------------------------------------------------------------------------
 stop. particles.    number        weight        weight per source
-------------------------------------------------------------------------------
     nucleus              22.     2.2000000E+01     8.8000000E-03
     proton               14.     1.4000000E+01     5.6000000E-03
     alpha                10.     1.0000000E+01     4.0000000E-03
     triton                3.     3.0000000E+00     1.2000000E-03
     3he                   3.     3.0000000E+00     1.2000000E-03
     deuteron              1.     1.0000000E+00     4.0000000E-04

-------------------------------------------------------------------------------
 leak. particles       number        weight        weight per source
-------------------------------------------------------------------------------
     proton             2498.     2.4980000E+03     9.9920000E-01
     neutron              11.     1.1000000E+01     4.4000000E-03
     photon               11.     1.1000000E+01     4.4000000E-03

-------------------------------------------------------------------------------
 source: maxcas    maxbch      irskip   average weight          total source
-------------------------------------------------------------------------------
          50          50           0    1.0000000E+00    2.5000000000000E+03

-------------------------------------------------------------------------------
 used ATIMA database
-------------------------------------------------------------------------------
     for dedx  =       12 / mdbatima =      500

-------------------------------------------------------------------------------
 Geometry error summary
-------------------------------------------------------------------------------
 Number of lost particles     =     0 / nlost =       10
 Number of geometry recovering =     0
 Number of unrecovered errors =     0

-------------------------------------------------------------------------------
 initial random seed:
   bitrseed = 0100001010011000001011101100011110011000110110100110010000000000
 next initial random seed:
   bitrseed = 0111100010001001001110110000000011110111100111010011100011001100

-------------------------------------------------------------------------------
 job termination date : 2026/03/31
                 time :   12:28:24

-------------------------------------------------------------------------------
    CPU time and number of event called in PHITS
-------------------------------------------------------------------------------

                             sec
total cpu time =           17.90


                           count
      analysis =          10265.  : data processing
         nevap =             27.  : evaporation
        dexgam =              9.  : de-excitation
         nreac =             33.  : atomic and nuclear reactions
         dklos =              0.  : particle decay
         hydro =              0.  : nucleon-nucleon scattering
        n-data =              0.  : neutron data library
        h-data =              0.  : p, d, a data library
        p-data =              2.  : photon data library
        e-data =              0.  : electron data library
        p-egs5 =              0.  : photon interaction with EGS5
        e-egs5 =              0.  : electron interaction with EGS5
      e-tsmode =              0.  : electron track structure mode
    ion-tsmode =              0.  : ion track structure mode
     photonucl =              0.  : photo-nuclear reaction
 photonucl lib =              0.  : photo-nuclear reaction with library
       mu-reac =              0.  : muon-induced nuclear reaction
       mu-brem =              0.  : muon-induced bremsstrahlung
       mu-pprd =              0.  : muon-induced pair production
        mu-cap =              0.  : muon capture in nucleus
         elast =             17.  : elastic scattering
         ncasc =             50.  : nuclear reaction model

       bertini =              0.  : Bertini model
        isobar =              0.  : isobar model
           JAM =              0.  : JAM model
           QMD =              0.  : JQMD model
        JAMQMD =              0.  : JAMQMD model
          INCL =             50.  : INCL model
        INCELF =              0.  : INCELF model
     frag data =              0.  : user defined cross section
       SCINFUL =              0.  : SCINFUL mode

>>> Citation Request >>>=======================================================

 This execution uses model(s) that must be explicitly cited in addition to
 the PHITS original document: T.Sato et al., J.Nucl.Sci.Technol.61, 127-135 (2024).
 Please refer the following document(s) in your publication using this result

 The INCL model:
    A. Boudard et al., Phys. Rev C87, 014606 (2013).

 The KUROTAMA model:
    K. Iida, A. Kohama, and K. Oyamatsu, J. Phys. Soc. Japan 76, 044201 (2007).

 END 
