[ T-Track ]
    title = [t-track] in xyz mesh
     mesh =  xyz            # mesh type is xyz scoring mesh
   x-type =    2            # x-mesh is linear given by xmin, xmax and nx
     xmin =  -5.000000      # minimum value of x-mesh points
     xmax =   20.00000      # maximum value of x-mesh points
#    xdel =  0.1250000      # mesh width of x-mesh points
       nx =    200          # number of x-mesh points
#    data = ( x(i), i = 1, nx + 1 )
#          -5.00000E+00 -4.87500E+00 -4.75000E+00 -4.62500E+00 -4.50000E+00
#          -4.37500E+00 -4.25000E+00 -4.12500E+00 -4.00000E+00 -3.87500E+00
#          -3.75000E+00 -3.62500E+00 -3.50000E+00 -3.37500E+00 -3.25000E+00
#          -3.12500E+00 -3.00000E+00 -2.87500E+00 -2.75000E+00 -2.62500E+00
#          -2.50000E+00 -2.37500E+00 -2.25000E+00 -2.12500E+00 -2.00000E+00
#          -1.87500E+00 -1.75000E+00 -1.62500E+00 -1.50000E+00 -1.37500E+00
#          -1.25000E+00 -1.12500E+00 -1.00000E+00 -8.75000E-01 -7.50000E-01
#          -6.25000E-01 -5.00000E-01 -3.75000E-01 -2.50000E-01 -1.25000E-01
#           0.00000E+00  1.25000E-01  2.50000E-01  3.75000E-01  5.00000E-01
#           6.25000E-01  7.50000E-01  8.75000E-01  1.00000E+00  1.12500E+00
#           1.25000E+00  1.37500E+00  1.50000E+00  1.62500E+00  1.75000E+00
#           1.87500E+00  2.00000E+00  2.12500E+00  2.25000E+00  2.37500E+00
#           2.50000E+00  2.62500E+00  2.75000E+00  2.87500E+00  3.00000E+00
#           3.12500E+00  3.25000E+00  3.37500E+00  3.50000E+00  3.62500E+00
#           3.75000E+00  3.87500E+00  4.00000E+00  4.12500E+00  4.25000E+00
#           4.37500E+00  4.50000E+00  4.62500E+00  4.75000E+00  4.87500E+00
#           5.00000E+00  5.12500E+00  5.25000E+00  5.37500E+00  5.50000E+00
#           5.62500E+00  5.75000E+00  5.87500E+00  6.00000E+00  6.12500E+00
#           6.25000E+00  6.37500E+00  6.50000E+00  6.62500E+00  6.75000E+00
#           6.87500E+00  7.00000E+00  7.12500E+00  7.25000E+00  7.37500E+00
#           7.50000E+00  7.62500E+00  7.75000E+00  7.87500E+00  8.00000E+00
#           8.12500E+00  8.25000E+00  8.37500E+00  8.50000E+00  8.62500E+00
#           8.75000E+00  8.87500E+00  9.00000E+00  9.12500E+00  9.25000E+00
#           9.37500E+00  9.50000E+00  9.62500E+00  9.75000E+00  9.87500E+00
#           1.00000E+01  1.01250E+01  1.02500E+01  1.03750E+01  1.05000E+01
#           1.06250E+01  1.07500E+01  1.08750E+01  1.10000E+01  1.11250E+01
#           1.12500E+01  1.13750E+01  1.15000E+01  1.16250E+01  1.17500E+01
#           1.18750E+01  1.20000E+01  1.21250E+01  1.22500E+01  1.23750E+01
#           1.25000E+01  1.26250E+01  1.27500E+01  1.28750E+01  1.30000E+01
#           1.31250E+01  1.32500E+01  1.33750E+01  1.35000E+01  1.36250E+01
#           1.37500E+01  1.38750E+01  1.40000E+01  1.41250E+01  1.42500E+01
#           1.43750E+01  1.45000E+01  1.46250E+01  1.47500E+01  1.48750E+01
#           1.50000E+01  1.51250E+01  1.52500E+01  1.53750E+01  1.55000E+01
#           1.56250E+01  1.57500E+01  1.58750E+01  1.60000E+01  1.61250E+01
#           1.62500E+01  1.63750E+01  1.65000E+01  1.66250E+01  1.67500E+01
#           1.68750E+01  1.70000E+01  1.71250E+01  1.72500E+01  1.73750E+01
#           1.75000E+01  1.76250E+01  1.77500E+01  1.78750E+01  1.80000E+01
#           1.81250E+01  1.82500E+01  1.83750E+01  1.85000E+01  1.86250E+01
#           1.87500E+01  1.88750E+01  1.90000E+01  1.91250E+01  1.92500E+01
#           1.93750E+01  1.95000E+01  1.96250E+01  1.97500E+01  1.98750E+01
#           2.00000E+01
   y-type =    1            # y-mesh is given by the below data
       ny =      1          # number of y-mesh points
#    data = ( y(i), i = 1, ny + 1 )
            0.00000E+00  5.00000E+00
   z-type =    2            # z-mesh is linear given by zmin, zmax and nz
     zmin =  -5.000000      # minimum value of z-mesh points
     zmax =   16.00000      # maximum value of z-mesh points
#    zdel =  0.1050000      # mesh width of z-mesh points
       nz =    200          # number of z-mesh points
#    data = ( z(i), i = 1, nz + 1 )
#          -5.00000E+00 -4.89500E+00 -4.79000E+00 -4.68500E+00 -4.58000E+00
#          -4.47500E+00 -4.37000E+00 -4.26500E+00 -4.16000E+00 -4.05500E+00
#          -3.95000E+00 -3.84500E+00 -3.74000E+00 -3.63500E+00 -3.53000E+00
#          -3.42500E+00 -3.32000E+00 -3.21500E+00 -3.11000E+00 -3.00500E+00
#          -2.90000E+00 -2.79500E+00 -2.69000E+00 -2.58500E+00 -2.48000E+00
#          -2.37500E+00 -2.27000E+00 -2.16500E+00 -2.06000E+00 -1.95500E+00
#          -1.85000E+00 -1.74500E+00 -1.64000E+00 -1.53500E+00 -1.43000E+00
#          -1.32500E+00 -1.22000E+00 -1.11500E+00 -1.01000E+00 -9.05000E-01
#          -8.00000E-01 -6.95000E-01 -5.90000E-01 -4.85000E-01 -3.80000E-01
#          -2.75000E-01 -1.70000E-01 -6.50000E-02  4.00000E-02  1.45000E-01
#           2.50000E-01  3.55000E-01  4.60000E-01  5.65000E-01  6.70000E-01
#           7.75000E-01  8.80000E-01  9.85000E-01  1.09000E+00  1.19500E+00
#           1.30000E+00  1.40500E+00  1.51000E+00  1.61500E+00  1.72000E+00
#           1.82500E+00  1.93000E+00  2.03500E+00  2.14000E+00  2.24500E+00
#           2.35000E+00  2.45500E+00  2.56000E+00  2.66500E+00  2.77000E+00
#           2.87500E+00  2.98000E+00  3.08500E+00  3.19000E+00  3.29500E+00
#           3.40000E+00  3.50500E+00  3.61000E+00  3.71500E+00  3.82000E+00
#           3.92500E+00  4.03000E+00  4.13500E+00  4.24000E+00  4.34500E+00
#           4.45000E+00  4.55500E+00  4.66000E+00  4.76500E+00  4.87000E+00
#           4.97500E+00  5.08000E+00  5.18500E+00  5.29000E+00  5.39500E+00
#           5.50000E+00  5.60500E+00  5.71000E+00  5.81500E+00  5.92000E+00
#           6.02500E+00  6.13000E+00  6.23500E+00  6.34000E+00  6.44500E+00
#           6.55000E+00  6.65500E+00  6.76000E+00  6.86500E+00  6.97000E+00
#           7.07500E+00  7.18000E+00  7.28500E+00  7.39000E+00  7.49500E+00
#           7.60000E+00  7.70500E+00  7.81000E+00  7.91500E+00  8.02000E+00
#           8.12500E+00  8.23000E+00  8.33500E+00  8.44000E+00  8.54500E+00
#           8.65000E+00  8.75500E+00  8.86000E+00  8.96500E+00  9.07000E+00
#           9.17500E+00  9.28000E+00  9.38500E+00  9.49000E+00  9.59500E+00
#           9.70000E+00  9.80500E+00  9.91000E+00  1.00150E+01  1.01200E+01
#           1.02250E+01  1.03300E+01  1.04350E+01  1.05400E+01  1.06450E+01
#           1.07500E+01  1.08550E+01  1.09600E+01  1.10650E+01  1.11700E+01
#           1.12750E+01  1.13800E+01  1.14850E+01  1.15900E+01  1.16950E+01
#           1.18000E+01  1.19050E+01  1.20100E+01  1.21150E+01  1.22200E+01
#           1.23250E+01  1.24300E+01  1.25350E+01  1.26400E+01  1.27450E+01
#           1.28500E+01  1.29550E+01  1.30600E+01  1.31650E+01  1.32700E+01
#           1.33750E+01  1.34800E+01  1.35850E+01  1.36900E+01  1.37950E+01
#           1.39000E+01  1.40050E+01  1.41100E+01  1.42150E+01  1.43200E+01
#           1.44250E+01  1.45300E+01  1.46350E+01  1.47400E+01  1.48450E+01
#           1.49500E+01  1.50550E+01  1.51600E+01  1.52650E+01  1.53700E+01
#           1.54750E+01  1.55800E+01  1.56850E+01  1.57900E+01  1.58950E+01
#           1.60000E+01
   e-type =    1            # e-mesh is given by the below data
       ne =      1          # number of e-mesh points
#    data = ( e(i), i = 1, ne + 1 )
            0.00000E+00  1.00000E+03
     unit =    1            # unit is [1/cm^2/source]
 material =  all            # (D=all) number of specific material
  2D-type =    3            # 1:Cont, 2:Clust, 3:Color, 4:xyz, 5:mat, 6:Clust+Cont, 7:Col+Cont
     axis =      xz            # axis of output
     file = track_xz.out    # file name of output for the above axis
     part =  all      
# kf/name :  0        
    gshow =    3            # 0: no 1:bnd, 2:bnd+mat, 3:bnd+reg 4:bnd+lat 5:bmp style
    resol =    1            # (D=1) resolution of gshow or rshow
    width = 0.5000000       # (D=0.5) width of lines for gshow or rshow
   epsout =    1            # (D=0) generate eps file by ANGEL
#    used :        main (  %)        temp (  %)       total (  %)
#  memory :         410 (  0)           0 (  0)         410 (  0)

#------------------------------------------------------------------------------
#newpage:
#   no. =  1   ie  =  1   iy  =  1   part. = all     
#   e = (   0.0000E+00  -   1.0000E+03  )
#   y = (   0.0000E+00  -   5.0000E+00  )

'no. =  1,  ie =  1,  iy =  1'
msuc: {\huge [t-track] in xyz mesh}
msdr: {\it plotted by \ANGEL \version}
msdl: {\it calculated by \PHITS  3.35}

x: z [cm]
y: x [cm]
set: c1[ 1.190] c2[ 0.825] c5[ 0.800] c6[ 0.931] c7[ 0.127] c8[ 0.000]
p: h2fs form[c1] xfac[c2] afac[c5] scal[c6] xorg[c7] yorg[c8] nosp
p: xmin( -5.000000    ) xmax(  16.00000    )
p: ymin( -5.000000    ) ymax(  20.00000    )
#  nx = 200   nz = 200
# ( ( data(z,x), z = 1, nz ), x = nx, 1, -1 )

#------------------------------------------------------------------------------
# gshow
#------------------------------------------------------------------------------

p: legs[c5*0.875]

w:1000/ x(   0.5500026E+01) y(   0.7500059E+01) ix(2) iy(2) s(   0.7000E+00)

h: x ny1,0  y2=[y1](void),ic[lightgray]
 -1.000000E+00 -1.000000E+00

hb:   line clip z   cb(lightgray)
frame:
 -4.9999742E+00 -4.9999416E+00
  1.6000026E+01 -4.9999416E+00
  1.6000026E+01  2.0000058E+01
 -4.9999742E+00  2.0000058E+01
clip:
 -5.10445169E+00 -5.12431947E+00
  1.61045035E+01 -5.12431947E+00
  1.61045035E+01 -4.99807569E+00
  1.61045035E+01 -4.87183191E+00
  1.61045035E+01 -4.74558812E+00
  1.61045035E+01 -4.61934434E+00
  1.61045035E+01 -4.49310056E+00
  1.61045035E+01 -4.36685678E+00
  1.61045035E+01 -4.24061300E+00
  1.61045035E+01 -4.11436922E+00
  1.61045035E+01 -3.98812544E+00
  1.61045035E+01 -3.86188166E+00
  1.61045035E+01 -3.73563788E+00
  1.61045035E+01 -3.60939409E+00
  1.61045035E+01 -3.48315031E+00
  1.61045035E+01 -3.35690653E+00
  1.61045035E+01 -3.23066275E+00
  1.61045035E+01 -3.10441897E+00
  1.61045035E+01 -2.97817519E+00
  1.61045035E+01 -2.85193141E+00
  1.61045035E+01 -2.72568763E+00
  1.61045035E+01 -2.59944385E+00
  1.61045035E+01 -2.47320006E+00
  1.61045035E+01 -2.34695628E+00
  1.61045035E+01 -2.22071250E+00
  1.61045035E+01 -2.09446872E+00
  1.61045035E+01 -1.96822494E+00
  1.61045035E+01 -1.84198116E+00
  1.61045035E+01 -1.71573738E+00
  1.61045035E+01 -1.58949360E+00
  1.61045035E+01 -1.46324982E+00
  1.61045035E+01 -1.33700603E+00
  1.61045035E+01 -1.21076225E+00
  1.61045035E+01 -1.08451847E+00
  1.61045035E+01 -9.58274691E-01
  1.61045035E+01 -8.32030910E-01
  1.61045035E+01 -7.05787129E-01
  1.61045035E+01 -5.79543348E-01
  1.61045035E+01 -4.53299567E-01
  1.61045035E+01 -3.27055786E-01
  1.61045035E+01 -2.00812005E-01
  1.61045035E+01 -7.45682237E-02
  1.61045035E+01  5.16755574E-02
  1.61045035E+01  1.77919338E-01
  1.61045035E+01  3.04163120E-01
  1.61045035E+01  4.30406901E-01
  1.61045035E+01  5.56650682E-01
  1.61045035E+01  6.82894463E-01
  1.61045035E+01  8.09138244E-01
  1.61045035E+01  9.35382025E-01
  1.61045035E+01  1.06162581E+00
  1.61045035E+01  1.18786959E+00
  1.61045035E+01  1.31411337E+00
  1.61045035E+01  1.44035715E+00
  1.61045035E+01  1.56660093E+00
  1.61045035E+01  1.69284471E+00
  1.61045035E+01  1.81908849E+00
  1.61045035E+01  1.94533227E+00
  1.61045035E+01  2.07157605E+00
  1.61045035E+01  2.19781984E+00
  1.61045035E+01  2.32406362E+00
  1.61045035E+01  2.45030740E+00
  1.61045035E+01  2.57655118E+00
  1.61045035E+01  2.70279496E+00
  1.61045035E+01  2.82903874E+00
  1.61045035E+01  2.95528252E+00
  1.61045035E+01  3.08152630E+00
  1.61045035E+01  3.20777008E+00
  1.61045035E+01  3.33401387E+00
  1.61045035E+01  3.46025765E+00
  1.61045035E+01  3.58650143E+00
  1.61045035E+01  3.71274521E+00
  1.61045035E+01  3.83898899E+00
  1.61045035E+01  3.96523277E+00
  1.61045035E+01  4.09147655E+00
  1.61045035E+01  4.21772033E+00
  1.61045035E+01  4.34396411E+00
  1.61045035E+01  4.47020790E+00
  1.61045035E+01  4.59645168E+00
  1.61045035E+01  4.72269546E+00
  1.61045035E+01  4.84893924E+00
  1.61045035E+01  4.97518302E+00
  1.61045035E+01  5.10142680E+00
  1.61045035E+01  5.22767058E+00
  1.61045035E+01  5.35391436E+00
  1.61045035E+01  5.48015814E+00
  1.61045035E+01  5.60640193E+00
  1.61045035E+01  5.73264571E+00
  1.61045035E+01  5.85888949E+00
  1.61045035E+01  5.98513327E+00
  1.61045035E+01  6.11137705E+00
  1.61045035E+01  6.23762083E+00
  1.61045035E+01  6.36386461E+00
  1.61045035E+01  6.49010839E+00
  1.61045035E+01  6.61635217E+00
  1.61045035E+01  6.74259596E+00
  1.61045035E+01  6.86883974E+00
  1.61045035E+01  6.99508352E+00
  1.61045035E+01  7.12132730E+00
  1.61045035E+01  7.24757108E+00
  1.61045035E+01  7.37381486E+00
  1.61045035E+01  7.50005864E+00
  1.61045035E+01  7.62630242E+00
  1.61045035E+01  7.75254620E+00
  1.61045035E+01  7.87878999E+00
  1.61045035E+01  8.00503377E+00
  1.61045035E+01  8.13127755E+00
  1.61045035E+01  8.25752133E+00
  1.61045035E+01  8.38376511E+00
  1.61045035E+01  8.51000889E+00
  1.61045035E+01  8.63625267E+00
  1.61045035E+01  8.76249645E+00
  1.61045035E+01  8.88874023E+00
  1.61045035E+01  9.01498402E+00
  1.61045035E+01  9.14122780E+00
  1.61045035E+01  9.26747158E+00
  1.61045035E+01  9.39371536E+00
  1.61045035E+01  9.51995914E+00
  1.61045035E+01  9.64620292E+00
  1.61045035E+01  9.77244670E+00
  1.61045035E+01  9.89869048E+00
  1.61045035E+01  1.00249343E+01
  1.61045035E+01  1.01511780E+01
  1.61045035E+01  1.02774218E+01
  1.61045035E+01  1.04036656E+01
  1.61045035E+01  1.05299094E+01
  1.61045035E+01  1.06561532E+01
  1.61045035E+01  1.07823970E+01
  1.61045035E+01  1.09086407E+01
  1.61045035E+01  1.10348845E+01
  1.61045035E+01  1.11611283E+01
  1.61045035E+01  1.12873721E+01
  1.61045035E+01  1.14136159E+01
  1.61045035E+01  1.15398596E+01
  1.61045035E+01  1.16661034E+01
  1.61045035E+01  1.17923472E+01
  1.61045035E+01  1.19185910E+01
  1.61045035E+01  1.20448348E+01
  1.61045035E+01  1.21710785E+01
  1.61045035E+01  1.22973223E+01
  1.61045035E+01  1.24235661E+01
  1.61045035E+01  1.25498099E+01
  1.61045035E+01  1.26760537E+01
  1.61045035E+01  1.28022974E+01
  1.61045035E+01  1.29285412E+01
  1.61045035E+01  1.30547850E+01
  1.61045035E+01  1.31810288E+01
  1.61045035E+01  1.33072726E+01
  1.61045035E+01  1.34335164E+01
  1.61045035E+01  1.35597601E+01
  1.61045035E+01  1.36860039E+01
  1.61045035E+01  1.38122477E+01
  1.61045035E+01  1.39384915E+01
  1.61045035E+01  1.40647353E+01
  1.61045035E+01  1.41909790E+01
  1.61045035E+01  1.43172228E+01
  1.61045035E+01  1.44434666E+01
  1.61045035E+01  1.45697104E+01
  1.61045035E+01  1.46959542E+01
  1.61045035E+01  1.48221979E+01
  1.61045035E+01  1.49484417E+01
  1.61045035E+01  1.50746855E+01
  1.61045035E+01  1.52009293E+01
  1.61045035E+01  1.53271731E+01
  1.61045035E+01  1.54534169E+01
  1.61045035E+01  1.55796606E+01
  1.61045035E+01  1.57059044E+01
  1.61045035E+01  1.58321482E+01
  1.61045035E+01  1.59583920E+01
  1.61045035E+01  1.60846358E+01
  1.61045035E+01  1.62108795E+01
  1.61045035E+01  1.63371233E+01
  1.61045035E+01  1.64633671E+01
  1.61045035E+01  1.65896109E+01
  1.61045035E+01  1.67158547E+01
  1.61045035E+01  1.68420984E+01
  1.61045035E+01  1.69683422E+01
  1.61045035E+01  1.70945860E+01
  1.61045035E+01  1.72208298E+01
  1.61045035E+01  1.73470736E+01
  1.61045035E+01  1.74733173E+01
  1.61045035E+01  1.75995611E+01
  1.61045035E+01  1.77258049E+01
  1.61045035E+01  1.78520487E+01
  1.61045035E+01  1.79782925E+01
  1.61045035E+01  1.81045363E+01
  1.61045035E+01  1.82307800E+01
  1.61045035E+01  1.83570238E+01
  1.61045035E+01  1.84832676E+01
  1.61045035E+01  1.86095114E+01
  1.61045035E+01  1.87357552E+01
  1.61045035E+01  1.88619989E+01
  1.61045035E+01  1.89882427E+01
  1.61045035E+01  1.91144865E+01
  1.61045035E+01  1.92407303E+01
  1.61045035E+01  1.93669741E+01
  1.61045035E+01  1.94932178E+01
  1.61045035E+01  1.96194616E+01
  1.61045035E+01  1.97457054E+01
  1.61045035E+01  1.98719492E+01
  1.61045035E+01  1.99981930E+01
  1.61045035E+01  2.01244368E+01
  1.59984588E+01  2.01244368E+01
  1.58924140E+01  2.01244368E+01
  1.57863692E+01  2.01244368E+01
  1.56803244E+01  2.01244368E+01
  1.55742797E+01  2.01244368E+01
  1.54682349E+01  2.01244368E+01
  1.53621901E+01  2.01244368E+01
  1.52561453E+01  2.01244368E+01
  1.51501006E+01  2.01244368E+01
  1.50440558E+01  2.01244368E+01
  1.49380110E+01  2.01244368E+01
  1.48319662E+01  2.01244368E+01
  1.47259214E+01  2.01244368E+01
  1.46198767E+01  2.01244368E+01
  1.45138319E+01  2.01244368E+01
  1.44077871E+01  2.01244368E+01
  1.43017423E+01  2.01244368E+01
  1.41956976E+01  2.01244368E+01
  1.40896528E+01  2.01244368E+01
  1.39836080E+01  2.01244368E+01
  1.38775632E+01  2.01244368E+01
  1.37715185E+01  2.01244368E+01
  1.36654737E+01  2.01244368E+01
  1.35594289E+01  2.01244368E+01
  1.34533841E+01  2.01244368E+01
  1.33473394E+01  2.01244368E+01
  1.32412946E+01  2.01244368E+01
  1.31352498E+01  2.01244368E+01
  1.30292050E+01  2.01244368E+01
  1.29231603E+01  2.01244368E+01
  1.28171155E+01  2.01244368E+01
  1.27110707E+01  2.01244368E+01
  1.26050259E+01  2.01244368E+01
  1.24989811E+01  2.01244368E+01
  1.23929364E+01  2.01244368E+01
  1.22868916E+01  2.01244368E+01
  1.21808468E+01  2.01244368E+01
  1.20748020E+01  2.01244368E+01
  1.19687573E+01  2.01244368E+01
  1.18627125E+01  2.01244368E+01
  1.17566677E+01  2.01244368E+01
  1.16506229E+01  2.01244368E+01
  1.15445782E+01  2.01244368E+01
  1.14385334E+01  2.01244368E+01
  1.13324886E+01  2.01244368E+01
  1.12264438E+01  2.01244368E+01
  1.11203991E+01  2.01244368E+01
  1.10143543E+01  2.01244368E+01
  1.09083095E+01  2.01244368E+01
  1.08022647E+01  2.01244368E+01
  1.06962200E+01  2.01244368E+01
  1.05901752E+01  2.01244368E+01
  1.04841304E+01  2.01244368E+01
  1.03780856E+01  2.01244368E+01
  1.02720409E+01  2.01244368E+01
  1.01659961E+01  2.01244368E+01
  1.00599513E+01  2.01244368E+01
  9.95390652E+00  2.01244368E+01
  9.84786175E+00  2.01244368E+01
  9.74181697E+00  2.01244368E+01
  9.63577219E+00  2.01244368E+01
  9.52972742E+00  2.01244368E+01
  9.42368264E+00  2.01244368E+01
  9.31763787E+00  2.01244368E+01
  9.21159309E+00  2.01244368E+01
  9.10554831E+00  2.01244368E+01
  8.99950354E+00  2.01244368E+01
  8.89345876E+00  2.01244368E+01
  8.78741399E+00  2.01244368E+01
  8.68136921E+00  2.01244368E+01
  8.57532443E+00  2.01244368E+01
  8.46927966E+00  2.01244368E+01
  8.36323488E+00  2.01244368E+01
  8.25719011E+00  2.01244368E+01
  8.15114533E+00  2.01244368E+01
  8.04510055E+00  2.01244368E+01
  7.93905578E+00  2.01244368E+01
  7.83301100E+00  2.01244368E+01
  7.72696622E+00  2.01244368E+01
  7.62092145E+00  2.01244368E+01
  7.51487667E+00  2.01244368E+01
  7.40883190E+00  2.01244368E+01
  7.30278712E+00  2.01244368E+01
  7.19674234E+00  2.01244368E+01
  7.09069757E+00  2.01244368E+01
  6.98465279E+00  2.01244368E+01
  6.87860802E+00  2.01244368E+01
  6.77256324E+00  2.01244368E+01
  6.66651846E+00  2.01244368E+01
  6.56047369E+00  2.01244368E+01
  6.45442891E+00  2.01244368E+01
  6.34838413E+00  2.01244368E+01
  6.24233936E+00  2.01244368E+01
  6.13629458E+00  2.01244368E+01
  6.03024981E+00  2.01244368E+01
  5.92420503E+00  2.01244368E+01
  5.81816025E+00  2.01244368E+01
  5.71211548E+00  2.01244368E+01
  5.60607070E+00  2.01244368E+01
  5.50002593E+00  2.01244368E+01
  5.39398115E+00  2.01244368E+01
  5.28793637E+00  2.01244368E+01
  5.18189160E+00  2.01244368E+01
  5.07584682E+00  2.01244368E+01
  4.96980205E+00  2.01244368E+01
  4.86375727E+00  2.01244368E+01
  4.75771249E+00  2.01244368E+01
  4.65166772E+00  2.01244368E+01
  4.54562294E+00  2.01244368E+01
  4.43957816E+00  2.01244368E+01
  4.33353339E+00  2.01244368E+01
  4.22748861E+00  2.01244368E+01
  4.12144384E+00  2.01244368E+01
  4.01539906E+00  2.01244368E+01
  3.90935428E+00  2.01244368E+01
  3.80330951E+00  2.01244368E+01
  3.69726473E+00  2.01244368E+01
  3.59121996E+00  2.01244368E+01
  3.48517518E+00  2.01244368E+01
  3.37913040E+00  2.01244368E+01
  3.27308563E+00  2.01244368E+01
  3.16704085E+00  2.01244368E+01
  3.06099608E+00  2.01244368E+01
  2.95495130E+00  2.01244368E+01
  2.84890652E+00  2.01244368E+01
  2.74286175E+00  2.01244368E+01
  2.63681697E+00  2.01244368E+01
  2.53077219E+00  2.01244368E+01
  2.42472742E+00  2.01244368E+01
  2.31868264E+00  2.01244368E+01
  2.21263787E+00  2.01244368E+01
  2.10659309E+00  2.01244368E+01
  2.00054831E+00  2.01244368E+01
  1.89450354E+00  2.01244368E+01
  1.78845876E+00  2.01244368E+01
  1.68241399E+00  2.01244368E+01
  1.57636921E+00  2.01244368E+01
  1.47032443E+00  2.01244368E+01
  1.36427966E+00  2.01244368E+01
  1.25823488E+00  2.01244368E+01
  1.15219011E+00  2.01244368E+01
  1.04614533E+00  2.01244368E+01
  9.40100553E-01  2.01244368E+01
  8.34055777E-01  2.01244368E+01
  7.28011001E-01  2.01244368E+01
  6.21966224E-01  2.01244368E+01
  5.15921448E-01  2.01244368E+01
  4.09876672E-01  2.01244368E+01
  3.03831896E-01  2.01244368E+01
  1.97787120E-01  2.01244368E+01
  9.17423438E-02  2.01244368E+01
 -1.43024323E-02  2.01244368E+01
 -1.20347208E-01  2.01244368E+01
 -2.26391985E-01  2.01244368E+01
 -3.32436761E-01  2.01244368E+01
 -4.38481537E-01  2.01244368E+01
 -5.44526313E-01  2.01244368E+01
 -6.50571089E-01  2.01244368E+01
 -7.56615865E-01  2.01244368E+01
 -8.62660641E-01  2.01244368E+01
 -9.68705417E-01  2.01244368E+01
 -1.07475019E+00  2.01244368E+01
 -1.18079497E+00  2.01244368E+01
 -1.28683975E+00  2.01244368E+01
 -1.39288452E+00  2.01244368E+01
 -1.49892930E+00  2.01244368E+01
 -1.60497407E+00  2.01244368E+01
 -1.71101885E+00  2.01244368E+01
 -1.81706363E+00  2.01244368E+01
 -1.92310840E+00  2.01244368E+01
 -2.02915318E+00  2.01244368E+01
 -2.13519795E+00  2.01244368E+01
 -2.24124273E+00  2.01244368E+01
 -2.34728751E+00  2.01244368E+01
 -2.45333228E+00  2.01244368E+01
 -2.55937706E+00  2.01244368E+01
 -2.66542184E+00  2.01244368E+01
 -2.77146661E+00  2.01244368E+01
 -2.87751139E+00  2.01244368E+01
 -2.98355616E+00  2.01244368E+01
 -3.08960094E+00  2.01244368E+01
 -3.19564572E+00  2.01244368E+01
 -3.30169049E+00  2.01244368E+01
 -3.40773527E+00  2.01244368E+01
 -3.51378004E+00  2.01244368E+01
 -3.61982482E+00  2.01244368E+01
 -3.72586960E+00  2.01244368E+01
 -3.83191437E+00  2.01244368E+01
 -3.93795915E+00  2.01244368E+01
 -4.04400392E+00  2.01244368E+01
 -4.15004870E+00  2.01244368E+01
 -4.25609348E+00  2.01244368E+01
 -4.36213825E+00  2.01244368E+01
 -4.46818303E+00  2.01244368E+01
 -4.57422781E+00  2.01244368E+01
 -4.68027258E+00  2.01244368E+01
 -4.78631736E+00  2.01244368E+01
 -4.89236213E+00  2.01244368E+01
 -4.99840691E+00  2.01244368E+01
 -5.10445169E+00  2.01244368E+01
 -5.10445169E+00  1.99981930E+01
 -5.10445169E+00  1.98719492E+01
 -5.10445169E+00  1.97457054E+01
 -5.10445169E+00  1.96194616E+01
 -5.10445169E+00  1.94932178E+01
 -5.10445169E+00  1.93669741E+01
 -5.10445169E+00  1.92407303E+01
 -5.10445169E+00  1.91144865E+01
 -5.10445169E+00  1.89882427E+01
 -5.10445169E+00  1.88619989E+01
 -5.10445169E+00  1.87357552E+01
 -5.10445169E+00  1.86095114E+01
 -5.10445169E+00  1.84832676E+01
 -5.10445169E+00  1.83570238E+01
 -5.10445169E+00  1.82307800E+01
 -5.10445169E+00  1.81045363E+01
 -5.10445169E+00  1.79782925E+01
 -5.10445169E+00  1.78520487E+01
 -5.10445169E+00  1.77258049E+01
 -5.10445169E+00  1.75995611E+01
 -5.10445169E+00  1.74733173E+01
 -5.10445169E+00  1.73470736E+01
 -5.10445169E+00  1.72208298E+01
 -5.10445169E+00  1.70945860E+01
 -5.10445169E+00  1.69683422E+01
 -5.10445169E+00  1.68420984E+01
 -5.10445169E+00  1.67158547E+01
 -5.10445169E+00  1.65896109E+01
 -5.10445169E+00  1.64633671E+01
 -5.10445169E+00  1.63371233E+01
 -5.10445169E+00  1.62108795E+01
 -5.10445169E+00  1.60846358E+01
 -5.10445169E+00  1.59583920E+01
 -5.10445169E+00  1.58321482E+01
 -5.10445169E+00  1.57059044E+01
 -5.10445169E+00  1.55796606E+01
 -5.10445169E+00  1.54534169E+01
 -5.10445169E+00  1.53271731E+01
 -5.10445169E+00  1.52009293E+01
 -5.10445169E+00  1.50746855E+01
 -5.10445169E+00  1.49484417E+01
 -5.10445169E+00  1.48221979E+01
 -5.10445169E+00  1.46959542E+01
 -5.10445169E+00  1.45697104E+01
 -5.10445169E+00  1.44434666E+01
 -5.10445169E+00  1.43172228E+01
 -5.10445169E+00  1.41909790E+01
 -5.10445169E+00  1.40647353E+01
 -5.10445169E+00  1.39384915E+01
 -5.10445169E+00  1.38122477E+01
 -5.10445169E+00  1.36860039E+01
 -5.10445169E+00  1.35597601E+01
 -5.10445169E+00  1.34335164E+01
 -5.10445169E+00  1.33072726E+01
 -5.10445169E+00  1.31810288E+01
 -5.10445169E+00  1.30547850E+01
 -5.10445169E+00  1.29285412E+01
 -5.10445169E+00  1.28022974E+01
 -5.10445169E+00  1.26760537E+01
 -5.10445169E+00  1.25498099E+01
 -5.10445169E+00  1.24235661E+01
 -5.10445169E+00  1.22973223E+01
 -5.10445169E+00  1.21710785E+01
 -5.10445169E+00  1.20448348E+01
 -5.10445169E+00  1.19185910E+01
 -5.10445169E+00  1.17923472E+01
 -5.10445169E+00  1.16661034E+01
 -5.10445169E+00  1.15398596E+01
 -5.10445169E+00  1.14136159E+01
 -5.10445169E+00  1.12873721E+01
 -5.10445169E+00  1.11611283E+01
 -5.10445169E+00  1.10348845E+01
 -5.10445169E+00  1.09086407E+01
 -5.10445169E+00  1.07823970E+01
 -5.10445169E+00  1.06561532E+01
 -5.10445169E+00  1.05299094E+01
 -5.10445169E+00  1.04036656E+01
 -5.10445169E+00  1.02774218E+01
 -5.10445169E+00  1.01511780E+01
 -5.10445169E+00  1.00249343E+01
 -5.10445169E+00  9.89869048E+00
 -5.10445169E+00  9.77244670E+00
 -5.10445169E+00  9.64620292E+00
 -5.10445169E+00  9.51995914E+00
 -5.10445169E+00  9.39371536E+00
 -5.10445169E+00  9.26747158E+00
 -5.10445169E+00  9.14122780E+00
 -5.10445169E+00  9.01498402E+00
 -5.10445169E+00  8.88874023E+00
 -5.10445169E+00  8.76249645E+00
 -5.10445169E+00  8.63625267E+00
 -5.10445169E+00  8.51000889E+00
 -5.10445169E+00  8.38376511E+00
 -5.10445169E+00  8.25752133E+00
 -5.10445169E+00  8.13127755E+00
 -5.10445169E+00  8.00503377E+00
 -5.10445169E+00  7.87878999E+00
 -5.10445169E+00  7.75254620E+00
 -5.10445169E+00  7.62630242E+00
 -5.10445169E+00  7.50005864E+00
 -5.10445169E+00  7.37381486E+00
 -5.10445169E+00  7.24757108E+00
 -5.10445169E+00  7.12132730E+00
 -5.10445169E+00  6.99508352E+00
 -5.10445169E+00  6.86883974E+00
 -5.10445169E+00  6.74259596E+00
 -5.10445169E+00  6.61635217E+00
 -5.10445169E+00  6.49010839E+00
 -5.10445169E+00  6.36386461E+00
 -5.10445169E+00  6.23762083E+00
 -5.10445169E+00  6.11137705E+00
 -5.10445169E+00  5.98513327E+00
 -5.10445169E+00  5.85888949E+00
 -5.10445169E+00  5.73264571E+00
 -5.10445169E+00  5.60640193E+00
 -5.10445169E+00  5.48015814E+00
 -5.10445169E+00  5.35391436E+00
 -5.10445169E+00  5.22767058E+00
 -5.10445169E+00  5.10142680E+00
 -5.10445169E+00  4.97518302E+00
 -5.10445169E+00  4.84893924E+00
 -5.10445169E+00  4.72269546E+00
 -5.10445169E+00  4.59645168E+00
 -5.10445169E+00  4.47020790E+00
 -5.10445169E+00  4.34396411E+00
 -5.10445169E+00  4.21772033E+00
 -5.10445169E+00  4.09147655E+00
 -5.10445169E+00  3.96523277E+00
 -5.10445169E+00  3.83898899E+00
 -5.10445169E+00  3.71274521E+00
 -5.10445169E+00  3.58650143E+00
 -5.10445169E+00  3.46025765E+00
 -5.10445169E+00  3.33401387E+00
 -5.10445169E+00  3.20777008E+00
 -5.10445169E+00  3.08152630E+00
 -5.10445169E+00  2.95528252E+00
 -5.10445169E+00  2.82903874E+00
 -5.10445169E+00  2.70279496E+00
 -5.10445169E+00  2.57655118E+00
 -5.10445169E+00  2.45030740E+00
 -5.10445169E+00  2.32406362E+00
 -5.10445169E+00  2.19781984E+00
 -5.10445169E+00  2.07157605E+00
 -5.10445169E+00  1.94533227E+00
 -5.10445169E+00  1.81908849E+00
 -5.10445169E+00  1.69284471E+00
 -5.10445169E+00  1.56660093E+00
 -5.10445169E+00  1.44035715E+00
 -5.10445169E+00  1.31411337E+00
 -5.10445169E+00  1.18786959E+00
 -5.10445169E+00  1.06162581E+00
 -5.10445169E+00  9.35382025E-01
 -5.10445169E+00  8.09138244E-01
 -5.10445169E+00  6.82894463E-01
 -5.10445169E+00  5.56650682E-01
 -5.10445169E+00  4.30406901E-01
 -5.10445169E+00  3.04163120E-01
 -5.10445169E+00  1.77919338E-01
 -5.10445169E+00  5.16755574E-02
 -5.10445169E+00 -7.45682237E-02
 -5.10445169E+00 -2.00812005E-01
 -5.10445169E+00 -3.27055786E-01
 -5.10445169E+00 -4.53299567E-01
 -5.10445169E+00 -5.79543348E-01
 -5.10445169E+00 -7.05787129E-01
 -5.10445169E+00 -8.32030910E-01
 -5.10445169E+00 -9.58274691E-01
 -5.10445169E+00 -1.08451847E+00
 -5.10445169E+00 -1.21076225E+00
 -5.10445169E+00 -1.33700603E+00
 -5.10445169E+00 -1.46324982E+00
 -5.10445169E+00 -1.58949360E+00
 -5.10445169E+00 -1.71573738E+00
 -5.10445169E+00 -1.84198116E+00
 -5.10445169E+00 -1.96822494E+00
 -5.10445169E+00 -2.09446872E+00
 -5.10445169E+00 -2.22071250E+00
 -5.10445169E+00 -2.34695628E+00
 -5.10445169E+00 -2.47320006E+00
 -5.10445169E+00 -2.59944385E+00
 -5.10445169E+00 -2.72568763E+00
 -5.10445169E+00 -2.85193141E+00
 -5.10445169E+00 -2.97817519E+00
 -5.10445169E+00 -3.10441897E+00
 -5.10445169E+00 -3.23066275E+00
 -5.10445169E+00 -3.35690653E+00
 -5.10445169E+00 -3.48315031E+00
 -5.10445169E+00 -3.60939409E+00
 -5.10445169E+00 -3.73563788E+00
 -5.10445169E+00 -3.86188166E+00
 -5.10445169E+00 -3.98812544E+00
 -5.10445169E+00 -4.11436922E+00
 -5.10445169E+00 -4.24061300E+00
 -5.10445169E+00 -4.36685678E+00
 -5.10445169E+00 -4.49310056E+00
 -5.10445169E+00 -4.61934434E+00
 -5.10445169E+00 -4.74558812E+00
 -5.10445169E+00 -4.87183191E+00
 -5.10445169E+00 -4.99807569E+00
 -5.10445169E+00 -5.12431947E+00

w:100/ x(   0.1977871E+00) y(   0.1779193E+00) ix(2) iy(2) s(   0.7000E+00)

h: x ny1,0  y2=[y1](1),ic[yellowgreen]
 -1.000000E+00 -1.000000E+00

hb:   line clip z   cb(yellowgreen)
clip:
  4.83348756E-02  0.00000000E+00
  4.96980205E+00  0.00000000E+00
  5.00000000E+00  1.57256114E-02
  5.00000000E+00  5.16755574E-02
  5.00000000E+00  8.76255034E-02
  5.00000000E+00  1.77919338E-01
  5.00000000E+00  2.13869285E-01
  5.00000000E+00  3.04163120E-01
  5.00000000E+00  3.40113066E-01
  5.00000000E+00  4.30406901E-01
  5.00000000E+00  4.66356847E-01
  5.00000000E+00  5.56650682E-01
  5.00000000E+00  5.92600628E-01
  5.00000000E+00  6.82894463E-01
  5.00000000E+00  7.18844409E-01
  5.00000000E+00  8.09138244E-01
  5.00000000E+00  8.45088190E-01
  5.00000000E+00  9.35382025E-01
  5.00000000E+00  9.71331971E-01
  5.00000000E+00  1.06162581E+00
  5.00000000E+00  1.09757575E+00
  5.00000000E+00  1.18786959E+00
  5.00000000E+00  1.22381953E+00
  5.00000000E+00  1.31411337E+00
  5.00000000E+00  1.35006331E+00
  5.00000000E+00  1.44035715E+00
  5.00000000E+00  1.47630710E+00
  5.00000000E+00  1.56660093E+00
  5.00000000E+00  1.60255088E+00
  5.00000000E+00  1.69284471E+00
  5.00000000E+00  1.72879466E+00
  5.00000000E+00  1.81908849E+00
  5.00000000E+00  1.85503844E+00
  5.00000000E+00  1.94533227E+00
  5.00000000E+00  1.98128222E+00
  5.00000000E+00  2.07157605E+00
  5.00000000E+00  2.10752600E+00
  5.00000000E+00  2.19781984E+00
  5.00000000E+00  2.23376978E+00
  5.00000000E+00  2.32406362E+00
  5.00000000E+00  2.36001356E+00
  5.00000000E+00  2.45030740E+00
  5.00000000E+00  2.48625734E+00
  5.00000000E+00  2.57655118E+00
  5.00000000E+00  2.61250113E+00
  5.00000000E+00  2.70279496E+00
  5.00000000E+00  2.73874491E+00
  5.00000000E+00  2.82903874E+00
  5.00000000E+00  2.86498869E+00
  5.00000000E+00  2.95528252E+00
  5.00000000E+00  2.99123247E+00
  5.00000000E+00  3.08152630E+00
  5.00000000E+00  3.11747625E+00
  5.00000000E+00  3.20777008E+00
  5.00000000E+00  3.24372003E+00
  5.00000000E+00  3.33401387E+00
  5.00000000E+00  3.36996381E+00
  5.00000000E+00  3.46025765E+00
  5.00000000E+00  3.49620759E+00
  5.00000000E+00  3.58650143E+00
  5.00000000E+00  3.62245137E+00
  5.00000000E+00  3.71274521E+00
  5.00000000E+00  3.74869516E+00
  5.00000000E+00  3.83898899E+00
  5.00000000E+00  3.87493894E+00
  5.00000000E+00  3.96523277E+00
  5.00000000E+00  4.00118272E+00
  5.00000000E+00  4.09147655E+00
  5.00000000E+00  4.12742650E+00
  5.00000000E+00  4.21772033E+00
  5.00000000E+00  4.25367028E+00
  5.00000000E+00  4.34396411E+00
  5.00000000E+00  4.37991406E+00
  5.00000000E+00  4.47020790E+00
  5.00000000E+00  4.50615784E+00
  5.00000000E+00  4.59645168E+00
  5.00000000E+00  4.63240162E+00
  5.00000000E+00  4.72269546E+00
  5.00000000E+00  4.75864540E+00
  5.00000000E+00  4.84893924E+00
  5.00000000E+00  4.88488919E+00
  5.00000000E+00  4.97518302E+00
  5.00000000E+00  5.01113297E+00
  5.00000000E+00  5.10142680E+00
  5.00000000E+00  5.13737675E+00
  5.00000000E+00  5.22767058E+00
  5.00000000E+00  5.26362053E+00
  5.00000000E+00  5.35391436E+00
  5.00000000E+00  5.38986431E+00
  5.00000000E+00  5.48015814E+00
  5.00000000E+00  5.51610809E+00
  5.00000000E+00  5.60640193E+00
  5.00000000E+00  5.64235187E+00
  5.00000000E+00  5.73264571E+00
  5.00000000E+00  5.76859565E+00
  5.00000000E+00  5.85888949E+00
  5.00000000E+00  5.89483943E+00
  5.00000000E+00  5.98513327E+00
  5.00000000E+00  6.02108321E+00
  5.00000000E+00  6.11137705E+00
  5.00000000E+00  6.14732700E+00
  5.00000000E+00  6.23762083E+00
  5.00000000E+00  6.27357078E+00
  5.00000000E+00  6.36386461E+00
  5.00000000E+00  6.39981456E+00
  5.00000000E+00  6.49010839E+00
  5.00000000E+00  6.52605834E+00
  5.00000000E+00  6.61635217E+00
  5.00000000E+00  6.65230212E+00
  5.00000000E+00  6.74259596E+00
  5.00000000E+00  6.77854590E+00
  5.00000000E+00  6.86883974E+00
  5.00000000E+00  6.90478968E+00
  5.00000000E+00  6.99508352E+00
  5.00000000E+00  7.03103346E+00
  5.00000000E+00  7.12132730E+00
  5.00000000E+00  7.15727724E+00
  5.00000000E+00  7.24757108E+00
  5.00000000E+00  7.28352103E+00
  5.00000000E+00  7.37381486E+00
  5.00000000E+00  7.40976481E+00
  5.00000000E+00  7.50005864E+00
  5.00000000E+00  7.53600859E+00
  5.00000000E+00  7.62630242E+00
  5.00000000E+00  7.66225237E+00
  5.00000000E+00  7.75254620E+00
  5.00000000E+00  7.78849615E+00
  5.00000000E+00  7.87878999E+00
  5.00000000E+00  7.91473993E+00
  5.00000000E+00  8.00503377E+00
  5.00000000E+00  8.04098371E+00
  5.00000000E+00  8.13127755E+00
  5.00000000E+00  8.16722749E+00
  5.00000000E+00  8.25752133E+00
  5.00000000E+00  8.29347127E+00
  5.00000000E+00  8.38376511E+00
  5.00000000E+00  8.41971506E+00
  5.00000000E+00  8.51000889E+00
  5.00000000E+00  8.54595884E+00
  5.00000000E+00  8.63625267E+00
  5.00000000E+00  8.67220262E+00
  5.00000000E+00  8.76249645E+00
  5.00000000E+00  8.79844640E+00
  5.00000000E+00  8.88874023E+00
  5.00000000E+00  8.92469018E+00
  5.00000000E+00  9.01498402E+00
  5.00000000E+00  9.05093396E+00
  5.00000000E+00  9.14122780E+00
  5.00000000E+00  9.17717774E+00
  5.00000000E+00  9.26747158E+00
  5.00000000E+00  9.30342152E+00
  5.00000000E+00  9.39371536E+00
  5.00000000E+00  9.42966530E+00
  5.00000000E+00  9.51995914E+00
  5.00000000E+00  9.55590909E+00
  5.00000000E+00  9.64620292E+00
  5.00000000E+00  9.68215287E+00
  5.00000000E+00  9.77244670E+00
  5.00000000E+00  9.80839665E+00
  5.00000000E+00  9.89869048E+00
  5.00000000E+00  9.93464043E+00
  5.00000000E+00  1.00249343E+01
  5.00000000E+00  1.00608842E+01
  5.00000000E+00  1.01511780E+01
  5.00000000E+00  1.01871280E+01
  5.00000000E+00  1.02774218E+01
  5.00000000E+00  1.03133718E+01
  5.00000000E+00  1.04036656E+01
  5.00000000E+00  1.04396156E+01
  5.00000000E+00  1.05299094E+01
  5.00000000E+00  1.05658593E+01
  5.00000000E+00  1.06561532E+01
  5.00000000E+00  1.06921031E+01
  5.00000000E+00  1.07823970E+01
  5.00000000E+00  1.08183469E+01
  5.00000000E+00  1.09086407E+01
  5.00000000E+00  1.09445907E+01
  5.00000000E+00  1.10348845E+01
  5.00000000E+00  1.10708345E+01
  5.00000000E+00  1.11611283E+01
  5.00000000E+00  1.11970782E+01
  5.00000000E+00  1.12873721E+01
  5.00000000E+00  1.13233220E+01
  5.00000000E+00  1.14136159E+01
  5.00000000E+00  1.14495658E+01
  5.00000000E+00  1.15398596E+01
  5.00000000E+00  1.15758096E+01
  5.00000000E+00  1.16661034E+01
  5.00000000E+00  1.17020534E+01
  5.00000000E+00  1.17923472E+01
  5.00000000E+00  1.18282971E+01
  5.00000000E+00  1.19185910E+01
  5.00000000E+00  1.19545409E+01
  5.00000000E+00  1.20448348E+01
  5.00000000E+00  1.20807847E+01
  5.00000000E+00  1.21710785E+01
  5.00000000E+00  1.22070285E+01
  5.00000000E+00  1.22973223E+01
  5.00000000E+00  1.23332723E+01
  5.00000000E+00  1.24235661E+01
  5.00000000E+00  1.24595161E+01
  5.00000000E+00  1.25498099E+01
  5.00000000E+00  1.25857598E+01
  5.00000000E+00  1.26760537E+01
  5.00000000E+00  1.27120036E+01
  5.00000000E+00  1.28022974E+01
  5.00000000E+00  1.28382474E+01
  5.00000000E+00  1.29285412E+01
  5.00000000E+00  1.29644912E+01
  5.00000000E+00  1.30547850E+01
  5.00000000E+00  1.30907350E+01
  5.00000000E+00  1.31810288E+01
  5.00000000E+00  1.32169787E+01
  5.00000000E+00  1.33072726E+01
  5.00000000E+00  1.33432225E+01
  5.00000000E+00  1.34335164E+01
  5.00000000E+00  1.34694663E+01
  5.00000000E+00  1.35597601E+01
  5.00000000E+00  1.35957101E+01
  5.00000000E+00  1.36860039E+01
  5.00000000E+00  1.37219539E+01
  5.00000000E+00  1.38122477E+01
  5.00000000E+00  1.38481976E+01
  5.00000000E+00  1.39384915E+01
  5.00000000E+00  1.39744414E+01
  5.00000000E+00  1.40647353E+01
  5.00000000E+00  1.41006852E+01
  5.00000000E+00  1.41909790E+01
  5.00000000E+00  1.42269290E+01
  5.00000000E+00  1.43172228E+01
  5.00000000E+00  1.43531728E+01
  5.00000000E+00  1.44434666E+01
  5.00000000E+00  1.44794165E+01
  5.00000000E+00  1.45697104E+01
  5.00000000E+00  1.46056603E+01
  5.00000000E+00  1.46959542E+01
  5.00000000E+00  1.47319041E+01
  5.00000000E+00  1.48221979E+01
  5.00000000E+00  1.48581479E+01
  5.00000000E+00  1.49484417E+01
  5.00000000E+00  1.49843917E+01
  4.96980205E+00  1.50000000E+01
  4.92649310E+00  1.50000000E+01
  4.86375727E+00  1.50000000E+01
  4.82044832E+00  1.50000000E+01
  4.75771249E+00  1.50000000E+01
  4.71440354E+00  1.50000000E+01
  4.65166772E+00  1.50000000E+01
  4.60835877E+00  1.50000000E+01
  4.54562294E+00  1.50000000E+01
  4.50231399E+00  1.50000000E+01
  4.43957816E+00  1.50000000E+01
  4.39626922E+00  1.50000000E+01
  4.33353339E+00  1.50000000E+01
  4.29022444E+00  1.50000000E+01
  4.22748861E+00  1.50000000E+01
  4.18417966E+00  1.50000000E+01
  4.12144384E+00  1.50000000E+01
  4.07813489E+00  1.50000000E+01
  4.01539906E+00  1.50000000E+01
  3.97209011E+00  1.50000000E+01
  3.90935428E+00  1.50000000E+01
  3.86604533E+00  1.50000000E+01
  3.80330951E+00  1.50000000E+01
  3.76000056E+00  1.50000000E+01
  3.69726473E+00  1.50000000E+01
  3.65395578E+00  1.50000000E+01
  3.59121996E+00  1.50000000E+01
  3.54791101E+00  1.50000000E+01
  3.48517518E+00  1.50000000E+01
  3.44186623E+00  1.50000000E+01
  3.37913040E+00  1.50000000E+01
  3.33582145E+00  1.50000000E+01
  3.27308563E+00  1.50000000E+01
  3.22977668E+00  1.50000000E+01
  3.16704085E+00  1.50000000E+01
  3.12373190E+00  1.50000000E+01
  3.06099608E+00  1.50000000E+01
  3.01768713E+00  1.50000000E+01
  2.95495130E+00  1.50000000E+01
  2.91164235E+00  1.50000000E+01
  2.84890652E+00  1.50000000E+01
  2.80559757E+00  1.50000000E+01
  2.74286175E+00  1.50000000E+01
  2.69955280E+00  1.50000000E+01
  2.63681697E+00  1.50000000E+01
  2.59350802E+00  1.50000000E+01
  2.53077219E+00  1.50000000E+01
  2.48746324E+00  1.50000000E+01
  2.42472742E+00  1.50000000E+01
  2.38141847E+00  1.50000000E+01
  2.31868264E+00  1.50000000E+01
  2.27537369E+00  1.50000000E+01
  2.21263787E+00  1.50000000E+01
  2.16932892E+00  1.50000000E+01
  2.10659309E+00  1.50000000E+01
  2.06328414E+00  1.50000000E+01
  2.00054831E+00  1.50000000E+01
  1.95723936E+00  1.50000000E+01
  1.89450354E+00  1.50000000E+01
  1.85119459E+00  1.50000000E+01
  1.78845876E+00  1.50000000E+01
  1.74514981E+00  1.50000000E+01
  1.68241399E+00  1.50000000E+01
  1.63910504E+00  1.50000000E+01
  1.57636921E+00  1.50000000E+01
  1.53306026E+00  1.50000000E+01
  1.47032443E+00  1.50000000E+01
  1.42701548E+00  1.50000000E+01
  1.36427966E+00  1.50000000E+01
  1.32097071E+00  1.50000000E+01
  1.25823488E+00  1.50000000E+01
  1.21492593E+00  1.50000000E+01
  1.15219011E+00  1.50000000E+01
  1.10888116E+00  1.50000000E+01
  1.04614533E+00  1.50000000E+01
  1.00283638E+00  1.50000000E+01
  9.40100553E-01  1.50000000E+01
  8.96791603E-01  1.50000000E+01
  8.34055777E-01  1.50000000E+01
  7.90746827E-01  1.50000000E+01
  7.28011001E-01  1.50000000E+01
  6.84702051E-01  1.50000000E+01
  6.21966224E-01  1.50000000E+01
  5.78657275E-01  1.50000000E+01
  5.15921448E-01  1.50000000E+01
  4.72612499E-01  1.50000000E+01
  4.09876672E-01  1.50000000E+01
  3.66567722E-01  1.50000000E+01
  3.03831896E-01  1.50000000E+01
  2.60522946E-01  1.50000000E+01
  1.97787120E-01  1.50000000E+01
  1.54478170E-01  1.50000000E+01
  9.17423438E-02  1.50000000E+01
  4.84333941E-02  1.50000000E+01
  0.00000000E+00  1.49484417E+01
  0.00000000E+00  1.48392247E+01
  0.00000000E+00  1.48221979E+01
  0.00000000E+00  1.47129809E+01
  0.00000000E+00  1.46959542E+01
  0.00000000E+00  1.45867371E+01
  0.00000000E+00  1.45697104E+01
  0.00000000E+00  1.44604933E+01
  0.00000000E+00  1.44434666E+01
  0.00000000E+00  1.43342495E+01
  0.00000000E+00  1.43172228E+01
  0.00000000E+00  1.42080057E+01
  0.00000000E+00  1.41909790E+01
  0.00000000E+00  1.40817620E+01
  0.00000000E+00  1.40647353E+01
  0.00000000E+00  1.39555182E+01
  0.00000000E+00  1.39384915E+01
  0.00000000E+00  1.38292744E+01
  0.00000000E+00  1.38122477E+01
  0.00000000E+00  1.37030306E+01
  0.00000000E+00  1.36860039E+01
  0.00000000E+00  1.35767868E+01
  0.00000000E+00  1.35597601E+01
  0.00000000E+00  1.34505431E+01
  0.00000000E+00  1.34335164E+01
  0.00000000E+00  1.33242993E+01
  0.00000000E+00  1.33072726E+01
  0.00000000E+00  1.31980555E+01
  0.00000000E+00  1.31810288E+01
  0.00000000E+00  1.30718117E+01
  0.00000000E+00  1.30547850E+01
  0.00000000E+00  1.29455679E+01
  0.00000000E+00  1.29285412E+01
  0.00000000E+00  1.28193242E+01
  0.00000000E+00  1.28022974E+01
  0.00000000E+00  1.26930804E+01
  0.00000000E+00  1.26760537E+01
  0.00000000E+00  1.25668366E+01
  0.00000000E+00  1.25498099E+01
  0.00000000E+00  1.24405928E+01
  0.00000000E+00  1.24235661E+01
  0.00000000E+00  1.23143490E+01
  0.00000000E+00  1.22973223E+01
  0.00000000E+00  1.21881052E+01
  0.00000000E+00  1.21710785E+01
  0.00000000E+00  1.20618615E+01
  0.00000000E+00  1.20448348E+01
  0.00000000E+00  1.19356177E+01
  0.00000000E+00  1.19185910E+01
  0.00000000E+00  1.18093739E+01
  0.00000000E+00  1.17923472E+01
  0.00000000E+00  1.16831301E+01
  0.00000000E+00  1.16661034E+01
  0.00000000E+00  1.15568863E+01
  0.00000000E+00  1.15398596E+01
  0.00000000E+00  1.14306426E+01
  0.00000000E+00  1.14136159E+01
  0.00000000E+00  1.13043988E+01
  0.00000000E+00  1.12873721E+01
  0.00000000E+00  1.11781550E+01
  0.00000000E+00  1.11611283E+01
  0.00000000E+00  1.10519112E+01
  0.00000000E+00  1.10348845E+01
  0.00000000E+00  1.09256674E+01
  0.00000000E+00  1.09086407E+01
  0.00000000E+00  1.07994237E+01
  0.00000000E+00  1.07823970E+01
  0.00000000E+00  1.06731799E+01
  0.00000000E+00  1.06561532E+01
  0.00000000E+00  1.05469361E+01
  0.00000000E+00  1.05299094E+01
  0.00000000E+00  1.04206923E+01
  0.00000000E+00  1.04036656E+01
  0.00000000E+00  1.02944485E+01
  0.00000000E+00  1.02774218E+01
  0.00000000E+00  1.01682048E+01
  0.00000000E+00  1.01511780E+01
  0.00000000E+00  1.00419610E+01
  0.00000000E+00  1.00249343E+01
  0.00000000E+00  9.91571719E+00
  0.00000000E+00  9.89869048E+00
  0.00000000E+00  9.78947341E+00
  0.00000000E+00  9.77244670E+00
  0.00000000E+00  9.66322963E+00
  0.00000000E+00  9.64620292E+00
  0.00000000E+00  9.53698584E+00
  0.00000000E+00  9.51995914E+00
  0.00000000E+00  9.41074206E+00
  0.00000000E+00  9.39371536E+00
  0.00000000E+00  9.28449828E+00
  0.00000000E+00  9.26747158E+00
  0.00000000E+00  9.15825450E+00
  0.00000000E+00  9.14122780E+00
  0.00000000E+00  9.03201072E+00
  0.00000000E+00  9.01498402E+00
  0.00000000E+00  8.90576694E+00
  0.00000000E+00  8.88874023E+00
  0.00000000E+00  8.77952316E+00
  0.00000000E+00  8.76249645E+00
  0.00000000E+00  8.65327938E+00
  0.00000000E+00  8.63625267E+00
  0.00000000E+00  8.52703560E+00
  0.00000000E+00  8.51000889E+00
  0.00000000E+00  8.40079181E+00
  0.00000000E+00  8.38376511E+00
  0.00000000E+00  8.27454803E+00
  0.00000000E+00  8.25752133E+00
  0.00000000E+00  8.14830425E+00
  0.00000000E+00  8.13127755E+00
  0.00000000E+00  8.02206047E+00
  0.00000000E+00  8.00503377E+00
  0.00000000E+00  7.89581669E+00
  0.00000000E+00  7.87878999E+00
  0.00000000E+00  7.76957291E+00
  0.00000000E+00  7.75254620E+00
  0.00000000E+00  7.64332913E+00
  0.00000000E+00  7.62630242E+00
  0.00000000E+00  7.51708535E+00
  0.00000000E+00  7.50005864E+00
  0.00000000E+00  7.39084157E+00
  0.00000000E+00  7.37381486E+00
  0.00000000E+00  7.26459778E+00
  0.00000000E+00  7.24757108E+00
  0.00000000E+00  7.13835400E+00
  0.00000000E+00  7.12132730E+00
  0.00000000E+00  7.01211022E+00
  0.00000000E+00  6.99508352E+00
  0.00000000E+00  6.88586644E+00
  0.00000000E+00  6.86883974E+00
  0.00000000E+00  6.75962266E+00
  0.00000000E+00  6.74259596E+00
  0.00000000E+00  6.63337888E+00
  0.00000000E+00  6.61635217E+00
  0.00000000E+00  6.50713510E+00
  0.00000000E+00  6.49010839E+00
  0.00000000E+00  6.38089132E+00
  0.00000000E+00  6.36386461E+00
  0.00000000E+00  6.25464754E+00
  0.00000000E+00  6.23762083E+00
  0.00000000E+00  6.12840376E+00
  0.00000000E+00  6.11137705E+00
  0.00000000E+00  6.00215997E+00
  0.00000000E+00  5.98513327E+00
  0.00000000E+00  5.87591619E+00
  0.00000000E+00  5.85888949E+00
  0.00000000E+00  5.74967241E+00
  0.00000000E+00  5.73264571E+00
  0.00000000E+00  5.62342863E+00
  0.00000000E+00  5.60640193E+00
  0.00000000E+00  5.49718485E+00
  0.00000000E+00  5.48015814E+00
  0.00000000E+00  5.37094107E+00
  0.00000000E+00  5.35391436E+00
  0.00000000E+00  5.24469729E+00
  0.00000000E+00  5.22767058E+00
  0.00000000E+00  5.11845351E+00
  0.00000000E+00  5.10142680E+00
  0.00000000E+00  4.99220973E+00
  0.00000000E+00  4.97518302E+00
  0.00000000E+00  4.86596594E+00
  0.00000000E+00  4.84893924E+00
  0.00000000E+00  4.73972216E+00
  0.00000000E+00  4.72269546E+00
  0.00000000E+00  4.61347838E+00
  0.00000000E+00  4.59645168E+00
  0.00000000E+00  4.48723460E+00
  0.00000000E+00  4.47020790E+00
  0.00000000E+00  4.36099082E+00
  0.00000000E+00  4.34396411E+00
  0.00000000E+00  4.23474704E+00
  0.00000000E+00  4.21772033E+00
  0.00000000E+00  4.10850326E+00
  0.00000000E+00  4.09147655E+00
  0.00000000E+00  3.98225948E+00
  0.00000000E+00  3.96523277E+00
  0.00000000E+00  3.85601570E+00
  0.00000000E+00  3.83898899E+00
  0.00000000E+00  3.72977191E+00
  0.00000000E+00  3.71274521E+00
  0.00000000E+00  3.60352813E+00
  0.00000000E+00  3.58650143E+00
  0.00000000E+00  3.47728435E+00
  0.00000000E+00  3.46025765E+00
  0.00000000E+00  3.35104057E+00
  0.00000000E+00  3.33401387E+00
  0.00000000E+00  3.22479679E+00
  0.00000000E+00  3.20777008E+00
  0.00000000E+00  3.09855301E+00
  0.00000000E+00  3.08152630E+00
  0.00000000E+00  2.97230923E+00
  0.00000000E+00  2.95528252E+00
  0.00000000E+00  2.84606545E+00
  0.00000000E+00  2.82903874E+00
  0.00000000E+00  2.71982167E+00
  0.00000000E+00  2.70279496E+00
  0.00000000E+00  2.59357788E+00
  0.00000000E+00  2.57655118E+00
  0.00000000E+00  2.46733410E+00
  0.00000000E+00  2.45030740E+00
  0.00000000E+00  2.34109032E+00
  0.00000000E+00  2.32406362E+00
  0.00000000E+00  2.21484654E+00
  0.00000000E+00  2.19781984E+00
  0.00000000E+00  2.08860276E+00
  0.00000000E+00  2.07157605E+00
  0.00000000E+00  1.96235898E+00
  0.00000000E+00  1.94533227E+00
  0.00000000E+00  1.83611520E+00
  0.00000000E+00  1.81908849E+00
  0.00000000E+00  1.70987142E+00
  0.00000000E+00  1.69284471E+00
  0.00000000E+00  1.58362764E+00
  0.00000000E+00  1.56660093E+00
  0.00000000E+00  1.45738385E+00
  0.00000000E+00  1.44035715E+00
  0.00000000E+00  1.33114007E+00
  0.00000000E+00  1.31411337E+00
  0.00000000E+00  1.20489629E+00
  0.00000000E+00  1.18786959E+00
  0.00000000E+00  1.07865251E+00
  0.00000000E+00  1.06162581E+00
  0.00000000E+00  9.52408730E-01
  0.00000000E+00  9.35382025E-01
  0.00000000E+00  8.26164949E-01
  0.00000000E+00  8.09138244E-01
  0.00000000E+00  6.99921168E-01
  0.00000000E+00  6.82894463E-01
  0.00000000E+00  5.73677387E-01
  0.00000000E+00  5.56650682E-01
  0.00000000E+00  4.47433606E-01
  0.00000000E+00  4.30406901E-01
  0.00000000E+00  3.21189825E-01
  0.00000000E+00  3.04163120E-01
  0.00000000E+00  1.94946044E-01
  0.00000000E+00  1.77919338E-01
  0.00000000E+00  6.87022625E-02
  0.00000000E+00  5.16755574E-02

w:200/ x(   0.2500000E+01) y(   0.7500000E+01) ix(2) iy(2) s(   0.7000E+00)

hb:   line clip z   cb(lightgray)
clip:
  3.00334876E-01  3.00000000E-01
  4.65516474E+00  3.00000000E-01
  4.70000000E+00  3.04163120E-01
  4.70000000E+00  3.61701552E-01
  4.70000000E+00  4.30406901E-01
  4.70000000E+00  4.87945333E-01
  4.70000000E+00  5.56650682E-01
  4.70000000E+00  6.14189114E-01
  4.70000000E+00  6.82894463E-01
  4.70000000E+00  7.40432895E-01
  4.70000000E+00  8.09138244E-01
  4.70000000E+00  8.66676676E-01
  4.70000000E+00  9.35382025E-01
  4.70000000E+00  9.92920457E-01
  4.70000000E+00  1.06162581E+00
  4.70000000E+00  1.11916424E+00
  4.70000000E+00  1.18786959E+00
  4.70000000E+00  1.24540802E+00
  4.70000000E+00  1.31411337E+00
  4.70000000E+00  1.37165180E+00
  4.70000000E+00  1.44035715E+00
  4.70000000E+00  1.49789558E+00
  4.70000000E+00  1.56660093E+00
  4.70000000E+00  1.62413936E+00
  4.70000000E+00  1.69284471E+00
  4.70000000E+00  1.75038314E+00
  4.70000000E+00  1.81908849E+00
  4.70000000E+00  1.87662692E+00
  4.70000000E+00  1.94533227E+00
  4.70000000E+00  2.00287071E+00
  4.70000000E+00  2.07157605E+00
  4.70000000E+00  2.12911449E+00
  4.70000000E+00  2.19781984E+00
  4.70000000E+00  2.25535827E+00
  4.70000000E+00  2.32406362E+00
  4.70000000E+00  2.38160205E+00
  4.70000000E+00  2.45030740E+00
  4.70000000E+00  2.50784583E+00
  4.70000000E+00  2.57655118E+00
  4.70000000E+00  2.63408961E+00
  4.70000000E+00  2.70279496E+00
  4.70000000E+00  2.76033339E+00
  4.70000000E+00  2.82903874E+00
  4.70000000E+00  2.88657717E+00
  4.70000000E+00  2.95528252E+00
  4.70000000E+00  3.01282095E+00
  4.70000000E+00  3.08152630E+00
  4.70000000E+00  3.13906474E+00
  4.70000000E+00  3.20777008E+00
  4.70000000E+00  3.26530852E+00
  4.70000000E+00  3.33401387E+00
  4.70000000E+00  3.39155230E+00
  4.70000000E+00  3.46025765E+00
  4.70000000E+00  3.51779608E+00
  4.70000000E+00  3.58650143E+00
  4.70000000E+00  3.64403986E+00
  4.70000000E+00  3.71274521E+00
  4.70000000E+00  3.77028364E+00
  4.70000000E+00  3.83898899E+00
  4.70000000E+00  3.89652742E+00
  4.70000000E+00  3.96523277E+00
  4.70000000E+00  4.02277120E+00
  4.70000000E+00  4.09147655E+00
  4.70000000E+00  4.14901498E+00
  4.70000000E+00  4.21772033E+00
  4.70000000E+00  4.27525877E+00
  4.70000000E+00  4.34396411E+00
  4.70000000E+00  4.40150255E+00
  4.70000000E+00  4.47020790E+00
  4.70000000E+00  4.52774633E+00
  4.70000000E+00  4.59645168E+00
  4.70000000E+00  4.65399011E+00
  4.70000000E+00  4.72269546E+00
  4.70000000E+00  4.78023389E+00
  4.70000000E+00  4.84893924E+00
  4.70000000E+00  4.90647767E+00
  4.70000000E+00  4.97518302E+00
  4.70000000E+00  5.03272145E+00
  4.70000000E+00  5.10142680E+00
  4.70000000E+00  5.15896523E+00
  4.70000000E+00  5.22767058E+00
  4.70000000E+00  5.28520901E+00
  4.70000000E+00  5.35391436E+00
  4.70000000E+00  5.41145280E+00
  4.70000000E+00  5.48015814E+00
  4.70000000E+00  5.53769658E+00
  4.70000000E+00  5.60640193E+00
  4.70000000E+00  5.66394036E+00
  4.70000000E+00  5.73264571E+00
  4.70000000E+00  5.79018414E+00
  4.70000000E+00  5.85888949E+00
  4.70000000E+00  5.91642792E+00
  4.70000000E+00  5.98513327E+00
  4.70000000E+00  6.04267170E+00
  4.70000000E+00  6.11137705E+00
  4.70000000E+00  6.16891548E+00
  4.70000000E+00  6.23762083E+00
  4.70000000E+00  6.29515926E+00
  4.70000000E+00  6.36386461E+00
  4.70000000E+00  6.42140304E+00
  4.70000000E+00  6.49010839E+00
  4.70000000E+00  6.54764683E+00
  4.70000000E+00  6.61635217E+00
  4.70000000E+00  6.67389061E+00
  4.70000000E+00  6.74259596E+00
  4.70000000E+00  6.80013439E+00
  4.70000000E+00  6.86883974E+00
  4.70000000E+00  6.92637817E+00
  4.70000000E+00  6.99508352E+00
  4.70000000E+00  7.05262195E+00
  4.70000000E+00  7.12132730E+00
  4.70000000E+00  7.17886573E+00
  4.70000000E+00  7.24757108E+00
  4.70000000E+00  7.30510951E+00
  4.70000000E+00  7.37381486E+00
  4.70000000E+00  7.43135329E+00
  4.70000000E+00  7.50005864E+00
  4.70000000E+00  7.55759707E+00
  4.70000000E+00  7.62630242E+00
  4.70000000E+00  7.68384086E+00
  4.70000000E+00  7.75254620E+00
  4.70000000E+00  7.81008464E+00
  4.70000000E+00  7.87878999E+00
  4.70000000E+00  7.93632842E+00
  4.70000000E+00  8.00503377E+00
  4.70000000E+00  8.06257220E+00
  4.70000000E+00  8.13127755E+00
  4.70000000E+00  8.18881598E+00
  4.70000000E+00  8.25752133E+00
  4.70000000E+00  8.31505976E+00
  4.70000000E+00  8.38376511E+00
  4.70000000E+00  8.44130354E+00
  4.70000000E+00  8.51000889E+00
  4.70000000E+00  8.56754732E+00
  4.70000000E+00  8.63625267E+00
  4.70000000E+00  8.69379110E+00
  4.70000000E+00  8.76249645E+00
  4.70000000E+00  8.82003489E+00
  4.70000000E+00  8.88874023E+00
  4.70000000E+00  8.94627867E+00
  4.70000000E+00  9.01498402E+00
  4.70000000E+00  9.07252245E+00
  4.70000000E+00  9.14122780E+00
  4.70000000E+00  9.19876623E+00
  4.70000000E+00  9.26747158E+00
  4.70000000E+00  9.32501001E+00
  4.70000000E+00  9.39371536E+00
  4.70000000E+00  9.45125379E+00
  4.70000000E+00  9.51995914E+00
  4.70000000E+00  9.57749757E+00
  4.70000000E+00  9.64620292E+00
  4.70000000E+00  9.70374135E+00
  4.70000000E+00  9.77244670E+00
  4.70000000E+00  9.82998513E+00
  4.70000000E+00  9.89869048E+00
  4.70000000E+00  9.95622891E+00
  4.70000000E+00  1.00249343E+01
  4.70000000E+00  1.00824727E+01
  4.70000000E+00  1.01511780E+01
  4.70000000E+00  1.02087165E+01
  4.70000000E+00  1.02774218E+01
  4.70000000E+00  1.03349603E+01
  4.70000000E+00  1.04036656E+01
  4.70000000E+00  1.04612040E+01
  4.70000000E+00  1.05299094E+01
  4.70000000E+00  1.05874478E+01
  4.70000000E+00  1.06561532E+01
  4.70000000E+00  1.07136916E+01
  4.70000000E+00  1.07823970E+01
  4.70000000E+00  1.08399354E+01
  4.70000000E+00  1.09086407E+01
  4.70000000E+00  1.09661792E+01
  4.70000000E+00  1.10348845E+01
  4.70000000E+00  1.10924229E+01
  4.70000000E+00  1.11611283E+01
  4.70000000E+00  1.12186667E+01
  4.70000000E+00  1.12873721E+01
  4.70000000E+00  1.13449105E+01
  4.70000000E+00  1.14136159E+01
  4.70000000E+00  1.14711543E+01
  4.70000000E+00  1.15398596E+01
  4.70000000E+00  1.15973981E+01
  4.70000000E+00  1.16661034E+01
  4.70000000E+00  1.17236419E+01
  4.70000000E+00  1.17923472E+01
  4.70000000E+00  1.18498856E+01
  4.70000000E+00  1.19185910E+01
  4.70000000E+00  1.19761294E+01
  4.70000000E+00  1.20448348E+01
  4.70000000E+00  1.21023732E+01
  4.70000000E+00  1.21710785E+01
  4.70000000E+00  1.22286170E+01
  4.70000000E+00  1.22973223E+01
  4.70000000E+00  1.23548608E+01
  4.70000000E+00  1.24235661E+01
  4.70000000E+00  1.24811045E+01
  4.70000000E+00  1.25498099E+01
  4.70000000E+00  1.26073483E+01
  4.70000000E+00  1.26760537E+01
  4.70000000E+00  1.27335921E+01
  4.70000000E+00  1.28022974E+01
  4.70000000E+00  1.28598359E+01
  4.70000000E+00  1.29285412E+01
  4.70000000E+00  1.29860797E+01
  4.70000000E+00  1.30547850E+01
  4.70000000E+00  1.31123234E+01
  4.70000000E+00  1.31810288E+01
  4.70000000E+00  1.32385672E+01
  4.70000000E+00  1.33072726E+01
  4.70000000E+00  1.33648110E+01
  4.70000000E+00  1.34335164E+01
  4.70000000E+00  1.34910548E+01
  4.70000000E+00  1.35597601E+01
  4.70000000E+00  1.36172986E+01
  4.70000000E+00  1.36860039E+01
  4.70000000E+00  1.37435423E+01
  4.70000000E+00  1.38122477E+01
  4.70000000E+00  1.38697861E+01
  4.70000000E+00  1.39384915E+01
  4.70000000E+00  1.39960299E+01
  4.70000000E+00  1.40647353E+01
  4.70000000E+00  1.41222737E+01
  4.70000000E+00  1.41909790E+01
  4.70000000E+00  1.42485175E+01
  4.70000000E+00  1.43172228E+01
  4.70000000E+00  1.43747613E+01
  4.70000000E+00  1.44434666E+01
  4.70000000E+00  1.45010050E+01
  4.70000000E+00  1.45697104E+01
  4.70000000E+00  1.46272488E+01
  4.70000000E+00  1.46959542E+01
  4.65506622E+00  1.47000000E+01
  4.65166772E+00  1.47000000E+01
  4.64826922E+00  1.47000000E+01
  4.54562294E+00  1.47000000E+01
  4.54222444E+00  1.47000000E+01
  4.43957816E+00  1.47000000E+01
  4.43617966E+00  1.47000000E+01
  4.33353339E+00  1.47000000E+01
  4.33013489E+00  1.47000000E+01
  4.22748861E+00  1.47000000E+01
  4.22409011E+00  1.47000000E+01
  4.12144384E+00  1.47000000E+01
  4.11804533E+00  1.47000000E+01
  4.01539906E+00  1.47000000E+01
  4.01200056E+00  1.47000000E+01
  3.90935428E+00  1.47000000E+01
  3.90595578E+00  1.47000000E+01
  3.80330951E+00  1.47000000E+01
  3.79991101E+00  1.47000000E+01
  3.69726473E+00  1.47000000E+01
  3.69386623E+00  1.47000000E+01
  3.59121996E+00  1.47000000E+01
  3.58782145E+00  1.47000000E+01
  3.48517518E+00  1.47000000E+01
  3.48177668E+00  1.47000000E+01
  3.37913040E+00  1.47000000E+01
  3.37573190E+00  1.47000000E+01
  3.27308563E+00  1.47000000E+01
  3.26968713E+00  1.47000000E+01
  3.16704085E+00  1.47000000E+01
  3.16364235E+00  1.47000000E+01
  3.06099608E+00  1.47000000E+01
  3.05759757E+00  1.47000000E+01
  2.95495130E+00  1.47000000E+01
  2.95155280E+00  1.47000000E+01
  2.84890652E+00  1.47000000E+01
  2.84550802E+00  1.47000000E+01
  2.74286175E+00  1.47000000E+01
  2.73946324E+00  1.47000000E+01
  2.63681697E+00  1.47000000E+01
  2.63341847E+00  1.47000000E+01
  2.53077219E+00  1.47000000E+01
  2.52737369E+00  1.47000000E+01
  2.42472742E+00  1.47000000E+01
  2.42132892E+00  1.47000000E+01
  2.31868264E+00  1.47000000E+01
  2.31528414E+00  1.47000000E+01
  2.21263787E+00  1.47000000E+01
  2.20923936E+00  1.47000000E+01
  2.10659309E+00  1.47000000E+01
  2.10319459E+00  1.47000000E+01
  2.00054831E+00  1.47000000E+01
  1.99714981E+00  1.47000000E+01
  1.89450354E+00  1.47000000E+01
  1.89110504E+00  1.47000000E+01
  1.78845876E+00  1.47000000E+01
  1.78506026E+00  1.47000000E+01
  1.68241399E+00  1.47000000E+01
  1.67901548E+00  1.47000000E+01
  1.57636921E+00  1.47000000E+01
  1.57297071E+00  1.47000000E+01
  1.47032443E+00  1.47000000E+01
  1.46692593E+00  1.47000000E+01
  1.36427966E+00  1.47000000E+01
  1.36088116E+00  1.47000000E+01
  1.25823488E+00  1.47000000E+01
  1.25483638E+00  1.47000000E+01
  1.15219011E+00  1.47000000E+01
  1.14879160E+00  1.47000000E+01
  1.04614533E+00  1.47000000E+01
  1.04274683E+00  1.47000000E+01
  9.40100553E-01  1.47000000E+01
  9.36702051E-01  1.47000000E+01
  8.34055777E-01  1.47000000E+01
  8.30657275E-01  1.47000000E+01
  7.28011001E-01  1.47000000E+01
  7.24612499E-01  1.47000000E+01
  6.21966224E-01  1.47000000E+01
  6.18567722E-01  1.47000000E+01
  5.15921448E-01  1.47000000E+01
  5.12522946E-01  1.47000000E+01
  4.09876672E-01  1.47000000E+01
  4.06478170E-01  1.47000000E+01
  3.03831896E-01  1.47000000E+01
  3.00433394E-01  1.47000000E+01
  3.00000000E-01  1.46959542E+01
  3.00000000E-01  1.46913924E+01
  3.00000000E-01  1.45697104E+01
  3.00000000E-01  1.45651486E+01
  3.00000000E-01  1.44434666E+01
  3.00000000E-01  1.44389048E+01
  3.00000000E-01  1.43172228E+01
  3.00000000E-01  1.43126610E+01
  3.00000000E-01  1.41909790E+01
  3.00000000E-01  1.41864173E+01
  3.00000000E-01  1.40647353E+01
  3.00000000E-01  1.40601735E+01
  3.00000000E-01  1.39384915E+01
  3.00000000E-01  1.39339297E+01
  3.00000000E-01  1.38122477E+01
  3.00000000E-01  1.38076859E+01
  3.00000000E-01  1.36860039E+01
  3.00000000E-01  1.36814421E+01
  3.00000000E-01  1.35597601E+01
  3.00000000E-01  1.35551984E+01
  3.00000000E-01  1.34335164E+01
  3.00000000E-01  1.34289546E+01
  3.00000000E-01  1.33072726E+01
  3.00000000E-01  1.33027108E+01
  3.00000000E-01  1.31810288E+01
  3.00000000E-01  1.31764670E+01
  3.00000000E-01  1.30547850E+01
  3.00000000E-01  1.30502232E+01
  3.00000000E-01  1.29285412E+01
  3.00000000E-01  1.29239794E+01
  3.00000000E-01  1.28022974E+01
  3.00000000E-01  1.27977357E+01
  3.00000000E-01  1.26760537E+01
  3.00000000E-01  1.26714919E+01
  3.00000000E-01  1.25498099E+01
  3.00000000E-01  1.25452481E+01
  3.00000000E-01  1.24235661E+01
  3.00000000E-01  1.24190043E+01
  3.00000000E-01  1.22973223E+01
  3.00000000E-01  1.22927605E+01
  3.00000000E-01  1.21710785E+01
  3.00000000E-01  1.21665168E+01
  3.00000000E-01  1.20448348E+01
  3.00000000E-01  1.20402730E+01
  3.00000000E-01  1.19185910E+01
  3.00000000E-01  1.19140292E+01
  3.00000000E-01  1.17923472E+01
  3.00000000E-01  1.17877854E+01
  3.00000000E-01  1.16661034E+01
  3.00000000E-01  1.16615416E+01
  3.00000000E-01  1.15398596E+01
  3.00000000E-01  1.15352979E+01
  3.00000000E-01  1.14136159E+01
  3.00000000E-01  1.14090541E+01
  3.00000000E-01  1.12873721E+01
  3.00000000E-01  1.12828103E+01
  3.00000000E-01  1.11611283E+01
  3.00000000E-01  1.11565665E+01
  3.00000000E-01  1.10348845E+01
  3.00000000E-01  1.10303227E+01
  3.00000000E-01  1.09086407E+01
  3.00000000E-01  1.09040790E+01
  3.00000000E-01  1.07823970E+01
  3.00000000E-01  1.07778352E+01
  3.00000000E-01  1.06561532E+01
  3.00000000E-01  1.06515914E+01
  3.00000000E-01  1.05299094E+01
  3.00000000E-01  1.05253476E+01
  3.00000000E-01  1.04036656E+01
  3.00000000E-01  1.03991038E+01
  3.00000000E-01  1.02774218E+01
  3.00000000E-01  1.02728600E+01
  3.00000000E-01  1.01511780E+01
  3.00000000E-01  1.01466163E+01
  3.00000000E-01  1.00249343E+01
  3.00000000E-01  1.00203725E+01
  3.00000000E-01  9.89869048E+00
  3.00000000E-01  9.89412870E+00
  3.00000000E-01  9.77244670E+00
  3.00000000E-01  9.76788492E+00
  3.00000000E-01  9.64620292E+00
  3.00000000E-01  9.64164114E+00
  3.00000000E-01  9.51995914E+00
  3.00000000E-01  9.51539736E+00
  3.00000000E-01  9.39371536E+00
  3.00000000E-01  9.38915358E+00
  3.00000000E-01  9.26747158E+00
  3.00000000E-01  9.26290980E+00
  3.00000000E-01  9.14122780E+00
  3.00000000E-01  9.13666602E+00
  3.00000000E-01  9.01498402E+00
  3.00000000E-01  9.01042223E+00
  3.00000000E-01  8.88874023E+00
  3.00000000E-01  8.88417845E+00
  3.00000000E-01  8.76249645E+00
  3.00000000E-01  8.75793467E+00
  3.00000000E-01  8.63625267E+00
  3.00000000E-01  8.63169089E+00
  3.00000000E-01  8.51000889E+00
  3.00000000E-01  8.50544711E+00
  3.00000000E-01  8.38376511E+00
  3.00000000E-01  8.37920333E+00
  3.00000000E-01  8.25752133E+00
  3.00000000E-01  8.25295955E+00
  3.00000000E-01  8.13127755E+00
  3.00000000E-01  8.12671577E+00
  3.00000000E-01  8.00503377E+00
  3.00000000E-01  8.00047199E+00
  3.00000000E-01  7.87878999E+00
  3.00000000E-01  7.87422820E+00
  3.00000000E-01  7.75254620E+00
  3.00000000E-01  7.74798442E+00
  3.00000000E-01  7.62630242E+00
  3.00000000E-01  7.62174064E+00
  3.00000000E-01  7.50005864E+00
  3.00000000E-01  7.49549686E+00
  3.00000000E-01  7.37381486E+00
  3.00000000E-01  7.36925308E+00
  3.00000000E-01  7.24757108E+00
  3.00000000E-01  7.24300930E+00
  3.00000000E-01  7.12132730E+00
  3.00000000E-01  7.11676552E+00
  3.00000000E-01  6.99508352E+00
  3.00000000E-01  6.99052174E+00
  3.00000000E-01  6.86883974E+00
  3.00000000E-01  6.86427796E+00
  3.00000000E-01  6.74259596E+00
  3.00000000E-01  6.73803417E+00
  3.00000000E-01  6.61635217E+00
  3.00000000E-01  6.61179039E+00
  3.00000000E-01  6.49010839E+00
  3.00000000E-01  6.48554661E+00
  3.00000000E-01  6.36386461E+00
  3.00000000E-01  6.35930283E+00
  3.00000000E-01  6.23762083E+00
  3.00000000E-01  6.23305905E+00
  3.00000000E-01  6.11137705E+00
  3.00000000E-01  6.10681527E+00
  3.00000000E-01  5.98513327E+00
  3.00000000E-01  5.98057149E+00
  3.00000000E-01  5.85888949E+00
  3.00000000E-01  5.85432771E+00
  3.00000000E-01  5.73264571E+00
  3.00000000E-01  5.72808393E+00
  3.00000000E-01  5.60640193E+00
  3.00000000E-01  5.60184014E+00
  3.00000000E-01  5.48015814E+00
  3.00000000E-01  5.47559636E+00
  3.00000000E-01  5.35391436E+00
  3.00000000E-01  5.34935258E+00
  3.00000000E-01  5.22767058E+00
  3.00000000E-01  5.22310880E+00
  3.00000000E-01  5.10142680E+00
  3.00000000E-01  5.09686502E+00
  3.00000000E-01  4.97518302E+00
  3.00000000E-01  4.97062124E+00
  3.00000000E-01  4.84893924E+00
  3.00000000E-01  4.84437746E+00
  3.00000000E-01  4.72269546E+00
  3.00000000E-01  4.71813368E+00
  3.00000000E-01  4.59645168E+00
  3.00000000E-01  4.59188990E+00
  3.00000000E-01  4.47020790E+00
  3.00000000E-01  4.46564611E+00
  3.00000000E-01  4.34396411E+00
  3.00000000E-01  4.33940233E+00
  3.00000000E-01  4.21772033E+00
  3.00000000E-01  4.21315855E+00
  3.00000000E-01  4.09147655E+00
  3.00000000E-01  4.08691477E+00
  3.00000000E-01  3.96523277E+00
  3.00000000E-01  3.96067099E+00
  3.00000000E-01  3.83898899E+00
  3.00000000E-01  3.83442721E+00
  3.00000000E-01  3.71274521E+00
  3.00000000E-01  3.70818343E+00
  3.00000000E-01  3.58650143E+00
  3.00000000E-01  3.58193965E+00
  3.00000000E-01  3.46025765E+00
  3.00000000E-01  3.45569587E+00
  3.00000000E-01  3.33401387E+00
  3.00000000E-01  3.32945208E+00
  3.00000000E-01  3.20777008E+00
  3.00000000E-01  3.20320830E+00
  3.00000000E-01  3.08152630E+00
  3.00000000E-01  3.07696452E+00
  3.00000000E-01  2.95528252E+00
  3.00000000E-01  2.95072074E+00
  3.00000000E-01  2.82903874E+00
  3.00000000E-01  2.82447696E+00
  3.00000000E-01  2.70279496E+00
  3.00000000E-01  2.69823318E+00
  3.00000000E-01  2.57655118E+00
  3.00000000E-01  2.57198940E+00
  3.00000000E-01  2.45030740E+00
  3.00000000E-01  2.44574562E+00
  3.00000000E-01  2.32406362E+00
  3.00000000E-01  2.31950184E+00
  3.00000000E-01  2.19781984E+00
  3.00000000E-01  2.19325805E+00
  3.00000000E-01  2.07157605E+00
  3.00000000E-01  2.06701427E+00
  3.00000000E-01  1.94533227E+00
  3.00000000E-01  1.94077049E+00
  3.00000000E-01  1.81908849E+00
  3.00000000E-01  1.81452671E+00
  3.00000000E-01  1.69284471E+00
  3.00000000E-01  1.68828293E+00
  3.00000000E-01  1.56660093E+00
  3.00000000E-01  1.56203915E+00
  3.00000000E-01  1.44035715E+00
  3.00000000E-01  1.43579537E+00
  3.00000000E-01  1.31411337E+00
  3.00000000E-01  1.30955159E+00
  3.00000000E-01  1.18786959E+00
  3.00000000E-01  1.18330781E+00
  3.00000000E-01  1.06162581E+00
  3.00000000E-01  1.05706403E+00
  3.00000000E-01  9.35382025E-01
  3.00000000E-01  9.30820244E-01
  3.00000000E-01  8.09138244E-01
  3.00000000E-01  8.04576463E-01
  3.00000000E-01  6.82894463E-01
  3.00000000E-01  6.78332682E-01
  3.00000000E-01  5.56650682E-01
  3.00000000E-01  5.52088901E-01
  3.00000000E-01  4.30406901E-01
  3.00000000E-01  4.25845120E-01
  3.00000000E-01  3.04163120E-01

w:300/ x(   0.2500000E+01) y(   0.1700000E+02) ix(2) iy(2) s(   0.7000E+00)

hb:   line clip z   cb(yellowgreen)
clip:
  2.25594682E+00  1.50000000E+01
  2.74286175E+00  1.50000000E+01
  2.75000000E+00  1.50661876E+01
  2.75000000E+00  1.50746855E+01
  2.75000000E+00  1.50831834E+01
  2.75000000E+00  1.52009293E+01
  2.75000000E+00  1.52094272E+01
  2.75000000E+00  1.53271731E+01
  2.75000000E+00  1.53356710E+01
  2.75000000E+00  1.54534169E+01
  2.75000000E+00  1.54619148E+01
  2.75000000E+00  1.55796606E+01
  2.75000000E+00  1.55881586E+01
  2.75000000E+00  1.57059044E+01
  2.75000000E+00  1.57144023E+01
  2.75000000E+00  1.58321482E+01
  2.75000000E+00  1.58406461E+01
  2.75000000E+00  1.59583920E+01
  2.75000000E+00  1.59668899E+01
  2.75000000E+00  1.60846358E+01
  2.75000000E+00  1.60931337E+01
  2.75000000E+00  1.62108795E+01
  2.75000000E+00  1.62193775E+01
  2.75000000E+00  1.63371233E+01
  2.75000000E+00  1.63456212E+01
  2.75000000E+00  1.64633671E+01
  2.75000000E+00  1.64718650E+01
  2.75000000E+00  1.65896109E+01
  2.75000000E+00  1.65981088E+01
  2.75000000E+00  1.67158547E+01
  2.75000000E+00  1.67243526E+01
  2.75000000E+00  1.68420984E+01
  2.75000000E+00  1.68505964E+01
  2.75000000E+00  1.69683422E+01
  2.75000000E+00  1.69768401E+01
  2.75000000E+00  1.70945860E+01
  2.75000000E+00  1.71030839E+01
  2.75000000E+00  1.72208298E+01
  2.75000000E+00  1.72293277E+01
  2.75000000E+00  1.73470736E+01
  2.75000000E+00  1.73555715E+01
  2.75000000E+00  1.74733173E+01
  2.75000000E+00  1.74818153E+01
  2.75000000E+00  1.75995611E+01
  2.75000000E+00  1.76080590E+01
  2.75000000E+00  1.77258049E+01
  2.75000000E+00  1.77343028E+01
  2.75000000E+00  1.78520487E+01
  2.75000000E+00  1.78605466E+01
  2.75000000E+00  1.79782925E+01
  2.75000000E+00  1.79867904E+01
  2.75000000E+00  1.81045363E+01
  2.75000000E+00  1.81130342E+01
  2.75000000E+00  1.82307800E+01
  2.75000000E+00  1.82392780E+01
  2.75000000E+00  1.83570238E+01
  2.75000000E+00  1.83655217E+01
  2.75000000E+00  1.84832676E+01
  2.75000000E+00  1.84917655E+01
  2.75000000E+00  1.86095114E+01
  2.75000000E+00  1.86180093E+01
  2.75000000E+00  1.87357552E+01
  2.75000000E+00  1.87442531E+01
  2.75000000E+00  1.88619989E+01
  2.75000000E+00  1.88704969E+01
  2.75000000E+00  1.89882427E+01
  2.75000000E+00  1.89967406E+01
  2.74286175E+00  1.90000000E+01
  2.73298563E+00  1.90000000E+01
  2.63681697E+00  1.90000000E+01
  2.62694086E+00  1.90000000E+01
  2.53077219E+00  1.90000000E+01
  2.52089608E+00  1.90000000E+01
  2.42472742E+00  1.90000000E+01
  2.41485130E+00  1.90000000E+01
  2.31868264E+00  1.90000000E+01
  2.30880653E+00  1.90000000E+01
  2.25000000E+00  1.89882427E+01
  2.25000000E+00  1.89064777E+01
  2.25000000E+00  1.88619989E+01
  2.25000000E+00  1.87802339E+01
  2.25000000E+00  1.87357552E+01
  2.25000000E+00  1.86539901E+01
  2.25000000E+00  1.86095114E+01
  2.25000000E+00  1.85277463E+01
  2.25000000E+00  1.84832676E+01
  2.25000000E+00  1.84015025E+01
  2.25000000E+00  1.83570238E+01
  2.25000000E+00  1.82752588E+01
  2.25000000E+00  1.82307800E+01
  2.25000000E+00  1.81490150E+01
  2.25000000E+00  1.81045363E+01
  2.25000000E+00  1.80227712E+01
  2.25000000E+00  1.79782925E+01
  2.25000000E+00  1.78965274E+01
  2.25000000E+00  1.78520487E+01
  2.25000000E+00  1.77702836E+01
  2.25000000E+00  1.77258049E+01
  2.25000000E+00  1.76440399E+01
  2.25000000E+00  1.75995611E+01
  2.25000000E+00  1.75177961E+01
  2.25000000E+00  1.74733173E+01
  2.25000000E+00  1.73915523E+01
  2.25000000E+00  1.73470736E+01
  2.25000000E+00  1.72653085E+01
  2.25000000E+00  1.72208298E+01
  2.25000000E+00  1.71390647E+01
  2.25000000E+00  1.70945860E+01
  2.25000000E+00  1.70128210E+01
  2.25000000E+00  1.69683422E+01
  2.25000000E+00  1.68865772E+01
  2.25000000E+00  1.68420984E+01
  2.25000000E+00  1.67603334E+01
  2.25000000E+00  1.67158547E+01
  2.25000000E+00  1.66340896E+01
  2.25000000E+00  1.65896109E+01
  2.25000000E+00  1.65078458E+01
  2.25000000E+00  1.64633671E+01
  2.25000000E+00  1.63816020E+01
  2.25000000E+00  1.63371233E+01
  2.25000000E+00  1.62553583E+01
  2.25000000E+00  1.62108795E+01
  2.25000000E+00  1.61291145E+01
  2.25000000E+00  1.60846358E+01
  2.25000000E+00  1.60028707E+01
  2.25000000E+00  1.59583920E+01
  2.25000000E+00  1.58766269E+01
  2.25000000E+00  1.58321482E+01
  2.25000000E+00  1.57503831E+01
  2.25000000E+00  1.57059044E+01
  2.25000000E+00  1.56241394E+01
  2.25000000E+00  1.55796606E+01
  2.25000000E+00  1.54978956E+01
  2.25000000E+00  1.54534169E+01
  2.25000000E+00  1.53716518E+01
  2.25000000E+00  1.53271731E+01
  2.25000000E+00  1.52454080E+01
  2.25000000E+00  1.52009293E+01
  2.25000000E+00  1.51191642E+01
  2.25000000E+00  1.50746855E+01

wt: s[c5]
\vspace{-3}
  emin  &=&   0.0000E+00 [MeV]
  emax  &=&   1.0000E+03 [MeV]
  ymin  &=&   0.0000E+00 [cm]
  ymax  &=&   5.0000E+00 [cm]
  part. &=& all     
e:
 
# Information for Restart Calculation
# This calculation was newly started
# istdev =  2 # 1:Batch variance, 2:History variance
# resc2  = 0.00000000000000000E+00 # Total source weight or Total source weight / maxcas
# resc3  = 0.00000000000000000E+00 # Total history number or Total batch number
# maxcas =          50 # History / Batch, only used for istdev=1
# bitrseed = 0000000000000000000000000000000000000000000000000000000000000000 # bit data of rseed
