           _________________________________________________________
          |                                                         |
          |       _/_/_/_/                                          |
          |      _/      _/                  _/_/_/_/_/_/           |
          |     _/      _/  _/      _/   _/      _/      _/_/_/_/_/ |
          |    _/_/_/_/    _/      _/   _/      _/      _/          |
          |   _/          _/_/_/_/_/   _/      _/       _/_/_/_/    |
          |  _/          _/      _/   _/      _/              _/    |
          | _/          _/      _/   _/      _/      _/_/_/_/_/     |
          |                                                         |
          |                                                         |
          |       Particle and Heavy Ion Transport code System      |
          |                      Version =  2.300                   |
          |                         made by                         |
          |                                                         |
          |                       Koji NIITA,                       |
          |           Research Organization for Information         |
          |                    Science & Technology                 |
          |                                                         |
          |           Norihiro MATSUDA, Shintaro HASHIMOTO,         |
          |              Yosuke IWAMOTO, Tatsuhiko SATO,            |
          |             Hiroshi NAKASHIMA, Yukio SAKAMOTO,          |
          |               Tokio FUKAHORI, Satoshi CHIBA,            |
          |                 Japan Atomic Energy Agency              |
          |                                                         |
          |                      Hiroshi IWASE,                     |
          |                           KEK                           |
          |                                                         |
          |                           and                           |
          |                                                         |
          |                      Lembit SIHVER,                     |
          |             Chalmers University of Technology           |
          |                                                         |
          |                 Last Revised  2011-08-11                |
          |_________________________________________________________|

             _________________ [ Job Title ] ________________ 
            |                                                |
            |  example 009        -Bragg Peak- sample input  |
            |________________________________________________|

                        Starting Date = 2011-08-17
                        Starting Time = 11h 07m 13

>>> Input Echo >>>=============================================================

[ T i t l e ]
example 009        -Bragg Peak- sample input

[ P a r a m e t e r s ]
 icntl    =           0     # (D=0) 3:ECH 5:NOR 6:SRC 7,8:GSH 11:DSH 12:DUMP
 nwsors   =           1     # (D=0) # of source written in output
 maxcas   =         200     # (D=10) number of particles per one batch
 maxbch   =           1     # (D=10) number of batches
 esmin    = 1.000000000E-06 # (D=0.001) min energy for charged particle range 
 emin(1)  = 1.000000000E-03 # (D=1.0) cut-off energy of proton (MeV)
 emin(2)  =  1.00000000     # (D=1.0) cut-off energy of neutron (MeV)
 emin(15) = 1.000000000E-06 # (D=1.d9) cut-off energy of deuteron (MeV)
 emin(16) = 1.000000000E-06 # (D=1.d9) cut-off energy of triton (MeV)
 emin(17) = 1.000000000E-06 # (D=1.d9) cut-off energy of 3He (MeV)
 emin(18) = 1.000000000E-06 # (D=1.d9) cut-off energy of Alpha (MeV)
 emin(19) = 1.000000000E-06 # (D=1.d9) cut-off energy of Nucleus (MeV)
 nedisp   =           1     # (D=0) 0: no, 1: with e straggling, 10: ATIMA
 nspred   =           2     # (D=0) 0:no, 1:orig. 2:first Moliere, 10: ATIMA
 itstep   =           1     # (D=0) 0: no, 1: tally by a step in mag and strg
 itall    =           1     # (D=0) 0:no tally at batch, 1:same, 2:different
 file(6)  = phits.out       # (D=phits.out) general output file name

[ S o u r c e ]
  totfact =   1.0000        # (D=1.0) global factor
   s-type =   1             # mono-energetic axial source
     proj =  12C            # kind of incident nucleus          
       e0 =   290.00        # energy of beam [MeV/u]
       r0 =   2.5000        # radius [cm]
       x0 =   0.0000        # (D=0.0) center position of x-axis [cm]
       y0 =   0.0000        # (D=0.0) center position of y-axis [cm]
       z0 =  -10.000        # minimum position of z-axis [cm]
       z1 =  -10.000        # maximum position of z-axis [cm]
      dir =   1.0000        # z-direction of beam [cosine]

[ M a t e r i a l ]
MAT[ 1 ] 
           1H         2.0000000E+00
          16O         1.0000000E+00

[ C e l l ]
 10         1 -1.0000000E+00  6001 -6002 -8001 
 11         1 -1.0000000E+00  6001 -6002 8001 -8010 
 100        1 -1.0000000E+00  6000 -6001 -8010 
 101        1 -1.0000000E+00  6002 -6050 -8010 
 200        0                 5020 -6060 -8040
                              #( 6000 -6050 -8010 ) 
 999       -1                 -5020 : 6060 : 8040 

[ S u r f a c e ]
 5020         pz    -2.0000000E+01
 6000         pz     0.0000000E+00
 6001         pz     1.0000000E+01
 6002         pz     1.1000000E+01
 6050         pz     5.0000000E+01
 6060         pz     6.0000000E+01
 8001         cz     1.5000000E+00
 8010         cz     1.0000000E+01
 8040         cz     4.0000000E+01

[ Mat Name Color ]
   mat     name     size          color   # HSB color value
     0     void     1.00      lightgray   # { -0.800  1.000  1.000 }
     1    Water     1.00     pastelcyan   # {  0.400  0.400  1.000 }

[ T - C r o s s ]
    title = [t-cross] in region mesh
     mesh =  reg            # mesh type is region-wise
      reg =    2            # number of crossing regions
      non     r-in    r-out      area
        1     100     10       7.068583    
        2     10      100      7.068583    
     unit =    1            # unit is [1/cm^2/source]
     axis =  reg            # axis of output
     file = fluence_omni.dat  # file name of output for the above axis
   output = o-curr          # surface crossing omni current
     part =  neutron  
# kf/name :  2112     
   epsout =    1            # (D=0) generate eps file by ANGEL
#    used :        main (  %)        temp (  %)       total (  %)
#  memory :          26 (  0)           7 (  0)          33 (  0)

[ T - C r o s s ]
    title = [t-cross] in r-z mesh
     mesh =  r-z            # mesh type is r-z scoring mesh
       x0 =   0.000000      # center x-position of r-z mesh
       y0 =   0.000000      # center y-position of r-z mesh
   r-type =    1            # r-mesh is given by the below data
       nr =    1            # number of r-mesh points
#    data = ( r(i), i = 1, nr + 1 )
            0.00000E+00  1.50000E+00
   z-type =    1            # z-mesh is given by the below data
       nz =    1            # number of z-mesh points
#    data = ( z(i), i = 1, nz + 1 )
            1.00000E+01  1.10000E+01
     unit =    1            # unit is [1/cm^2/source]
     axis =    z            # axis of output
     file = fluence_forw.dat  # file name of output for the above axis
   output = of-curr         # surface crossing omni forward current
     part =  neutron  
# kf/name :  2112     
#    used :        main (  %)        temp (  %)       total (  %)
#  memory :          18 (  0)          11 (  0)          29 (  0)

[ T - C r o s s ]
    title = [t-cross] in r-z mesh
     mesh =  r-z            # mesh type is r-z scoring mesh
       x0 =   0.000000      # center x-position of r-z mesh
       y0 =   0.000000      # center y-position of r-z mesh
   r-type =    1            # r-mesh is given by the below data
       nr =    1            # number of r-mesh points
#    data = ( r(i), i = 1, nr + 1 )
            0.00000E+00  1.50000E+00
   z-type =    1            # z-mesh is given by the below data
       nz =    1            # number of z-mesh points
#    data = ( z(i), i = 1, nz + 1 )
            1.00000E+01  1.10000E+01
     unit =    1            # unit is [1/cm^2/source]
     axis =    z            # axis of output
     file = fluence_back.dat  # file name of output for the above axis
   output = ob-curr         # surface crossing omni backward current
     part =  neutron  
# kf/name :  2112     
#    used :        main (  %)        temp (  %)       total (  %)
#  memory :          18 (  0)          11 (  0)          29 (  0)

[END] of Input Echo <<<========================================================

<<< Report of real Geometry memory >>>
*           GG/CG memory =      232
*     total memory: mdas = 20000000
*                percent =     0.00 %

<<< Report of material memory for high energy>>>
*   high energy material =     4503
*     total memory: mdas = 20000000
*                percent =     0.02 %

<<< Report of real tally memory >>>
*      real tally memory =       62
*     total memory: mdas = 20000000
*                percent =     0.00 %

<<< Report of bank memory >>>
*            bank memory =   347500
*     total memory: mdas = 20000000
*                percent =     1.74 %

<<< Report of other memory >>>
*           other memory =      985
*     total memory: mdas = 20000000
*                percent =     0.00 %

<<< Report of total memory >>>
*      used total memory =   353282
*     total memory: mdas = 20000000
*                percent =     1.77 %
*                ---------------------

***** source information upto   1 histories *****
  no ityp    reg  mat    energy      x           y           z           u           v           w           wt
   1   19    200    0  3.4800E+03 -2.1514E+00 -1.5341E-01 -1.0000E+01  0.0000E+00  0.0000E+00  1.0000E+00  1.0000E+00

-------------------------------------------------------------------------------
bat[       1] ncas =            200. : rijk    =   6647299061401.
       low neutron =             69. : ncall/s =  7.143810000E+03
          cpu time =  10.484 s.

===============================================================================

 Summary for the end of job

-------------------------------------------------------------------------------
 number of analyz call vs ncol
-------------------------------------------------------------------------------
     ncol          number
        1              1.   : start of calculation            
        2              1.   : end of calculation              
        3              1.   : end of a batch                  
        4            200.   : source                          
        5              0.   : detection of geometry error     
        6              0.   : recovery of geometry error      
        7              0.   : termination by geometry error   
        8              0.   : termination by weight cut-off   
        9              0.   : termination by time cut-off     
       10           2366.   : geometry boundary crossing      
       11           1959.   : termination by energy cut-off   
       12            647.   : termination by escape or leakage
       13            215.   : reaction : (n,x) type           
       14            702.   : reaction : (n,n'x) type         
       15           7596.   : sequential transport for tally  

-------------------------------------------------------------------------------
 Region-wise total number of collisions for High energy and HI per source
-------------------------------------------------------------------------------
 Region    Hydrogen       Decay     Elastic   Non-Elast   Heavy Ion    Hi-Total
     10  1.0000E-02  0.0000E+00  5.0000E-03  2.0000E-02  1.5000E-02  5.0000E-02
     11  4.0000E-02  0.0000E+00  6.0000E-02  3.5000E-02  0.0000E+00  1.3500E-01
    100  1.8500E-01  0.0000E+00  3.0000E-01  8.4000E-01  5.0000E-01  1.8250E+00
    101  5.4000E-01  0.0000E+00  1.0200E+00  1.5300E+00  4.7000E-01  3.5600E+00
  Total  7.7500E-01  0.0000E+00  1.3850E+00  2.4250E+00  9.8500E-01  5.5700E+00

-------------------------------------------------------------------------------
 Medium-wise total number of collisions for High energy and HI per source
-------------------------------------------------------------------------------
 Medium    Hydrogen       Decay     Elastic   Non-Elast   Heavy Ion    Hi-Total
      1  7.7500E-01  0.0000E+00  1.3850E+00  2.4250E+00  9.8500E-01  5.5700E+00
  Total  7.7500E-01  0.0000E+00  1.3850E+00  2.4250E+00  9.8500E-01  5.5700E+00

-------------------------------------------------------------------------------
 List of transport particles
-------------------------------------------------------------------------------
     Name      kf-code        mass       charge   baryon
     proton       2212        938.3         1       1
     neutron      2112        939.6         0       1
     deuteron  1000002       1875.6         1       2
     triton    1000003       2808.9         1       3
     3he       2000003       2808.4         2       3
     alpha     2000004       3727.4         2       4

-------------------------------------------------------------------------------
 prod. particles       number        weight        weight per source
-------------------------------------------------------------------------------
     neutron            1228.     1.2280000E+03     6.1400000E+00
     proton             1012.     1.0120000E+03     5.0600000E+00
     alpha               328.     3.2800000E+02     1.6400000E+00
     deuteron             76.     7.6000000E+01     3.8000000E-01
     3he                  31.     3.1000000E+01     1.5500000E-01
     triton               26.     2.6000000E+01     1.3000000E-01

-------------------------------------------------------------------------------
 stop. particles.    number        weight        weight per source
-------------------------------------------------------------------------------
     proton              817.     8.1700000E+02     4.0850000E+00
     nucleus             761.     7.6100000E+02     3.8050000E+00
     alpha               284.     2.8400000E+02     1.4200000E+00
     neutron              69.     6.9000000E+01     3.4500000E-01
     deuteron             56.     5.6000000E+01     2.8000000E-01
     3he                  28.     2.8000000E+01     1.4000000E-01
     triton               13.     1.3000000E+01     6.5000000E-02

-------------------------------------------------------------------------------
 leak. particles       number        weight        weight per source
-------------------------------------------------------------------------------
     neutron             567.     5.6700000E+02     2.8350000E+00
     proton               67.     6.7000000E+01     3.3500000E-01
     deuteron              8.     8.0000000E+00     4.0000000E-02
     triton                4.     4.0000000E+00     2.0000000E-02
     3he                   1.     1.0000000E+00     5.0000000E-03

-------------------------------------------------------------------------------
 source: maxcas    maxbch      irskip   average weight          total source
-------------------------------------------------------------------------------
         200           1           0    1.0000000E+00    2.0000000000000E+02

-------------------------------------------------------------------------------
 CG error summary
-------------------------------------------------------------------------------
 Number of lost part in CG    =     0 / nlost =       10
 Number of CG region errors   =     0
 Number of unrecovered errors =     0

-------------------------------------------------------------------------------
 next initial random number =  96574767179961.0

-------------------------------------------------------------------------------
 job termination date : 2011/08/17
                 time :   11:07:24

-------------------------------------------------------------------------------
    CPU Summary
-------------------------------------------------------------------------------

                         sec          %             count
total cpu time =        10.66       100.00

      set data =         0.00         0.00
     transport =         0.00         0.00
      analysis =         0.00         0.00          13687.
         nevap =         0.00         0.00            896.
         nreac =         0.00         0.00            923.

         other =         0.00         0.00
         hydro =         0.00         0.00            155.
         dklos =         0.00         0.00              0.
         elast =         0.00         0.00            277.
         ncasc =         0.00         0.00           2179.
        n-data =         0.00         0.00              0.
        p-data =         0.00         0.00              0.
        e-data =         0.00         0.00              0.
        h-data =         0.00         0.00              0.

         berti =         0.00         0.00           1756.
         isoba =         0.00         0.00              0.
         JAM   =         0.00         0.00            177.
         QMD   =         0.00         0.00            246.
         INCL  =         0.00         0.00              0.

   === incident particle into bert =====

        proton =                     39.64            696.
       neutron =                     60.36           1060.
     -----------------------------------------------------
          total                                      1756.
           real                                       330.

   === incident particle into JAM =====

        proton =                    100.00            177.
     -----------------------------------------------------
          total                                       177.
           real                                        20.

   === incident particle into QMD =====

      deuteron =                      4.47             11.
        triton =                      2.44              6.
           3He =                      0.41              1.
         Alpha =                     28.86             71.
       Nucleus =                     63.82            157.
     -----------------------------------------------------
          total                                       246.
           real                                       137.

 END 
