[ T-Track ]
    title = Track Detection using [T-track] tally
     mesh =  xyz            # mesh type is xyz scoring mesh
   x-type =    2            # x-mesh is linear given by xmin, xmax and nx
     xmin =  -25.00000      # minimum value of x-mesh points
     xmax =   25.00000      # maximum value of x-mesh points
#    xdel =  0.5000000      # mesh width of x-mesh points
       nx =    100          # number of x-mesh points
#    data = ( x(i), i = 1, nx + 1 )
#          -2.50000E+01 -2.45000E+01 -2.40000E+01 -2.35000E+01 -2.30000E+01
#          -2.25000E+01 -2.20000E+01 -2.15000E+01 -2.10000E+01 -2.05000E+01
#          -2.00000E+01 -1.95000E+01 -1.90000E+01 -1.85000E+01 -1.80000E+01
#          -1.75000E+01 -1.70000E+01 -1.65000E+01 -1.60000E+01 -1.55000E+01
#          -1.50000E+01 -1.45000E+01 -1.40000E+01 -1.35000E+01 -1.30000E+01
#          -1.25000E+01 -1.20000E+01 -1.15000E+01 -1.10000E+01 -1.05000E+01
#          -1.00000E+01 -9.50000E+00 -9.00000E+00 -8.50000E+00 -8.00000E+00
#          -7.50000E+00 -7.00000E+00 -6.50000E+00 -6.00000E+00 -5.50000E+00
#          -5.00000E+00 -4.50000E+00 -4.00000E+00 -3.50000E+00 -3.00000E+00
#          -2.50000E+00 -2.00000E+00 -1.50000E+00 -1.00000E+00 -5.00000E-01
#           0.00000E+00  5.00000E-01  1.00000E+00  1.50000E+00  2.00000E+00
#           2.50000E+00  3.00000E+00  3.50000E+00  4.00000E+00  4.50000E+00
#           5.00000E+00  5.50000E+00  6.00000E+00  6.50000E+00  7.00000E+00
#           7.50000E+00  8.00000E+00  8.50000E+00  9.00000E+00  9.50000E+00
#           1.00000E+01  1.05000E+01  1.10000E+01  1.15000E+01  1.20000E+01
#           1.25000E+01  1.30000E+01  1.35000E+01  1.40000E+01  1.45000E+01
#           1.50000E+01  1.55000E+01  1.60000E+01  1.65000E+01  1.70000E+01
#           1.75000E+01  1.80000E+01  1.85000E+01  1.90000E+01  1.95000E+01
#           2.00000E+01  2.05000E+01  2.10000E+01  2.15000E+01  2.20000E+01
#           2.25000E+01  2.30000E+01  2.35000E+01  2.40000E+01  2.45000E+01
#           2.50000E+01
   y-type =    1            # y-mesh is given by the below data
       ny =      1          # number of y-mesh points
#    data = ( y(i), i = 1, ny + 1 )
           -5.00000E+00  5.00000E+00
   z-type =    2            # z-mesh is linear given by zmin, zmax and nz
     zmin =  -20.00000      # minimum value of z-mesh points
     zmax =   80.00000      # maximum value of z-mesh points
#    zdel =  0.5000000      # mesh width of z-mesh points
       nz =    200          # number of z-mesh points
#    data = ( z(i), i = 1, nz + 1 )
#          -2.00000E+01 -1.95000E+01 -1.90000E+01 -1.85000E+01 -1.80000E+01
#          -1.75000E+01 -1.70000E+01 -1.65000E+01 -1.60000E+01 -1.55000E+01
#          -1.50000E+01 -1.45000E+01 -1.40000E+01 -1.35000E+01 -1.30000E+01
#          -1.25000E+01 -1.20000E+01 -1.15000E+01 -1.10000E+01 -1.05000E+01
#          -1.00000E+01 -9.50000E+00 -9.00000E+00 -8.50000E+00 -8.00000E+00
#          -7.50000E+00 -7.00000E+00 -6.50000E+00 -6.00000E+00 -5.50000E+00
#          -5.00000E+00 -4.50000E+00 -4.00000E+00 -3.50000E+00 -3.00000E+00
#          -2.50000E+00 -2.00000E+00 -1.50000E+00 -1.00000E+00 -5.00000E-01
#           0.00000E+00  5.00000E-01  1.00000E+00  1.50000E+00  2.00000E+00
#           2.50000E+00  3.00000E+00  3.50000E+00  4.00000E+00  4.50000E+00
#           5.00000E+00  5.50000E+00  6.00000E+00  6.50000E+00  7.00000E+00
#           7.50000E+00  8.00000E+00  8.50000E+00  9.00000E+00  9.50000E+00
#           1.00000E+01  1.05000E+01  1.10000E+01  1.15000E+01  1.20000E+01
#           1.25000E+01  1.30000E+01  1.35000E+01  1.40000E+01  1.45000E+01
#           1.50000E+01  1.55000E+01  1.60000E+01  1.65000E+01  1.70000E+01
#           1.75000E+01  1.80000E+01  1.85000E+01  1.90000E+01  1.95000E+01
#           2.00000E+01  2.05000E+01  2.10000E+01  2.15000E+01  2.20000E+01
#           2.25000E+01  2.30000E+01  2.35000E+01  2.40000E+01  2.45000E+01
#           2.50000E+01  2.55000E+01  2.60000E+01  2.65000E+01  2.70000E+01
#           2.75000E+01  2.80000E+01  2.85000E+01  2.90000E+01  2.95000E+01
#           3.00000E+01  3.05000E+01  3.10000E+01  3.15000E+01  3.20000E+01
#           3.25000E+01  3.30000E+01  3.35000E+01  3.40000E+01  3.45000E+01
#           3.50000E+01  3.55000E+01  3.60000E+01  3.65000E+01  3.70000E+01
#           3.75000E+01  3.80000E+01  3.85000E+01  3.90000E+01  3.95000E+01
#           4.00000E+01  4.05000E+01  4.10000E+01  4.15000E+01  4.20000E+01
#           4.25000E+01  4.30000E+01  4.35000E+01  4.40000E+01  4.45000E+01
#           4.50000E+01  4.55000E+01  4.60000E+01  4.65000E+01  4.70000E+01
#           4.75000E+01  4.80000E+01  4.85000E+01  4.90000E+01  4.95000E+01
#           5.00000E+01  5.05000E+01  5.10000E+01  5.15000E+01  5.20000E+01
#           5.25000E+01  5.30000E+01  5.35000E+01  5.40000E+01  5.45000E+01
#           5.50000E+01  5.55000E+01  5.60000E+01  5.65000E+01  5.70000E+01
#           5.75000E+01  5.80000E+01  5.85000E+01  5.90000E+01  5.95000E+01
#           6.00000E+01  6.05000E+01  6.10000E+01  6.15000E+01  6.20000E+01
#           6.25000E+01  6.30000E+01  6.35000E+01  6.40000E+01  6.45000E+01
#           6.50000E+01  6.55000E+01  6.60000E+01  6.65000E+01  6.70000E+01
#           6.75000E+01  6.80000E+01  6.85000E+01  6.90000E+01  6.95000E+01
#           7.00000E+01  7.05000E+01  7.10000E+01  7.15000E+01  7.20000E+01
#           7.25000E+01  7.30000E+01  7.35000E+01  7.40000E+01  7.45000E+01
#           7.50000E+01  7.55000E+01  7.60000E+01  7.65000E+01  7.70000E+01
#           7.75000E+01  7.80000E+01  7.85000E+01  7.90000E+01  7.95000E+01
#           8.00000E+01
   e-type =    1            # e-mesh is given by the below data
       ne =      1          # number of e-mesh points
#    data = ( e(i), i = 1, ne + 1 )
            0.00000E+00  5.00000E+03
     unit =    1            # unit is [1/cm^2/source]
 material =  all            # (D=all) number of specific material
  2D-type =    3            # 1:Cont, 2:Clust, 3:Color, 4:xyz, 5:mat, 6:Clust+Cont, 7:Col+Cont
     axis =      xz            # axis of output
     file = track_xz.out    # file name of output for the above axis
     part =  all      
# kf/name :  0        
    gshow =    3            # 0: no 1:bnd, 2:bnd+mat, 3:bnd+reg 4:bnd+lat 5:bmp style
    resol =    1            # (D=1) resolution of gshow or rshow
    width = 0.5000000       # (D=0.5) width of lines for gshow or rshow
   epsout =    1            # (D=0) generate eps file by ANGEL
#    used :        main (  %)        temp (  %)       total (  %)
#  memory :         310 (  0)           0 (  0)         310 (  0)

#------------------------------------------------------------------------------
#newpage:
#   no. =  1   ie  =  1   iy  =  1   part. = all     
#   e = (   0.0000E+00  -   5.0000E+03  )
#   y = (  -5.0000E+00  -   5.0000E+00  )

'no. =  1,  ie =  1,  iy =  1'
msuc: {\huge Track Detection using [T-track] tally}
msdr: {\it plotted by \ANGEL \version}
msdl: {\it calculated by \PHITS  3.25}

x: z [cm]
y: x [cm]
set: c1[ 0.500] c2[ 1.273] c5[ 0.800] c6[ 0.785] c7[ 0.000] c8[ 0.400]
p: h2fs form[c1] xfac[c2] afac[c5] scal[c6] xorg[c7] yorg[c8] nosp
p: xmin( -20.00000    ) xmax(  80.00000    )
p: ymin( -25.00000    ) ymax(  25.00000    )
#  nx = 100   nz = 200
# ( ( data(z,x), z = 1, nz ), x = nx, 1, -1 )

#------------------------------------------------------------------------------
# gshow
#------------------------------------------------------------------------------

p: legs[c5*0.875]

w:110/ x(   0.3000000E+02) y(   0.2345679E-07) ix(2) iy(2) s(   0.7000E+00)

h: x ny1,0  y2=[y1](Void),ic[lightgray]
 -1.000000E+00 -1.000000E+00

hb:   line clip z   cb(lightgray)
frame:
 -2.0000000E+01 -2.5000000E+01
  8.0000000E+01 -2.5000000E+01
  8.0000000E+01  2.5000000E+01
 -2.0000000E+01  2.5000000E+01
clip:
 -2.049751E+01 -2.549505E+01
  8.049751E+01 -2.549505E+01
  8.049751E+01 -2.498515E+01
  8.049751E+01 -2.447525E+01
  8.049751E+01 -2.396535E+01
  8.049751E+01 -2.345545E+01
  8.049751E+01 -2.294554E+01
  8.049751E+01 -2.243564E+01
  8.049751E+01 -2.192574E+01
  8.049751E+01 -2.141584E+01
  8.049751E+01 -2.090594E+01
  8.049751E+01 -2.039604E+01
  8.049751E+01 -1.988614E+01
  8.049751E+01 -1.937624E+01
  8.049751E+01 -1.886634E+01
  8.049751E+01 -1.835644E+01
  8.049751E+01 -1.784653E+01
  8.049751E+01 -1.733663E+01
  8.049751E+01 -1.682673E+01
  8.049751E+01 -1.631683E+01
  8.049751E+01 -1.580693E+01
  8.049751E+01 -1.529703E+01
  8.049751E+01 -1.478713E+01
  8.049751E+01 -1.427723E+01
  8.049751E+01 -1.376733E+01
  8.049751E+01 -1.325743E+01
  8.049751E+01 -1.274752E+01
  8.049751E+01 -1.223762E+01
  8.049751E+01 -1.172772E+01
  8.049751E+01 -1.121782E+01
  8.049751E+01 -1.070792E+01
  8.049751E+01 -1.019802E+01
  8.049751E+01 -9.688119E+00
  8.049751E+01 -9.178218E+00
  8.049751E+01 -8.668317E+00
  8.049751E+01 -8.158416E+00
  8.049751E+01 -7.648515E+00
  8.049751E+01 -7.138614E+00
  8.049751E+01 -6.628713E+00
  8.049751E+01 -6.118812E+00
  8.049751E+01 -5.608911E+00
  8.049751E+01 -5.099010E+00
  8.049751E+01 -4.589109E+00
  8.049751E+01 -4.079208E+00
  8.049751E+01 -3.569307E+00
  8.049751E+01 -3.059406E+00
  8.049751E+01 -2.549505E+00
  8.049751E+01 -2.039604E+00
  8.049751E+01 -1.529703E+00
  8.049751E+01 -1.019802E+00
  8.049751E+01 -5.099010E-01
  8.049751E+01  2.345679E-08
  8.049751E+01  5.099010E-01
  8.049751E+01  1.019802E+00
  8.049751E+01  1.529703E+00
  8.049751E+01  2.039604E+00
  8.049751E+01  2.549505E+00
  8.049751E+01  3.059406E+00
  8.049751E+01  3.569307E+00
  8.049751E+01  4.079208E+00
  8.049751E+01  4.589109E+00
  8.049751E+01  5.099010E+00
  8.049751E+01  5.608911E+00
  8.049751E+01  6.118812E+00
  8.049751E+01  6.628713E+00
  8.049751E+01  7.138614E+00
  8.049751E+01  7.648515E+00
  8.049751E+01  8.158416E+00
  8.049751E+01  8.668317E+00
  8.049751E+01  9.178218E+00
  8.049751E+01  9.688119E+00
  8.049751E+01  1.019802E+01
  8.049751E+01  1.070792E+01
  8.049751E+01  1.121782E+01
  8.049751E+01  1.172772E+01
  8.049751E+01  1.223762E+01
  8.049751E+01  1.274752E+01
  8.049751E+01  1.325743E+01
  8.049751E+01  1.376733E+01
  8.049751E+01  1.427723E+01
  8.049751E+01  1.478713E+01
  8.049751E+01  1.529703E+01
  8.049751E+01  1.580693E+01
  8.049751E+01  1.631683E+01
  8.049751E+01  1.682673E+01
  8.049751E+01  1.733663E+01
  8.049751E+01  1.784653E+01
  8.049751E+01  1.835644E+01
  8.049751E+01  1.886634E+01
  8.049751E+01  1.937624E+01
  8.049751E+01  1.988614E+01
  8.049751E+01  2.039604E+01
  8.049751E+01  2.090594E+01
  8.049751E+01  2.141584E+01
  8.049751E+01  2.192574E+01
  8.049751E+01  2.243564E+01
  8.049751E+01  2.294554E+01
  8.049751E+01  2.345545E+01
  8.049751E+01  2.396535E+01
  8.049751E+01  2.447525E+01
  8.049751E+01  2.498515E+01
  8.049751E+01  2.549505E+01
  7.999254E+01  2.549505E+01
  7.948756E+01  2.549505E+01
  7.898259E+01  2.549505E+01
  7.847761E+01  2.549505E+01
  7.797264E+01  2.549505E+01
  7.746766E+01  2.549505E+01
  7.696269E+01  2.549505E+01
  7.645771E+01  2.549505E+01
  7.595274E+01  2.549505E+01
  7.544776E+01  2.549505E+01
  7.494279E+01  2.549505E+01
  7.443781E+01  2.549505E+01
  7.393284E+01  2.549505E+01
  7.342786E+01  2.549505E+01
  7.292289E+01  2.549505E+01
  7.241791E+01  2.549505E+01
  7.191294E+01  2.549505E+01
  7.140796E+01  2.549505E+01
  7.090299E+01  2.549505E+01
  7.039801E+01  2.549505E+01
  6.989303E+01  2.549505E+01
  6.938806E+01  2.549505E+01
  6.888308E+01  2.549505E+01
  6.837811E+01  2.549505E+01
  6.787313E+01  2.549505E+01
  6.736816E+01  2.549505E+01
  6.686318E+01  2.549505E+01
  6.635821E+01  2.549505E+01
  6.585323E+01  2.549505E+01
  6.534826E+01  2.549505E+01
  6.484328E+01  2.549505E+01
  6.433831E+01  2.549505E+01
  6.383333E+01  2.549505E+01
  6.332836E+01  2.549505E+01
  6.282338E+01  2.549505E+01
  6.231841E+01  2.549505E+01
  6.181343E+01  2.549505E+01
  6.130846E+01  2.549505E+01
  6.080348E+01  2.549505E+01
  6.029851E+01  2.549505E+01
  5.979353E+01  2.549505E+01
  5.928856E+01  2.549505E+01
  5.878358E+01  2.549505E+01
  5.827861E+01  2.549505E+01
  5.777363E+01  2.549505E+01
  5.726866E+01  2.549505E+01
  5.676368E+01  2.549505E+01
  5.625871E+01  2.549505E+01
  5.575373E+01  2.549505E+01
  5.524876E+01  2.549505E+01
  5.474378E+01  2.549505E+01
  5.423881E+01  2.549505E+01
  5.373383E+01  2.549505E+01
  5.322886E+01  2.549505E+01
  5.272388E+01  2.549505E+01
  5.221891E+01  2.549505E+01
  5.171393E+01  2.549505E+01
  5.120896E+01  2.549505E+01
  5.070398E+01  2.549505E+01
  5.019900E+01  2.549505E+01
  4.969403E+01  2.549505E+01
  4.918905E+01  2.549505E+01
  4.868408E+01  2.549505E+01
  4.817910E+01  2.549505E+01
  4.767413E+01  2.549505E+01
  4.716915E+01  2.549505E+01
  4.666418E+01  2.549505E+01
  4.615920E+01  2.549505E+01
  4.565423E+01  2.549505E+01
  4.514925E+01  2.549505E+01
  4.464428E+01  2.549505E+01
  4.413930E+01  2.549505E+01
  4.363433E+01  2.549505E+01
  4.312935E+01  2.549505E+01
  4.262438E+01  2.549505E+01
  4.211940E+01  2.549505E+01
  4.161443E+01  2.549505E+01
  4.110945E+01  2.549505E+01
  4.060448E+01  2.549505E+01
  4.009950E+01  2.549505E+01
  3.959453E+01  2.549505E+01
  3.908955E+01  2.549505E+01
  3.858458E+01  2.549505E+01
  3.807960E+01  2.549505E+01
  3.757463E+01  2.549505E+01
  3.706965E+01  2.549505E+01
  3.656468E+01  2.549505E+01
  3.605970E+01  2.549505E+01
  3.555473E+01  2.549505E+01
  3.504975E+01  2.549505E+01
  3.454478E+01  2.549505E+01
  3.403980E+01  2.549505E+01
  3.353483E+01  2.549505E+01
  3.302985E+01  2.549505E+01
  3.252488E+01  2.549505E+01
  3.201990E+01  2.549505E+01
  3.151493E+01  2.549505E+01
  3.100995E+01  2.549505E+01
  3.050498E+01  2.549505E+01
  3.000000E+01  2.549505E+01
  2.949502E+01  2.549505E+01
  2.899005E+01  2.549505E+01
  2.848507E+01  2.549505E+01
  2.798010E+01  2.549505E+01
  2.747512E+01  2.549505E+01
  2.697015E+01  2.549505E+01
  2.646517E+01  2.549505E+01
  2.596020E+01  2.549505E+01
  2.545522E+01  2.549505E+01
  2.495025E+01  2.549505E+01
  2.444527E+01  2.549505E+01
  2.394030E+01  2.549505E+01
  2.343532E+01  2.549505E+01
  2.293035E+01  2.549505E+01
  2.242537E+01  2.549505E+01
  2.192040E+01  2.549505E+01
  2.141542E+01  2.549505E+01
  2.091045E+01  2.549505E+01
  2.040547E+01  2.549505E+01
  1.990050E+01  2.549505E+01
  1.939552E+01  2.549505E+01
  1.889055E+01  2.549505E+01
  1.838557E+01  2.549505E+01
  1.788060E+01  2.549505E+01
  1.737562E+01  2.549505E+01
  1.687065E+01  2.549505E+01
  1.636567E+01  2.549505E+01
  1.586070E+01  2.549505E+01
  1.535572E+01  2.549505E+01
  1.485075E+01  2.549505E+01
  1.434577E+01  2.549505E+01
  1.384080E+01  2.549505E+01
  1.333582E+01  2.549505E+01
  1.283085E+01  2.549505E+01
  1.232587E+01  2.549505E+01
  1.182090E+01  2.549505E+01
  1.131592E+01  2.549505E+01
  1.081095E+01  2.549505E+01
  1.030597E+01  2.549505E+01
  9.800995E+00  2.549505E+01
  9.296020E+00  2.549505E+01
  8.791045E+00  2.549505E+01
  8.286070E+00  2.549505E+01
  7.781095E+00  2.549505E+01
  7.276119E+00  2.549505E+01
  6.771144E+00  2.549505E+01
  6.266169E+00  2.549505E+01
  5.761194E+00  2.549505E+01
  5.256219E+00  2.549505E+01
  4.751244E+00  2.549505E+01
  4.246269E+00  2.549505E+01
  3.741294E+00  2.549505E+01
  3.236318E+00  2.549505E+01
  2.731343E+00  2.549505E+01
  2.226368E+00  2.549505E+01
  1.721393E+00  2.549505E+01
  1.216418E+00  2.549505E+01
  7.114428E-01  2.549505E+01
  2.064677E-01  2.549505E+01
 -2.985075E-01  2.549505E+01
 -8.034826E-01  2.549505E+01
 -1.308458E+00  2.549505E+01
 -1.813433E+00  2.549505E+01
 -2.318408E+00  2.549505E+01
 -2.823383E+00  2.549505E+01
 -3.328358E+00  2.549505E+01
 -3.833333E+00  2.549505E+01
 -4.338308E+00  2.549505E+01
 -4.843284E+00  2.549505E+01
 -5.348259E+00  2.549505E+01
 -5.853234E+00  2.549505E+01
 -6.358209E+00  2.549505E+01
 -6.863184E+00  2.549505E+01
 -7.368159E+00  2.549505E+01
 -7.873134E+00  2.549505E+01
 -8.378109E+00  2.549505E+01
 -8.883085E+00  2.549505E+01
 -9.388060E+00  2.549505E+01
 -9.893035E+00  2.549505E+01
 -1.039801E+01  2.549505E+01
 -1.090299E+01  2.549505E+01
 -1.140796E+01  2.549505E+01
 -1.191294E+01  2.549505E+01
 -1.241791E+01  2.549505E+01
 -1.292289E+01  2.549505E+01
 -1.342786E+01  2.549505E+01
 -1.393284E+01  2.549505E+01
 -1.443781E+01  2.549505E+01
 -1.494279E+01  2.549505E+01
 -1.544776E+01  2.549505E+01
 -1.595274E+01  2.549505E+01
 -1.645771E+01  2.549505E+01
 -1.696269E+01  2.549505E+01
 -1.746766E+01  2.549505E+01
 -1.797264E+01  2.549505E+01
 -1.847761E+01  2.549505E+01
 -1.898259E+01  2.549505E+01
 -1.948756E+01  2.549505E+01
 -1.999254E+01  2.549505E+01
 -2.049751E+01  2.549505E+01
 -2.049751E+01  2.498515E+01
 -2.049751E+01  2.447525E+01
 -2.049751E+01  2.396535E+01
 -2.049751E+01  2.345545E+01
 -2.049751E+01  2.294554E+01
 -2.049751E+01  2.243564E+01
 -2.049751E+01  2.192574E+01
 -2.049751E+01  2.141584E+01
 -2.049751E+01  2.090594E+01
 -2.049751E+01  2.039604E+01
 -2.049751E+01  1.988614E+01
 -2.049751E+01  1.937624E+01
 -2.049751E+01  1.886634E+01
 -2.049751E+01  1.835644E+01
 -2.049751E+01  1.784653E+01
 -2.049751E+01  1.733663E+01
 -2.049751E+01  1.682673E+01
 -2.049751E+01  1.631683E+01
 -2.049751E+01  1.580693E+01
 -2.049751E+01  1.529703E+01
 -2.049751E+01  1.478713E+01
 -2.049751E+01  1.427723E+01
 -2.049751E+01  1.376733E+01
 -2.049751E+01  1.325743E+01
 -2.049751E+01  1.274752E+01
 -2.049751E+01  1.223762E+01
 -2.049751E+01  1.172772E+01
 -2.049751E+01  1.121782E+01
 -2.049751E+01  1.070792E+01
 -2.049751E+01  1.019802E+01
 -2.049751E+01  9.688119E+00
 -2.049751E+01  9.178218E+00
 -2.049751E+01  8.668317E+00
 -2.049751E+01  8.158416E+00
 -2.049751E+01  7.648515E+00
 -2.049751E+01  7.138614E+00
 -2.049751E+01  6.628713E+00
 -2.049751E+01  6.118812E+00
 -2.049751E+01  5.608911E+00
 -2.049751E+01  5.099010E+00
 -2.049751E+01  4.589109E+00
 -2.049751E+01  4.079208E+00
 -2.049751E+01  3.569307E+00
 -2.049751E+01  3.059406E+00
 -2.049751E+01  2.549505E+00
 -2.049751E+01  2.039604E+00
 -2.049751E+01  1.529703E+00
 -2.049751E+01  1.019802E+00
 -2.049751E+01  5.099010E-01
 -2.049751E+01  2.345679E-08
 -2.049751E+01 -5.099010E-01
 -2.049751E+01 -1.019802E+00
 -2.049751E+01 -1.529703E+00
 -2.049751E+01 -2.039604E+00
 -2.049751E+01 -2.549505E+00
 -2.049751E+01 -3.059406E+00
 -2.049751E+01 -3.569307E+00
 -2.049751E+01 -4.079208E+00
 -2.049751E+01 -4.589109E+00
 -2.049751E+01 -5.099010E+00
 -2.049751E+01 -5.608911E+00
 -2.049751E+01 -6.118812E+00
 -2.049751E+01 -6.628713E+00
 -2.049751E+01 -7.138614E+00
 -2.049751E+01 -7.648515E+00
 -2.049751E+01 -8.158416E+00
 -2.049751E+01 -8.668317E+00
 -2.049751E+01 -9.178218E+00
 -2.049751E+01 -9.688119E+00
 -2.049751E+01 -1.019802E+01
 -2.049751E+01 -1.070792E+01
 -2.049751E+01 -1.121782E+01
 -2.049751E+01 -1.172772E+01
 -2.049751E+01 -1.223762E+01
 -2.049751E+01 -1.274752E+01
 -2.049751E+01 -1.325743E+01
 -2.049751E+01 -1.376733E+01
 -2.049751E+01 -1.427723E+01
 -2.049751E+01 -1.478713E+01
 -2.049751E+01 -1.529703E+01
 -2.049751E+01 -1.580693E+01
 -2.049751E+01 -1.631683E+01
 -2.049751E+01 -1.682673E+01
 -2.049751E+01 -1.733663E+01
 -2.049751E+01 -1.784653E+01
 -2.049751E+01 -1.835644E+01
 -2.049751E+01 -1.886634E+01
 -2.049751E+01 -1.937624E+01
 -2.049751E+01 -1.988614E+01
 -2.049751E+01 -2.039604E+01
 -2.049751E+01 -2.090594E+01
 -2.049751E+01 -2.141584E+01
 -2.049751E+01 -2.192574E+01
 -2.049751E+01 -2.243564E+01
 -2.049751E+01 -2.294554E+01
 -2.049751E+01 -2.345545E+01
 -2.049751E+01 -2.396535E+01
 -2.049751E+01 -2.447525E+01
 -2.049751E+01 -2.498515E+01
 -2.049751E+01 -2.549505E+01

w:101/ x(   0.1587686E+02) y(  -0.1600989E+02) ix(2) iy(2) s(   0.7000E+00)

h: x ny1,0  y2=[y1](Water),ic[pastelblue]
 -1.000000E+00 -1.000000E+00

hb:   line clip z   cb(pastelblue)
clip:
  1.383783E+01 -2.090890E+01
  1.414510E+01 -2.121024E+01
  1.434577E+01 -2.100957E+01
  1.439758E+01 -2.095775E+01
  1.444940E+01 -2.090594E+01
  1.485075E+01 -2.050459E+01
  1.490502E+01 -2.045032E+01
  1.495930E+01 -2.039604E+01
  1.535572E+01 -1.999962E+01
  1.541246E+01 -1.994288E+01
  1.546920E+01 -1.988614E+01
  1.586070E+01 -1.949464E+01
  1.591990E+01 -1.943544E+01
  1.597910E+01 -1.937624E+01
  1.636567E+01 -1.898967E+01
  1.642734E+01 -1.892800E+01
  1.648900E+01 -1.886634E+01
  1.687065E+01 -1.848469E+01
  1.693478E+01 -1.842056E+01
  1.699890E+01 -1.835644E+01
  1.737562E+01 -1.797972E+01
  1.744221E+01 -1.791313E+01
  1.750880E+01 -1.784653E+01
  1.788060E+01 -1.747474E+01
  1.794965E+01 -1.740569E+01
  1.801871E+01 -1.733663E+01
  1.838557E+01 -1.696977E+01
  1.845709E+01 -1.689825E+01
  1.852861E+01 -1.682673E+01
  1.889055E+01 -1.646479E+01
  1.896453E+01 -1.639081E+01
  1.903851E+01 -1.631683E+01
  1.939552E+01 -1.595982E+01
  1.947197E+01 -1.588337E+01
  1.954841E+01 -1.580693E+01
  1.990050E+01 -1.545484E+01
  1.997940E+01 -1.537594E+01
  2.005831E+01 -1.529703E+01
  2.040547E+01 -1.494987E+01
  2.048684E+01 -1.486850E+01
  2.056821E+01 -1.478713E+01
  2.091045E+01 -1.444489E+01
  2.099428E+01 -1.436106E+01
  2.107811E+01 -1.427723E+01
  2.112937E+01 -1.405830E+01
  2.091045E+01 -1.383938E+01
  2.083839E+01 -1.376733E+01
  2.062193E+01 -1.355087E+01
  2.040547E+01 -1.333440E+01
  2.032849E+01 -1.325743E+01
  2.011450E+01 -1.304343E+01
  1.990050E+01 -1.282943E+01
  1.981859E+01 -1.274752E+01
  1.960706E+01 -1.253599E+01
  1.939552E+01 -1.232445E+01
  1.930869E+01 -1.223762E+01
  1.909962E+01 -1.202855E+01
  1.889055E+01 -1.181948E+01
  1.879879E+01 -1.172772E+01
  1.859218E+01 -1.152111E+01
  1.838557E+01 -1.131450E+01
  1.828889E+01 -1.121782E+01
  1.808474E+01 -1.101368E+01
  1.788060E+01 -1.080953E+01
  1.747352E+01 -1.081075E+01
  1.737562E+01 -1.090865E+01
  1.722104E+01 -1.106324E+01
  1.706645E+01 -1.121782E+01
  1.687065E+01 -1.141362E+01
  1.671360E+01 -1.157067E+01
  1.655655E+01 -1.172772E+01
  1.636567E+01 -1.191860E+01
  1.620616E+01 -1.207811E+01
  1.604665E+01 -1.223762E+01
  1.586070E+01 -1.242357E+01
  1.569872E+01 -1.258555E+01
  1.553675E+01 -1.274752E+01
  1.535572E+01 -1.292855E+01
  1.519128E+01 -1.309299E+01
  1.502685E+01 -1.325743E+01
  1.485075E+01 -1.343352E+01
  1.468385E+01 -1.360043E+01
  1.451694E+01 -1.376733E+01
  1.434577E+01 -1.393850E+01
  1.417641E+01 -1.410786E+01
  1.400704E+01 -1.427723E+01
  1.384080E+01 -1.444348E+01
  1.366897E+01 -1.461530E+01
  1.349714E+01 -1.478713E+01
  1.333582E+01 -1.494845E+01
  1.316153E+01 -1.512274E+01
  1.298724E+01 -1.529703E+01
  1.283085E+01 -1.545343E+01
  1.265409E+01 -1.563018E+01
  1.247734E+01 -1.580693E+01
  1.232587E+01 -1.595840E+01
  1.214666E+01 -1.613762E+01
  1.196744E+01 -1.631683E+01
  1.182090E+01 -1.646338E+01
  1.163922E+01 -1.664505E+01
  1.145754E+01 -1.682673E+01
  1.131592E+01 -1.696835E+01
  1.113178E+01 -1.715249E+01
  1.094764E+01 -1.733663E+01
  1.081095E+01 -1.747333E+01
  1.077547E+01 -1.784653E+01
  1.383487E+01 -2.090594E+01

w:102/ x(   0.1587686E+02) y(   0.1596129E+02) ix(2) iy(2) s(   0.7000E+00)

hb:   line clip z   cb(pastelblue)
clip:
  1.722104E+01  1.106324E+01
  1.737562E+01  1.090865E+01
  1.783226E+01  1.076119E+01
  1.788060E+01  1.080953E+01
  1.808474E+01  1.101368E+01
  1.828889E+01  1.121782E+01
  1.838557E+01  1.131450E+01
  1.859218E+01  1.152111E+01
  1.879879E+01  1.172772E+01
  1.889055E+01  1.181948E+01
  1.909962E+01  1.202855E+01
  1.930869E+01  1.223762E+01
  1.939552E+01  1.232445E+01
  1.960706E+01  1.253599E+01
  1.981859E+01  1.274752E+01
  1.990050E+01  1.282943E+01
  2.011450E+01  1.304343E+01
  2.032849E+01  1.325743E+01
  2.040547E+01  1.333440E+01
  2.062193E+01  1.355087E+01
  2.083839E+01  1.376733E+01
  2.091045E+01  1.383938E+01
  2.112937E+01  1.405830E+01
  2.107811E+01  1.427723E+01
  2.099428E+01  1.436106E+01
  2.091045E+01  1.444489E+01
  2.056821E+01  1.478713E+01
  2.048684E+01  1.486850E+01
  2.040547E+01  1.494987E+01
  2.005831E+01  1.529703E+01
  1.997940E+01  1.537594E+01
  1.990050E+01  1.545484E+01
  1.954841E+01  1.580693E+01
  1.947197E+01  1.588337E+01
  1.939552E+01  1.595982E+01
  1.903851E+01  1.631683E+01
  1.896453E+01  1.639081E+01
  1.889055E+01  1.646479E+01
  1.852861E+01  1.682673E+01
  1.845709E+01  1.689825E+01
  1.838557E+01  1.696977E+01
  1.801871E+01  1.733663E+01
  1.794965E+01  1.740569E+01
  1.788060E+01  1.747474E+01
  1.750880E+01  1.784653E+01
  1.744221E+01  1.791313E+01
  1.737562E+01  1.797972E+01
  1.699890E+01  1.835644E+01
  1.693478E+01  1.842056E+01
  1.687065E+01  1.848469E+01
  1.648900E+01  1.886634E+01
  1.642734E+01  1.892800E+01
  1.636567E+01  1.898967E+01
  1.597910E+01  1.937624E+01
  1.591990E+01  1.943544E+01
  1.586070E+01  1.949464E+01
  1.546920E+01  1.988614E+01
  1.541246E+01  1.994288E+01
  1.535572E+01  1.999962E+01
  1.495930E+01  2.039604E+01
  1.490502E+01  2.045032E+01
  1.485075E+01  2.050459E+01
  1.444940E+01  2.090594E+01
  1.439758E+01  2.095775E+01
  1.434577E+01  2.100957E+01
  1.409032E+01  2.116139E+01
  1.384080E+01  2.091186E+01
  1.383783E+01  2.090890E+01
  1.383487E+01  2.090594E+01
  1.333582E+01  2.040689E+01
  1.333040E+01  2.040146E+01
  1.332497E+01  2.039604E+01
  1.283085E+01  1.990191E+01
  1.282296E+01  1.989403E+01
  1.281507E+01  1.988614E+01
  1.232587E+01  1.939694E+01
  1.231552E+01  1.938659E+01
  1.230517E+01  1.937624E+01
  1.182090E+01  1.889196E+01
  1.180808E+01  1.887915E+01
  1.179527E+01  1.886634E+01
  1.131592E+01  1.838699E+01
  1.130064E+01  1.837171E+01
  1.128537E+01  1.835644E+01
  1.081095E+01  1.788201E+01
  1.079321E+01  1.786427E+01
  1.077547E+01  1.784653E+01
  1.062434E+01  1.765993E+01
  1.081095E+01  1.747333E+01
  1.706645E+01  1.121782E+01

w:103/ x(   0.0000000E+00) y(   0.2250000E+02) ix(2) iy(2) s(   0.7000E+00)

hb:   line clip z   cb(pastelblue)
clip:
 -5.000000E+00  2.023932E+01
 -4.843284E+00  2.000000E+01
 -4.447244E+00  2.000000E+01
  4.751244E+00  2.000000E+01
  5.000000E+00  2.014728E+01
  5.000000E+00  2.039604E+01
  5.000000E+00  2.064480E+01
  5.000000E+00  2.090594E+01
  5.000000E+00  2.115470E+01
  5.000000E+00  2.141584E+01
  5.000000E+00  2.166460E+01
  5.000000E+00  2.192574E+01
  5.000000E+00  2.217450E+01
  5.000000E+00  2.243564E+01
  5.000000E+00  2.268440E+01
  5.000000E+00  2.294554E+01
  5.000000E+00  2.319430E+01
  5.000000E+00  2.345545E+01
  5.000000E+00  2.370420E+01
  5.000000E+00  2.396535E+01
  5.000000E+00  2.421410E+01
  5.000000E+00  2.447525E+01
  5.000000E+00  2.472400E+01
  5.000000E+00  2.498515E+01
  4.766095E+00  2.500000E+01
  4.751244E+00  2.500000E+01
  4.736392E+00  2.500000E+01
  4.246269E+00  2.500000E+01
  4.231417E+00  2.500000E+01
  3.741294E+00  2.500000E+01
  3.726442E+00  2.500000E+01
  3.236318E+00  2.500000E+01
  3.221467E+00  2.500000E+01
  2.731343E+00  2.500000E+01
  2.716492E+00  2.500000E+01
  2.226368E+00  2.500000E+01
  2.211517E+00  2.500000E+01
  1.721393E+00  2.500000E+01
  1.706542E+00  2.500000E+01
  1.216418E+00  2.500000E+01
  1.201566E+00  2.500000E+01
  7.114428E-01  2.500000E+01
  6.965913E-01  2.500000E+01
  2.064677E-01  2.500000E+01
  1.916162E-01  2.500000E+01
 -2.985075E-01  2.500000E+01
 -3.133589E-01  2.500000E+01
 -8.034826E-01  2.500000E+01
 -8.183340E-01  2.500000E+01
 -1.308458E+00  2.500000E+01
 -1.323309E+00  2.500000E+01
 -1.813433E+00  2.500000E+01
 -1.828284E+00  2.500000E+01
 -2.318408E+00  2.500000E+01
 -2.333259E+00  2.500000E+01
 -2.823383E+00  2.500000E+01
 -2.838235E+00  2.500000E+01
 -3.328358E+00  2.500000E+01
 -3.343210E+00  2.500000E+01
 -3.833333E+00  2.500000E+01
 -3.848185E+00  2.500000E+01
 -4.338308E+00  2.500000E+01
 -4.353160E+00  2.500000E+01
 -4.843284E+00  2.500000E+01
 -4.858135E+00  2.500000E+01
 -5.000000E+00  2.498515E+01
 -5.000000E+00  2.482843E+01
 -5.000000E+00  2.447525E+01
 -5.000000E+00  2.431853E+01
 -5.000000E+00  2.396535E+01
 -5.000000E+00  2.380863E+01
 -5.000000E+00  2.345545E+01
 -5.000000E+00  2.329873E+01
 -5.000000E+00  2.294554E+01
 -5.000000E+00  2.278883E+01
 -5.000000E+00  2.243564E+01
 -5.000000E+00  2.227893E+01
 -5.000000E+00  2.192574E+01
 -5.000000E+00  2.176903E+01
 -5.000000E+00  2.141584E+01
 -5.000000E+00  2.125913E+01
 -5.000000E+00  2.090594E+01
 -5.000000E+00  2.074922E+01
 -5.000000E+00  2.039604E+01

wt: s[c5]
\vspace{-3}
  emin  &=&   0.0000E+00 [MeV]
  emax  &=&   5.0000E+03 [MeV]
  ymin  &=&  -5.0000E+00 [cm]
  ymax  &=&   5.0000E+00 [cm]
  part. &=& all     
e:
 
# Information for Restart Calculation
# This calculation was newly started
# istdev =  2 # 1:Batch variance, 2:History variance
# resc2  = 0.00000000000000000E+00 # Total source weight or Total source weight / maxcas
# resc3  = 0.00000000000000000E+00 # Total history number or Total batch number
# maxcas =          10 # History / Batch, only used for istdev=1
# bitrseed = 0000000000000000000000000000000000000000000000000000000000000000 # bit data of rijklst
