[ T-Track ]
    title = Track Detection using [T-track] tally
     mesh =  xyz            # mesh type is xyz scoring mesh
   x-type =    2            # x-mesh is linear given by xmin, xmax and nx
     xmin =  -25.00000      # minimum value of x-mesh points
     xmax =   25.00000      # maximum value of x-mesh points
#    xdel =  0.5000000      # mesh width of x-mesh points
       nx =    100          # number of x-mesh points
#    data = ( x(i), i = 1, nx + 1 )
#          -2.50000E+01 -2.45000E+01 -2.40000E+01 -2.35000E+01 -2.30000E+01
#          -2.25000E+01 -2.20000E+01 -2.15000E+01 -2.10000E+01 -2.05000E+01
#          -2.00000E+01 -1.95000E+01 -1.90000E+01 -1.85000E+01 -1.80000E+01
#          -1.75000E+01 -1.70000E+01 -1.65000E+01 -1.60000E+01 -1.55000E+01
#          -1.50000E+01 -1.45000E+01 -1.40000E+01 -1.35000E+01 -1.30000E+01
#          -1.25000E+01 -1.20000E+01 -1.15000E+01 -1.10000E+01 -1.05000E+01
#          -1.00000E+01 -9.50000E+00 -9.00000E+00 -8.50000E+00 -8.00000E+00
#          -7.50000E+00 -7.00000E+00 -6.50000E+00 -6.00000E+00 -5.50000E+00
#          -5.00000E+00 -4.50000E+00 -4.00000E+00 -3.50000E+00 -3.00000E+00
#          -2.50000E+00 -2.00000E+00 -1.50000E+00 -1.00000E+00 -5.00000E-01
#           0.00000E+00  5.00000E-01  1.00000E+00  1.50000E+00  2.00000E+00
#           2.50000E+00  3.00000E+00  3.50000E+00  4.00000E+00  4.50000E+00
#           5.00000E+00  5.50000E+00  6.00000E+00  6.50000E+00  7.00000E+00
#           7.50000E+00  8.00000E+00  8.50000E+00  9.00000E+00  9.50000E+00
#           1.00000E+01  1.05000E+01  1.10000E+01  1.15000E+01  1.20000E+01
#           1.25000E+01  1.30000E+01  1.35000E+01  1.40000E+01  1.45000E+01
#           1.50000E+01  1.55000E+01  1.60000E+01  1.65000E+01  1.70000E+01
#           1.75000E+01  1.80000E+01  1.85000E+01  1.90000E+01  1.95000E+01
#           2.00000E+01  2.05000E+01  2.10000E+01  2.15000E+01  2.20000E+01
#           2.25000E+01  2.30000E+01  2.35000E+01  2.40000E+01  2.45000E+01
#           2.50000E+01
   y-type =    2            # y-mesh is linear given by ymin, ymax and ny
     ymin =  -25.00000      # minimum value of y-mesh points
     ymax =   25.00000      # maximum value of y-mesh points
#    ydel =  0.5000000      # mesh width of y-mesh points
       ny =    100          # number of y-mesh points
#    data = ( y(i), i = 1, ny + 1 )
#          -2.50000E+01 -2.45000E+01 -2.40000E+01 -2.35000E+01 -2.30000E+01
#          -2.25000E+01 -2.20000E+01 -2.15000E+01 -2.10000E+01 -2.05000E+01
#          -2.00000E+01 -1.95000E+01 -1.90000E+01 -1.85000E+01 -1.80000E+01
#          -1.75000E+01 -1.70000E+01 -1.65000E+01 -1.60000E+01 -1.55000E+01
#          -1.50000E+01 -1.45000E+01 -1.40000E+01 -1.35000E+01 -1.30000E+01
#          -1.25000E+01 -1.20000E+01 -1.15000E+01 -1.10000E+01 -1.05000E+01
#          -1.00000E+01 -9.50000E+00 -9.00000E+00 -8.50000E+00 -8.00000E+00
#          -7.50000E+00 -7.00000E+00 -6.50000E+00 -6.00000E+00 -5.50000E+00
#          -5.00000E+00 -4.50000E+00 -4.00000E+00 -3.50000E+00 -3.00000E+00
#          -2.50000E+00 -2.00000E+00 -1.50000E+00 -1.00000E+00 -5.00000E-01
#           0.00000E+00  5.00000E-01  1.00000E+00  1.50000E+00  2.00000E+00
#           2.50000E+00  3.00000E+00  3.50000E+00  4.00000E+00  4.50000E+00
#           5.00000E+00  5.50000E+00  6.00000E+00  6.50000E+00  7.00000E+00
#           7.50000E+00  8.00000E+00  8.50000E+00  9.00000E+00  9.50000E+00
#           1.00000E+01  1.05000E+01  1.10000E+01  1.15000E+01  1.20000E+01
#           1.25000E+01  1.30000E+01  1.35000E+01  1.40000E+01  1.45000E+01
#           1.50000E+01  1.55000E+01  1.60000E+01  1.65000E+01  1.70000E+01
#           1.75000E+01  1.80000E+01  1.85000E+01  1.90000E+01  1.95000E+01
#           2.00000E+01  2.05000E+01  2.10000E+01  2.15000E+01  2.20000E+01
#           2.25000E+01  2.30000E+01  2.35000E+01  2.40000E+01  2.45000E+01
#           2.50000E+01
   z-type =    1            # z-mesh is given by the below data
       nz =      1          # number of z-mesh points
#    data = ( z(i), i = 1, nz + 1 )
           -5.00000E+00  5.00000E+00
   e-type =    1            # e-mesh is given by the below data
       ne =      1          # number of e-mesh points
#    data = ( e(i), i = 1, ne + 1 )
            0.00000E+00  5.00000E+03
     unit =    1            # unit is [1/cm^2/source]
 material =  all            # (D=all) number of specific material
  2D-type =    3            # 1:Cont, 2:Clust, 3:Color, 4:xyz, 5:mat, 6:Clust+Cont, 7:Col+Cont
     axis =      xy            # axis of output
     file = track_xy.out    # file name of output for the above axis
     part =  all      
# kf/name :  0        
    gshow =    3            # 0: no 1:bnd, 2:bnd+mat, 3:bnd+reg 4:bnd+lat 5:bmp style
    resol =    1            # (D=1) resolution of gshow or rshow
    width = 0.5000000       # (D=0.5) width of lines for gshow or rshow
   epsout =    1            # (D=0) generate eps file by ANGEL
#    used :        main (  %)        temp (  %)       total (  %)
#  memory :         210 (  0)           0 (  0)         210 (  0)

#------------------------------------------------------------------------------
#newpage:
#   no. =  1   ie  =  1   iz  =  1   part. = all     
#   e = (   0.0000E+00  -   5.0000E+03  )
#   z = (  -5.0000E+00  -   5.0000E+00  )

'no. =  1,  ie =  1,  iz =  1'
msuc: {\huge Track Detection using [T-track] tally}
msdr: {\it plotted by \ANGEL \version}
msdl: {\it calculated by \PHITS  3.25}

x: x [cm]
y: y [cm]
set: c1[ 1.000] c2[ 0.900] c5[ 0.800] c6[ 1.000] c7[ 0.000] c8[ 0.000]
p: h2fs form[c1] xfac[c2] afac[c5] scal[c6] xorg[c7] yorg[c8] nosp
p: xmin( -25.00000    ) xmax(  25.00000    )
p: ymin( -25.00000    ) ymax(  25.00000    )
#  ny = 100   nx = 100
# ( ( data(x,y), x = 1, nx ), y = ny, 1, -1 )

#------------------------------------------------------------------------------
# gshow
#------------------------------------------------------------------------------

p: legs[c5*0.875]

w:110/ x(   0.1234568E-07) y(   0.2345679E-07) ix(2) iy(2) s(   0.7000E+00)

h: x ny1,0  y2=[y1](Void),ic[lightgray]
 -1.000000E+00 -1.000000E+00

hb:   line clip z   cb(lightgray)
frame:
 -2.5000000E+01 -2.5000000E+01
  2.5000000E+01 -2.5000000E+01
  2.5000000E+01  2.5000000E+01
 -2.5000000E+01  2.5000000E+01
clip:
 -2.549505E+01 -2.549505E+01
  2.549505E+01 -2.549505E+01
  2.549505E+01 -2.498515E+01
  2.549505E+01 -2.447525E+01
  2.549505E+01 -2.396535E+01
  2.549505E+01 -2.345545E+01
  2.549505E+01 -2.294554E+01
  2.549505E+01 -2.243564E+01
  2.549505E+01 -2.192574E+01
  2.549505E+01 -2.141584E+01
  2.549505E+01 -2.090594E+01
  2.549505E+01 -2.039604E+01
  2.549505E+01 -1.988614E+01
  2.549505E+01 -1.937624E+01
  2.549505E+01 -1.886634E+01
  2.549505E+01 -1.835644E+01
  2.549505E+01 -1.784653E+01
  2.549505E+01 -1.733663E+01
  2.549505E+01 -1.682673E+01
  2.549505E+01 -1.631683E+01
  2.549505E+01 -1.580693E+01
  2.549505E+01 -1.529703E+01
  2.549505E+01 -1.478713E+01
  2.549505E+01 -1.427723E+01
  2.549505E+01 -1.376733E+01
  2.549505E+01 -1.325743E+01
  2.549505E+01 -1.274752E+01
  2.549505E+01 -1.223762E+01
  2.549505E+01 -1.172772E+01
  2.549505E+01 -1.121782E+01
  2.549505E+01 -1.070792E+01
  2.549505E+01 -1.019802E+01
  2.549505E+01 -9.688119E+00
  2.549505E+01 -9.178218E+00
  2.549505E+01 -8.668317E+00
  2.549505E+01 -8.158416E+00
  2.549505E+01 -7.648515E+00
  2.549505E+01 -7.138614E+00
  2.549505E+01 -6.628713E+00
  2.549505E+01 -6.118812E+00
  2.549505E+01 -5.608911E+00
  2.549505E+01 -5.099010E+00
  2.549505E+01 -4.589109E+00
  2.549505E+01 -4.079208E+00
  2.549505E+01 -3.569307E+00
  2.549505E+01 -3.059406E+00
  2.549505E+01 -2.549505E+00
  2.549505E+01 -2.039604E+00
  2.549505E+01 -1.529703E+00
  2.549505E+01 -1.019802E+00
  2.549505E+01 -5.099010E-01
  2.549505E+01  2.345679E-08
  2.549505E+01  5.099010E-01
  2.549505E+01  1.019802E+00
  2.549505E+01  1.529703E+00
  2.549505E+01  2.039604E+00
  2.549505E+01  2.549505E+00
  2.549505E+01  3.059406E+00
  2.549505E+01  3.569307E+00
  2.549505E+01  4.079208E+00
  2.549505E+01  4.589109E+00
  2.549505E+01  5.099010E+00
  2.549505E+01  5.608911E+00
  2.549505E+01  6.118812E+00
  2.549505E+01  6.628713E+00
  2.549505E+01  7.138614E+00
  2.549505E+01  7.648515E+00
  2.549505E+01  8.158416E+00
  2.549505E+01  8.668317E+00
  2.549505E+01  9.178218E+00
  2.549505E+01  9.688119E+00
  2.549505E+01  1.019802E+01
  2.549505E+01  1.070792E+01
  2.549505E+01  1.121782E+01
  2.549505E+01  1.172772E+01
  2.549505E+01  1.223762E+01
  2.549505E+01  1.274752E+01
  2.549505E+01  1.325743E+01
  2.549505E+01  1.376733E+01
  2.549505E+01  1.427723E+01
  2.549505E+01  1.478713E+01
  2.549505E+01  1.529703E+01
  2.549505E+01  1.580693E+01
  2.549505E+01  1.631683E+01
  2.549505E+01  1.682673E+01
  2.549505E+01  1.733663E+01
  2.549505E+01  1.784653E+01
  2.549505E+01  1.835644E+01
  2.549505E+01  1.886634E+01
  2.549505E+01  1.937624E+01
  2.549505E+01  1.988614E+01
  2.549505E+01  2.039604E+01
  2.549505E+01  2.090594E+01
  2.549505E+01  2.141584E+01
  2.549505E+01  2.192574E+01
  2.549505E+01  2.243564E+01
  2.549505E+01  2.294554E+01
  2.549505E+01  2.345545E+01
  2.549505E+01  2.396535E+01
  2.549505E+01  2.447525E+01
  2.549505E+01  2.498515E+01
  2.549505E+01  2.549505E+01
  2.498515E+01  2.549505E+01
  2.447525E+01  2.549505E+01
  2.396535E+01  2.549505E+01
  2.345545E+01  2.549505E+01
  2.294554E+01  2.549505E+01
  2.243564E+01  2.549505E+01
  2.192574E+01  2.549505E+01
  2.141584E+01  2.549505E+01
  2.090594E+01  2.549505E+01
  2.039604E+01  2.549505E+01
  1.988614E+01  2.549505E+01
  1.937624E+01  2.549505E+01
  1.886634E+01  2.549505E+01
  1.835644E+01  2.549505E+01
  1.784653E+01  2.549505E+01
  1.733663E+01  2.549505E+01
  1.682673E+01  2.549505E+01
  1.631683E+01  2.549505E+01
  1.580693E+01  2.549505E+01
  1.529703E+01  2.549505E+01
  1.478713E+01  2.549505E+01
  1.427723E+01  2.549505E+01
  1.376733E+01  2.549505E+01
  1.325743E+01  2.549505E+01
  1.274752E+01  2.549505E+01
  1.223762E+01  2.549505E+01
  1.172772E+01  2.549505E+01
  1.121782E+01  2.549505E+01
  1.070792E+01  2.549505E+01
  1.019802E+01  2.549505E+01
  9.688119E+00  2.549505E+01
  9.178218E+00  2.549505E+01
  8.668317E+00  2.549505E+01
  8.158416E+00  2.549505E+01
  7.648515E+00  2.549505E+01
  7.138614E+00  2.549505E+01
  6.628713E+00  2.549505E+01
  6.118812E+00  2.549505E+01
  5.608911E+00  2.549505E+01
  5.099010E+00  2.549505E+01
  4.589109E+00  2.549505E+01
  4.079208E+00  2.549505E+01
  3.569307E+00  2.549505E+01
  3.059406E+00  2.549505E+01
  2.549505E+00  2.549505E+01
  2.039604E+00  2.549505E+01
  1.529703E+00  2.549505E+01
  1.019802E+00  2.549505E+01
  5.099010E-01  2.549505E+01
  1.234568E-08  2.549505E+01
 -5.099010E-01  2.549505E+01
 -1.019802E+00  2.549505E+01
 -1.529703E+00  2.549505E+01
 -2.039604E+00  2.549505E+01
 -2.549505E+00  2.549505E+01
 -3.059406E+00  2.549505E+01
 -3.569307E+00  2.549505E+01
 -4.079208E+00  2.549505E+01
 -4.589109E+00  2.549505E+01
 -5.099010E+00  2.549505E+01
 -5.608911E+00  2.549505E+01
 -6.118812E+00  2.549505E+01
 -6.628713E+00  2.549505E+01
 -7.138614E+00  2.549505E+01
 -7.648515E+00  2.549505E+01
 -8.158416E+00  2.549505E+01
 -8.668317E+00  2.549505E+01
 -9.178218E+00  2.549505E+01
 -9.688119E+00  2.549505E+01
 -1.019802E+01  2.549505E+01
 -1.070792E+01  2.549505E+01
 -1.121782E+01  2.549505E+01
 -1.172772E+01  2.549505E+01
 -1.223762E+01  2.549505E+01
 -1.274752E+01  2.549505E+01
 -1.325743E+01  2.549505E+01
 -1.376733E+01  2.549505E+01
 -1.427723E+01  2.549505E+01
 -1.478713E+01  2.549505E+01
 -1.529703E+01  2.549505E+01
 -1.580693E+01  2.549505E+01
 -1.631683E+01  2.549505E+01
 -1.682673E+01  2.549505E+01
 -1.733663E+01  2.549505E+01
 -1.784653E+01  2.549505E+01
 -1.835644E+01  2.549505E+01
 -1.886634E+01  2.549505E+01
 -1.937624E+01  2.549505E+01
 -1.988614E+01  2.549505E+01
 -2.039604E+01  2.549505E+01
 -2.090594E+01  2.549505E+01
 -2.141584E+01  2.549505E+01
 -2.192574E+01  2.549505E+01
 -2.243564E+01  2.549505E+01
 -2.294554E+01  2.549505E+01
 -2.345545E+01  2.549505E+01
 -2.396535E+01  2.549505E+01
 -2.447525E+01  2.549505E+01
 -2.498515E+01  2.549505E+01
 -2.549505E+01  2.549505E+01
 -2.549505E+01  2.498515E+01
 -2.549505E+01  2.447525E+01
 -2.549505E+01  2.396535E+01
 -2.549505E+01  2.345545E+01
 -2.549505E+01  2.294554E+01
 -2.549505E+01  2.243564E+01
 -2.549505E+01  2.192574E+01
 -2.549505E+01  2.141584E+01
 -2.549505E+01  2.090594E+01
 -2.549505E+01  2.039604E+01
 -2.549505E+01  1.988614E+01
 -2.549505E+01  1.937624E+01
 -2.549505E+01  1.886634E+01
 -2.549505E+01  1.835644E+01
 -2.549505E+01  1.784653E+01
 -2.549505E+01  1.733663E+01
 -2.549505E+01  1.682673E+01
 -2.549505E+01  1.631683E+01
 -2.549505E+01  1.580693E+01
 -2.549505E+01  1.529703E+01
 -2.549505E+01  1.478713E+01
 -2.549505E+01  1.427723E+01
 -2.549505E+01  1.376733E+01
 -2.549505E+01  1.325743E+01
 -2.549505E+01  1.274752E+01
 -2.549505E+01  1.223762E+01
 -2.549505E+01  1.172772E+01
 -2.549505E+01  1.121782E+01
 -2.549505E+01  1.070792E+01
 -2.549505E+01  1.019802E+01
 -2.549505E+01  9.688119E+00
 -2.549505E+01  9.178218E+00
 -2.549505E+01  8.668317E+00
 -2.549505E+01  8.158416E+00
 -2.549505E+01  7.648515E+00
 -2.549505E+01  7.138614E+00
 -2.549505E+01  6.628713E+00
 -2.549505E+01  6.118812E+00
 -2.549505E+01  5.608911E+00
 -2.549505E+01  5.099010E+00
 -2.549505E+01  4.589109E+00
 -2.549505E+01  4.079208E+00
 -2.549505E+01  3.569307E+00
 -2.549505E+01  3.059406E+00
 -2.549505E+01  2.549505E+00
 -2.549505E+01  2.039604E+00
 -2.549505E+01  1.529703E+00
 -2.549505E+01  1.019802E+00
 -2.549505E+01  5.099010E-01
 -2.549505E+01  2.345679E-08
 -2.549505E+01 -5.099010E-01
 -2.549505E+01 -1.019802E+00
 -2.549505E+01 -1.529703E+00
 -2.549505E+01 -2.039604E+00
 -2.549505E+01 -2.549505E+00
 -2.549505E+01 -3.059406E+00
 -2.549505E+01 -3.569307E+00
 -2.549505E+01 -4.079208E+00
 -2.549505E+01 -4.589109E+00
 -2.549505E+01 -5.099010E+00
 -2.549505E+01 -5.608911E+00
 -2.549505E+01 -6.118812E+00
 -2.549505E+01 -6.628713E+00
 -2.549505E+01 -7.138614E+00
 -2.549505E+01 -7.648515E+00
 -2.549505E+01 -8.158416E+00
 -2.549505E+01 -8.668317E+00
 -2.549505E+01 -9.178218E+00
 -2.549505E+01 -9.688119E+00
 -2.549505E+01 -1.019802E+01
 -2.549505E+01 -1.070792E+01
 -2.549505E+01 -1.121782E+01
 -2.549505E+01 -1.172772E+01
 -2.549505E+01 -1.223762E+01
 -2.549505E+01 -1.274752E+01
 -2.549505E+01 -1.325743E+01
 -2.549505E+01 -1.376733E+01
 -2.549505E+01 -1.427723E+01
 -2.549505E+01 -1.478713E+01
 -2.549505E+01 -1.529703E+01
 -2.549505E+01 -1.580693E+01
 -2.549505E+01 -1.631683E+01
 -2.549505E+01 -1.682673E+01
 -2.549505E+01 -1.733663E+01
 -2.549505E+01 -1.784653E+01
 -2.549505E+01 -1.835644E+01
 -2.549505E+01 -1.886634E+01
 -2.549505E+01 -1.937624E+01
 -2.549505E+01 -1.988614E+01
 -2.549505E+01 -2.039604E+01
 -2.549505E+01 -2.090594E+01
 -2.549505E+01 -2.141584E+01
 -2.549505E+01 -2.192574E+01
 -2.549505E+01 -2.243564E+01
 -2.549505E+01 -2.294554E+01
 -2.549505E+01 -2.345545E+01
 -2.549505E+01 -2.396535E+01
 -2.549505E+01 -2.447525E+01
 -2.549505E+01 -2.498515E+01
 -2.549505E+01 -2.549505E+01

w:103/ x(   0.2250000E+02) y(   0.0000000E+00) ix(2) iy(2) s(   0.7000E+00)

h: x ny1,0  y2=[y1](Water),ic[pastelblue]
 -1.000000E+00 -1.000000E+00

hb:   line clip z   cb(pastelblue)
clip:
  2.000000E+01 -4.985149E+00
  2.039604E+01 -5.000000E+00
  2.080693E+01 -5.000000E+00
  2.498515E+01 -5.000000E+00
  2.500000E+01 -4.603960E+00
  2.500000E+01 -4.589109E+00
  2.500000E+01 -4.574257E+00
  2.500000E+01 -4.079208E+00
  2.500000E+01 -4.064356E+00
  2.500000E+01 -3.569307E+00
  2.500000E+01 -3.554455E+00
  2.500000E+01 -3.059406E+00
  2.500000E+01 -3.044554E+00
  2.500000E+01 -2.549505E+00
  2.500000E+01 -2.534653E+00
  2.500000E+01 -2.039604E+00
  2.500000E+01 -2.024752E+00
  2.500000E+01 -1.529703E+00
  2.500000E+01 -1.514851E+00
  2.500000E+01 -1.019802E+00
  2.500000E+01 -1.004950E+00
  2.500000E+01 -5.099010E-01
  2.500000E+01 -4.950495E-01
  2.500000E+01  2.345679E-08
  2.500000E+01  1.485150E-02
  2.500000E+01  5.099010E-01
  2.500000E+01  5.247525E-01
  2.500000E+01  1.019802E+00
  2.500000E+01  1.034653E+00
  2.500000E+01  1.529703E+00
  2.500000E+01  1.544554E+00
  2.500000E+01  2.039604E+00
  2.500000E+01  2.054455E+00
  2.500000E+01  2.549505E+00
  2.500000E+01  2.564356E+00
  2.500000E+01  3.059406E+00
  2.500000E+01  3.074257E+00
  2.500000E+01  3.569307E+00
  2.500000E+01  3.584158E+00
  2.500000E+01  4.079208E+00
  2.500000E+01  4.094059E+00
  2.500000E+01  4.589109E+00
  2.500000E+01  4.603960E+00
  2.498515E+01  5.000000E+00
  2.457426E+01  5.000000E+00
  2.447525E+01  5.000000E+00
  2.406436E+01  5.000000E+00
  2.396535E+01  5.000000E+00
  2.355446E+01  5.000000E+00
  2.345545E+01  5.000000E+00
  2.304455E+01  5.000000E+00
  2.294554E+01  5.000000E+00
  2.253465E+01  5.000000E+00
  2.243564E+01  5.000000E+00
  2.202475E+01  5.000000E+00
  2.192574E+01  5.000000E+00
  2.151485E+01  5.000000E+00
  2.141584E+01  5.000000E+00
  2.100495E+01  5.000000E+00
  2.090594E+01  5.000000E+00
  2.049505E+01  5.000000E+00
  2.039604E+01  5.000000E+00
  2.000000E+01  4.985149E+00
  2.000000E+01  4.589109E+00
  2.000000E+01  4.193069E+00
  2.000000E+01  4.079208E+00
  2.000000E+01  3.683168E+00
  2.000000E+01  3.569307E+00
  2.000000E+01  3.173267E+00
  2.000000E+01  3.059406E+00
  2.000000E+01  2.663366E+00
  2.000000E+01  2.549505E+00
  2.000000E+01  2.153465E+00
  2.000000E+01  2.039604E+00
  2.000000E+01  1.643564E+00
  2.000000E+01  1.529703E+00
  2.000000E+01  1.133663E+00
  2.000000E+01  1.019802E+00
  2.000000E+01  6.237624E-01
  2.000000E+01  5.099010E-01
  2.000000E+01  1.138614E-01
  2.000000E+01  2.345679E-08
  2.000000E+01 -3.960396E-01
  2.000000E+01 -5.099010E-01
  2.000000E+01 -9.059406E-01
  2.000000E+01 -1.019802E+00
  2.000000E+01 -1.415842E+00
  2.000000E+01 -1.529703E+00
  2.000000E+01 -1.925743E+00
  2.000000E+01 -2.039604E+00
  2.000000E+01 -2.435644E+00
  2.000000E+01 -2.549505E+00
  2.000000E+01 -2.945545E+00
  2.000000E+01 -3.059406E+00
  2.000000E+01 -3.455446E+00
  2.000000E+01 -3.569307E+00
  2.000000E+01 -3.965347E+00
  2.000000E+01 -4.079208E+00
  2.000000E+01 -4.475248E+00
  2.000000E+01 -4.589109E+00

wt: s[c5]
\vspace{-3}
  emin  &=&   0.0000E+00 [MeV]
  emax  &=&   5.0000E+03 [MeV]
  zmin  &=&  -5.0000E+00 [cm]
  zmax  &=&   5.0000E+00 [cm]
  part. &=& all     
e:
 
# Information for Restart Calculation
# This calculation was newly started
# istdev =  2 # 1:Batch variance, 2:History variance
# resc2  = 0.00000000000000000E+00 # Total source weight or Total source weight / maxcas
# resc3  = 0.00000000000000000E+00 # Total history number or Total batch number
# maxcas =          10 # History / Batch, only used for istdev=1
# bitrseed = 0000000000000000000000000000000000000000000000000000000000000000 # bit data of rijklst
