           _________________________________________________________
          |                                                         |
          |       _/_/_/_/                                          |
          |      _/      _/                  _/_/_/_/_/_/           |
          |     _/      _/  _/      _/   _/      _/      _/_/_/_/_/ |
          |    _/_/_/_/    _/      _/   _/      _/      _/          |
          |   _/          _/_/_/_/_/   _/      _/       _/_/_/_/    |
          |  _/          _/      _/   _/      _/              _/    |
          | _/          _/      _/   _/      _/      _/_/_/_/_/     |
          |                                                         |
          |                                                         |
          |       Particle and Heavy Ion Transport code System      |
          |                      Version =  3.350                   |
          |                       developed by                      |
          |                                                         |
          |  Tatsuhiko SATO, Yosuke IWAMOTO, Shintaro HASHIMOTO,    |
          |    Tatsuhiko OGAWA, Takuya FURUTA, Shinichiro ABE,      |
          |    Takeshi KAI, Norihiro MATSUDA, Yusuke MATSUYA,       |
          |      Yuho HIRATA, Takuya SEKIKAWA, Pi-En TSAI,          |
          |                Hunter RATLIFF (JAEA),                   |
          |                                                         |
          |  Hiroshi IWASE, Yasuhito SAKAKI, Kenta SUGIHARA (KEK),  |
          |                                                         |
          |           Nobuhiro SHIGYO (Kyushu University),          |
          |                                                         |
          |      Lembit SIHVER (Technische Universitat Wien), and   |
          |                                                         |
          |                     Koji NIITA (RIST)                   |
          |                                                         |
          |                 Last Revised  2025-03-28                |
          |_________________________________________________________|

                 ______________ [ Job Title ] ____________ 
                |                                         |
                |  Modulo acrilico posicionador Hamsters  |
                |_________________________________________|

                        Starting Date = 2026-04-07
                        Starting Time = 09h 56m 32

>>> Input Echo >>>=============================================================

[ Title ]
Modulo acrilico posicionador Hamsters

[ Parameters ]
 icntl    =           0     # (D=0) 3:ECH 5:NOR 6:SRC 7,8:GSH 11:DSH 12:DUMP
 maxcas   =          50     # (D=10) number of particles per one batch
 maxbch   =         200     # (D=10) number of batches

[ Source ]
  totfact =   1.0000        # (D=1.0) global factor
   s-type =   1             # cylindrical source
     proj =  proton         # kind of incident particle         
       e0 =   150.00        # energy of beam [MeV/n]
       r0 =   1.0000        # radius [cm]
       r1 =   0.0000        # minimum radius [cm]
       x0 =   17.000        # (D=0.0) center position of x-axis [cm]
       y0 =   2.5000        # (D=0.0) center position of y-axis [cm]
       z0 =   12.000        # minimum position of z-axis [cm]
       z1 =   14.000        # maximum position of z-axis [cm]
      dir =  -1.0000        # z-direction of beam [cosine]

[ Material ]
MAT[ 1 ] 
            C         5.0000000E+00
            H         8.0000000E+00
            O         2.0000000E+00
MAT[ 2 ] 
           Al         1.0000000E+00
MAT[ 3 ] 
            H         2.0000000E+00
            O         1.0000000E+00
MAT[ 4 ] 
           Pb         1.0000000E+00
MAT[ 5 ] 
           Fe         1.0000000E+00
MAT[ 6 ] 
           Fe         1.0000000E+00
            C         1.0000000E+00

[ Cell ]
 100         1 -1.1800000E+00  +1 -2 +3 -4 +5 -6 #200 #300 #500 
 200         0                 11 -12 13 -14 15 -16 #500 
 300         1 -1.1800000E+00  21 -22 23 -24 25 -26 
 400         4 -1.1340000E+01  -31 
 500         3 -1.0000000E+00  -41 
 1000        0                 -101 #300 #100 #200 #400 #500 
 1001       -1                 101 

[ Surface ]
 1             px    0.0000000E+00
 2             px    1.5000000E+01
 3             py    0.0000000E+00
 4             py    5.0000000E+00
 5             pz    0.0000000E+00
 6             pz    5.0000000E+00
 11            px    3.0000000E-01
 12            px    1.4700000E+01
 13            py    3.0000000E-01
 14            py    4.7000000E+00
 15            pz    3.0000000E-01
 16            pz    5.0000000E+00
 21            px    1.5000000E+01
 22            px    1.9000000E+01
 23            py    1.0000000E+00
 24            py    4.0000000E+00
 25            pz    2.2500000E+00
 26            pz    2.7500000E+00
 31            rpp   1.3000000E+01  2.1000000E+01  0.0000000E+00
                     5.0000000E+00  1.0000000E+01  1.1000000E+01
 41            rpp   5.0000000E-01  1.4500000E+01  5.0000000E-01
                     4.5000000E+00  5.0000000E-01  4.5000000E+00
 101           so    4.0000000E+01

[ T-Track ]
    title = [t-track] in xyz mesh
     mesh =  xyz            # mesh type is xyz scoring mesh
   x-type =    2            # x-mesh is linear given by xmin, xmax and nx
     xmin =  -5.000000      # minimum value of x-mesh points
     xmax =   22.00000      # maximum value of x-mesh points
#    xdel =  0.1350000      # mesh width of x-mesh points
       nx =    200          # number of x-mesh points
#    data = ( x(i), i = 1, nx + 1 )
#          -5.00000E+00 -4.86500E+00 -4.73000E+00 -4.59500E+00 -4.46000E+00
#          -4.32500E+00 -4.19000E+00 -4.05500E+00 -3.92000E+00 -3.78500E+00
#          -3.65000E+00 -3.51500E+00 -3.38000E+00 -3.24500E+00 -3.11000E+00
#          -2.97500E+00 -2.84000E+00 -2.70500E+00 -2.57000E+00 -2.43500E+00
#          -2.30000E+00 -2.16500E+00 -2.03000E+00 -1.89500E+00 -1.76000E+00
#          -1.62500E+00 -1.49000E+00 -1.35500E+00 -1.22000E+00 -1.08500E+00
#          -9.50000E-01 -8.15000E-01 -6.80000E-01 -5.45000E-01 -4.10000E-01
#          -2.75000E-01 -1.40000E-01 -5.00000E-03  1.30000E-01  2.65000E-01
#           4.00000E-01  5.35000E-01  6.70000E-01  8.05000E-01  9.40000E-01
#           1.07500E+00  1.21000E+00  1.34500E+00  1.48000E+00  1.61500E+00
#           1.75000E+00  1.88500E+00  2.02000E+00  2.15500E+00  2.29000E+00
#           2.42500E+00  2.56000E+00  2.69500E+00  2.83000E+00  2.96500E+00
#           3.10000E+00  3.23500E+00  3.37000E+00  3.50500E+00  3.64000E+00
#           3.77500E+00  3.91000E+00  4.04500E+00  4.18000E+00  4.31500E+00
#           4.45000E+00  4.58500E+00  4.72000E+00  4.85500E+00  4.99000E+00
#           5.12500E+00  5.26000E+00  5.39500E+00  5.53000E+00  5.66500E+00
#           5.80000E+00  5.93500E+00  6.07000E+00  6.20500E+00  6.34000E+00
#           6.47500E+00  6.61000E+00  6.74500E+00  6.88000E+00  7.01500E+00
#           7.15000E+00  7.28500E+00  7.42000E+00  7.55500E+00  7.69000E+00
#           7.82500E+00  7.96000E+00  8.09500E+00  8.23000E+00  8.36500E+00
#           8.50000E+00  8.63500E+00  8.77000E+00  8.90500E+00  9.04000E+00
#           9.17500E+00  9.31000E+00  9.44500E+00  9.58000E+00  9.71500E+00
#           9.85000E+00  9.98500E+00  1.01200E+01  1.02550E+01  1.03900E+01
#           1.05250E+01  1.06600E+01  1.07950E+01  1.09300E+01  1.10650E+01
#           1.12000E+01  1.13350E+01  1.14700E+01  1.16050E+01  1.17400E+01
#           1.18750E+01  1.20100E+01  1.21450E+01  1.22800E+01  1.24150E+01
#           1.25500E+01  1.26850E+01  1.28200E+01  1.29550E+01  1.30900E+01
#           1.32250E+01  1.33600E+01  1.34950E+01  1.36300E+01  1.37650E+01
#           1.39000E+01  1.40350E+01  1.41700E+01  1.43050E+01  1.44400E+01
#           1.45750E+01  1.47100E+01  1.48450E+01  1.49800E+01  1.51150E+01
#           1.52500E+01  1.53850E+01  1.55200E+01  1.56550E+01  1.57900E+01
#           1.59250E+01  1.60600E+01  1.61950E+01  1.63300E+01  1.64650E+01
#           1.66000E+01  1.67350E+01  1.68700E+01  1.70050E+01  1.71400E+01
#           1.72750E+01  1.74100E+01  1.75450E+01  1.76800E+01  1.78150E+01
#           1.79500E+01  1.80850E+01  1.82200E+01  1.83550E+01  1.84900E+01
#           1.86250E+01  1.87600E+01  1.88950E+01  1.90300E+01  1.91650E+01
#           1.93000E+01  1.94350E+01  1.95700E+01  1.97050E+01  1.98400E+01
#           1.99750E+01  2.01100E+01  2.02450E+01  2.03800E+01  2.05150E+01
#           2.06500E+01  2.07850E+01  2.09200E+01  2.10550E+01  2.11900E+01
#           2.13250E+01  2.14600E+01  2.15950E+01  2.17300E+01  2.18650E+01
#           2.20000E+01
   y-type =    2            # y-mesh is linear given by ymin, ymax and ny
     ymin =  -5.000000      # minimum value of y-mesh points
     ymax =   10.00000      # maximum value of y-mesh points
#    ydel =  7.5000000E-02  # mesh width of y-mesh points
       ny =    200          # number of y-mesh points
#    data = ( y(i), i = 1, ny + 1 )
#          -5.00000E+00 -4.92500E+00 -4.85000E+00 -4.77500E+00 -4.70000E+00
#          -4.62500E+00 -4.55000E+00 -4.47500E+00 -4.40000E+00 -4.32500E+00
#          -4.25000E+00 -4.17500E+00 -4.10000E+00 -4.02500E+00 -3.95000E+00
#          -3.87500E+00 -3.80000E+00 -3.72500E+00 -3.65000E+00 -3.57500E+00
#          -3.50000E+00 -3.42500E+00 -3.35000E+00 -3.27500E+00 -3.20000E+00
#          -3.12500E+00 -3.05000E+00 -2.97500E+00 -2.90000E+00 -2.82500E+00
#          -2.75000E+00 -2.67500E+00 -2.60000E+00 -2.52500E+00 -2.45000E+00
#          -2.37500E+00 -2.30000E+00 -2.22500E+00 -2.15000E+00 -2.07500E+00
#          -2.00000E+00 -1.92500E+00 -1.85000E+00 -1.77500E+00 -1.70000E+00
#          -1.62500E+00 -1.55000E+00 -1.47500E+00 -1.40000E+00 -1.32500E+00
#          -1.25000E+00 -1.17500E+00 -1.10000E+00 -1.02500E+00 -9.50000E-01
#          -8.75000E-01 -8.00000E-01 -7.25000E-01 -6.50000E-01 -5.75000E-01
#          -5.00000E-01 -4.25000E-01 -3.50000E-01 -2.75000E-01 -2.00000E-01
#          -1.25000E-01 -5.00000E-02  2.50000E-02  1.00000E-01  1.75000E-01
#           2.50000E-01  3.25000E-01  4.00000E-01  4.75000E-01  5.50000E-01
#           6.25000E-01  7.00000E-01  7.75000E-01  8.50000E-01  9.25000E-01
#           1.00000E+00  1.07500E+00  1.15000E+00  1.22500E+00  1.30000E+00
#           1.37500E+00  1.45000E+00  1.52500E+00  1.60000E+00  1.67500E+00
#           1.75000E+00  1.82500E+00  1.90000E+00  1.97500E+00  2.05000E+00
#           2.12500E+00  2.20000E+00  2.27500E+00  2.35000E+00  2.42500E+00
#           2.50000E+00  2.57500E+00  2.65000E+00  2.72500E+00  2.80000E+00
#           2.87500E+00  2.95000E+00  3.02500E+00  3.10000E+00  3.17500E+00
#           3.25000E+00  3.32500E+00  3.40000E+00  3.47500E+00  3.55000E+00
#           3.62500E+00  3.70000E+00  3.77500E+00  3.85000E+00  3.92500E+00
#           4.00000E+00  4.07500E+00  4.15000E+00  4.22500E+00  4.30000E+00
#           4.37500E+00  4.45000E+00  4.52500E+00  4.60000E+00  4.67500E+00
#           4.75000E+00  4.82500E+00  4.90000E+00  4.97500E+00  5.05000E+00
#           5.12500E+00  5.20000E+00  5.27500E+00  5.35000E+00  5.42500E+00
#           5.50000E+00  5.57500E+00  5.65000E+00  5.72500E+00  5.80000E+00
#           5.87500E+00  5.95000E+00  6.02500E+00  6.10000E+00  6.17500E+00
#           6.25000E+00  6.32500E+00  6.40000E+00  6.47500E+00  6.55000E+00
#           6.62500E+00  6.70000E+00  6.77500E+00  6.85000E+00  6.92500E+00
#           7.00000E+00  7.07500E+00  7.15000E+00  7.22500E+00  7.30000E+00
#           7.37500E+00  7.45000E+00  7.52500E+00  7.60000E+00  7.67500E+00
#           7.75000E+00  7.82500E+00  7.90000E+00  7.97500E+00  8.05000E+00
#           8.12500E+00  8.20000E+00  8.27500E+00  8.35000E+00  8.42500E+00
#           8.50000E+00  8.57500E+00  8.65000E+00  8.72500E+00  8.80000E+00
#           8.87500E+00  8.95000E+00  9.02500E+00  9.10000E+00  9.17500E+00
#           9.25000E+00  9.32500E+00  9.40000E+00  9.47500E+00  9.55000E+00
#           9.62500E+00  9.70000E+00  9.77500E+00  9.85000E+00  9.92500E+00
#           1.00000E+01
   z-type =    2            # z-mesh is linear given by zmin, zmax and nz
     zmin =   2.490000      # minimum value of z-mesh points
     zmax =   2.510000      # maximum value of z-mesh points
#    zdel =  2.0000000E-02  # mesh width of z-mesh points
       nz =      1          # number of z-mesh points
#    data = ( z(i), i = 1, nz + 1 )
#           2.49000E+00  2.51000E+00
   e-type =    1            # e-mesh is given by the below data
       ne =      1          # number of e-mesh points
#    data = ( e(i), i = 1, ne + 1 )
            0.00000E+00  1.00000E+03
     unit =    1            # unit is [1/cm^2/source]
 material =  all            # (D=all) number of specific material
  2D-type =    3            # 1:Cont, 2:Clust, 3:Color, 4:xyz, 5:mat, 6:Clust+Cont, 7:Col+Cont
     axis =      xy            # axis of output
     file = track_xy.out    # file name of output for the above axis
     part =  all      
# kf/name :  0        
    gshow =    3            # 0: no 1:bnd, 2:bnd+mat, 3:bnd+reg 4:bnd+lat 5:bmp style
    resol =    1            # (D=1) resolution of gshow or rshow
    width = 0.5000000       # (D=0.5) width of lines for gshow or rshow
   epsout =    1            # (D=0) generate eps file by ANGEL
#    used :        main (  %)        temp (  %)       total (  %)
#  memory :         410 (  0)           0 (  0)         410 (  0)

[ T-Track ]
    title = [t-track] in xyz mesh
     mesh =  xyz            # mesh type is xyz scoring mesh
   x-type =    2            # x-mesh is linear given by xmin, xmax and nx
     xmin =  -5.000000      # minimum value of x-mesh points
     xmax =   30.00000      # maximum value of x-mesh points
#    xdel =  0.1750000      # mesh width of x-mesh points
       nx =    200          # number of x-mesh points
#    data = ( x(i), i = 1, nx + 1 )
#          -5.00000E+00 -4.82500E+00 -4.65000E+00 -4.47500E+00 -4.30000E+00
#          -4.12500E+00 -3.95000E+00 -3.77500E+00 -3.60000E+00 -3.42500E+00
#          -3.25000E+00 -3.07500E+00 -2.90000E+00 -2.72500E+00 -2.55000E+00
#          -2.37500E+00 -2.20000E+00 -2.02500E+00 -1.85000E+00 -1.67500E+00
#          -1.50000E+00 -1.32500E+00 -1.15000E+00 -9.75000E-01 -8.00000E-01
#          -6.25000E-01 -4.50000E-01 -2.75000E-01 -1.00000E-01  7.50000E-02
#           2.50000E-01  4.25000E-01  6.00000E-01  7.75000E-01  9.50000E-01
#           1.12500E+00  1.30000E+00  1.47500E+00  1.65000E+00  1.82500E+00
#           2.00000E+00  2.17500E+00  2.35000E+00  2.52500E+00  2.70000E+00
#           2.87500E+00  3.05000E+00  3.22500E+00  3.40000E+00  3.57500E+00
#           3.75000E+00  3.92500E+00  4.10000E+00  4.27500E+00  4.45000E+00
#           4.62500E+00  4.80000E+00  4.97500E+00  5.15000E+00  5.32500E+00
#           5.50000E+00  5.67500E+00  5.85000E+00  6.02500E+00  6.20000E+00
#           6.37500E+00  6.55000E+00  6.72500E+00  6.90000E+00  7.07500E+00
#           7.25000E+00  7.42500E+00  7.60000E+00  7.77500E+00  7.95000E+00
#           8.12500E+00  8.30000E+00  8.47500E+00  8.65000E+00  8.82500E+00
#           9.00000E+00  9.17500E+00  9.35000E+00  9.52500E+00  9.70000E+00
#           9.87500E+00  1.00500E+01  1.02250E+01  1.04000E+01  1.05750E+01
#           1.07500E+01  1.09250E+01  1.11000E+01  1.12750E+01  1.14500E+01
#           1.16250E+01  1.18000E+01  1.19750E+01  1.21500E+01  1.23250E+01
#           1.25000E+01  1.26750E+01  1.28500E+01  1.30250E+01  1.32000E+01
#           1.33750E+01  1.35500E+01  1.37250E+01  1.39000E+01  1.40750E+01
#           1.42500E+01  1.44250E+01  1.46000E+01  1.47750E+01  1.49500E+01
#           1.51250E+01  1.53000E+01  1.54750E+01  1.56500E+01  1.58250E+01
#           1.60000E+01  1.61750E+01  1.63500E+01  1.65250E+01  1.67000E+01
#           1.68750E+01  1.70500E+01  1.72250E+01  1.74000E+01  1.75750E+01
#           1.77500E+01  1.79250E+01  1.81000E+01  1.82750E+01  1.84500E+01
#           1.86250E+01  1.88000E+01  1.89750E+01  1.91500E+01  1.93250E+01
#           1.95000E+01  1.96750E+01  1.98500E+01  2.00250E+01  2.02000E+01
#           2.03750E+01  2.05500E+01  2.07250E+01  2.09000E+01  2.10750E+01
#           2.12500E+01  2.14250E+01  2.16000E+01  2.17750E+01  2.19500E+01
#           2.21250E+01  2.23000E+01  2.24750E+01  2.26500E+01  2.28250E+01
#           2.30000E+01  2.31750E+01  2.33500E+01  2.35250E+01  2.37000E+01
#           2.38750E+01  2.40500E+01  2.42250E+01  2.44000E+01  2.45750E+01
#           2.47500E+01  2.49250E+01  2.51000E+01  2.52750E+01  2.54500E+01
#           2.56250E+01  2.58000E+01  2.59750E+01  2.61500E+01  2.63250E+01
#           2.65000E+01  2.66750E+01  2.68500E+01  2.70250E+01  2.72000E+01
#           2.73750E+01  2.75500E+01  2.77250E+01  2.79000E+01  2.80750E+01
#           2.82500E+01  2.84250E+01  2.86000E+01  2.87750E+01  2.89500E+01
#           2.91250E+01  2.93000E+01  2.94750E+01  2.96500E+01  2.98250E+01
#           3.00000E+01
   y-type =    1            # y-mesh is given by the below data
       ny =      1          # number of y-mesh points
#    data = ( y(i), i = 1, ny + 1 )
            0.00000E+00  5.00000E+00
   z-type =    2            # z-mesh is linear given by zmin, zmax and nz
     zmin =  -5.000000      # minimum value of z-mesh points
     zmax =   25.00000      # maximum value of z-mesh points
#    zdel =  0.1500000      # mesh width of z-mesh points
       nz =    200          # number of z-mesh points
#    data = ( z(i), i = 1, nz + 1 )
#          -5.00000E+00 -4.85000E+00 -4.70000E+00 -4.55000E+00 -4.40000E+00
#          -4.25000E+00 -4.10000E+00 -3.95000E+00 -3.80000E+00 -3.65000E+00
#          -3.50000E+00 -3.35000E+00 -3.20000E+00 -3.05000E+00 -2.90000E+00
#          -2.75000E+00 -2.60000E+00 -2.45000E+00 -2.30000E+00 -2.15000E+00
#          -2.00000E+00 -1.85000E+00 -1.70000E+00 -1.55000E+00 -1.40000E+00
#          -1.25000E+00 -1.10000E+00 -9.50000E-01 -8.00000E-01 -6.50000E-01
#          -5.00000E-01 -3.50000E-01 -2.00000E-01 -5.00000E-02  1.00000E-01
#           2.50000E-01  4.00000E-01  5.50000E-01  7.00000E-01  8.50000E-01
#           1.00000E+00  1.15000E+00  1.30000E+00  1.45000E+00  1.60000E+00
#           1.75000E+00  1.90000E+00  2.05000E+00  2.20000E+00  2.35000E+00
#           2.50000E+00  2.65000E+00  2.80000E+00  2.95000E+00  3.10000E+00
#           3.25000E+00  3.40000E+00  3.55000E+00  3.70000E+00  3.85000E+00
#           4.00000E+00  4.15000E+00  4.30000E+00  4.45000E+00  4.60000E+00
#           4.75000E+00  4.90000E+00  5.05000E+00  5.20000E+00  5.35000E+00
#           5.50000E+00  5.65000E+00  5.80000E+00  5.95000E+00  6.10000E+00
#           6.25000E+00  6.40000E+00  6.55000E+00  6.70000E+00  6.85000E+00
#           7.00000E+00  7.15000E+00  7.30000E+00  7.45000E+00  7.60000E+00
#           7.75000E+00  7.90000E+00  8.05000E+00  8.20000E+00  8.35000E+00
#           8.50000E+00  8.65000E+00  8.80000E+00  8.95000E+00  9.10000E+00
#           9.25000E+00  9.40000E+00  9.55000E+00  9.70000E+00  9.85000E+00
#           1.00000E+01  1.01500E+01  1.03000E+01  1.04500E+01  1.06000E+01
#           1.07500E+01  1.09000E+01  1.10500E+01  1.12000E+01  1.13500E+01
#           1.15000E+01  1.16500E+01  1.18000E+01  1.19500E+01  1.21000E+01
#           1.22500E+01  1.24000E+01  1.25500E+01  1.27000E+01  1.28500E+01
#           1.30000E+01  1.31500E+01  1.33000E+01  1.34500E+01  1.36000E+01
#           1.37500E+01  1.39000E+01  1.40500E+01  1.42000E+01  1.43500E+01
#           1.45000E+01  1.46500E+01  1.48000E+01  1.49500E+01  1.51000E+01
#           1.52500E+01  1.54000E+01  1.55500E+01  1.57000E+01  1.58500E+01
#           1.60000E+01  1.61500E+01  1.63000E+01  1.64500E+01  1.66000E+01
#           1.67500E+01  1.69000E+01  1.70500E+01  1.72000E+01  1.73500E+01
#           1.75000E+01  1.76500E+01  1.78000E+01  1.79500E+01  1.81000E+01
#           1.82500E+01  1.84000E+01  1.85500E+01  1.87000E+01  1.88500E+01
#           1.90000E+01  1.91500E+01  1.93000E+01  1.94500E+01  1.96000E+01
#           1.97500E+01  1.99000E+01  2.00500E+01  2.02000E+01  2.03500E+01
#           2.05000E+01  2.06500E+01  2.08000E+01  2.09500E+01  2.11000E+01
#           2.12500E+01  2.14000E+01  2.15500E+01  2.17000E+01  2.18500E+01
#           2.20000E+01  2.21500E+01  2.23000E+01  2.24500E+01  2.26000E+01
#           2.27500E+01  2.29000E+01  2.30500E+01  2.32000E+01  2.33500E+01
#           2.35000E+01  2.36500E+01  2.38000E+01  2.39500E+01  2.41000E+01
#           2.42500E+01  2.44000E+01  2.45500E+01  2.47000E+01  2.48500E+01
#           2.50000E+01
   e-type =    1            # e-mesh is given by the below data
       ne =      1          # number of e-mesh points
#    data = ( e(i), i = 1, ne + 1 )
            0.00000E+00  1.00000E+03
     unit =    1            # unit is [1/cm^2/source]
 material =  all            # (D=all) number of specific material
  2D-type =    3            # 1:Cont, 2:Clust, 3:Color, 4:xyz, 5:mat, 6:Clust+Cont, 7:Col+Cont
     axis =      xz            # axis of output
     file = track_xz.out    # file name of output for the above axis
     part =  all      
# kf/name :  0        
    gshow =    3            # 0: no 1:bnd, 2:bnd+mat, 3:bnd+reg 4:bnd+lat 5:bmp style
    resol =    1            # (D=1) resolution of gshow or rshow
    width = 0.5000000       # (D=0.5) width of lines for gshow or rshow
   epsout =    1            # (D=0) generate eps file by ANGEL
#    used :        main (  %)        temp (  %)       total (  %)
#  memory :         410 (  0)           0 (  0)         410 (  0)

[ T-Track ]
    title = energy spectrum in lead plate
     mesh =  reg            # mesh type is region-wise
      reg = 400
   e-type =    2            # e-mesh is linear given by emin, emax and ne
     emin =  1.0000000E-03  # minimum value of e-mesh points
     emax =   200.0000      # maximum value of e-mesh points
#    edel =   1.999990      # mesh width of e-mesh points
       ne =    100          # number of e-mesh points
#    data = ( e(i), i = 1, ne + 1 )
#           1.00000E-03  2.00099E+00  4.00098E+00  6.00097E+00  8.00096E+00
#           1.00009E+01  1.20009E+01  1.40009E+01  1.60009E+01  1.80009E+01
#           2.00009E+01  2.20009E+01  2.40009E+01  2.60009E+01  2.80009E+01
#           3.00008E+01  3.20008E+01  3.40008E+01  3.60008E+01  3.80008E+01
#           4.00008E+01  4.20008E+01  4.40008E+01  4.60008E+01  4.80008E+01
#           5.00007E+01  5.20007E+01  5.40007E+01  5.60007E+01  5.80007E+01
#           6.00007E+01  6.20007E+01  6.40007E+01  6.60007E+01  6.80007E+01
#           7.00007E+01  7.20006E+01  7.40006E+01  7.60006E+01  7.80006E+01
#           8.00006E+01  8.20006E+01  8.40006E+01  8.60006E+01  8.80006E+01
#           9.00006E+01  9.20005E+01  9.40005E+01  9.60005E+01  9.80005E+01
#           1.00001E+02  1.02000E+02  1.04000E+02  1.06000E+02  1.08000E+02
#           1.10000E+02  1.12000E+02  1.14000E+02  1.16000E+02  1.18000E+02
#           1.20000E+02  1.22000E+02  1.24000E+02  1.26000E+02  1.28000E+02
#           1.30000E+02  1.32000E+02  1.34000E+02  1.36000E+02  1.38000E+02
#           1.40000E+02  1.42000E+02  1.44000E+02  1.46000E+02  1.48000E+02
#           1.50000E+02  1.52000E+02  1.54000E+02  1.56000E+02  1.58000E+02
#           1.60000E+02  1.62000E+02  1.64000E+02  1.66000E+02  1.68000E+02
#           1.70000E+02  1.72000E+02  1.74000E+02  1.76000E+02  1.78000E+02
#           1.80000E+02  1.82000E+02  1.84000E+02  1.86000E+02  1.88000E+02
#           1.90000E+02  1.92000E+02  1.94000E+02  1.96000E+02  1.98000E+02
#           2.00000E+02
     unit =    1            # unit is [1/cm^2/source]
 material =  all            # (D=all) number of specific material
     axis =     eng            # axis of output
     file = spectrum_lead.out  # file name of output for the above axis
     part =  proton     neutron  
# kf/name :  2212       2112     
#    used :        main (  %)        temp (  %)       total (  %)
#  memory :         107 (  0)           0 (  0)         107 (  0)

[END] of Input Echo <<<========================================================

<<< Report of real Geometry memory >>>
*           GG/CG memory =        2
*     total memory: mdas = 80000000
*                percent =     0.00 %

<<< Report of material memory for high energy>>>
*   high energy material =        1
*     total memory: mdas = 80000000
*                percent =     0.00 %

<<< Report of material memory for low energy>>>
*    low energy material =     4008
*     total memory: mdas = 80000000
*                percent =     0.01 %

<<< Report of real tally memory >>>
*      real tally memory =      927
*     total memory: mdas = 80000000
*                percent =     0.00 %

<<< Report of temporary tally memory >>>
* temporary tally memory =     4013
*     total memory: mdas = 80000000
*                percent =     0.01 %

<<< Report of total memory >>>
*      used total memory =     4014
*     total memory: mdas = 80000000
*                percent =     0.01 %
*                ---------------------

-------------------------------------------------------------------------------
bat[       1] ncas =             50.
 bitrseed = 0100001010011000001011101100011110011000110110100110010000000000
          cpu time =   0.082 s.

-------------------------------------------------------------------------------
bat[       2] ncas =            100.
 bitrseed = 0000110001010010110010000111101110111101101110101110101000000001
          cpu time =   0.359 s.

-------------------------------------------------------------------------------
bat[       3] ncas =            150.
 bitrseed = 1010101001001011110110011011100111111000111010101111101001110001
          cpu time =   0.375 s.

-------------------------------------------------------------------------------
bat[       4] ncas =            200.
 bitrseed = 1101100001101100010000100111100100111000001111100101000000110111
          cpu time =   0.453 s.

-------------------------------------------------------------------------------
bat[       5] ncas =            250.
 bitrseed = 0110111111101010001000010010111011101010001101101101010011000001
          cpu time =   0.379 s.

-------------------------------------------------------------------------------
bat[       6] ncas =            300.
 bitrseed = 0000110111001111011111100000101111001011101101111001010011110111
          cpu time =   0.645 s.

-------------------------------------------------------------------------------
bat[       7] ncas =            350.
 bitrseed = 0110011110011011101111101000011101011110111011100011101010101000
          cpu time =   0.570 s.

-------------------------------------------------------------------------------
bat[       8] ncas =            400.
 bitrseed = 1001100101101001011101101000111110011011100001101000001000011110
          cpu time =   0.504 s.

-------------------------------------------------------------------------------
bat[       9] ncas =            450.
 bitrseed = 0111011110010110010001001100111101000000011101000011010001001110
          cpu time =   0.582 s.

-------------------------------------------------------------------------------
bat[      10] ncas =            500.
 bitrseed = 1111101111100011101010111100001100100011111100101101110000011101
          cpu time =   0.562 s.

-------------------------------------------------------------------------------
bat[      11] ncas =            550.
 bitrseed = 0110000011011111010000110000100111011010100111111010000000001000
          cpu time =   0.473 s.

-------------------------------------------------------------------------------
bat[      12] ncas =            600.
 bitrseed = 0011101110010001011110011101100011110111011110111011010110100011
          cpu time =   0.375 s.

-------------------------------------------------------------------------------
bat[      13] ncas =            650.
 bitrseed = 0101010011011111100001111111110101111011111110111001110000110111
          cpu time =   0.449 s.

-------------------------------------------------------------------------------
bat[      14] ncas =            700.
 bitrseed = 0101101000011101001010000011110010000100001100110000000010001101
          cpu time =   0.449 s.

-------------------------------------------------------------------------------
bat[      15] ncas =            750.
 bitrseed = 0111100011011100010111111011110111010100001000010100111000000111
          cpu time =   0.469 s.

-------------------------------------------------------------------------------
bat[      16] ncas =            800.
 bitrseed = 1011101110100110000011101100111110100100000001010000101101010111
          cpu time =   0.348 s.

-------------------------------------------------------------------------------
bat[      17] ncas =            850.
 bitrseed = 1011011111110010011101000011100111001001010010100110011111011100
          cpu time =   0.320 s.

-------------------------------------------------------------------------------
bat[      18] ncas =            900.
 bitrseed = 0100000100101001011110011010110100011110101011101111010111111101
          cpu time =   0.324 s.

-------------------------------------------------------------------------------
bat[      19] ncas =            950.
 bitrseed = 1111010100000000010100111010001101000100010001001110111100111100
          cpu time =   0.297 s.

-------------------------------------------------------------------------------
bat[      20] ncas =           1000.
 bitrseed = 0100001100001010100100110000100101010000010010011111000100011001
          cpu time =   0.355 s.

-------------------------------------------------------------------------------
bat[      21] ncas =           1050.
 bitrseed = 0101000011000111010110101100111000100101101011010111101101011101
          cpu time =   0.336 s.

-------------------------------------------------------------------------------
bat[      22] ncas =           1100.
 bitrseed = 0000101000100010110101110110011001111000101000010010100001101011
          cpu time =   0.281 s.

-------------------------------------------------------------------------------
bat[      23] ncas =           1150.
 bitrseed = 0100100001000010011000000111110111000011000010101000010101010101
          cpu time =   0.336 s.

-------------------------------------------------------------------------------
bat[      24] ncas =           1200.
 bitrseed = 0010001000000111110011111111111100010101000001100001100001011001
          cpu time =   0.312 s.

-------------------------------------------------------------------------------
bat[      25] ncas =           1250.
 bitrseed = 0111110001000100100001011000011111100101110111111101111010001010
          cpu time =   0.301 s.

-------------------------------------------------------------------------------
bat[      26] ncas =           1300.
 bitrseed = 1101111101001110011011011111000000011011101010100001000110111100
          cpu time =   0.289 s.

-------------------------------------------------------------------------------
bat[      27] ncas =           1350.
 bitrseed = 1001101110001011110000001100111110011100001110100001001100000010
          cpu time =   0.328 s.

-------------------------------------------------------------------------------
bat[      28] ncas =           1400.
 bitrseed = 0001101001000010111100011001000001100001110110000101111000101101
          cpu time =   0.367 s.

-------------------------------------------------------------------------------
bat[      29] ncas =           1450.
 bitrseed = 1111100110010110010010110011000110100010100010110001101000100101
          cpu time =   0.301 s.

-------------------------------------------------------------------------------
bat[      30] ncas =           1500.
 bitrseed = 1100100000010011110011110110010110000111001101010011010100001110
          cpu time =   0.488 s.

-------------------------------------------------------------------------------
bat[      31] ncas =           1550.
 bitrseed = 1000101111011001110100000100111110101111111101000011010101010010
          cpu time =   0.324 s.

-------------------------------------------------------------------------------
bat[      32] ncas =           1600.
 bitrseed = 0010100001111011000001101101000001010001101110101011101011111100
          cpu time =   0.371 s.

-------------------------------------------------------------------------------
bat[      33] ncas =           1650.
 bitrseed = 1011001010110101100001110000010001011100000010001100110111010001
          cpu time =   0.316 s.

-------------------------------------------------------------------------------
bat[      34] ncas =           1700.
 bitrseed = 1001111110111011101001010000001111101111100101110100011011001000
          cpu time =   0.312 s.

-------------------------------------------------------------------------------
bat[      35] ncas =           1750.
 bitrseed = 0101101101011110110001000010011111110011011100100010110110010000
          cpu time =   0.332 s.

-------------------------------------------------------------------------------
bat[      36] ncas =           1800.
 bitrseed = 0100110100011101100100000001110101111110000000001011110101110110
          cpu time =   0.312 s.

-------------------------------------------------------------------------------
bat[      37] ncas =           1850.
 bitrseed = 0010110011111110010100010110100111011111110001100011010001001000
          cpu time =   0.305 s.

-------------------------------------------------------------------------------
bat[      38] ncas =           1900.
 bitrseed = 0110011011111100001000010111110100111001100110010101101000101100
          cpu time =   0.273 s.

-------------------------------------------------------------------------------
bat[      39] ncas =           1950.
 bitrseed = 1011011001000111101011010101100101100100010100111100111000101001
          cpu time =   0.305 s.

-------------------------------------------------------------------------------
bat[      40] ncas =           2000.
 bitrseed = 1111111101010010111000111101010101000000101101101001111010010000
          cpu time =   0.371 s.

-------------------------------------------------------------------------------
bat[      41] ncas =           2050.
 bitrseed = 0101100011011011110001100101110111100110110100101110100101001100
          cpu time =   0.289 s.

-------------------------------------------------------------------------------
bat[      42] ncas =           2100.
 bitrseed = 0000110100101100000110011110011000001001101101001111100010101001
          cpu time =   0.328 s.

-------------------------------------------------------------------------------
bat[      43] ncas =           2150.
 bitrseed = 0101010001111010111010101001100001101011111010001011010011000111
          cpu time =   0.305 s.

-------------------------------------------------------------------------------
bat[      44] ncas =           2200.
 bitrseed = 1101001010100101001010111011110010001110110101011100100100101101
          cpu time =   0.277 s.

-------------------------------------------------------------------------------
bat[      45] ncas =           2250.
 bitrseed = 1010011001001100001011100010010111101101100011010000110001000100
          cpu time =   0.293 s.

-------------------------------------------------------------------------------
bat[      46] ncas =           2300.
 bitrseed = 0000100111101011100100110100101001101000011100101011100111010011
          cpu time =   0.320 s.

-------------------------------------------------------------------------------
bat[      47] ncas =           2350.
 bitrseed = 1111000001001010100001100111111010000010101111100001100110110000
          cpu time =   0.332 s.

-------------------------------------------------------------------------------
bat[      48] ncas =           2400.
 bitrseed = 1001001110011011100000111100001110001111101110011111011001101101
          cpu time =   0.273 s.

-------------------------------------------------------------------------------
bat[      49] ncas =           2450.
 bitrseed = 0111100110001011000110010101001101100100001100100010100001110111
          cpu time =   0.316 s.

-------------------------------------------------------------------------------
bat[      50] ncas =           2500.
 bitrseed = 0110011110001001011101010001011011001010110001000001001001010100
          cpu time =   0.328 s.

-------------------------------------------------------------------------------
bat[      51] ncas =           2550.
 bitrseed = 0111100010001001001110110000000011110111100111010011100011001100
          cpu time =   0.285 s.

-------------------------------------------------------------------------------
bat[      52] ncas =           2600.
 bitrseed = 0011101111010011100111110011111010101001010001101010111001001100
          cpu time =   0.316 s.

-------------------------------------------------------------------------------
bat[      53] ncas =           2650.
 bitrseed = 1110010011111101010010111100010001101111001100100110011111100011
          cpu time =   0.312 s.

-------------------------------------------------------------------------------
bat[      54] ncas =           2700.
 bitrseed = 0010001101010101001111111100111001101011000000001110001110111011
          cpu time =   0.289 s.

-------------------------------------------------------------------------------
bat[      55] ncas =           2750.
 bitrseed = 1100000101110101111011111010010001010101000111111110001110001100
          cpu time =   0.297 s.

-------------------------------------------------------------------------------
bat[      56] ncas =           2800.
 bitrseed = 1011000010100000111110101110111111111111101001011111001011011110
          cpu time =   0.320 s.

-------------------------------------------------------------------------------
bat[      57] ncas =           2850.
 bitrseed = 1110110011111010010010110001100011000110111000111011011110101010
          cpu time =   0.309 s.

-------------------------------------------------------------------------------
bat[      58] ncas =           2900.
 bitrseed = 1001111101011110000110001100110010010000110011110000111000100101
          cpu time =   0.285 s.

-------------------------------------------------------------------------------
bat[      59] ncas =           2950.
 bitrseed = 1001011001000101111000010100101010100110110101111101101010110001
          cpu time =   0.305 s.

-------------------------------------------------------------------------------
bat[      60] ncas =           3000.
 bitrseed = 1000001101110101101010000001100000101101111001010101100000101100
          cpu time =   0.293 s.

-------------------------------------------------------------------------------
bat[      61] ncas =           3050.
 bitrseed = 0111101111011110101110001110111000001110000010010001000010100001
          cpu time =   0.293 s.

-------------------------------------------------------------------------------
bat[      62] ncas =           3100.
 bitrseed = 1010001001101111000010001011110000000000001000111011100001110111
          cpu time =   0.328 s.

-------------------------------------------------------------------------------
bat[      63] ncas =           3150.
 bitrseed = 1101011111101001111110010110001011011100000001111100100001110111
          cpu time =   0.301 s.

-------------------------------------------------------------------------------
bat[      64] ncas =           3200.
 bitrseed = 0001101110000001001010011110000111101001100100100101000101011111
          cpu time =   0.289 s.

-------------------------------------------------------------------------------
bat[      65] ncas =           3250.
 bitrseed = 1001001101011001010110101101110010110110101001111111110111100000
          cpu time =   0.383 s.

-------------------------------------------------------------------------------
bat[      66] ncas =           3300.
 bitrseed = 1110100111011001010111000100011101000011101010101001100101001111
          cpu time =   0.277 s.

-------------------------------------------------------------------------------
bat[      67] ncas =           3350.
 bitrseed = 1010100001001100011011011010010000011010110101111000111111010001
          cpu time =   0.312 s.

-------------------------------------------------------------------------------
bat[      68] ncas =           3400.
 bitrseed = 1111000111010010001101010100110111010000011001000011110100111010
          cpu time =   0.352 s.

-------------------------------------------------------------------------------
bat[      69] ncas =           3450.
 bitrseed = 0011000110100010001111110011101000101100100000101010011110011010
          cpu time =   0.293 s.

-------------------------------------------------------------------------------
bat[      70] ncas =           3500.
 bitrseed = 0010000011100010010111010101001101010110100001111000101101001001
          cpu time =   0.309 s.

-------------------------------------------------------------------------------
bat[      71] ncas =           3550.
 bitrseed = 1001111111010011110100000100001001100110111101110011111101110011
          cpu time =   0.340 s.

-------------------------------------------------------------------------------
bat[      72] ncas =           3600.
 bitrseed = 1010011011101011011010101101110011010010101001111101101000100001
          cpu time =   0.285 s.

-------------------------------------------------------------------------------
bat[      73] ncas =           3650.
 bitrseed = 1001100110100111101011001001011101111101011000100000010101100110
          cpu time =   0.316 s.

-------------------------------------------------------------------------------
bat[      74] ncas =           3700.
 bitrseed = 0100110000110000101010101111001100000100010110010101011100000001
          cpu time =   0.305 s.

-------------------------------------------------------------------------------
bat[      75] ncas =           3750.
 bitrseed = 0101111110001111000001010111011010110110001000101100000110001100
          cpu time =   0.293 s.

-------------------------------------------------------------------------------
bat[      76] ncas =           3800.
 bitrseed = 1001111111111000011011100000000011111101111000101000100100110011
          cpu time =   0.371 s.

-------------------------------------------------------------------------------
bat[      77] ncas =           3850.
 bitrseed = 1010111011111100110111111101110111100110010000010010001010010101
          cpu time =   0.285 s.

-------------------------------------------------------------------------------
bat[      78] ncas =           3900.
 bitrseed = 1011001011101110110011001101011100101111101111100100000011010001
          cpu time =   0.324 s.

-------------------------------------------------------------------------------
bat[      79] ncas =           3950.
 bitrseed = 1101011000010001111001010111011110001001011111010000011111111111
          cpu time =   0.312 s.

-------------------------------------------------------------------------------
bat[      80] ncas =           4000.
 bitrseed = 0010010111111010011111010111010100000110010100101100010110011011
          cpu time =   0.312 s.

-------------------------------------------------------------------------------
bat[      81] ncas =           4050.
 bitrseed = 1000101001001101001010000000111010011100000001000110000001000000
          cpu time =   0.297 s.

-------------------------------------------------------------------------------
bat[      82] ncas =           4100.
 bitrseed = 1101100000011001100010010001001010111001001100000000011011101001
          cpu time =   0.281 s.

-------------------------------------------------------------------------------
bat[      83] ncas =           4150.
 bitrseed = 1001011011110000111010000000111010111001110011111100101101111110
          cpu time =   0.273 s.

-------------------------------------------------------------------------------
bat[      84] ncas =           4200.
 bitrseed = 1001001011001110110011110110001101000000111100111010011101100110
          cpu time =   0.320 s.

-------------------------------------------------------------------------------
bat[      85] ncas =           4250.
 bitrseed = 0100011010001101011111010010000000010000111001111000000001010001
          cpu time =   0.301 s.

-------------------------------------------------------------------------------
bat[      86] ncas =           4300.
 bitrseed = 1110010100101000110100000111000010100101101011001110000011001011
          cpu time =   0.281 s.

-------------------------------------------------------------------------------
bat[      87] ncas =           4350.
 bitrseed = 0000100100010101100111101111101110001000011000000010100001100011
          cpu time =   0.344 s.

-------------------------------------------------------------------------------
bat[      88] ncas =           4400.
 bitrseed = 1001111110110100011100010011000001010111110000011101001110000111
          cpu time =   0.316 s.

-------------------------------------------------------------------------------
bat[      89] ncas =           4450.
 bitrseed = 1100111101101100010010011010000101011001100001111101111000000001
          cpu time =   0.285 s.

-------------------------------------------------------------------------------
bat[      90] ncas =           4500.
 bitrseed = 0010010110010010011110010001101110100000010111111111011001011110
          cpu time =   0.348 s.

-------------------------------------------------------------------------------
bat[      91] ncas =           4550.
 bitrseed = 0100010001111111010001100001001110110111100100101011001100111100
          cpu time =   0.293 s.

-------------------------------------------------------------------------------
bat[      92] ncas =           4600.
 bitrseed = 1111101011011011000101111101000110010110100010100100010111011011
          cpu time =   0.285 s.

-------------------------------------------------------------------------------
bat[      93] ncas =           4650.
 bitrseed = 0100110110000110000010101111000001100000010100100101010000100111
          cpu time =   0.406 s.

-------------------------------------------------------------------------------
bat[      94] ncas =           4700.
 bitrseed = 1001111001011010010011100011110001100001100010100011000011110100
          cpu time =   0.305 s.

-------------------------------------------------------------------------------
bat[      95] ncas =           4750.
 bitrseed = 0111111110001110000011101110010110010111110101111101110100111001
          cpu time =   0.320 s.

-------------------------------------------------------------------------------
bat[      96] ncas =           4800.
 bitrseed = 0011110010011110111111110010000100001111110001100010011000001011
          cpu time =   0.340 s.

-------------------------------------------------------------------------------
bat[      97] ncas =           4850.
 bitrseed = 0100010100100011010100111111010110010011101111110111010010000110
          cpu time =   0.297 s.

-------------------------------------------------------------------------------
bat[      98] ncas =           4900.
 bitrseed = 1011000110110101111010000001101000101100011110010000101100011100
          cpu time =   0.293 s.

-------------------------------------------------------------------------------
bat[      99] ncas =           4950.
 bitrseed = 0101111000010111111111101110010000111010010000010001000100011101
          cpu time =   0.352 s.

-------------------------------------------------------------------------------
bat[     100] ncas =           5000.
 bitrseed = 1011110000110001010000010110001011010111100000111010100010010111
          cpu time =   0.309 s.

-------------------------------------------------------------------------------
bat[     101] ncas =           5050.
 bitrseed = 1101111111001101100001000101010101010011110110101000101010011110
          cpu time =   0.273 s.

-------------------------------------------------------------------------------
bat[     102] ncas =           5100.
 bitrseed = 0101010110010000111011100111010101111111100111111010111000100011
          cpu time =   0.324 s.

-------------------------------------------------------------------------------
bat[     103] ncas =           5150.
 bitrseed = 0111111110010111001101111110000100100111010000110011101011001000
          cpu time =   0.328 s.

-------------------------------------------------------------------------------
bat[     104] ncas =           5200.
 bitrseed = 1101100100011111110100011101000100100100101111010101010101011001
          cpu time =   0.406 s.

-------------------------------------------------------------------------------
bat[     105] ncas =           5250.
 bitrseed = 0101010000100000111110011010100001110001100111101011011010001100
          cpu time =   0.293 s.

-------------------------------------------------------------------------------
bat[     106] ncas =           5300.
 bitrseed = 1111110101110011010011101100101011111000111010110100100000000001
          cpu time =   0.305 s.

-------------------------------------------------------------------------------
bat[     107] ncas =           5350.
 bitrseed = 0011111101101100100001011111011001010100100000001110000110110011
          cpu time =   0.309 s.

-------------------------------------------------------------------------------
bat[     108] ncas =           5400.
 bitrseed = 0011111000111101101101001010010000111110110011100100010110001101
          cpu time =   0.336 s.

-------------------------------------------------------------------------------
bat[     109] ncas =           5450.
 bitrseed = 0101000000001111111100000111111001111110100011111110000001011010
          cpu time =   0.285 s.

-------------------------------------------------------------------------------
bat[     110] ncas =           5500.
 bitrseed = 1101000100100100110110010101001011111110011001011110101111000010
          cpu time =   0.285 s.

-------------------------------------------------------------------------------
bat[     111] ncas =           5550.
 bitrseed = 1011110010101001010011000010101011100110100101010000011011000010
          cpu time =   0.312 s.

-------------------------------------------------------------------------------
bat[     112] ncas =           5600.
 bitrseed = 1100001100100101100000010000110111110100011010010000000010001001
          cpu time =   0.324 s.

-------------------------------------------------------------------------------
bat[     113] ncas =           5650.
 bitrseed = 1001101011010001010111111000010010010001010010001111110001000101
          cpu time =   0.332 s.

-------------------------------------------------------------------------------
bat[     114] ncas =           5700.
 bitrseed = 1000000001100101111111111110101000001001010010011110010110000011
          cpu time =   0.316 s.

-------------------------------------------------------------------------------
bat[     115] ncas =           5750.
 bitrseed = 0001111110011011111100010110001010011010101110011000111011010111
          cpu time =   0.309 s.

-------------------------------------------------------------------------------
bat[     116] ncas =           5800.
 bitrseed = 1010011111110110100010010101111000011000011110100101011101010000
          cpu time =   0.277 s.

-------------------------------------------------------------------------------
bat[     117] ncas =           5850.
 bitrseed = 0000100011111101101111001011000111100111110110111001010111001101
          cpu time =   0.297 s.

-------------------------------------------------------------------------------
bat[     118] ncas =           5900.
 bitrseed = 0001110101000010010000010111010111000000111101000010010111100101
          cpu time =   0.363 s.

-------------------------------------------------------------------------------
bat[     119] ncas =           5950.
 bitrseed = 0110111010010111001101000001101011100111110101100011100100101110
          cpu time =   0.316 s.

-------------------------------------------------------------------------------
bat[     120] ncas =           6000.
 bitrseed = 0101001010101110111101010000011101101001110001000110101000010111
          cpu time =   0.309 s.

-------------------------------------------------------------------------------
bat[     121] ncas =           6050.
 bitrseed = 1001000011100101101101101011000010001010100000111001111101111011
          cpu time =   0.289 s.

-------------------------------------------------------------------------------
bat[     122] ncas =           6100.
 bitrseed = 0111011001001001111000101110000001101100101111110000111100011000
          cpu time =   0.285 s.

-------------------------------------------------------------------------------
bat[     123] ncas =           6150.
 bitrseed = 0000100110011000011101010101000000101100100011101010000000111110
          cpu time =   0.332 s.

-------------------------------------------------------------------------------
bat[     124] ncas =           6200.
 bitrseed = 0011011011011000101011101111110001001101111100000001000010001010
          cpu time =   0.320 s.

-------------------------------------------------------------------------------
bat[     125] ncas =           6250.
 bitrseed = 1001000111100011000110101011100101111101000001000001111011100011
          cpu time =   0.316 s.

-------------------------------------------------------------------------------
bat[     126] ncas =           6300.
 bitrseed = 1110111000100000110000000111011010001101110100001001001110011100
          cpu time =   0.340 s.

-------------------------------------------------------------------------------
bat[     127] ncas =           6350.
 bitrseed = 1101001101100100010101111110010010101010100101110100010011000011
          cpu time =   0.324 s.

-------------------------------------------------------------------------------
bat[     128] ncas =           6400.
 bitrseed = 0010001001101100100101101010001000101100111011111110101001011000
          cpu time =   0.301 s.

-------------------------------------------------------------------------------
bat[     129] ncas =           6450.
 bitrseed = 0011100001111001011111010001010001101000011110001101100010110000
          cpu time =   0.352 s.

-------------------------------------------------------------------------------
bat[     130] ncas =           6500.
 bitrseed = 0101101100110111001000111111110001110101001101110110011101111101
          cpu time =   0.332 s.

-------------------------------------------------------------------------------
bat[     131] ncas =           6550.
 bitrseed = 0101001010110010110101101110100010100111111101111101111010011111
          cpu time =   0.297 s.

-------------------------------------------------------------------------------
bat[     132] ncas =           6600.
 bitrseed = 1100111100111011100011110010001010110100001110110111111111101000
          cpu time =   0.293 s.

-------------------------------------------------------------------------------
bat[     133] ncas =           6650.
 bitrseed = 1001000001000001011001111001111010010110001010110101010001010011
          cpu time =   0.309 s.

-------------------------------------------------------------------------------
bat[     134] ncas =           6700.
 bitrseed = 0110101111000100001111001111000111010100111111100011000101101111
          cpu time =   0.320 s.

-------------------------------------------------------------------------------
bat[     135] ncas =           6750.
 bitrseed = 1001111001011111111111110011011010100101000000111011110100100011
          cpu time =   0.316 s.

-------------------------------------------------------------------------------
bat[     136] ncas =           6800.
 bitrseed = 0110110011011011100100010111000000101010101000111100001110101100
          cpu time =   0.309 s.

-------------------------------------------------------------------------------
bat[     137] ncas =           6850.
 bitrseed = 1001000011010100000100011000010011001110110001000000010010001011
          cpu time =   0.297 s.

-------------------------------------------------------------------------------
bat[     138] ncas =           6900.
 bitrseed = 1110011110101111011011100011111101111000011100010000000101111100
          cpu time =   0.363 s.

-------------------------------------------------------------------------------
bat[     139] ncas =           6950.
 bitrseed = 1001101000011110001000000011111001000010000011011011111100010001
          cpu time =   0.293 s.

-------------------------------------------------------------------------------
bat[     140] ncas =           7000.
 bitrseed = 1011110000011011101101110101000101001101001001000100100101001100
          cpu time =   0.320 s.

-------------------------------------------------------------------------------
bat[     141] ncas =           7050.
 bitrseed = 1001011010111010111011011110110001001010000110111001011110011110
          cpu time =   0.348 s.

-------------------------------------------------------------------------------
bat[     142] ncas =           7100.
 bitrseed = 0100001001010011000111000000000110111100100001000010100111000101
          cpu time =   0.336 s.

-------------------------------------------------------------------------------
bat[     143] ncas =           7150.
 bitrseed = 0001111011011010100000000011101111011100100111110101110100110100
          cpu time =   0.363 s.

-------------------------------------------------------------------------------
bat[     144] ncas =           7200.
 bitrseed = 1001011001011001010010101001100101011100001010110111010111001000
          cpu time =   0.352 s.

-------------------------------------------------------------------------------
bat[     145] ncas =           7250.
 bitrseed = 1010110000100001011001100011011010001100010111000100100111000100
          cpu time =   0.312 s.

-------------------------------------------------------------------------------
bat[     146] ncas =           7300.
 bitrseed = 1101110001100001101000101111001111000110000001100111111110000000
          cpu time =   0.316 s.

-------------------------------------------------------------------------------
bat[     147] ncas =           7350.
 bitrseed = 1100000011001010001000011100110100000110101000100000110100000010
          cpu time =   0.312 s.

-------------------------------------------------------------------------------
bat[     148] ncas =           7400.
 bitrseed = 1001001011110110101100101101100100001010000110110110101011101000
          cpu time =   0.340 s.

-------------------------------------------------------------------------------
bat[     149] ncas =           7450.
 bitrseed = 0011101001000111000101011001011111111100001111000101010011010010
          cpu time =   0.328 s.

-------------------------------------------------------------------------------
bat[     150] ncas =           7500.
 bitrseed = 1001011111101100101110111111011010100001001110100100101001001000
          cpu time =   0.273 s.

-------------------------------------------------------------------------------
bat[     151] ncas =           7550.
 bitrseed = 0001110001100100101011010110110011101110000111101110000111011000
          cpu time =   0.289 s.

-------------------------------------------------------------------------------
bat[     152] ncas =           7600.
 bitrseed = 0101000110101000101010111010000001010111001101000101010011010110
          cpu time =   0.273 s.

-------------------------------------------------------------------------------
bat[     153] ncas =           7650.
 bitrseed = 1001001000011011010111101011100000011000101001100001010001010111
          cpu time =   0.352 s.

-------------------------------------------------------------------------------
bat[     154] ncas =           7700.
 bitrseed = 1000000010001001000101001101100100110101000110100110010110001011
          cpu time =   0.297 s.

-------------------------------------------------------------------------------
bat[     155] ncas =           7750.
 bitrseed = 0000111100111011001011001111100010111011110011001000000010001010
          cpu time =   0.305 s.

-------------------------------------------------------------------------------
bat[     156] ncas =           7800.
 bitrseed = 0111011111011010000111110000011000010011000000000100000110010000
          cpu time =   0.328 s.

-------------------------------------------------------------------------------
bat[     157] ncas =           7850.
 bitrseed = 0011011011101011010000100001100101000010010011001111111010011011
          cpu time =   0.293 s.

-------------------------------------------------------------------------------
bat[     158] ncas =           7900.
 bitrseed = 0011010011101100100101100111010111111111110111100000011011111011
          cpu time =   0.340 s.

-------------------------------------------------------------------------------
bat[     159] ncas =           7950.
 bitrseed = 1000111101011000100111100000001011000100110100011110100100111010
          cpu time =   0.305 s.

-------------------------------------------------------------------------------
bat[     160] ncas =           8000.
 bitrseed = 0100000011101100100000100101010010001011111011010111001110010111
          cpu time =   0.309 s.

-------------------------------------------------------------------------------
bat[     161] ncas =           8050.
 bitrseed = 1101001111101111111101001001110111010001010011111101010010001001
          cpu time =   0.312 s.

-------------------------------------------------------------------------------
bat[     162] ncas =           8100.
 bitrseed = 0111111101000011110110100110010001011100110001110010001010011101
          cpu time =   0.320 s.

-------------------------------------------------------------------------------
bat[     163] ncas =           8150.
 bitrseed = 0111111010000111000110111000101010111111010101111111001101000110
          cpu time =   0.309 s.

-------------------------------------------------------------------------------
bat[     164] ncas =           8200.
 bitrseed = 0001111000010111001001111111001011011101110010101110101001110000
          cpu time =   0.375 s.

-------------------------------------------------------------------------------
bat[     165] ncas =           8250.
 bitrseed = 1000111011010110001011001100110110100111110010111010100000111101
          cpu time =   0.305 s.

-------------------------------------------------------------------------------
bat[     166] ncas =           8300.
 bitrseed = 0110101110001100100101111010101111111100001010111001000010001111
          cpu time =   0.297 s.

-------------------------------------------------------------------------------
bat[     167] ncas =           8350.
 bitrseed = 1001101100011101011100110011101110101101011100011111101111110010
          cpu time =   0.324 s.

-------------------------------------------------------------------------------
bat[     168] ncas =           8400.
 bitrseed = 1100001100110011000010011101110100101100110100011001000110001111
          cpu time =   0.301 s.

-------------------------------------------------------------------------------
bat[     169] ncas =           8450.
 bitrseed = 1000011000100101000010111011111001000001110111100001110001100100
          cpu time =   0.316 s.

-------------------------------------------------------------------------------
bat[     170] ncas =           8500.
 bitrseed = 0101100011111101011011000110100100000111011000011101101101010111
          cpu time =   0.309 s.

-------------------------------------------------------------------------------
bat[     171] ncas =           8550.
 bitrseed = 0000010111110111111111011110001000101011110111111101111011110000
          cpu time =   0.367 s.

-------------------------------------------------------------------------------
bat[     172] ncas =           8600.
 bitrseed = 1000111110100101010111111010101011101111111101111001111101010010
          cpu time =   0.316 s.

-------------------------------------------------------------------------------
bat[     173] ncas =           8650.
 bitrseed = 0000010001011110000010001100110101001111001101100011011011010110
          cpu time =   0.289 s.

-------------------------------------------------------------------------------
bat[     174] ncas =           8700.
 bitrseed = 0100101011001110001111000111011010111011100100010111011100000101
          cpu time =   0.309 s.

-------------------------------------------------------------------------------
bat[     175] ncas =           8750.
 bitrseed = 1111000001000110010110101000010111100001100000001111101110111111
          cpu time =   0.289 s.

-------------------------------------------------------------------------------
bat[     176] ncas =           8800.
 bitrseed = 0100111111000011010111000001011001111101000110110010001111011100
          cpu time =   0.301 s.

-------------------------------------------------------------------------------
bat[     177] ncas =           8850.
 bitrseed = 0110001111110100000001101010001000001111101011111111101001001111
          cpu time =   0.309 s.

-------------------------------------------------------------------------------
bat[     178] ncas =           8900.
 bitrseed = 0011111000111001010100101000110110010011110110110100000110100101
          cpu time =   0.297 s.

-------------------------------------------------------------------------------
bat[     179] ncas =           8950.
 bitrseed = 0101111000110100011001111111011000101000100011001000101011101100
          cpu time =   0.293 s.

-------------------------------------------------------------------------------
bat[     180] ncas =           9000.
 bitrseed = 0100010101111100000010101010011110000011000010110011101101110100
          cpu time =   0.328 s.

-------------------------------------------------------------------------------
bat[     181] ncas =           9050.
 bitrseed = 1011100001101001100100111110100001000001010100101110010000011100
          cpu time =   0.297 s.

-------------------------------------------------------------------------------
bat[     182] ncas =           9100.
 bitrseed = 1100110111011100010100011001010010011101010100111101011011100101
          cpu time =   0.297 s.

-------------------------------------------------------------------------------
bat[     183] ncas =           9150.
 bitrseed = 0001001100100110111011101000100001001101011011100101100100101000
          cpu time =   0.320 s.

-------------------------------------------------------------------------------
bat[     184] ncas =           9200.
 bitrseed = 1011111001110110111100101010011101011001110011100111101011001000
          cpu time =   0.320 s.

-------------------------------------------------------------------------------
bat[     185] ncas =           9250.
 bitrseed = 1100011001011011001111100011111010001100000011111011001001110111
          cpu time =   0.281 s.

-------------------------------------------------------------------------------
bat[     186] ncas =           9300.
 bitrseed = 0010111000000001100000011100110000110111110101110111110111110101
          cpu time =   0.301 s.

-------------------------------------------------------------------------------
bat[     187] ncas =           9350.
 bitrseed = 1001011011111000100010101010110101001011000001011011100001111001
          cpu time =   0.293 s.

-------------------------------------------------------------------------------
bat[     188] ncas =           9400.
 bitrseed = 0101011011110011101011101100001101001110110010001001110110101001
          cpu time =   0.297 s.

-------------------------------------------------------------------------------
bat[     189] ncas =           9450.
 bitrseed = 0111000111000101010010111111111010001001110011000011110010111010
          cpu time =   0.328 s.

-------------------------------------------------------------------------------
bat[     190] ncas =           9500.
 bitrseed = 1000110100010100010110100000011110101000001001000011001011011100
          cpu time =   0.328 s.

-------------------------------------------------------------------------------
bat[     191] ncas =           9550.
 bitrseed = 0101011000010001010110101000101111111010011011010111001111110010
          cpu time =   0.328 s.

-------------------------------------------------------------------------------
bat[     192] ncas =           9600.
 bitrseed = 1011000011000110001010101101110011000100110011101000100100101110
          cpu time =   0.312 s.

-------------------------------------------------------------------------------
bat[     193] ncas =           9650.
 bitrseed = 0011111000001010011111010000011100101010010111010011111010100010
          cpu time =   0.312 s.

-------------------------------------------------------------------------------
bat[     194] ncas =           9700.
 bitrseed = 1011101000110101110100101001000011111001110100011000011100100010
          cpu time =   0.324 s.

-------------------------------------------------------------------------------
bat[     195] ncas =           9750.
 bitrseed = 0001001100111111110011011111110011111000101100001110100100101001
          cpu time =   0.316 s.

-------------------------------------------------------------------------------
bat[     196] ncas =           9800.
 bitrseed = 0001101001111111001101101011100010000000011101101101011000000110
          cpu time =   0.305 s.

-------------------------------------------------------------------------------
bat[     197] ncas =           9850.
 bitrseed = 0100111111010110011000101111010101001111100111101100100101111111
          cpu time =   0.297 s.

-------------------------------------------------------------------------------
bat[     198] ncas =           9900.
 bitrseed = 1000010111011000011011011100101011010011111001100101000100100110
          cpu time =   0.293 s.

-------------------------------------------------------------------------------
bat[     199] ncas =           9950.
 bitrseed = 0101010010010111000000110011011000101010010000110110100110110101
          cpu time =   0.301 s.

-------------------------------------------------------------------------------
bat[     200] ncas =          10000.
 bitrseed = 0001111100100011101110000011011100001000000100000001110001100100
          cpu time =   0.285 s.

===============================================================================

 Summary for the end of job

-------------------------------------------------------------------------------
 number of analyz call vs ncol
-------------------------------------------------------------------------------
     ncol          number
        1              1.   : start of calculation            
        2              1.   : end of calculation              
        3            200.   : end of a batch                  
        4          10000.   : source                          
        5              0.   : detection of geometry error/warn
        6              0.   : recovery from geometry warning  
        7              0.   : termination by geometry error   
        8              0.   : termination by weight cut-off   
        9              0.   : termination by time cut-off     
       10          43787.   : geometry boundary crossing      
       11           1060.   : termination by energy cut-off   
       12          13413.   : termination by escape or leakage
       13           1947.   : reaction : (n,x) type           
       14           4589.   : reaction : (n,n'x) type         
       15            512.   : sequential transport for tally  

-------------------------------------------------------------------------------
 List of transport particles (not including source)
-------------------------------------------------------------------------------
     Name      kf-code        mass       charge   baryon
     proton       2212        938.3         1       1
     neutron      2112        939.6         0       1
     photon         22          0.0         0       0
     deuteron  1000002       1875.6         1       2
     triton    1000003       2808.9         1       3
     3he       2000003       2808.4         2       3
     alpha     2000004       3727.4         2       4

-------------------------------------------------------------------------------
 prod. particles       number        weight        weight per source
-------------------------------------------------------------------------------
     photon             8805.     8.8454000E+03     8.8454000E-01
     neutron            3000.     2.9999798E+03     2.9999798E-01
     proton             1396.     1.3960000E+03     1.3960000E-01
     alpha               130.     1.3000000E+02     1.3000000E-02
     deuteron             59.     5.9000000E+01     5.9000000E-03
     triton               20.     2.0000000E+01     2.0000000E-03
     3he                   9.     9.0000000E+00     9.0000000E-04
     fission               9.     9.0000000E+00     9.0000000E-04

-------------------------------------------------------------------------------
 stop. particles.    number        weight        weight per source
-------------------------------------------------------------------------------
     electron           6085.     6.0963103E+03     6.0963103E-01
     nucleus            1471.     1.4710000E+03     1.4710000E-01
     proton              388.     3.8800000E+02     3.8800000E-02
     alpha               128.     1.2800000E+02     1.2800000E-02
     deuteron             51.     5.1000000E+01     5.1000000E-03
     triton               19.     1.9000000E+01     1.9000000E-03
     3he                   9.     9.0000000E+00     9.0000000E-04
     photon                1.     1.0000000E+00     1.0000000E-04

-------------------------------------------------------------------------------
 leak. particles       number        weight        weight per source
-------------------------------------------------------------------------------
     proton             9563.     9.5630000E+03     9.5630000E-01
     neutron            2946.     2.9445102E+03     2.9445102E-01
     photon              893.     9.0833269E+02     9.0833269E-02
     deuteron              8.     8.0000000E+00     8.0000000E-04
     alpha                 2.     2.0000000E+00     2.0000000E-04
     triton                1.     1.0000000E+00     1.0000000E-04

-------------------------------------------------------------------------------
 source: maxcas    maxbch      irskip   average weight          total source
-------------------------------------------------------------------------------
          50         200           0    1.0000000E+00    1.0000000000000E+04

-------------------------------------------------------------------------------
 used ATIMA database
-------------------------------------------------------------------------------
     for dedx  =      101 / mdbatima =      500

-------------------------------------------------------------------------------
 Geometry error summary
-------------------------------------------------------------------------------
 Number of lost particles     =     0 / nlost =       10
 Number of geometry recovering =     0
 Number of unrecovered errors =     0

-------------------------------------------------------------------------------
 initial random seed:
   bitrseed = 0100001010011000001011101100011110011000110110100110010000000000
 next initial random seed:
   bitrseed = 0111011010010100011001101100101001110100011011011011110011011010

-------------------------------------------------------------------------------
 job termination date : 2026/04/07
                 time :   09:57:41

-------------------------------------------------------------------------------
    CPU time and number of event called in PHITS
-------------------------------------------------------------------------------

                             sec
total cpu time =           68.73


                           count
      analysis =          75508.  : data processing
         nevap =           1574.  : evaporation
        dexgam =            638.  : de-excitation
         nreac =           6536.  : atomic and nuclear reactions
         dklos =              0.  : particle decay
         hydro =              0.  : nucleon-nucleon scattering
        n-data =            981.  : neutron data library
        h-data =              0.  : p, d, a data library
        p-data =           4056.  : photon data library
        e-data =              0.  : electron data library
        p-egs5 =              0.  : photon interaction with EGS5
        e-egs5 =              0.  : electron interaction with EGS5
      e-tsmode =              0.  : electron track structure mode
    ion-tsmode =              0.  : ion track structure mode
     photonucl =              0.  : photo-nuclear reaction
 photonucl lib =              0.  : photo-nuclear reaction with library
       mu-reac =              0.  : muon-induced nuclear reaction
       mu-brem =              0.  : muon-induced bremsstrahlung
       mu-pprd =              0.  : muon-induced pair production
        mu-cap =              0.  : muon capture in nucleus
         elast =            837.  : elastic scattering
         ncasc =           1568.  : nuclear reaction model

       bertini =              0.  : Bertini model
        isobar =              0.  : isobar model
           JAM =              0.  : JAM model
           QMD =              0.  : JQMD model
        JAMQMD =              0.  : JAMQMD model
          INCL =           1568.  : INCL model
        INCELF =              0.  : INCELF model
     frag data =              0.  : user defined cross section
       SCINFUL =              0.  : SCINFUL mode

>>> Citation Request >>>=======================================================

 This execution uses model(s) that must be explicitly cited in addition to
 the PHITS original document: T.Sato et al., J.Nucl.Sci.Technol.61, 127-135 (2024).
 Please refer the following document(s) in your publication using this result

 The INCL model:
    A. Boudard et al., Phys. Rev C87, 014606 (2013).

 The KUROTAMA model:
    K. Iida, A. Kohama, and K. Oyamatsu, J. Phys. Soc. Japan 76, 044201 (2007).

 END 
