[ T-Track ]
    title = energy spectrum in lead plate
     mesh =  reg            # mesh type is region-wise
      reg = 400
   e-type =    2            # e-mesh is linear given by emin, emax and ne
     emin =  1.0000000E-03  # minimum value of e-mesh points
     emax =   200.0000      # maximum value of e-mesh points
#    edel =   1.999990      # mesh width of e-mesh points
       ne =    100          # number of e-mesh points
#    data = ( e(i), i = 1, ne + 1 )
#           1.00000E-03  2.00099E+00  4.00098E+00  6.00097E+00  8.00096E+00
#           1.00009E+01  1.20009E+01  1.40009E+01  1.60009E+01  1.80009E+01
#           2.00009E+01  2.20009E+01  2.40009E+01  2.60009E+01  2.80009E+01
#           3.00008E+01  3.20008E+01  3.40008E+01  3.60008E+01  3.80008E+01
#           4.00008E+01  4.20008E+01  4.40008E+01  4.60008E+01  4.80008E+01
#           5.00007E+01  5.20007E+01  5.40007E+01  5.60007E+01  5.80007E+01
#           6.00007E+01  6.20007E+01  6.40007E+01  6.60007E+01  6.80007E+01
#           7.00007E+01  7.20006E+01  7.40006E+01  7.60006E+01  7.80006E+01
#           8.00006E+01  8.20006E+01  8.40006E+01  8.60006E+01  8.80006E+01
#           9.00006E+01  9.20005E+01  9.40005E+01  9.60005E+01  9.80005E+01
#           1.00001E+02  1.02000E+02  1.04000E+02  1.06000E+02  1.08000E+02
#           1.10000E+02  1.12000E+02  1.14000E+02  1.16000E+02  1.18000E+02
#           1.20000E+02  1.22000E+02  1.24000E+02  1.26000E+02  1.28000E+02
#           1.30000E+02  1.32000E+02  1.34000E+02  1.36000E+02  1.38000E+02
#           1.40000E+02  1.42000E+02  1.44000E+02  1.46000E+02  1.48000E+02
#           1.50000E+02  1.52000E+02  1.54000E+02  1.56000E+02  1.58000E+02
#           1.60000E+02  1.62000E+02  1.64000E+02  1.66000E+02  1.68000E+02
#           1.70000E+02  1.72000E+02  1.74000E+02  1.76000E+02  1.78000E+02
#           1.80000E+02  1.82000E+02  1.84000E+02  1.86000E+02  1.88000E+02
#           1.90000E+02  1.92000E+02  1.94000E+02  1.96000E+02  1.98000E+02
#           2.00000E+02
     unit =    1            # unit is [1/cm^2/source]
 material =  all            # (D=all) number of specific material
     axis =     eng            # axis of output
     file = spectrum_lead.out  # file name of output for the above axis
     part =  proton     neutron  
# kf/name :  2212       2112     
#    used :        main (  %)        temp (  %)       total (  %)
#  memory :         107 (  0)           0 (  0)         107 (  0)

#------------------------------------------------------------------------------
#newpage:
#   no. =  1   reg =    400

x: Energy [MeV]
y: Flux [1/cm^2/source]              
p: xlin ylog afac(0.8) form(0.9)
h: n            x            y(proton  ),hh0l n  y(neutron ),hh0dr n  
#  e-lower      e-upper        proton    r.err      neutron   r.err 
   1.0000E-03   2.0010E+00   8.5894E-05  0.0632   1.9107E-01  0.0573
   2.0010E+00   4.0010E+00   1.5272E-04  0.0632   9.6107E-02  0.0685
   4.0010E+00   6.0010E+00   2.0482E-04  0.0632   3.6284E-02  0.0932
   6.0010E+00   8.0010E+00   2.4580E-04  0.0636   1.1575E-02  0.1342
   8.0010E+00   1.0001E+01   2.7166E-04  0.0650   8.3961E-03  0.1536
   1.0001E+01   1.2001E+01   2.9414E-04  0.0665   3.9123E-03  0.2223
   1.2001E+01   1.4001E+01   3.2314E-04  0.0672   2.2902E-03  0.2869
   1.4001E+01   1.6001E+01   3.4222E-04  0.0684   1.1429E-03  0.3275
   1.6001E+01   1.8001E+01   3.5944E-04  0.0694   1.5707E-03  0.3397
   1.8001E+01   2.0001E+01   3.7803E-04  0.0700   2.3286E-03  0.3358
   2.0001E+01   2.2001E+01   3.8775E-04  0.0710   1.5885E-03  0.3532
   2.2001E+01   2.4001E+01   3.9756E-04  0.0719   2.2447E-03  0.2655
   2.4001E+01   2.6001E+01   3.9324E-04  0.0746   1.1407E-03  0.3199
   2.6001E+01   2.8001E+01   3.8141E-04  0.0773   1.1434E-03  0.3498
   2.8001E+01   3.0001E+01   3.7719E-04  0.0793   1.1566E-03  0.4323
   3.0001E+01   3.2001E+01   3.9138E-04  0.0787   3.1972E-04  0.4686
   3.2001E+01   3.4001E+01   3.8729E-04  0.0808   2.0289E-03  0.2837
   3.4001E+01   3.6001E+01   3.8552E-04  0.0813   8.1843E-04  0.4841
   3.6001E+01   3.8001E+01   3.6611E-04  0.0839   1.3730E-03  0.3352
   3.8001E+01   4.0001E+01   3.6183E-04  0.0857   1.3923E-03  0.3508
   4.0001E+01   4.2001E+01   3.6287E-04  0.0870   1.5633E-03  0.4157
   4.2001E+01   4.4001E+01   3.5558E-04  0.0899   1.9384E-03  0.3035
   4.4001E+01   4.6001E+01   3.5650E-04  0.0905   1.4833E-03  0.3685
   4.6001E+01   4.8001E+01   3.4645E-04  0.0929   9.4789E-04  0.3749
   4.8001E+01   5.0001E+01   3.2887E-04  0.0976   2.8592E-04  0.6111
   5.0001E+01   5.2001E+01   3.2574E-04  0.0992   6.9655E-04  0.5382
   5.2001E+01   5.4001E+01   3.2603E-04  0.0994   1.0467E-03  0.4009
   5.4001E+01   5.6001E+01   3.1390E-04  0.1024   2.4113E-04  0.5853
   5.6001E+01   5.8001E+01   3.0566E-04  0.1046   7.0926E-05  0.7083
   5.8001E+01   6.0001E+01   2.9750E-04  0.1068   8.5516E-04  0.5689
   6.0001E+01   6.2001E+01   2.9336E-04  0.1087   6.3823E-04  0.6191
   6.2001E+01   6.4001E+01   2.9183E-04  0.1106   7.9421E-04  0.4539
   6.4001E+01   6.6001E+01   2.8706E-04  0.1119   3.4457E-04  0.6283
   6.6001E+01   6.8001E+01   2.7034E-04  0.1166   5.4169E-04  0.4137
   6.8001E+01   7.0001E+01   2.6443E-04  0.1194   2.9628E-04  0.5489
   7.0001E+01   7.2001E+01   2.6155E-04  0.1205   2.3556E-04  0.5927
   7.2001E+01   7.4001E+01   2.5675E-04  0.1239   5.6901E-04  0.4411
   7.4001E+01   7.6001E+01   2.5124E-04  0.1271   3.1392E-04  0.5712
   7.6001E+01   7.8001E+01   2.5597E-04  0.1254   4.9566E-04  0.6630
   7.8001E+01   8.0001E+01   2.3834E-04  0.1300   3.4316E-04  0.5293
   8.0001E+01   8.2001E+01   2.2852E-04  0.1346   1.0132E-04  0.7426
   8.2001E+01   8.4001E+01   2.1112E-04  0.1421   4.0188E-04  0.4769
   8.4001E+01   8.6001E+01   1.9053E-04  0.1516   1.7838E-04  0.6314
   8.6001E+01   8.8001E+01   1.9942E-04  0.1504   1.4769E-04  0.7163
   8.8001E+01   9.0001E+01   2.0671E-04  0.1456   1.8430E-04  0.6673
   9.0001E+01   9.2001E+01   2.1299E-04  0.1462   3.3421E-04  0.6150
   9.2001E+01   9.4001E+01   1.9962E-04  0.1528   3.5374E-04  0.5110
   9.4001E+01   9.6001E+01   1.7771E-04  0.1603   2.2390E-04  0.5808
   9.6001E+01   9.8001E+01   1.7616E-04  0.1645   1.5378E-04  0.6506
   9.8001E+01   1.0000E+02   1.5732E-04  0.1726   1.3579E-04  0.9596
   1.0000E+02   1.0200E+02   1.5269E-04  0.1779   1.5260E-04  0.5925
   1.0200E+02   1.0400E+02   1.6080E-04  0.1726   2.5054E-04  0.5965
   1.0400E+02   1.0600E+02   1.5688E-04  0.1784   3.3379E-04  0.4737
   1.0600E+02   1.0800E+02   1.5934E-04  0.1789   3.9336E-05  1.0000
   1.0800E+02   1.1000E+02   1.5353E-04  0.1813   1.0049E-04  1.0000
   1.1000E+02   1.1200E+02   1.4231E-04  0.1901   0.0000E+00  0.0000
   1.1200E+02   1.1400E+02   1.5770E-04  0.1824   0.0000E+00  0.0000
   1.1400E+02   1.1600E+02   2.0698E-04  0.1562   1.0034E-04  0.8102
   1.1600E+02   1.1800E+02   3.1633E-02  0.0024   8.9898E-05  0.7321
   1.1800E+02   1.2000E+02   5.3149E-02  0.0023   0.0000E+00  0.0000
   1.2000E+02   1.2200E+02   5.3871E-02  0.0022   8.5801E-05  1.0000
   1.2200E+02   1.2400E+02   5.4585E-02  0.0022   1.6870E-04  0.7094
   1.2400E+02   1.2600E+02   5.5292E-02  0.0021   9.0171E-05  1.0000
   1.2600E+02   1.2800E+02   5.6030E-02  0.0020   0.0000E+00  0.0000
   1.2800E+02   1.3000E+02   5.6806E-02  0.0020   8.8158E-05  1.0000
   1.3000E+02   1.3200E+02   5.7516E-02  0.0019   5.4304E-05  1.0000
   1.3200E+02   1.3400E+02   5.8267E-02  0.0018   1.1135E-04  0.9893
   1.3400E+02   1.3600E+02   5.9046E-02  0.0017   0.0000E+00  0.0000
   1.3600E+02   1.3800E+02   5.9848E-02  0.0016   0.0000E+00  0.0000
   1.3800E+02   1.4000E+02   6.0691E-02  0.0014   0.0000E+00  0.0000
   1.4000E+02   1.4200E+02   6.1528E-02  0.0012   0.0000E+00  0.0000
   1.4200E+02   1.4400E+02   6.2291E-02  0.0011   0.0000E+00  0.0000
   1.4400E+02   1.4600E+02   6.3015E-02  0.0010   0.0000E+00  0.0000
   1.4600E+02   1.4800E+02   6.3797E-02  0.0007   0.0000E+00  0.0000
   1.4800E+02   1.5000E+02   6.4580E-02  0.0004   0.0000E+00  0.0000
   1.5000E+02   1.5200E+02   0.0000E+00  0.0000   0.0000E+00  0.0000
   1.5200E+02   1.5400E+02   0.0000E+00  0.0000   0.0000E+00  0.0000
   1.5400E+02   1.5600E+02   0.0000E+00  0.0000   0.0000E+00  0.0000
   1.5600E+02   1.5800E+02   0.0000E+00  0.0000   0.0000E+00  0.0000
   1.5800E+02   1.6000E+02   0.0000E+00  0.0000   0.0000E+00  0.0000
   1.6000E+02   1.6200E+02   0.0000E+00  0.0000   0.0000E+00  0.0000
   1.6200E+02   1.6400E+02   0.0000E+00  0.0000   0.0000E+00  0.0000
   1.6400E+02   1.6600E+02   0.0000E+00  0.0000   0.0000E+00  0.0000
   1.6600E+02   1.6800E+02   0.0000E+00  0.0000   0.0000E+00  0.0000
   1.6800E+02   1.7000E+02   0.0000E+00  0.0000   0.0000E+00  0.0000
   1.7000E+02   1.7200E+02   0.0000E+00  0.0000   0.0000E+00  0.0000
   1.7200E+02   1.7400E+02   0.0000E+00  0.0000   0.0000E+00  0.0000
   1.7400E+02   1.7600E+02   0.0000E+00  0.0000   0.0000E+00  0.0000
   1.7600E+02   1.7800E+02   0.0000E+00  0.0000   0.0000E+00  0.0000
   1.7800E+02   1.8000E+02   0.0000E+00  0.0000   0.0000E+00  0.0000
   1.8000E+02   1.8200E+02   0.0000E+00  0.0000   0.0000E+00  0.0000
   1.8200E+02   1.8400E+02   0.0000E+00  0.0000   0.0000E+00  0.0000
   1.8400E+02   1.8600E+02   0.0000E+00  0.0000   0.0000E+00  0.0000
   1.8600E+02   1.8800E+02   0.0000E+00  0.0000   0.0000E+00  0.0000
   1.8800E+02   1.9000E+02   0.0000E+00  0.0000   0.0000E+00  0.0000
   1.9000E+02   1.9200E+02   0.0000E+00  0.0000   0.0000E+00  0.0000
   1.9200E+02   1.9400E+02   0.0000E+00  0.0000   0.0000E+00  0.0000
   1.9400E+02   1.9600E+02   0.0000E+00  0.0000   0.0000E+00  0.0000
   1.9600E+02   1.9800E+02   0.0000E+00  0.0000   0.0000E+00  0.0000
   1.9800E+02   2.0000E+02   0.0000E+00  0.0000   0.0000E+00  0.0000

#   sum over                 9.8767E-01  0.0010   3.8546E-01  0.0519

'no. =  1,  reg  =    400'
msuc: {\huge energy spectrum in lead plate}
msdr: {\it plotted by \ANGEL \version}
msdl: {\it calculated by \PHITS  3.35}
wt: s(0.7)
\vspace{-3}
   vol  &=&   1.0000E+00 [cm^3]
e:
 
# Information for Restart Calculation
# This calculation was newly started
# istdev =  2 # 1:Batch variance, 2:History variance
# resc2  = 1.00000000000000000E+04 # Total source weight or Total source weight / maxcas
# resc3  = 1.00000000000000000E+04 # Total history number or Total batch number
# maxcas =          50 # History / Batch, only used for istdev=1
# bitrseed = 0111011010010100011001101100101001110100011011011011110011011010 # bit data of rseed
