[ T-Track ]
    title = [t-track] in xyz mesh
     mesh =  xyz            # mesh type is xyz scoring mesh
   x-type =    2            # x-mesh is linear given by xmin, xmax and nx
     xmin =  -2.160000      # minimum value of x-mesh points
     xmax =  -2.140000      # maximum value of x-mesh points
#    xdel =  2.0000000E-02  # mesh width of x-mesh points
       nx =      1          # number of x-mesh points
#    data = ( x(i), i = 1, nx + 1 )
#          -2.16000E+00 -2.14000E+00
   y-type =    2            # y-mesh is linear given by ymin, ymax and ny
     ymin =  -5.000000      # minimum value of y-mesh points
     ymax =   5.000000      # maximum value of y-mesh points
#    ydel =  5.0000000E-02  # mesh width of y-mesh points
       ny =    200          # number of y-mesh points
#    data = ( y(i), i = 1, ny + 1 )
#          -5.00000E+00 -4.95000E+00 -4.90000E+00 -4.85000E+00 -4.80000E+00
#          -4.75000E+00 -4.70000E+00 -4.65000E+00 -4.60000E+00 -4.55000E+00
#          -4.50000E+00 -4.45000E+00 -4.40000E+00 -4.35000E+00 -4.30000E+00
#          -4.25000E+00 -4.20000E+00 -4.15000E+00 -4.10000E+00 -4.05000E+00
#          -4.00000E+00 -3.95000E+00 -3.90000E+00 -3.85000E+00 -3.80000E+00
#          -3.75000E+00 -3.70000E+00 -3.65000E+00 -3.60000E+00 -3.55000E+00
#          -3.50000E+00 -3.45000E+00 -3.40000E+00 -3.35000E+00 -3.30000E+00
#          -3.25000E+00 -3.20000E+00 -3.15000E+00 -3.10000E+00 -3.05000E+00
#          -3.00000E+00 -2.95000E+00 -2.90000E+00 -2.85000E+00 -2.80000E+00
#          -2.75000E+00 -2.70000E+00 -2.65000E+00 -2.60000E+00 -2.55000E+00
#          -2.50000E+00 -2.45000E+00 -2.40000E+00 -2.35000E+00 -2.30000E+00
#          -2.25000E+00 -2.20000E+00 -2.15000E+00 -2.10000E+00 -2.05000E+00
#          -2.00000E+00 -1.95000E+00 -1.90000E+00 -1.85000E+00 -1.80000E+00
#          -1.75000E+00 -1.70000E+00 -1.65000E+00 -1.60000E+00 -1.55000E+00
#          -1.50000E+00 -1.45000E+00 -1.40000E+00 -1.35000E+00 -1.30000E+00
#          -1.25000E+00 -1.20000E+00 -1.15000E+00 -1.10000E+00 -1.05000E+00
#          -1.00000E+00 -9.50000E-01 -9.00000E-01 -8.50000E-01 -8.00000E-01
#          -7.50000E-01 -7.00000E-01 -6.50000E-01 -6.00000E-01 -5.50000E-01
#          -5.00000E-01 -4.50000E-01 -4.00000E-01 -3.50000E-01 -3.00000E-01
#          -2.50000E-01 -2.00000E-01 -1.50000E-01 -1.00000E-01 -5.00000E-02
#           0.00000E+00  5.00000E-02  1.00000E-01  1.50000E-01  2.00000E-01
#           2.50000E-01  3.00000E-01  3.50000E-01  4.00000E-01  4.50000E-01
#           5.00000E-01  5.50000E-01  6.00000E-01  6.50000E-01  7.00000E-01
#           7.50000E-01  8.00000E-01  8.50000E-01  9.00000E-01  9.50000E-01
#           1.00000E+00  1.05000E+00  1.10000E+00  1.15000E+00  1.20000E+00
#           1.25000E+00  1.30000E+00  1.35000E+00  1.40000E+00  1.45000E+00
#           1.50000E+00  1.55000E+00  1.60000E+00  1.65000E+00  1.70000E+00
#           1.75000E+00  1.80000E+00  1.85000E+00  1.90000E+00  1.95000E+00
#           2.00000E+00  2.05000E+00  2.10000E+00  2.15000E+00  2.20000E+00
#           2.25000E+00  2.30000E+00  2.35000E+00  2.40000E+00  2.45000E+00
#           2.50000E+00  2.55000E+00  2.60000E+00  2.65000E+00  2.70000E+00
#           2.75000E+00  2.80000E+00  2.85000E+00  2.90000E+00  2.95000E+00
#           3.00000E+00  3.05000E+00  3.10000E+00  3.15000E+00  3.20000E+00
#           3.25000E+00  3.30000E+00  3.35000E+00  3.40000E+00  3.45000E+00
#           3.50000E+00  3.55000E+00  3.60000E+00  3.65000E+00  3.70000E+00
#           3.75000E+00  3.80000E+00  3.85000E+00  3.90000E+00  3.95000E+00
#           4.00000E+00  4.05000E+00  4.10000E+00  4.15000E+00  4.20000E+00
#           4.25000E+00  4.30000E+00  4.35000E+00  4.40000E+00  4.45000E+00
#           4.50000E+00  4.55000E+00  4.60000E+00  4.65000E+00  4.70000E+00
#           4.75000E+00  4.80000E+00  4.85000E+00  4.90000E+00  4.95000E+00
#           5.00000E+00
   z-type =    2            # z-mesh is linear given by zmin, zmax and nz
     zmin =  -5.000000      # minimum value of z-mesh points
     zmax =   15.00000      # maximum value of z-mesh points
#    zdel =  0.1000000      # mesh width of z-mesh points
       nz =    200          # number of z-mesh points
#    data = ( z(i), i = 1, nz + 1 )
#          -5.00000E+00 -4.90000E+00 -4.80000E+00 -4.70000E+00 -4.60000E+00
#          -4.50000E+00 -4.40000E+00 -4.30000E+00 -4.20000E+00 -4.10000E+00
#          -4.00000E+00 -3.90000E+00 -3.80000E+00 -3.70000E+00 -3.60000E+00
#          -3.50000E+00 -3.40000E+00 -3.30000E+00 -3.20000E+00 -3.10000E+00
#          -3.00000E+00 -2.90000E+00 -2.80000E+00 -2.70000E+00 -2.60000E+00
#          -2.50000E+00 -2.40000E+00 -2.30000E+00 -2.20000E+00 -2.10000E+00
#          -2.00000E+00 -1.90000E+00 -1.80000E+00 -1.70000E+00 -1.60000E+00
#          -1.50000E+00 -1.40000E+00 -1.30000E+00 -1.20000E+00 -1.10000E+00
#          -1.00000E+00 -9.00000E-01 -8.00000E-01 -7.00000E-01 -6.00000E-01
#          -5.00000E-01 -4.00000E-01 -3.00000E-01 -2.00000E-01 -1.00000E-01
#           0.00000E+00  1.00000E-01  2.00000E-01  3.00000E-01  4.00000E-01
#           5.00000E-01  6.00000E-01  7.00000E-01  8.00000E-01  9.00000E-01
#           1.00000E+00  1.10000E+00  1.20000E+00  1.30000E+00  1.40000E+00
#           1.50000E+00  1.60000E+00  1.70000E+00  1.80000E+00  1.90000E+00
#           2.00000E+00  2.10000E+00  2.20000E+00  2.30000E+00  2.40000E+00
#           2.50000E+00  2.60000E+00  2.70000E+00  2.80000E+00  2.90000E+00
#           3.00000E+00  3.10000E+00  3.20000E+00  3.30000E+00  3.40000E+00
#           3.50000E+00  3.60000E+00  3.70000E+00  3.80000E+00  3.90000E+00
#           4.00000E+00  4.10000E+00  4.20000E+00  4.30000E+00  4.40000E+00
#           4.50000E+00  4.60000E+00  4.70000E+00  4.80000E+00  4.90000E+00
#           5.00000E+00  5.10000E+00  5.20000E+00  5.30000E+00  5.40000E+00
#           5.50000E+00  5.60000E+00  5.70000E+00  5.80000E+00  5.90000E+00
#           6.00000E+00  6.10000E+00  6.20000E+00  6.30000E+00  6.40000E+00
#           6.50000E+00  6.60000E+00  6.70000E+00  6.80000E+00  6.90000E+00
#           7.00000E+00  7.10000E+00  7.20000E+00  7.30000E+00  7.40000E+00
#           7.50000E+00  7.60000E+00  7.70000E+00  7.80000E+00  7.90000E+00
#           8.00000E+00  8.10000E+00  8.20000E+00  8.30000E+00  8.40000E+00
#           8.50000E+00  8.60000E+00  8.70000E+00  8.80000E+00  8.90000E+00
#           9.00000E+00  9.10000E+00  9.20000E+00  9.30000E+00  9.40000E+00
#           9.50000E+00  9.60000E+00  9.70000E+00  9.80000E+00  9.90000E+00
#           1.00000E+01  1.01000E+01  1.02000E+01  1.03000E+01  1.04000E+01
#           1.05000E+01  1.06000E+01  1.07000E+01  1.08000E+01  1.09000E+01
#           1.10000E+01  1.11000E+01  1.12000E+01  1.13000E+01  1.14000E+01
#           1.15000E+01  1.16000E+01  1.17000E+01  1.18000E+01  1.19000E+01
#           1.20000E+01  1.21000E+01  1.22000E+01  1.23000E+01  1.24000E+01
#           1.25000E+01  1.26000E+01  1.27000E+01  1.28000E+01  1.29000E+01
#           1.30000E+01  1.31000E+01  1.32000E+01  1.33000E+01  1.34000E+01
#           1.35000E+01  1.36000E+01  1.37000E+01  1.38000E+01  1.39000E+01
#           1.40000E+01  1.41000E+01  1.42000E+01  1.43000E+01  1.44000E+01
#           1.45000E+01  1.46000E+01  1.47000E+01  1.48000E+01  1.49000E+01
#           1.50000E+01
   e-type =    1            # e-mesh is given by the below data
       ne =      1          # number of e-mesh points
#    data = ( e(i), i = 1, ne + 1 )
            0.00000E+00  1.00000E+03
     unit =    1            # unit is [1/cm^2/source]
 material =  all            # (D=all) number of specific material
  2D-type =    3            # 1:Cont, 2:Clust, 3:Color, 4:xyz, 5:mat, 6:Clust+Cont, 7:Col+Cont
     axis =      yz            # axis of output
     file = track_yz.out    # file name of output for the above axis
     part =  all      
# kf/name :  0        
    gshow =    3            # 0: no 1:bnd, 2:bnd+mat, 3:bnd+reg 4:bnd+lat 5:bmp style
    resol =    1            # (D=1) resolution of gshow or rshow
    width = 0.5000000       # (D=0.5) width of lines for gshow or rshow
   epsout =    1            # (D=0) generate eps file by ANGEL
#    used :        main (  %)        temp (  %)       total (  %)
#  memory :         410 (  0)           0 (  0)         410 (  0)

#------------------------------------------------------------------------------
#newpage:
#   no. =  1   ie  =  1   ix  =  1   part. = all     
#   e = (   0.0000E+00  -   1.0000E+03  )
#   x = (  -2.1600E+00  -  -2.1400E+00  )

'no. =  1,  ie =  1,  ix =  1'
msuc: {\huge [t-track] in xyz mesh}
msdr: {\it plotted by \ANGEL \version}
msdl: {\it calculated by \PHITS  3.35}

x: z [cm]
y: y [cm]
set: c1[ 0.500] c2[ 1.273] c5[ 0.800] c6[ 0.785] c7[ 0.000] c8[ 0.400]
p: h2fs form[c1] xfac[c2] afac[c5] scal[c6] xorg[c7] yorg[c8] nosp
p: xmin( -5.000000    ) xmax(  15.00000    )
p: ymin( -5.000000    ) ymax(  5.000000    )

#   no. =  1   ie  =  1   ix  =  1
#   e = (   0.0000E+00  -   1.0000E+03  )
#   x = (  -2.1600E+00  -  -2.1400E+00  )

#------------------------------------------------------------------------------
# gshow
#------------------------------------------------------------------------------

p: legs[c5*0.875]

w:1000/ x(   0.5000025E+01) y(   0.2345679E-04) ix(2) iy(2) s(   0.7000E+00)

h: x ny1,0  y2=[y1](aire),ic[white]
 -1.000000E+00 -1.000000E+00

hb:   line clip z   cb(white)
frame:
 -4.9999754E+00 -4.9999767E+00
  1.5000025E+01 -4.9999767E+00
  1.5000025E+01  5.0000233E+00
 -4.9999754E+00  5.0000233E+00
clip:
 -5.09947780E+00 -5.04972779E+00
  1.50995272E+01 -5.04972779E+00
  1.50995272E+01 -4.99923027E+00
  1.50995272E+01 -4.94873276E+00
  1.50995272E+01 -4.89823525E+00
  1.50995272E+01 -4.84773774E+00
  1.50995272E+01 -4.79724022E+00
  1.50995272E+01 -4.74674271E+00
  1.50995272E+01 -4.69624520E+00
  1.50995272E+01 -4.64574769E+00
  1.50995272E+01 -4.59525018E+00
  1.50995272E+01 -4.54475266E+00
  1.50995272E+01 -4.49425515E+00
  1.50995272E+01 -4.44375764E+00
  1.50995272E+01 -4.39326013E+00
  1.50995272E+01 -4.34276261E+00
  1.50995272E+01 -4.29226510E+00
  1.50995272E+01 -4.24176759E+00
  1.50995272E+01 -4.19127008E+00
  1.50995272E+01 -4.14077256E+00
  1.50995272E+01 -4.09027505E+00
  1.50995272E+01 -4.03977754E+00
  1.50995272E+01 -3.98928003E+00
  1.50995272E+01 -3.93878251E+00
  1.50995272E+01 -3.88828500E+00
  1.50995272E+01 -3.83778749E+00
  1.50995272E+01 -3.78728998E+00
  1.50995272E+01 -3.73679246E+00
  1.50995272E+01 -3.68629495E+00
  1.50995272E+01 -3.63579744E+00
  1.50995272E+01 -3.58529993E+00
  1.50995272E+01 -3.53480241E+00
  1.50995272E+01 -3.48430490E+00
  1.50995272E+01 -3.43380739E+00
  1.50995272E+01 -3.38330988E+00
  1.50995272E+01 -3.33281236E+00
  1.50995272E+01 -3.28231485E+00
  1.50995272E+01 -3.23181734E+00
  1.50995272E+01 -3.18131983E+00
  1.50995272E+01 -3.13082231E+00
  1.50995272E+01 -3.08032480E+00
  1.50995272E+01 -3.02982729E+00
  1.50995272E+01 -2.97932978E+00
  1.50995272E+01 -2.92883226E+00
  1.50995272E+01 -2.87833475E+00
  1.50995272E+01 -2.82783724E+00
  1.50995272E+01 -2.77733973E+00
  1.50995272E+01 -2.72684221E+00
  1.50995272E+01 -2.67634470E+00
  1.50995272E+01 -2.62584719E+00
  1.50995272E+01 -2.57534968E+00
  1.50995272E+01 -2.52485217E+00
  1.50995272E+01 -2.47435465E+00
  1.50995272E+01 -2.42385714E+00
  1.50995272E+01 -2.37335963E+00
  1.50995272E+01 -2.32286212E+00
  1.50995272E+01 -2.27236460E+00
  1.50995272E+01 -2.22186709E+00
  1.50995272E+01 -2.17136958E+00
  1.50995272E+01 -2.12087207E+00
  1.50995272E+01 -2.07037455E+00
  1.50995272E+01 -2.01987704E+00
  1.50995272E+01 -1.96937953E+00
  1.50995272E+01 -1.91888202E+00
  1.50995272E+01 -1.86838450E+00
  1.50995272E+01 -1.81788699E+00
  1.50995272E+01 -1.76738948E+00
  1.50995272E+01 -1.71689197E+00
  1.50995272E+01 -1.66639445E+00
  1.50995272E+01 -1.61589694E+00
  1.50995272E+01 -1.56539943E+00
  1.50995272E+01 -1.51490192E+00
  1.50995272E+01 -1.46440440E+00
  1.50995272E+01 -1.41390689E+00
  1.50995272E+01 -1.36340938E+00
  1.50995272E+01 -1.31291187E+00
  1.50995272E+01 -1.26241435E+00
  1.50995272E+01 -1.21191684E+00
  1.50995272E+01 -1.16141933E+00
  1.50995272E+01 -1.11092182E+00
  1.50995272E+01 -1.06042430E+00
  1.50995272E+01 -1.00992679E+00
  1.50995272E+01 -9.59429280E-01
  1.50995272E+01 -9.08931767E-01
  1.50995272E+01 -8.58434255E-01
  1.50995272E+01 -8.07936742E-01
  1.50995272E+01 -7.57439230E-01
  1.50995272E+01 -7.06941717E-01
  1.50995272E+01 -6.56444205E-01
  1.50995272E+01 -6.05946692E-01
  1.50995272E+01 -5.55449180E-01
  1.50995272E+01 -5.04951668E-01
  1.50995272E+01 -4.54454155E-01
  1.50995272E+01 -4.03956643E-01
  1.50995272E+01 -3.53459130E-01
  1.50995272E+01 -3.02961618E-01
  1.50995272E+01 -2.52464105E-01
  1.50995272E+01 -2.01966593E-01
  1.50995272E+01 -1.51469081E-01
  1.50995272E+01 -1.00971568E-01
  1.50995272E+01 -5.04740556E-02
  1.50995272E+01  2.34567890E-05
  1.50995272E+01  5.05209692E-02
  1.50995272E+01  1.01018482E-01
  1.50995272E+01  1.51515994E-01
  1.50995272E+01  2.02013507E-01
  1.50995272E+01  2.52511019E-01
  1.50995272E+01  3.03008531E-01
  1.50995272E+01  3.53506044E-01
  1.50995272E+01  4.04003556E-01
  1.50995272E+01  4.54501069E-01
  1.50995272E+01  5.04998581E-01
  1.50995272E+01  5.55496094E-01
  1.50995272E+01  6.05993606E-01
  1.50995272E+01  6.56491118E-01
  1.50995272E+01  7.06988631E-01
  1.50995272E+01  7.57486143E-01
  1.50995272E+01  8.07983656E-01
  1.50995272E+01  8.58481168E-01
  1.50995272E+01  9.08978681E-01
  1.50995272E+01  9.59476193E-01
  1.50995272E+01  1.00997371E+00
  1.50995272E+01  1.06047122E+00
  1.50995272E+01  1.11096873E+00
  1.50995272E+01  1.16146624E+00
  1.50995272E+01  1.21196376E+00
  1.50995272E+01  1.26246127E+00
  1.50995272E+01  1.31295878E+00
  1.50995272E+01  1.36345629E+00
  1.50995272E+01  1.41395381E+00
  1.50995272E+01  1.46445132E+00
  1.50995272E+01  1.51494883E+00
  1.50995272E+01  1.56544634E+00
  1.50995272E+01  1.61594385E+00
  1.50995272E+01  1.66644137E+00
  1.50995272E+01  1.71693888E+00
  1.50995272E+01  1.76743639E+00
  1.50995272E+01  1.81793390E+00
  1.50995272E+01  1.86843142E+00
  1.50995272E+01  1.91892893E+00
  1.50995272E+01  1.96942644E+00
  1.50995272E+01  2.01992395E+00
  1.50995272E+01  2.07042147E+00
  1.50995272E+01  2.12091898E+00
  1.50995272E+01  2.17141649E+00
  1.50995272E+01  2.22191400E+00
  1.50995272E+01  2.27241152E+00
  1.50995272E+01  2.32290903E+00
  1.50995272E+01  2.37340654E+00
  1.50995272E+01  2.42390405E+00
  1.50995272E+01  2.47440157E+00
  1.50995272E+01  2.52489908E+00
  1.50995272E+01  2.57539659E+00
  1.50995272E+01  2.62589410E+00
  1.50995272E+01  2.67639162E+00
  1.50995272E+01  2.72688913E+00
  1.50995272E+01  2.77738664E+00
  1.50995272E+01  2.82788415E+00
  1.50995272E+01  2.87838167E+00
  1.50995272E+01  2.92887918E+00
  1.50995272E+01  2.97937669E+00
  1.50995272E+01  3.02987420E+00
  1.50995272E+01  3.08037172E+00
  1.50995272E+01  3.13086923E+00
  1.50995272E+01  3.18136674E+00
  1.50995272E+01  3.23186425E+00
  1.50995272E+01  3.28236177E+00
  1.50995272E+01  3.33285928E+00
  1.50995272E+01  3.38335679E+00
  1.50995272E+01  3.43385430E+00
  1.50995272E+01  3.48435181E+00
  1.50995272E+01  3.53484933E+00
  1.50995272E+01  3.58534684E+00
  1.50995272E+01  3.63584435E+00
  1.50995272E+01  3.68634186E+00
  1.50995272E+01  3.73683938E+00
  1.50995272E+01  3.78733689E+00
  1.50995272E+01  3.83783440E+00
  1.50995272E+01  3.88833191E+00
  1.50995272E+01  3.93882943E+00
  1.50995272E+01  3.98932694E+00
  1.50995272E+01  4.03982445E+00
  1.50995272E+01  4.09032196E+00
  1.50995272E+01  4.14081948E+00
  1.50995272E+01  4.19131699E+00
  1.50995272E+01  4.24181450E+00
  1.50995272E+01  4.29231201E+00
  1.50995272E+01  4.34280953E+00
  1.50995272E+01  4.39330704E+00
  1.50995272E+01  4.44380455E+00
  1.50995272E+01  4.49430206E+00
  1.50995272E+01  4.54479958E+00
  1.50995272E+01  4.59529709E+00
  1.50995272E+01  4.64579460E+00
  1.50995272E+01  4.69629211E+00
  1.50995272E+01  4.74678963E+00
  1.50995272E+01  4.79728714E+00
  1.50995272E+01  4.84778465E+00
  1.50995272E+01  4.89828216E+00
  1.50995272E+01  4.94877968E+00
  1.50995272E+01  4.99927719E+00
  1.50995272E+01  5.04977470E+00
  1.49985322E+01  5.04977470E+00
  1.48975371E+01  5.04977470E+00
  1.47965421E+01  5.04977470E+00
  1.46955471E+01  5.04977470E+00
  1.45945521E+01  5.04977470E+00
  1.44935570E+01  5.04977470E+00
  1.43925620E+01  5.04977470E+00
  1.42915670E+01  5.04977470E+00
  1.41905720E+01  5.04977470E+00
  1.40895769E+01  5.04977470E+00
  1.39885819E+01  5.04977470E+00
  1.38875869E+01  5.04977470E+00
  1.37865919E+01  5.04977470E+00
  1.36855968E+01  5.04977470E+00
  1.35846018E+01  5.04977470E+00
  1.34836068E+01  5.04977470E+00
  1.33826118E+01  5.04977470E+00
  1.32816167E+01  5.04977470E+00
  1.31806217E+01  5.04977470E+00
  1.30796267E+01  5.04977470E+00
  1.29786317E+01  5.04977470E+00
  1.28776366E+01  5.04977470E+00
  1.27766416E+01  5.04977470E+00
  1.26756466E+01  5.04977470E+00
  1.25746516E+01  5.04977470E+00
  1.24736565E+01  5.04977470E+00
  1.23726615E+01  5.04977470E+00
  1.22716665E+01  5.04977470E+00
  1.21706715E+01  5.04977470E+00
  1.20696764E+01  5.04977470E+00
  1.19686814E+01  5.04977470E+00
  1.18676864E+01  5.04977470E+00
  1.17666914E+01  5.04977470E+00
  1.16656963E+01  5.04977470E+00
  1.15647013E+01  5.04977470E+00
  1.14637063E+01  5.04977470E+00
  1.13627113E+01  5.04977470E+00
  1.12617162E+01  5.04977470E+00
  1.11607212E+01  5.04977470E+00
  1.10597262E+01  5.04977470E+00
  1.09587312E+01  5.04977470E+00
  1.08577361E+01  5.04977470E+00
  1.07567411E+01  5.04977470E+00
  1.06557461E+01  5.04977470E+00
  1.05547511E+01  5.04977470E+00
  1.04537560E+01  5.04977470E+00
  1.03527610E+01  5.04977470E+00
  1.02517660E+01  5.04977470E+00
  1.01507710E+01  5.04977470E+00
  1.00497759E+01  5.04977470E+00
  9.94878091E+00  5.04977470E+00
  9.84778589E+00  5.04977470E+00
  9.74679086E+00  5.04977470E+00
  9.64579584E+00  5.04977470E+00
  9.54480081E+00  5.04977470E+00
  9.44380579E+00  5.04977470E+00
  9.34281076E+00  5.04977470E+00
  9.24181574E+00  5.04977470E+00
  9.14082071E+00  5.04977470E+00
  9.03982569E+00  5.04977470E+00
  8.93883066E+00  5.04977470E+00
  8.83783564E+00  5.04977470E+00
  8.73684061E+00  5.04977470E+00
  8.63584559E+00  5.04977470E+00
  8.53485056E+00  5.04977470E+00
  8.43385554E+00  5.04977470E+00
  8.33286051E+00  5.04977470E+00
  8.23186549E+00  5.04977470E+00
  8.13087046E+00  5.04977470E+00
  8.02987544E+00  5.04977470E+00
  7.92888041E+00  5.04977470E+00
  7.82788539E+00  5.04977470E+00
  7.72689036E+00  5.04977470E+00
  7.62589534E+00  5.04977470E+00
  7.52490031E+00  5.04977470E+00
  7.42390529E+00  5.04977470E+00
  7.32291026E+00  5.04977470E+00
  7.22191524E+00  5.04977470E+00
  7.12092021E+00  5.04977470E+00
  7.01992519E+00  5.04977470E+00
  6.91893016E+00  5.04977470E+00
  6.81793514E+00  5.04977470E+00
  6.71694011E+00  5.04977470E+00
  6.61594509E+00  5.04977470E+00
  6.51495006E+00  5.04977470E+00
  6.41395504E+00  5.04977470E+00
  6.31296001E+00  5.04977470E+00
  6.21196499E+00  5.04977470E+00
  6.11096996E+00  5.04977470E+00
  6.00997494E+00  5.04977470E+00
  5.90897992E+00  5.04977470E+00
  5.80798489E+00  5.04977470E+00
  5.70698987E+00  5.04977470E+00
  5.60599484E+00  5.04977470E+00
  5.50499982E+00  5.04977470E+00
  5.40400479E+00  5.04977470E+00
  5.30300977E+00  5.04977470E+00
  5.20201474E+00  5.04977470E+00
  5.10101972E+00  5.04977470E+00
  5.00002469E+00  5.04977470E+00
  4.89902967E+00  5.04977470E+00
  4.79803464E+00  5.04977470E+00
  4.69703962E+00  5.04977470E+00
  4.59604459E+00  5.04977470E+00
  4.49504957E+00  5.04977470E+00
  4.39405454E+00  5.04977470E+00
  4.29305952E+00  5.04977470E+00
  4.19206449E+00  5.04977470E+00
  4.09106947E+00  5.04977470E+00
  3.99007444E+00  5.04977470E+00
  3.88907942E+00  5.04977470E+00
  3.78808439E+00  5.04977470E+00
  3.68708937E+00  5.04977470E+00
  3.58609434E+00  5.04977470E+00
  3.48509932E+00  5.04977470E+00
  3.38410429E+00  5.04977470E+00
  3.28310927E+00  5.04977470E+00
  3.18211424E+00  5.04977470E+00
  3.08111922E+00  5.04977470E+00
  2.98012419E+00  5.04977470E+00
  2.87912917E+00  5.04977470E+00
  2.77813414E+00  5.04977470E+00
  2.67713912E+00  5.04977470E+00
  2.57614409E+00  5.04977470E+00
  2.47514907E+00  5.04977470E+00
  2.37415404E+00  5.04977470E+00
  2.27315902E+00  5.04977470E+00
  2.17216399E+00  5.04977470E+00
  2.07116897E+00  5.04977470E+00
  1.97017395E+00  5.04977470E+00
  1.86917892E+00  5.04977470E+00
  1.76818390E+00  5.04977470E+00
  1.66718887E+00  5.04977470E+00
  1.56619385E+00  5.04977470E+00
  1.46519882E+00  5.04977470E+00
  1.36420380E+00  5.04977470E+00
  1.26320877E+00  5.04977470E+00
  1.16221375E+00  5.04977470E+00
  1.06121872E+00  5.04977470E+00
  9.60223696E-01  5.04977470E+00
  8.59228671E-01  5.04977470E+00
  7.58233647E-01  5.04977470E+00
  6.57238622E-01  5.04977470E+00
  5.56243597E-01  5.04977470E+00
  4.55248572E-01  5.04977470E+00
  3.54253547E-01  5.04977470E+00
  2.53258522E-01  5.04977470E+00
  1.52263497E-01  5.04977470E+00
  5.12684725E-02  5.04977470E+00
 -4.97265524E-02  5.04977470E+00
 -1.50721577E-01  5.04977470E+00
 -2.51716602E-01  5.04977470E+00
 -3.52711627E-01  5.04977470E+00
 -4.53706652E-01  5.04977470E+00
 -5.54701677E-01  5.04977470E+00
 -6.55696702E-01  5.04977470E+00
 -7.56691727E-01  5.04977470E+00
 -8.57686751E-01  5.04977470E+00
 -9.58681776E-01  5.04977470E+00
 -1.05967680E+00  5.04977470E+00
 -1.16067183E+00  5.04977470E+00
 -1.26166685E+00  5.04977470E+00
 -1.36266188E+00  5.04977470E+00
 -1.46365690E+00  5.04977470E+00
 -1.56465193E+00  5.04977470E+00
 -1.66564695E+00  5.04977470E+00
 -1.76664198E+00  5.04977470E+00
 -1.86763700E+00  5.04977470E+00
 -1.96863203E+00  5.04977470E+00
 -2.06962705E+00  5.04977470E+00
 -2.17062207E+00  5.04977470E+00
 -2.27161710E+00  5.04977470E+00
 -2.37261212E+00  5.04977470E+00
 -2.47360715E+00  5.04977470E+00
 -2.57460217E+00  5.04977470E+00
 -2.67559720E+00  5.04977470E+00
 -2.77659222E+00  5.04977470E+00
 -2.87758725E+00  5.04977470E+00
 -2.97858227E+00  5.04977470E+00
 -3.07957730E+00  5.04977470E+00
 -3.18057232E+00  5.04977470E+00
 -3.28156735E+00  5.04977470E+00
 -3.38256237E+00  5.04977470E+00
 -3.48355740E+00  5.04977470E+00
 -3.58455242E+00  5.04977470E+00
 -3.68554745E+00  5.04977470E+00
 -3.78654247E+00  5.04977470E+00
 -3.88753750E+00  5.04977470E+00
 -3.98853252E+00  5.04977470E+00
 -4.08952755E+00  5.04977470E+00
 -4.19052257E+00  5.04977470E+00
 -4.29151760E+00  5.04977470E+00
 -4.39251262E+00  5.04977470E+00
 -4.49350765E+00  5.04977470E+00
 -4.59450267E+00  5.04977470E+00
 -4.69549770E+00  5.04977470E+00
 -4.79649272E+00  5.04977470E+00
 -4.89748775E+00  5.04977470E+00
 -4.99848277E+00  5.04977470E+00
 -5.09947780E+00  5.04977470E+00
 -5.09947780E+00  4.99927719E+00
 -5.09947780E+00  4.94877968E+00
 -5.09947780E+00  4.89828216E+00
 -5.09947780E+00  4.84778465E+00
 -5.09947780E+00  4.79728714E+00
 -5.09947780E+00  4.74678963E+00
 -5.09947780E+00  4.69629211E+00
 -5.09947780E+00  4.64579460E+00
 -5.09947780E+00  4.59529709E+00
 -5.09947780E+00  4.54479958E+00
 -5.09947780E+00  4.49430206E+00
 -5.09947780E+00  4.44380455E+00
 -5.09947780E+00  4.39330704E+00
 -5.09947780E+00  4.34280953E+00
 -5.09947780E+00  4.29231201E+00
 -5.09947780E+00  4.24181450E+00
 -5.09947780E+00  4.19131699E+00
 -5.09947780E+00  4.14081948E+00
 -5.09947780E+00  4.09032196E+00
 -5.09947780E+00  4.03982445E+00
 -5.09947780E+00  3.98932694E+00
 -5.09947780E+00  3.93882943E+00
 -5.09947780E+00  3.88833191E+00
 -5.09947780E+00  3.83783440E+00
 -5.09947780E+00  3.78733689E+00
 -5.09947780E+00  3.73683938E+00
 -5.09947780E+00  3.68634186E+00
 -5.09947780E+00  3.63584435E+00
 -5.09947780E+00  3.58534684E+00
 -5.09947780E+00  3.53484933E+00
 -5.09947780E+00  3.48435181E+00
 -5.09947780E+00  3.43385430E+00
 -5.09947780E+00  3.38335679E+00
 -5.09947780E+00  3.33285928E+00
 -5.09947780E+00  3.28236177E+00
 -5.09947780E+00  3.23186425E+00
 -5.09947780E+00  3.18136674E+00
 -5.09947780E+00  3.13086923E+00
 -5.09947780E+00  3.08037172E+00
 -5.09947780E+00  3.02987420E+00
 -5.09947780E+00  2.97937669E+00
 -5.09947780E+00  2.92887918E+00
 -5.09947780E+00  2.87838167E+00
 -5.09947780E+00  2.82788415E+00
 -5.09947780E+00  2.77738664E+00
 -5.09947780E+00  2.72688913E+00
 -5.09947780E+00  2.67639162E+00
 -5.09947780E+00  2.62589410E+00
 -5.09947780E+00  2.57539659E+00
 -5.09947780E+00  2.52489908E+00
 -5.09947780E+00  2.47440157E+00
 -5.09947780E+00  2.42390405E+00
 -5.09947780E+00  2.37340654E+00
 -5.09947780E+00  2.32290903E+00
 -5.09947780E+00  2.27241152E+00
 -5.09947780E+00  2.22191400E+00
 -5.09947780E+00  2.17141649E+00
 -5.09947780E+00  2.12091898E+00
 -5.09947780E+00  2.07042147E+00
 -5.09947780E+00  2.01992395E+00
 -5.09947780E+00  1.96942644E+00
 -5.09947780E+00  1.91892893E+00
 -5.09947780E+00  1.86843142E+00
 -5.09947780E+00  1.81793390E+00
 -5.09947780E+00  1.76743639E+00
 -5.09947780E+00  1.71693888E+00
 -5.09947780E+00  1.66644137E+00
 -5.09947780E+00  1.61594385E+00
 -5.09947780E+00  1.56544634E+00
 -5.09947780E+00  1.51494883E+00
 -5.09947780E+00  1.46445132E+00
 -5.09947780E+00  1.41395381E+00
 -5.09947780E+00  1.36345629E+00
 -5.09947780E+00  1.31295878E+00
 -5.09947780E+00  1.26246127E+00
 -5.09947780E+00  1.21196376E+00
 -5.09947780E+00  1.16146624E+00
 -5.09947780E+00  1.11096873E+00
 -5.09947780E+00  1.06047122E+00
 -5.09947780E+00  1.00997371E+00
 -5.09947780E+00  9.59476193E-01
 -5.09947780E+00  9.08978681E-01
 -5.09947780E+00  8.58481168E-01
 -5.09947780E+00  8.07983656E-01
 -5.09947780E+00  7.57486143E-01
 -5.09947780E+00  7.06988631E-01
 -5.09947780E+00  6.56491118E-01
 -5.09947780E+00  6.05993606E-01
 -5.09947780E+00  5.55496094E-01
 -5.09947780E+00  5.04998581E-01
 -5.09947780E+00  4.54501069E-01
 -5.09947780E+00  4.04003556E-01
 -5.09947780E+00  3.53506044E-01
 -5.09947780E+00  3.03008531E-01
 -5.09947780E+00  2.52511019E-01
 -5.09947780E+00  2.02013507E-01
 -5.09947780E+00  1.51515994E-01
 -5.09947780E+00  1.01018482E-01
 -5.09947780E+00  5.05209692E-02
 -5.09947780E+00  2.34567890E-05
 -5.09947780E+00 -5.04740556E-02
 -5.09947780E+00 -1.00971568E-01
 -5.09947780E+00 -1.51469081E-01
 -5.09947780E+00 -2.01966593E-01
 -5.09947780E+00 -2.52464105E-01
 -5.09947780E+00 -3.02961618E-01
 -5.09947780E+00 -3.53459130E-01
 -5.09947780E+00 -4.03956643E-01
 -5.09947780E+00 -4.54454155E-01
 -5.09947780E+00 -5.04951668E-01
 -5.09947780E+00 -5.55449180E-01
 -5.09947780E+00 -6.05946692E-01
 -5.09947780E+00 -6.56444205E-01
 -5.09947780E+00 -7.06941717E-01
 -5.09947780E+00 -7.57439230E-01
 -5.09947780E+00 -8.07936742E-01
 -5.09947780E+00 -8.58434255E-01
 -5.09947780E+00 -9.08931767E-01
 -5.09947780E+00 -9.59429280E-01
 -5.09947780E+00 -1.00992679E+00
 -5.09947780E+00 -1.06042430E+00
 -5.09947780E+00 -1.11092182E+00
 -5.09947780E+00 -1.16141933E+00
 -5.09947780E+00 -1.21191684E+00
 -5.09947780E+00 -1.26241435E+00
 -5.09947780E+00 -1.31291187E+00
 -5.09947780E+00 -1.36340938E+00
 -5.09947780E+00 -1.41390689E+00
 -5.09947780E+00 -1.46440440E+00
 -5.09947780E+00 -1.51490192E+00
 -5.09947780E+00 -1.56539943E+00
 -5.09947780E+00 -1.61589694E+00
 -5.09947780E+00 -1.66639445E+00
 -5.09947780E+00 -1.71689197E+00
 -5.09947780E+00 -1.76738948E+00
 -5.09947780E+00 -1.81788699E+00
 -5.09947780E+00 -1.86838450E+00
 -5.09947780E+00 -1.91888202E+00
 -5.09947780E+00 -1.96937953E+00
 -5.09947780E+00 -2.01987704E+00
 -5.09947780E+00 -2.07037455E+00
 -5.09947780E+00 -2.12087207E+00
 -5.09947780E+00 -2.17136958E+00
 -5.09947780E+00 -2.22186709E+00
 -5.09947780E+00 -2.27236460E+00
 -5.09947780E+00 -2.32286212E+00
 -5.09947780E+00 -2.37335963E+00
 -5.09947780E+00 -2.42385714E+00
 -5.09947780E+00 -2.47435465E+00
 -5.09947780E+00 -2.52485217E+00
 -5.09947780E+00 -2.57534968E+00
 -5.09947780E+00 -2.62584719E+00
 -5.09947780E+00 -2.67634470E+00
 -5.09947780E+00 -2.72684221E+00
 -5.09947780E+00 -2.77733973E+00
 -5.09947780E+00 -2.82783724E+00
 -5.09947780E+00 -2.87833475E+00
 -5.09947780E+00 -2.92883226E+00
 -5.09947780E+00 -2.97932978E+00
 -5.09947780E+00 -3.02982729E+00
 -5.09947780E+00 -3.08032480E+00
 -5.09947780E+00 -3.13082231E+00
 -5.09947780E+00 -3.18131983E+00
 -5.09947780E+00 -3.23181734E+00
 -5.09947780E+00 -3.28231485E+00
 -5.09947780E+00 -3.33281236E+00
 -5.09947780E+00 -3.38330988E+00
 -5.09947780E+00 -3.43380739E+00
 -5.09947780E+00 -3.48430490E+00
 -5.09947780E+00 -3.53480241E+00
 -5.09947780E+00 -3.58529993E+00
 -5.09947780E+00 -3.63579744E+00
 -5.09947780E+00 -3.68629495E+00
 -5.09947780E+00 -3.73679246E+00
 -5.09947780E+00 -3.78728998E+00
 -5.09947780E+00 -3.83778749E+00
 -5.09947780E+00 -3.88828500E+00
 -5.09947780E+00 -3.93878251E+00
 -5.09947780E+00 -3.98928003E+00
 -5.09947780E+00 -4.03977754E+00
 -5.09947780E+00 -4.09027505E+00
 -5.09947780E+00 -4.14077256E+00
 -5.09947780E+00 -4.19127008E+00
 -5.09947780E+00 -4.24176759E+00
 -5.09947780E+00 -4.29226510E+00
 -5.09947780E+00 -4.34276261E+00
 -5.09947780E+00 -4.39326013E+00
 -5.09947780E+00 -4.44375764E+00
 -5.09947780E+00 -4.49425515E+00
 -5.09947780E+00 -4.54475266E+00
 -5.09947780E+00 -4.59525018E+00
 -5.09947780E+00 -4.64574769E+00
 -5.09947780E+00 -4.69624520E+00
 -5.09947780E+00 -4.74674271E+00
 -5.09947780E+00 -4.79724022E+00
 -5.09947780E+00 -4.84773774E+00
 -5.09947780E+00 -4.89823525E+00
 -5.09947780E+00 -4.94873276E+00
 -5.09947780E+00 -4.99923027E+00
 -5.09947780E+00 -5.04972779E+00

w:100/ x(   0.0000000E+00) y(   0.0000000E+00) ix(2) iy(2) s(   0.7000E+00)

h: x ny1,0  y2=[y1](acrilico),ic[green]
 -1.000000E+00 -1.000000E+00

hb:   line clip z   cb(green)
clip:
 -2.50000000E+00 -2.48755108E+00
 -2.47360715E+00 -2.50000000E+00
 -2.42231645E+00 -2.50000000E+00
 -2.37261212E+00 -2.50000000E+00
 -2.32132143E+00 -2.50000000E+00
 -2.27161710E+00 -2.50000000E+00
 -2.22032641E+00 -2.50000000E+00
 -2.17062207E+00 -2.50000000E+00
 -2.11933138E+00 -2.50000000E+00
 -2.06962705E+00 -2.50000000E+00
 -2.01833636E+00 -2.50000000E+00
 -1.96863203E+00 -2.50000000E+00
 -1.91734133E+00 -2.50000000E+00
 -1.86763700E+00 -2.50000000E+00
 -1.81634631E+00 -2.50000000E+00
 -1.76664198E+00 -2.50000000E+00
 -1.71535128E+00 -2.50000000E+00
 -1.66564695E+00 -2.50000000E+00
 -1.61435626E+00 -2.50000000E+00
 -1.56465193E+00 -2.50000000E+00
 -1.51336123E+00 -2.50000000E+00
 -1.46365690E+00 -2.50000000E+00
 -1.41236621E+00 -2.50000000E+00
 -1.36266188E+00 -2.50000000E+00
 -1.31137118E+00 -2.50000000E+00
 -1.26166685E+00 -2.50000000E+00
 -1.21037616E+00 -2.50000000E+00
 -1.16067183E+00 -2.50000000E+00
 -1.10938113E+00 -2.50000000E+00
 -1.05967680E+00 -2.50000000E+00
 -1.00838611E+00 -2.50000000E+00
 -9.58681776E-01 -2.50000000E+00
 -9.07391082E-01 -2.50000000E+00
 -8.57686751E-01 -2.50000000E+00
 -8.06396057E-01 -2.50000000E+00
 -7.56691727E-01 -2.50000000E+00
 -7.05401032E-01 -2.50000000E+00
 -6.55696702E-01 -2.50000000E+00
 -6.04406007E-01 -2.50000000E+00
 -5.54701677E-01 -2.50000000E+00
 -5.03410982E-01 -2.50000000E+00
 -4.53706652E-01 -2.50000000E+00
 -4.02415957E-01 -2.50000000E+00
 -3.52711627E-01 -2.50000000E+00
 -3.01420932E-01 -2.50000000E+00
 -2.51716602E-01 -2.50000000E+00
 -2.00425908E-01 -2.50000000E+00
 -1.50721577E-01 -2.50000000E+00
 -9.94308826E-02 -2.50000000E+00
 -4.97265524E-02 -2.50000000E+00
  1.56414225E-03 -2.50000000E+00
  5.12684725E-02 -2.50000000E+00
  1.02559167E-01 -2.50000000E+00
  1.52263497E-01 -2.50000000E+00
  2.03554192E-01 -2.50000000E+00
  2.53258522E-01 -2.50000000E+00
  3.04549217E-01 -2.50000000E+00
  3.54253547E-01 -2.50000000E+00
  4.05544242E-01 -2.50000000E+00
  4.55248572E-01 -2.50000000E+00
  5.06539267E-01 -2.50000000E+00
  5.56243597E-01 -2.50000000E+00
  6.07534292E-01 -2.50000000E+00
  6.57238622E-01 -2.50000000E+00
  7.08529316E-01 -2.50000000E+00
  7.58233647E-01 -2.50000000E+00
  8.09524341E-01 -2.50000000E+00
  8.59228671E-01 -2.50000000E+00
  9.10519366E-01 -2.50000000E+00
  9.60223696E-01 -2.50000000E+00
  1.01151439E+00 -2.50000000E+00
  1.06121872E+00 -2.50000000E+00
  1.11250942E+00 -2.50000000E+00
  1.16221375E+00 -2.50000000E+00
  1.21350444E+00 -2.50000000E+00
  1.26320877E+00 -2.50000000E+00
  1.31449947E+00 -2.50000000E+00
  1.36420380E+00 -2.50000000E+00
  1.41549449E+00 -2.50000000E+00
  1.46519882E+00 -2.50000000E+00
  1.51648952E+00 -2.50000000E+00
  1.56619385E+00 -2.50000000E+00
  1.61748454E+00 -2.50000000E+00
  1.66718887E+00 -2.50000000E+00
  1.71847957E+00 -2.50000000E+00
  1.76818390E+00 -2.50000000E+00
  1.81947459E+00 -2.50000000E+00
  1.86917892E+00 -2.50000000E+00
  1.92046961E+00 -2.50000000E+00
  1.97017395E+00 -2.50000000E+00
  2.02146464E+00 -2.50000000E+00
  2.07116897E+00 -2.50000000E+00
  2.12245966E+00 -2.50000000E+00
  2.17216399E+00 -2.50000000E+00
  2.22345469E+00 -2.50000000E+00
  2.27315902E+00 -2.50000000E+00
  2.32444971E+00 -2.50000000E+00
  2.37415404E+00 -2.50000000E+00
  2.42544474E+00 -2.50000000E+00
  2.47514907E+00 -2.50000000E+00
  2.50000000E+00 -2.48678012E+00
  2.50000000E+00 -2.47435465E+00
  2.50000000E+00 -2.46192919E+00
  2.50000000E+00 -2.42385714E+00
  2.50000000E+00 -2.41143167E+00
  2.50000000E+00 -2.37335963E+00
  2.50000000E+00 -2.36093416E+00
  2.50000000E+00 -2.32286212E+00
  2.50000000E+00 -2.31043665E+00
  2.50000000E+00 -2.27236460E+00
  2.50000000E+00 -2.25993914E+00
  2.50000000E+00 -2.22186709E+00
  2.50000000E+00 -2.20944163E+00
  2.50000000E+00 -2.17136958E+00
  2.50000000E+00 -2.15894411E+00
  2.50000000E+00 -2.12087207E+00
  2.50000000E+00 -2.10844660E+00
  2.50000000E+00 -2.07037455E+00
  2.50000000E+00 -2.05794909E+00
  2.50000000E+00 -2.01987704E+00
  2.50000000E+00 -2.00745158E+00
  2.50000000E+00 -1.96937953E+00
  2.50000000E+00 -1.95695406E+00
  2.50000000E+00 -1.91888202E+00
  2.50000000E+00 -1.90645655E+00
  2.50000000E+00 -1.86838450E+00
  2.50000000E+00 -1.85595904E+00
  2.50000000E+00 -1.81788699E+00
  2.50000000E+00 -1.80546153E+00
  2.50000000E+00 -1.76738948E+00
  2.50000000E+00 -1.75496401E+00
  2.50000000E+00 -1.71689197E+00
  2.50000000E+00 -1.70446650E+00
  2.50000000E+00 -1.66639445E+00
  2.50000000E+00 -1.65396899E+00
  2.50000000E+00 -1.61589694E+00
  2.50000000E+00 -1.60347148E+00
  2.50000000E+00 -1.56539943E+00
  2.50000000E+00 -1.55297396E+00
  2.50000000E+00 -1.51490192E+00
  2.50000000E+00 -1.50247645E+00
  2.47514907E+00 -1.50000000E+00
  2.44534524E+00 -1.50000000E+00
  2.37415404E+00 -1.50000000E+00
  2.34435021E+00 -1.50000000E+00
  2.27315902E+00 -1.50000000E+00
  2.24335519E+00 -1.50000000E+00
  2.17216399E+00 -1.50000000E+00
  2.14236016E+00 -1.50000000E+00
  2.07116897E+00 -1.50000000E+00
  2.04136514E+00 -1.50000000E+00
  1.97017395E+00 -1.50000000E+00
  1.94037011E+00 -1.50000000E+00
  1.86917892E+00 -1.50000000E+00
  1.83937509E+00 -1.50000000E+00
  1.76818390E+00 -1.50000000E+00
  1.73838006E+00 -1.50000000E+00
  1.66718887E+00 -1.50000000E+00
  1.63738504E+00 -1.50000000E+00
  1.56619385E+00 -1.50000000E+00
  1.53639001E+00 -1.50000000E+00
  1.46519882E+00 -1.50000000E+00
  1.43539499E+00 -1.50000000E+00
  1.36420380E+00 -1.50000000E+00
  1.33439996E+00 -1.50000000E+00
  1.26320877E+00 -1.50000000E+00
  1.23340494E+00 -1.50000000E+00
  1.16221375E+00 -1.50000000E+00
  1.13240991E+00 -1.50000000E+00
  1.06121872E+00 -1.50000000E+00
  1.03141489E+00 -1.50000000E+00
  9.60223696E-01 -1.50000000E+00
  9.30419864E-01 -1.50000000E+00
  8.59228671E-01 -1.50000000E+00
  8.29424839E-01 -1.50000000E+00
  7.58233647E-01 -1.50000000E+00
  7.28429814E-01 -1.50000000E+00
  6.57238622E-01 -1.50000000E+00
  6.27434789E-01 -1.50000000E+00
  5.56243597E-01 -1.50000000E+00
  5.26439764E-01 -1.50000000E+00
  4.55248572E-01 -1.50000000E+00
  4.25444739E-01 -1.50000000E+00
  3.54253547E-01 -1.50000000E+00
  3.24449714E-01 -1.50000000E+00
  2.53258522E-01 -1.50000000E+00
  2.50000000E-01 -1.46440440E+00
  2.50000000E-01 -1.41553615E+00
  2.50000000E-01 -1.41390689E+00
  2.50000000E-01 -1.36503864E+00
  2.50000000E-01 -1.36340938E+00
  2.50000000E-01 -1.31454113E+00
  2.50000000E-01 -1.31291187E+00
  2.50000000E-01 -1.26404362E+00
  2.50000000E-01 -1.26241435E+00
  2.50000000E-01 -1.21354610E+00
  2.50000000E-01 -1.21191684E+00
  2.50000000E-01 -1.16304859E+00
  2.50000000E-01 -1.16141933E+00
  2.50000000E-01 -1.11255108E+00
  2.50000000E-01 -1.11092182E+00
  2.50000000E-01 -1.06205357E+00
  2.50000000E-01 -1.06042430E+00
  2.50000000E-01 -1.01155605E+00
  2.50000000E-01 -1.00992679E+00
  2.50000000E-01 -9.61058541E-01
  2.50000000E-01 -9.59429280E-01
  2.50000000E-01 -9.10561028E-01
  2.50000000E-01 -9.08931767E-01
  2.50000000E-01 -8.60063516E-01
  2.50000000E-01 -8.58434255E-01
  2.50000000E-01 -8.09566003E-01
  2.50000000E-01 -8.07936742E-01
  2.50000000E-01 -7.59068491E-01
  2.50000000E-01 -7.57439230E-01
  2.50000000E-01 -7.08570978E-01
  2.50000000E-01 -7.06941717E-01
  2.50000000E-01 -6.58073466E-01
  2.50000000E-01 -6.56444205E-01
  2.50000000E-01 -6.07575954E-01
  2.50000000E-01 -6.05946692E-01
  2.50000000E-01 -5.57078441E-01
  2.50000000E-01 -5.55449180E-01
  2.50000000E-01 -5.06580929E-01
  2.50000000E-01 -5.04951668E-01
  2.50000000E-01 -4.56083416E-01
  2.50000000E-01 -4.54454155E-01
  2.50000000E-01 -4.05585904E-01
  2.50000000E-01 -4.03956643E-01
  2.50000000E-01 -3.55088391E-01
  2.50000000E-01 -3.53459130E-01
  2.50000000E-01 -3.04590879E-01
  2.50000000E-01 -3.02961618E-01
  2.50000000E-01 -2.54093367E-01
  2.50000000E-01 -2.52464105E-01
  2.50000000E-01 -2.03595854E-01
  2.50000000E-01 -2.01966593E-01
  2.50000000E-01 -1.53098342E-01
  2.50000000E-01 -1.51469081E-01
  2.50000000E-01 -1.02600829E-01
  2.50000000E-01 -1.00971568E-01
  2.50000000E-01 -5.21033167E-02
  2.50000000E-01 -5.04740556E-02
  2.50000000E-01 -1.60580431E-03
  2.50000000E-01  2.34567890E-05
  2.50000000E-01  4.88917081E-02
  2.50000000E-01  5.05209692E-02
  2.50000000E-01  9.93892206E-02
  2.50000000E-01  1.01018482E-01
  2.50000000E-01  1.49886733E-01
  2.50000000E-01  1.51515994E-01
  2.50000000E-01  2.00384245E-01
  2.50000000E-01  2.02013507E-01
  2.50000000E-01  2.50881758E-01
  2.50000000E-01  2.52511019E-01
  2.50000000E-01  3.01379270E-01
  2.50000000E-01  3.03008531E-01
  2.50000000E-01  3.51876783E-01
  2.50000000E-01  3.53506044E-01
  2.50000000E-01  4.02374295E-01
  2.50000000E-01  4.04003556E-01
  2.50000000E-01  4.52871808E-01
  2.50000000E-01  4.54501069E-01
  2.50000000E-01  5.03369320E-01
  2.50000000E-01  5.04998581E-01
  2.50000000E-01  5.53866833E-01
  2.50000000E-01  5.55496094E-01
  2.50000000E-01  6.04364345E-01
  2.50000000E-01  6.05993606E-01
  2.50000000E-01  6.54861857E-01
  2.50000000E-01  6.56491118E-01
  2.50000000E-01  7.05359370E-01
  2.50000000E-01  7.06988631E-01
  2.50000000E-01  7.55856882E-01
  2.50000000E-01  7.57486143E-01
  2.50000000E-01  8.06354395E-01
  2.50000000E-01  8.07983656E-01
  2.50000000E-01  8.56851907E-01
  2.50000000E-01  8.58481168E-01
  2.50000000E-01  9.07349420E-01
  2.50000000E-01  9.08978681E-01
  2.50000000E-01  9.57846932E-01
  2.50000000E-01  9.59476193E-01
  2.50000000E-01  1.00834444E+00
  2.50000000E-01  1.00997371E+00
  2.50000000E-01  1.05884196E+00
  2.50000000E-01  1.06047122E+00
  2.50000000E-01  1.10933947E+00
  2.50000000E-01  1.11096873E+00
  2.50000000E-01  1.15983698E+00
  2.50000000E-01  1.16146624E+00
  2.50000000E-01  1.21033449E+00
  2.50000000E-01  1.21196376E+00
  2.50000000E-01  1.26083201E+00
  2.50000000E-01  1.26246127E+00
  2.50000000E-01  1.31132952E+00
  2.50000000E-01  1.31295878E+00
  2.50000000E-01  1.36182703E+00
  2.50000000E-01  1.36345629E+00
  2.50000000E-01  1.41232454E+00
  2.50000000E-01  1.41395381E+00
  2.50000000E-01  1.46282206E+00
  2.50000000E-01  1.46445132E+00
  2.53258522E-01  1.50000000E+00
  2.83156182E-01  1.50000000E+00
  3.54253547E-01  1.50000000E+00
  3.84151207E-01  1.50000000E+00
  4.55248572E-01  1.50000000E+00
  4.85146232E-01  1.50000000E+00
  5.56243597E-01  1.50000000E+00
  5.86141257E-01  1.50000000E+00
  6.57238622E-01  1.50000000E+00
  6.87136282E-01  1.50000000E+00
  7.58233647E-01  1.50000000E+00
  7.88131306E-01  1.50000000E+00
  8.59228671E-01  1.50000000E+00
  8.89126331E-01  1.50000000E+00
  9.60223696E-01  1.50000000E+00
  9.90121356E-01  1.50000000E+00
  1.06121872E+00  1.50000000E+00
  1.09111638E+00  1.50000000E+00
  1.16221375E+00  1.50000000E+00
  1.19211141E+00  1.50000000E+00
  1.26320877E+00  1.50000000E+00
  1.29310643E+00  1.50000000E+00
  1.36420380E+00  1.50000000E+00
  1.39410146E+00  1.50000000E+00
  1.46519882E+00  1.50000000E+00
  1.49509648E+00  1.50000000E+00
  1.56619385E+00  1.50000000E+00
  1.59609151E+00  1.50000000E+00
  1.66718887E+00  1.50000000E+00
  1.69708653E+00  1.50000000E+00
  1.76818390E+00  1.50000000E+00
  1.79808156E+00  1.50000000E+00
  1.86917892E+00  1.50000000E+00
  1.89907658E+00  1.50000000E+00
  1.97017395E+00  1.50000000E+00
  2.00007160E+00  1.50000000E+00
  2.07116897E+00  1.50000000E+00
  2.10106663E+00  1.50000000E+00
  2.17216399E+00  1.50000000E+00
  2.20206165E+00  1.50000000E+00
  2.27315902E+00  1.50000000E+00
  2.30305668E+00  1.50000000E+00
  2.37415404E+00  1.50000000E+00
  2.40405170E+00  1.50000000E+00
  2.47514907E+00  1.50000000E+00
  2.50000000E+00  1.50252336E+00
  2.50000000E+00  1.51494883E+00
  2.50000000E+00  1.52737430E+00
  2.50000000E+00  1.56544634E+00
  2.50000000E+00  1.57787181E+00
  2.50000000E+00  1.61594385E+00
  2.50000000E+00  1.62836932E+00
  2.50000000E+00  1.66644137E+00
  2.50000000E+00  1.67886683E+00
  2.50000000E+00  1.71693888E+00
  2.50000000E+00  1.72936434E+00
  2.50000000E+00  1.76743639E+00
  2.50000000E+00  1.77986186E+00
  2.50000000E+00  1.81793390E+00
  2.50000000E+00  1.83035937E+00
  2.50000000E+00  1.86843142E+00
  2.50000000E+00  1.88085688E+00
  2.50000000E+00  1.91892893E+00
  2.50000000E+00  1.93135439E+00
  2.50000000E+00  1.96942644E+00
  2.50000000E+00  1.98185191E+00
  2.50000000E+00  2.01992395E+00
  2.50000000E+00  2.03234942E+00
  2.50000000E+00  2.07042147E+00
  2.50000000E+00  2.08284693E+00
  2.50000000E+00  2.12091898E+00
  2.50000000E+00  2.13334444E+00
  2.50000000E+00  2.17141649E+00
  2.50000000E+00  2.18384196E+00
  2.50000000E+00  2.22191400E+00
  2.50000000E+00  2.23433947E+00
  2.50000000E+00  2.27241152E+00
  2.50000000E+00  2.28483698E+00
  2.50000000E+00  2.32290903E+00
  2.50000000E+00  2.33533449E+00
  2.50000000E+00  2.37340654E+00
  2.50000000E+00  2.38583201E+00
  2.50000000E+00  2.42390405E+00
  2.50000000E+00  2.43632952E+00
  2.50000000E+00  2.47440157E+00
  2.50000000E+00  2.48682703E+00
  2.47514907E+00  2.50000000E+00
  2.42395220E+00  2.50000000E+00
  2.37415404E+00  2.50000000E+00
  2.32295718E+00  2.50000000E+00
  2.27315902E+00  2.50000000E+00
  2.22196215E+00  2.50000000E+00
  2.17216399E+00  2.50000000E+00
  2.12096713E+00  2.50000000E+00
  2.07116897E+00  2.50000000E+00
  2.01997210E+00  2.50000000E+00
  1.97017395E+00  2.50000000E+00
  1.91897708E+00  2.50000000E+00
  1.86917892E+00  2.50000000E+00
  1.81798205E+00  2.50000000E+00
  1.76818390E+00  2.50000000E+00
  1.71698703E+00  2.50000000E+00
  1.66718887E+00  2.50000000E+00
  1.61599200E+00  2.50000000E+00
  1.56619385E+00  2.50000000E+00
  1.51499698E+00  2.50000000E+00
  1.46519882E+00  2.50000000E+00
  1.41400195E+00  2.50000000E+00
  1.36420380E+00  2.50000000E+00
  1.31300693E+00  2.50000000E+00
  1.26320877E+00  2.50000000E+00
  1.21201190E+00  2.50000000E+00
  1.16221375E+00  2.50000000E+00
  1.11101688E+00  2.50000000E+00
  1.06121872E+00  2.50000000E+00
  1.01002185E+00  2.50000000E+00
  9.60223696E-01  2.50000000E+00
  9.09026829E-01  2.50000000E+00
  8.59228671E-01  2.50000000E+00
  8.08031804E-01  2.50000000E+00
  7.58233647E-01  2.50000000E+00
  7.07036779E-01  2.50000000E+00
  6.57238622E-01  2.50000000E+00
  6.06041754E-01  2.50000000E+00
  5.56243597E-01  2.50000000E+00
  5.05046729E-01  2.50000000E+00
  4.55248572E-01  2.50000000E+00
  4.04051704E-01  2.50000000E+00
  3.54253547E-01  2.50000000E+00
  3.03056680E-01  2.50000000E+00
  2.53258522E-01  2.50000000E+00
  2.02061655E-01  2.50000000E+00
  1.52263497E-01  2.50000000E+00
  1.01066630E-01  2.50000000E+00
  5.12684725E-02  2.50000000E+00
  7.16049340E-05  2.50000000E+00
 -4.97265524E-02  2.50000000E+00
 -1.00923420E-01  2.50000000E+00
 -1.50721577E-01  2.50000000E+00
 -2.01918445E-01  2.50000000E+00
 -2.51716602E-01  2.50000000E+00
 -3.02913470E-01  2.50000000E+00
 -3.52711627E-01  2.50000000E+00
 -4.03908495E-01  2.50000000E+00
 -4.53706652E-01  2.50000000E+00
 -5.04903519E-01  2.50000000E+00
 -5.54701677E-01  2.50000000E+00
 -6.05898544E-01  2.50000000E+00
 -6.55696702E-01  2.50000000E+00
 -7.06893569E-01  2.50000000E+00
 -7.56691727E-01  2.50000000E+00
 -8.07888594E-01  2.50000000E+00
 -8.57686751E-01  2.50000000E+00
 -9.08883619E-01  2.50000000E+00
 -9.58681776E-01  2.50000000E+00
 -1.00987864E+00  2.50000000E+00
 -1.05967680E+00  2.50000000E+00
 -1.11087367E+00  2.50000000E+00
 -1.16067183E+00  2.50000000E+00
 -1.21186869E+00  2.50000000E+00
 -1.26166685E+00  2.50000000E+00
 -1.31286372E+00  2.50000000E+00
 -1.36266188E+00  2.50000000E+00
 -1.41385874E+00  2.50000000E+00
 -1.46365690E+00  2.50000000E+00
 -1.51485377E+00  2.50000000E+00
 -1.56465193E+00  2.50000000E+00
 -1.61584879E+00  2.50000000E+00
 -1.66564695E+00  2.50000000E+00
 -1.71684382E+00  2.50000000E+00
 -1.76664198E+00  2.50000000E+00
 -1.81783884E+00  2.50000000E+00
 -1.86763700E+00  2.50000000E+00
 -1.91883387E+00  2.50000000E+00
 -1.96863203E+00  2.50000000E+00
 -2.01982889E+00  2.50000000E+00
 -2.06962705E+00  2.50000000E+00
 -2.12082392E+00  2.50000000E+00
 -2.17062207E+00  2.50000000E+00
 -2.22181894E+00  2.50000000E+00
 -2.27161710E+00  2.50000000E+00
 -2.32281397E+00  2.50000000E+00
 -2.37261212E+00  2.50000000E+00
 -2.42380899E+00  2.50000000E+00
 -2.47360715E+00  2.50000000E+00
 -2.50000000E+00  2.48759799E+00
 -2.50000000E+00  2.47440157E+00
 -2.50000000E+00  2.46120514E+00
 -2.50000000E+00  2.42390405E+00
 -2.50000000E+00  2.41070763E+00
 -2.50000000E+00  2.37340654E+00
 -2.50000000E+00  2.36021012E+00
 -2.50000000E+00  2.32290903E+00
 -2.50000000E+00  2.30971260E+00
 -2.50000000E+00  2.27241152E+00
 -2.50000000E+00  2.25921509E+00
 -2.50000000E+00  2.22191400E+00
 -2.50000000E+00  2.20871758E+00
 -2.50000000E+00  2.17141649E+00
 -2.50000000E+00  2.15822007E+00
 -2.50000000E+00  2.12091898E+00
 -2.50000000E+00  2.10772255E+00
 -2.50000000E+00  2.07042147E+00
 -2.50000000E+00  2.05722504E+00
 -2.50000000E+00  2.01992395E+00
 -2.50000000E+00  2.00672753E+00
 -2.50000000E+00  1.96942644E+00
 -2.50000000E+00  1.95623002E+00
 -2.50000000E+00  1.91892893E+00
 -2.50000000E+00  1.90573250E+00
 -2.50000000E+00  1.86843142E+00
 -2.50000000E+00  1.85523499E+00
 -2.50000000E+00  1.81793390E+00
 -2.50000000E+00  1.80473748E+00
 -2.50000000E+00  1.76743639E+00
 -2.50000000E+00  1.75423997E+00
 -2.50000000E+00  1.71693888E+00
 -2.50000000E+00  1.70374245E+00
 -2.50000000E+00  1.66644137E+00
 -2.50000000E+00  1.65324494E+00
 -2.50000000E+00  1.61594385E+00
 -2.50000000E+00  1.60274743E+00
 -2.50000000E+00  1.56544634E+00
 -2.50000000E+00  1.55224992E+00
 -2.50000000E+00  1.51494883E+00
 -2.50000000E+00  1.50175240E+00
 -2.50000000E+00  1.46445132E+00
 -2.50000000E+00  1.45125489E+00
 -2.50000000E+00  1.41395381E+00
 -2.50000000E+00  1.40075738E+00
 -2.50000000E+00  1.36345629E+00
 -2.50000000E+00  1.35025987E+00
 -2.50000000E+00  1.31295878E+00
 -2.50000000E+00  1.29976235E+00
 -2.50000000E+00  1.26246127E+00
 -2.50000000E+00  1.24926484E+00
 -2.50000000E+00  1.21196376E+00
 -2.50000000E+00  1.19876733E+00
 -2.50000000E+00  1.16146624E+00
 -2.50000000E+00  1.14826982E+00
 -2.50000000E+00  1.11096873E+00
 -2.50000000E+00  1.09777231E+00
 -2.50000000E+00  1.06047122E+00
 -2.50000000E+00  1.04727479E+00
 -2.50000000E+00  1.00997371E+00
 -2.50000000E+00  9.96777280E-01
 -2.50000000E+00  9.59476193E-01
 -2.50000000E+00  9.46279768E-01
 -2.50000000E+00  9.08978681E-01
 -2.50000000E+00  8.95782255E-01
 -2.50000000E+00  8.58481168E-01
 -2.50000000E+00  8.45284743E-01
 -2.50000000E+00  8.07983656E-01
 -2.50000000E+00  7.94787231E-01
 -2.50000000E+00  7.57486143E-01
 -2.50000000E+00  7.44289718E-01
 -2.50000000E+00  7.06988631E-01
 -2.50000000E+00  6.93792206E-01
 -2.50000000E+00  6.56491118E-01
 -2.50000000E+00  6.43294693E-01
 -2.50000000E+00  6.05993606E-01
 -2.50000000E+00  5.92797181E-01
 -2.50000000E+00  5.55496094E-01
 -2.50000000E+00  5.42299668E-01
 -2.50000000E+00  5.04998581E-01
 -2.50000000E+00  4.91802156E-01
 -2.50000000E+00  4.54501069E-01
 -2.50000000E+00  4.41304643E-01
 -2.50000000E+00  4.04003556E-01
 -2.50000000E+00  3.90807131E-01
 -2.50000000E+00  3.53506044E-01
 -2.50000000E+00  3.40309619E-01
 -2.50000000E+00  3.03008531E-01
 -2.50000000E+00  2.89812106E-01
 -2.50000000E+00  2.52511019E-01
 -2.50000000E+00  2.39314594E-01
 -2.50000000E+00  2.02013507E-01
 -2.50000000E+00  1.88817081E-01
 -2.50000000E+00  1.51515994E-01
 -2.50000000E+00  1.38319569E-01
 -2.50000000E+00  1.01018482E-01
 -2.50000000E+00  8.78220564E-02
 -2.50000000E+00  5.05209692E-02
 -2.50000000E+00  3.73245439E-02
 -2.50000000E+00  2.34567890E-05
 -2.50000000E+00 -1.31729685E-02
 -2.50000000E+00 -5.04740556E-02
 -2.50000000E+00 -6.36704809E-02
 -2.50000000E+00 -1.00971568E-01
 -2.50000000E+00 -1.14167993E-01
 -2.50000000E+00 -1.51469081E-01
 -2.50000000E+00 -1.64665506E-01
 -2.50000000E+00 -2.01966593E-01
 -2.50000000E+00 -2.15163018E-01
 -2.50000000E+00 -2.52464105E-01
 -2.50000000E+00 -2.65660531E-01
 -2.50000000E+00 -3.02961618E-01
 -2.50000000E+00 -3.16158043E-01
 -2.50000000E+00 -3.53459130E-01
 -2.50000000E+00 -3.66655556E-01
 -2.50000000E+00 -4.03956643E-01
 -2.50000000E+00 -4.17153068E-01
 -2.50000000E+00 -4.54454155E-01
 -2.50000000E+00 -4.67650580E-01
 -2.50000000E+00 -5.04951668E-01
 -2.50000000E+00 -5.18148093E-01
 -2.50000000E+00 -5.55449180E-01
 -2.50000000E+00 -5.68645605E-01
 -2.50000000E+00 -6.05946692E-01
 -2.50000000E+00 -6.19143118E-01
 -2.50000000E+00 -6.56444205E-01
 -2.50000000E+00 -6.69640630E-01
 -2.50000000E+00 -7.06941717E-01
 -2.50000000E+00 -7.20138143E-01
 -2.50000000E+00 -7.57439230E-01
 -2.50000000E+00 -7.70635655E-01
 -2.50000000E+00 -8.07936742E-01
 -2.50000000E+00 -8.21133167E-01
 -2.50000000E+00 -8.58434255E-01
 -2.50000000E+00 -8.71630680E-01
 -2.50000000E+00 -9.08931767E-01
 -2.50000000E+00 -9.22128192E-01
 -2.50000000E+00 -9.59429280E-01
 -2.50000000E+00 -9.72625705E-01
 -2.50000000E+00 -1.00992679E+00
 -2.50000000E+00 -1.02312322E+00
 -2.50000000E+00 -1.06042430E+00
 -2.50000000E+00 -1.07362073E+00
 -2.50000000E+00 -1.11092182E+00
 -2.50000000E+00 -1.12411824E+00
 -2.50000000E+00 -1.16141933E+00
 -2.50000000E+00 -1.17461575E+00
 -2.50000000E+00 -1.21191684E+00
 -2.50000000E+00 -1.22511327E+00
 -2.50000000E+00 -1.26241435E+00
 -2.50000000E+00 -1.27561078E+00
 -2.50000000E+00 -1.31291187E+00
 -2.50000000E+00 -1.32610829E+00
 -2.50000000E+00 -1.36340938E+00
 -2.50000000E+00 -1.37660580E+00
 -2.50000000E+00 -1.41390689E+00
 -2.50000000E+00 -1.42710332E+00
 -2.50000000E+00 -1.46440440E+00
 -2.50000000E+00 -1.47760083E+00
 -2.50000000E+00 -1.51490192E+00
 -2.50000000E+00 -1.52809834E+00
 -2.50000000E+00 -1.56539943E+00
 -2.50000000E+00 -1.57859585E+00
 -2.50000000E+00 -1.61589694E+00
 -2.50000000E+00 -1.62909337E+00
 -2.50000000E+00 -1.66639445E+00
 -2.50000000E+00 -1.67959088E+00
 -2.50000000E+00 -1.71689197E+00
 -2.50000000E+00 -1.73008839E+00
 -2.50000000E+00 -1.76738948E+00
 -2.50000000E+00 -1.78058590E+00
 -2.50000000E+00 -1.81788699E+00
 -2.50000000E+00 -1.83108342E+00
 -2.50000000E+00 -1.86838450E+00
 -2.50000000E+00 -1.88158093E+00
 -2.50000000E+00 -1.91888202E+00
 -2.50000000E+00 -1.93207844E+00
 -2.50000000E+00 -1.96937953E+00
 -2.50000000E+00 -1.98257595E+00
 -2.50000000E+00 -2.01987704E+00
 -2.50000000E+00 -2.03307347E+00
 -2.50000000E+00 -2.07037455E+00
 -2.50000000E+00 -2.08357098E+00
 -2.50000000E+00 -2.12087207E+00
 -2.50000000E+00 -2.13406849E+00
 -2.50000000E+00 -2.17136958E+00
 -2.50000000E+00 -2.18456600E+00
 -2.50000000E+00 -2.22186709E+00
 -2.50000000E+00 -2.23506352E+00
 -2.50000000E+00 -2.27236460E+00
 -2.50000000E+00 -2.28556103E+00
 -2.50000000E+00 -2.32286212E+00
 -2.50000000E+00 -2.33605854E+00
 -2.50000000E+00 -2.37335963E+00
 -2.50000000E+00 -2.38655605E+00
 -2.50000000E+00 -2.42385714E+00
 -2.50000000E+00 -2.43705357E+00
 -2.50000000E+00 -2.47435465E+00

w:400/ x(   0.8000000E+01) y(   0.0000000E+00) ix(2) iy(2) s(   0.7000E+00)

h: x ny1,0  y2=[y1](plomo),ic[magenta]
 -1.000000E+00 -1.000000E+00

hb:   line clip z   cb(magenta)
clip:
  7.50000000E+00 -2.48680481E+00
  7.52490031E+00 -2.50000000E+00
  7.57619101E+00 -2.50000000E+00
  7.62589534E+00 -2.50000000E+00
  7.67718603E+00 -2.50000000E+00
  7.72689036E+00 -2.50000000E+00
  7.77818106E+00 -2.50000000E+00
  7.82788539E+00 -2.50000000E+00
  7.87917608E+00 -2.50000000E+00
  7.92888041E+00 -2.50000000E+00
  7.98017111E+00 -2.50000000E+00
  8.02987544E+00 -2.50000000E+00
  8.08116613E+00 -2.50000000E+00
  8.13087046E+00 -2.50000000E+00
  8.18216116E+00 -2.50000000E+00
  8.23186549E+00 -2.50000000E+00
  8.28315618E+00 -2.50000000E+00
  8.33286051E+00 -2.50000000E+00
  8.38415121E+00 -2.50000000E+00
  8.43385554E+00 -2.50000000E+00
  8.48514623E+00 -2.50000000E+00
  8.50000000E+00 -2.47435465E+00
  8.50000000E+00 -2.44128242E+00
  8.50000000E+00 -2.42385714E+00
  8.50000000E+00 -2.39078491E+00
  8.50000000E+00 -2.37335963E+00
  8.50000000E+00 -2.34028740E+00
  8.50000000E+00 -2.32286212E+00
  8.50000000E+00 -2.28978988E+00
  8.50000000E+00 -2.27236460E+00
  8.50000000E+00 -2.23929237E+00
  8.50000000E+00 -2.22186709E+00
  8.50000000E+00 -2.18879486E+00
  8.50000000E+00 -2.17136958E+00
  8.50000000E+00 -2.13829735E+00
  8.50000000E+00 -2.12087207E+00
  8.50000000E+00 -2.08779983E+00
  8.50000000E+00 -2.07037455E+00
  8.50000000E+00 -2.03730232E+00
  8.50000000E+00 -2.01987704E+00
  8.50000000E+00 -1.98680481E+00
  8.50000000E+00 -1.96937953E+00
  8.50000000E+00 -1.93630730E+00
  8.50000000E+00 -1.91888202E+00
  8.50000000E+00 -1.88580978E+00
  8.50000000E+00 -1.86838450E+00
  8.50000000E+00 -1.83531227E+00
  8.50000000E+00 -1.81788699E+00
  8.50000000E+00 -1.78481476E+00
  8.50000000E+00 -1.76738948E+00
  8.50000000E+00 -1.73431725E+00
  8.50000000E+00 -1.71689197E+00
  8.50000000E+00 -1.68381973E+00
  8.50000000E+00 -1.66639445E+00
  8.50000000E+00 -1.63332222E+00
  8.50000000E+00 -1.61589694E+00
  8.50000000E+00 -1.58282471E+00
  8.50000000E+00 -1.56539943E+00
  8.50000000E+00 -1.53232720E+00
  8.50000000E+00 -1.51490192E+00
  8.50000000E+00 -1.48182968E+00
  8.50000000E+00 -1.46440440E+00
  8.50000000E+00 -1.43133217E+00
  8.50000000E+00 -1.41390689E+00
  8.50000000E+00 -1.38083466E+00
  8.50000000E+00 -1.36340938E+00
  8.50000000E+00 -1.33033715E+00
  8.50000000E+00 -1.31291187E+00
  8.50000000E+00 -1.27983964E+00
  8.50000000E+00 -1.26241435E+00
  8.50000000E+00 -1.22934212E+00
  8.50000000E+00 -1.21191684E+00
  8.50000000E+00 -1.17884461E+00
  8.50000000E+00 -1.16141933E+00
  8.50000000E+00 -1.12834710E+00
  8.50000000E+00 -1.11092182E+00
  8.50000000E+00 -1.07784959E+00
  8.50000000E+00 -1.06042430E+00
  8.50000000E+00 -1.02735207E+00
  8.50000000E+00 -1.00992679E+00
  8.50000000E+00 -9.76854561E-01
  8.50000000E+00 -9.59429280E-01
  8.50000000E+00 -9.26357048E-01
  8.50000000E+00 -9.08931767E-01
  8.50000000E+00 -8.75859536E-01
  8.50000000E+00 -8.58434255E-01
  8.50000000E+00 -8.25362023E-01
  8.50000000E+00 -8.07936742E-01
  8.50000000E+00 -7.74864511E-01
  8.50000000E+00 -7.57439230E-01
  8.50000000E+00 -7.24366998E-01
  8.50000000E+00 -7.06941717E-01
  8.50000000E+00 -6.73869486E-01
  8.50000000E+00 -6.56444205E-01
  8.50000000E+00 -6.23371973E-01
  8.50000000E+00 -6.05946692E-01
  8.50000000E+00 -5.72874461E-01
  8.50000000E+00 -5.55449180E-01
  8.50000000E+00 -5.22376949E-01
  8.50000000E+00 -5.04951668E-01
  8.50000000E+00 -4.71879436E-01
  8.50000000E+00 -4.54454155E-01
  8.50000000E+00 -4.21381924E-01
  8.50000000E+00 -4.03956643E-01
  8.50000000E+00 -3.70884411E-01
  8.50000000E+00 -3.53459130E-01
  8.50000000E+00 -3.20386899E-01
  8.50000000E+00 -3.02961618E-01
  8.50000000E+00 -2.69889386E-01
  8.50000000E+00 -2.52464105E-01
  8.50000000E+00 -2.19391874E-01
  8.50000000E+00 -2.01966593E-01
  8.50000000E+00 -1.68894362E-01
  8.50000000E+00 -1.51469081E-01
  8.50000000E+00 -1.18396849E-01
  8.50000000E+00 -1.00971568E-01
  8.50000000E+00 -6.78993367E-02
  8.50000000E+00 -5.04740556E-02
  8.50000000E+00 -1.74018242E-02
  8.50000000E+00  2.34567890E-05
  8.50000000E+00  3.30956882E-02
  8.50000000E+00  5.05209692E-02
  8.50000000E+00  8.35932007E-02
  8.50000000E+00  1.01018482E-01
  8.50000000E+00  1.34090713E-01
  8.50000000E+00  1.51515994E-01
  8.50000000E+00  1.84588226E-01
  8.50000000E+00  2.02013507E-01
  8.50000000E+00  2.35085738E-01
  8.50000000E+00  2.52511019E-01
  8.50000000E+00  2.85583250E-01
  8.50000000E+00  3.03008531E-01
  8.50000000E+00  3.36080763E-01
  8.50000000E+00  3.53506044E-01
  8.50000000E+00  3.86578275E-01
  8.50000000E+00  4.04003556E-01
  8.50000000E+00  4.37075788E-01
  8.50000000E+00  4.54501069E-01
  8.50000000E+00  4.87573300E-01
  8.50000000E+00  5.04998581E-01
  8.50000000E+00  5.38070813E-01
  8.50000000E+00  5.55496094E-01
  8.50000000E+00  5.88568325E-01
  8.50000000E+00  6.05993606E-01
  8.50000000E+00  6.39065837E-01
  8.50000000E+00  6.56491118E-01
  8.50000000E+00  6.89563350E-01
  8.50000000E+00  7.06988631E-01
  8.50000000E+00  7.40060862E-01
  8.50000000E+00  7.57486143E-01
  8.50000000E+00  7.90558375E-01
  8.50000000E+00  8.07983656E-01
  8.50000000E+00  8.41055887E-01
  8.50000000E+00  8.58481168E-01
  8.50000000E+00  8.91553400E-01
  8.50000000E+00  9.08978681E-01
  8.50000000E+00  9.42050912E-01
  8.50000000E+00  9.59476193E-01
  8.50000000E+00  9.92548425E-01
  8.50000000E+00  1.00997371E+00
  8.50000000E+00  1.04304594E+00
  8.50000000E+00  1.06047122E+00
  8.50000000E+00  1.09354345E+00
  8.50000000E+00  1.11096873E+00
  8.50000000E+00  1.14404096E+00
  8.50000000E+00  1.16146624E+00
  8.50000000E+00  1.19453847E+00
  8.50000000E+00  1.21196376E+00
  8.50000000E+00  1.24503599E+00
  8.50000000E+00  1.26246127E+00
  8.50000000E+00  1.29553350E+00
  8.50000000E+00  1.31295878E+00
  8.50000000E+00  1.34603101E+00
  8.50000000E+00  1.36345629E+00
  8.50000000E+00  1.39652852E+00
  8.50000000E+00  1.41395381E+00
  8.50000000E+00  1.44702604E+00
  8.50000000E+00  1.46445132E+00
  8.50000000E+00  1.49752355E+00
  8.50000000E+00  1.51494883E+00
  8.50000000E+00  1.54802106E+00
  8.50000000E+00  1.56544634E+00
  8.50000000E+00  1.59851857E+00
  8.50000000E+00  1.61594385E+00
  8.50000000E+00  1.64901609E+00
  8.50000000E+00  1.66644137E+00
  8.50000000E+00  1.69951360E+00
  8.50000000E+00  1.71693888E+00
  8.50000000E+00  1.75001111E+00
  8.50000000E+00  1.76743639E+00
  8.50000000E+00  1.80050862E+00
  8.50000000E+00  1.81793390E+00
  8.50000000E+00  1.85100614E+00
  8.50000000E+00  1.86843142E+00
  8.50000000E+00  1.90150365E+00
  8.50000000E+00  1.91892893E+00
  8.50000000E+00  1.95200116E+00
  8.50000000E+00  1.96942644E+00
  8.50000000E+00  2.00249867E+00
  8.50000000E+00  2.01992395E+00
  8.50000000E+00  2.05299619E+00
  8.50000000E+00  2.07042147E+00
  8.50000000E+00  2.10349370E+00
  8.50000000E+00  2.12091898E+00
  8.50000000E+00  2.15399121E+00
  8.50000000E+00  2.17141649E+00
  8.50000000E+00  2.20448872E+00
  8.50000000E+00  2.22191400E+00
  8.50000000E+00  2.25498624E+00
  8.50000000E+00  2.27241152E+00
  8.50000000E+00  2.30548375E+00
  8.50000000E+00  2.32290903E+00
  8.50000000E+00  2.35598126E+00
  8.50000000E+00  2.37340654E+00
  8.50000000E+00  2.40647877E+00
  8.50000000E+00  2.42390405E+00
  8.50000000E+00  2.45697629E+00
  8.50000000E+00  2.47440157E+00
  8.48505240E+00  2.50000000E+00
  8.43385554E+00  2.50000000E+00
  8.38265867E+00  2.50000000E+00
  8.33286051E+00  2.50000000E+00
  8.28166364E+00  2.50000000E+00
  8.23186549E+00  2.50000000E+00
  8.18066862E+00  2.50000000E+00
  8.13087046E+00  2.50000000E+00
  8.07967359E+00  2.50000000E+00
  8.02987544E+00  2.50000000E+00
  7.97867857E+00  2.50000000E+00
  7.92888041E+00  2.50000000E+00
  7.87768355E+00  2.50000000E+00
  7.82788539E+00  2.50000000E+00
  7.77668852E+00  2.50000000E+00
  7.72689036E+00  2.50000000E+00
  7.67569350E+00  2.50000000E+00
  7.62589534E+00  2.50000000E+00
  7.57469847E+00  2.50000000E+00
  7.52490031E+00  2.50000000E+00
  7.50000000E+00  2.48685172E+00
  7.50000000E+00 -2.47435465E+00

w:600/ x(   0.1375000E+01) y(   0.0000000E+00) ix(2) iy(2) s(   0.7000E+00)

hb:   line clip z   cb(white)
clip:
  2.50000000E-01 -1.46603367E+00
  2.53258522E-01 -1.50000000E+00
  3.24449714E-01 -1.50000000E+00
  3.54253547E-01 -1.50000000E+00
  4.25444739E-01 -1.50000000E+00
  4.55248572E-01 -1.50000000E+00
  5.26439764E-01 -1.50000000E+00
  5.56243597E-01 -1.50000000E+00
  6.27434789E-01 -1.50000000E+00
  6.57238622E-01 -1.50000000E+00
  7.28429814E-01 -1.50000000E+00
  7.58233647E-01 -1.50000000E+00
  8.29424839E-01 -1.50000000E+00
  8.59228671E-01 -1.50000000E+00
  9.30419864E-01 -1.50000000E+00
  9.60223696E-01 -1.50000000E+00
  1.03141489E+00 -1.50000000E+00
  1.06121872E+00 -1.50000000E+00
  1.13240991E+00 -1.50000000E+00
  1.16221375E+00 -1.50000000E+00
  1.23340494E+00 -1.50000000E+00
  1.26320877E+00 -1.50000000E+00
  1.33439996E+00 -1.50000000E+00
  1.36420380E+00 -1.50000000E+00
  1.43539499E+00 -1.50000000E+00
  1.46519882E+00 -1.50000000E+00
  1.53639001E+00 -1.50000000E+00
  1.56619385E+00 -1.50000000E+00
  1.63738504E+00 -1.50000000E+00
  1.66718887E+00 -1.50000000E+00
  1.73838006E+00 -1.50000000E+00
  1.76818390E+00 -1.50000000E+00
  1.83937509E+00 -1.50000000E+00
  1.86917892E+00 -1.50000000E+00
  1.94037011E+00 -1.50000000E+00
  1.97017395E+00 -1.50000000E+00
  2.04136514E+00 -1.50000000E+00
  2.07116897E+00 -1.50000000E+00
  2.14236016E+00 -1.50000000E+00
  2.17216399E+00 -1.50000000E+00
  2.24335519E+00 -1.50000000E+00
  2.27315902E+00 -1.50000000E+00
  2.34435021E+00 -1.50000000E+00
  2.37415404E+00 -1.50000000E+00
  2.44534524E+00 -1.50000000E+00
  2.47514907E+00 -1.50000000E+00
  2.50000000E+00 -1.47682987E+00
  2.50000000E+00 -1.46440440E+00
  2.50000000E+00 -1.45197894E+00
  2.50000000E+00 -1.41390689E+00
  2.50000000E+00 -1.40148143E+00
  2.50000000E+00 -1.36340938E+00
  2.50000000E+00 -1.35098391E+00
  2.50000000E+00 -1.31291187E+00
  2.50000000E+00 -1.30048640E+00
  2.50000000E+00 -1.26241435E+00
  2.50000000E+00 -1.24998889E+00
  2.50000000E+00 -1.21191684E+00
  2.50000000E+00 -1.19949138E+00
  2.50000000E+00 -1.16141933E+00
  2.50000000E+00 -1.14899386E+00
  2.50000000E+00 -1.11092182E+00
  2.50000000E+00 -1.09849635E+00
  2.50000000E+00 -1.06042430E+00
  2.50000000E+00 -1.04799884E+00
  2.50000000E+00 -1.00992679E+00
  2.50000000E+00 -9.97501327E-01
  2.50000000E+00 -9.59429280E-01
  2.50000000E+00 -9.47003814E-01
  2.50000000E+00 -9.08931767E-01
  2.50000000E+00 -8.96506302E-01
  2.50000000E+00 -8.58434255E-01
  2.50000000E+00 -8.46008789E-01
  2.50000000E+00 -8.07936742E-01
  2.50000000E+00 -7.95511277E-01
  2.50000000E+00 -7.57439230E-01
  2.50000000E+00 -7.45013765E-01
  2.50000000E+00 -7.06941717E-01
  2.50000000E+00 -6.94516252E-01
  2.50000000E+00 -6.56444205E-01
  2.50000000E+00 -6.44018740E-01
  2.50000000E+00 -6.05946692E-01
  2.50000000E+00 -5.93521227E-01
  2.50000000E+00 -5.55449180E-01
  2.50000000E+00 -5.43023715E-01
  2.50000000E+00 -5.04951668E-01
  2.50000000E+00 -4.92526202E-01
  2.50000000E+00 -4.54454155E-01
  2.50000000E+00 -4.42028690E-01
  2.50000000E+00 -4.03956643E-01
  2.50000000E+00 -3.91531177E-01
  2.50000000E+00 -3.53459130E-01
  2.50000000E+00 -3.41033665E-01
  2.50000000E+00 -3.02961618E-01
  2.50000000E+00 -2.90536153E-01
  2.50000000E+00 -2.52464105E-01
  2.50000000E+00 -2.40038640E-01
  2.50000000E+00 -2.01966593E-01
  2.50000000E+00 -1.89541128E-01
  2.50000000E+00 -1.51469081E-01
  2.50000000E+00 -1.39043615E-01
  2.50000000E+00 -1.00971568E-01
  2.50000000E+00 -8.85461028E-02
  2.50000000E+00 -5.04740556E-02
  2.50000000E+00 -3.80485904E-02
  2.50000000E+00  2.34567890E-05
  2.50000000E+00  1.24489221E-02
  2.50000000E+00  5.05209692E-02
  2.50000000E+00  6.29464345E-02
  2.50000000E+00  1.01018482E-01
  2.50000000E+00  1.13443947E-01
  2.50000000E+00  1.51515994E-01
  2.50000000E+00  1.63941459E-01
  2.50000000E+00  2.02013507E-01
  2.50000000E+00  2.14438972E-01
  2.50000000E+00  2.52511019E-01
  2.50000000E+00  2.64936484E-01
  2.50000000E+00  3.03008531E-01
  2.50000000E+00  3.15433997E-01
  2.50000000E+00  3.53506044E-01
  2.50000000E+00  3.65931509E-01
  2.50000000E+00  4.04003556E-01
  2.50000000E+00  4.16429022E-01
  2.50000000E+00  4.54501069E-01
  2.50000000E+00  4.66926534E-01
  2.50000000E+00  5.04998581E-01
  2.50000000E+00  5.17424046E-01
  2.50000000E+00  5.55496094E-01
  2.50000000E+00  5.67921559E-01
  2.50000000E+00  6.05993606E-01
  2.50000000E+00  6.18419071E-01
  2.50000000E+00  6.56491118E-01
  2.50000000E+00  6.68916584E-01
  2.50000000E+00  7.06988631E-01
  2.50000000E+00  7.19414096E-01
  2.50000000E+00  7.57486143E-01
  2.50000000E+00  7.69911609E-01
  2.50000000E+00  8.07983656E-01
  2.50000000E+00  8.20409121E-01
  2.50000000E+00  8.58481168E-01
  2.50000000E+00  8.70906633E-01
  2.50000000E+00  9.08978681E-01
  2.50000000E+00  9.21404146E-01
  2.50000000E+00  9.59476193E-01
  2.50000000E+00  9.71901658E-01
  2.50000000E+00  1.00997371E+00
  2.50000000E+00  1.02239917E+00
  2.50000000E+00  1.06047122E+00
  2.50000000E+00  1.07289668E+00
  2.50000000E+00  1.11096873E+00
  2.50000000E+00  1.12339420E+00
  2.50000000E+00  1.16146624E+00
  2.50000000E+00  1.17389171E+00
  2.50000000E+00  1.21196376E+00
  2.50000000E+00  1.22438922E+00
  2.50000000E+00  1.26246127E+00
  2.50000000E+00  1.27488673E+00
  2.50000000E+00  1.31295878E+00
  2.50000000E+00  1.32538425E+00
  2.50000000E+00  1.36345629E+00
  2.50000000E+00  1.37588176E+00
  2.50000000E+00  1.41395381E+00
  2.50000000E+00  1.42637927E+00
  2.50000000E+00  1.46445132E+00
  2.50000000E+00  1.47687678E+00
  2.47514907E+00  1.50000000E+00
  2.40405170E+00  1.50000000E+00
  2.37415404E+00  1.50000000E+00
  2.30305668E+00  1.50000000E+00
  2.27315902E+00  1.50000000E+00
  2.20206165E+00  1.50000000E+00
  2.17216399E+00  1.50000000E+00
  2.10106663E+00  1.50000000E+00
  2.07116897E+00  1.50000000E+00
  2.00007160E+00  1.50000000E+00
  1.97017395E+00  1.50000000E+00
  1.89907658E+00  1.50000000E+00
  1.86917892E+00  1.50000000E+00
  1.79808156E+00  1.50000000E+00
  1.76818390E+00  1.50000000E+00
  1.69708653E+00  1.50000000E+00
  1.66718887E+00  1.50000000E+00
  1.59609151E+00  1.50000000E+00
  1.56619385E+00  1.50000000E+00
  1.49509648E+00  1.50000000E+00
  1.46519882E+00  1.50000000E+00
  1.39410146E+00  1.50000000E+00
  1.36420380E+00  1.50000000E+00
  1.29310643E+00  1.50000000E+00
  1.26320877E+00  1.50000000E+00
  1.19211141E+00  1.50000000E+00
  1.16221375E+00  1.50000000E+00
  1.09111638E+00  1.50000000E+00
  1.06121872E+00  1.50000000E+00
  9.90121356E-01  1.50000000E+00
  9.60223696E-01  1.50000000E+00
  8.89126331E-01  1.50000000E+00
  8.59228671E-01  1.50000000E+00
  7.88131306E-01  1.50000000E+00
  7.58233647E-01  1.50000000E+00
  6.87136282E-01  1.50000000E+00
  6.57238622E-01  1.50000000E+00
  5.86141257E-01  1.50000000E+00
  5.56243597E-01  1.50000000E+00
  4.85146232E-01  1.50000000E+00
  4.55248572E-01  1.50000000E+00
  3.84151207E-01  1.50000000E+00
  3.54253547E-01  1.50000000E+00
  2.83156182E-01  1.50000000E+00
  2.50000000E-01  1.46608058E+00
  2.50000000E-01 -1.46440440E+00

wt: s[c5]
\vspace{-3}
  emin  &=&   0.0000E+00 [MeV]
  emax  &=&   1.0000E+03 [MeV]
  xmin  &=&  -2.1600E+00 [cm]
  xmax  &=&  -2.1400E+00 [cm]
  part. &=& all     
e:
 
# Information for Restart Calculation
# This calculation was newly started
# istdev =  2 # 1:Batch variance, 2:History variance
# resc2  = 0.00000000000000000E+00 # Total source weight or Total source weight / maxcas
# resc3  = 0.00000000000000000E+00 # Total history number or Total batch number
# maxcas =          50 # History / Batch, only used for istdev=1
# bitrseed = 0000000000000000000000000000000000000000000000000000000000000000 # bit data of rseed
