    htitle = X-ray generated by 15MeV electron
 
! --- control parameters ---
     imode =       2
     jmode =       2
 
! --- calculation parameters ---
     idivs =      50
    ichain =     100
    itdecs =       0
    itdecn =       0
    isomtr =       2
    ifisyd =       0
    ifisye =       0
 
! --- output parameters ---
     iyild =       2
     iggrp =       3
    ibetap =       1
     acmin =  1.0000E-20
    istabl =       0
    igsdef =       1
    igsorg =       1
 
! --- Proton beam current and neutron flux ---
       amp =  1.0000E-04
     ebeam =  3.0000E+00
    prodnp =  1.0000E+00
 
! --- irradiation time ---
    itstep =       2
      6.0000E+00 m  1.0000E+00
      5.0000E+01 m  0.0000E+00
 
! --- output time ---
     itout =       7
      1.0000E+00 m
      3.0000E+00 m
      6.0000E+00 m
      1.0000E+01 m
      2.0000E+01 m
      3.0000E+01 m
      4.0000E+01 m
 
! --- irradiation condition ---
    inmtcf =       1
!  ffnmtcf =    1.0
!  hhnmtcf = nmtc_yield
 
    iregon =      4
!1)HRGCMM 2)IREGS 3)ITGNCLS 4)FLUXS 5)HNFLUXS 6)VOLUMES
   DUMMY01       11    2  1.8126E+06   n.flux_01  1.9007E-01
  Cu-63      5.8486E-02
  Cu-65      2.6068E-02
!1)HRGCMM 2)IREGS 3)ITGNCLS 4)FLUXS 5)HNFLUXS 6)VOLUMES
   DUMMY02       21    3  2.3245E+04   n.flux_02  5.6549E+03
   W-184     5.0378E-02
  Ni-58      1.1489E-02
  Fe-56      5.4922E-03
!1)HRGCMM 2)IREGS 3)ITGNCLS 4)FLUXS 5)HNFLUXS 6)VOLUMES
   DUMMY03       31    3  3.4909E+05   n.flux_03  1.8488E+03
   W-184     5.0378E-02
  Ni-58      1.1489E-02
  Fe-56      5.4922E-03
!1)HRGCMM 2)IREGS 3)ITGNCLS 4)FLUXS 5)HNFLUXS 6)VOLUMES
   DUMMY04       41    2  3.4197E+05   n.flux_04  1.9242E+01
  Cu-63      5.8486E-02
  Cu-65      2.6068E-02
 
! --- output option for ANGEL ---
  angelout = 1
!   angelout_act        = 0
!   angelout_heat       = 0
!   angelout_heat_alpha = 0
!   angelout_heat_beta  = 0
!   angelout_heat_gamma = 0
!   angelout_dose       = 0
!   angelout_region     = all, sum
  phitsout = 1
 
end
