           _________________________________________________________
          |                                                         |
          |       _/_/_/_/                                          |
          |      _/      _/                  _/_/_/_/_/_/           |
          |     _/      _/  _/      _/   _/      _/      _/_/_/_/_/ |
          |    _/_/_/_/    _/      _/   _/      _/      _/          |
          |   _/          _/_/_/_/_/   _/      _/       _/_/_/_/    |
          |  _/          _/      _/   _/      _/              _/    |
          | _/          _/      _/   _/      _/      _/_/_/_/_/     |
          |                                                         |
          |                                                         |
          |       Particle and Heavy Ion Transport code System      |
          |                      Version =  2.300                   |
          |                         made by                         |
          |                                                         |
          |                       Koji NIITA,                       |
          |           Research Organization for Information         |
          |                    Science & Technology                 |
          |                                                         |
          |           Norihiro MATSUDA, Shintaro HASHIMOTO,         |
          |              Yosuke IWAMOTO, Tatsuhiko SATO,            |
          |             Hiroshi NAKASHIMA, Yukio SAKAMOTO,          |
          |               Tokio FUKAHORI, Satoshi CHIBA,            |
          |                 Japan Atomic Energy Agency              |
          |                                                         |
          |                      Hiroshi IWASE,                     |
          |                           KEK                           |
          |                                                         |
          |                           and                           |
          |                                                         |
          |                      Lembit SIHVER,                     |
          |             Chalmers University of Technology           |
          |                                                         |
          |                 Last Revised  2011-08-11                |
          |_________________________________________________________|

                   ____________ [ Job Title ] __________ 
                  |                                     |
                  |  Test Calculation for Example (21)  |
                  |_____________________________________|

                        Starting Date = 2011-08-17
                        Starting Time = 11h 37m 18

>>> Input Echo >>>=============================================================

[ T i t l e ]
Test Calculation for Example (21)

[ P a r a m e t e r s ]
 icntl    =           0     # (D=0) 3:ECH 5:NOR 6:SRC 7,8:GSH 11:DSH 12:DUMP
 maxcas   =        1000     # (D=10) number of particles per one batch
 maxbch   =           1     # (D=10) number of batches
 emin(2)  = 0.100000000     # (D=1.0) cut-off energy of neutron (MeV)
 dmax(2)  =  20.0000000     # (D=emin(2)) data max. energy of neutron (MeV)
 jmout    =           1     # (D=0) Density echo, 0:input, 1:number density
 esmin    = 1.000000000E-06 # (D=0.001) min energy for charged particle range 
 ndedx    =           2     # (D=2) 0: SPAR, 1: ATIMA, 2: SPAR all for dE/dx
 e-mode   =           1     # (D=0) 0: Normal, 1: Event generator mode
 itall    =           1     # (D=0) 0:no tally at batch, 1:same, 2:different
 dmax(14) =  1000.00000     # (D=emin(14)) data max. energy of photon (MeV)
 emin(14) = 1.000000000E-03 # (D=1.d9) cut-off energy of photon (MeV)
 dmax(12) =  1000.00000     # (D=emin(12)) data max. energy of electron (MeV)
 emin(12) = 1.000000000E-03 # (D=1.d9) cut-off energy of electron (MeV)
 emin(13) = 1.000000000E-03 # (D=1.d9) cut-off energy of positron (MeV)
 emin(15) = 1.000000000E-06 # (D=1.d9) cut-off energy of deuteron (MeV)
 emin(16) = 1.000000000E-06 # (D=1.d9) cut-off energy of triton (MeV)
 emin(17) = 1.000000000E-06 # (D=1.d9) cut-off energy of 3He (MeV)
 emin(18) = 1.000000000E-06 # (D=1.d9) cut-off energy of Alpha (MeV)
 emin(19) = 1.000000000E-06 # (D=1.d9) cut-off energy of Nucleus (MeV)
 file(6)  = phits.out       # (D=phits.out) general output file name
 file(7)  = c:/phits/data/xsdir.jnd # (D=xdirs) nuclear data input file name
 file(14) = c:/phits/data/trxcrd.dat # (D=trxcrd.dat) photon data input file name

[ S o u r c e ]
  totfact =   1.0000        # (D=1.0) global factor
   s-type =   1             # mono-energetic axial source
     proj =  proton         # kind of incident particle         
       e0 =   300.00        # energy of beam [MeV/u]
       r0 =   0.0000        # radius [cm]
       x0 =   0.0000        # (D=0.0) center position of x-axis [cm]
       y0 =   0.0000        # (D=0.0) center position of y-axis [cm]
       z0 =   0.0000        # minimum position of z-axis [cm]
       z1 =   0.0000        # maximum position of z-axis [cm]
      dir =   1.0000        # z-direction of beam [cosine]

[ M a t e r i a l ]
MAT[ 1 ] 
        196Hg         5.9595000E-05
        198Hg         3.9611000E-03
        199Hg         6.7025000E-03
        200Hg         9.1776000E-03
        201Hg         5.2364000E-03
        202Hg         1.1863000E-02
        204Hg         2.2795000E-03
MAT[ 2 ] 
        204Pb         4.6801000E-04
        206Pb         7.9430000E-03
        207Pb         7.2838000E-03
        208Pb         1.7238000E-02
MAT[ 3 ] 
         54Fe         4.9161000E-03
         56Fe         7.7741000E-02
         57Fe         1.8647000E-03
         58Fe         2.3733000E-04
MAT[ 4 ] 
          14N         4.6801000E-05
          16O         7.9430000E-06
MAT[ 5 ] 
           1H         6.6893406E-02
          16O         3.3446704E-02

[ C e l l ]
 1          5 -1.0000000E+00  6 -9 -1 
 2          5 -1.0000000E+00  7 -9 1 -2 
 3          5 -1.0000000E+00  8 -9 2 -3 
 4          0                 5 -10 -4 #1 #2 #3 
 5         -1                 -5 : 10 : 4 

[ S u r f a c e ]
 1            cz     5.0000000E+00
 2            cz     1.0000000E+01
 3            cz     1.5000000E+01
 4            cz     2.0000000E+01
 5            pz     0.0000000E+00
 6            pz     5.0000000E+00
 7            pz     1.0000000E+01
 8            pz     1.5000000E+01
 9            pz     5.5000000E+01
 10           pz     6.0000000E+01

[ V o l u m e ]
    reg        vol
      1      3927.000    
      2      10602.90    
      3      15708.00    
      4      45160.40    

[ T i m e r ]
   reg    in     out    coll     ref
     2       1       0       0       0 

[ C o u n t e r ] off
  counter = 1
     part =  proton   
# kf/name :  2212     
   reg    in     out    coll     ref
     2       1       0       0       0 
# Warning: there is no tally with counter.

[ T - Deposit ]
    title = [t-deposit] in xyz mesh
     mesh =  xyz            # mesh type is xyz scoring mesh
   x-type =    1            # x-mesh is given by the below data
       nx =    1            # number of x-mesh points
#    data = ( x(i), i = 1, nx + 1 )
           -2.00000E+01  2.00000E+01
   y-type =    2            # y-mesh is linear given by ymin, ymax and ny
     ymin =  -20.00000      # minimum value of y-mesh points
     ymax =   20.00000      # maximum value of y-mesh points
#    ydel =   40.00000      # mesh width of y-mesh points
       ny =    1            # number of y-mesh points
#    data = ( y(i), i = 1, ny + 1 )
#          -2.00000E+01  2.00000E+01
   z-type =    2            # z-mesh is linear given by zmin, zmax and nz
     zmin =   0.000000      # minimum value of z-mesh points
     zmax =   60.00000      # maximum value of z-mesh points
#    zdel =   60.00000      # mesh width of z-mesh points
       nz =    1            # number of z-mesh points
#    data = ( z(i), i = 1, nz + 1 )
#           0.00000E+00  6.00000E+01
     unit =    3            # unit is [1/source] : only for output=deposit
   letmat =    5            # (D=0) material id for LET, 0: real material
  dedxfnc =    2            # (D=0) user defined multiplier, 0(no), 1, 2
 material =  all            # (D=all) number of specific material
   output = deposit         # deposit enerygy distribution
   e-type =    2            # e-mesh is linear given by emin, emax and ne
     emin =   0.000000      # minimum value of e-mesh points
     emax =   200.0000      # maximum value of e-mesh points
#    edel =   4.000000      # mesh width of e-mesh points
       ne =   50            # number of e-mesh points
#    data = ( e(i), i = 1, ne + 1 )
#           0.00000E+00  4.00000E+00  8.00000E+00  1.20000E+01  1.60000E+01
#           2.00000E+01  2.40000E+01  2.80000E+01  3.20000E+01  3.60000E+01
#           4.00000E+01  4.40000E+01  4.80000E+01  5.20000E+01  5.60000E+01
#           6.00000E+01  6.40000E+01  6.80000E+01  7.20000E+01  7.60000E+01
#           8.00000E+01  8.40000E+01  8.80000E+01  9.20000E+01  9.60000E+01
#           1.00000E+02  1.04000E+02  1.08000E+02  1.12000E+02  1.16000E+02
#           1.20000E+02  1.24000E+02  1.28000E+02  1.32000E+02  1.36000E+02
#           1.40000E+02  1.44000E+02  1.48000E+02  1.52000E+02  1.56000E+02
#           1.60000E+02  1.64000E+02  1.68000E+02  1.72000E+02  1.76000E+02
#           1.80000E+02  1.84000E+02  1.88000E+02  1.92000E+02  1.96000E+02
#           2.00000E+02
   t-type =    2            # t-mesh is linear given by tmin, tmax and nt
     tmin =   0.000000      # minimum value of t-mesh points
     tmax =   5.000000      # maximum value of t-mesh points
#    tdel =  0.1000000      # mesh width of t-mesh points
       nt =   50            # number of t-mesh points
#    data = ( t(i), i = 1, nt + 1 )
#           0.00000E+00  1.00000E-01  2.00000E-01  3.00000E-01  4.00000E-01
#           5.00000E-01  6.00000E-01  7.00000E-01  8.00000E-01  9.00000E-01
#           1.00000E+00  1.10000E+00  1.20000E+00  1.30000E+00  1.40000E+00
#           1.50000E+00  1.60000E+00  1.70000E+00  1.80000E+00  1.90000E+00
#           2.00000E+00  2.10000E+00  2.20000E+00  2.30000E+00  2.40000E+00
#           2.50000E+00  2.60000E+00  2.70000E+00  2.80000E+00  2.90000E+00
#           3.00000E+00  3.10000E+00  3.20000E+00  3.30000E+00  3.40000E+00
#           3.50000E+00  3.60000E+00  3.70000E+00  3.80000E+00  3.90000E+00
#           4.00000E+00  4.10000E+00  4.20000E+00  4.30000E+00  4.40000E+00
#           4.50000E+00  4.60000E+00  4.70000E+00  4.80000E+00  4.90000E+00
#           5.00000E+00
     axis = eng-t           # axis of output
     file = d-xyz-et.dat    # file name of output for the above axis
     part =  all      
# kf/name :  0        
    gshow =    1            # 0: no 1:bnd, 2:bnd+mat, 3:bnd+reg 4:bnd+lat
    resol =    1            # (D=1) resolution of gshow or rshow
    width = 0.5000000       # (D=0.5) width of lines for gshow or rshow
   epsout =    1            # (D=0) generate eps file by ANGEL
#    used :        main (  %)        temp (  %)       total (  %)
#  memory :        5208 (  0)        7751 (  0)       12959 (  0)

[ T - Deposit ]
    title = [t-deposit] in region mesh
     mesh =  reg            # mesh type is region-wise
      reg = { 1 - 4 }
     unit =    3            # unit is [1/source] : only for output=deposit
   letmat =    5            # (D=0) material id for LET, 0: real material
  dedxfnc =    0            # (D=0) user defined multiplier, 0(no), 1, 2
 material =  all            # (D=all) number of specific material
   output = deposit         # deposit enerygy distribution
   e-type =    3            # e-mesh is log given by emin, emax and ne
     emin =  1.0000000E-03  # minimum value of e-mesh points
     emax =   1000.000      # maximum value of e-mesh points
#    edel =  0.2763102      # mesh width of e-mesh points
       ne =   50            # number of e-mesh points
#    data = ( e(i), i = 1, ne + 1 )
#           1.00000E-03  1.31826E-03  1.73780E-03  2.29087E-03  3.01995E-03
#           3.98107E-03  5.24807E-03  6.91831E-03  9.12011E-03  1.20226E-02
#           1.58489E-02  2.08930E-02  2.75423E-02  3.63078E-02  4.78630E-02
#           6.30957E-02  8.31764E-02  1.09648E-01  1.44544E-01  1.90546E-01
#           2.51189E-01  3.31131E-01  4.36516E-01  5.75440E-01  7.58578E-01
#           1.00000E+00  1.31826E+00  1.73780E+00  2.29087E+00  3.01995E+00
#           3.98107E+00  5.24807E+00  6.91831E+00  9.12011E+00  1.20226E+01
#           1.58489E+01  2.08930E+01  2.75423E+01  3.63078E+01  4.78630E+01
#           6.30957E+01  8.31764E+01  1.09648E+02  1.44544E+02  1.90546E+02
#           2.51189E+02  3.31131E+02  4.36516E+02  5.75440E+02  7.58578E+02
#           1.00000E+03
     axis =   eng           # axis of output
     file = d-reg-eng.dat   # file name of output for the above axis
     part =  all        proton     nucleus    electron   alpha      pion+    
# kf/name :  0          2212       0          11         2000004    211      
   epsout =    1            # (D=0) generate eps file by ANGEL
#    used :        main (  %)        temp (  %)       total (  %)
#  memory :        2505 (  0)        2459 (  0)        4964 (  0)

[ T - Deposit ]
    title = [t-deposit] in region mesh
     mesh =  reg            # mesh type is region-wise
      reg = 1 2
     unit =    3            # unit is [1/source] : only for output=deposit
   letmat =    0            # (D=0) material id for LET, 0: real material
  dedxfnc =    0            # (D=0) user defined multiplier, 0(no), 1, 2
 material =  all            # (D=all) number of specific material
   output = deposit         # deposit enerygy distribution
   e-type =    2            # e-mesh is linear given by emin, emax and ne
     emin =   0.000000      # minimum value of e-mesh points
     emax =   300.0000      # maximum value of e-mesh points
#    edel =   6.000000      # mesh width of e-mesh points
       ne =   50            # number of e-mesh points
#    data = ( e(i), i = 1, ne + 1 )
#           0.00000E+00  6.00000E+00  1.20000E+01  1.80000E+01  2.40000E+01
#           3.00000E+01  3.60000E+01  4.20000E+01  4.80000E+01  5.40000E+01
#           6.00000E+01  6.60000E+01  7.20000E+01  7.80000E+01  8.40000E+01
#           9.00000E+01  9.60000E+01  1.02000E+02  1.08000E+02  1.14000E+02
#           1.20000E+02  1.26000E+02  1.32000E+02  1.38000E+02  1.44000E+02
#           1.50000E+02  1.56000E+02  1.62000E+02  1.68000E+02  1.74000E+02
#           1.80000E+02  1.86000E+02  1.92000E+02  1.98000E+02  2.04000E+02
#           2.10000E+02  2.16000E+02  2.22000E+02  2.28000E+02  2.34000E+02
#           2.40000E+02  2.46000E+02  2.52000E+02  2.58000E+02  2.64000E+02
#           2.70000E+02  2.76000E+02  2.82000E+02  2.88000E+02  2.94000E+02
#           3.00000E+02
   t-type =    2            # t-mesh is linear given by tmin, tmax and nt
     tmin =   0.000000      # minimum value of t-mesh points
     tmax =   5.000000      # maximum value of t-mesh points
#    tdel =  0.1000000      # mesh width of t-mesh points
       nt =   50            # number of t-mesh points
#    data = ( t(i), i = 1, nt + 1 )
#           0.00000E+00  1.00000E-01  2.00000E-01  3.00000E-01  4.00000E-01
#           5.00000E-01  6.00000E-01  7.00000E-01  8.00000E-01  9.00000E-01
#           1.00000E+00  1.10000E+00  1.20000E+00  1.30000E+00  1.40000E+00
#           1.50000E+00  1.60000E+00  1.70000E+00  1.80000E+00  1.90000E+00
#           2.00000E+00  2.10000E+00  2.20000E+00  2.30000E+00  2.40000E+00
#           2.50000E+00  2.60000E+00  2.70000E+00  2.80000E+00  2.90000E+00
#           3.00000E+00  3.10000E+00  3.20000E+00  3.30000E+00  3.40000E+00
#           3.50000E+00  3.60000E+00  3.70000E+00  3.80000E+00  3.90000E+00
#           4.00000E+00  4.10000E+00  4.20000E+00  4.30000E+00  4.40000E+00
#           4.50000E+00  4.60000E+00  4.70000E+00  4.80000E+00  4.90000E+00
#           5.00000E+00
     axis = eng-t           # axis of output
     file = d-reg-et.dat    # file name of output for the above axis
     part =  all        proton     nucleus    electron 
# kf/name :  0          2212       0          11       
   epsout =    1            # (D=0) generate eps file by ANGEL
#    used :        main (  %)        temp (  %)       total (  %)
#  memory :       40904 (  0)       43456 (  0)       84360 (  0)

[ T - Deposit2 ]
    title = [t-deposit2] in region mesh
     mesh =  reg            # mesh type is only region-wise, two region
      reg = 2 1
     unit =    1            # unit is Number [1/source]
  letmat1 =    5            # (D=0) material id for LET, 0: real material
  letmat2 =    5            # (D=0) material id for LET, 0: real material
 dedxfnc1 =    1            # (D=0) user defined multiplier, 0(no), 1, 2
 dedxfnc2 =    2            # (D=0) user defined multiplier, 0(no), 1, 2
  e1-type =    2            # e1-mesh is linear given by emin, emax and ne
     emin =   0.000000      # minimum value of e-mesh points
     emax =   200.0000      # maximum value of e-mesh points
#    edel =   66.66667      # mesh width of e-mesh points
       ne =    3            # number of e-mesh points
#    data = ( e(i), i = 1, ne + 1 )
#           0.00000E+00  6.66667E+01  1.33333E+02  2.00000E+02
  e2-type =    2            # e2-mesh is linear given by emin, emax and ne
     emin =   0.000000      # minimum value of e-mesh points
     emax =   300.0000      # maximum value of e-mesh points
#    edel =   6.000000      # mesh width of e-mesh points
       ne =   50            # number of e-mesh points
#    data = ( e(i), i = 1, ne + 1 )
#           0.00000E+00  6.00000E+00  1.20000E+01  1.80000E+01  2.40000E+01
#           3.00000E+01  3.60000E+01  4.20000E+01  4.80000E+01  5.40000E+01
#           6.00000E+01  6.60000E+01  7.20000E+01  7.80000E+01  8.40000E+01
#           9.00000E+01  9.60000E+01  1.02000E+02  1.08000E+02  1.14000E+02
#           1.20000E+02  1.26000E+02  1.32000E+02  1.38000E+02  1.44000E+02
#           1.50000E+02  1.56000E+02  1.62000E+02  1.68000E+02  1.74000E+02
#           1.80000E+02  1.86000E+02  1.92000E+02  1.98000E+02  2.04000E+02
#           2.10000E+02  2.16000E+02  2.22000E+02  2.28000E+02  2.34000E+02
#           2.40000E+02  2.46000E+02  2.52000E+02  2.58000E+02  2.64000E+02
#           2.70000E+02  2.76000E+02  2.82000E+02  2.88000E+02  2.94000E+02
#           3.00000E+02
   t-type =    2            # t-mesh is linear given by tmin, tmax and nt
     tmin =   0.000000      # minimum value of t-mesh points
     tmax =   5.000000      # maximum value of t-mesh points
#    tdel =  0.1000000      # mesh width of t-mesh points
       nt =   50            # number of t-mesh points
#    data = ( t(i), i = 1, nt + 1 )
#           0.00000E+00  1.00000E-01  2.00000E-01  3.00000E-01  4.00000E-01
#           5.00000E-01  6.00000E-01  7.00000E-01  8.00000E-01  9.00000E-01
#           1.00000E+00  1.10000E+00  1.20000E+00  1.30000E+00  1.40000E+00
#           1.50000E+00  1.60000E+00  1.70000E+00  1.80000E+00  1.90000E+00
#           2.00000E+00  2.10000E+00  2.20000E+00  2.30000E+00  2.40000E+00
#           2.50000E+00  2.60000E+00  2.70000E+00  2.80000E+00  2.90000E+00
#           3.00000E+00  3.10000E+00  3.20000E+00  3.30000E+00  3.40000E+00
#           3.50000E+00  3.60000E+00  3.70000E+00  3.80000E+00  3.90000E+00
#           4.00000E+00  4.10000E+00  4.20000E+00  4.30000E+00  4.40000E+00
#           4.50000E+00  4.60000E+00  4.70000E+00  4.80000E+00  4.90000E+00
#           5.00000E+00
     axis =  e2-t           # axis of output
     file = d2-reg-e2t.dat  # file name of output for the above axis
     part = ( proton     deuteron   triton     3he        alpha      C        ) 
# kf/name : ( 2212       1000002    1000003    2000003    2000004    6000000  ) 
   epsout =    1            # (D=0) generate eps file by ANGEL
#    used :        main (  %)        temp (  %)       total (  %)
#  memory :       20508 (  0)       23054 (  0)       43562 (  0)

[ T - Deposit2 ]
    title = [t-deposit2] in region mesh
     mesh =  reg            # mesh type is only region-wise, two region
      reg = 1 2
     unit =    1            # unit is Number [1/source]
  letmat1 =    5            # (D=0) material id for LET, 0: real material
  letmat2 =    5            # (D=0) material id for LET, 0: real material
 dedxfnc1 =    1            # (D=0) user defined multiplier, 0(no), 1, 2
 dedxfnc2 =    2            # (D=0) user defined multiplier, 0(no), 1, 2
  e1-type =    2            # e1-mesh is linear given by emin, emax and ne
     emin =   0.000000      # minimum value of e-mesh points
     emax =   300.0000      # maximum value of e-mesh points
#    edel =   6.000000      # mesh width of e-mesh points
       ne =   50            # number of e-mesh points
#    data = ( e(i), i = 1, ne + 1 )
#           0.00000E+00  6.00000E+00  1.20000E+01  1.80000E+01  2.40000E+01
#           3.00000E+01  3.60000E+01  4.20000E+01  4.80000E+01  5.40000E+01
#           6.00000E+01  6.60000E+01  7.20000E+01  7.80000E+01  8.40000E+01
#           9.00000E+01  9.60000E+01  1.02000E+02  1.08000E+02  1.14000E+02
#           1.20000E+02  1.26000E+02  1.32000E+02  1.38000E+02  1.44000E+02
#           1.50000E+02  1.56000E+02  1.62000E+02  1.68000E+02  1.74000E+02
#           1.80000E+02  1.86000E+02  1.92000E+02  1.98000E+02  2.04000E+02
#           2.10000E+02  2.16000E+02  2.22000E+02  2.28000E+02  2.34000E+02
#           2.40000E+02  2.46000E+02  2.52000E+02  2.58000E+02  2.64000E+02
#           2.70000E+02  2.76000E+02  2.82000E+02  2.88000E+02  2.94000E+02
#           3.00000E+02
  e2-type =    2            # e2-mesh is linear given by emin, emax and ne
     emin =   0.000000      # minimum value of e-mesh points
     emax =   300.0000      # maximum value of e-mesh points
#    edel =   6.000000      # mesh width of e-mesh points
       ne =   50            # number of e-mesh points
#    data = ( e(i), i = 1, ne + 1 )
#           0.00000E+00  6.00000E+00  1.20000E+01  1.80000E+01  2.40000E+01
#           3.00000E+01  3.60000E+01  4.20000E+01  4.80000E+01  5.40000E+01
#           6.00000E+01  6.60000E+01  7.20000E+01  7.80000E+01  8.40000E+01
#           9.00000E+01  9.60000E+01  1.02000E+02  1.08000E+02  1.14000E+02
#           1.20000E+02  1.26000E+02  1.32000E+02  1.38000E+02  1.44000E+02
#           1.50000E+02  1.56000E+02  1.62000E+02  1.68000E+02  1.74000E+02
#           1.80000E+02  1.86000E+02  1.92000E+02  1.98000E+02  2.04000E+02
#           2.10000E+02  2.16000E+02  2.22000E+02  2.28000E+02  2.34000E+02
#           2.40000E+02  2.46000E+02  2.52000E+02  2.58000E+02  2.64000E+02
#           2.70000E+02  2.76000E+02  2.82000E+02  2.88000E+02  2.94000E+02
#           3.00000E+02
  2D-type =    3            # 1:Cont, 2:Clust, 3:Color, 4:xyz, 5:mat, 6:Clust+Cont, 7:Col+Cont
     axis =   e12           # axis of output
     file = d2-reg-e12.dat  # file name of output for the above axis
     part =  all      
# kf/name :  0        
   epsout =    1            # (D=0) generate eps file by ANGEL
#    used :        main (  %)        temp (  %)       total (  %)
#  memory :        5308 (  0)        7807 (  0)       13115 (  0)

[END] of Input Echo <<<========================================================

<<< Report of real Geometry memory >>>
*           GG/CG memory =      256
*     total memory: mdas = 20000000
*                percent =     0.00 %

<<< Report of material memory for high energy>>>
*   high energy material =    14428
*     total memory: mdas = 20000000
*                percent =     0.07 %

<<< Report of material memory for low energy>>>
*    low energy material =   491096
*     total memory: mdas = 20000000
*                percent =     2.46 %

<<< Report of real tally memory >>>
*      real tally memory =    74433
*     total memory: mdas = 20000000
*                percent =     0.37 %

<<< Report of bank memory >>>
*            bank memory =   347500
*     total memory: mdas = 20000000
*                percent =     1.74 %

<<< Report of other memory >>>
*           other memory =     2990
*     total memory: mdas = 20000000
*                percent =     0.01 %

<<< Report of total memory >>>
*      used total memory =   930703
*     total memory: mdas = 20000000
*                percent =     4.65 %
*                ---------------------

-------------------------------------------------------------------------------
bat[       1] ncas =           1000. : rijk    =   6647299061401.
       low neutron =            221. : ncall/s =  6.653985000E+03
          cpu time =  26.640 s.

===============================================================================

 Summary for the end of job

-------------------------------------------------------------------------------
 number of analyz call vs ncol
-------------------------------------------------------------------------------
     ncol          number
        1              1.   : start of calculation            
        2              1.   : end of calculation              
        3              1.   : end of a batch                  
        4           1000.   : source                          
        5              0.   : detection of geometry error     
        6              0.   : recovery of geometry error      
        7              0.   : termination by geometry error   
        8              0.   : termination by weight cut-off   
        9              0.   : termination by time cut-off     
       10           3950.   : geometry boundary crossing      
       11           2189.   : termination by energy cut-off   
       12           1278.   : termination by escape or leakage
       13          21246.   : reaction : (n,x) type           
       14         807829.   : reaction : (n,n'x) type         
       15           1507.   : sequential transport for tally  

-------------------------------------------------------------------------------
 Region-wise total number of collisions for High energy and HI per source
-------------------------------------------------------------------------------
 Region    Hydrogen       Decay     Elastic   Non-Elast   Heavy Ion    Hi-Total
      1  8.3000E-02  0.0000E+00  3.1100E-01  4.2300E-01  0.0000E+00  8.1700E-01
      2  1.2000E-02  0.0000E+00  3.2000E-02  2.2000E-02  0.0000E+00  6.6000E-02
      3  4.0000E-03  0.0000E+00  1.6000E-02  8.0000E-03  0.0000E+00  2.8000E-02
  Total  9.9000E-02  0.0000E+00  3.5900E-01  4.5300E-01  0.0000E+00  9.1100E-01

-------------------------------------------------------------------------------
 Region-wise total number of collisions for Nuclear Data part per source
-------------------------------------------------------------------------------
 Region     Neutron      Photon    Electron      Proton     N-Emode  Data-Total
      1  0.0000E+00  3.4100E-01  3.5841E+02  0.0000E+00  3.1200E-01  3.5906E+02
      2  0.0000E+00  3.4200E-01  2.2650E+02  0.0000E+00  2.2800E-01  2.2707E+02
      3  0.0000E+00  3.0000E-01  2.4160E+02  0.0000E+00  1.2900E-01  2.4203E+02
  Total  0.0000E+00  9.8300E-01  8.2651E+02  0.0000E+00  6.6900E-01  8.2816E+02

-------------------------------------------------------------------------------
 Region-wise total number of n-coll for low energy per source
-------------------------------------------------------------------------------
 Region     Capture     Elastic      (N,N')      (N,xN)     Fission  Total-Coll
      1  5.0000E-03  3.0200E-01  0.0000E+00  5.0000E-03  0.0000E+00  3.0700E-01
      2  3.0000E-03  2.2500E-01  0.0000E+00  0.0000E+00  0.0000E+00  2.2500E-01
      3  1.0000E-03  1.2600E-01  0.0000E+00  2.0000E-03  0.0000E+00  1.2800E-01
  Total  9.0000E-03  6.5300E-01  0.0000E+00  7.0000E-03  0.0000E+00  6.6900E-01

-------------------------------------------------------------------------------
 Region-wise neutron flux gain and loss for low energy per source
-------------------------------------------------------------------------------
 Region   Capt-Loss  (N,xN)Loss  (N,xN)Gain   Fiss-Loss   Fiss-Gain       Total
      1 -5.0000E-03 -5.0000E-03  5.0000E-03  0.0000E+00  0.0000E+00 -5.0000E-03
      2 -3.0000E-03  0.0000E+00  0.0000E+00  0.0000E+00  0.0000E+00 -3.0000E-03
      3 -1.0000E-03 -2.0000E-03  2.0000E-03  0.0000E+00  0.0000E+00 -1.0000E-03
  Total -9.0000E-03 -7.0000E-03  7.0000E-03  0.0000E+00  0.0000E+00 -9.0000E-03

-------------------------------------------------------------------------------
 Region-wise neutron energy gain and loss for low energy per source
-------------------------------------------------------------------------------
 Region   Capt-Loss   UpScatter   DownScatt
      1  5.2165E-02  0.0000E+00  0.0000E+00
      2  3.3447E-02  0.0000E+00  0.0000E+00
      3  9.5303E-03  0.0000E+00  0.0000E+00
  Total  9.5143E-02  0.0000E+00  0.0000E+00

-------------------------------------------------------------------------------
 Region-wise photon flux gain for low energy per source
-------------------------------------------------------------------------------
 Region   from Neut      bremss    p-annihi   el x-rays   fluoresnc       Total
      1  0.0000E+00  2.2000E-02  2.0000E-03  0.0000E+00  0.0000E+00  2.4000E-02
      2  0.0000E+00  5.0000E-03  2.0000E-03  0.0000E+00  0.0000E+00  7.0000E-03
      3  0.0000E+00  1.1000E-02  0.0000E+00  0.0000E+00  0.0000E+00  1.1000E-02
  Total  0.0000E+00  3.8000E-02  4.0000E-03  0.0000E+00  0.0000E+00  4.2000E-02

-------------------------------------------------------------------------------
 Region-wise photon energy gain for low energy per source
-------------------------------------------------------------------------------
 Region   from Neut      bremss    p-annihi   el x-rays   fluoresnc       Total
      1  0.0000E+00  9.5458E-04  1.0220E-03  0.0000E+00  0.0000E+00  1.9766E-03
      2  0.0000E+00  1.2238E-03  1.0220E-03  0.0000E+00  0.0000E+00  2.2458E-03
      3  0.0000E+00  6.0245E-04  0.0000E+00  0.0000E+00  0.0000E+00  6.0245E-04
  Total  0.0000E+00  2.7809E-03  2.0440E-03  0.0000E+00  0.0000E+00  4.8249E-03

-------------------------------------------------------------------------------
 Region-wise photon flux loss for low energy per source
-------------------------------------------------------------------------------
 Region     capture   pair-prod       Total
      1  3.0000E-02  1.0000E-03  3.1000E-02
      2  2.1000E-02  1.0000E-03  2.2000E-02
      3  1.5000E-02  0.0000E+00  1.5000E-02
  Total  6.6000E-02  2.0000E-03  6.8000E-02

-------------------------------------------------------------------------------
 Region-wise photon energy loss for low energy per source
-------------------------------------------------------------------------------
 Region     capture   pair-prod     compton       Total
      1  7.3747E-04  8.3739E-03  1.6886E-01  1.7797E-01
      2  1.0577E-03  5.3483E-03  9.2171E-02  9.8577E-02
      3  5.2959E-04  0.0000E+00  1.0299E-01  1.0352E-01
  Total  2.3248E-03  1.3722E-02  3.6402E-01  3.8007E-01

-------------------------------------------------------------------------------
 Region-wise electron flux gain for low energy per source
-------------------------------------------------------------------------------
 Region   pair prod     compton   photo-ele       auger    knock-on       Total
      1  2.0000E-03  2.9400E-01  3.0000E-02  0.0000E+00  8.9900E+00  9.3160E+00
      2  2.0000E-03  3.1200E-01  2.1000E-02  0.0000E+00  5.4050E+00  5.7400E+00
      3  0.0000E+00  2.7100E-01  1.5000E-02  0.0000E+00  5.7580E+00  6.0440E+00
  Total  4.0000E-03  8.7700E-01  6.6000E-02  0.0000E+00  2.0153E+01  2.1100E+01

-------------------------------------------------------------------------------
 Region-wise electron energy gain for low energy per source
-------------------------------------------------------------------------------
 Region   pair prod     compton   photo-ele       auger    knock-on       Total
      1  7.3519E-03  1.6886E-01  7.3747E-04  0.0000E+00  4.8024E-02  2.2497E-01
      2  4.3263E-03  9.2171E-02  1.0577E-03  0.0000E+00  2.7156E-02  1.2471E-01
      3  0.0000E+00  1.0299E-01  5.2959E-04  0.0000E+00  3.1804E-02  1.3532E-01
  Total  1.1678E-02  3.6402E-01  2.3248E-03  0.0000E+00  1.0698E-01  4.8501E-01

-------------------------------------------------------------------------------
 Region-wise electron energy loss for low energy per source
-------------------------------------------------------------------------------
 Region     scatter      bremss       Total
      1  1.5589E-01  9.5786E-04  1.5685E-01
      2  9.2300E-02  1.2258E-03  9.3526E-02
      3  1.0054E-01  6.0354E-04  1.0115E-01
  Total  3.4873E-01  2.7871E-03  3.5152E-01

-------------------------------------------------------------------------------
 Medium-wise total number of collisions for High energy and HI per source
-------------------------------------------------------------------------------
 Medium    Hydrogen       Decay     Elastic   Non-Elast   Heavy Ion    Hi-Total
      5  9.9000E-02  0.0000E+00  3.5900E-01  4.5300E-01  0.0000E+00  9.1100E-01
  Total  9.9000E-02  0.0000E+00  3.5900E-01  4.5300E-01  0.0000E+00  9.1100E-01

-------------------------------------------------------------------------------
 Medium-wise total number of collisions for Nuclear Data part per source
-------------------------------------------------------------------------------
 Medium     Neutron      Photon    Electron      Proton  Data-Total
      5  0.0000E+00  9.8300E-01  8.2651E+02  0.0000E+00  8.2750E+02
  Total  0.0000E+00  9.8300E-01  8.2651E+02  0.0000E+00  8.2750E+02

-------------------------------------------------------------------------------
 Medium-wise total number of n-coll for low energy per source
-------------------------------------------------------------------------------
 Medium     Capture     Elastic      (N,N')      (N,xN)     Fission  Total-Coll
      5  9.0000E-03  6.5300E-01  0.0000E+00  7.0000E-03  0.0000E+00  6.6000E-01
  Total  9.0000E-03  6.5300E-01  0.0000E+00  7.0000E-03  0.0000E+00  6.6900E-01

-------------------------------------------------------------------------------
 Medium-wise neutron flux gain and loss for low energy per source
-------------------------------------------------------------------------------
 Medium   Capt-Loss  (N,xN)Loss  (N,xN)Gain   Fiss-Loss   Fiss-Gain       Total
      5 -9.0000E-03 -7.0000E-03  7.0000E-03  0.0000E+00  0.0000E+00 -9.0000E-03
  Total -9.0000E-03 -7.0000E-03  7.0000E-03  0.0000E+00  0.0000E+00 -9.0000E-03

-------------------------------------------------------------------------------
 Medium-wise neutron energy gain and loss for low energy per source
-------------------------------------------------------------------------------
 Medium   Capt-Loss   UpScatter   DownScatt
      5  9.5143E-02  0.0000E+00  0.0000E+00
  Total  9.5143E-02  0.0000E+00  0.0000E+00

-------------------------------------------------------------------------------
 Medium-wise photon flux gain for low energy per source
-------------------------------------------------------------------------------
 Medium   from Neut      bremss    p-annihi   el x-rays   fluoresnc       Total
      5  0.0000E+00  3.8000E-02  4.0000E-03  0.0000E+00  0.0000E+00  4.2000E-02
  Total  0.0000E+00  3.8000E-02  4.0000E-03  0.0000E+00  0.0000E+00  4.2000E-02

-------------------------------------------------------------------------------
 Medium-wise photon energy gain for low energy per source
-------------------------------------------------------------------------------
 Medium   from Neut      bremss    p-annihi   el x-rays   fluoresnc       Total
      5  0.0000E+00  2.7809E-03  2.0440E-03  0.0000E+00  0.0000E+00  4.8249E-03
  Total  0.0000E+00  2.7809E-03  2.0440E-03  0.0000E+00  0.0000E+00  4.8249E-03

-------------------------------------------------------------------------------
 Medium-wise photon flux loss for low energy per source
-------------------------------------------------------------------------------
 Medium     capture   pair-prod       Total
      5  6.6000E-02  2.0000E-03  6.8000E-02
  Total  6.6000E-02  2.0000E-03  6.8000E-02

-------------------------------------------------------------------------------
 Medium-wise photon energy loss for low energy per source
-------------------------------------------------------------------------------
 Medium     capture   pair-prod     compton       Total
      5  2.3248E-03  1.3722E-02  3.6402E-01  1.6047E-02
  Total  2.3248E-03  1.3722E-02  3.6402E-01  3.8007E-01

-------------------------------------------------------------------------------
 Medium-wise electron flux gain for low energy per source
-------------------------------------------------------------------------------
 Medium   pair prod     compton   photo-ele       auger    knock-on       Total
      5  4.0000E-03  8.7700E-01  6.6000E-02  0.0000E+00  2.0153E+01  2.1100E+01
  Total  4.0000E-03  8.7700E-01  6.6000E-02  0.0000E+00  2.0153E+01  2.1100E+01

-------------------------------------------------------------------------------
 Medium-wise electron energy gain for low energy per source
-------------------------------------------------------------------------------
 Medium   pair prod     compton   photo-ele       auger    knock-on       Total
      5  1.1678E-02  3.6402E-01  2.3248E-03  0.0000E+00  1.0698E-01  4.8501E-01
  Total  1.1678E-02  3.6402E-01  2.3248E-03  0.0000E+00  1.0698E-01  4.8501E-01

-------------------------------------------------------------------------------
 Medium-wise electron energy loss for low energy per source
-------------------------------------------------------------------------------
 Medium     scatter      bremss       Total
      5  3.4873E-01  2.7871E-03  3.5152E-01
  Total  3.4873E-01  2.7871E-03  3.5152E-01

-------------------------------------------------------------------------------
 List of transport particles
-------------------------------------------------------------------------------
     Name      kf-code        mass       charge   baryon
     proton       2212        938.3         1       1
     neutron      2112        939.6         0       1
     pion+         211        139.6         1       0
     electron       11          0.5        -1       0
     positron      -11          0.5         1       0
     photon         22          0.0         0       0
     deuteron  1000002       1875.6         1       2
     triton    1000003       2808.9         1       3
     3he       2000003       2808.4         2       3
     alpha     2000004       3727.4         2       4

-------------------------------------------------------------------------------
 prod. particles       number        weight        weight per source
-------------------------------------------------------------------------------
     electron          21098.     2.1098000E+04     2.1098000E+01
     proton             1800.     1.8000000E+03     1.8000000E+00
     neutron            1144.     1.1440000E+03     1.1440000E+00
     photon              515.     5.1500000E+02     5.1500000E-01
     alpha               135.     1.3500000E+02     1.3500000E-01
     deuteron             23.     2.3000000E+01     2.3000000E-02
     triton                2.     2.0000000E+00     2.0000000E-03
     3he                   2.     2.0000000E+00     2.0000000E-03
     positron              2.     2.0000000E+00     2.0000000E-03
     pion+                 1.     1.0000000E+00     1.0000000E-03

-------------------------------------------------------------------------------
 stop. particles.    number        weight        weight per source
-------------------------------------------------------------------------------
     electron          21093.     2.1093000E+04     2.1093000E+01
     proton             1418.     1.4180000E+03     1.4180000E+00
     nucleus             973.     9.7300000E+02     9.7300000E-01
     alpha               135.     1.3500000E+02     1.3500000E-01
     neutron             114.     1.1400000E+02     1.1400000E-01
     deuteron             23.     2.3000000E+01     2.3000000E-02
     3he                   2.     2.0000000E+00     2.0000000E-03
     positron              2.     2.0000000E+00     2.0000000E-03
     triton                2.     2.0000000E+00     2.0000000E-03

-------------------------------------------------------------------------------
 leak. particles       number        weight        weight per source
-------------------------------------------------------------------------------
     proton              576.     5.7600000E+02     5.7600000E-01
     photon              447.     4.4700000E+02     4.4700000E-01
     neutron             249.     2.4900000E+02     2.4900000E-01
     electron              5.     5.0000000E+00     5.0000000E-03
     pion+                 1.     1.0000000E+00     1.0000000E-03

-------------------------------------------------------------------------------
 source: maxcas    maxbch      irskip   average weight          total source
-------------------------------------------------------------------------------
        1000           1           0    1.0000000E+00    1.0000000000000E+03

-------------------------------------------------------------------------------
 CG error summary
-------------------------------------------------------------------------------
 Number of lost part in CG    =     0 / nlost =       10
 Number of CG region errors   =     0
 Number of unrecovered errors =     0

-------------------------------------------------------------------------------
 next initial random number = 221163567536441.0

-------------------------------------------------------------------------------
 job termination date : 2011/08/17
                 time :   11:37:48

-------------------------------------------------------------------------------
    CPU Summary
-------------------------------------------------------------------------------

                         sec          %             count
total cpu time =        30.34       100.00

      set data =         0.00         0.00
     transport =         0.00         0.00
      analysis =         0.00         0.00         839001.
         nevap =         0.00         0.00            828.
        photon =         0.00         0.00            457.
         nreac =         0.00         0.00         829087.

         other =         0.00         0.00
         hydro =         0.00         0.00             99.
         dklos =         0.00         0.00              0.
         elast =         0.00         0.00            359.
         ncasc =         0.00         0.00           2775.
        n-data =         0.00         0.00            669.
        p-data =         0.00         0.00            983.
        e-data =         0.00         0.00         826512.
        h-data =         0.00         0.00              0.

         berti =         0.00         0.00           2775.
         isoba =         0.00         0.00              0.
         JAM   =         0.00         0.00              0.
         QMD   =         0.00         0.00              0.
         INCL  =         0.00         0.00              0.

   === incident particle into bert =====

        proton =                     94.16           2613.
       neutron =                      5.84            162.
     -----------------------------------------------------
          total                                      2775.
           real                                       453.

 END 
