[ T-Track ]
    title = Track Detection using [T-track] tally
     mesh =  xyz            # mesh type is xyz scoring mesh
   x-type =    2            # x-mesh is linear given by xmin, xmax and nx
     xmin =  -10.00000      # minimum value of x-mesh points
     xmax =   10.00000      # maximum value of x-mesh points
#    xdel =  0.2000000      # mesh width of x-mesh points
       nx =    100          # number of x-mesh points
#    data = ( x(i), i = 1, nx + 1 )
#          -1.00000E+01 -9.80000E+00 -9.60000E+00 -9.40000E+00 -9.20000E+00
#          -9.00000E+00 -8.80000E+00 -8.60000E+00 -8.40000E+00 -8.20000E+00
#          -8.00000E+00 -7.80000E+00 -7.60000E+00 -7.40000E+00 -7.20000E+00
#          -7.00000E+00 -6.80000E+00 -6.60000E+00 -6.40000E+00 -6.20000E+00
#          -6.00000E+00 -5.80000E+00 -5.60000E+00 -5.40000E+00 -5.20000E+00
#          -5.00000E+00 -4.80000E+00 -4.60000E+00 -4.40000E+00 -4.20000E+00
#          -4.00000E+00 -3.80000E+00 -3.60000E+00 -3.40000E+00 -3.20000E+00
#          -3.00000E+00 -2.80000E+00 -2.60000E+00 -2.40000E+00 -2.20000E+00
#          -2.00000E+00 -1.80000E+00 -1.60000E+00 -1.40000E+00 -1.20000E+00
#          -1.00000E+00 -8.00000E-01 -6.00000E-01 -4.00000E-01 -2.00000E-01
#           0.00000E+00  2.00000E-01  4.00000E-01  6.00000E-01  8.00000E-01
#           1.00000E+00  1.20000E+00  1.40000E+00  1.60000E+00  1.80000E+00
#           2.00000E+00  2.20000E+00  2.40000E+00  2.60000E+00  2.80000E+00
#           3.00000E+00  3.20000E+00  3.40000E+00  3.60000E+00  3.80000E+00
#           4.00000E+00  4.20000E+00  4.40000E+00  4.60000E+00  4.80000E+00
#           5.00000E+00  5.20000E+00  5.40000E+00  5.60000E+00  5.80000E+00
#           6.00000E+00  6.20000E+00  6.40000E+00  6.60000E+00  6.80000E+00
#           7.00000E+00  7.20000E+00  7.40000E+00  7.60000E+00  7.80000E+00
#           8.00000E+00  8.20000E+00  8.40000E+00  8.60000E+00  8.80000E+00
#           9.00000E+00  9.20000E+00  9.40000E+00  9.60000E+00  9.80000E+00
#           1.00000E+01
   y-type =    1            # y-mesh is given by the below data
       ny =      1          # number of y-mesh points
#    data = ( y(i), i = 1, ny + 1 )
           -1.00000E+00  1.00000E+00
   z-type =    2            # z-mesh is linear given by zmin, zmax and nz
     zmin =  -10.00000      # minimum value of z-mesh points
     zmax =   10.00000      # maximum value of z-mesh points
#    zdel =  0.2000000      # mesh width of z-mesh points
       nz =    100          # number of z-mesh points
#    data = ( z(i), i = 1, nz + 1 )
#          -1.00000E+01 -9.80000E+00 -9.60000E+00 -9.40000E+00 -9.20000E+00
#          -9.00000E+00 -8.80000E+00 -8.60000E+00 -8.40000E+00 -8.20000E+00
#          -8.00000E+00 -7.80000E+00 -7.60000E+00 -7.40000E+00 -7.20000E+00
#          -7.00000E+00 -6.80000E+00 -6.60000E+00 -6.40000E+00 -6.20000E+00
#          -6.00000E+00 -5.80000E+00 -5.60000E+00 -5.40000E+00 -5.20000E+00
#          -5.00000E+00 -4.80000E+00 -4.60000E+00 -4.40000E+00 -4.20000E+00
#          -4.00000E+00 -3.80000E+00 -3.60000E+00 -3.40000E+00 -3.20000E+00
#          -3.00000E+00 -2.80000E+00 -2.60000E+00 -2.40000E+00 -2.20000E+00
#          -2.00000E+00 -1.80000E+00 -1.60000E+00 -1.40000E+00 -1.20000E+00
#          -1.00000E+00 -8.00000E-01 -6.00000E-01 -4.00000E-01 -2.00000E-01
#           0.00000E+00  2.00000E-01  4.00000E-01  6.00000E-01  8.00000E-01
#           1.00000E+00  1.20000E+00  1.40000E+00  1.60000E+00  1.80000E+00
#           2.00000E+00  2.20000E+00  2.40000E+00  2.60000E+00  2.80000E+00
#           3.00000E+00  3.20000E+00  3.40000E+00  3.60000E+00  3.80000E+00
#           4.00000E+00  4.20000E+00  4.40000E+00  4.60000E+00  4.80000E+00
#           5.00000E+00  5.20000E+00  5.40000E+00  5.60000E+00  5.80000E+00
#           6.00000E+00  6.20000E+00  6.40000E+00  6.60000E+00  6.80000E+00
#           7.00000E+00  7.20000E+00  7.40000E+00  7.60000E+00  7.80000E+00
#           8.00000E+00  8.20000E+00  8.40000E+00  8.60000E+00  8.80000E+00
#           9.00000E+00  9.20000E+00  9.40000E+00  9.60000E+00  9.80000E+00
#           1.00000E+01
   e-type =    1            # e-mesh is given by the below data
       ne =      1          # number of e-mesh points
#    data = ( e(i), i = 1, ne + 1 )
            0.00000E+00  1.00000E+03
     unit =    1            # unit is [1/cm^2/source]
 material =  all            # (D=all) number of specific material
  2D-type =    3            # 1:Cont, 2:Clust, 3:Color, 4:xyz, 5:mat, 6:Clust+Cont, 7:Col+Cont
     axis =      xz            # axis of output
     file = universe-2D.out  # file name of output for the above axis
     part =  all      
# kf/name :  0        
    gshow =    3            # 0: no 1:bnd, 2:bnd+mat, 3:bnd+reg 4:bnd+lat 5:bmp style
    resol =    1            # (D=1) resolution of gshow or rshow
    width = 0.5000000       # (D=0.5) width of lines for gshow or rshow
   epsout =    1            # (D=0) generate eps file by ANGEL
#    used :        main (  %)        temp (  %)       total (  %)
#  memory :         210 (  0)           0 (  0)         210 (  0)

#------------------------------------------------------------------------------
#newpage:
#   no. =  1   ie  =  1   iy  =  1   part. = all     
#   e = (   0.0000E+00  -   1.0000E+03  )
#   y = (  -1.0000E+00  -   1.0000E+00  )

'no. =  1,  ie =  1,  iy =  1'
msuc: {\huge Track Detection using [T-track] tally}
msdr: {\it plotted by \ANGEL \version}
msdl: {\it calculated by \PHITS  3.35}

x: z [cm]
y: x [cm]
set: c1[ 1.000] c2[ 0.900] c5[ 0.800] c6[ 1.000] c7[ 0.000] c8[ 0.000]
p: h2fs form[c1] xfac[c2] afac[c5] scal[c6] xorg[c7] yorg[c8] nosp
p: xmin( -10.00000    ) xmax(  10.00000    )
p: ymin( -10.00000    ) ymax(  10.00000    )
#  nx = 100   nz = 100
# ( ( data(z,x), z = 1, nz ), x = nx, 1, -1 )

#------------------------------------------------------------------------------
# gshow
#------------------------------------------------------------------------------

p: legs[c5*0.875]

w:102/ x(  -0.5302946E+01) y(  -0.2243517E+01) ix(2) iy(2) s(   0.7000E+00)

h: x ny1,0  y2=[y1](void),ic[lightgray]
 -1.000000E+00 -1.000000E+00

hb:   line clip z   cb(lightgray)
clip:
 -6.00000000E+00 -2.94057184E+00
 -5.91482679E+00 -3.00000000E+00
 -5.77022542E+00 -3.00000000E+00
 -4.13854226E+00 -3.00000000E+00
 -4.10447301E+00 -2.85539863E+00
 -4.17658618E+00 -2.74884119E+00
 -4.23908897E+00 -2.65143823E+00
 -4.25596670E+00 -2.62426131E+00
 -4.28314363E+00 -2.57966678E+00
 -4.36002893E+00 -2.44747784E+00
 -4.40507250E+00 -2.36544632E+00
 -4.46840346E+00 -2.24351744E+00
 -4.47463981E+00 -2.23105324E+00
 -4.48710402E+00 -2.20587794E+00
 -4.56510756E+00 -2.03955705E+00
 -4.60331027E+00 -1.95180290E+00
 -4.65086927E+00 -1.83559665E+00
 -4.66216984E+00 -1.80670207E+00
 -4.69106442E+00 -1.73029322E+00
 -4.72628428E+00 -1.63163625E+00
 -4.76818496E+00 -1.50479640E+00
 -4.79184115E+00 -1.42767586E+00
 -4.81496849E+00 -1.34761954E+00
 -4.84793982E+00 -1.22371546E+00
 -4.85730520E+00 -1.18599585E+00
 -4.89490547E+00 -1.01975507E+00
 -4.93299899E+00 -8.15794671E-01
 -4.95470204E+00 -6.71511501E-01
 -4.96242469E+00 -6.11834275E-01
 -4.97604123E+00 -4.88890291E-01
 -4.98333612E+00 -4.07873879E-01
 -4.99099866E+00 -2.99887326E-01
 -4.99584020E+00 -2.03913482E-01
 -4.99892141E+00 -1.03849681E-01
 -5.00000000E+00  4.69135780E-05
 -4.99899924E+00  1.00032881E-01
 -4.99583637E+00  2.04007310E-01
 -4.98332844E+00  4.07967706E-01
 -4.96241312E+00  6.11928102E-01
 -4.93298347E+00  8.15888498E-01
 -4.89502481E+00  1.01918206E+00
 -4.84791613E+00  1.22380929E+00
 -4.79181320E+00  1.42776969E+00
 -4.72625189E+00  1.63173008E+00
 -4.66214363E+00  1.80676969E+00
 -4.62365964E+00  1.90309526E+00
 -4.56506564E+00  2.03965087E+00
 -4.48710402E+00  2.20587794E+00
 -4.44904022E+00  2.28167507E+00
 -4.35997625E+00  2.44757167E+00
 -4.28314363E+00  2.57966678E+00
 -4.23903028E+00  2.65153206E+00
 -4.15840099E+00  2.77627469E+00
 -4.10440773E+00  2.85549246E+00
 -4.00844168E+00  2.98871131E+00
 -3.87522283E+00  3.15953288E+00
 -3.78815707E+00  3.26341325E+00
 -3.67126244E+00  3.39438244E+00
 -3.60240475E+00  3.46737365E+00
 -3.46730204E+00  3.60247367E+00
 -3.39430499E+00  3.67133404E+00
 -3.26334165E+00  3.78821875E+00
 -3.15944505E+00  3.87529444E+00
 -2.98862927E+00  4.00850285E+00
 -2.85542085E+00  4.10445755E+00
 -2.65146046E+00  4.23907507E+00
 -2.57954788E+00  4.28321523E+00
 -2.44750006E+00  4.36001645E+00
 -2.36541419E+00  4.40508975E+00
 -2.24353967E+00  4.46839230E+00
 -2.20573228E+00  4.48717563E+00
 -2.03957927E+00  4.56509763E+00
 -1.95176822E+00  4.60332497E+00
 -1.83561887E+00  4.65086050E+00
 -1.73009908E+00  4.69113602E+00
 -1.50475886E+00  4.76819680E+00
 -1.34758095E+00  4.81497929E+00
 -1.18595616E+00  4.85731489E+00
 -1.01977729E+00  4.89490084E+00
 -9.14873707E-01  5.00000000E+00
 -1.01977729E+00  5.00000000E+00
 -1.12468087E+00  5.00000000E+00
 -1.22373768E+00  5.00000000E+00
 -1.32864127E+00  5.00000000E+00
 -1.42769808E+00  5.00000000E+00
 -1.53260166E+00  5.00000000E+00
 -1.63165848E+00  5.00000000E+00
 -1.73656206E+00  5.00000000E+00
 -1.83561887E+00  5.00000000E+00
 -1.94052245E+00  5.00000000E+00
 -2.03957927E+00  5.00000000E+00
 -2.14448285E+00  5.00000000E+00
 -2.24353967E+00  5.00000000E+00
 -2.34844325E+00  5.00000000E+00
 -2.44750006E+00  5.00000000E+00
 -2.55240364E+00  5.00000000E+00
 -2.65146046E+00  5.00000000E+00
 -2.75636404E+00  5.00000000E+00
 -2.85542085E+00  5.00000000E+00
 -2.96032443E+00  5.00000000E+00
 -3.05938125E+00  5.00000000E+00
 -3.16428483E+00  5.00000000E+00
 -3.26334165E+00  5.00000000E+00
 -3.36824523E+00  5.00000000E+00
 -3.46730204E+00  5.00000000E+00
 -3.57220562E+00  5.00000000E+00
 -3.67126244E+00  5.00000000E+00
 -3.77616602E+00  5.00000000E+00
 -3.87522283E+00  5.00000000E+00
 -3.98012641E+00  5.00000000E+00
 -4.07918323E+00  5.00000000E+00
 -4.18408681E+00  5.00000000E+00
 -4.28314363E+00  5.00000000E+00
 -4.38804721E+00  5.00000000E+00
 -4.48710402E+00  5.00000000E+00
 -4.59200760E+00  5.00000000E+00
 -4.69106442E+00  5.00000000E+00
 -4.79596800E+00  5.00000000E+00
 -4.89502481E+00  5.00000000E+00
 -4.99992840E+00  5.00000000E+00
 -5.09898521E+00  5.00000000E+00
 -5.20388879E+00  5.00000000E+00
 -5.30294561E+00  5.00000000E+00
 -5.40784919E+00  5.00000000E+00
 -5.50690600E+00  5.00000000E+00
 -5.61180958E+00  5.00000000E+00
 -5.71086640E+00  5.00000000E+00
 -5.81576998E+00  5.00000000E+00
 -5.91482679E+00  5.00000000E+00
 -6.00000000E+00  4.98026962E+00
 -6.00000000E+00  4.89509642E+00
 -6.00000000E+00  4.80992321E+00
 -6.00000000E+00  4.69113602E+00
 -6.00000000E+00  4.60596282E+00
 -6.00000000E+00  4.48717563E+00
 -6.00000000E+00  4.40200242E+00
 -6.00000000E+00  4.28321523E+00
 -6.00000000E+00  4.19804202E+00
 -6.00000000E+00  4.07925483E+00
 -6.00000000E+00  3.99408163E+00
 -6.00000000E+00  3.87529444E+00
 -6.00000000E+00  3.79012123E+00
 -6.00000000E+00  3.67133404E+00
 -6.00000000E+00  3.58616084E+00
 -6.00000000E+00  3.46737365E+00
 -6.00000000E+00  3.38220044E+00
 -6.00000000E+00  3.26341325E+00
 -6.00000000E+00  3.17824004E+00
 -6.00000000E+00  3.05945285E+00
 -6.00000000E+00  2.97427965E+00
 -6.00000000E+00  2.85549246E+00
 -6.00000000E+00  2.77031925E+00
 -6.00000000E+00  2.65153206E+00
 -6.00000000E+00  2.56635886E+00
 -6.00000000E+00  2.44757167E+00
 -6.00000000E+00  2.36239846E+00
 -6.00000000E+00  2.24361127E+00
 -6.00000000E+00  2.15843806E+00
 -6.00000000E+00  2.03965087E+00
 -6.00000000E+00  1.95447767E+00
 -6.00000000E+00  1.83569048E+00
 -6.00000000E+00  1.75051727E+00
 -6.00000000E+00  1.63173008E+00
 -6.00000000E+00  1.54655688E+00
 -6.00000000E+00  1.42776969E+00
 -6.00000000E+00  1.34259648E+00
 -6.00000000E+00  1.22380929E+00
 -6.00000000E+00  1.13863608E+00
 -6.00000000E+00  1.01984889E+00
 -6.00000000E+00  9.34675688E-01
 -6.00000000E+00  8.15888498E-01
 -6.00000000E+00  7.30715292E-01
 -6.00000000E+00  6.11928102E-01
 -6.00000000E+00  5.26754895E-01
 -6.00000000E+00  4.07967706E-01
 -6.00000000E+00  3.22794499E-01
 -6.00000000E+00  2.04007310E-01
 -6.00000000E+00  1.18834103E-01
 -6.00000000E+00  4.69135780E-05
 -6.00000000E+00 -8.51262926E-02
 -6.00000000E+00 -2.03913482E-01
 -6.00000000E+00 -2.89086689E-01
 -6.00000000E+00 -4.07873879E-01
 -6.00000000E+00 -4.93047085E-01
 -6.00000000E+00 -6.11834275E-01
 -6.00000000E+00 -6.97007481E-01
 -6.00000000E+00 -8.15794671E-01
 -6.00000000E+00 -9.00967877E-01
 -6.00000000E+00 -1.01975507E+00
 -6.00000000E+00 -1.10492827E+00
 -6.00000000E+00 -1.22371546E+00
 -6.00000000E+00 -1.30888867E+00
 -6.00000000E+00 -1.42767586E+00
 -6.00000000E+00 -1.51284906E+00
 -6.00000000E+00 -1.63163625E+00
 -6.00000000E+00 -1.71680946E+00
 -6.00000000E+00 -1.83559665E+00
 -6.00000000E+00 -1.92076986E+00
 -6.00000000E+00 -2.03955705E+00
 -6.00000000E+00 -2.12473025E+00
 -6.00000000E+00 -2.24351744E+00
 -6.00000000E+00 -2.32869065E+00
 -6.00000000E+00 -2.44747784E+00
 -6.00000000E+00 -2.53265105E+00
 -6.00000000E+00 -2.65143823E+00
 -6.00000000E+00 -2.73661144E+00
 -6.00000000E+00 -2.85539863E+00

w:101/ x(  -0.2500000E+01) y(   0.9994996E+00) ix(2) iy(2) s(   0.7000E+00)

h: x ny1,0  y2=[y1](water),ic[pastelblue]
 -1.000000E+00 -1.000000E+00

hb:   line clip z   cb(pastelblue)
clip:
 -4.09407377E+00 -2.87028917E+00
 -4.07918323E+00 -2.89141214E+00
 -3.93458186E+00 -3.00000000E+00
 -3.87522283E+00 -3.00000000E+00
 -3.73062146E+00 -3.00000000E+00
 -3.67126244E+00 -3.00000000E+00
 -3.52666107E+00 -3.00000000E+00
 -3.46730204E+00 -3.00000000E+00
 -3.32270067E+00 -3.00000000E+00
 -3.26334165E+00 -3.00000000E+00
 -3.11874028E+00 -3.00000000E+00
 -3.05938125E+00 -3.00000000E+00
 -2.91477988E+00 -3.00000000E+00
 -2.85542085E+00 -3.00000000E+00
 -2.71081948E+00 -3.00000000E+00
 -2.65146046E+00 -3.00000000E+00
 -2.50685909E+00 -3.00000000E+00
 -2.44750006E+00 -3.00000000E+00
 -2.30289869E+00 -3.00000000E+00
 -2.24353967E+00 -3.00000000E+00
 -2.09893830E+00 -3.00000000E+00
 -2.03957927E+00 -3.00000000E+00
 -1.89497790E+00 -3.00000000E+00
 -1.83561887E+00 -3.00000000E+00
 -1.69101750E+00 -3.00000000E+00
 -1.63165848E+00 -3.00000000E+00
 -1.48705711E+00 -3.00000000E+00
 -1.42769808E+00 -3.00000000E+00
 -1.28309671E+00 -3.00000000E+00
 -1.22373768E+00 -3.00000000E+00
 -1.07913632E+00 -3.00000000E+00
 -1.01977729E+00 -3.00000000E+00
 -8.75175920E-01 -3.00000000E+00
 -8.15816893E-01 -3.00000000E+00
 -6.71215524E-01 -3.00000000E+00
 -6.11856497E-01 -3.00000000E+00
 -4.67255128E-01 -3.00000000E+00
 -4.07896101E-01 -3.00000000E+00
 -2.63294732E-01 -3.00000000E+00
 -2.03935705E-01 -3.00000000E+00
 -5.93343357E-02 -3.00000000E+00
  0.00000000E+00 -2.85539863E+00
  0.00000000E+00 -2.65146293E+00
  0.00000000E+00 -2.44750253E+00
  0.00000000E+00 -2.24354213E+00
  0.00000000E+00 -2.03958174E+00
  0.00000000E+00 -1.83562134E+00
  0.00000000E+00 -1.63166095E+00
  0.00000000E+00 -1.42770055E+00
  0.00000000E+00 -1.22374015E+00
  0.00000000E+00 -1.01977976E+00
  0.00000000E+00 -8.15819362E-01
  0.00000000E+00 -6.11858966E-01
  0.00000000E+00 -4.07898570E-01
  0.00000000E+00 -2.03938174E-01
  0.00000000E+00  2.22222220E-05
  0.00000000E+00  2.03982618E-01
  0.00000000E+00  4.07943014E-01
  0.00000000E+00  6.11903410E-01
  0.00000000E+00  8.15863806E-01
  0.00000000E+00  1.01982420E+00
  0.00000000E+00  1.22378460E+00
  0.00000000E+00  1.42774499E+00
  0.00000000E+00  1.63170539E+00
  0.00000000E+00  1.83566579E+00
  0.00000000E+00  2.03962618E+00
  0.00000000E+00  2.24358658E+00
  0.00000000E+00  2.44754697E+00
  0.00000000E+00  2.65150737E+00
  0.00000000E+00  2.85546777E+00
  0.00000000E+00  3.05942816E+00
  0.00000000E+00  3.26338856E+00
  0.00000000E+00  3.46734895E+00
  0.00000000E+00  3.67130935E+00
  0.00000000E+00  3.87526975E+00
  0.00000000E+00  4.07923014E+00
  0.00000000E+00  4.28319054E+00
  0.00000000E+00  4.48715094E+00
  0.00000000E+00  4.69111133E+00
  0.00000000E+00  4.89507173E+00
 -1.00032881E-01  4.99899924E+00
 -2.03935705E-01  4.99583929E+00
 -2.99840742E-01  4.99100146E+00
 -4.07896101E-01  4.98333430E+00
 -4.88845326E-01  4.97604564E+00
 -6.11856497E-01  4.96242195E+00
 -6.71468012E-01  4.95470793E+00
 -8.15816893E-01  4.93299532E+00
 -8.48243482E-01  4.92752301E+00
 -1.01883809E+00  4.89509642E+00
 -1.18595616E+00  4.85731489E+00
 -1.22373768E+00  4.84793421E+00
 -1.34758095E+00  4.81497929E+00
 -1.42769808E+00  4.79183453E+00
 -1.50475886E+00  4.76819680E+00
 -1.63165848E+00  4.72627661E+00
 -1.65772092E+00  4.71719846E+00
 -1.73009908E+00  4.69113602E+00
 -1.83561887E+00  4.65086050E+00
 -1.95176822E+00  4.60332497E+00
 -2.03957927E+00  4.56509763E+00
 -2.09317605E+00  4.54077240E+00
 -2.20573228E+00  4.48717563E+00
 -2.24353967E+00  4.46839230E+00
 -2.36541419E+00  4.40508975E+00
 -2.44750006E+00  4.36001645E+00
 -2.49645603E+00  4.33217120E+00
 -2.57954788E+00  4.28321523E+00
 -2.65146046E+00  4.23907507E+00
 -2.74881140E+00  4.17660578E+00
 -2.85542085E+00  4.10445755E+00
 -2.87026014E+00  4.09409413E+00
 -2.89131112E+00  4.07925483E+00
 -3.05938125E+00  3.95476755E+00
 -3.10396189E+00  3.91987508E+00
 -3.15944505E+00  3.87529444E+00
 -3.26334165E+00  3.78821875E+00
 -3.32564763E+00  3.73364003E+00
 -3.39430499E+00  3.67133404E+00
 -3.46730204E+00  3.60247367E+00
 -3.53549810E+00  3.53556971E+00
 -3.60240475E+00  3.46737365E+00
 -3.67126244E+00  3.39438244E+00
 -3.73357256E+00  3.32572337E+00
 -3.78815707E+00  3.26341325E+00
 -3.87522283E+00  3.15953288E+00
 -3.91981179E+00  3.10404181E+00
 -3.95471216E+00  3.05945285E+00
 -4.07918323E+00  2.89141214E+00
 -4.09403510E+00  2.87034433E+00
 -4.10440773E+00  2.85549246E+00
 -4.15840099E+00  2.77627469E+00
 -4.23903028E+00  2.65153206E+00
 -4.28314363E+00  2.57966678E+00
 -4.33211884E+00  2.49654688E+00
 -4.35997625E+00  2.44757167E+00
 -4.44904022E+00  2.28167507E+00
 -4.46835635E+00  2.24361127E+00
 -4.48710402E+00  2.20587794E+00
 -4.54072722E+00  2.09327407E+00
 -4.56506564E+00  2.03965087E+00
 -4.62365964E+00  1.90309526E+00
 -4.65083223E+00  1.83569048E+00
 -4.69106442E+00  1.73029322E+00
 -4.71716122E+00  1.65782689E+00
 -4.72625189E+00  1.63173008E+00
 -4.74429568E+00  1.57849882E+00
 -4.79181320E+00  1.42776969E+00
 -4.83141234E+00  1.28742176E+00
 -4.84791613E+00  1.22380929E+00
 -4.89484937E+00  1.02002434E+00
 -4.92750197E+00  8.48365659E-01
 -4.93298347E+00  8.15888498E-01
 -4.94025096E+00  7.70662352E-01
 -4.96241312E+00  6.11928102E-01
 -4.97121571E+00  5.35737204E-01
 -4.98332844E+00  4.07967706E-01
 -4.99020693E+00  3.12785592E-01
 -4.99583637E+00  2.04007310E-01
 -4.99899924E+00  1.00032881E-01
 -5.00000000E+00  4.69135780E-05
 -4.99892141E+00 -1.03849681E-01
 -4.99584020E+00 -2.03913482E-01
 -4.99099866E+00 -2.99887326E-01
 -4.98333612E+00 -4.07873879E-01
 -4.97604123E+00 -4.88890291E-01
 -4.96242469E+00 -6.11834275E-01
 -4.95470204E+00 -6.71511501E-01
 -4.93299899E+00 -8.15794671E-01
 -4.92751576E+00 -8.48285612E-01
 -4.89502481E+00 -1.01918206E+00
 -4.85730520E+00 -1.18599585E+00
 -4.84793982E+00 -1.22371546E+00
 -4.81496849E+00 -1.34761954E+00
 -4.79184115E+00 -1.42767586E+00
 -4.76818496E+00 -1.50479640E+00
 -4.72628428E+00 -1.63163625E+00
 -4.71718562E+00 -1.65775746E+00
 -4.69106442E+00 -1.73029322E+00
 -4.65086927E+00 -1.83559665E+00
 -4.60331027E+00 -1.95180290E+00
 -4.56510756E+00 -2.03955705E+00
 -4.54075682E+00 -2.09320985E+00
 -4.48710402E+00 -2.20587794E+00
 -4.46840346E+00 -2.24351744E+00
 -4.40507250E+00 -2.36544632E+00
 -4.36002893E+00 -2.44747784E+00
 -4.33215314E+00 -2.49648736E+00
 -4.28314363E+00 -2.57966678E+00
 -4.23908897E+00 -2.65143823E+00
 -4.17658618E+00 -2.74884119E+00
 -4.10447301E+00 -2.85539863E+00

w:201/ x(   0.2500000E+01) y(   0.1000000E+01) ix(2) iy(2) s(   0.7000E+00)

h: x ny1,0  y2=[y1](iron),ic[darkgreen]
 -1.000000E+00 -1.000000E+00

hb:   line clip z   cb(darkgreen)
clip:
  0.00000000E+00 -2.85542332E+00
  2.46913560E-05 -3.00000000E+00
  1.44626060E-01 -3.00000000E+00
  2.03985087E-01 -3.00000000E+00
  3.48586456E-01 -3.00000000E+00
  4.07945483E-01 -3.00000000E+00
  5.52546852E-01 -3.00000000E+00
  6.11905879E-01 -3.00000000E+00
  7.56507248E-01 -3.00000000E+00
  8.15866276E-01 -3.00000000E+00
  9.60467645E-01 -3.00000000E+00
  1.01982667E+00 -3.00000000E+00
  1.16442804E+00 -3.00000000E+00
  1.22378707E+00 -3.00000000E+00
  1.36838844E+00 -3.00000000E+00
  1.42774746E+00 -3.00000000E+00
  1.57234883E+00 -3.00000000E+00
  1.63170786E+00 -3.00000000E+00
  1.77630923E+00 -3.00000000E+00
  1.83566826E+00 -3.00000000E+00
  1.98026962E+00 -3.00000000E+00
  2.03962865E+00 -3.00000000E+00
  2.18423002E+00 -3.00000000E+00
  2.24358905E+00 -3.00000000E+00
  2.38819042E+00 -3.00000000E+00
  2.44754944E+00 -3.00000000E+00
  2.59215081E+00 -3.00000000E+00
  2.65150984E+00 -3.00000000E+00
  2.79611121E+00 -3.00000000E+00
  2.85547024E+00 -3.00000000E+00
  3.00007160E+00 -3.00000000E+00
  3.05943063E+00 -3.00000000E+00
  3.20403200E+00 -3.00000000E+00
  3.26339103E+00 -3.00000000E+00
  3.40799240E+00 -3.00000000E+00
  3.46735142E+00 -3.00000000E+00
  3.61195279E+00 -3.00000000E+00
  3.67131182E+00 -3.00000000E+00
  3.81591319E+00 -3.00000000E+00
  3.87527222E+00 -3.00000000E+00
  4.00850285E+00 -2.98862927E+00
  4.07923261E+00 -2.89134247E+00
  4.09409413E+00 -2.87026014E+00
  4.10447301E+00 -2.85539863E+00
  4.15849026E+00 -2.77614098E+00
  4.23908897E+00 -2.65143823E+00
  4.28319301E+00 -2.57958478E+00
  4.33217120E+00 -2.49645603E+00
  4.36002893E+00 -2.44747784E+00
  4.44908700E+00 -2.28158384E+00
  4.46840346E+00 -2.24351744E+00
  4.48715340E+00 -2.20577749E+00
  4.54077240E+00 -2.09317605E+00
  4.56510756E+00 -2.03955705E+00
  4.62369073E+00 -1.90301973E+00
  4.65086927E+00 -1.83559665E+00
  4.69111380E+00 -1.73015933E+00
  4.71719846E+00 -1.65772092E+00
  4.72628428E+00 -1.63163625E+00
  4.74431784E+00 -1.57843222E+00
  4.79184115E+00 -1.42767586E+00
  4.83142849E+00 -1.28736117E+00
  4.84793982E+00 -1.22371546E+00
  4.89486107E+00 -1.01996819E+00
  4.92752301E+00 -8.48243482E-01
  4.93299899E+00 -8.15794671E-01
  4.94025917E+00 -7.70609693E-01
  4.96242469E+00 -6.11834275E-01
  4.97122108E+00 -5.35687392E-01
  4.98333612E+00 -4.07873879E-01
  4.99020990E+00 -3.12738176E-01
  4.99584020E+00 -2.03913482E-01
  4.99900015E+00 -9.99875293E-02
  5.00000000E+00  4.69135780E-05
  4.99892050E+00  1.03893221E-01
  4.99583637E+00  2.04007310E-01
  4.99099614E+00  2.99929251E-01
  4.98332844E+00  4.07967706E-01
  4.97603725E+00  4.88930759E-01
  4.96241312E+00  6.11928102E-01
  4.95469674E+00  6.71550641E-01
  4.93298347E+00  8.15888498E-01
  4.92750923E+00  8.48323529E-01
  4.89507420E+00  1.01894485E+00
  4.85729648E+00  1.18603157E+00
  4.84791613E+00  1.22380929E+00
  4.81495877E+00  1.34765426E+00
  4.79181320E+00  1.42776969E+00
  4.76817430E+00  1.50483018E+00
  4.72625189E+00  1.63173008E+00
  4.71717407E+00  1.65779035E+00
  4.69111380E+00  1.73015933E+00
  4.65083223E+00  1.83569048E+00
  4.60329704E+00  1.95183411E+00
  4.56506564E+00  2.03965087E+00
  4.54074280E+00  2.09324027E+00
  4.48715340E+00  2.20577749E+00
  4.46835635E+00  2.24361127E+00
  4.40505697E+00  2.36547523E+00
  4.35997625E+00  2.44757167E+00
  4.33213690E+00  2.49651555E+00
  4.28319301E+00  2.57958478E+00
  4.23903028E+00  2.65153206E+00
  4.17656854E+00  2.74886799E+00
  4.10440773E+00  2.85549246E+00
  4.09405546E+00  2.87031530E+00
  4.07923261E+00  2.89134247E+00
  3.95471216E+00  3.05945285E+00
  3.91983361E+00  3.10401425E+00
  3.87527222E+00  3.15947231E+00
  3.78815707E+00  3.26341325E+00
  3.73359582E+00  3.32569725E+00
  3.67131182E+00  3.39432902E+00
  3.60240475E+00  3.46737365E+00
  3.53552279E+00  3.53554502E+00
  3.46735142E+00  3.60242614E+00
  3.39430499E+00  3.67133404E+00
  3.32567375E+00  3.73361676E+00
  3.26339103E+00  3.78817621E+00
  3.15944505E+00  3.87529444E+00
  3.10398945E+00  3.91985325E+00
  3.05943063E+00  3.95472935E+00
  2.89131112E+00  4.07925483E+00
  2.87028917E+00  4.09407377E+00
  2.85547024E+00  4.10442319E+00
  2.77642328E+00  4.15830179E+00
  2.65150984E+00  4.23904418E+00
  2.57954788E+00  4.28321523E+00
  2.49648736E+00  4.33215314E+00
  2.44754944E+00  4.35998873E+00
  2.28177645E+00  4.44898823E+00
  2.24358905E+00  4.46836751E+00
  2.20573228E+00  4.48717563E+00
  2.09320985E+00  4.54075682E+00
  2.03962865E+00  4.56507557E+00
  1.90317919E+00  4.62362509E+00
  1.83566826E+00  4.65084101E+00
  1.73009908E+00  4.69113602E+00
  1.65775746E+00  4.71718562E+00
  1.63170786E+00  4.72625956E+00
  1.57857283E+00  4.74427105E+00
  1.42774746E+00  4.79181982E+00
  1.28748909E+00  4.83139440E+00
  1.22378707E+00  4.84792174E+00
  1.02008672E+00  4.89483637E+00
  8.48285612E-01  4.92751576E+00
  8.15866276E-01  4.93298715E+00
  7.70720863E-01  4.94024183E+00
  6.11905879E-01  4.96241586E+00
  5.35792552E-01  4.97120975E+00
  4.07945483E-01  4.98333026E+00
  3.12838278E-01  4.99020362E+00
  2.03985087E-01  4.99583728E+00
  1.00083272E-01  4.99899823E+00
  0.00000000E+00  4.89512111E+00
  0.00000000E+00  4.69113602E+00
  0.00000000E+00  4.48717563E+00
  0.00000000E+00  4.28321523E+00
  0.00000000E+00  4.07925483E+00
  0.00000000E+00  3.87529444E+00
  0.00000000E+00  3.67133404E+00
  0.00000000E+00  3.46737365E+00
  0.00000000E+00  3.26341325E+00
  0.00000000E+00  3.05945285E+00
  0.00000000E+00  2.85549246E+00
  0.00000000E+00  2.65153206E+00
  0.00000000E+00  2.44757167E+00
  0.00000000E+00  2.24361127E+00
  0.00000000E+00  2.03965087E+00
  0.00000000E+00  1.83569048E+00
  0.00000000E+00  1.63173008E+00
  0.00000000E+00  1.42776969E+00
  0.00000000E+00  1.22380929E+00
  0.00000000E+00  1.01984889E+00
  0.00000000E+00  8.15888498E-01
  0.00000000E+00  6.11928102E-01
  0.00000000E+00  4.07967706E-01
  0.00000000E+00  2.04007310E-01
  0.00000000E+00  4.69135780E-05
  0.00000000E+00 -2.03913482E-01
  0.00000000E+00 -4.07873879E-01
  0.00000000E+00 -6.11834275E-01
  0.00000000E+00 -8.15794671E-01
  0.00000000E+00 -1.01975507E+00
  0.00000000E+00 -1.22371546E+00
  0.00000000E+00 -1.42767586E+00
  0.00000000E+00 -1.63163625E+00
  0.00000000E+00 -1.83559665E+00
  0.00000000E+00 -2.03955705E+00
  0.00000000E+00 -2.24351744E+00
  0.00000000E+00 -2.44747784E+00
  0.00000000E+00 -2.65143823E+00
  0.00000000E+00 -2.85539863E+00

w:202/ x(   0.5099035E+01) y(  -0.2039557E+01) ix(2) iy(2) s(   0.7000E+00)

hb:   line clip z   cb(pastelblue)
clip:
  4.13859164E+00 -3.00000000E+00
  5.91487618E+00 -3.00000000E+00
  6.00000000E+00 -2.94052245E+00
  6.00000000E+00 -2.85539863E+00
  6.00000000E+00 -2.77027481E+00
  6.00000000E+00 -2.65143823E+00
  6.00000000E+00 -2.56631441E+00
  6.00000000E+00 -2.44747784E+00
  6.00000000E+00 -2.36235402E+00
  6.00000000E+00 -2.24351744E+00
  6.00000000E+00 -2.15839362E+00
  6.00000000E+00 -2.03955705E+00
  6.00000000E+00 -1.95443322E+00
  6.00000000E+00 -1.83559665E+00
  6.00000000E+00 -1.75047283E+00
  6.00000000E+00 -1.63163625E+00
  6.00000000E+00 -1.54651243E+00
  6.00000000E+00 -1.42767586E+00
  6.00000000E+00 -1.34255204E+00
  6.00000000E+00 -1.22371546E+00
  6.00000000E+00 -1.13859164E+00
  6.00000000E+00 -1.01975507E+00
  6.00000000E+00 -9.34631243E-01
  6.00000000E+00 -8.15794671E-01
  6.00000000E+00 -7.30670847E-01
  6.00000000E+00 -6.11834275E-01
  6.00000000E+00 -5.26710451E-01
  6.00000000E+00 -4.07873879E-01
  6.00000000E+00 -3.22750055E-01
  6.00000000E+00 -2.03913482E-01
  6.00000000E+00 -1.18789659E-01
  6.00000000E+00  4.69135780E-05
  6.00000000E+00  8.51707371E-02
  6.00000000E+00  2.04007310E-01
  6.00000000E+00  2.89131133E-01
  6.00000000E+00  4.07967706E-01
  6.00000000E+00  4.93091529E-01
  6.00000000E+00  6.11928102E-01
  6.00000000E+00  6.97051925E-01
  6.00000000E+00  8.15888498E-01
  6.00000000E+00  9.01012321E-01
  6.00000000E+00  1.01984889E+00
  6.00000000E+00  1.10497272E+00
  6.00000000E+00  1.22380929E+00
  6.00000000E+00  1.30893311E+00
  6.00000000E+00  1.42776969E+00
  6.00000000E+00  1.51289351E+00
  6.00000000E+00  1.63173008E+00
  6.00000000E+00  1.71685391E+00
  6.00000000E+00  1.83569048E+00
  6.00000000E+00  1.92081430E+00
  6.00000000E+00  2.03965087E+00
  6.00000000E+00  2.12477470E+00
  6.00000000E+00  2.24361127E+00
  6.00000000E+00  2.32873509E+00
  6.00000000E+00  2.44757167E+00
  6.00000000E+00  2.53269549E+00
  6.00000000E+00  2.65153206E+00
  6.00000000E+00  2.73665589E+00
  6.00000000E+00  2.85549246E+00
  6.00000000E+00  2.94061628E+00
  6.00000000E+00  3.05945285E+00
  6.00000000E+00  3.14457668E+00
  6.00000000E+00  3.26341325E+00
  6.00000000E+00  3.34853707E+00
  6.00000000E+00  3.46737365E+00
  6.00000000E+00  3.55249747E+00
  6.00000000E+00  3.67133404E+00
  6.00000000E+00  3.75645787E+00
  6.00000000E+00  3.87529444E+00
  6.00000000E+00  3.96041826E+00
  6.00000000E+00  4.07925483E+00
  6.00000000E+00  4.16437866E+00
  6.00000000E+00  4.28321523E+00
  6.00000000E+00  4.36833905E+00
  6.00000000E+00  4.48717563E+00
  6.00000000E+00  4.57229945E+00
  6.00000000E+00  4.69113602E+00
  6.00000000E+00  4.77625985E+00
  6.00000000E+00  4.89509642E+00
  6.00000000E+00  4.98022024E+00
  5.91487618E+00  5.00000000E+00
  5.80997260E+00  5.00000000E+00
  5.71091578E+00  5.00000000E+00
  5.60601220E+00  5.00000000E+00
  5.50695538E+00  5.00000000E+00
  5.40205180E+00  5.00000000E+00
  5.30299499E+00  5.00000000E+00
  5.19809141E+00  5.00000000E+00
  5.09903459E+00  5.00000000E+00
  4.99413101E+00  5.00000000E+00
  4.89507420E+00  5.00000000E+00
  4.79017061E+00  5.00000000E+00
  4.69111380E+00  5.00000000E+00
  4.58621022E+00  5.00000000E+00
  4.48715340E+00  5.00000000E+00
  4.38224982E+00  5.00000000E+00
  4.28319301E+00  5.00000000E+00
  4.17828943E+00  5.00000000E+00
  4.07923261E+00  5.00000000E+00
  3.97432903E+00  5.00000000E+00
  3.87527222E+00  5.00000000E+00
  3.77036863E+00  5.00000000E+00
  3.67131182E+00  5.00000000E+00
  3.56640824E+00  5.00000000E+00
  3.46735142E+00  5.00000000E+00
  3.36244784E+00  5.00000000E+00
  3.26339103E+00  5.00000000E+00
  3.15848745E+00  5.00000000E+00
  3.05943063E+00  5.00000000E+00
  2.95452705E+00  5.00000000E+00
  2.85547024E+00  5.00000000E+00
  2.75056665E+00  5.00000000E+00
  2.65150984E+00  5.00000000E+00
  2.54660626E+00  5.00000000E+00
  2.44754944E+00  5.00000000E+00
  2.34264586E+00  5.00000000E+00
  2.24358905E+00  5.00000000E+00
  2.13868547E+00  5.00000000E+00
  2.03962865E+00  5.00000000E+00
  1.93472507E+00  5.00000000E+00
  1.83566826E+00  5.00000000E+00
  1.73076467E+00  5.00000000E+00
  1.63170786E+00  5.00000000E+00
  1.52680428E+00  5.00000000E+00
  1.42774746E+00  5.00000000E+00
  1.32284388E+00  5.00000000E+00
  1.22378707E+00  5.00000000E+00
  1.11888349E+00  5.00000000E+00
  1.01982667E+00  5.00000000E+00
  1.01883809E+00  4.89509642E+00
  1.22378707E+00  4.84792174E+00
  1.28748909E+00  4.83139440E+00
  1.42774746E+00  4.79181982E+00
  1.57857283E+00  4.74427105E+00
  1.63170786E+00  4.72625956E+00
  1.73009908E+00  4.69113602E+00
  1.80670207E+00  4.66216984E+00
  1.90317919E+00  4.62362509E+00
  2.03962865E+00  4.56507557E+00
  2.20573228E+00  4.48717563E+00
  2.28177645E+00  4.44898823E+00
  2.44754944E+00  4.35998873E+00
  2.57954788E+00  4.28321523E+00
  2.65150984E+00  4.23904418E+00
  2.77642328E+00  4.15830179E+00
  2.85547024E+00  4.10442319E+00
  2.98865756E+00  4.00848176E+00
  3.15944505E+00  3.87529444E+00
  3.26339103E+00  3.78817621E+00
  3.39430499E+00  3.67133404E+00
  3.46735142E+00  3.60242614E+00
  3.60240475E+00  3.46737365E+00
  3.67131182E+00  3.39432902E+00
  3.78815707E+00  3.26341325E+00
  3.87527222E+00  3.15947231E+00
  4.00846278E+00  2.98868302E+00
  4.10440773E+00  2.85549246E+00
  4.23903028E+00  2.65153206E+00
  4.28319301E+00  2.57958478E+00
  4.35997625E+00  2.44757167E+00
  4.40505697E+00  2.36547523E+00
  4.46835635E+00  2.24361127E+00
  4.48715340E+00  2.20577749E+00
  4.56506564E+00  2.03965087E+00
  4.60329704E+00  1.95183411E+00
  4.65083223E+00  1.83569048E+00
  4.69111380E+00  1.73015933E+00
  4.76817430E+00  1.50483018E+00
  4.81495877E+00  1.34765426E+00
  4.85729648E+00  1.18603157E+00
  4.89488593E+00  1.01984889E+00
  4.93298347E+00  8.15888498E-01
  4.96241312E+00  6.11928102E-01
  4.98332844E+00  4.07967706E-01
  4.99583637E+00  2.04007310E-01
  5.00000000E+00  4.69135780E-05
  4.99584020E+00 -2.03913482E-01
  4.98333612E+00 -4.07873879E-01
  4.96242469E+00 -6.11834275E-01
  4.93299899E+00 -8.15794671E-01
  4.89507420E+00 -1.01894485E+00
  4.84793982E+00 -1.22371546E+00
  4.79184115E+00 -1.42767586E+00
  4.72628428E+00 -1.63163625E+00
  4.66218363E+00 -1.80666648E+00
  4.62369073E+00 -1.90301973E+00
  4.56510756E+00 -2.03955705E+00
  4.48715340E+00 -2.20577749E+00
  4.44908700E+00 -2.28158384E+00
  4.36002893E+00 -2.44747784E+00
  4.28319301E+00 -2.57958478E+00
  4.23908897E+00 -2.65143823E+00
  4.15849026E+00 -2.77614098E+00
  4.10447301E+00 -2.85539863E+00

wt: s[c5]
\vspace{-3}
  emin  &=&   0.0000E+00 [MeV]
  emax  &=&   1.0000E+03 [MeV]
  ymin  &=&  -1.0000E+00 [cm]
  ymax  &=&   1.0000E+00 [cm]
  part. &=& all     
e:
 
# Information for Restart Calculation
# This calculation was newly started
# istdev =  2 # 1:Batch variance, 2:History variance
# resc2  = 0.00000000000000000E+00 # Total source weight or Total source weight / maxcas
# resc3  = 0.00000000000000000E+00 # Total history number or Total batch number
# maxcas =          50 # History / Batch, only used for istdev=1
# bitrseed = 0000000000000000000000000000000000000000000000000000000000000000 # bit data of rseed
