[ T-Deposit ]
    title = Bragg peak in pouch
     mesh =  r-z            # mesh type is r-z scoring mesh
       x0 =   0.000000      # center x-position of r-z mesh
       y0 =   0.000000      # center y-position of r-z mesh
   r-type =    2            # r-mesh is linear given by rmin, rmax and nr
     rmin =   0.000000      # minimum value of r-mesh points
     rmax =   1.600000      # maximum value of r-mesh points
#    rdel =  1.6000000E-02  # mesh width of r-mesh points
       nr =    100          # number of r-mesh points
#    data = ( r(i), i = 1, nr + 1 )
#           0.00000E+00  1.60000E-02  3.20000E-02  4.80000E-02  6.40000E-02
#           8.00000E-02  9.60000E-02  1.12000E-01  1.28000E-01  1.44000E-01
#           1.60000E-01  1.76000E-01  1.92000E-01  2.08000E-01  2.24000E-01
#           2.40000E-01  2.56000E-01  2.72000E-01  2.88000E-01  3.04000E-01
#           3.20000E-01  3.36000E-01  3.52000E-01  3.68000E-01  3.84000E-01
#           4.00000E-01  4.16000E-01  4.32000E-01  4.48000E-01  4.64000E-01
#           4.80000E-01  4.96000E-01  5.12000E-01  5.28000E-01  5.44000E-01
#           5.60000E-01  5.76000E-01  5.92000E-01  6.08000E-01  6.24000E-01
#           6.40000E-01  6.56000E-01  6.72000E-01  6.88000E-01  7.04000E-01
#           7.20000E-01  7.36000E-01  7.52000E-01  7.68000E-01  7.84000E-01
#           8.00000E-01  8.16000E-01  8.32000E-01  8.48000E-01  8.64000E-01
#           8.80000E-01  8.96000E-01  9.12000E-01  9.28000E-01  9.44000E-01
#           9.60000E-01  9.76000E-01  9.92000E-01  1.00800E+00  1.02400E+00
#           1.04000E+00  1.05600E+00  1.07200E+00  1.08800E+00  1.10400E+00
#           1.12000E+00  1.13600E+00  1.15200E+00  1.16800E+00  1.18400E+00
#           1.20000E+00  1.21600E+00  1.23200E+00  1.24800E+00  1.26400E+00
#           1.28000E+00  1.29600E+00  1.31200E+00  1.32800E+00  1.34400E+00
#           1.36000E+00  1.37600E+00  1.39200E+00  1.40800E+00  1.42400E+00
#           1.44000E+00  1.45600E+00  1.47200E+00  1.48800E+00  1.50400E+00
#           1.52000E+00  1.53600E+00  1.55200E+00  1.56800E+00  1.58400E+00
#           1.60000E+00
   z-type =    2            # z-mesh is linear given by zmin, zmax and nz
     zmin =   98.47000      # minimum value of z-mesh points
     zmax =   98.49000      # maximum value of z-mesh points
#    zdel =  2.0000000E-02  # mesh width of z-mesh points
       nz =      1          # number of z-mesh points
#    data = ( z(i), i = 1, nz + 1 )
#           9.84700E+01  9.84900E+01
     unit =    0            # unit is [Gy/source]
   letmat =    0            # (D=0) mat ID for LET, 0:real mat, <0: electron for H2O
  dedxfnc =    0            # (D=0) user defined multiplier, 0(no), 1, 2
 material =  all            # (D=all) number of specific material
   output =  dose           # total deposit energy
  deposit =    0            # (D=0) 0-> total deposit dist, 1-> each process
     axis =     z           # axis of output
     file = bragg_pouch_rcilindJesus.out  # file name of output for the above axis
     part =  proton   
# kf/name :  2212     
   epsout =    1            # (D=0) generate eps file by ANGEL
   mother =  all            # (D=all) number of specific mother
#    used :        main (  %)        temp (  %)       total (  %)
#  memory :         106 (  0)           0 (  0)         106 (  0)

#------------------------------------------------------------------------------
#newpage:
#   no. =  1   ir  =  1
#   r = (   0.0000E+00  -   1.6000E-02  )

x: z [cm]
y: Dose [Gy/source]      
p: xlin ylog afac(0.8) form(0.9)
h: n            x            y(proton  ),hh0l n 
#  z-lower      z-upper        proton    r.err 
   9.8470E+01   9.8490E+01   1.1421E-02  1.0000

#   sum over    1.6085E-05   1.1421E-02  1.0000

'no. =  1,  ir =  1'
msuc: {\huge Bragg peak in pouch}
msdr: {\it plotted by \ANGEL \version}
msdl: {\it calculated by \PHITS  3.35}
wt: s(0.7)
\vspace{-3}
  rmin  &=&   0.0000E+00 [cm]
  rmax  &=&   1.6000E-02 [cm]
e:

#------------------------------------------------------------------------------
 newpage:
#   no. =  2   ir  =  2
#   r = (   1.6000E-02  -   3.2000E-02  )

x: z [cm]
y: Dose [Gy/source]      
p: xlin ylog afac(0.8) form(0.9)
h: n            x            y(proton  ),hh0l n 
#  z-lower      z-upper        proton    r.err 
   9.8470E+01   9.8490E+01   1.6617E-02  0.4102

#   sum over    4.8255E-05   1.6617E-02  0.4102

'no. =  2,  ir =  2'
msuc: {\huge Bragg peak in pouch}
msdr: {\it plotted by \ANGEL \version}
msdl: {\it calculated by \PHITS  3.35}
wt: s(0.7)
\vspace{-3}
  rmin  &=&   1.6000E-02 [cm]
  rmax  &=&   3.2000E-02 [cm]
e:

#------------------------------------------------------------------------------
 newpage:
#   no. =  3   ir  =  3
#   r = (   3.2000E-02  -   4.8000E-02  )

x: z [cm]
y: Dose [Gy/source]      
p: xlin ylog afac(0.8) form(0.9)
h: n            x            y(proton  ),hh0l n 
#  z-lower      z-upper        proton    r.err 
   9.8470E+01   9.8490E+01   1.3906E-03  1.0000

#   sum over    8.0425E-05   1.3906E-03  1.0000

'no. =  3,  ir =  3'
msuc: {\huge Bragg peak in pouch}
msdr: {\it plotted by \ANGEL \version}
msdl: {\it calculated by \PHITS  3.35}
wt: s(0.7)
\vspace{-3}
  rmin  &=&   3.2000E-02 [cm]
  rmax  &=&   4.8000E-02 [cm]
e:

#------------------------------------------------------------------------------
 newpage:
#   no. =  4   ir  =  4
#   r = (   4.8000E-02  -   6.4000E-02  )

x: z [cm]
y: Dose [Gy/source]      
p: xlin ylog afac(0.8) form(0.9)
h: n            x            y(proton  ),hh0l n 
#  z-lower      z-upper        proton    r.err 
   9.8470E+01   9.8490E+01   1.2427E-02  0.3082

#   sum over    1.1259E-04   1.2427E-02  0.3082

'no. =  4,  ir =  4'
msuc: {\huge Bragg peak in pouch}
msdr: {\it plotted by \ANGEL \version}
msdl: {\it calculated by \PHITS  3.35}
wt: s(0.7)
\vspace{-3}
  rmin  &=&   4.8000E-02 [cm]
  rmax  &=&   6.4000E-02 [cm]
e:

#------------------------------------------------------------------------------
 newpage:
#   no. =  5   ir  =  5
#   r = (   6.4000E-02  -   8.0000E-02  )

x: z [cm]
y: Dose [Gy/source]      
p: xlin ylog afac(0.8) form(0.9)
h: n            x            y(proton  ),hh0l n 
#  z-lower      z-upper        proton    r.err 
   9.8470E+01   9.8490E+01   1.1547E-02  0.3038

#   sum over    1.4476E-04   1.1547E-02  0.3038

'no. =  5,  ir =  5'
msuc: {\huge Bragg peak in pouch}
msdr: {\it plotted by \ANGEL \version}
msdl: {\it calculated by \PHITS  3.35}
wt: s(0.7)
\vspace{-3}
  rmin  &=&   6.4000E-02 [cm]
  rmax  &=&   8.0000E-02 [cm]
e:

#------------------------------------------------------------------------------
 newpage:
#   no. =  6   ir  =  6
#   r = (   8.0000E-02  -   9.6000E-02  )

x: z [cm]
y: Dose [Gy/source]      
p: xlin ylog afac(0.8) form(0.9)
h: n            x            y(proton  ),hh0l n 
#  z-lower      z-upper        proton    r.err 
   9.8470E+01   9.8490E+01   1.1860E-02  0.2862

#   sum over    1.7693E-04   1.1860E-02  0.2862

'no. =  6,  ir =  6'
msuc: {\huge Bragg peak in pouch}
msdr: {\it plotted by \ANGEL \version}
msdl: {\it calculated by \PHITS  3.35}
wt: s(0.7)
\vspace{-3}
  rmin  &=&   8.0000E-02 [cm]
  rmax  &=&   9.6000E-02 [cm]
e:

#------------------------------------------------------------------------------
 newpage:
#   no. =  7   ir  =  7
#   r = (   9.6000E-02  -   1.1200E-01  )

x: z [cm]
y: Dose [Gy/source]      
p: xlin ylog afac(0.8) form(0.9)
h: n            x            y(proton  ),hh0l n 
#  z-lower      z-upper        proton    r.err 
   9.8470E+01   9.8490E+01   5.3596E-03  0.3612

#   sum over    2.0910E-04   5.3596E-03  0.3612

'no. =  7,  ir =  7'
msuc: {\huge Bragg peak in pouch}
msdr: {\it plotted by \ANGEL \version}
msdl: {\it calculated by \PHITS  3.35}
wt: s(0.7)
\vspace{-3}
  rmin  &=&   9.6000E-02 [cm]
  rmax  &=&   1.1200E-01 [cm]
e:

#------------------------------------------------------------------------------
 newpage:
#   no. =  8   ir  =  8
#   r = (   1.1200E-01  -   1.2800E-01  )

x: z [cm]
y: Dose [Gy/source]      
p: xlin ylog afac(0.8) form(0.9)
h: n            x            y(proton  ),hh0l n 
#  z-lower      z-upper        proton    r.err 
   9.8470E+01   9.8490E+01   8.7698E-03  0.2871

#   sum over    2.4127E-04   8.7698E-03  0.2871

'no. =  8,  ir =  8'
msuc: {\huge Bragg peak in pouch}
msdr: {\it plotted by \ANGEL \version}
msdl: {\it calculated by \PHITS  3.35}
wt: s(0.7)
\vspace{-3}
  rmin  &=&   1.1200E-01 [cm]
  rmax  &=&   1.2800E-01 [cm]
e:

#------------------------------------------------------------------------------
 newpage:
#   no. =  9   ir  =  9
#   r = (   1.2800E-01  -   1.4400E-01  )

x: z [cm]
y: Dose [Gy/source]      
p: xlin ylog afac(0.8) form(0.9)
h: n            x            y(proton  ),hh0l n 
#  z-lower      z-upper        proton    r.err 
   9.8470E+01   9.8490E+01   5.2678E-03  0.3297

#   sum over    2.7344E-04   5.2678E-03  0.3297

'no. =  9,  ir =  9'
msuc: {\huge Bragg peak in pouch}
msdr: {\it plotted by \ANGEL \version}
msdl: {\it calculated by \PHITS  3.35}
wt: s(0.7)
\vspace{-3}
  rmin  &=&   1.2800E-01 [cm]
  rmax  &=&   1.4400E-01 [cm]
e:

#------------------------------------------------------------------------------
 newpage:
#   no. = 10   ir  = 10
#   r = (   1.4400E-01  -   1.6000E-01  )

x: z [cm]
y: Dose [Gy/source]      
p: xlin ylog afac(0.8) form(0.9)
h: n            x            y(proton  ),hh0l n 
#  z-lower      z-upper        proton    r.err 
   9.8470E+01   9.8490E+01   8.1695E-03  0.2393

#   sum over    3.0561E-04   8.1695E-03  0.2393

'no. = 10,  ir = 10'
msuc: {\huge Bragg peak in pouch}
msdr: {\it plotted by \ANGEL \version}
msdl: {\it calculated by \PHITS  3.35}
wt: s(0.7)
\vspace{-3}
  rmin  &=&   1.4400E-01 [cm]
  rmax  &=&   1.6000E-01 [cm]
e:

#------------------------------------------------------------------------------
 newpage:
#   no. = 11   ir  = 11
#   r = (   1.6000E-01  -   1.7600E-01  )

x: z [cm]
y: Dose [Gy/source]      
p: xlin ylog afac(0.8) form(0.9)
h: n            x            y(proton  ),hh0l n 
#  z-lower      z-upper        proton    r.err 
   9.8470E+01   9.8490E+01   9.1139E-03  0.2271

#   sum over    3.3778E-04   9.1139E-03  0.2271

'no. = 11,  ir = 11'
msuc: {\huge Bragg peak in pouch}
msdr: {\it plotted by \ANGEL \version}
msdl: {\it calculated by \PHITS  3.35}
wt: s(0.7)
\vspace{-3}
  rmin  &=&   1.6000E-01 [cm]
  rmax  &=&   1.7600E-01 [cm]
e:

#------------------------------------------------------------------------------
 newpage:
#   no. = 12   ir  = 12
#   r = (   1.7600E-01  -   1.9200E-01  )

x: z [cm]
y: Dose [Gy/source]      
p: xlin ylog afac(0.8) form(0.9)
h: n            x            y(proton  ),hh0l n 
#  z-lower      z-upper        proton    r.err 
   9.8470E+01   9.8490E+01   6.7032E-03  0.2857

#   sum over    3.6995E-04   6.7032E-03  0.2857

'no. = 12,  ir = 12'
msuc: {\huge Bragg peak in pouch}
msdr: {\it plotted by \ANGEL \version}
msdl: {\it calculated by \PHITS  3.35}
wt: s(0.7)
\vspace{-3}
  rmin  &=&   1.7600E-01 [cm]
  rmax  &=&   1.9200E-01 [cm]
e:

#------------------------------------------------------------------------------
 newpage:
#   no. = 13   ir  = 13
#   r = (   1.9200E-01  -   2.0800E-01  )

x: z [cm]
y: Dose [Gy/source]      
p: xlin ylog afac(0.8) form(0.9)
h: n            x            y(proton  ),hh0l n 
#  z-lower      z-upper        proton    r.err 
   9.8470E+01   9.8490E+01   8.3684E-03  0.2291

#   sum over    4.0212E-04   8.3684E-03  0.2291

'no. = 13,  ir = 13'
msuc: {\huge Bragg peak in pouch}
msdr: {\it plotted by \ANGEL \version}
msdl: {\it calculated by \PHITS  3.35}
wt: s(0.7)
\vspace{-3}
  rmin  &=&   1.9200E-01 [cm]
  rmax  &=&   2.0800E-01 [cm]
e:

#------------------------------------------------------------------------------
 newpage:
#   no. = 14   ir  = 14
#   r = (   2.0800E-01  -   2.2400E-01  )

x: z [cm]
y: Dose [Gy/source]      
p: xlin ylog afac(0.8) form(0.9)
h: n            x            y(proton  ),hh0l n 
#  z-lower      z-upper        proton    r.err 
   9.8470E+01   9.8490E+01   1.2795E-02  0.1838

#   sum over    4.3429E-04   1.2795E-02  0.1838

'no. = 14,  ir = 14'
msuc: {\huge Bragg peak in pouch}
msdr: {\it plotted by \ANGEL \version}
msdl: {\it calculated by \PHITS  3.35}
wt: s(0.7)
\vspace{-3}
  rmin  &=&   2.0800E-01 [cm]
  rmax  &=&   2.2400E-01 [cm]
e:

#------------------------------------------------------------------------------
 newpage:
#   no. = 15   ir  = 15
#   r = (   2.2400E-01  -   2.4000E-01  )

x: z [cm]
y: Dose [Gy/source]      
p: xlin ylog afac(0.8) form(0.9)
h: n            x            y(proton  ),hh0l n 
#  z-lower      z-upper        proton    r.err 
   9.8470E+01   9.8490E+01   6.5160E-03  0.2463

#   sum over    4.6646E-04   6.5160E-03  0.2463

'no. = 15,  ir = 15'
msuc: {\huge Bragg peak in pouch}
msdr: {\it plotted by \ANGEL \version}
msdl: {\it calculated by \PHITS  3.35}
wt: s(0.7)
\vspace{-3}
  rmin  &=&   2.2400E-01 [cm]
  rmax  &=&   2.4000E-01 [cm]
e:

#------------------------------------------------------------------------------
 newpage:
#   no. = 16   ir  = 16
#   r = (   2.4000E-01  -   2.5600E-01  )

x: z [cm]
y: Dose [Gy/source]      
p: xlin ylog afac(0.8) form(0.9)
h: n            x            y(proton  ),hh0l n 
#  z-lower      z-upper        proton    r.err 
   9.8470E+01   9.8490E+01   6.9740E-03  0.2205

#   sum over    4.9863E-04   6.9740E-03  0.2205

'no. = 16,  ir = 16'
msuc: {\huge Bragg peak in pouch}
msdr: {\it plotted by \ANGEL \version}
msdl: {\it calculated by \PHITS  3.35}
wt: s(0.7)
\vspace{-3}
  rmin  &=&   2.4000E-01 [cm]
  rmax  &=&   2.5600E-01 [cm]
e:

#------------------------------------------------------------------------------
 newpage:
#   no. = 17   ir  = 17
#   r = (   2.5600E-01  -   2.7200E-01  )

x: z [cm]
y: Dose [Gy/source]      
p: xlin ylog afac(0.8) form(0.9)
h: n            x            y(proton  ),hh0l n 
#  z-lower      z-upper        proton    r.err 
   9.8470E+01   9.8490E+01   7.0417E-03  0.2061

#   sum over    5.3080E-04   7.0417E-03  0.2061

'no. = 17,  ir = 17'
msuc: {\huge Bragg peak in pouch}
msdr: {\it plotted by \ANGEL \version}
msdl: {\it calculated by \PHITS  3.35}
wt: s(0.7)
\vspace{-3}
  rmin  &=&   2.5600E-01 [cm]
  rmax  &=&   2.7200E-01 [cm]
e:

#------------------------------------------------------------------------------
 newpage:
#   no. = 18   ir  = 18
#   r = (   2.7200E-01  -   2.8800E-01  )

x: z [cm]
y: Dose [Gy/source]      
p: xlin ylog afac(0.8) form(0.9)
h: n            x            y(proton  ),hh0l n 
#  z-lower      z-upper        proton    r.err 
   9.8470E+01   9.8490E+01   9.5782E-03  0.1859

#   sum over    5.6297E-04   9.5782E-03  0.1859

'no. = 18,  ir = 18'
msuc: {\huge Bragg peak in pouch}
msdr: {\it plotted by \ANGEL \version}
msdl: {\it calculated by \PHITS  3.35}
wt: s(0.7)
\vspace{-3}
  rmin  &=&   2.7200E-01 [cm]
  rmax  &=&   2.8800E-01 [cm]
e:

#------------------------------------------------------------------------------
 newpage:
#   no. = 19   ir  = 19
#   r = (   2.8800E-01  -   3.0400E-01  )

x: z [cm]
y: Dose [Gy/source]      
p: xlin ylog afac(0.8) form(0.9)
h: n            x            y(proton  ),hh0l n 
#  z-lower      z-upper        proton    r.err 
   9.8470E+01   9.8490E+01   6.2484E-03  0.2164

#   sum over    5.9514E-04   6.2484E-03  0.2164

'no. = 19,  ir = 19'
msuc: {\huge Bragg peak in pouch}
msdr: {\it plotted by \ANGEL \version}
msdl: {\it calculated by \PHITS  3.35}
wt: s(0.7)
\vspace{-3}
  rmin  &=&   2.8800E-01 [cm]
  rmax  &=&   3.0400E-01 [cm]
e:

#------------------------------------------------------------------------------
 newpage:
#   no. = 20   ir  = 20
#   r = (   3.0400E-01  -   3.2000E-01  )

x: z [cm]
y: Dose [Gy/source]      
p: xlin ylog afac(0.8) form(0.9)
h: n            x            y(proton  ),hh0l n 
#  z-lower      z-upper        proton    r.err 
   9.8470E+01   9.8490E+01   7.5518E-03  0.2028

#   sum over    6.2731E-04   7.5518E-03  0.2028

'no. = 20,  ir = 20'
msuc: {\huge Bragg peak in pouch}
msdr: {\it plotted by \ANGEL \version}
msdl: {\it calculated by \PHITS  3.35}
wt: s(0.7)
\vspace{-3}
  rmin  &=&   3.0400E-01 [cm]
  rmax  &=&   3.2000E-01 [cm]
e:

#------------------------------------------------------------------------------
 newpage:
#   no. = 21   ir  = 21
#   r = (   3.2000E-01  -   3.3600E-01  )

x: z [cm]
y: Dose [Gy/source]      
p: xlin ylog afac(0.8) form(0.9)
h: n            x            y(proton  ),hh0l n 
#  z-lower      z-upper        proton    r.err 
   9.8470E+01   9.8490E+01   7.1854E-03  0.1794

#   sum over    6.5948E-04   7.1854E-03  0.1794

'no. = 21,  ir = 21'
msuc: {\huge Bragg peak in pouch}
msdr: {\it plotted by \ANGEL \version}
msdl: {\it calculated by \PHITS  3.35}
wt: s(0.7)
\vspace{-3}
  rmin  &=&   3.2000E-01 [cm]
  rmax  &=&   3.3600E-01 [cm]
e:

#------------------------------------------------------------------------------
 newpage:
#   no. = 22   ir  = 22
#   r = (   3.3600E-01  -   3.5200E-01  )

x: z [cm]
y: Dose [Gy/source]      
p: xlin ylog afac(0.8) form(0.9)
h: n            x            y(proton  ),hh0l n 
#  z-lower      z-upper        proton    r.err 
   9.8470E+01   9.8490E+01   7.8033E-03  0.1795

#   sum over    6.9165E-04   7.8033E-03  0.1795

'no. = 22,  ir = 22'
msuc: {\huge Bragg peak in pouch}
msdr: {\it plotted by \ANGEL \version}
msdl: {\it calculated by \PHITS  3.35}
wt: s(0.7)
\vspace{-3}
  rmin  &=&   3.3600E-01 [cm]
  rmax  &=&   3.5200E-01 [cm]
e:

#------------------------------------------------------------------------------
 newpage:
#   no. = 23   ir  = 23
#   r = (   3.5200E-01  -   3.6800E-01  )

x: z [cm]
y: Dose [Gy/source]      
p: xlin ylog afac(0.8) form(0.9)
h: n            x            y(proton  ),hh0l n 
#  z-lower      z-upper        proton    r.err 
   9.8470E+01   9.8490E+01   7.0643E-03  0.1877

#   sum over    7.2382E-04   7.0643E-03  0.1877

'no. = 23,  ir = 23'
msuc: {\huge Bragg peak in pouch}
msdr: {\it plotted by \ANGEL \version}
msdl: {\it calculated by \PHITS  3.35}
wt: s(0.7)
\vspace{-3}
  rmin  &=&   3.5200E-01 [cm]
  rmax  &=&   3.6800E-01 [cm]
e:

#------------------------------------------------------------------------------
 newpage:
#   no. = 24   ir  = 24
#   r = (   3.6800E-01  -   3.8400E-01  )

x: z [cm]
y: Dose [Gy/source]      
p: xlin ylog afac(0.8) form(0.9)
h: n            x            y(proton  ),hh0l n 
#  z-lower      z-upper        proton    r.err 
   9.8470E+01   9.8490E+01   8.1162E-03  0.1656

#   sum over    7.5599E-04   8.1162E-03  0.1656

'no. = 24,  ir = 24'
msuc: {\huge Bragg peak in pouch}
msdr: {\it plotted by \ANGEL \version}
msdl: {\it calculated by \PHITS  3.35}
wt: s(0.7)
\vspace{-3}
  rmin  &=&   3.6800E-01 [cm]
  rmax  &=&   3.8400E-01 [cm]
e:

#------------------------------------------------------------------------------
 newpage:
#   no. = 25   ir  = 25
#   r = (   3.8400E-01  -   4.0000E-01  )

x: z [cm]
y: Dose [Gy/source]      
p: xlin ylog afac(0.8) form(0.9)
h: n            x            y(proton  ),hh0l n 
#  z-lower      z-upper        proton    r.err 
   9.8470E+01   9.8490E+01   7.6917E-03  0.1704

#   sum over    7.8816E-04   7.6917E-03  0.1704

'no. = 25,  ir = 25'
msuc: {\huge Bragg peak in pouch}
msdr: {\it plotted by \ANGEL \version}
msdl: {\it calculated by \PHITS  3.35}
wt: s(0.7)
\vspace{-3}
  rmin  &=&   3.8400E-01 [cm]
  rmax  &=&   4.0000E-01 [cm]
e:

#------------------------------------------------------------------------------
 newpage:
#   no. = 26   ir  = 26
#   r = (   4.0000E-01  -   4.1600E-01  )

x: z [cm]
y: Dose [Gy/source]      
p: xlin ylog afac(0.8) form(0.9)
h: n            x            y(proton  ),hh0l n 
#  z-lower      z-upper        proton    r.err 
   9.8470E+01   9.8490E+01   7.5727E-03  0.1720

#   sum over    8.2033E-04   7.5727E-03  0.1720

'no. = 26,  ir = 26'
msuc: {\huge Bragg peak in pouch}
msdr: {\it plotted by \ANGEL \version}
msdl: {\it calculated by \PHITS  3.35}
wt: s(0.7)
\vspace{-3}
  rmin  &=&   4.0000E-01 [cm]
  rmax  &=&   4.1600E-01 [cm]
e:

#------------------------------------------------------------------------------
 newpage:
#   no. = 27   ir  = 27
#   r = (   4.1600E-01  -   4.3200E-01  )

x: z [cm]
y: Dose [Gy/source]      
p: xlin ylog afac(0.8) form(0.9)
h: n            x            y(proton  ),hh0l n 
#  z-lower      z-upper        proton    r.err 
   9.8470E+01   9.8490E+01   7.3055E-03  0.1712

#   sum over    8.5250E-04   7.3055E-03  0.1712

'no. = 27,  ir = 27'
msuc: {\huge Bragg peak in pouch}
msdr: {\it plotted by \ANGEL \version}
msdl: {\it calculated by \PHITS  3.35}
wt: s(0.7)
\vspace{-3}
  rmin  &=&   4.1600E-01 [cm]
  rmax  &=&   4.3200E-01 [cm]
e:

#------------------------------------------------------------------------------
 newpage:
#   no. = 28   ir  = 28
#   r = (   4.3200E-01  -   4.4800E-01  )

x: z [cm]
y: Dose [Gy/source]      
p: xlin ylog afac(0.8) form(0.9)
h: n            x            y(proton  ),hh0l n 
#  z-lower      z-upper        proton    r.err 
   9.8470E+01   9.8490E+01   9.2322E-03  0.1440

#   sum over    8.8467E-04   9.2322E-03  0.1440

'no. = 28,  ir = 28'
msuc: {\huge Bragg peak in pouch}
msdr: {\it plotted by \ANGEL \version}
msdl: {\it calculated by \PHITS  3.35}
wt: s(0.7)
\vspace{-3}
  rmin  &=&   4.3200E-01 [cm]
  rmax  &=&   4.4800E-01 [cm]
e:

#------------------------------------------------------------------------------
 newpage:
#   no. = 29   ir  = 29
#   r = (   4.4800E-01  -   4.6400E-01  )

x: z [cm]
y: Dose [Gy/source]      
p: xlin ylog afac(0.8) form(0.9)
h: n            x            y(proton  ),hh0l n 
#  z-lower      z-upper        proton    r.err 
   9.8470E+01   9.8490E+01   6.4034E-03  0.1665

#   sum over    9.1684E-04   6.4034E-03  0.1665

'no. = 29,  ir = 29'
msuc: {\huge Bragg peak in pouch}
msdr: {\it plotted by \ANGEL \version}
msdl: {\it calculated by \PHITS  3.35}
wt: s(0.7)
\vspace{-3}
  rmin  &=&   4.4800E-01 [cm]
  rmax  &=&   4.6400E-01 [cm]
e:

#------------------------------------------------------------------------------
 newpage:
#   no. = 30   ir  = 30
#   r = (   4.6400E-01  -   4.8000E-01  )

x: z [cm]
y: Dose [Gy/source]      
p: xlin ylog afac(0.8) form(0.9)
h: n            x            y(proton  ),hh0l n 
#  z-lower      z-upper        proton    r.err 
   9.8470E+01   9.8490E+01   8.4173E-03  0.1509

#   sum over    9.4901E-04   8.4173E-03  0.1509

'no. = 30,  ir = 30'
msuc: {\huge Bragg peak in pouch}
msdr: {\it plotted by \ANGEL \version}
msdl: {\it calculated by \PHITS  3.35}
wt: s(0.7)
\vspace{-3}
  rmin  &=&   4.6400E-01 [cm]
  rmax  &=&   4.8000E-01 [cm]
e:

#------------------------------------------------------------------------------
 newpage:
#   no. = 31   ir  = 31
#   r = (   4.8000E-01  -   4.9600E-01  )

x: z [cm]
y: Dose [Gy/source]      
p: xlin ylog afac(0.8) form(0.9)
h: n            x            y(proton  ),hh0l n 
#  z-lower      z-upper        proton    r.err 
   9.8470E+01   9.8490E+01   7.7561E-03  0.1533

#   sum over    9.8118E-04   7.7561E-03  0.1533

'no. = 31,  ir = 31'
msuc: {\huge Bragg peak in pouch}
msdr: {\it plotted by \ANGEL \version}
msdl: {\it calculated by \PHITS  3.35}
wt: s(0.7)
\vspace{-3}
  rmin  &=&   4.8000E-01 [cm]
  rmax  &=&   4.9600E-01 [cm]
e:

#------------------------------------------------------------------------------
 newpage:
#   no. = 32   ir  = 32
#   r = (   4.9600E-01  -   5.1200E-01  )

x: z [cm]
y: Dose [Gy/source]      
p: xlin ylog afac(0.8) form(0.9)
h: n            x            y(proton  ),hh0l n 
#  z-lower      z-upper        proton    r.err 
   9.8470E+01   9.8490E+01   1.0887E-02  0.1260

#   sum over    1.0134E-03   1.0887E-02  0.1260

'no. = 32,  ir = 32'
msuc: {\huge Bragg peak in pouch}
msdr: {\it plotted by \ANGEL \version}
msdl: {\it calculated by \PHITS  3.35}
wt: s(0.7)
\vspace{-3}
  rmin  &=&   4.9600E-01 [cm]
  rmax  &=&   5.1200E-01 [cm]
e:

#------------------------------------------------------------------------------
 newpage:
#   no. = 33   ir  = 33
#   r = (   5.1200E-01  -   5.2800E-01  )

x: z [cm]
y: Dose [Gy/source]      
p: xlin ylog afac(0.8) form(0.9)
h: n            x            y(proton  ),hh0l n 
#  z-lower      z-upper        proton    r.err 
   9.8470E+01   9.8490E+01   7.7113E-03  0.1504

#   sum over    1.0455E-03   7.7113E-03  0.1504

'no. = 33,  ir = 33'
msuc: {\huge Bragg peak in pouch}
msdr: {\it plotted by \ANGEL \version}
msdl: {\it calculated by \PHITS  3.35}
wt: s(0.7)
\vspace{-3}
  rmin  &=&   5.1200E-01 [cm]
  rmax  &=&   5.2800E-01 [cm]
e:

#------------------------------------------------------------------------------
 newpage:
#   no. = 34   ir  = 34
#   r = (   5.2800E-01  -   5.4400E-01  )

x: z [cm]
y: Dose [Gy/source]      
p: xlin ylog afac(0.8) form(0.9)
h: n            x            y(proton  ),hh0l n 
#  z-lower      z-upper        proton    r.err 
   9.8470E+01   9.8490E+01   9.9289E-03  0.1257

#   sum over    1.0777E-03   9.9289E-03  0.1257

'no. = 34,  ir = 34'
msuc: {\huge Bragg peak in pouch}
msdr: {\it plotted by \ANGEL \version}
msdl: {\it calculated by \PHITS  3.35}
wt: s(0.7)
\vspace{-3}
  rmin  &=&   5.2800E-01 [cm]
  rmax  &=&   5.4400E-01 [cm]
e:

#------------------------------------------------------------------------------
 newpage:
#   no. = 35   ir  = 35
#   r = (   5.4400E-01  -   5.6000E-01  )

x: z [cm]
y: Dose [Gy/source]      
p: xlin ylog afac(0.8) form(0.9)
h: n            x            y(proton  ),hh0l n 
#  z-lower      z-upper        proton    r.err 
   9.8470E+01   9.8490E+01   7.5820E-03  0.1423

#   sum over    1.1099E-03   7.5820E-03  0.1423

'no. = 35,  ir = 35'
msuc: {\huge Bragg peak in pouch}
msdr: {\it plotted by \ANGEL \version}
msdl: {\it calculated by \PHITS  3.35}
wt: s(0.7)
\vspace{-3}
  rmin  &=&   5.4400E-01 [cm]
  rmax  &=&   5.6000E-01 [cm]
e:

#------------------------------------------------------------------------------
 newpage:
#   no. = 36   ir  = 36
#   r = (   5.6000E-01  -   5.7600E-01  )

x: z [cm]
y: Dose [Gy/source]      
p: xlin ylog afac(0.8) form(0.9)
h: n            x            y(proton  ),hh0l n 
#  z-lower      z-upper        proton    r.err 
   9.8470E+01   9.8490E+01   8.1660E-03  0.1448

#   sum over    1.1420E-03   8.1660E-03  0.1448

'no. = 36,  ir = 36'
msuc: {\huge Bragg peak in pouch}
msdr: {\it plotted by \ANGEL \version}
msdl: {\it calculated by \PHITS  3.35}
wt: s(0.7)
\vspace{-3}
  rmin  &=&   5.6000E-01 [cm]
  rmax  &=&   5.7600E-01 [cm]
e:

#------------------------------------------------------------------------------
 newpage:
#   no. = 37   ir  = 37
#   r = (   5.7600E-01  -   5.9200E-01  )

x: z [cm]
y: Dose [Gy/source]      
p: xlin ylog afac(0.8) form(0.9)
h: n            x            y(proton  ),hh0l n 
#  z-lower      z-upper        proton    r.err 
   9.8470E+01   9.8490E+01   6.8612E-03  0.1452

#   sum over    1.1742E-03   6.8612E-03  0.1452

'no. = 37,  ir = 37'
msuc: {\huge Bragg peak in pouch}
msdr: {\it plotted by \ANGEL \version}
msdl: {\it calculated by \PHITS  3.35}
wt: s(0.7)
\vspace{-3}
  rmin  &=&   5.7600E-01 [cm]
  rmax  &=&   5.9200E-01 [cm]
e:

#------------------------------------------------------------------------------
 newpage:
#   no. = 38   ir  = 38
#   r = (   5.9200E-01  -   6.0800E-01  )

x: z [cm]
y: Dose [Gy/source]      
p: xlin ylog afac(0.8) form(0.9)
h: n            x            y(proton  ),hh0l n 
#  z-lower      z-upper        proton    r.err 
   9.8470E+01   9.8490E+01   7.7731E-03  0.1412

#   sum over    1.2064E-03   7.7731E-03  0.1412

'no. = 38,  ir = 38'
msuc: {\huge Bragg peak in pouch}
msdr: {\it plotted by \ANGEL \version}
msdl: {\it calculated by \PHITS  3.35}
wt: s(0.7)
\vspace{-3}
  rmin  &=&   5.9200E-01 [cm]
  rmax  &=&   6.0800E-01 [cm]
e:

#------------------------------------------------------------------------------
 newpage:
#   no. = 39   ir  = 39
#   r = (   6.0800E-01  -   6.2400E-01  )

x: z [cm]
y: Dose [Gy/source]      
p: xlin ylog afac(0.8) form(0.9)
h: n            x            y(proton  ),hh0l n 
#  z-lower      z-upper        proton    r.err 
   9.8470E+01   9.8490E+01   6.3391E-03  0.1405

#   sum over    1.2385E-03   6.3391E-03  0.1405

'no. = 39,  ir = 39'
msuc: {\huge Bragg peak in pouch}
msdr: {\it plotted by \ANGEL \version}
msdl: {\it calculated by \PHITS  3.35}
wt: s(0.7)
\vspace{-3}
  rmin  &=&   6.0800E-01 [cm]
  rmax  &=&   6.2400E-01 [cm]
e:

#------------------------------------------------------------------------------
 newpage:
#   no. = 40   ir  = 40
#   r = (   6.2400E-01  -   6.4000E-01  )

x: z [cm]
y: Dose [Gy/source]      
p: xlin ylog afac(0.8) form(0.9)
h: n            x            y(proton  ),hh0l n 
#  z-lower      z-upper        proton    r.err 
   9.8470E+01   9.8490E+01   8.4845E-03  0.1242

#   sum over    1.2707E-03   8.4845E-03  0.1242

'no. = 40,  ir = 40'
msuc: {\huge Bragg peak in pouch}
msdr: {\it plotted by \ANGEL \version}
msdl: {\it calculated by \PHITS  3.35}
wt: s(0.7)
\vspace{-3}
  rmin  &=&   6.2400E-01 [cm]
  rmax  &=&   6.4000E-01 [cm]
e:

#------------------------------------------------------------------------------
 newpage:
#   no. = 41   ir  = 41
#   r = (   6.4000E-01  -   6.5600E-01  )

x: z [cm]
y: Dose [Gy/source]      
p: xlin ylog afac(0.8) form(0.9)
h: n            x            y(proton  ),hh0l n 
#  z-lower      z-upper        proton    r.err 
   9.8470E+01   9.8490E+01   7.7284E-03  0.1305

#   sum over    1.3029E-03   7.7284E-03  0.1305

'no. = 41,  ir = 41'
msuc: {\huge Bragg peak in pouch}
msdr: {\it plotted by \ANGEL \version}
msdl: {\it calculated by \PHITS  3.35}
wt: s(0.7)
\vspace{-3}
  rmin  &=&   6.4000E-01 [cm]
  rmax  &=&   6.5600E-01 [cm]
e:

#------------------------------------------------------------------------------
 newpage:
#   no. = 42   ir  = 42
#   r = (   6.5600E-01  -   6.7200E-01  )

x: z [cm]
y: Dose [Gy/source]      
p: xlin ylog afac(0.8) form(0.9)
h: n            x            y(proton  ),hh0l n 
#  z-lower      z-upper        proton    r.err 
   9.8470E+01   9.8490E+01   7.4771E-03  0.1293

#   sum over    1.3351E-03   7.4771E-03  0.1293

'no. = 42,  ir = 42'
msuc: {\huge Bragg peak in pouch}
msdr: {\it plotted by \ANGEL \version}
msdl: {\it calculated by \PHITS  3.35}
wt: s(0.7)
\vspace{-3}
  rmin  &=&   6.5600E-01 [cm]
  rmax  &=&   6.7200E-01 [cm]
e:

#------------------------------------------------------------------------------
 newpage:
#   no. = 43   ir  = 43
#   r = (   6.7200E-01  -   6.8800E-01  )

x: z [cm]
y: Dose [Gy/source]      
p: xlin ylog afac(0.8) form(0.9)
h: n            x            y(proton  ),hh0l n 
#  z-lower      z-upper        proton    r.err 
   9.8470E+01   9.8490E+01   8.8223E-03  0.1174

#   sum over    1.3672E-03   8.8223E-03  0.1174

'no. = 43,  ir = 43'
msuc: {\huge Bragg peak in pouch}
msdr: {\it plotted by \ANGEL \version}
msdl: {\it calculated by \PHITS  3.35}
wt: s(0.7)
\vspace{-3}
  rmin  &=&   6.7200E-01 [cm]
  rmax  &=&   6.8800E-01 [cm]
e:

#------------------------------------------------------------------------------
 newpage:
#   no. = 44   ir  = 44
#   r = (   6.8800E-01  -   7.0400E-01  )

x: z [cm]
y: Dose [Gy/source]      
p: xlin ylog afac(0.8) form(0.9)
h: n            x            y(proton  ),hh0l n 
#  z-lower      z-upper        proton    r.err 
   9.8470E+01   9.8490E+01   7.7160E-03  0.1272

#   sum over    1.3994E-03   7.7160E-03  0.1272

'no. = 44,  ir = 44'
msuc: {\huge Bragg peak in pouch}
msdr: {\it plotted by \ANGEL \version}
msdl: {\it calculated by \PHITS  3.35}
wt: s(0.7)
\vspace{-3}
  rmin  &=&   6.8800E-01 [cm]
  rmax  &=&   7.0400E-01 [cm]
e:

#------------------------------------------------------------------------------
 newpage:
#   no. = 45   ir  = 45
#   r = (   7.0400E-01  -   7.2000E-01  )

x: z [cm]
y: Dose [Gy/source]      
p: xlin ylog afac(0.8) form(0.9)
h: n            x            y(proton  ),hh0l n 
#  z-lower      z-upper        proton    r.err 
   9.8470E+01   9.8490E+01   8.1417E-03  0.1257

#   sum over    1.4316E-03   8.1417E-03  0.1257

'no. = 45,  ir = 45'
msuc: {\huge Bragg peak in pouch}
msdr: {\it plotted by \ANGEL \version}
msdl: {\it calculated by \PHITS  3.35}
wt: s(0.7)
\vspace{-3}
  rmin  &=&   7.0400E-01 [cm]
  rmax  &=&   7.2000E-01 [cm]
e:

#------------------------------------------------------------------------------
 newpage:
#   no. = 46   ir  = 46
#   r = (   7.2000E-01  -   7.3600E-01  )

x: z [cm]
y: Dose [Gy/source]      
p: xlin ylog afac(0.8) form(0.9)
h: n            x            y(proton  ),hh0l n 
#  z-lower      z-upper        proton    r.err 
   9.8470E+01   9.8490E+01   7.8396E-03  0.1226

#   sum over    1.4637E-03   7.8396E-03  0.1226

'no. = 46,  ir = 46'
msuc: {\huge Bragg peak in pouch}
msdr: {\it plotted by \ANGEL \version}
msdl: {\it calculated by \PHITS  3.35}
wt: s(0.7)
\vspace{-3}
  rmin  &=&   7.2000E-01 [cm]
  rmax  &=&   7.3600E-01 [cm]
e:

#------------------------------------------------------------------------------
 newpage:
#   no. = 47   ir  = 47
#   r = (   7.3600E-01  -   7.5200E-01  )

x: z [cm]
y: Dose [Gy/source]      
p: xlin ylog afac(0.8) form(0.9)
h: n            x            y(proton  ),hh0l n 
#  z-lower      z-upper        proton    r.err 
   9.8470E+01   9.8490E+01   8.4149E-03  0.1216

#   sum over    1.4959E-03   8.4149E-03  0.1216

'no. = 47,  ir = 47'
msuc: {\huge Bragg peak in pouch}
msdr: {\it plotted by \ANGEL \version}
msdl: {\it calculated by \PHITS  3.35}
wt: s(0.7)
\vspace{-3}
  rmin  &=&   7.3600E-01 [cm]
  rmax  &=&   7.5200E-01 [cm]
e:

#------------------------------------------------------------------------------
 newpage:
#   no. = 48   ir  = 48
#   r = (   7.5200E-01  -   7.6800E-01  )

x: z [cm]
y: Dose [Gy/source]      
p: xlin ylog afac(0.8) form(0.9)
h: n            x            y(proton  ),hh0l n 
#  z-lower      z-upper        proton    r.err 
   9.8470E+01   9.8490E+01   8.4546E-03  0.1186

#   sum over    1.5281E-03   8.4546E-03  0.1186

'no. = 48,  ir = 48'
msuc: {\huge Bragg peak in pouch}
msdr: {\it plotted by \ANGEL \version}
msdl: {\it calculated by \PHITS  3.35}
wt: s(0.7)
\vspace{-3}
  rmin  &=&   7.5200E-01 [cm]
  rmax  &=&   7.6800E-01 [cm]
e:

#------------------------------------------------------------------------------
 newpage:
#   no. = 49   ir  = 49
#   r = (   7.6800E-01  -   7.8400E-01  )

x: z [cm]
y: Dose [Gy/source]      
p: xlin ylog afac(0.8) form(0.9)
h: n            x            y(proton  ),hh0l n 
#  z-lower      z-upper        proton    r.err 
   9.8470E+01   9.8490E+01   8.9188E-03  0.1125

#   sum over    1.5602E-03   8.9188E-03  0.1125

'no. = 49,  ir = 49'
msuc: {\huge Bragg peak in pouch}
msdr: {\it plotted by \ANGEL \version}
msdl: {\it calculated by \PHITS  3.35}
wt: s(0.7)
\vspace{-3}
  rmin  &=&   7.6800E-01 [cm]
  rmax  &=&   7.8400E-01 [cm]
e:

#------------------------------------------------------------------------------
 newpage:
#   no. = 50   ir  = 50
#   r = (   7.8400E-01  -   8.0000E-01  )

x: z [cm]
y: Dose [Gy/source]      
p: xlin ylog afac(0.8) form(0.9)
h: n            x            y(proton  ),hh0l n 
#  z-lower      z-upper        proton    r.err 
   9.8470E+01   9.8490E+01   9.2437E-03  0.1093

#   sum over    1.5924E-03   9.2437E-03  0.1093

'no. = 50,  ir = 50'
msuc: {\huge Bragg peak in pouch}
msdr: {\it plotted by \ANGEL \version}
msdl: {\it calculated by \PHITS  3.35}
wt: s(0.7)
\vspace{-3}
  rmin  &=&   7.8400E-01 [cm]
  rmax  &=&   8.0000E-01 [cm]
e:

#------------------------------------------------------------------------------
 newpage:
#   no. = 51   ir  = 51
#   r = (   8.0000E-01  -   8.1600E-01  )

x: z [cm]
y: Dose [Gy/source]      
p: xlin ylog afac(0.8) form(0.9)
h: n            x            y(proton  ),hh0l n 
#  z-lower      z-upper        proton    r.err 
   9.8470E+01   9.8490E+01   8.0276E-03  0.1140

#   sum over    1.6246E-03   8.0276E-03  0.1140

'no. = 51,  ir = 51'
msuc: {\huge Bragg peak in pouch}
msdr: {\it plotted by \ANGEL \version}
msdl: {\it calculated by \PHITS  3.35}
wt: s(0.7)
\vspace{-3}
  rmin  &=&   8.0000E-01 [cm]
  rmax  &=&   8.1600E-01 [cm]
e:

#------------------------------------------------------------------------------
 newpage:
#   no. = 52   ir  = 52
#   r = (   8.1600E-01  -   8.3200E-01  )

x: z [cm]
y: Dose [Gy/source]      
p: xlin ylog afac(0.8) form(0.9)
h: n            x            y(proton  ),hh0l n 
#  z-lower      z-upper        proton    r.err 
   9.8470E+01   9.8490E+01   8.7920E-03  0.1166

#   sum over    1.6568E-03   8.7920E-03  0.1166

'no. = 52,  ir = 52'
msuc: {\huge Bragg peak in pouch}
msdr: {\it plotted by \ANGEL \version}
msdl: {\it calculated by \PHITS  3.35}
wt: s(0.7)
\vspace{-3}
  rmin  &=&   8.1600E-01 [cm]
  rmax  &=&   8.3200E-01 [cm]
e:

#------------------------------------------------------------------------------
 newpage:
#   no. = 53   ir  = 53
#   r = (   8.3200E-01  -   8.4800E-01  )

x: z [cm]
y: Dose [Gy/source]      
p: xlin ylog afac(0.8) form(0.9)
h: n            x            y(proton  ),hh0l n 
#  z-lower      z-upper        proton    r.err 
   9.8470E+01   9.8490E+01   9.4979E-03  0.1076

#   sum over    1.6889E-03   9.4979E-03  0.1076

'no. = 53,  ir = 53'
msuc: {\huge Bragg peak in pouch}
msdr: {\it plotted by \ANGEL \version}
msdl: {\it calculated by \PHITS  3.35}
wt: s(0.7)
\vspace{-3}
  rmin  &=&   8.3200E-01 [cm]
  rmax  &=&   8.4800E-01 [cm]
e:

#------------------------------------------------------------------------------
 newpage:
#   no. = 54   ir  = 54
#   r = (   8.4800E-01  -   8.6400E-01  )

x: z [cm]
y: Dose [Gy/source]      
p: xlin ylog afac(0.8) form(0.9)
h: n            x            y(proton  ),hh0l n 
#  z-lower      z-upper        proton    r.err 
   9.8470E+01   9.8490E+01   8.3918E-03  0.1126

#   sum over    1.7211E-03   8.3918E-03  0.1126

'no. = 54,  ir = 54'
msuc: {\huge Bragg peak in pouch}
msdr: {\it plotted by \ANGEL \version}
msdl: {\it calculated by \PHITS  3.35}
wt: s(0.7)
\vspace{-3}
  rmin  &=&   8.4800E-01 [cm]
  rmax  &=&   8.6400E-01 [cm]
e:

#------------------------------------------------------------------------------
 newpage:
#   no. = 55   ir  = 55
#   r = (   8.6400E-01  -   8.8000E-01  )

x: z [cm]
y: Dose [Gy/source]      
p: xlin ylog afac(0.8) form(0.9)
h: n            x            y(proton  ),hh0l n 
#  z-lower      z-upper        proton    r.err 
   9.8470E+01   9.8490E+01   8.0011E-03  0.1110

#   sum over    1.7533E-03   8.0011E-03  0.1110

'no. = 55,  ir = 55'
msuc: {\huge Bragg peak in pouch}
msdr: {\it plotted by \ANGEL \version}
msdl: {\it calculated by \PHITS  3.35}
wt: s(0.7)
\vspace{-3}
  rmin  &=&   8.6400E-01 [cm]
  rmax  &=&   8.8000E-01 [cm]
e:

#------------------------------------------------------------------------------
 newpage:
#   no. = 56   ir  = 56
#   r = (   8.8000E-01  -   8.9600E-01  )

x: z [cm]
y: Dose [Gy/source]      
p: xlin ylog afac(0.8) form(0.9)
h: n            x            y(proton  ),hh0l n 
#  z-lower      z-upper        proton    r.err 
   9.8470E+01   9.8490E+01   8.2228E-03  0.1083

#   sum over    1.7854E-03   8.2228E-03  0.1083

'no. = 56,  ir = 56'
msuc: {\huge Bragg peak in pouch}
msdr: {\it plotted by \ANGEL \version}
msdl: {\it calculated by \PHITS  3.35}
wt: s(0.7)
\vspace{-3}
  rmin  &=&   8.8000E-01 [cm]
  rmax  &=&   8.9600E-01 [cm]
e:

#------------------------------------------------------------------------------
 newpage:
#   no. = 57   ir  = 57
#   r = (   8.9600E-01  -   9.1200E-01  )

x: z [cm]
y: Dose [Gy/source]      
p: xlin ylog afac(0.8) form(0.9)
h: n            x            y(proton  ),hh0l n 
#  z-lower      z-upper        proton    r.err 
   9.8470E+01   9.8490E+01   7.7843E-03  0.1132

#   sum over    1.8176E-03   7.7843E-03  0.1132

'no. = 57,  ir = 57'
msuc: {\huge Bragg peak in pouch}
msdr: {\it plotted by \ANGEL \version}
msdl: {\it calculated by \PHITS  3.35}
wt: s(0.7)
\vspace{-3}
  rmin  &=&   8.9600E-01 [cm]
  rmax  &=&   9.1200E-01 [cm]
e:

#------------------------------------------------------------------------------
 newpage:
#   no. = 58   ir  = 58
#   r = (   9.1200E-01  -   9.2800E-01  )

x: z [cm]
y: Dose [Gy/source]      
p: xlin ylog afac(0.8) form(0.9)
h: n            x            y(proton  ),hh0l n 
#  z-lower      z-upper        proton    r.err 
   9.8470E+01   9.8490E+01   8.5383E-03  0.1019

#   sum over    1.8498E-03   8.5383E-03  0.1019

'no. = 58,  ir = 58'
msuc: {\huge Bragg peak in pouch}
msdr: {\it plotted by \ANGEL \version}
msdl: {\it calculated by \PHITS  3.35}
wt: s(0.7)
\vspace{-3}
  rmin  &=&   9.1200E-01 [cm]
  rmax  &=&   9.2800E-01 [cm]
e:

#------------------------------------------------------------------------------
 newpage:
#   no. = 59   ir  = 59
#   r = (   9.2800E-01  -   9.4400E-01  )

x: z [cm]
y: Dose [Gy/source]      
p: xlin ylog afac(0.8) form(0.9)
h: n            x            y(proton  ),hh0l n 
#  z-lower      z-upper        proton    r.err 
   9.8470E+01   9.8490E+01   9.2354E-03  0.1030

#   sum over    1.8819E-03   9.2354E-03  0.1030

'no. = 59,  ir = 59'
msuc: {\huge Bragg peak in pouch}
msdr: {\it plotted by \ANGEL \version}
msdl: {\it calculated by \PHITS  3.35}
wt: s(0.7)
\vspace{-3}
  rmin  &=&   9.2800E-01 [cm]
  rmax  &=&   9.4400E-01 [cm]
e:

#------------------------------------------------------------------------------
 newpage:
#   no. = 60   ir  = 60
#   r = (   9.4400E-01  -   9.6000E-01  )

x: z [cm]
y: Dose [Gy/source]      
p: xlin ylog afac(0.8) form(0.9)
h: n            x            y(proton  ),hh0l n 
#  z-lower      z-upper        proton    r.err 
   9.8470E+01   9.8490E+01   7.6293E-03  0.1058

#   sum over    1.9141E-03   7.6293E-03  0.1058

'no. = 60,  ir = 60'
msuc: {\huge Bragg peak in pouch}
msdr: {\it plotted by \ANGEL \version}
msdl: {\it calculated by \PHITS  3.35}
wt: s(0.7)
\vspace{-3}
  rmin  &=&   9.4400E-01 [cm]
  rmax  &=&   9.6000E-01 [cm]
e:

#------------------------------------------------------------------------------
 newpage:
#   no. = 61   ir  = 61
#   r = (   9.6000E-01  -   9.7600E-01  )

x: z [cm]
y: Dose [Gy/source]      
p: xlin ylog afac(0.8) form(0.9)
h: n            x            y(proton  ),hh0l n 
#  z-lower      z-upper        proton    r.err 
   9.8470E+01   9.8490E+01   8.3075E-03  0.1051

#   sum over    1.9463E-03   8.3075E-03  0.1051

'no. = 61,  ir = 61'
msuc: {\huge Bragg peak in pouch}
msdr: {\it plotted by \ANGEL \version}
msdl: {\it calculated by \PHITS  3.35}
wt: s(0.7)
\vspace{-3}
  rmin  &=&   9.6000E-01 [cm]
  rmax  &=&   9.7600E-01 [cm]
e:

#------------------------------------------------------------------------------
 newpage:
#   no. = 62   ir  = 62
#   r = (   9.7600E-01  -   9.9200E-01  )

x: z [cm]
y: Dose [Gy/source]      
p: xlin ylog afac(0.8) form(0.9)
h: n            x            y(proton  ),hh0l n 
#  z-lower      z-upper        proton    r.err 
   9.8470E+01   9.8490E+01   8.6204E-03  0.1012

#   sum over    1.9784E-03   8.6204E-03  0.1012

'no. = 62,  ir = 62'
msuc: {\huge Bragg peak in pouch}
msdr: {\it plotted by \ANGEL \version}
msdl: {\it calculated by \PHITS  3.35}
wt: s(0.7)
\vspace{-3}
  rmin  &=&   9.7600E-01 [cm]
  rmax  &=&   9.9200E-01 [cm]
e:

#------------------------------------------------------------------------------
 newpage:
#   no. = 63   ir  = 63
#   r = (   9.9200E-01  -   1.0080E+00  )

x: z [cm]
y: Dose [Gy/source]      
p: xlin ylog afac(0.8) form(0.9)
h: n            x            y(proton  ),hh0l n 
#  z-lower      z-upper        proton    r.err 
   9.8470E+01   9.8490E+01   8.2648E-03  0.1051

#   sum over    2.0106E-03   8.2648E-03  0.1051

'no. = 63,  ir = 63'
msuc: {\huge Bragg peak in pouch}
msdr: {\it plotted by \ANGEL \version}
msdl: {\it calculated by \PHITS  3.35}
wt: s(0.7)
\vspace{-3}
  rmin  &=&   9.9200E-01 [cm]
  rmax  &=&   1.0080E+00 [cm]
e:

#------------------------------------------------------------------------------
 newpage:
#   no. = 64   ir  = 64
#   r = (   1.0080E+00  -   1.0240E+00  )

x: z [cm]
y: Dose [Gy/source]      
p: xlin ylog afac(0.8) form(0.9)
h: n            x            y(proton  ),hh0l n 
#  z-lower      z-upper        proton    r.err 
   9.8470E+01   9.8490E+01   7.9811E-03  0.1021

#   sum over    2.0428E-03   7.9811E-03  0.1021

'no. = 64,  ir = 64'
msuc: {\huge Bragg peak in pouch}
msdr: {\it plotted by \ANGEL \version}
msdl: {\it calculated by \PHITS  3.35}
wt: s(0.7)
\vspace{-3}
  rmin  &=&   1.0080E+00 [cm]
  rmax  &=&   1.0240E+00 [cm]
e:

#------------------------------------------------------------------------------
 newpage:
#   no. = 65   ir  = 65
#   r = (   1.0240E+00  -   1.0400E+00  )

x: z [cm]
y: Dose [Gy/source]      
p: xlin ylog afac(0.8) form(0.9)
h: n            x            y(proton  ),hh0l n 
#  z-lower      z-upper        proton    r.err 
   9.8470E+01   9.8490E+01   7.7569E-03  0.1044

#   sum over    2.0750E-03   7.7569E-03  0.1044

'no. = 65,  ir = 65'
msuc: {\huge Bragg peak in pouch}
msdr: {\it plotted by \ANGEL \version}
msdl: {\it calculated by \PHITS  3.35}
wt: s(0.7)
\vspace{-3}
  rmin  &=&   1.0240E+00 [cm]
  rmax  &=&   1.0400E+00 [cm]
e:

#------------------------------------------------------------------------------
 newpage:
#   no. = 66   ir  = 66
#   r = (   1.0400E+00  -   1.0560E+00  )

x: z [cm]
y: Dose [Gy/source]      
p: xlin ylog afac(0.8) form(0.9)
h: n            x            y(proton  ),hh0l n 
#  z-lower      z-upper        proton    r.err 
   9.8470E+01   9.8490E+01   6.6038E-03  0.1107

#   sum over    2.1071E-03   6.6038E-03  0.1107

'no. = 66,  ir = 66'
msuc: {\huge Bragg peak in pouch}
msdr: {\it plotted by \ANGEL \version}
msdl: {\it calculated by \PHITS  3.35}
wt: s(0.7)
\vspace{-3}
  rmin  &=&   1.0400E+00 [cm]
  rmax  &=&   1.0560E+00 [cm]
e:

#------------------------------------------------------------------------------
 newpage:
#   no. = 67   ir  = 67
#   r = (   1.0560E+00  -   1.0720E+00  )

x: z [cm]
y: Dose [Gy/source]      
p: xlin ylog afac(0.8) form(0.9)
h: n            x            y(proton  ),hh0l n 
#  z-lower      z-upper        proton    r.err 
   9.8470E+01   9.8490E+01   6.9624E-03  0.1085

#   sum over    2.1393E-03   6.9624E-03  0.1085

'no. = 67,  ir = 67'
msuc: {\huge Bragg peak in pouch}
msdr: {\it plotted by \ANGEL \version}
msdl: {\it calculated by \PHITS  3.35}
wt: s(0.7)
\vspace{-3}
  rmin  &=&   1.0560E+00 [cm]
  rmax  &=&   1.0720E+00 [cm]
e:

#------------------------------------------------------------------------------
 newpage:
#   no. = 68   ir  = 68
#   r = (   1.0720E+00  -   1.0880E+00  )

x: z [cm]
y: Dose [Gy/source]      
p: xlin ylog afac(0.8) form(0.9)
h: n            x            y(proton  ),hh0l n 
#  z-lower      z-upper        proton    r.err 
   9.8470E+01   9.8490E+01   7.4058E-03  0.1038

#   sum over    2.1715E-03   7.4058E-03  0.1038

'no. = 68,  ir = 68'
msuc: {\huge Bragg peak in pouch}
msdr: {\it plotted by \ANGEL \version}
msdl: {\it calculated by \PHITS  3.35}
wt: s(0.7)
\vspace{-3}
  rmin  &=&   1.0720E+00 [cm]
  rmax  &=&   1.0880E+00 [cm]
e:

#------------------------------------------------------------------------------
 newpage:
#   no. = 69   ir  = 69
#   r = (   1.0880E+00  -   1.1040E+00  )

x: z [cm]
y: Dose [Gy/source]      
p: xlin ylog afac(0.8) form(0.9)
h: n            x            y(proton  ),hh0l n 
#  z-lower      z-upper        proton    r.err 
   9.8470E+01   9.8490E+01   7.6634E-03  0.1012

#   sum over    2.2036E-03   7.6634E-03  0.1012

'no. = 69,  ir = 69'
msuc: {\huge Bragg peak in pouch}
msdr: {\it plotted by \ANGEL \version}
msdl: {\it calculated by \PHITS  3.35}
wt: s(0.7)
\vspace{-3}
  rmin  &=&   1.0880E+00 [cm]
  rmax  &=&   1.1040E+00 [cm]
e:

#------------------------------------------------------------------------------
 newpage:
#   no. = 70   ir  = 70
#   r = (   1.1040E+00  -   1.1200E+00  )

x: z [cm]
y: Dose [Gy/source]      
p: xlin ylog afac(0.8) form(0.9)
h: n            x            y(proton  ),hh0l n 
#  z-lower      z-upper        proton    r.err 
   9.8470E+01   9.8490E+01   8.3893E-03  0.0962

#   sum over    2.2358E-03   8.3893E-03  0.0962

'no. = 70,  ir = 70'
msuc: {\huge Bragg peak in pouch}
msdr: {\it plotted by \ANGEL \version}
msdl: {\it calculated by \PHITS  3.35}
wt: s(0.7)
\vspace{-3}
  rmin  &=&   1.1040E+00 [cm]
  rmax  &=&   1.1200E+00 [cm]
e:

#------------------------------------------------------------------------------
 newpage:
#   no. = 71   ir  = 71
#   r = (   1.1200E+00  -   1.1360E+00  )

x: z [cm]
y: Dose [Gy/source]      
p: xlin ylog afac(0.8) form(0.9)
h: n            x            y(proton  ),hh0l n 
#  z-lower      z-upper        proton    r.err 
   9.8470E+01   9.8490E+01   8.6280E-03  0.0940

#   sum over    2.2680E-03   8.6280E-03  0.0940

'no. = 71,  ir = 71'
msuc: {\huge Bragg peak in pouch}
msdr: {\it plotted by \ANGEL \version}
msdl: {\it calculated by \PHITS  3.35}
wt: s(0.7)
\vspace{-3}
  rmin  &=&   1.1200E+00 [cm]
  rmax  &=&   1.1360E+00 [cm]
e:

#------------------------------------------------------------------------------
 newpage:
#   no. = 72   ir  = 72
#   r = (   1.1360E+00  -   1.1520E+00  )

x: z [cm]
y: Dose [Gy/source]      
p: xlin ylog afac(0.8) form(0.9)
h: n            x            y(proton  ),hh0l n 
#  z-lower      z-upper        proton    r.err 
   9.8470E+01   9.8490E+01   8.9294E-03  0.0935

#   sum over    2.3001E-03   8.9294E-03  0.0935

'no. = 72,  ir = 72'
msuc: {\huge Bragg peak in pouch}
msdr: {\it plotted by \ANGEL \version}
msdl: {\it calculated by \PHITS  3.35}
wt: s(0.7)
\vspace{-3}
  rmin  &=&   1.1360E+00 [cm]
  rmax  &=&   1.1520E+00 [cm]
e:

#------------------------------------------------------------------------------
 newpage:
#   no. = 73   ir  = 73
#   r = (   1.1520E+00  -   1.1680E+00  )

x: z [cm]
y: Dose [Gy/source]      
p: xlin ylog afac(0.8) form(0.9)
h: n            x            y(proton  ),hh0l n 
#  z-lower      z-upper        proton    r.err 
   9.8470E+01   9.8490E+01   8.3435E-03  0.0942

#   sum over    2.3323E-03   8.3435E-03  0.0942

'no. = 73,  ir = 73'
msuc: {\huge Bragg peak in pouch}
msdr: {\it plotted by \ANGEL \version}
msdl: {\it calculated by \PHITS  3.35}
wt: s(0.7)
\vspace{-3}
  rmin  &=&   1.1520E+00 [cm]
  rmax  &=&   1.1680E+00 [cm]
e:

#------------------------------------------------------------------------------
 newpage:
#   no. = 74   ir  = 74
#   r = (   1.1680E+00  -   1.1840E+00  )

x: z [cm]
y: Dose [Gy/source]      
p: xlin ylog afac(0.8) form(0.9)
h: n            x            y(proton  ),hh0l n 
#  z-lower      z-upper        proton    r.err 
   9.8470E+01   9.8490E+01   9.6417E-03  0.0855

#   sum over    2.3645E-03   9.6417E-03  0.0855

'no. = 74,  ir = 74'
msuc: {\huge Bragg peak in pouch}
msdr: {\it plotted by \ANGEL \version}
msdl: {\it calculated by \PHITS  3.35}
wt: s(0.7)
\vspace{-3}
  rmin  &=&   1.1680E+00 [cm]
  rmax  &=&   1.1840E+00 [cm]
e:

#------------------------------------------------------------------------------
 newpage:
#   no. = 75   ir  = 75
#   r = (   1.1840E+00  -   1.2000E+00  )

x: z [cm]
y: Dose [Gy/source]      
p: xlin ylog afac(0.8) form(0.9)
h: n            x            y(proton  ),hh0l n 
#  z-lower      z-upper        proton    r.err 
   9.8470E+01   9.8490E+01   9.9302E-03  0.0848

#   sum over    2.3967E-03   9.9302E-03  0.0848

'no. = 75,  ir = 75'
msuc: {\huge Bragg peak in pouch}
msdr: {\it plotted by \ANGEL \version}
msdl: {\it calculated by \PHITS  3.35}
wt: s(0.7)
\vspace{-3}
  rmin  &=&   1.1840E+00 [cm]
  rmax  &=&   1.2000E+00 [cm]
e:

#------------------------------------------------------------------------------
 newpage:
#   no. = 76   ir  = 76
#   r = (   1.2000E+00  -   1.2160E+00  )

x: z [cm]
y: Dose [Gy/source]      
p: xlin ylog afac(0.8) form(0.9)
h: n            x            y(proton  ),hh0l n 
#  z-lower      z-upper        proton    r.err 
   9.8470E+01   9.8490E+01   8.5539E-03  0.0889

#   sum over    2.4288E-03   8.5539E-03  0.0889

'no. = 76,  ir = 76'
msuc: {\huge Bragg peak in pouch}
msdr: {\it plotted by \ANGEL \version}
msdl: {\it calculated by \PHITS  3.35}
wt: s(0.7)
\vspace{-3}
  rmin  &=&   1.2000E+00 [cm]
  rmax  &=&   1.2160E+00 [cm]
e:

#------------------------------------------------------------------------------
 newpage:
#   no. = 77   ir  = 77
#   r = (   1.2160E+00  -   1.2320E+00  )

x: z [cm]
y: Dose [Gy/source]      
p: xlin ylog afac(0.8) form(0.9)
h: n            x            y(proton  ),hh0l n 
#  z-lower      z-upper        proton    r.err 
   9.8470E+01   9.8490E+01   1.0596E-02  0.0855

#   sum over    2.4610E-03   1.0596E-02  0.0855

'no. = 77,  ir = 77'
msuc: {\huge Bragg peak in pouch}
msdr: {\it plotted by \ANGEL \version}
msdl: {\it calculated by \PHITS  3.35}
wt: s(0.7)
\vspace{-3}
  rmin  &=&   1.2160E+00 [cm]
  rmax  &=&   1.2320E+00 [cm]
e:

#------------------------------------------------------------------------------
 newpage:
#   no. = 78   ir  = 78
#   r = (   1.2320E+00  -   1.2480E+00  )

x: z [cm]
y: Dose [Gy/source]      
p: xlin ylog afac(0.8) form(0.9)
h: n            x            y(proton  ),hh0l n 
#  z-lower      z-upper        proton    r.err 
   9.8470E+01   9.8490E+01   8.8484E-03  0.0882

#   sum over    2.4932E-03   8.8484E-03  0.0882

'no. = 78,  ir = 78'
msuc: {\huge Bragg peak in pouch}
msdr: {\it plotted by \ANGEL \version}
msdl: {\it calculated by \PHITS  3.35}
wt: s(0.7)
\vspace{-3}
  rmin  &=&   1.2320E+00 [cm]
  rmax  &=&   1.2480E+00 [cm]
e:

#------------------------------------------------------------------------------
 newpage:
#   no. = 79   ir  = 79
#   r = (   1.2480E+00  -   1.2640E+00  )

x: z [cm]
y: Dose [Gy/source]      
p: xlin ylog afac(0.8) form(0.9)
h: n            x            y(proton  ),hh0l n 
#  z-lower      z-upper        proton    r.err 
   9.8470E+01   9.8490E+01   9.3804E-03  0.0864

#   sum over    2.5253E-03   9.3804E-03  0.0864

'no. = 79,  ir = 79'
msuc: {\huge Bragg peak in pouch}
msdr: {\it plotted by \ANGEL \version}
msdl: {\it calculated by \PHITS  3.35}
wt: s(0.7)
\vspace{-3}
  rmin  &=&   1.2480E+00 [cm]
  rmax  &=&   1.2640E+00 [cm]
e:

#------------------------------------------------------------------------------
 newpage:
#   no. = 80   ir  = 80
#   r = (   1.2640E+00  -   1.2800E+00  )

x: z [cm]
y: Dose [Gy/source]      
p: xlin ylog afac(0.8) form(0.9)
h: n            x            y(proton  ),hh0l n 
#  z-lower      z-upper        proton    r.err 
   9.8470E+01   9.8490E+01   8.8167E-03  0.0878

#   sum over    2.5575E-03   8.8167E-03  0.0878

'no. = 80,  ir = 80'
msuc: {\huge Bragg peak in pouch}
msdr: {\it plotted by \ANGEL \version}
msdl: {\it calculated by \PHITS  3.35}
wt: s(0.7)
\vspace{-3}
  rmin  &=&   1.2640E+00 [cm]
  rmax  &=&   1.2800E+00 [cm]
e:

#------------------------------------------------------------------------------
 newpage:
#   no. = 81   ir  = 81
#   r = (   1.2800E+00  -   1.2960E+00  )

x: z [cm]
y: Dose [Gy/source]      
p: xlin ylog afac(0.8) form(0.9)
h: n            x            y(proton  ),hh0l n 
#  z-lower      z-upper        proton    r.err 
   9.8470E+01   9.8490E+01   9.4768E-03  0.0860

#   sum over    2.5897E-03   9.4768E-03  0.0860

'no. = 81,  ir = 81'
msuc: {\huge Bragg peak in pouch}
msdr: {\it plotted by \ANGEL \version}
msdl: {\it calculated by \PHITS  3.35}
wt: s(0.7)
\vspace{-3}
  rmin  &=&   1.2800E+00 [cm]
  rmax  &=&   1.2960E+00 [cm]
e:

#------------------------------------------------------------------------------
 newpage:
#   no. = 82   ir  = 82
#   r = (   1.2960E+00  -   1.3120E+00  )

x: z [cm]
y: Dose [Gy/source]      
p: xlin ylog afac(0.8) form(0.9)
h: n            x            y(proton  ),hh0l n 
#  z-lower      z-upper        proton    r.err 
   9.8470E+01   9.8490E+01   1.0417E-02  0.0781

#   sum over    2.6218E-03   1.0417E-02  0.0781

'no. = 82,  ir = 82'
msuc: {\huge Bragg peak in pouch}
msdr: {\it plotted by \ANGEL \version}
msdl: {\it calculated by \PHITS  3.35}
wt: s(0.7)
\vspace{-3}
  rmin  &=&   1.2960E+00 [cm]
  rmax  &=&   1.3120E+00 [cm]
e:

#------------------------------------------------------------------------------
 newpage:
#   no. = 83   ir  = 83
#   r = (   1.3120E+00  -   1.3280E+00  )

x: z [cm]
y: Dose [Gy/source]      
p: xlin ylog afac(0.8) form(0.9)
h: n            x            y(proton  ),hh0l n 
#  z-lower      z-upper        proton    r.err 
   9.8470E+01   9.8490E+01   9.1948E-03  0.0890

#   sum over    2.6540E-03   9.1948E-03  0.0890

'no. = 83,  ir = 83'
msuc: {\huge Bragg peak in pouch}
msdr: {\it plotted by \ANGEL \version}
msdl: {\it calculated by \PHITS  3.35}
wt: s(0.7)
\vspace{-3}
  rmin  &=&   1.3120E+00 [cm]
  rmax  &=&   1.3280E+00 [cm]
e:

#------------------------------------------------------------------------------
 newpage:
#   no. = 84   ir  = 84
#   r = (   1.3280E+00  -   1.3440E+00  )

x: z [cm]
y: Dose [Gy/source]      
p: xlin ylog afac(0.8) form(0.9)
h: n            x            y(proton  ),hh0l n 
#  z-lower      z-upper        proton    r.err 
   9.8470E+01   9.8490E+01   8.9852E-03  0.0834

#   sum over    2.6862E-03   8.9852E-03  0.0834

'no. = 84,  ir = 84'
msuc: {\huge Bragg peak in pouch}
msdr: {\it plotted by \ANGEL \version}
msdl: {\it calculated by \PHITS  3.35}
wt: s(0.7)
\vspace{-3}
  rmin  &=&   1.3280E+00 [cm]
  rmax  &=&   1.3440E+00 [cm]
e:

#------------------------------------------------------------------------------
 newpage:
#   no. = 85   ir  = 85
#   r = (   1.3440E+00  -   1.3600E+00  )

x: z [cm]
y: Dose [Gy/source]      
p: xlin ylog afac(0.8) form(0.9)
h: n            x            y(proton  ),hh0l n 
#  z-lower      z-upper        proton    r.err 
   9.8470E+01   9.8490E+01   7.5521E-03  0.0927

#   sum over    2.7184E-03   7.5521E-03  0.0927

'no. = 85,  ir = 85'
msuc: {\huge Bragg peak in pouch}
msdr: {\it plotted by \ANGEL \version}
msdl: {\it calculated by \PHITS  3.35}
wt: s(0.7)
\vspace{-3}
  rmin  &=&   1.3440E+00 [cm]
  rmax  &=&   1.3600E+00 [cm]
e:

#------------------------------------------------------------------------------
 newpage:
#   no. = 86   ir  = 86
#   r = (   1.3600E+00  -   1.3760E+00  )

x: z [cm]
y: Dose [Gy/source]      
p: xlin ylog afac(0.8) form(0.9)
h: n            x            y(proton  ),hh0l n 
#  z-lower      z-upper        proton    r.err 
   9.8470E+01   9.8490E+01   8.5015E-03  0.0869

#   sum over    2.7505E-03   8.5015E-03  0.0869

'no. = 86,  ir = 86'
msuc: {\huge Bragg peak in pouch}
msdr: {\it plotted by \ANGEL \version}
msdl: {\it calculated by \PHITS  3.35}
wt: s(0.7)
\vspace{-3}
  rmin  &=&   1.3600E+00 [cm]
  rmax  &=&   1.3760E+00 [cm]
e:

#------------------------------------------------------------------------------
 newpage:
#   no. = 87   ir  = 87
#   r = (   1.3760E+00  -   1.3920E+00  )

x: z [cm]
y: Dose [Gy/source]      
p: xlin ylog afac(0.8) form(0.9)
h: n            x            y(proton  ),hh0l n 
#  z-lower      z-upper        proton    r.err 
   9.8470E+01   9.8490E+01   7.3987E-03  0.0910

#   sum over    2.7827E-03   7.3987E-03  0.0910

'no. = 87,  ir = 87'
msuc: {\huge Bragg peak in pouch}
msdr: {\it plotted by \ANGEL \version}
msdl: {\it calculated by \PHITS  3.35}
wt: s(0.7)
\vspace{-3}
  rmin  &=&   1.3760E+00 [cm]
  rmax  &=&   1.3920E+00 [cm]
e:

#------------------------------------------------------------------------------
 newpage:
#   no. = 88   ir  = 88
#   r = (   1.3920E+00  -   1.4080E+00  )

x: z [cm]
y: Dose [Gy/source]      
p: xlin ylog afac(0.8) form(0.9)
h: n            x            y(proton  ),hh0l n 
#  z-lower      z-upper        proton    r.err 
   9.8470E+01   9.8490E+01   7.6209E-03  0.0878

#   sum over    2.8149E-03   7.6209E-03  0.0878

'no. = 88,  ir = 88'
msuc: {\huge Bragg peak in pouch}
msdr: {\it plotted by \ANGEL \version}
msdl: {\it calculated by \PHITS  3.35}
wt: s(0.7)
\vspace{-3}
  rmin  &=&   1.3920E+00 [cm]
  rmax  &=&   1.4080E+00 [cm]
e:

#------------------------------------------------------------------------------
 newpage:
#   no. = 89   ir  = 89
#   r = (   1.4080E+00  -   1.4240E+00  )

x: z [cm]
y: Dose [Gy/source]      
p: xlin ylog afac(0.8) form(0.9)
h: n            x            y(proton  ),hh0l n 
#  z-lower      z-upper        proton    r.err 
   9.8470E+01   9.8490E+01   8.5414E-03  0.0880

#   sum over    2.8470E-03   8.5414E-03  0.0880

'no. = 89,  ir = 89'
msuc: {\huge Bragg peak in pouch}
msdr: {\it plotted by \ANGEL \version}
msdl: {\it calculated by \PHITS  3.35}
wt: s(0.7)
\vspace{-3}
  rmin  &=&   1.4080E+00 [cm]
  rmax  &=&   1.4240E+00 [cm]
e:

#------------------------------------------------------------------------------
 newpage:
#   no. = 90   ir  = 90
#   r = (   1.4240E+00  -   1.4400E+00  )

x: z [cm]
y: Dose [Gy/source]      
p: xlin ylog afac(0.8) form(0.9)
h: n            x            y(proton  ),hh0l n 
#  z-lower      z-upper        proton    r.err 
   9.8470E+01   9.8490E+01   7.7923E-03  0.0869

#   sum over    2.8792E-03   7.7923E-03  0.0869

'no. = 90,  ir = 90'
msuc: {\huge Bragg peak in pouch}
msdr: {\it plotted by \ANGEL \version}
msdl: {\it calculated by \PHITS  3.35}
wt: s(0.7)
\vspace{-3}
  rmin  &=&   1.4240E+00 [cm]
  rmax  &=&   1.4400E+00 [cm]
e:

#------------------------------------------------------------------------------
 newpage:
#   no. = 91   ir  = 91
#   r = (   1.4400E+00  -   1.4560E+00  )

x: z [cm]
y: Dose [Gy/source]      
p: xlin ylog afac(0.8) form(0.9)
h: n            x            y(proton  ),hh0l n 
#  z-lower      z-upper        proton    r.err 
   9.8470E+01   9.8490E+01   9.5525E-03  0.0799

#   sum over    2.9114E-03   9.5525E-03  0.0799

'no. = 91,  ir = 91'
msuc: {\huge Bragg peak in pouch}
msdr: {\it plotted by \ANGEL \version}
msdl: {\it calculated by \PHITS  3.35}
wt: s(0.7)
\vspace{-3}
  rmin  &=&   1.4400E+00 [cm]
  rmax  &=&   1.4560E+00 [cm]
e:

#------------------------------------------------------------------------------
 newpage:
#   no. = 92   ir  = 92
#   r = (   1.4560E+00  -   1.4720E+00  )

x: z [cm]
y: Dose [Gy/source]      
p: xlin ylog afac(0.8) form(0.9)
h: n            x            y(proton  ),hh0l n 
#  z-lower      z-upper        proton    r.err 
   9.8470E+01   9.8490E+01   7.4721E-03  0.0882

#   sum over    2.9435E-03   7.4721E-03  0.0882

'no. = 92,  ir = 92'
msuc: {\huge Bragg peak in pouch}
msdr: {\it plotted by \ANGEL \version}
msdl: {\it calculated by \PHITS  3.35}
wt: s(0.7)
\vspace{-3}
  rmin  &=&   1.4560E+00 [cm]
  rmax  &=&   1.4720E+00 [cm]
e:

#------------------------------------------------------------------------------
 newpage:
#   no. = 93   ir  = 93
#   r = (   1.4720E+00  -   1.4880E+00  )

x: z [cm]
y: Dose [Gy/source]      
p: xlin ylog afac(0.8) form(0.9)
h: n            x            y(proton  ),hh0l n 
#  z-lower      z-upper        proton    r.err 
   9.8470E+01   9.8490E+01   8.6060E-03  0.0821

#   sum over    2.9757E-03   8.6060E-03  0.0821

'no. = 93,  ir = 93'
msuc: {\huge Bragg peak in pouch}
msdr: {\it plotted by \ANGEL \version}
msdl: {\it calculated by \PHITS  3.35}
wt: s(0.7)
\vspace{-3}
  rmin  &=&   1.4720E+00 [cm]
  rmax  &=&   1.4880E+00 [cm]
e:

#------------------------------------------------------------------------------
 newpage:
#   no. = 94   ir  = 94
#   r = (   1.4880E+00  -   1.5040E+00  )

x: z [cm]
y: Dose [Gy/source]      
p: xlin ylog afac(0.8) form(0.9)
h: n            x            y(proton  ),hh0l n 
#  z-lower      z-upper        proton    r.err 
   9.8470E+01   9.8490E+01   7.6854E-03  0.0843

#   sum over    3.0079E-03   7.6854E-03  0.0843

'no. = 94,  ir = 94'
msuc: {\huge Bragg peak in pouch}
msdr: {\it plotted by \ANGEL \version}
msdl: {\it calculated by \PHITS  3.35}
wt: s(0.7)
\vspace{-3}
  rmin  &=&   1.4880E+00 [cm]
  rmax  &=&   1.5040E+00 [cm]
e:

#------------------------------------------------------------------------------
 newpage:
#   no. = 95   ir  = 95
#   r = (   1.5040E+00  -   1.5200E+00  )

x: z [cm]
y: Dose [Gy/source]      
p: xlin ylog afac(0.8) form(0.9)
h: n            x            y(proton  ),hh0l n 
#  z-lower      z-upper        proton    r.err 
   9.8470E+01   9.8490E+01   7.8229E-03  0.0866

#   sum over    3.0401E-03   7.8229E-03  0.0866

'no. = 95,  ir = 95'
msuc: {\huge Bragg peak in pouch}
msdr: {\it plotted by \ANGEL \version}
msdl: {\it calculated by \PHITS  3.35}
wt: s(0.7)
\vspace{-3}
  rmin  &=&   1.5040E+00 [cm]
  rmax  &=&   1.5200E+00 [cm]
e:

#------------------------------------------------------------------------------
 newpage:
#   no. = 96   ir  = 96
#   r = (   1.5200E+00  -   1.5360E+00  )

x: z [cm]
y: Dose [Gy/source]      
p: xlin ylog afac(0.8) form(0.9)
h: n            x            y(proton  ),hh0l n 
#  z-lower      z-upper        proton    r.err 
   9.8470E+01   9.8490E+01   6.7466E-03  0.0903

#   sum over    3.0722E-03   6.7466E-03  0.0903

'no. = 96,  ir = 96'
msuc: {\huge Bragg peak in pouch}
msdr: {\it plotted by \ANGEL \version}
msdl: {\it calculated by \PHITS  3.35}
wt: s(0.7)
\vspace{-3}
  rmin  &=&   1.5200E+00 [cm]
  rmax  &=&   1.5360E+00 [cm]
e:

#------------------------------------------------------------------------------
 newpage:
#   no. = 97   ir  = 97
#   r = (   1.5360E+00  -   1.5520E+00  )

x: z [cm]
y: Dose [Gy/source]      
p: xlin ylog afac(0.8) form(0.9)
h: n            x            y(proton  ),hh0l n 
#  z-lower      z-upper        proton    r.err 
   9.8470E+01   9.8490E+01   7.2671E-03  0.0866

#   sum over    3.1044E-03   7.2671E-03  0.0866

'no. = 97,  ir = 97'
msuc: {\huge Bragg peak in pouch}
msdr: {\it plotted by \ANGEL \version}
msdl: {\it calculated by \PHITS  3.35}
wt: s(0.7)
\vspace{-3}
  rmin  &=&   1.5360E+00 [cm]
  rmax  &=&   1.5520E+00 [cm]
e:

#------------------------------------------------------------------------------
 newpage:
#   no. = 98   ir  = 98
#   r = (   1.5520E+00  -   1.5680E+00  )

x: z [cm]
y: Dose [Gy/source]      
p: xlin ylog afac(0.8) form(0.9)
h: n            x            y(proton  ),hh0l n 
#  z-lower      z-upper        proton    r.err 
   9.8470E+01   9.8490E+01   6.5891E-03  0.0867

#   sum over    3.1366E-03   6.5891E-03  0.0867

'no. = 98,  ir = 98'
msuc: {\huge Bragg peak in pouch}
msdr: {\it plotted by \ANGEL \version}
msdl: {\it calculated by \PHITS  3.35}
wt: s(0.7)
\vspace{-3}
  rmin  &=&   1.5520E+00 [cm]
  rmax  &=&   1.5680E+00 [cm]
e:

#------------------------------------------------------------------------------
 newpage:
#   no. = 99   ir  = 99
#   r = (   1.5680E+00  -   1.5840E+00  )

x: z [cm]
y: Dose [Gy/source]      
p: xlin ylog afac(0.8) form(0.9)
h: n            x            y(proton  ),hh0l n 
#  z-lower      z-upper        proton    r.err 
   9.8470E+01   9.8490E+01   5.7551E-03  0.0967

#   sum over    3.1687E-03   5.7551E-03  0.0967

'no. = 99,  ir = 99'
msuc: {\huge Bragg peak in pouch}
msdr: {\it plotted by \ANGEL \version}
msdl: {\it calculated by \PHITS  3.35}
wt: s(0.7)
\vspace{-3}
  rmin  &=&   1.5680E+00 [cm]
  rmax  &=&   1.5840E+00 [cm]
e:

#------------------------------------------------------------------------------
 newpage:
#   no. =100   ir  =100
#   r = (   1.5840E+00  -   1.6000E+00  )

x: z [cm]
y: Dose [Gy/source]      
p: xlin ylog afac(0.8) form(0.9)
h: n            x            y(proton  ),hh0l n 
#  z-lower      z-upper        proton    r.err 
   9.8470E+01   9.8490E+01   6.7850E-03  0.0863

#   sum over    3.2009E-03   6.7850E-03  0.0863

'no. =100,  ir =100'
msuc: {\huge Bragg peak in pouch}
msdr: {\it plotted by \ANGEL \version}
msdl: {\it calculated by \PHITS  3.35}
wt: s(0.7)
\vspace{-3}
  rmin  &=&   1.5840E+00 [cm]
  rmax  &=&   1.6000E+00 [cm]
e:
 
# Information for Restart Calculation
# This calculation was newly started
# istdev =  2 # 1:Batch variance, 2:History variance
# resc2  = 1.60217700001159249E-03 # Total source weight or Total source weight / maxcas
# resc3  = 1.00000000000000000E+07 # Total history number or Total batch number
# maxcas =       10000 # History / Batch, only used for istdev=1
# bitrseed = 1000110000001000111111101100101001110101110010000011011101101000 # bit data of rseed
