[ T-Deposit ]
    title = Dose per region
     mesh =  reg            # mesh type is region-wise
      reg = 2505 2506
   volume                   # combined, lattice or level structure 
   non     reg      vol     # reg definition
    1     2505   1.0000E+00 # 2505
    2     2506   8.5000E-01 # 2506
     unit =    0            # unit is [Gy/source]
   letmat =    0            # (D=0) mat ID for LET, 0:real mat, <0: electron for H2O
  dedxfnc =    0            # (D=0) user defined multiplier, 0(no), 1, 2
 material =  all            # (D=all) number of specific material
   output =  dose           # total deposit energy
  deposit =    0            # (D=0) 0-> total deposit dist, 1-> each process
     axis =   reg           # axis of output
     file = Dose_21MeV_dchain.out  # file name of output for the above axis
     part =  all      
# kf/name :  0        
   stdcut = 1.0000000E-02   # (D=-1) threshold value of STD cutoff
   mother =  all            # (D=all) number of specific mother
#    used :        main (  %)        temp (  %)       total (  %)
#  memory :           5 (  0)           0 (  0)           5 (  0)

#------------------------------------------------------------------------------
#newpage:
#   no. =  1

x: Serial Num. of Region
y: Dose [Gy/source]      
p: xlin ylog afac(0.8) form(0.9)
h:   x      n     n          y(all     ),l3 n   
#  num    reg     volume       all       r.err 
    1    2505   1.0000E+00   5.1741E-05  0.1265
    2    2506   8.5000E-01   4.3178E-03  0.1462

#   sum over    1.8500E+00   2.0118E-03  0.1447

'no. =  1'
msuc: {\huge Dose per region}
msdr: {\it plotted by \ANGEL \version}
msdl: {\it calculated by \PHITS  3.35}
 
# Information for Restart Calculation
# This calculation was newly started
# istdev =  2 # 1:Batch variance, 2:History variance
# resc2  = 1.60217699999867669E-05 # Total source weight or Total source weight / maxcas
# resc3  = 1.00000000000000000E+05 # Total history number or Total batch number
# maxcas =      100000 # History / Batch, only used for istdev=1
# bitrseed = 0001110011011001101111011000110011100000010010101010010011101100 # bit data of rseed
