[ T-Track ]
    title = Espectro de energía
     mesh =  reg            # mesh type is region-wise
      reg = 600
   volume                   # combined, lattice or level structure 
   non     reg      vol     # reg definition
    1      600   1.0000E+00 # 600
   e-type =    2            # e-mesh is linear given by emin, emax and ne
     emin =  1.0000000E-09  # minimum value of e-mesh points
     emax =   25.00000      # maximum value of e-mesh points
#    edel =  0.2500000      # mesh width of e-mesh points
       ne =    100          # number of e-mesh points
#    data = ( e(i), i = 1, ne + 1 )
#           1.00000E-09  2.50000E-01  5.00000E-01  7.50000E-01  1.00000E+00
#           1.25000E+00  1.50000E+00  1.75000E+00  2.00000E+00  2.25000E+00
#           2.50000E+00  2.75000E+00  3.00000E+00  3.25000E+00  3.50000E+00
#           3.75000E+00  4.00000E+00  4.25000E+00  4.50000E+00  4.75000E+00
#           5.00000E+00  5.25000E+00  5.50000E+00  5.75000E+00  6.00000E+00
#           6.25000E+00  6.50000E+00  6.75000E+00  7.00000E+00  7.25000E+00
#           7.50000E+00  7.75000E+00  8.00000E+00  8.25000E+00  8.50000E+00
#           8.75000E+00  9.00000E+00  9.25000E+00  9.50000E+00  9.75000E+00
#           1.00000E+01  1.02500E+01  1.05000E+01  1.07500E+01  1.10000E+01
#           1.12500E+01  1.15000E+01  1.17500E+01  1.20000E+01  1.22500E+01
#           1.25000E+01  1.27500E+01  1.30000E+01  1.32500E+01  1.35000E+01
#           1.37500E+01  1.40000E+01  1.42500E+01  1.45000E+01  1.47500E+01
#           1.50000E+01  1.52500E+01  1.55000E+01  1.57500E+01  1.60000E+01
#           1.62500E+01  1.65000E+01  1.67500E+01  1.70000E+01  1.72500E+01
#           1.75000E+01  1.77500E+01  1.80000E+01  1.82500E+01  1.85000E+01
#           1.87500E+01  1.90000E+01  1.92500E+01  1.95000E+01  1.97500E+01
#           2.00000E+01  2.02500E+01  2.05000E+01  2.07500E+01  2.10000E+01
#           2.12500E+01  2.15000E+01  2.17500E+01  2.20000E+01  2.22500E+01
#           2.25000E+01  2.27500E+01  2.30000E+01  2.32500E+01  2.35000E+01
#           2.37500E+01  2.40000E+01  2.42500E+01  2.45000E+01  2.47500E+01
#           2.50000E+01
     unit =    1            # unit is [1/cm^2/source]
 material =  all            # (D=all) number of specific material
     axis =     eng            # axis of output
     file = energy_pouchgel.out  # file name of output for the above axis
     part =  proton     neutron    alpha      photon     positron 
# kf/name :  2212       2112       2000004    22         -11      
#    used :        main (  %)        temp (  %)       total (  %)
#  memory :         107 (  0)           0 (  0)         107 (  0)

#------------------------------------------------------------------------------
#newpage:
#   no. =  1   reg =    600

x: Energy [MeV]
y: Flux [1/cm^2/source]              
p: xlin ylog afac(0.8) form(0.9)
h: n            x            y(proton  ),hh0l n  y(neutron ),hh0dr n  y(alpha   ),hh0ub n  y(photon  ),hh0mg n  y(positron),hh0qrr n  
#  e-lower      e-upper        proton    r.err      neutron   r.err      alpha     r.err      photon    r.err      positron  r.err 
   1.0000E-09   2.5000E-01   1.7930E+03  0.0121   1.0903E+02  1.0000   9.7872E+00  0.1171   1.2397E+04  0.2775   0.0000E+00  0.0000
   2.5000E-01   5.0000E-01   2.1708E+03  0.0119   1.5170E+02  0.7204   5.3631E+00  0.1189   2.0655E+04  0.2365   0.0000E+00  0.0000
   5.0000E-01   7.5000E-01   3.0920E+03  0.0117   2.9509E+02  0.6497   4.8109E+00  0.1197   1.5428E+04  0.2349   0.0000E+00  0.0000
   7.5000E-01   1.0000E+00   4.0048E+03  0.0116   0.0000E+00  0.0000   4.7185E+00  0.1215   7.1436E+03  0.5149   0.0000E+00  0.0000
   1.0000E+00   1.2500E+00   4.9448E+03  0.0113   0.0000E+00  0.0000   4.9063E+00  0.1223   5.2600E+03  0.3691   0.0000E+00  0.0000
   1.2500E+00   1.5000E+00   5.9168E+03  0.0111   6.2300E+01  1.0000   5.1046E+00  0.1242   1.4663E+03  0.4017   0.0000E+00  0.0000
   1.5000E+00   1.7500E+00   6.9084E+03  0.0109   0.0000E+00  0.0000   5.2787E+00  0.1266   2.9869E+03  0.5739   0.0000E+00  0.0000
   1.7500E+00   2.0000E+00   7.9056E+03  0.0107   0.0000E+00  0.0000   5.3037E+00  0.1303   5.3537E+03  0.5398   0.0000E+00  0.0000
   2.0000E+00   2.2500E+00   8.8583E+03  0.0106   1.2488E+02  0.7071   5.1443E+00  0.1376   3.0436E+03  0.5587   0.0000E+00  0.0000
   2.2500E+00   2.5000E+00   9.7543E+03  0.0105   0.0000E+00  0.0000   4.9604E+00  0.1438   6.1175E+02  0.4107   0.0000E+00  0.0000
   2.5000E+00   2.7500E+00   1.0600E+04  0.0105   6.2428E+01  1.0000   4.6634E+00  0.1535   7.9285E+02  0.6277   0.0000E+00  0.0000
   2.7500E+00   3.0000E+00   1.1384E+04  0.0105   0.0000E+00  0.0000   4.4137E+00  0.1631   8.1508E+02  0.5645   0.0000E+00  0.0000
   3.0000E+00   3.2500E+00   1.2207E+04  0.0104   0.0000E+00  0.0000   4.3084E+00  0.1688   1.2654E+03  0.5965   0.0000E+00  0.0000
   3.2500E+00   3.5000E+00   1.3076E+04  0.0104   0.0000E+00  0.0000   3.7316E+00  0.1843   6.0886E+02  0.6523   0.0000E+00  0.0000
   3.5000E+00   3.7500E+00   1.4140E+04  0.0102   0.0000E+00  0.0000   2.9471E+00  0.2131   1.3236E+03  0.6466   0.0000E+00  0.0000
   3.7500E+00   4.0000E+00   1.5654E+04  0.0099   0.0000E+00  0.0000   2.1816E+00  0.2507   1.8774E+03  0.8375   0.0000E+00  0.0000
   4.0000E+00   4.2500E+00   1.7606E+04  0.0096   0.0000E+00  0.0000   1.7022E+00  0.2850   2.4474E+02  0.7522   0.0000E+00  0.0000
   4.2500E+00   4.5000E+00   1.9774E+04  0.0092   0.0000E+00  0.0000   1.1785E+00  0.3530   6.9228E+02  0.5308   0.0000E+00  0.0000
   4.5000E+00   4.7500E+00   2.1741E+04  0.0090   0.0000E+00  0.0000   8.7319E-01  0.4214   9.4974E+02  0.7814   0.0000E+00  0.0000
   4.7500E+00   5.0000E+00   2.3153E+04  0.0090   0.0000E+00  0.0000   7.9530E-01  0.4501   2.3659E+02  0.7820   0.0000E+00  0.0000
   5.0000E+00   5.2500E+00   2.4310E+04  0.0089   0.0000E+00  0.0000   5.8543E-01  0.5091   0.0000E+00  0.0000   0.0000E+00  0.0000
   5.2500E+00   5.5000E+00   2.5511E+04  0.0089   6.2422E+01  1.0000   3.5907E-01  0.7071   2.3827E+02  0.7078   0.0000E+00  0.0000
   5.5000E+00   5.7500E+00   2.6973E+04  0.0088   0.0000E+00  0.0000   3.3785E-01  0.7104   5.8069E+02  0.8989   0.0000E+00  0.0000
   5.7500E+00   6.0000E+00   2.9337E+04  0.0085   0.0000E+00  0.0000   1.9079E-01  1.0000   0.0000E+00  0.0000   0.0000E+00  0.0000
   6.0000E+00   6.2500E+00   3.2329E+04  0.0082   6.2429E+01  1.0000   1.7727E-01  1.0000   0.0000E+00  0.0000   0.0000E+00  0.0000
   6.2500E+00   6.5000E+00   3.4266E+04  0.0081   0.0000E+00  0.0000   0.0000E+00  0.0000   6.2423E+01  1.0000   0.0000E+00  0.0000
   6.5000E+00   6.7500E+00   3.4365E+04  0.0083   0.0000E+00  0.0000   0.0000E+00  0.0000   0.0000E+00  0.0000   0.0000E+00  0.0000
   6.7500E+00   7.0000E+00   3.4287E+04  0.0084   0.0000E+00  0.0000   0.0000E+00  0.0000   1.4410E+02  1.0000   0.0000E+00  0.0000
   7.0000E+00   7.2500E+00   3.5219E+04  0.0084   0.0000E+00  0.0000   0.0000E+00  0.0000   6.2461E+01  1.0000   0.0000E+00  0.0000
   7.2500E+00   7.5000E+00   3.8238E+04  0.0082   0.0000E+00  0.0000   0.0000E+00  0.0000   0.0000E+00  0.0000   0.0000E+00  0.0000
   7.5000E+00   7.7500E+00   4.2908E+04  0.0078   0.0000E+00  0.0000   0.0000E+00  0.0000   0.0000E+00  0.0000   0.0000E+00  0.0000
   7.7500E+00   8.0000E+00   4.5543E+04  0.0077   0.0000E+00  0.0000   0.0000E+00  0.0000   0.0000E+00  0.0000   0.0000E+00  0.0000
   8.0000E+00   8.2500E+00   4.5506E+04  0.0078   0.0000E+00  0.0000   0.0000E+00  0.0000   0.0000E+00  0.0000   0.0000E+00  0.0000
   8.2500E+00   8.5000E+00   4.6008E+04  0.0079   0.0000E+00  0.0000   0.0000E+00  0.0000   0.0000E+00  0.0000   0.0000E+00  0.0000
   8.5000E+00   8.7500E+00   4.9578E+04  0.0076   0.0000E+00  0.0000   0.0000E+00  0.0000   0.0000E+00  0.0000   0.0000E+00  0.0000
   8.7500E+00   9.0000E+00   5.6134E+04  0.0072   0.0000E+00  0.0000   0.0000E+00  0.0000   0.0000E+00  0.0000   0.0000E+00  0.0000
   9.0000E+00   9.2500E+00   5.9551E+04  0.0071   6.2432E+01  1.0000   0.0000E+00  0.0000   0.0000E+00  0.0000   0.0000E+00  0.0000
   9.2500E+00   9.5000E+00   5.8708E+04  0.0073   0.0000E+00  0.0000   0.0000E+00  0.0000   0.0000E+00  0.0000   0.0000E+00  0.0000
   9.5000E+00   9.7500E+00   5.9780E+04  0.0073   0.0000E+00  0.0000   0.0000E+00  0.0000   0.0000E+00  0.0000   0.0000E+00  0.0000
   9.7500E+00   1.0000E+01   6.7272E+04  0.0069   0.0000E+00  0.0000   0.0000E+00  0.0000   0.0000E+00  0.0000   0.0000E+00  0.0000
   1.0000E+01   1.0250E+01   7.7558E+04  0.0065   0.0000E+00  0.0000   0.0000E+00  0.0000   0.0000E+00  0.0000   0.0000E+00  0.0000
   1.0250E+01   1.0500E+01   7.9435E+04  0.0065   0.0000E+00  0.0000   0.0000E+00  0.0000   0.0000E+00  0.0000   0.0000E+00  0.0000
   1.0500E+01   1.0750E+01   8.0134E+04  0.0066   0.0000E+00  0.0000   0.0000E+00  0.0000   0.0000E+00  0.0000   0.0000E+00  0.0000
   1.0750E+01   1.1000E+01   9.0926E+04  0.0061   0.0000E+00  0.0000   0.0000E+00  0.0000   0.0000E+00  0.0000   0.0000E+00  0.0000
   1.1000E+01   1.1250E+01   1.1663E+05  0.0054   0.0000E+00  0.0000   0.0000E+00  0.0000   0.0000E+00  0.0000   0.0000E+00  0.0000
   1.1250E+01   1.1500E+01   1.2770E+05  0.0053   0.0000E+00  0.0000   0.0000E+00  0.0000   0.0000E+00  0.0000   0.0000E+00  0.0000
   1.1500E+01   1.1750E+01   1.3123E+05  0.0054   0.0000E+00  0.0000   0.0000E+00  0.0000   0.0000E+00  0.0000   0.0000E+00  0.0000
   1.1750E+01   1.2000E+01   1.3065E+05  0.0054   0.0000E+00  0.0000   0.0000E+00  0.0000   0.0000E+00  0.0000   0.0000E+00  0.0000
   1.2000E+01   1.2250E+01   1.2936E+05  0.0054   0.0000E+00  0.0000   0.0000E+00  0.0000   0.0000E+00  0.0000   0.0000E+00  0.0000
   1.2250E+01   1.2500E+01   1.2250E+05  0.0056   0.0000E+00  0.0000   0.0000E+00  0.0000   0.0000E+00  0.0000   0.0000E+00  0.0000
   1.2500E+01   1.2750E+01   1.1883E+05  0.0058   0.0000E+00  0.0000   0.0000E+00  0.0000   0.0000E+00  0.0000   0.0000E+00  0.0000
   1.2750E+01   1.3000E+01   1.1937E+05  0.0058   0.0000E+00  0.0000   0.0000E+00  0.0000   0.0000E+00  0.0000   0.0000E+00  0.0000
   1.3000E+01   1.3250E+01   1.1342E+05  0.0060   0.0000E+00  0.0000   0.0000E+00  0.0000   0.0000E+00  0.0000   0.0000E+00  0.0000
   1.3250E+01   1.3500E+01   1.0288E+05  0.0064   0.0000E+00  0.0000   0.0000E+00  0.0000   0.0000E+00  0.0000   0.0000E+00  0.0000
   1.3500E+01   1.3750E+01   1.0134E+05  0.0065   0.0000E+00  0.0000   0.0000E+00  0.0000   0.0000E+00  0.0000   0.0000E+00  0.0000
   1.3750E+01   1.4000E+01   9.7161E+04  0.0066   0.0000E+00  0.0000   0.0000E+00  0.0000   0.0000E+00  0.0000   0.0000E+00  0.0000
   1.4000E+01   1.4250E+01   7.8573E+04  0.0073   0.0000E+00  0.0000   0.0000E+00  0.0000   0.0000E+00  0.0000   0.0000E+00  0.0000
   1.4250E+01   1.4500E+01   7.0719E+04  0.0079   0.0000E+00  0.0000   0.0000E+00  0.0000   0.0000E+00  0.0000   0.0000E+00  0.0000
   1.4500E+01   1.4750E+01   6.6379E+04  0.0081   0.0000E+00  0.0000   0.0000E+00  0.0000   0.0000E+00  0.0000   0.0000E+00  0.0000
   1.4750E+01   1.5000E+01   2.8769E+04  0.0105   0.0000E+00  0.0000   0.0000E+00  0.0000   0.0000E+00  0.0000   0.0000E+00  0.0000
   1.5000E+01   1.5250E+01   9.9023E+02  0.0380   0.0000E+00  0.0000   0.0000E+00  0.0000   0.0000E+00  0.0000   0.0000E+00  0.0000
   1.5250E+01   1.5500E+01   0.0000E+00  0.0000   0.0000E+00  0.0000   0.0000E+00  0.0000   0.0000E+00  0.0000   0.0000E+00  0.0000
   1.5500E+01   1.5750E+01   0.0000E+00  0.0000   0.0000E+00  0.0000   0.0000E+00  0.0000   0.0000E+00  0.0000   0.0000E+00  0.0000
   1.5750E+01   1.6000E+01   0.0000E+00  0.0000   0.0000E+00  0.0000   0.0000E+00  0.0000   0.0000E+00  0.0000   0.0000E+00  0.0000
   1.6000E+01   1.6250E+01   0.0000E+00  0.0000   0.0000E+00  0.0000   0.0000E+00  0.0000   0.0000E+00  0.0000   0.0000E+00  0.0000
   1.6250E+01   1.6500E+01   0.0000E+00  0.0000   0.0000E+00  0.0000   0.0000E+00  0.0000   0.0000E+00  0.0000   0.0000E+00  0.0000
   1.6500E+01   1.6750E+01   0.0000E+00  0.0000   0.0000E+00  0.0000   0.0000E+00  0.0000   0.0000E+00  0.0000   0.0000E+00  0.0000
   1.6750E+01   1.7000E+01   0.0000E+00  0.0000   0.0000E+00  0.0000   0.0000E+00  0.0000   0.0000E+00  0.0000   0.0000E+00  0.0000
   1.7000E+01   1.7250E+01   0.0000E+00  0.0000   0.0000E+00  0.0000   0.0000E+00  0.0000   0.0000E+00  0.0000   0.0000E+00  0.0000
   1.7250E+01   1.7500E+01   0.0000E+00  0.0000   0.0000E+00  0.0000   0.0000E+00  0.0000   0.0000E+00  0.0000   0.0000E+00  0.0000
   1.7500E+01   1.7750E+01   0.0000E+00  0.0000   0.0000E+00  0.0000   0.0000E+00  0.0000   0.0000E+00  0.0000   0.0000E+00  0.0000
   1.7750E+01   1.8000E+01   0.0000E+00  0.0000   0.0000E+00  0.0000   0.0000E+00  0.0000   0.0000E+00  0.0000   0.0000E+00  0.0000
   1.8000E+01   1.8250E+01   0.0000E+00  0.0000   0.0000E+00  0.0000   0.0000E+00  0.0000   0.0000E+00  0.0000   0.0000E+00  0.0000
   1.8250E+01   1.8500E+01   0.0000E+00  0.0000   0.0000E+00  0.0000   0.0000E+00  0.0000   0.0000E+00  0.0000   0.0000E+00  0.0000
   1.8500E+01   1.8750E+01   0.0000E+00  0.0000   0.0000E+00  0.0000   0.0000E+00  0.0000   0.0000E+00  0.0000   0.0000E+00  0.0000
   1.8750E+01   1.9000E+01   0.0000E+00  0.0000   0.0000E+00  0.0000   0.0000E+00  0.0000   0.0000E+00  0.0000   0.0000E+00  0.0000
   1.9000E+01   1.9250E+01   0.0000E+00  0.0000   0.0000E+00  0.0000   0.0000E+00  0.0000   0.0000E+00  0.0000   0.0000E+00  0.0000
   1.9250E+01   1.9500E+01   0.0000E+00  0.0000   0.0000E+00  0.0000   0.0000E+00  0.0000   0.0000E+00  0.0000   0.0000E+00  0.0000
   1.9500E+01   1.9750E+01   0.0000E+00  0.0000   0.0000E+00  0.0000   0.0000E+00  0.0000   0.0000E+00  0.0000   0.0000E+00  0.0000
   1.9750E+01   2.0000E+01   0.0000E+00  0.0000   0.0000E+00  0.0000   0.0000E+00  0.0000   0.0000E+00  0.0000   0.0000E+00  0.0000
   2.0000E+01   2.0250E+01   0.0000E+00  0.0000   0.0000E+00  0.0000   0.0000E+00  0.0000   0.0000E+00  0.0000   0.0000E+00  0.0000
   2.0250E+01   2.0500E+01   0.0000E+00  0.0000   0.0000E+00  0.0000   0.0000E+00  0.0000   0.0000E+00  0.0000   0.0000E+00  0.0000
   2.0500E+01   2.0750E+01   0.0000E+00  0.0000   0.0000E+00  0.0000   0.0000E+00  0.0000   0.0000E+00  0.0000   0.0000E+00  0.0000
   2.0750E+01   2.1000E+01   0.0000E+00  0.0000   0.0000E+00  0.0000   0.0000E+00  0.0000   0.0000E+00  0.0000   0.0000E+00  0.0000
   2.1000E+01   2.1250E+01   0.0000E+00  0.0000   0.0000E+00  0.0000   0.0000E+00  0.0000   0.0000E+00  0.0000   0.0000E+00  0.0000
   2.1250E+01   2.1500E+01   0.0000E+00  0.0000   0.0000E+00  0.0000   0.0000E+00  0.0000   0.0000E+00  0.0000   0.0000E+00  0.0000
   2.1500E+01   2.1750E+01   0.0000E+00  0.0000   0.0000E+00  0.0000   0.0000E+00  0.0000   0.0000E+00  0.0000   0.0000E+00  0.0000
   2.1750E+01   2.2000E+01   0.0000E+00  0.0000   0.0000E+00  0.0000   0.0000E+00  0.0000   0.0000E+00  0.0000   0.0000E+00  0.0000
   2.2000E+01   2.2250E+01   0.0000E+00  0.0000   0.0000E+00  0.0000   0.0000E+00  0.0000   0.0000E+00  0.0000   0.0000E+00  0.0000
   2.2250E+01   2.2500E+01   0.0000E+00  0.0000   0.0000E+00  0.0000   0.0000E+00  0.0000   0.0000E+00  0.0000   0.0000E+00  0.0000
   2.2500E+01   2.2750E+01   0.0000E+00  0.0000   0.0000E+00  0.0000   0.0000E+00  0.0000   0.0000E+00  0.0000   0.0000E+00  0.0000
   2.2750E+01   2.3000E+01   0.0000E+00  0.0000   0.0000E+00  0.0000   0.0000E+00  0.0000   0.0000E+00  0.0000   0.0000E+00  0.0000
   2.3000E+01   2.3250E+01   0.0000E+00  0.0000   0.0000E+00  0.0000   0.0000E+00  0.0000   0.0000E+00  0.0000   0.0000E+00  0.0000
   2.3250E+01   2.3500E+01   0.0000E+00  0.0000   0.0000E+00  0.0000   0.0000E+00  0.0000   0.0000E+00  0.0000   0.0000E+00  0.0000
   2.3500E+01   2.3750E+01   0.0000E+00  0.0000   0.0000E+00  0.0000   0.0000E+00  0.0000   0.0000E+00  0.0000   0.0000E+00  0.0000
   2.3750E+01   2.4000E+01   0.0000E+00  0.0000   0.0000E+00  0.0000   0.0000E+00  0.0000   0.0000E+00  0.0000   0.0000E+00  0.0000
   2.4000E+01   2.4250E+01   0.0000E+00  0.0000   0.0000E+00  0.0000   0.0000E+00  0.0000   0.0000E+00  0.0000   0.0000E+00  0.0000
   2.4250E+01   2.4500E+01   0.0000E+00  0.0000   0.0000E+00  0.0000   0.0000E+00  0.0000   0.0000E+00  0.0000   0.0000E+00  0.0000
   2.4500E+01   2.4750E+01   0.0000E+00  0.0000   0.0000E+00  0.0000   0.0000E+00  0.0000   0.0000E+00  0.0000   0.0000E+00  0.0000
   2.4750E+01   2.5000E+01   0.0000E+00  0.0000   0.0000E+00  0.0000   0.0000E+00  0.0000   0.0000E+00  0.0000   0.0000E+00  0.0000

#   sum over                 3.0451E+06  0.0045   9.9271E+02  0.2986   8.3823E+01  0.1331   8.4240E+04  0.1103   0.0000E+00  0.0000

'no. =  1,  reg  =    600'
msuc: {\huge Espectro de energía}
msdr: {\it plotted by \ANGEL \version}
msdl: {\it calculated by \PHITS  3.35}
wt: s(0.7)
\vspace{-3}
   vol  &=&   1.0000E+00 [cm^3]
e:
 
# Information for Restart Calculation
# This calculation was newly started
# istdev =  2 # 1:Batch variance, 2:History variance
# resc2  = 1.60217700001159249E-03 # Total source weight or Total source weight / maxcas
# resc3  = 1.00000000000000000E+07 # Total history number or Total batch number
# maxcas =       10000 # History / Batch, only used for istdev=1
# bitrseed = 1000110000001000111111101100101001110101110010000011011101101000 # bit data of rseed
