[ T-Track ]
    title = Flujo de partículas en coordenadas cilindricas a z = 1.10 cm
     mesh =  r-z            # mesh type is r-z scoring mesh
       x0 =   0.000000      # center x-position of r-z mesh
       y0 =   0.000000      # center y-position of r-z mesh
   r-type =    4            # r-mesh is linear given by rmin, rmax and rdel
     rmin =   0.000000      # minimum value of r-mesh points
     rmax =   6.670000      # maximum value of r-mesh points
     rdel =  0.1000000      # mesh width of r-mesh points
#      nr =   67            # number of r-mesh points
#    data = ( r(i), i = 1, nr + 1 )
#           0.00000E+00  1.00000E-01  2.00000E-01  3.00000E-01  4.00000E-01
#           5.00000E-01  6.00000E-01  7.00000E-01  8.00000E-01  9.00000E-01
#           1.00000E+00  1.10000E+00  1.20000E+00  1.30000E+00  1.40000E+00
#           1.50000E+00  1.60000E+00  1.70000E+00  1.80000E+00  1.90000E+00
#           2.00000E+00  2.10000E+00  2.20000E+00  2.30000E+00  2.40000E+00
#           2.50000E+00  2.60000E+00  2.70000E+00  2.80000E+00  2.90000E+00
#           3.00000E+00  3.10000E+00  3.20000E+00  3.30000E+00  3.40000E+00
#           3.50000E+00  3.60000E+00  3.70000E+00  3.80000E+00  3.90000E+00
#           4.00000E+00  4.10000E+00  4.20000E+00  4.30000E+00  4.40000E+00
#           4.50000E+00  4.60000E+00  4.70000E+00  4.80000E+00  4.90000E+00
#           5.00000E+00  5.10000E+00  5.20000E+00  5.30000E+00  5.40000E+00
#           5.50000E+00  5.60000E+00  5.70000E+00  5.80000E+00  5.90000E+00
#           6.00000E+00  6.10000E+00  6.20000E+00  6.30000E+00  6.40000E+00
#           6.50000E+00  6.60000E+00  6.70000E+00
   z-type =    4            # z-mesh is linear given by zmin, zmax and zdel
     zmin =   1.050000      # minimum value of z-mesh points
     zmax =   1.150000      # maximum value of z-mesh points
     zdel =  0.1000000      # mesh width of z-mesh points
#      nz =    1            # number of z-mesh points
#    data = ( z(i), i = 1, nz + 1 )
#           1.05000E+00  1.15000E+00
   e-type =    1            # e-mesh is given by the below data
       ne =      1          # number of e-mesh points
#    data = ( e(i), i = 1, ne + 1 )
            0.00000E+00  1.00000E+03
     unit =    1            # unit is [1/cm^2/source]
 material =  all            # (D=all) number of specific material
  2D-type =    3            # 1:Cont, 2:Clust, 3:Color, 4:xyz, 5:mat, 6:Clust+Cont, 7:Col+Cont
     axis =      rz            # axis of output
     file = Flux_rz_z110.out  # file name of output for the above axis
     part =  proton   
# kf/name :  2212     
    gshow =    1            # 0: no 1:bnd, 2:bnd+mat, 3:bnd+reg 4:bnd+lat 5:bmp style
    resol =    1            # (D=1) resolution of gshow or rshow
    width = 0.5000000       # (D=0.5) width of lines for gshow or rshow
   epsout =    2            # (D=0) generate eps file by ANGEL
   stdcut = 1.0000000E-02   # (D=-1) threshold value of STD cutoff
#    used :        main (  %)        temp (  %)       total (  %)
#  memory :          76 (  0)           0 (  0)          76 (  0)

#------------------------------------------------------------------------------
#newpage:
#   no. =  1   ie  =  1   part. = proton  
#   e = (   0.0000E+00  -   1.0000E+03  )

'no. =  1,  ie =  1'
msuc: {\huge Flujo de partículas en coordenadas cilindricas a z = 1.10 cm}
msdr: {\it plotted by \ANGEL \version}
msdl: {\it calculated by \PHITS  3.35}

x: z [cm]
y: r [cm]
set: c1[67.000] c2[ 0.110] c5[ 0.800] c6[ 0.178] c7[20.000] c8[ 0.000]
p: h2fs form[c1] xfac[c2] afac[c5] scal[c6] xorg[c7] yorg[c8] nosp
set: c3[   1.861751E+03] c4[   7.951154E+09]
p: cmin[c3] cmax[c4]
p: dmin(1e-31)
p: zlog
p: xmin(  1.050000    ) xmax(  1.150000    )
p: ymin(  0.000000    ) ymax(  6.700000    )
#  nr =  67   nz =   1
# ( ( data(z,r), z = 1, nz ), r = nr, 1, -1 )

hc:  y =   6.650000     to  5.0000000E-02 by  0.1000000     ; x =   1.100000     to   1.100000     by  0.1000000     ;
  1.862E+03  2.356E+03  2.615E+03  2.774E+03  2.845E+03  2.730E+03  2.631E+03  2.575E+03  2.649E+03  2.265E+03
  2.411E+03  2.656E+03  3.247E+03  3.606E+03  3.889E+03  4.250E+03  4.643E+03  4.957E+03  5.145E+03  5.855E+03
  5.966E+03  5.922E+03  6.222E+03  6.783E+03  7.711E+03  7.996E+03  8.504E+03  9.895E+03  1.038E+04  1.064E+04
  1.200E+04  1.305E+04  1.268E+04  1.387E+04  1.425E+04  1.641E+04  1.820E+04  2.003E+04  2.419E+04  2.651E+04
  2.570E+04  2.747E+04  3.075E+04  3.792E+04  4.183E+04  4.844E+04  5.689E+04  7.020E+04  8.095E+04  9.572E+04
  1.126E+05  1.276E+05  1.411E+05  1.600E+05  1.871E+05  2.302E+05  2.761E+05  3.388E+05  3.938E+05  4.693E+05
  5.923E+05  1.377E+08  7.781E+09  7.949E+09  7.942E+09  7.945E+09  7.951E+09

#------------------------------------------------------------------------------
z: xorg(1.03)
p: xfac[c2*0.05] form[c1/0.05] notc noxt noyt dmin(1)
p: ymin(0) ymax(1) xmin(0) xmax(1) cmin(1) cmax(100) nosp
hc: y= 0.005 to 0.995 by 0.01 ; x= 0.5 to 0.5 by 1 ;
 1  2  3  4  5  6  7  8  9 10 11 12 13 14 15 16 17 18 19 20
21 22 23 24 25 26 27 28 29 30 31 32 33 34 35 36 37 38 39 40
41 42 43 44 45 46 47 48 49 50 51 52 53 54 55 56 57 58 59 60
61 62 63 64 65 66 67 68 69 70 71 72 73 74 75 76 77 78 79 80
81 82 83 84 85 86 87 88 89 90 91 92 93 94 95 96 97 98 99 100
z: xorg(0.0)
p: xfac[c2*0.05] form[c1/0.05] nosp afac[c5*0.625] ymin[c3] ymax[c4]
p: noxt noxn ytxt(-1) ynum(-1) xltd(-1) xstd(-1) itic(1) ylog
y: Flux [1/cm^2/source]              
#------------------------------------------------------------------------------

wt: s(0.7)
\vspace{-3}
  emin  &=&   0.0000E+00 [MeV]
  emax  &=&   1.0000E+03 [MeV]
  part. &=& proton  
e:

#------------------------------------------------------------------------------
z: xorg[-1.03/0.05]
p: form[c1] xfac[c2] afac[c5] nosp notf
p: xmin(  1.050000    ) xmax(  1.150000    )
p: ymin(  0.000000    ) ymax(  6.700000    )
 
# Information for Restart Calculation
# This calculation was newly started
# istdev =  2 # 1:Batch variance, 2:History variance
# resc2  = 2.72370089897689240E-03 # Total source weight or Total source weight / maxcas
# resc3  = 1.70000000000000000E+07 # Total history number or Total batch number
# maxcas =      100000 # History / Batch, only used for istdev=1
# bitrseed = 0001111000111111000110001111100101010111010001100111100010000011 # bit data of rseed
