[ T-Track ]
    title = [t-track] in xyz mesh
     mesh =  xyz            # mesh type is xyz scoring mesh
   x-type =    2            # x-mesh is linear given by xmin, xmax and nx
     xmin =  -4.000000      # minimum value of x-mesh points
     xmax =   4.000000      # maximum value of x-mesh points
#    xdel =  0.1600000      # mesh width of x-mesh points
       nx =     50          # number of x-mesh points
#    data = ( x(i), i = 1, nx + 1 )
#          -4.00000E+00 -3.84000E+00 -3.68000E+00 -3.52000E+00 -3.36000E+00
#          -3.20000E+00 -3.04000E+00 -2.88000E+00 -2.72000E+00 -2.56000E+00
#          -2.40000E+00 -2.24000E+00 -2.08000E+00 -1.92000E+00 -1.76000E+00
#          -1.60000E+00 -1.44000E+00 -1.28000E+00 -1.12000E+00 -9.60000E-01
#          -8.00000E-01 -6.40000E-01 -4.80000E-01 -3.20000E-01 -1.60000E-01
#           0.00000E+00  1.60000E-01  3.20000E-01  4.80000E-01  6.40000E-01
#           8.00000E-01  9.60000E-01  1.12000E+00  1.28000E+00  1.44000E+00
#           1.60000E+00  1.76000E+00  1.92000E+00  2.08000E+00  2.24000E+00
#           2.40000E+00  2.56000E+00  2.72000E+00  2.88000E+00  3.04000E+00
#           3.20000E+00  3.36000E+00  3.52000E+00  3.68000E+00  3.84000E+00
#           4.00000E+00
   y-type =    2            # y-mesh is linear given by ymin, ymax and ny
     ymin =  -5.000000      # minimum value of y-mesh points
     ymax =   5.000000      # maximum value of y-mesh points
#    ydel =  0.1250000      # mesh width of y-mesh points
       ny =     80          # number of y-mesh points
#    data = ( y(i), i = 1, ny + 1 )
#          -5.00000E+00 -4.87500E+00 -4.75000E+00 -4.62500E+00 -4.50000E+00
#          -4.37500E+00 -4.25000E+00 -4.12500E+00 -4.00000E+00 -3.87500E+00
#          -3.75000E+00 -3.62500E+00 -3.50000E+00 -3.37500E+00 -3.25000E+00
#          -3.12500E+00 -3.00000E+00 -2.87500E+00 -2.75000E+00 -2.62500E+00
#          -2.50000E+00 -2.37500E+00 -2.25000E+00 -2.12500E+00 -2.00000E+00
#          -1.87500E+00 -1.75000E+00 -1.62500E+00 -1.50000E+00 -1.37500E+00
#          -1.25000E+00 -1.12500E+00 -1.00000E+00 -8.75000E-01 -7.50000E-01
#          -6.25000E-01 -5.00000E-01 -3.75000E-01 -2.50000E-01 -1.25000E-01
#           0.00000E+00  1.25000E-01  2.50000E-01  3.75000E-01  5.00000E-01
#           6.25000E-01  7.50000E-01  8.75000E-01  1.00000E+00  1.12500E+00
#           1.25000E+00  1.37500E+00  1.50000E+00  1.62500E+00  1.75000E+00
#           1.87500E+00  2.00000E+00  2.12500E+00  2.25000E+00  2.37500E+00
#           2.50000E+00  2.62500E+00  2.75000E+00  2.87500E+00  3.00000E+00
#           3.12500E+00  3.25000E+00  3.37500E+00  3.50000E+00  3.62500E+00
#           3.75000E+00  3.87500E+00  4.00000E+00  4.12500E+00  4.25000E+00
#           4.37500E+00  4.50000E+00  4.62500E+00  4.75000E+00  4.87500E+00
#           5.00000E+00
   z-type =    1            # z-mesh is given by the below data
       nz =      1          # number of z-mesh points
#    data = ( z(i), i = 1, nz + 1 )
            9.84700E+01  9.84900E+01
   e-type =    1            # e-mesh is given by the below data
       ne =      1          # number of e-mesh points
#    data = ( e(i), i = 1, ne + 1 )
            0.00000E+00  1.00000E+03
     unit =    1            # unit is [1/cm^2/source]
 material =  all            # (D=all) number of specific material
  2D-type =    3            # 1:Cont, 2:Clust, 3:Color, 4:xyz, 5:mat, 6:Clust+Cont, 7:Col+Cont
     axis =      xy            # axis of output
     file = track_xy.out    # file name of output for the above axis
     part =  proton   
# kf/name :  2212     
    gshow =    1            # 0: no 1:bnd, 2:bnd+mat, 3:bnd+reg 4:bnd+lat 5:bmp style
    resol =    1            # (D=1) resolution of gshow or rshow
    width = 0.5000000       # (D=0.5) width of lines for gshow or rshow
   epsout =    1            # (D=0) generate eps file by ANGEL
#    used :        main (  %)        temp (  %)       total (  %)
#  memory :         140 (  0)           0 (  0)         140 (  0)

#------------------------------------------------------------------------------
#newpage:
#   no. =  1   ie  =  1   iz  =  1   part. = proton  
#   e = (   0.0000E+00  -   1.0000E+03  )
#   z = (   9.8470E+01  -   9.8490E+01  )

'no. =  1,  ie =  1,  iz =  1'
msuc: {\huge [t-track] in xyz mesh}
msdr: {\it plotted by \ANGEL \version}
msdl: {\it calculated by \PHITS  3.35}

x: x [cm]
y: y [cm]
set: c1[ 1.250] c2[ 0.805] c5[ 0.800] c6[ 0.913] c7[ 0.167] c8[ 0.000]
p: h2fs form[c1] xfac[c2] afac[c5] scal[c6] xorg[c7] yorg[c8] nosp
p: xmin( -4.000000    ) xmax(  4.000000    )
p: ymin( -5.000000    ) ymax(  5.000000    )
#  ny =  80   nx =  50
# ( ( data(x,y), x = 1, nx ), y = ny, 1, -1 )

#------------------------------------------------------------------------------
# gshow
#------------------------------------------------------------------------------

p: legs[c5*0.875]

h: x ny1,0  y2=[y1](Air),ic[cyan]
 -1.000000E+00 -1.000000E+00

hb:   line clip z   cb(cyan)
frame:
 -3.9999903E+00 -4.9999768E+00
  4.0000097E+00 -4.9999768E+00
  4.0000097E+00  5.0000232E+00
 -3.9999903E+00  5.0000232E+00
clip:
 -4.15685287E+00 -5.12343333E+00
 -2.62100000E+00 -5.12343333E+00
 -2.62100000E+00 -5.09309594E+00
 -2.62100000E+00 -4.99534691E+00
 -2.62100000E+00 -4.96500952E+00
 -2.62100000E+00 -4.86726049E+00
 -2.62100000E+00 -4.83692310E+00
 -2.62100000E+00 -4.73917407E+00
 -2.62100000E+00 -4.70883668E+00
 -2.62100000E+00 -4.61108765E+00
 -2.62100000E+00 -4.58075026E+00
 -2.62100000E+00 -4.48300123E+00
 -2.62100000E+00 -4.45266384E+00
 -2.62100000E+00 -4.35491481E+00
 -2.62100000E+00 -4.32457742E+00
 -2.62100000E+00 -4.22682840E+00
 -2.62100000E+00 -4.19649100E+00
 -2.62100000E+00 -4.09874198E+00
 -2.62100000E+00 -4.06840458E+00
 -2.62100000E+00 -3.97065556E+00
 -2.62100000E+00 -3.94031816E+00
 -2.62100000E+00 -3.84256914E+00
 -2.62100000E+00 -3.81223174E+00
 -2.62100000E+00 -3.71448272E+00
 -2.62100000E+00 -3.68414532E+00
 -2.62100000E+00 -3.58639630E+00
 -2.62100000E+00 -3.55605890E+00
 -2.62100000E+00 -3.45830988E+00
 -2.62100000E+00 -3.42797248E+00
 -2.62100000E+00 -3.33022346E+00
 -2.62100000E+00 -3.29988606E+00
 -2.62100000E+00 -3.20213704E+00
 -2.62100000E+00 -3.17179964E+00
 -2.62100000E+00 -3.07405062E+00
 -2.62100000E+00 -3.04371322E+00
 -2.62100000E+00 -2.94596420E+00
 -2.62100000E+00 -2.91562680E+00
 -2.62100000E+00 -2.81787778E+00
 -2.62100000E+00 -2.78754038E+00
 -2.62100000E+00 -2.68979136E+00
 -2.62100000E+00 -2.65945396E+00
 -2.62100000E+00 -2.56170494E+00
 -2.62100000E+00 -2.53136754E+00
 -2.62100000E+00 -2.43361852E+00
 -2.62100000E+00 -2.40328112E+00
 -2.62100000E+00 -2.30553210E+00
 -2.62100000E+00 -2.27519470E+00
 -2.62100000E+00 -2.17744568E+00
 -2.62100000E+00 -2.14710829E+00
 -2.62100000E+00 -2.04935926E+00
 -2.62100000E+00 -2.01902187E+00
 -2.62100000E+00 -1.92127284E+00
 -2.62100000E+00 -1.89093545E+00
 -2.62100000E+00 -1.79318642E+00
 -2.62100000E+00 -1.76284903E+00
 -2.62100000E+00 -1.66510000E+00
 -2.62100000E+00 -1.63476261E+00
 -2.62100000E+00 -1.53701358E+00
 -2.49410777E+00 -1.46850000E+00
 -1.58600000E+00 -1.46803869E+00
 -1.58600000E+00 -1.40892716E+00
 -1.58600000E+00 -1.34981564E+00
 -1.58600000E+00 -1.28084074E+00
 -1.58600000E+00 -1.22172922E+00
 -1.58600000E+00 -1.15275432E+00
 -1.58600000E+00 -1.09364280E+00
 -1.58600000E+00 -1.02466790E+00
 -1.58600000E+00 -9.65556377E-01
 -1.58600000E+00 -8.96581481E-01
 -1.58600000E+00 -8.37469957E-01
 -1.58600000E+00 -7.68495062E-01
 -1.58600000E+00 -7.09383537E-01
 -1.58600000E+00 -6.40408642E-01
 -1.58600000E+00 -5.81297117E-01
 -1.58600000E+00 -5.12322222E-01
 -1.58600000E+00 -4.53210698E-01
 -1.58600000E+00 -3.84235802E-01
 -1.58600000E+00 -3.25124278E-01
 -1.58600000E+00 -2.56149383E-01
 -1.58600000E+00 -1.97037858E-01
 -1.58600000E+00 -1.28062963E-01
 -1.58600000E+00 -6.89514383E-02
 -1.58600000E+00  2.34567890E-05
 -1.58600000E+00  5.91349815E-02
 -1.58600000E+00  1.28109877E-01
 -1.58600000E+00  1.87221401E-01
 -1.58600000E+00  2.56196296E-01
 -1.58600000E+00  3.15307821E-01
 -1.58600000E+00  3.84282716E-01
 -1.58600000E+00  4.43394241E-01
 -1.58600000E+00  5.12369136E-01
 -1.58600000E+00  5.71480660E-01
 -1.58600000E+00  6.40455556E-01
 -1.58600000E+00  6.99567080E-01
 -1.58600000E+00  7.68541975E-01
 -1.58600000E+00  8.27653500E-01
 -1.58600000E+00  8.96628395E-01
 -1.58600000E+00  9.55739920E-01
 -1.58600000E+00  1.02471481E+00
 -1.58600000E+00  1.08382634E+00
 -1.58600000E+00  1.15280123E+00
 -1.58600000E+00  1.21191276E+00
 -1.58600000E+00  1.28088765E+00
 -1.58600000E+00  1.33999918E+00
 -1.58600000E+00  1.40897407E+00
 -1.58600000E+00  1.46808560E+00
 -1.58600000E+00  1.53706049E+00
 -1.58600000E+00  1.59617202E+00
 -1.58600000E+00  1.66514691E+00
 -1.58600000E+00  1.72425844E+00
 -1.58600000E+00  1.79323333E+00
 -1.58600000E+00  1.85234486E+00
 -1.58600000E+00  1.92131975E+00
 -1.58600000E+00  1.98043128E+00
 -1.58600000E+00  2.04940617E+00
 -1.58600000E+00  2.10851770E+00
 -1.58600000E+00  2.17749259E+00
 -1.58600000E+00  2.23660412E+00
 -1.58600000E+00  2.30557901E+00
 -1.58600000E+00  2.36469054E+00
 -1.58600000E+00  2.43366543E+00
 -1.58600000E+00  2.49277696E+00
 -1.58600000E+00  2.56175185E+00
 -1.58600000E+00  2.62086338E+00
 -1.58600000E+00  2.68983827E+00
 -1.58600000E+00  2.74894980E+00
 -1.49646071E+00  2.81850000E+00
 -1.33093303E+00  2.81850000E+00
 -1.16465853E+00  2.81850000E+00
 -9.98384015E-01  2.81850000E+00
 -8.32109505E-01  2.81850000E+00
 -6.65834996E-01  2.81850000E+00
 -4.99560486E-01  2.81850000E+00
 -3.33285976E-01  2.81850000E+00
 -1.67011466E-01  2.81850000E+00
 -7.36956438E-04  2.81850000E+00
  1.65537553E-01  2.81850000E+00
  3.31812063E-01  2.81850000E+00
  4.98086573E-01  2.81850000E+00
  6.64361083E-01  2.81850000E+00
  8.30635593E-01  2.81850000E+00
  9.96910102E-01  2.81850000E+00
  1.16318461E+00  2.81850000E+00
  1.32945912E+00  2.81850000E+00
  1.49573363E+00  2.81850000E+00
  1.58600000E+00  2.81792469E+00
  1.58600000E+00  2.75879795E+00
  1.58600000E+00  2.68983827E+00
  1.58600000E+00  2.63071153E+00
  1.58600000E+00  2.56175185E+00
  1.58600000E+00  2.50262511E+00
  1.58600000E+00  2.43366543E+00
  1.58600000E+00  2.37453869E+00
  1.58600000E+00  2.30557901E+00
  1.58600000E+00  2.24645227E+00
  1.58600000E+00  2.17749259E+00
  1.58600000E+00  2.11836585E+00
  1.58600000E+00  2.04940617E+00
  1.58600000E+00  1.99027943E+00
  1.58600000E+00  1.92131975E+00
  1.58600000E+00  1.86219301E+00
  1.58600000E+00  1.79323333E+00
  1.58600000E+00  1.73410659E+00
  1.58600000E+00  1.66514691E+00
  1.58600000E+00  1.60602017E+00
  1.58600000E+00  1.53706049E+00
  1.58600000E+00  1.47793375E+00
  1.58600000E+00  1.40897407E+00
  1.58600000E+00  1.34984733E+00
  1.58600000E+00  1.28088765E+00
  1.58600000E+00  1.22176091E+00
  1.58600000E+00  1.15280123E+00
  1.58600000E+00  1.09367449E+00
  1.58600000E+00  1.02471481E+00
  1.58600000E+00  9.65588074E-01
  1.58600000E+00  8.96628395E-01
  1.58600000E+00  8.37501654E-01
  1.58600000E+00  7.68541975E-01
  1.58600000E+00  7.09415234E-01
  1.58600000E+00  6.40455556E-01
  1.58600000E+00  5.81328814E-01
  1.58600000E+00  5.12369136E-01
  1.58600000E+00  4.53242395E-01
  1.58600000E+00  3.84282716E-01
  1.58600000E+00  3.25155975E-01
  1.58600000E+00  2.56196296E-01
  1.58600000E+00  1.97069555E-01
  1.58600000E+00  1.28109877E-01
  1.58600000E+00  6.89831354E-02
  1.58600000E+00  2.34567890E-05
  1.58600000E+00 -5.91032843E-02
  1.58600000E+00 -1.28062963E-01
  1.58600000E+00 -1.87189704E-01
  1.58600000E+00 -2.56149383E-01
  1.58600000E+00 -3.15276124E-01
  1.58600000E+00 -3.84235802E-01
  1.58600000E+00 -4.43362544E-01
  1.58600000E+00 -5.12322222E-01
  1.58600000E+00 -5.71448963E-01
  1.58600000E+00 -6.40408642E-01
  1.58600000E+00 -6.99535383E-01
  1.58600000E+00 -7.68495062E-01
  1.58600000E+00 -8.27621803E-01
  1.58600000E+00 -8.96581481E-01
  1.58600000E+00 -9.55708223E-01
  1.58600000E+00 -1.02466790E+00
  1.58600000E+00 -1.08379464E+00
  1.58600000E+00 -1.15275432E+00
  1.58600000E+00 -1.21188106E+00
  1.58600000E+00 -1.28084074E+00
  1.58600000E+00 -1.33996748E+00
  1.58600000E+00 -1.40892716E+00
  1.66275497E+00 -1.46850000E+00
  1.74008905E+00 -1.46850000E+00
  1.82902948E+00 -1.46850000E+00
  1.90636356E+00 -1.46850000E+00
  1.99530399E+00 -1.46850000E+00
  2.07263807E+00 -1.46850000E+00
  2.16157850E+00 -1.46850000E+00
  2.23891258E+00 -1.46850000E+00
  2.32785301E+00 -1.46850000E+00
  2.40518709E+00 -1.46850000E+00
  2.49412752E+00 -1.46850000E+00
  2.60900000E+00 -1.53701358E+00
  2.60900000E+00 -5.12343333E+00
  2.66040203E+00 -5.12343333E+00
  2.82667654E+00 -5.12343333E+00
  2.99295105E+00 -5.12343333E+00
  3.15922556E+00 -5.12343333E+00
  3.32550007E+00 -5.12343333E+00
  3.49177458E+00 -5.12343333E+00
  3.65804909E+00 -5.12343333E+00
  3.82432360E+00 -5.12343333E+00
  3.99059811E+00 -5.12343333E+00
  4.15687262E+00 -5.12343333E+00
  4.15687262E+00 -4.99534691E+00
  4.15687262E+00 -4.86726049E+00
  4.15687262E+00 -4.73917407E+00
  4.15687262E+00 -4.61108765E+00
  4.15687262E+00 -4.48300123E+00
  4.15687262E+00 -4.35491481E+00
  4.15687262E+00 -4.22682840E+00
  4.15687262E+00 -4.09874198E+00
  4.15687262E+00 -3.97065556E+00
  4.15687262E+00 -3.84256914E+00
  4.15687262E+00 -3.71448272E+00
  4.15687262E+00 -3.58639630E+00
  4.15687262E+00 -3.45830988E+00
  4.15687262E+00 -3.33022346E+00
  4.15687262E+00 -3.20213704E+00
  4.15687262E+00 -3.07405062E+00
  4.15687262E+00 -2.94596420E+00
  4.15687262E+00 -2.81787778E+00
  4.15687262E+00 -2.68979136E+00
  4.15687262E+00 -2.56170494E+00
  4.15687262E+00 -2.43361852E+00
  4.15687262E+00 -2.30553210E+00
  4.15687262E+00 -2.17744568E+00
  4.15687262E+00 -2.04935926E+00
  4.15687262E+00 -1.92127284E+00
  4.15687262E+00 -1.79318642E+00
  4.15687262E+00 -1.66510000E+00
  4.15687262E+00 -1.53701358E+00
  4.15687262E+00 -1.40892716E+00
  4.15687262E+00 -1.28084074E+00
  4.15687262E+00 -1.15275432E+00
  4.15687262E+00 -1.02466790E+00
  4.15687262E+00 -8.96581481E-01
  4.15687262E+00 -7.68495062E-01
  4.15687262E+00 -6.40408642E-01
  4.15687262E+00 -5.12322222E-01
  4.15687262E+00 -3.84235802E-01
  4.15687262E+00 -2.56149383E-01
  4.15687262E+00 -1.28062963E-01
  4.15687262E+00  2.34567890E-05
  4.15687262E+00  1.28109877E-01
  4.15687262E+00  2.56196296E-01
  4.15687262E+00  3.84282716E-01
  4.15687262E+00  5.12369136E-01
  4.15687262E+00  6.40455556E-01
  4.15687262E+00  7.68541975E-01
  4.15687262E+00  8.96628395E-01
  4.15687262E+00  1.02471481E+00
  4.15687262E+00  1.15280123E+00
  4.15687262E+00  1.28088765E+00
  4.15687262E+00  1.40897407E+00
  4.15687262E+00  1.53706049E+00
  4.15687262E+00  1.66514691E+00
  4.15687262E+00  1.79323333E+00
  4.15687262E+00  1.92131975E+00
  4.15687262E+00  2.04940617E+00
  4.15687262E+00  2.17749259E+00
  4.15687262E+00  2.30557901E+00
  4.15687262E+00  2.43366543E+00
  4.15687262E+00  2.56175185E+00
  4.15687262E+00  2.68983827E+00
  4.15687262E+00  2.81792469E+00
  4.15687262E+00  2.94601111E+00
  4.15687262E+00  3.07409753E+00
  4.15687262E+00  3.20218395E+00
  4.15687262E+00  3.33027037E+00
  4.15687262E+00  3.45835679E+00
  4.15687262E+00  3.58644321E+00
  4.15687262E+00  3.71452963E+00
  4.15687262E+00  3.84261605E+00
  4.15687262E+00  3.97070247E+00
  4.15687262E+00  4.09878889E+00
  4.15687262E+00  4.22687531E+00
  4.15687262E+00  4.35496173E+00
  4.15687262E+00  4.48304815E+00
  4.15687262E+00  4.61113457E+00
  4.15687262E+00  4.73922099E+00
  4.15687262E+00  4.86730741E+00
  4.15687262E+00  4.99539383E+00
  4.15687262E+00  5.12348025E+00
  3.99059811E+00  5.12348025E+00
  3.82432360E+00  5.12348025E+00
  3.65804909E+00  5.12348025E+00
  3.49177458E+00  5.12348025E+00
  3.32550007E+00  5.12348025E+00
  3.15922556E+00  5.12348025E+00
  2.99295105E+00  5.12348025E+00
  2.82667654E+00  5.12348025E+00
  2.66040203E+00  5.12348025E+00
  2.49412752E+00  5.12348025E+00
  2.32785301E+00  5.12348025E+00
  2.16157850E+00  5.12348025E+00
  1.99530399E+00  5.12348025E+00
  1.82902948E+00  5.12348025E+00
  1.66275497E+00  5.12348025E+00
  1.49648046E+00  5.12348025E+00
  1.33020595E+00  5.12348025E+00
  1.16393145E+00  5.12348025E+00
  9.97656935E-01  5.12348025E+00
  8.31382426E-01  5.12348025E+00
  6.65107916E-01  5.12348025E+00
  4.98833406E-01  5.12348025E+00
  3.32558896E-01  5.12348025E+00
  1.66284386E-01  5.12348025E+00
  9.87654240E-06  5.12348025E+00
 -1.66264633E-01  5.12348025E+00
 -3.32539143E-01  5.12348025E+00
 -4.98813653E-01  5.12348025E+00
 -6.65088163E-01  5.12348025E+00
 -8.31362672E-01  5.12348025E+00
 -9.97637182E-01  5.12348025E+00
 -1.16391169E+00  5.12348025E+00
 -1.33018620E+00  5.12348025E+00
 -1.49646071E+00  5.12348025E+00
 -1.66273522E+00  5.12348025E+00
 -1.82900973E+00  5.12348025E+00
 -1.99528424E+00  5.12348025E+00
 -2.16155875E+00  5.12348025E+00
 -2.32783326E+00  5.12348025E+00
 -2.49410777E+00  5.12348025E+00
 -2.66038228E+00  5.12348025E+00
 -2.82665679E+00  5.12348025E+00
 -2.99293130E+00  5.12348025E+00
 -3.15920581E+00  5.12348025E+00
 -3.32548032E+00  5.12348025E+00
 -3.49175483E+00  5.12348025E+00
 -3.65802934E+00  5.12348025E+00
 -3.82430385E+00  5.12348025E+00
 -3.99057836E+00  5.12348025E+00
 -4.15685287E+00  4.99539383E+00
 -4.15685287E+00 -5.12343333E+00

h: x ny1,0  y2=[y1](acrilico),ic[white]
 -1.000000E+00 -1.000000E+00

hb:   line clip z   cb(white)
frame:
 -3.9999903E+00 -4.9999768E+00
  4.0000097E+00 -4.9999768E+00
  4.0000097E+00  5.0000232E+00
 -3.9999903E+00  5.0000232E+00
clip:
 -2.49410777E+00 -5.12343333E+00
 -2.37100000E+00 -5.12343333E+00
 -2.37100000E+00 -5.02859959E+00
 -2.37100000E+00 -4.99534691E+00
 -2.37100000E+00 -4.90051317E+00
 -2.37100000E+00 -4.86726049E+00
 -2.37100000E+00 -4.77242675E+00
 -2.37100000E+00 -4.73917407E+00
 -2.37100000E+00 -4.64434033E+00
 -2.37100000E+00 -4.61108765E+00
 -2.37100000E+00 -4.51625391E+00
 -2.37100000E+00 -4.48300123E+00
 -2.37100000E+00 -4.38816749E+00
 -2.37100000E+00 -4.35491481E+00
 -2.37100000E+00 -4.26008108E+00
 -2.37100000E+00 -4.22682840E+00
 -2.37100000E+00 -4.13199466E+00
 -2.37100000E+00 -4.09874198E+00
 -2.37100000E+00 -4.00390824E+00
 -2.37100000E+00 -3.97065556E+00
 -2.37100000E+00 -3.87582182E+00
 -2.37100000E+00 -3.84256914E+00
 -2.37100000E+00 -3.74773540E+00
 -2.37100000E+00 -3.71448272E+00
 -2.37100000E+00 -3.61964898E+00
 -2.37100000E+00 -3.58639630E+00
 -2.37100000E+00 -3.49156256E+00
 -2.37100000E+00 -3.45830988E+00
 -2.37100000E+00 -3.36347614E+00
 -2.37100000E+00 -3.33022346E+00
 -2.37100000E+00 -3.23538972E+00
 -2.37100000E+00 -3.20213704E+00
 -2.37100000E+00 -3.10730330E+00
 -2.37100000E+00 -3.07405062E+00
 -2.37100000E+00 -2.97921688E+00
 -2.37100000E+00 -2.94596420E+00
 -2.37100000E+00 -2.85113046E+00
 -2.37100000E+00 -2.81787778E+00
 -2.37100000E+00 -2.72304404E+00
 -2.37100000E+00 -2.68979136E+00
 -2.37100000E+00 -2.59495762E+00
 -2.37100000E+00 -2.56170494E+00
 -2.37100000E+00 -2.46687120E+00
 -2.37100000E+00 -2.43361852E+00
 -2.37100000E+00 -2.33878478E+00
 -2.37100000E+00 -2.30553210E+00
 -2.37100000E+00 -2.21069836E+00
 -2.37100000E+00 -2.17744568E+00
 -2.37100000E+00 -2.08261194E+00
 -2.37100000E+00 -2.04935926E+00
 -2.37100000E+00 -1.95452552E+00
 -2.37100000E+00 -1.92127284E+00
 -2.37100000E+00 -1.82643910E+00
 -2.32783326E+00 -1.71850000E+00
 -2.25851242E+00 -1.71850000E+00
 -2.16155875E+00 -1.71850000E+00
 -2.09223791E+00 -1.71850000E+00
 -1.99528424E+00 -1.71850000E+00
 -1.92596340E+00 -1.71850000E+00
 -1.82900973E+00 -1.71850000E+00
 -1.75968889E+00 -1.71850000E+00
 -1.66273522E+00 -1.71850000E+00
 -1.59341438E+00 -1.71850000E+00
 -1.48600000E+00 -1.67315821E+00
 -1.48600000E+00 -1.52895537E+00
 -1.49646071E+00 -1.46850000E+00
 -1.58540115E+00 -1.46850000E+00
 -1.66273522E+00 -1.46850000E+00
 -1.75167566E+00 -1.46850000E+00
 -1.82900973E+00 -1.46850000E+00
 -1.91795017E+00 -1.46850000E+00
 -1.99528424E+00 -1.46850000E+00
 -2.08422468E+00 -1.46850000E+00
 -2.16155875E+00 -1.46850000E+00
 -2.25049919E+00 -1.46850000E+00
 -2.32783326E+00 -1.46850000E+00
 -2.41677370E+00 -1.46850000E+00
 -2.49410777E+00 -1.46850000E+00
 -2.58304821E+00 -1.46850000E+00
 -2.62100000E+00 -1.53701358E+00
 -2.62100000E+00 -1.63476261E+00
 -2.62100000E+00 -1.66510000E+00
 -2.62100000E+00 -1.76284903E+00
 -2.62100000E+00 -1.79318642E+00
 -2.62100000E+00 -1.89093545E+00
 -2.62100000E+00 -1.92127284E+00
 -2.62100000E+00 -2.01902187E+00
 -2.62100000E+00 -2.04935926E+00
 -2.62100000E+00 -2.14710829E+00
 -2.62100000E+00 -2.17744568E+00
 -2.62100000E+00 -2.27519470E+00
 -2.62100000E+00 -2.30553210E+00
 -2.62100000E+00 -2.40328112E+00
 -2.62100000E+00 -2.43361852E+00
 -2.62100000E+00 -2.53136754E+00
 -2.62100000E+00 -2.56170494E+00
 -2.62100000E+00 -2.65945396E+00
 -2.62100000E+00 -2.68979136E+00
 -2.62100000E+00 -2.78754038E+00
 -2.62100000E+00 -2.81787778E+00
 -2.62100000E+00 -2.91562680E+00
 -2.62100000E+00 -2.94596420E+00
 -2.62100000E+00 -3.04371322E+00
 -2.62100000E+00 -3.07405062E+00
 -2.62100000E+00 -3.17179964E+00
 -2.62100000E+00 -3.20213704E+00
 -2.62100000E+00 -3.29988606E+00
 -2.62100000E+00 -3.33022346E+00
 -2.62100000E+00 -3.42797248E+00
 -2.62100000E+00 -3.45830988E+00
 -2.62100000E+00 -3.55605890E+00
 -2.62100000E+00 -3.58639630E+00
 -2.62100000E+00 -3.68414532E+00
 -2.62100000E+00 -3.71448272E+00
 -2.62100000E+00 -3.81223174E+00
 -2.62100000E+00 -3.84256914E+00
 -2.62100000E+00 -3.94031816E+00
 -2.62100000E+00 -3.97065556E+00
 -2.62100000E+00 -4.06840458E+00
 -2.62100000E+00 -4.09874198E+00
 -2.62100000E+00 -4.19649100E+00
 -2.62100000E+00 -4.22682840E+00
 -2.62100000E+00 -4.32457742E+00
 -2.62100000E+00 -4.35491481E+00
 -2.62100000E+00 -4.45266384E+00
 -2.62100000E+00 -4.48300123E+00
 -2.62100000E+00 -4.58075026E+00
 -2.62100000E+00 -4.61108765E+00
 -2.62100000E+00 -4.70883668E+00
 -2.62100000E+00 -4.73917407E+00
 -2.62100000E+00 -4.83692310E+00
 -2.62100000E+00 -4.86726049E+00
 -2.62100000E+00 -4.96500952E+00
 -2.62100000E+00 -4.99534691E+00
 -2.62100000E+00 -5.09309594E+00
 -2.62100000E+00 -5.12343333E+00

hb:   line clip z   cb(cyan)
frame:
 -3.9999903E+00 -4.9999768E+00
  4.0000097E+00 -4.9999768E+00
  4.0000097E+00  5.0000232E+00
 -3.9999903E+00  5.0000232E+00
clip:
 -2.32783326E+00 -5.12343333E+00
 -1.82246271E+00 -5.12343333E+00
 -1.77599276E+00 -4.82641988E+00
 -1.71355246E+00 -4.48300123E+00
 -1.65979801E+00 -4.22456577E+00
 -1.60070052E+00 -3.97065556E+00
 -1.53402556E+00 -3.71448272E+00
 -1.46641157E+00 -3.48145766E+00
 -1.41851799E+00 -3.33022346E+00
 -1.37519579E+00 -3.20213704E+00
 -1.32863636E+00 -3.07285673E+00
 -1.25719325E+00 -2.88973546E+00
 -1.17418199E+00 -2.69770289E+00
 -1.12438061E+00 -2.59215696E+00
 -1.07423096E+00 -2.49262108E+00
 -9.97637182E-01 -2.35278703E+00
 -9.69869706E-01 -2.30553210E+00
 -8.88818439E-01 -2.17744568E+00
 -8.09815950E-01 -2.06595737E+00
 -7.42837725E-01 -1.98116574E+00
 -6.65088163E-01 -1.89336775E+00
 -5.61395637E-01 -1.79318642E+00
 -5.68134498E-01 -1.71850000E+00
 -6.65088163E-01 -1.71850000E+00
 -7.62041828E-01 -1.71850000E+00
 -8.31362672E-01 -1.71850000E+00
 -9.28316337E-01 -1.71850000E+00
 -9.97637182E-01 -1.71850000E+00
 -1.09459085E+00 -1.71850000E+00
 -1.16391169E+00 -1.71850000E+00
 -1.26086536E+00 -1.71850000E+00
 -1.33018620E+00 -1.71850000E+00
 -1.42713987E+00 -1.71850000E+00
 -1.49646071E+00 -1.71850000E+00
 -1.59341438E+00 -1.71850000E+00
 -1.66273522E+00 -1.71850000E+00
 -1.75968889E+00 -1.71850000E+00
 -1.82900973E+00 -1.71850000E+00
 -1.92596340E+00 -1.71850000E+00
 -1.99528424E+00 -1.71850000E+00
 -2.09223791E+00 -1.71850000E+00
 -2.16155875E+00 -1.71850000E+00
 -2.25851242E+00 -1.71850000E+00
 -2.32783326E+00 -1.71850000E+00
 -2.37100000E+00 -1.75993374E+00
 -2.37100000E+00 -1.79318642E+00
 -2.37100000E+00 -1.82643910E+00
 -2.37100000E+00 -1.92127284E+00
 -2.37100000E+00 -1.95452552E+00
 -2.37100000E+00 -2.04935926E+00
 -2.37100000E+00 -2.08261194E+00
 -2.37100000E+00 -2.17744568E+00
 -2.37100000E+00 -2.21069836E+00
 -2.37100000E+00 -2.30553210E+00
 -2.37100000E+00 -2.33878478E+00
 -2.37100000E+00 -2.43361852E+00
 -2.37100000E+00 -2.46687120E+00
 -2.37100000E+00 -2.56170494E+00
 -2.37100000E+00 -2.59495762E+00
 -2.37100000E+00 -2.68979136E+00
 -2.37100000E+00 -2.72304404E+00
 -2.37100000E+00 -2.81787778E+00
 -2.37100000E+00 -2.85113046E+00
 -2.37100000E+00 -2.94596420E+00
 -2.37100000E+00 -2.97921688E+00
 -2.37100000E+00 -3.07405062E+00
 -2.37100000E+00 -3.10730330E+00
 -2.37100000E+00 -3.20213704E+00
 -2.37100000E+00 -3.23538972E+00
 -2.37100000E+00 -3.33022346E+00
 -2.37100000E+00 -3.36347614E+00
 -2.37100000E+00 -3.45830988E+00
 -2.37100000E+00 -3.49156256E+00
 -2.37100000E+00 -3.58639630E+00
 -2.37100000E+00 -3.61964898E+00
 -2.37100000E+00 -3.71448272E+00
 -2.37100000E+00 -3.74773540E+00
 -2.37100000E+00 -3.84256914E+00
 -2.37100000E+00 -3.87582182E+00
 -2.37100000E+00 -3.97065556E+00
 -2.37100000E+00 -4.00390824E+00
 -2.37100000E+00 -4.09874198E+00
 -2.37100000E+00 -4.13199466E+00
 -2.37100000E+00 -4.22682840E+00
 -2.37100000E+00 -4.26008108E+00
 -2.37100000E+00 -4.35491481E+00
 -2.37100000E+00 -4.38816749E+00
 -2.37100000E+00 -4.48300123E+00
 -2.37100000E+00 -4.51625391E+00
 -2.37100000E+00 -4.61108765E+00
 -2.37100000E+00 -4.64434033E+00
 -2.37100000E+00 -4.73917407E+00
 -2.37100000E+00 -4.77242675E+00
 -2.37100000E+00 -4.86726049E+00
 -2.37100000E+00 -4.90051317E+00
 -2.37100000E+00 -4.99534691E+00
 -2.37100000E+00 -5.02859959E+00
 -2.37100000E+00 -5.12343333E+00

h: x ny1,0  y2=[y1](skin),ic[brown]
 -1.000000E+00 -1.000000E+00

hb:   line clip z   cb(brown)
frame:
 -3.9999903E+00 -4.9999768E+00
  4.0000097E+00 -4.9999768E+00
  4.0000097E+00  5.0000232E+00
 -3.9999903E+00  5.0000232E+00
clip:
 -1.66273522E+00 -5.12343333E+00
  1.81046271E+00 -5.12343333E+00
  1.79524368E+00 -5.02137317E+00
  1.79123902E+00 -4.99534691E+00
  1.77728304E+00 -4.90712238E+00
  1.77078182E+00 -4.86726049E+00
  1.75843441E+00 -4.79355565E+00
  1.74904797E+00 -4.73917407E+00
  1.73868553E+00 -4.68068241E+00
  1.72598940E+00 -4.61108765E+00
  1.71802261E+00 -4.56851328E+00
  1.70155246E+00 -4.48300123E+00
  1.69643020E+00 -4.45706016E+00
  1.67567705E+00 -4.35491481E+00
  1.67389106E+00 -4.34633635E+00
  1.66275497E+00 -4.29356716E+00
  1.64829568E+00 -4.22682840E+00
  1.62589382E+00 -4.12713727E+00
  1.61933224E+00 -4.09874198E+00
  1.60039092E+00 -4.01869652E+00
  1.58870052E+00 -3.97065556E+00
  1.57385125E+00 -3.91105444E+00
  1.55630242E+00 -3.84256914E+00
  1.54624597E+00 -3.80423322E+00
  1.52202556E+00 -3.71448272E+00
  1.51754316E+00 -3.69825747E+00
  1.49648046E+00 -3.62354903E+00
  1.48574045E+00 -3.58639630E+00
  1.45669965E+00 -3.48895428E+00
  1.44729667E+00 -3.45830988E+00
  1.42447616E+00 -3.38569061E+00
  1.40651799E+00 -3.33022346E+00
  1.39098847E+00 -3.28340079E+00
  1.36319579E+00 -3.20213704E+00
  1.35618244E+00 -3.18212655E+00
  1.33020595E+00 -3.10968306E+00
  1.31708025E+00 -3.07405062E+00
  1.28236512E+00 -2.98281748E+00
  1.26786804E+00 -2.94596420E+00
  1.24320869E+00 -2.88489448E+00
  1.21518483E+00 -2.81787778E+00
  1.20244077E+00 -2.78821285E+00
  1.16393145E+00 -2.70153735E+00
  1.15855966E+00 -2.68979136E+00
  1.11565747E+00 -2.59889188E+00
  1.09738580E+00 -2.56170494E+00
  1.06939565E+00 -2.50644238E+00
  1.03085844E+00 -2.43361852E+00
  1.02102235E+00 -2.41561942E+00
  9.97656935E-01 -2.37379723E+00
  9.57869706E-01 -2.30553210E+00
  9.17182109E-01 -2.23943794E+00
  8.76818439E-01 -2.17744568E+00
  8.61239991E-01 -2.15444547E+00
  8.31382426E-01 -2.11177060E+00
  7.85230798E-01 -2.04935926E+00
  7.39704714E-01 -1.99189503E+00
  6.78892800E-01 -1.92127284E+00
  6.73214392E-01 -1.91502817E+00
  6.65107916E-01 -1.90621528E+00
  5.49395637E-01 -1.79318642E+00
  5.25438373E-01 -1.77269179E+00
  4.98833406E-01 -1.75107061E+00
  3.73742903E-01 -1.66510000E+00
  3.50016138E-01 -1.65165214E+00
  3.32558896E-01 -1.64232974E+00
  2.58688991E-01 -1.60819572E+00
  1.66284386E-01 -1.57772454E+00
  7.57997757E-02 -1.59539689E+00
  9.87654240E-06 -1.60000000E+00
 -9.36219245E-02 -1.59297252E+00
 -1.66264633E-01 -1.57772987E+00
 -2.50378880E-01 -1.60030418E+00
 -3.32539143E-01 -1.63619153E+00
 -3.54962044E-01 -1.64782694E+00
 -3.85742903E-01 -1.66510000E+00
 -4.98813653E-01 -1.74169188E+00
 -5.31653368E-01 -1.76788897E+00
 -5.61395637E-01 -1.79318642E+00
 -6.65088163E-01 -1.89336775E+00
 -6.80237198E-01 -1.90960307E+00
 -6.90892800E-01 -1.92127284E+00
 -7.42837725E-01 -1.98116574E+00
 -7.97230798E-01 -2.04935926E+00
 -8.31362672E-01 -2.09510516E+00
 -8.69080664E-01 -2.14839034E+00
 -8.88818439E-01 -2.17744568E+00
 -9.45341518E-01 -2.26524712E+00
 -9.69869706E-01 -2.30553210E+00
 -9.97637182E-01 -2.35278703E+00
 -1.02943902E+00 -2.40912058E+00
 -1.04285844E+00 -2.43361852E+00
 -1.07423096E+00 -2.49262108E+00
 -1.10938580E+00 -2.56170494E+00
 -1.16391169E+00 -2.67536896E+00
 -1.16882178E+00 -2.68600897E+00
 -1.17055966E+00 -2.68979136E+00
 -1.17418199E+00 -2.69770289E+00
 -1.22718483E+00 -2.81787778E+00
 -1.25719325E+00 -2.88973546E+00
 -1.27986804E+00 -2.94596420E+00
 -1.32863636E+00 -3.07285673E+00
 -1.33018620E+00 -3.07702835E+00
 -1.36561368E+00 -3.17484615E+00
 -1.37519579E+00 -3.20213704E+00
 -1.39147518E+00 -3.24934984E+00
 -1.41851799E+00 -3.33022346E+00
 -1.44755319E+00 -3.42063489E+00
 -1.45929667E+00 -3.45830988E+00
 -1.49646071E+00 -3.58201048E+00
 -1.49750574E+00 -3.58559128E+00
 -1.49811090E+00 -3.58766749E+00
 -1.53402556E+00 -3.71448272E+00
 -1.54403107E+00 -3.75112764E+00
 -1.56830242E+00 -3.84256914E+00
 -1.58596874E+00 -3.91151995E+00
 -1.60070052E+00 -3.97065556E+00
 -1.62442604E+00 -4.06923122E+00
 -1.63133224E+00 -4.09874198E+00
 -1.65979801E+00 -4.22456577E+00
 -1.66029568E+00 -4.22682840E+00
 -1.66273522E+00 -4.23795222E+00
 -1.68422454E+00 -4.33836093E+00
 -1.68767705E+00 -4.35491481E+00
 -1.69240209E+00 -4.37776813E+00
 -1.71355246E+00 -4.48300123E+00
 -1.72249794E+00 -4.52903832E+00
 -1.73798940E+00 -4.61108765E+00
 -1.75030110E+00 -4.67854237E+00
 -1.76104797E+00 -4.73917407E+00
 -1.77599276E+00 -4.82641988E+00
 -1.78278182E+00 -4.86726049E+00
 -1.79972694E+00 -4.97278947E+00
 -1.80323902E+00 -4.99534691E+00
 -1.82163576E+00 -5.11775294E+00
 -1.82246271E+00 -5.12343333E+00

hb:   line clip z   cb(cyan)
frame:
 -3.9999903E+00 -4.9999768E+00
  4.0000097E+00 -4.9999768E+00
  4.0000097E+00  5.0000232E+00
 -3.9999903E+00  5.0000232E+00
clip:
  1.82902948E+00 -5.12343333E+00
  2.35900000E+00 -5.12343333E+00
  2.35900000E+00 -5.09943984E+00
  2.35900000E+00 -4.99534691E+00
  2.35900000E+00 -4.97135342E+00
  2.35900000E+00 -4.86726049E+00
  2.35900000E+00 -4.84326700E+00
  2.35900000E+00 -4.73917407E+00
  2.35900000E+00 -4.71518058E+00
  2.35900000E+00 -4.61108765E+00
  2.35900000E+00 -4.58709416E+00
  2.35900000E+00 -4.48300123E+00
  2.35900000E+00 -4.45900774E+00
  2.35900000E+00 -4.35491481E+00
  2.35900000E+00 -4.33092132E+00
  2.35900000E+00 -4.22682840E+00
  2.35900000E+00 -4.20283490E+00
  2.35900000E+00 -4.09874198E+00
  2.35900000E+00 -4.07474848E+00
  2.35900000E+00 -3.97065556E+00
  2.35900000E+00 -3.94666206E+00
  2.35900000E+00 -3.84256914E+00
  2.35900000E+00 -3.81857564E+00
  2.35900000E+00 -3.71448272E+00
  2.35900000E+00 -3.69048923E+00
  2.35900000E+00 -3.58639630E+00
  2.35900000E+00 -3.56240281E+00
  2.35900000E+00 -3.45830988E+00
  2.35900000E+00 -3.43431639E+00
  2.35900000E+00 -3.33022346E+00
  2.35900000E+00 -3.30622997E+00
  2.35900000E+00 -3.20213704E+00
  2.35900000E+00 -3.17814355E+00
  2.35900000E+00 -3.07405062E+00
  2.35900000E+00 -3.05005713E+00
  2.35900000E+00 -2.94596420E+00
  2.35900000E+00 -2.92197071E+00
  2.35900000E+00 -2.81787778E+00
  2.35900000E+00 -2.79388429E+00
  2.35900000E+00 -2.68979136E+00
  2.35900000E+00 -2.66579787E+00
  2.35900000E+00 -2.56170494E+00
  2.35900000E+00 -2.53771145E+00
  2.35900000E+00 -2.43361852E+00
  2.35900000E+00 -2.40962503E+00
  2.35900000E+00 -2.30553210E+00
  2.35900000E+00 -2.28153861E+00
  2.35900000E+00 -2.17744568E+00
  2.35900000E+00 -2.15345219E+00
  2.35900000E+00 -2.04935926E+00
  2.35900000E+00 -2.02536577E+00
  2.35900000E+00 -1.92127284E+00
  2.35900000E+00 -1.89727935E+00
  2.35900000E+00 -1.79318642E+00
  2.35900000E+00 -1.76919293E+00
  2.32785301E+00 -1.71850000E+00
  2.23089935E+00 -1.71850000E+00
  2.16157850E+00 -1.71850000E+00
  2.06462484E+00 -1.71850000E+00
  1.99530399E+00 -1.71850000E+00
  1.89835033E+00 -1.71850000E+00
  1.82902948E+00 -1.71850000E+00
  1.73207582E+00 -1.71850000E+00
  1.66275497E+00 -1.71850000E+00
  1.56580131E+00 -1.71850000E+00
  1.49648046E+00 -1.71850000E+00
  1.39952680E+00 -1.71850000E+00
  1.33020595E+00 -1.71850000E+00
  1.23325229E+00 -1.71850000E+00
  1.16393145E+00 -1.71850000E+00
  1.06697778E+00 -1.71850000E+00
  9.97656935E-01 -1.71850000E+00
  9.00703270E-01 -1.71850000E+00
  8.31382426E-01 -1.71850000E+00
  7.34428761E-01 -1.71850000E+00
  6.65107916E-01 -1.71850000E+00
  5.68154251E-01 -1.71850000E+00
  6.02086533E-01 -1.84173375E+00
  6.78892800E-01 -1.92127284E+00
  7.85230798E-01 -2.04935926E+00
  8.31382426E-01 -2.11177060E+00
  8.76818439E-01 -2.17744568E+00
  9.57869706E-01 -2.30553210E+00
  9.97656935E-01 -2.37379723E+00
  1.06939565E+00 -2.50644238E+00
  1.11565747E+00 -2.59889188E+00
  1.16393145E+00 -2.70153735E+00
  1.21518483E+00 -2.81787778E+00
  1.26786804E+00 -2.94596420E+00
  1.33020595E+00 -3.10968306E+00
  1.39098847E+00 -3.28340079E+00
  1.45669965E+00 -3.48895428E+00
  1.52202556E+00 -3.71448272E+00
  1.58870052E+00 -3.97065556E+00
  1.65038602E+00 -4.23635659E+00
  1.70155246E+00 -4.48300123E+00
  1.75843441E+00 -4.79355565E+00
  1.81046271E+00 -5.12343333E+00

hb:   line clip z   cb(white)
frame:
 -3.9999903E+00 -4.9999768E+00
  4.0000097E+00 -4.9999768E+00
  4.0000097E+00  5.0000232E+00
 -3.9999903E+00  5.0000232E+00
clip:
  2.49412752E+00 -5.12343333E+00
  2.60900000E+00 -5.12343333E+00
  2.60900000E+00 -5.03494350E+00
  2.60900000E+00 -4.99534691E+00
  2.60900000E+00 -4.90685708E+00
  2.60900000E+00 -4.86726049E+00
  2.60900000E+00 -4.77877066E+00
  2.60900000E+00 -4.73917407E+00
  2.60900000E+00 -4.65068424E+00
  2.60900000E+00 -4.61108765E+00
  2.60900000E+00 -4.52259782E+00
  2.60900000E+00 -4.48300123E+00
  2.60900000E+00 -4.39451140E+00
  2.60900000E+00 -4.35491481E+00
  2.60900000E+00 -4.26642498E+00
  2.60900000E+00 -4.22682840E+00
  2.60900000E+00 -4.13833856E+00
  2.60900000E+00 -4.09874198E+00
  2.60900000E+00 -4.01025214E+00
  2.60900000E+00 -3.97065556E+00
  2.60900000E+00 -3.88216572E+00
  2.60900000E+00 -3.84256914E+00
  2.60900000E+00 -3.75407930E+00
  2.60900000E+00 -3.71448272E+00
  2.60900000E+00 -3.62599288E+00
  2.60900000E+00 -3.58639630E+00
  2.60900000E+00 -3.49790646E+00
  2.60900000E+00 -3.45830988E+00
  2.60900000E+00 -3.36982004E+00
  2.60900000E+00 -3.33022346E+00
  2.60900000E+00 -3.24173362E+00
  2.60900000E+00 -3.20213704E+00
  2.60900000E+00 -3.11364720E+00
  2.60900000E+00 -3.07405062E+00
  2.60900000E+00 -2.98556078E+00
  2.60900000E+00 -2.94596420E+00
  2.60900000E+00 -2.85747436E+00
  2.60900000E+00 -2.81787778E+00
  2.60900000E+00 -2.72938794E+00
  2.60900000E+00 -2.68979136E+00
  2.60900000E+00 -2.60130152E+00
  2.60900000E+00 -2.56170494E+00
  2.60900000E+00 -2.47321510E+00
  2.60900000E+00 -2.43361852E+00
  2.60900000E+00 -2.34512868E+00
  2.60900000E+00 -2.30553210E+00
  2.60900000E+00 -2.21704226E+00
  2.60900000E+00 -2.17744568E+00
  2.60900000E+00 -2.08895584E+00
  2.60900000E+00 -2.04935926E+00
  2.60900000E+00 -1.96086942E+00
  2.60900000E+00 -1.92127284E+00
  2.60900000E+00 -1.83278300E+00
  2.60900000E+00 -1.79318642E+00
  2.60900000E+00 -1.70469658E+00
  2.60900000E+00 -1.66510000E+00
  2.60900000E+00 -1.57661016E+00
  2.60900000E+00 -1.53701358E+00
  2.58306796E+00 -1.46850000E+00
  2.49412752E+00 -1.46850000E+00
  2.40518709E+00 -1.46850000E+00
  2.32785301E+00 -1.46850000E+00
  2.23891258E+00 -1.46850000E+00
  2.16157850E+00 -1.46850000E+00
  2.07263807E+00 -1.46850000E+00
  1.99530399E+00 -1.46850000E+00
  1.90636356E+00 -1.46850000E+00
  1.82902948E+00 -1.46850000E+00
  1.74008905E+00 -1.46850000E+00
  1.66275497E+00 -1.46850000E+00
  1.57381454E+00 -1.46850000E+00
  1.49648046E+00 -1.46850000E+00
  1.48600000E+00 -1.52894015E+00
  1.48600000E+00 -1.53701358E+00
  1.48600000E+00 -1.54508701E+00
  1.48600000E+00 -1.66510000E+00
  1.49648046E+00 -1.71850000E+00
  1.56580131E+00 -1.71850000E+00
  1.66275497E+00 -1.71850000E+00
  1.73207582E+00 -1.71850000E+00
  1.82902948E+00 -1.71850000E+00
  1.89835033E+00 -1.71850000E+00
  1.99530399E+00 -1.71850000E+00
  2.06462484E+00 -1.71850000E+00
  2.16157850E+00 -1.71850000E+00
  2.23089935E+00 -1.71850000E+00
  2.32785301E+00 -1.71850000E+00
  2.35900000E+00 -1.79318642E+00
  2.35900000E+00 -1.89727935E+00
  2.35900000E+00 -5.12343333E+00

hb:   line clip z   cb(cyan)
clip:
 -1.39950705E+00 -1.71850000E+00
 -4.98813653E-01 -1.71850000E+00
 -3.85742903E-01 -1.66510000E+00
 -2.50378880E-01 -1.60030418E+00
 -2.77818830E-01 -1.53701358E+00
 -3.11181250E-01 -1.52056093E+00
 -3.32539143E-01 -1.50894313E+00
 -4.21479579E-01 -1.46850000E+00
 -4.98813653E-01 -1.46850000E+00
 -5.87754088E-01 -1.46850000E+00
 -6.65088163E-01 -1.46850000E+00
 -7.54028598E-01 -1.46850000E+00
 -8.31362672E-01 -1.46850000E+00
 -9.20303108E-01 -1.46850000E+00
 -9.97637182E-01 -1.46850000E+00
 -1.08657762E+00 -1.46850000E+00
 -1.16391169E+00 -1.46850000E+00
 -1.25285213E+00 -1.46850000E+00
 -1.33018620E+00 -1.46850000E+00
 -1.41912664E+00 -1.46850000E+00
 -1.48600000E+00 -1.53701358E+00
 -1.48600000E+00 -1.65704179E+00
 -1.48600000E+00 -1.66510000E+00

hb:   line clip z   cb(cyan)
clip:
  4.42029402E-01 -1.70885789E+00
  4.98833406E-01 -1.71850000E+00
  5.68154251E-01 -1.71850000E+00
  6.65107916E-01 -1.71850000E+00
  7.34428761E-01 -1.71850000E+00
  8.31382426E-01 -1.71850000E+00
  9.00703270E-01 -1.71850000E+00
  9.97656935E-01 -1.71850000E+00
  1.06697778E+00 -1.71850000E+00
  1.16393145E+00 -1.71850000E+00
  1.23325229E+00 -1.71850000E+00
  1.33020595E+00 -1.71850000E+00
  1.39952680E+00 -1.71850000E+00
  1.48600000E+00 -1.66510000E+00
  1.48600000E+00 -1.54508701E+00
  1.48600000E+00 -1.53701358E+00
  1.41914639E+00 -1.46850000E+00
  1.33020595E+00 -1.46850000E+00
  1.24126552E+00 -1.46850000E+00
  1.16393145E+00 -1.46850000E+00
  1.07499101E+00 -1.46850000E+00
  9.97656935E-01 -1.46850000E+00
  9.08716500E-01 -1.46850000E+00
  8.31382426E-01 -1.46850000E+00
  7.42441990E-01 -1.46850000E+00
  6.65107916E-01 -1.46850000E+00
  5.76167480E-01 -1.46850000E+00
  4.98833406E-01 -1.46850000E+00
  4.09892970E-01 -1.46850000E+00
  3.32558896E-01 -1.50893198E+00
  3.11193007E-01 -1.52055477E+00
  2.77818830E-01 -1.53701358E+00
  2.46434731E-01 -1.60335770E+00
  3.32558896E-01 -1.64232974E+00
  3.73742903E-01 -1.66510000E+00

h: x ny1,0  y2=[y1](pouch),ic[pink]
 -1.000000E+00 -1.000000E+00

hb:   line clip z   cb(pink)
clip:
 -2.04245587E-01 -1.56627149E+00
 -1.66264633E-01 -1.57772987E+00
 -9.36219245E-02 -1.59297252E+00
  9.87654240E-06 -1.60000000E+00
  7.57997757E-02 -1.59539689E+00
  1.66284386E-01 -1.57772454E+00
  2.04259367E-01 -1.56626689E+00
  2.77818830E-01 -1.53701358E+00
  3.32558896E-01 -1.50893198E+00
  4.03765638E-01 -1.46377993E+00
  4.73898499E-01 -1.40892716E+00
  4.98833406E-01 -1.38671662E+00
  5.58718334E-01 -1.32697196E+00
  5.99298743E-01 -1.28084074E+00
  6.65107916E-01 -1.19479561E+00
  6.83939982E-01 -1.16726125E+00
  6.93484599E-01 -1.15275432E+00
  7.19875483E-01 -1.11056516E+00
  7.68027021E-01 -1.02466790E+00
  8.26725464E-01 -9.00168884E-01
  8.31382426E-01 -8.89121112E-01
  8.67382563E-01 -7.96227086E-01
  8.77099121E-01 -7.68495062E-01
  8.92609127E-01 -7.21330232E-01
  9.16403630E-01 -6.40408642E-01
  9.36965583E-01 -5.59074656E-01
  9.47349498E-01 -5.12322222E-01
  9.66960458E-01 -4.07882253E-01
  9.70736441E-01 -3.84235802E-01
  9.86190673E-01 -2.64982200E-01
  9.96756811E-01 -1.28756356E-01
  9.99999380E-01 -1.78100144E-03
  9.99999347E-01  1.82788956E-03
  9.97656935E-01  1.09464317E-01
  9.96789350E-01  1.28109877E-01
  9.87851358E-01  2.48642755E-01
  9.87097121E-01  2.56196296E-01
  9.73529715E-01  3.65696769E-01
  9.70729187E-01  3.84282716E-01
  9.54162232E-01  4.78863815E-01
  9.47339587E-01  5.12369136E-01
  9.29949752E-01  5.88298609E-01
  9.16390823E-01  6.40455556E-01
  9.01006450E-01  6.94089104E-01
  8.77083063E-01  7.68541975E-01
  8.67369382E-01  7.96263845E-01
  8.31382426E-01  8.89121112E-01
  8.28227003E-01  8.96628395E-01
  7.85788528E-01  9.89592419E-01
  7.68002571E-01  1.02471481E+00
  7.37529681E-01  1.08050355E+00
  6.93454136E-01  1.15280123E+00
  6.83919318E-01  1.16729224E+00
  6.65107916E-01  1.19479561E+00
  5.99259575E-01  1.28088765E+00
  5.58692951E-01  1.32699932E+00
  4.98833406E-01  1.38671662E+00
  4.73844012E-01  1.40897407E+00
  4.03733864E-01  1.46380236E+00
  3.32558896E-01  1.50893198E+00
  2.77717425E-01  1.53706049E+00
  2.04216879E-01  1.56628107E+00
  1.66284386E-01  1.57772454E+00
  9.37221675E-02  1.59295742E+00
  9.87654240E-06  1.60000000E+00
 -7.57301158E-02  1.59540536E+00
 -1.66264633E-01  1.57772987E+00
 -2.04203097E-01  1.56628567E+00
 -2.77717425E-01  1.53706049E+00
 -3.32539143E-01  1.50894313E+00
 -4.03723557E-01  1.46380964E+00
 -4.73844012E-01  1.40897407E+00
 -4.98813653E-01  1.38673481E+00
 -5.58684717E-01  1.32700820E+00
 -5.99259575E-01  1.28088765E+00
 -6.65088163E-01  1.19482375E+00
 -6.83912615E-01  1.16730230E+00
 -6.93454136E-01  1.15280123E+00
 -7.19839827E-01  1.11062433E+00
 -7.68002571E-01  1.02471481E+00
 -8.26705411E-01  9.00216028E-01
 -8.28227003E-01  8.96628395E-01
 -8.31362672E-01  8.89168394E-01
 -8.67365106E-01  7.96275768E-01
 -8.77083063E-01  7.68541975E-01
 -8.92595906E-01  7.21372114E-01
 -9.16390823E-01  6.40455556E-01
 -9.36956578E-01  5.59113290E-01
 -9.47339587E-01  5.12369136E-01
 -9.66954475E-01  4.07918558E-01
 -9.70729187E-01  3.84282716E-01
 -9.86187054E-01  2.65016686E-01
 -9.87097121E-01  2.56196296E-01
 -9.96755147E-01  1.28789336E-01
 -9.97637182E-01  1.09924222E-01
 -9.99999337E-01  1.84309757E-03
 -1.00000000E+00  2.34567890E-05
 -9.99999370E-01 -1.79620967E-03
 -9.97637182E-01 -1.09924222E-01
 -9.96791704E-01 -1.28062963E-01
 -9.87854255E-01 -2.48613290E-01
 -9.87101877E-01 -2.56149383E-01
 -9.73533894E-01 -3.65668291E-01
 -9.70736441E-01 -3.84235802E-01
 -9.54167631E-01 -4.78836276E-01
 -9.47349498E-01 -5.12322222E-01
 -9.29956332E-01 -5.88271981E-01
 -9.16403630E-01 -6.40408642E-01
 -9.01014193E-01 -6.94063372E-01
 -8.77099121E-01 -7.68495062E-01
 -8.67378288E-01 -7.96239009E-01
 -8.31362672E-01 -8.89168394E-01
 -8.28246842E-01 -8.96581481E-01
 -7.85799836E-01 -9.89569433E-01
 -7.68027021E-01 -1.02466790E+00
 -7.37542270E-01 -1.08048155E+00
 -6.93484599E-01 -1.15275432E+00
 -6.83933280E-01 -1.16727130E+00
 -6.65088163E-01 -1.19482375E+00
 -5.99298743E-01 -1.28084074E+00
 -5.58710101E-01 -1.32698084E+00
 -4.98813653E-01 -1.38673481E+00
 -4.73898499E-01 -1.40892716E+00
 -4.03755332E-01 -1.46378720E+00
 -3.32539143E-01 -1.50894313E+00
 -2.77818830E-01 -1.53701358E+00

hb:   line clip z   cb(white)
clip:
 -1.57379479E+00 -1.46850000E+00
 -1.49646071E+00 -1.46850000E+00
 -1.48600000E+00 -1.41698537E+00
 -1.48600000E+00 -1.40892716E+00
 -1.48600000E+00 -1.40086895E+00
 -1.48600000E+00 -1.28084074E+00
 -1.48600000E+00 -1.27278253E+00
 -1.48600000E+00 -1.15275432E+00
 -1.48600000E+00 -1.14469611E+00
 -1.48600000E+00 -1.02466790E+00
 -1.48600000E+00 -1.01660969E+00
 -1.48600000E+00 -8.96581481E-01
 -1.48600000E+00 -8.88523270E-01
 -1.48600000E+00 -7.68495062E-01
 -1.48600000E+00 -7.60436851E-01
 -1.48600000E+00 -6.40408642E-01
 -1.48600000E+00 -6.32350431E-01
 -1.48600000E+00 -5.12322222E-01
 -1.48600000E+00 -5.04264011E-01
 -1.48600000E+00 -3.84235802E-01
 -1.48600000E+00 -3.76177591E-01
 -1.48600000E+00 -2.56149383E-01
 -1.48600000E+00 -2.48091172E-01
 -1.48600000E+00 -1.28062963E-01
 -1.48600000E+00 -1.20004752E-01
 -1.48600000E+00  2.34567890E-05
 -1.48600000E+00  8.08166794E-03
 -1.48600000E+00  1.28109877E-01
 -1.48600000E+00  1.36168088E-01
 -1.48600000E+00  2.56196296E-01
 -1.48600000E+00  2.64254507E-01
 -1.48600000E+00  3.84282716E-01
 -1.48600000E+00  3.92340927E-01
 -1.48600000E+00  5.12369136E-01
 -1.48600000E+00  5.20427347E-01
 -1.48600000E+00  6.40455556E-01
 -1.48600000E+00  6.48513767E-01
 -1.48600000E+00  7.68541975E-01
 -1.48600000E+00  7.76600186E-01
 -1.48600000E+00  8.96628395E-01
 -1.48600000E+00  9.04686606E-01
 -1.48600000E+00  1.02471481E+00
 -1.48600000E+00  1.03277303E+00
 -1.48600000E+00  1.15280123E+00
 -1.48600000E+00  1.16085945E+00
 -1.48600000E+00  1.28088765E+00
 -1.48600000E+00  1.28894587E+00
 -1.48600000E+00  1.40897407E+00
 -1.48600000E+00  1.41703229E+00
 -1.48600000E+00  1.53706049E+00
 -1.48600000E+00  1.54511870E+00
 -1.48600000E+00  1.66514691E+00
 -1.48600000E+00  1.67320512E+00
 -1.48600000E+00  1.79323333E+00
 -1.48600000E+00  1.80129154E+00
 -1.48600000E+00  1.92131975E+00
 -1.48600000E+00  1.92937796E+00
 -1.48600000E+00  2.04940617E+00
 -1.48600000E+00  2.05746438E+00
 -1.48600000E+00  2.17749259E+00
 -1.48600000E+00  2.18555080E+00
 -1.48600000E+00  2.30557901E+00
 -1.48600000E+00  2.31363722E+00
 -1.48600000E+00  2.43366543E+00
 -1.48600000E+00  2.44172364E+00
 -1.48600000E+00  2.56175185E+00
 -1.48600000E+00  2.56981006E+00
 -1.48600000E+00  2.68983827E+00
 -1.48600000E+00  2.69789648E+00
 -1.49646071E+00  2.71850000E+00
 -1.53366774E+00  2.71850000E+00
 -1.58600000E+00  2.68983827E+00
 -1.58600000E+00  2.62086338E+00
 -1.58600000E+00  2.56175185E+00
 -1.58600000E+00  2.49277696E+00
 -1.58600000E+00  2.43366543E+00
 -1.58600000E+00  2.36469054E+00
 -1.58600000E+00  2.30557901E+00
 -1.58600000E+00  2.23660412E+00
 -1.58600000E+00  2.17749259E+00
 -1.58600000E+00  2.10851770E+00
 -1.58600000E+00  2.04940617E+00
 -1.58600000E+00  1.98043128E+00
 -1.58600000E+00  1.92131975E+00
 -1.58600000E+00  1.85234486E+00
 -1.58600000E+00  1.79323333E+00
 -1.58600000E+00  1.72425844E+00
 -1.58600000E+00  1.66514691E+00
 -1.58600000E+00  1.59617202E+00
 -1.58600000E+00  1.53706049E+00
 -1.58600000E+00  1.46808560E+00
 -1.58600000E+00  1.40897407E+00
 -1.58600000E+00  1.33999918E+00
 -1.58600000E+00  1.28088765E+00
 -1.58600000E+00  1.21191276E+00
 -1.58600000E+00  1.15280123E+00
 -1.58600000E+00  1.08382634E+00
 -1.58600000E+00  1.02471481E+00
 -1.58600000E+00  9.55739920E-01
 -1.58600000E+00  8.96628395E-01
 -1.58600000E+00  8.27653500E-01
 -1.58600000E+00  7.68541975E-01
 -1.58600000E+00  6.99567080E-01
 -1.58600000E+00  6.40455556E-01
 -1.58600000E+00  5.71480660E-01
 -1.58600000E+00  5.12369136E-01
 -1.58600000E+00  4.43394241E-01
 -1.58600000E+00  3.84282716E-01
 -1.58600000E+00  3.15307821E-01
 -1.58600000E+00  2.56196296E-01
 -1.58600000E+00  1.87221401E-01
 -1.58600000E+00  1.28109877E-01
 -1.58600000E+00  5.91349815E-02
 -1.58600000E+00  2.34567890E-05
 -1.58600000E+00 -6.89514383E-02
 -1.58600000E+00 -1.28062963E-01
 -1.58600000E+00 -1.97037858E-01
 -1.58600000E+00 -2.56149383E-01
 -1.58600000E+00 -3.25124278E-01
 -1.58600000E+00 -3.84235802E-01
 -1.58600000E+00 -4.53210698E-01
 -1.58600000E+00 -5.12322222E-01
 -1.58600000E+00 -5.81297117E-01
 -1.58600000E+00 -6.40408642E-01
 -1.58600000E+00 -7.09383537E-01
 -1.58600000E+00 -7.68495062E-01
 -1.58600000E+00 -8.37469957E-01
 -1.58600000E+00 -8.96581481E-01
 -1.58600000E+00 -9.65556377E-01
 -1.58600000E+00 -1.02466790E+00
 -1.58600000E+00 -1.09364280E+00
 -1.58600000E+00 -1.15275432E+00
 -1.58600000E+00 -1.22172922E+00
 -1.58600000E+00 -1.28084074E+00
 -1.58600000E+00 -1.34981564E+00
 -1.58600000E+00 -1.40892716E+00

h: x ny1,0  y2=[y1](Water),ic[ccc]
 -1.000000E+00 -1.000000E+00

hb:   line clip z   cb(ccc)
clip:
 -1.40752028E+00 -1.46850000E+00
 -4.21479579E-01 -1.46850000E+00
 -4.73898499E-01 -1.40892716E+00
 -4.85564756E-01 -1.39872112E+00
 -4.98813653E-01 -1.38673481E+00
 -5.99298743E-01 -1.28084074E+00
 -6.24531845E-01 -1.24959895E+00
 -6.65088163E-01 -1.19482375E+00
 -6.93484599E-01 -1.15275432E+00
 -7.37542270E-01 -1.08048155E+00
 -7.68027021E-01 -1.02466790E+00
 -7.85799836E-01 -9.89569433E-01
 -8.28246842E-01 -8.96581481E-01
 -8.29011560E-01 -8.94770347E-01
 -8.31362672E-01 -8.89168394E-01
 -8.77099121E-01 -7.68495062E-01
 -9.01014193E-01 -6.94063372E-01
 -9.16403630E-01 -6.40408642E-01
 -9.29956332E-01 -5.88271981E-01
 -9.47349498E-01 -5.12322222E-01
 -9.54167631E-01 -4.78836276E-01
 -9.70736441E-01 -3.84235802E-01
 -9.73533894E-01 -3.65668291E-01
 -9.87101877E-01 -2.56149383E-01
 -9.87854255E-01 -2.48613290E-01
 -9.96791704E-01 -1.28062963E-01
 -9.97637182E-01 -1.09924222E-01
 -1.00000000E+00  2.34567890E-05
 -9.97637182E-01  1.09924222E-01
 -9.87097121E-01  2.56196296E-01
 -9.70729187E-01  3.84282716E-01
 -9.47339587E-01  5.12369136E-01
 -9.16390823E-01  6.40455556E-01
 -8.77083063E-01  7.68541975E-01
 -8.28996630E-01  8.94805759E-01
 -8.26705411E-01  9.00216028E-01
 -7.68002571E-01  1.02471481E+00
 -7.19839827E-01  1.11062433E+00
 -6.93454136E-01  1.15280123E+00
 -6.65088163E-01  1.19482375E+00
 -6.24508958E-01  1.24962823E+00
 -5.99259575E-01  1.28088765E+00
 -4.98813653E-01  1.38673481E+00
 -4.85536478E-01  1.39874625E+00
 -4.73844012E-01  1.40897407E+00
 -3.32539143E-01  1.50894313E+00
 -3.11145001E-01  1.52057992E+00
 -2.77717425E-01  1.53706049E+00
 -1.66264633E-01  1.57772987E+00
 -7.57301158E-02  1.59540536E+00
  9.87654240E-06  1.60000000E+00
  9.37221675E-02  1.59295742E+00
  1.66284386E-01  1.57772454E+00
  2.77717425E-01  1.53706049E+00
  3.11156759E-01  1.52057376E+00
  3.32558896E-01  1.50893198E+00
  4.73844012E-01  1.40897407E+00
  4.85545650E-01  1.39873810E+00
  4.98833406E-01  1.38671662E+00
  5.99259575E-01  1.28088765E+00
  6.24516381E-01  1.24961873E+00
  6.65107916E-01  1.19479561E+00
  6.93454136E-01  1.15280123E+00
  7.37529681E-01  1.08050355E+00
  7.68002571E-01  1.02471481E+00
  7.85788528E-01  9.89592419E-01
  8.28227003E-01  8.96628395E-01
  8.29001472E-01  8.94794273E-01
  8.31382426E-01  8.89121112E-01
  8.77083063E-01  7.68541975E-01
  9.01006450E-01  6.94089104E-01
  9.16390823E-01  6.40455556E-01
  9.29949752E-01  5.88298609E-01
  9.47339587E-01  5.12369136E-01
  9.54162232E-01  4.78863815E-01
  9.70729187E-01  3.84282716E-01
  9.73529715E-01  3.65696769E-01
  9.87097121E-01  2.56196296E-01
  9.87851358E-01  2.48642755E-01
  9.96789350E-01  1.28109877E-01
  9.97656935E-01  1.09464317E-01
  1.00000000E+00  2.34567890E-05
  9.97656935E-01 -1.09464317E-01
  9.96823831E-01 -1.27421197E-01
  9.87101877E-01 -2.56149383E-01
  9.86190673E-01 -2.64982200E-01
  9.70736441E-01 -3.84235802E-01
  9.66960458E-01 -4.07882253E-01
  9.47349498E-01 -5.12322222E-01
  9.36965583E-01 -5.59074656E-01
  9.16403630E-01 -6.40408642E-01
  8.92609127E-01 -7.21330232E-01
  8.77099121E-01 -7.68495062E-01
  8.31382426E-01 -8.89121112E-01
  8.29016403E-01 -8.94758861E-01
  8.28246842E-01 -8.96581481E-01
  8.26725464E-01 -9.00168884E-01
  7.68027021E-01 -1.02466790E+00
  7.19875483E-01 -1.11056516E+00
  6.93484599E-01 -1.15275432E+00
  6.65107916E-01 -1.19479561E+00
  6.24539268E-01 -1.24958945E+00
  5.99298743E-01 -1.28084074E+00
  4.98833406E-01 -1.38671662E+00
  4.85573928E-01 -1.39871297E+00
  4.73898499E-01 -1.40892716E+00
  4.21499332E-01 -1.46850000E+00
  4.98833406E-01 -1.46850000E+00
  5.76167480E-01 -1.46850000E+00
  6.65107916E-01 -1.46850000E+00
  7.42441990E-01 -1.46850000E+00
  8.31382426E-01 -1.46850000E+00
  9.08716500E-01 -1.46850000E+00
  9.97656935E-01 -1.46850000E+00
  1.07499101E+00 -1.46850000E+00
  1.16393145E+00 -1.46850000E+00
  1.24126552E+00 -1.46850000E+00
  1.33020595E+00 -1.46850000E+00
  1.40754003E+00 -1.46850000E+00
  1.48600000E+00 -1.40892716E+00
  1.48600000E+00 -1.28891417E+00
  1.48600000E+00 -1.28084074E+00
  1.48600000E+00 -1.16082775E+00
  1.48600000E+00 -1.15275432E+00
  1.48600000E+00 -1.03274133E+00
  1.48600000E+00 -1.02466790E+00
  1.48600000E+00 -9.04654909E-01
  1.48600000E+00 -8.96581481E-01
  1.48600000E+00 -7.76568489E-01
  1.48600000E+00 -7.68495062E-01
  1.48600000E+00 -6.48482070E-01
  1.48600000E+00 -6.40408642E-01
  1.48600000E+00 -5.20395650E-01
  1.48600000E+00 -5.12322222E-01
  1.48600000E+00 -3.92309230E-01
  1.48600000E+00 -3.84235802E-01
  1.48600000E+00 -2.64222810E-01
  1.48600000E+00 -2.56149383E-01
  1.48600000E+00 -1.36136391E-01
  1.48600000E+00 -1.28062963E-01
  1.48600000E+00 -8.04997078E-03
  1.48600000E+00  2.34567890E-05
  1.48600000E+00  1.20036449E-01
  1.48600000E+00  1.28109877E-01
  1.48600000E+00  2.48122869E-01
  1.48600000E+00  2.56196296E-01
  1.48600000E+00  3.76209288E-01
  1.48600000E+00  3.84282716E-01
  1.48600000E+00  5.04295708E-01
  1.48600000E+00  5.12369136E-01
  1.48600000E+00  6.32382128E-01
  1.48600000E+00  6.40455556E-01
  1.48600000E+00  7.60468548E-01
  1.48600000E+00  7.68541975E-01
  1.48600000E+00  8.88554967E-01
  1.48600000E+00  8.96628395E-01
  1.48600000E+00  1.01664139E+00
  1.48600000E+00  1.02471481E+00
  1.48600000E+00  1.14472781E+00
  1.48600000E+00  1.15280123E+00
  1.48600000E+00  1.27281423E+00
  1.48600000E+00  1.28088765E+00
  1.48600000E+00  1.40090065E+00
  1.48600000E+00  1.40897407E+00
  1.48600000E+00  1.52898707E+00
  1.48600000E+00  1.53706049E+00
  1.48600000E+00  1.65707349E+00
  1.48600000E+00  1.66514691E+00
  1.48600000E+00  1.78515991E+00
  1.48600000E+00  1.79323333E+00
  1.48600000E+00  1.91324633E+00
  1.48600000E+00  1.92131975E+00
  1.48600000E+00  2.04133275E+00
  1.48600000E+00  2.04940617E+00
  1.48600000E+00  2.16941917E+00
  1.48600000E+00  2.17749259E+00
  1.48600000E+00  2.29750558E+00
  1.48600000E+00  2.30557901E+00
  1.48600000E+00  2.42559200E+00
  1.48600000E+00  2.43366543E+00
  1.48600000E+00  2.55367842E+00
  1.48600000E+00  2.56175185E+00
  1.48600000E+00  2.68176484E+00
  1.48600000E+00  2.68983827E+00
  1.36741298E+00  2.71850000E+00
  1.33020595E+00  2.71850000E+00
  1.29299893E+00  2.71850000E+00
  1.16393145E+00  2.71850000E+00
  1.12672442E+00  2.71850000E+00
  9.97656935E-01  2.71850000E+00
  9.60449909E-01  2.71850000E+00
  8.31382426E-01  2.71850000E+00
  7.94175399E-01  2.71850000E+00
  6.65107916E-01  2.71850000E+00
  6.27900889E-01  2.71850000E+00
  4.98833406E-01  2.71850000E+00
  4.61626379E-01  2.71850000E+00
  3.32558896E-01  2.71850000E+00
  2.95351869E-01  2.71850000E+00
  1.66284386E-01  2.71850000E+00
  1.29077360E-01  2.71850000E+00
  9.87654240E-06  2.71850000E+00
 -3.71971502E-02  2.71850000E+00
 -1.66264633E-01  2.71850000E+00
 -2.03471660E-01  2.71850000E+00
 -3.32539143E-01  2.71850000E+00
 -3.69746170E-01  2.71850000E+00
 -4.98813653E-01  2.71850000E+00
 -5.36020680E-01  2.71850000E+00
 -6.65088163E-01  2.71850000E+00
 -7.02295189E-01  2.71850000E+00
 -8.31362672E-01  2.71850000E+00
 -8.68569699E-01  2.71850000E+00
 -9.97637182E-01  2.71850000E+00
 -1.03484421E+00  2.71850000E+00
 -1.16391169E+00  2.71850000E+00
 -1.20111872E+00  2.71850000E+00
 -1.33018620E+00  2.71850000E+00
 -1.36739323E+00  2.71850000E+00
 -1.48600000E+00  2.68983827E+00
 -1.48600000E+00  2.56981006E+00
 -1.48600000E+00  2.56175185E+00
 -1.48600000E+00  2.44172364E+00
 -1.48600000E+00  2.43366543E+00
 -1.48600000E+00  2.31363722E+00
 -1.48600000E+00  2.30557901E+00
 -1.48600000E+00  2.18555080E+00
 -1.48600000E+00  2.17749259E+00
 -1.48600000E+00  2.05746438E+00
 -1.48600000E+00  2.04940617E+00
 -1.48600000E+00  1.92937796E+00
 -1.48600000E+00  1.92131975E+00
 -1.48600000E+00  1.80129154E+00
 -1.48600000E+00  1.79323333E+00
 -1.48600000E+00  1.67320512E+00
 -1.48600000E+00  1.66514691E+00
 -1.48600000E+00  1.54511870E+00
 -1.48600000E+00  1.53706049E+00
 -1.48600000E+00  1.41703229E+00
 -1.48600000E+00  1.40897407E+00
 -1.48600000E+00  1.28894587E+00
 -1.48600000E+00  1.28088765E+00
 -1.48600000E+00  1.16085945E+00
 -1.48600000E+00  1.15280123E+00
 -1.48600000E+00  1.03277303E+00
 -1.48600000E+00  1.02471481E+00
 -1.48600000E+00  9.04686606E-01
 -1.48600000E+00  8.96628395E-01
 -1.48600000E+00  7.76600186E-01
 -1.48600000E+00  7.68541975E-01
 -1.48600000E+00  6.48513767E-01
 -1.48600000E+00  6.40455556E-01
 -1.48600000E+00  5.20427347E-01
 -1.48600000E+00  5.12369136E-01
 -1.48600000E+00  3.92340927E-01
 -1.48600000E+00  3.84282716E-01
 -1.48600000E+00  2.64254507E-01
 -1.48600000E+00  2.56196296E-01
 -1.48600000E+00  1.36168088E-01
 -1.48600000E+00  1.28109877E-01
 -1.48600000E+00  8.08166794E-03
 -1.48600000E+00  2.34567890E-05
 -1.48600000E+00 -1.20004752E-01
 -1.48600000E+00 -1.28062963E-01
 -1.48600000E+00 -2.48091172E-01
 -1.48600000E+00 -2.56149383E-01
 -1.48600000E+00 -3.76177591E-01
 -1.48600000E+00 -3.84235802E-01
 -1.48600000E+00 -5.04264011E-01
 -1.48600000E+00 -5.12322222E-01
 -1.48600000E+00 -6.32350431E-01
 -1.48600000E+00 -6.40408642E-01
 -1.48600000E+00 -7.60436851E-01
 -1.48600000E+00 -7.68495062E-01
 -1.48600000E+00 -8.88523270E-01
 -1.48600000E+00 -8.96581481E-01
 -1.48600000E+00 -1.01660969E+00
 -1.48600000E+00 -1.02466790E+00
 -1.48600000E+00 -1.14469611E+00
 -1.48600000E+00 -1.15275432E+00
 -1.48600000E+00 -1.27278253E+00
 -1.48600000E+00 -1.28084074E+00
 -1.48600000E+00 -1.40086895E+00
 -1.48600000E+00 -1.40892716E+00

hb:   line clip z   cb(white)
clip:
  1.48600000E+00 -1.41700059E+00
  1.49648046E+00 -1.46850000E+00
  1.57381454E+00 -1.46850000E+00
  1.58600000E+00 -1.40892716E+00
  1.58600000E+00 -1.33996748E+00
  1.58600000E+00 -1.28084074E+00
  1.58600000E+00 -1.21188106E+00
  1.58600000E+00 -1.15275432E+00
  1.58600000E+00 -1.08379464E+00
  1.58600000E+00 -1.02466790E+00
  1.58600000E+00 -9.55708223E-01
  1.58600000E+00 -8.96581481E-01
  1.58600000E+00 -8.27621803E-01
  1.58600000E+00 -7.68495062E-01
  1.58600000E+00 -6.99535383E-01
  1.58600000E+00 -6.40408642E-01
  1.58600000E+00 -5.71448963E-01
  1.58600000E+00 -5.12322222E-01
  1.58600000E+00 -4.43362544E-01
  1.58600000E+00 -3.84235802E-01
  1.58600000E+00 -3.15276124E-01
  1.58600000E+00 -2.56149383E-01
  1.58600000E+00 -1.87189704E-01
  1.58600000E+00 -1.28062963E-01
  1.58600000E+00 -5.91032843E-02
  1.58600000E+00  2.34567890E-05
  1.58600000E+00  6.89831354E-02
  1.58600000E+00  1.28109877E-01
  1.58600000E+00  1.97069555E-01
  1.58600000E+00  2.56196296E-01
  1.58600000E+00  3.25155975E-01
  1.58600000E+00  3.84282716E-01
  1.58600000E+00  4.53242395E-01
  1.58600000E+00  5.12369136E-01
  1.58600000E+00  5.81328814E-01
  1.58600000E+00  6.40455556E-01
  1.58600000E+00  7.09415234E-01
  1.58600000E+00  7.68541975E-01
  1.58600000E+00  8.37501654E-01
  1.58600000E+00  8.96628395E-01
  1.58600000E+00  9.65588074E-01
  1.58600000E+00  1.02471481E+00
  1.58600000E+00  1.09367449E+00
  1.58600000E+00  1.15280123E+00
  1.58600000E+00  1.22176091E+00
  1.58600000E+00  1.28088765E+00
  1.58600000E+00  1.34984733E+00
  1.58600000E+00  1.40897407E+00
  1.58600000E+00  1.47793375E+00
  1.58600000E+00  1.53706049E+00
  1.58600000E+00  1.60602017E+00
  1.58600000E+00  1.66514691E+00
  1.58600000E+00  1.73410659E+00
  1.58600000E+00  1.79323333E+00
  1.58600000E+00  1.86219301E+00
  1.58600000E+00  1.92131975E+00
  1.58600000E+00  1.99027943E+00
  1.58600000E+00  2.04940617E+00
  1.58600000E+00  2.11836585E+00
  1.58600000E+00  2.17749259E+00
  1.58600000E+00  2.24645227E+00
  1.58600000E+00  2.30557901E+00
  1.58600000E+00  2.37453869E+00
  1.58600000E+00  2.43366543E+00
  1.58600000E+00  2.50262511E+00
  1.58600000E+00  2.56175185E+00
  1.58600000E+00  2.63071153E+00
  1.58600000E+00  2.68983827E+00
  1.53368749E+00  2.71850000E+00
  1.48600000E+00  2.69791170E+00
  1.48600000E+00 -1.40892716E+00

hb:   line clip z   cb(white)
clip:
 -1.58600000E+00  2.74894980E+00
 -1.49646071E+00  2.71850000E+00
 -1.36739323E+00  2.71850000E+00
  1.49648046E+00  2.71850000E+00
  1.58600000E+00  2.74896501E+00
  1.58600000E+00  2.81792469E+00
  1.49722730E+00  2.81850000E+00
  1.33020595E+00  2.81850000E+00
  1.16393145E+00  2.81850000E+00
  9.97656935E-01  2.81850000E+00
  8.31382426E-01  2.81850000E+00
  6.65107916E-01  2.81850000E+00
  4.98833406E-01  2.81850000E+00
  3.32558896E-01  2.81850000E+00
  1.66284386E-01  2.81850000E+00
  9.87654240E-06  2.81850000E+00
 -1.66264633E-01  2.81850000E+00
 -3.32539143E-01  2.81850000E+00
 -4.98813653E-01  2.81850000E+00
 -6.65088163E-01  2.81850000E+00
 -8.31362672E-01  2.81850000E+00
 -9.97637182E-01  2.81850000E+00
 -1.16391169E+00  2.81850000E+00
 -1.33018620E+00  2.81850000E+00
 -1.49646071E+00  2.81850000E+00
 -1.58600000E+00  2.81792469E+00

wt: s[c5]
\vspace{-3}
  emin  &=&   0.0000E+00 [MeV]
  emax  &=&   1.0000E+03 [MeV]
  zmin  &=&   9.8470E+01 [cm]
  zmax  &=&   9.8490E+01 [cm]
  part. &=& proton  
e:
 
# Information for Restart Calculation
# This calculation was newly started
# istdev =  2 # 1:Batch variance, 2:History variance
# resc2  = 0.00000000000000000E+00 # Total source weight or Total source weight / maxcas
# resc3  = 0.00000000000000000E+00 # Total history number or Total batch number
# maxcas =      100000 # History / Batch, only used for istdev=1
# bitrseed = 0000000000000000000000000000000000000000000000000000000000000000 # bit data of rseed
