
Errors of cell definition in EPS Page No. =   1
Overlapped Cell IDs  x, y, z  coodinates
(Cells 0       0  indicate undefined region)
       2     510    -2.150000E+00 -5.098986E+01  1.456070E+00
       2     510    -2.150000E+00 -4.997006E+01  1.456070E+00
       2     510    -2.150000E+00 -4.895026E+01  1.456070E+00
       2     510    -2.150000E+00 -4.793046E+01  1.456070E+00
       2     510    -2.150000E+00 -4.691066E+01  1.456070E+00
       2     510    -2.150000E+00 -4.589085E+01  1.456070E+00
       2     510    -2.150000E+00 -4.487105E+01  1.456070E+00
       2     510    -2.150000E+00 -4.385125E+01  1.456070E+00
       2     510    -2.150000E+00 -4.283145E+01  1.456070E+00
       2     510    -2.150000E+00 -4.181165E+01  1.456070E+00
       2     510    -2.150000E+00 -4.079184E+01  1.456070E+00
       2     510    -2.150000E+00 -3.977204E+01  1.456070E+00
       2     510    -2.150000E+00 -3.875224E+01  1.456070E+00
       2     510    -2.150000E+00 -3.773244E+01  1.456070E+00
       2     510    -2.150000E+00 -3.671264E+01  1.456070E+00
       2     510    -2.150000E+00 -3.569283E+01  1.456070E+00
       2     510    -2.150000E+00 -3.467303E+01  1.456070E+00
       2     510    -2.150000E+00 -3.365323E+01  1.456070E+00
       2     510    -2.150000E+00 -3.263343E+01  1.456070E+00
       2     510    -2.150000E+00 -3.161363E+01  1.456070E+00
       2     510    -2.150000E+00 -3.059382E+01  1.456070E+00
       2     510    -2.150000E+00 -2.957402E+01  1.456070E+00
       2     510    -2.150000E+00 -2.855422E+01  1.456070E+00
       2     510    -2.150000E+00 -2.753442E+01  1.456070E+00
       2     510    -2.150000E+00 -2.651462E+01  1.456070E+00
       2     510    -2.150000E+00 -2.549481E+01  1.456070E+00
       2     510    -2.150000E+00 -2.447501E+01  1.456070E+00
       2     510    -2.150000E+00 -2.345521E+01  1.456070E+00
       2     510    -2.150000E+00 -2.243541E+01  1.456070E+00
       2     510    -2.150000E+00 -2.141561E+01  1.456070E+00
       2     510    -2.150000E+00 -2.039581E+01  1.456070E+00
       2     510    -2.150000E+00 -1.937600E+01  1.456070E+00
    2100     510    -2.150000E+00 -1.835620E+01  1.456070E+00
    2100     510    -2.150000E+00 -1.733640E+01  1.456070E+00
    2100     510    -2.150000E+00 -1.631660E+01  1.456070E+00
    2100     510    -2.150000E+00 -1.529680E+01  1.456070E+00
    2100     510    -2.150000E+00 -1.427699E+01  1.456070E+00
    2100     510    -2.150000E+00 -1.325719E+01  1.456070E+00
    2100     510    -2.150000E+00 -1.223739E+01  1.456070E+00
    2100     510    -2.150000E+00 -1.121759E+01  1.456070E+00
    2100     510    -2.150000E+00 -1.019779E+01  1.456070E+00
    2100     510    -2.150000E+00 -9.177983E+00  1.456070E+00
    2100     510    -2.150000E+00 -8.158181E+00  1.456070E+00
    2100     510    -2.150000E+00 -7.138379E+00  1.456070E+00
    2100     510    -2.150000E+00 -6.118577E+00  1.456070E+00
    2100     510    -2.150000E+00 -5.098775E+00  1.456070E+00
    2100     510    -2.150000E+00 -4.078973E+00  1.456070E+00
    2100     510    -2.150000E+00 -3.059171E+00  1.456070E+00
    2100     510    -2.150000E+00 -2.039369E+00  1.456070E+00
    2100     510    -2.150000E+00 -1.019567E+00  1.456070E+00
    2100     510    -2.150000E+00  2.345679E-04  1.456070E+00
    2100     510    -2.150000E+00  1.020037E+00  1.456070E+00
    2100     510    -2.150000E+00  2.039839E+00  1.456070E+00
    2100     510    -2.150000E+00  3.059641E+00  1.456070E+00
    2100     510    -2.150000E+00  4.079442E+00  1.456070E+00
    2100     510    -2.150000E+00  5.099244E+00  1.456070E+00
    2100     510    -2.150000E+00  6.119046E+00  1.456070E+00
    2100     510    -2.150000E+00  7.138848E+00  1.456070E+00
    2100     510    -2.150000E+00  8.158650E+00  1.456070E+00
    2100     510    -2.150000E+00  9.178452E+00  1.456070E+00
    2100     510    -2.150000E+00  1.019825E+01  1.456070E+00
    2100     510    -2.150000E+00  1.121806E+01  1.456070E+00
    2100     510    -2.150000E+00  1.223786E+01  1.456070E+00
    2100     510    -2.150000E+00  1.325766E+01  1.456070E+00
    2100     510    -2.150000E+00  1.427746E+01  1.456070E+00
    2100     510    -2.150000E+00  1.529726E+01  1.456070E+00
    2100     510    -2.150000E+00  1.631707E+01  1.456070E+00
    2100     510    -2.150000E+00  1.733687E+01  1.456070E+00
    2100     510    -2.150000E+00  1.835667E+01  1.456070E+00
       2     510    -2.150000E+00  1.937647E+01  1.456070E+00
       2     510    -2.150000E+00  2.039627E+01  1.456070E+00
       2     510    -2.150000E+00  2.141608E+01  1.456070E+00
       2     510    -2.150000E+00  2.243588E+01  1.456070E+00
       2     510    -2.150000E+00  2.345568E+01  1.456070E+00
       2     510    -2.150000E+00  2.447548E+01  1.456070E+00
       2     510    -2.150000E+00  2.549528E+01  1.456070E+00
       2     510    -2.150000E+00  2.651509E+01  1.456070E+00
       2     510    -2.150000E+00  2.753489E+01  1.456070E+00
       2     510    -2.150000E+00  2.855469E+01  1.456070E+00
       2     510    -2.150000E+00  2.957449E+01  1.456070E+00
       2     510    -2.150000E+00  3.059429E+01  1.456070E+00
       2     510    -2.150000E+00  3.161410E+01  1.456070E+00
       2     510    -2.150000E+00  3.263390E+01  1.456070E+00
       2     510    -2.150000E+00  3.365370E+01  1.456070E+00
       2     510    -2.150000E+00  3.467350E+01  1.456070E+00
       2     510    -2.150000E+00  3.569330E+01  1.456070E+00
       2     510    -2.150000E+00  3.671311E+01  1.456070E+00
       2     510    -2.150000E+00  3.773291E+01  1.456070E+00
       2     510    -2.150000E+00  3.875271E+01  1.456070E+00
       2     510    -2.150000E+00  3.977251E+01  1.456070E+00
       2     510    -2.150000E+00  4.079231E+01  1.456070E+00
       2     510    -2.150000E+00  4.181212E+01  1.456070E+00
       2     510    -2.150000E+00  4.283192E+01  1.456070E+00
       2     510    -2.150000E+00  4.385172E+01  1.456070E+00
       2     510    -2.150000E+00  4.487152E+01  1.456070E+00
       2     510    -2.150000E+00  4.589132E+01  1.456070E+00
       2     510    -2.150000E+00  4.691113E+01  1.456070E+00
       2     510    -2.150000E+00  4.793093E+01  1.456070E+00
       2     510    -2.150000E+00  4.895073E+01  1.456070E+00
       2     510    -2.150000E+00  4.997053E+01  1.456070E+00
       2     510    -2.150000E+00  5.099033E+01  1.456070E+00

Errors of cell definition in EPS Page No. =   1
Overlapped Cell IDs  x, y, z  coodinates
(Cells 0       0  indicate undefined region)
       2     510    -2.150000E+00 -5.098986E+01  1.456070E+00
       2     510    -2.150000E+00 -4.997006E+01  1.456070E+00
       2     510    -2.150000E+00 -4.895026E+01  1.456070E+00
       2     510    -2.150000E+00 -4.793046E+01  1.456070E+00
       2     510    -2.150000E+00 -4.691066E+01  1.456070E+00
       2     510    -2.150000E+00 -4.589085E+01  1.456070E+00
       2     510    -2.150000E+00 -4.487105E+01  1.456070E+00
       2     510    -2.150000E+00 -4.385125E+01  1.456070E+00
       2     510    -2.150000E+00 -4.283145E+01  1.456070E+00
       2     510    -2.150000E+00 -4.181165E+01  1.456070E+00
       2     510    -2.150000E+00 -4.079184E+01  1.456070E+00
       2     510    -2.150000E+00 -3.977204E+01  1.456070E+00
       2     510    -2.150000E+00 -3.875224E+01  1.456070E+00
       2     510    -2.150000E+00 -3.773244E+01  1.456070E+00
       2     510    -2.150000E+00 -3.671264E+01  1.456070E+00
       2     510    -2.150000E+00 -3.569283E+01  1.456070E+00
       2     510    -2.150000E+00 -3.467303E+01  1.456070E+00
       2     510    -2.150000E+00 -3.365323E+01  1.456070E+00
       2     510    -2.150000E+00 -3.263343E+01  1.456070E+00
       2     510    -2.150000E+00 -3.161363E+01  1.456070E+00
       2     510    -2.150000E+00 -3.059382E+01  1.456070E+00
       2     510    -2.150000E+00 -2.957402E+01  1.456070E+00
       2     510    -2.150000E+00 -2.855422E+01  1.456070E+00
       2     510    -2.150000E+00 -2.753442E+01  1.456070E+00
       2     510    -2.150000E+00 -2.651462E+01  1.456070E+00
       2     510    -2.150000E+00 -2.549481E+01  1.456070E+00
       2     510    -2.150000E+00 -2.447501E+01  1.456070E+00
       2     510    -2.150000E+00 -2.345521E+01  1.456070E+00
       2     510    -2.150000E+00 -2.243541E+01  1.456070E+00
       2     510    -2.150000E+00 -2.141561E+01  1.456070E+00
       2     510    -2.150000E+00 -2.039581E+01  1.456070E+00
       2     510    -2.150000E+00 -1.937600E+01  1.456070E+00
    2100     510    -2.150000E+00 -1.835620E+01  1.456070E+00
    2100     510    -2.150000E+00 -1.733640E+01  1.456070E+00
    2100     510    -2.150000E+00 -1.631660E+01  1.456070E+00
    2100     510    -2.150000E+00 -1.529680E+01  1.456070E+00
    2100     510    -2.150000E+00 -1.427699E+01  1.456070E+00
    2100     510    -2.150000E+00 -1.325719E+01  1.456070E+00
    2100     510    -2.150000E+00 -1.223739E+01  1.456070E+00
    2100     510    -2.150000E+00 -1.121759E+01  1.456070E+00
    2100     510    -2.150000E+00 -1.019779E+01  1.456070E+00
    2100     510    -2.150000E+00 -9.177983E+00  1.456070E+00
    2100     510    -2.150000E+00 -8.158181E+00  1.456070E+00
    2100     510    -2.150000E+00 -7.138379E+00  1.456070E+00
    2100     510    -2.150000E+00 -6.118577E+00  1.456070E+00
    2100     510    -2.150000E+00 -5.098775E+00  1.456070E+00
    2100     510    -2.150000E+00 -4.078973E+00  1.456070E+00
    2100     510    -2.150000E+00 -3.059171E+00  1.456070E+00
    2100     510    -2.150000E+00 -2.039369E+00  1.456070E+00
    2100     510    -2.150000E+00 -1.019567E+00  1.456070E+00
    2100     510    -2.150000E+00  2.345679E-04  1.456070E+00
    2100     510    -2.150000E+00  1.020037E+00  1.456070E+00
    2100     510    -2.150000E+00  2.039839E+00  1.456070E+00
    2100     510    -2.150000E+00  3.059641E+00  1.456070E+00
    2100     510    -2.150000E+00  4.079442E+00  1.456070E+00
    2100     510    -2.150000E+00  5.099244E+00  1.456070E+00
    2100     510    -2.150000E+00  6.119046E+00  1.456070E+00
    2100     510    -2.150000E+00  7.138848E+00  1.456070E+00
    2100     510    -2.150000E+00  8.158650E+00  1.456070E+00
    2100     510    -2.150000E+00  9.178452E+00  1.456070E+00
    2100     510    -2.150000E+00  1.019825E+01  1.456070E+00
    2100     510    -2.150000E+00  1.121806E+01  1.456070E+00
    2100     510    -2.150000E+00  1.223786E+01  1.456070E+00
    2100     510    -2.150000E+00  1.325766E+01  1.456070E+00
    2100     510    -2.150000E+00  1.427746E+01  1.456070E+00
    2100     510    -2.150000E+00  1.529726E+01  1.456070E+00
    2100     510    -2.150000E+00  1.631707E+01  1.456070E+00
    2100     510    -2.150000E+00  1.733687E+01  1.456070E+00
    2100     510    -2.150000E+00  1.835667E+01  1.456070E+00
       2     510    -2.150000E+00  1.937647E+01  1.456070E+00
       2     510    -2.150000E+00  2.039627E+01  1.456070E+00
       2     510    -2.150000E+00  2.141608E+01  1.456070E+00
       2     510    -2.150000E+00  2.243588E+01  1.456070E+00
       2     510    -2.150000E+00  2.345568E+01  1.456070E+00
       2     510    -2.150000E+00  2.447548E+01  1.456070E+00
       2     510    -2.150000E+00  2.549528E+01  1.456070E+00
       2     510    -2.150000E+00  2.651509E+01  1.456070E+00
       2     510    -2.150000E+00  2.753489E+01  1.456070E+00
       2     510    -2.150000E+00  2.855469E+01  1.456070E+00
       2     510    -2.150000E+00  2.957449E+01  1.456070E+00
       2     510    -2.150000E+00  3.059429E+01  1.456070E+00
       2     510    -2.150000E+00  3.161410E+01  1.456070E+00
       2     510    -2.150000E+00  3.263390E+01  1.456070E+00
       2     510    -2.150000E+00  3.365370E+01  1.456070E+00
       2     510    -2.150000E+00  3.467350E+01  1.456070E+00
       2     510    -2.150000E+00  3.569330E+01  1.456070E+00
       2     510    -2.150000E+00  3.671311E+01  1.456070E+00
       2     510    -2.150000E+00  3.773291E+01  1.456070E+00
       2     510    -2.150000E+00  3.875271E+01  1.456070E+00
       2     510    -2.150000E+00  3.977251E+01  1.456070E+00
       2     510    -2.150000E+00  4.079231E+01  1.456070E+00
       2     510    -2.150000E+00  4.181212E+01  1.456070E+00
       2     510    -2.150000E+00  4.283192E+01  1.456070E+00
       2     510    -2.150000E+00  4.385172E+01  1.456070E+00
       2     510    -2.150000E+00  4.487152E+01  1.456070E+00
       2     510    -2.150000E+00  4.589132E+01  1.456070E+00
       2     510    -2.150000E+00  4.691113E+01  1.456070E+00
       2     510    -2.150000E+00  4.793093E+01  1.456070E+00
       2     510    -2.150000E+00  4.895073E+01  1.456070E+00
       2     510    -2.150000E+00  4.997053E+01  1.456070E+00
       2     510    -2.150000E+00  5.099033E+01  1.456070E+00

Errors of cell definition in EPS Page No. =   1
Overlapped Cell IDs  x, y, z  coodinates
(Cells 0       0  indicate undefined region)
       2     510    -2.150000E+00 -5.098986E+01  1.456070E+00
       2     510    -2.150000E+00 -4.997006E+01  1.456070E+00
       2     510    -2.150000E+00 -4.895026E+01  1.456070E+00
       2     510    -2.150000E+00 -4.793046E+01  1.456070E+00
       2     510    -2.150000E+00 -4.691066E+01  1.456070E+00
       2     510    -2.150000E+00 -4.589085E+01  1.456070E+00
       2     510    -2.150000E+00 -4.487105E+01  1.456070E+00
       2     510    -2.150000E+00 -4.385125E+01  1.456070E+00
       2     510    -2.150000E+00 -4.283145E+01  1.456070E+00
       2     510    -2.150000E+00 -4.181165E+01  1.456070E+00
       2     510    -2.150000E+00 -4.079184E+01  1.456070E+00
       2     510    -2.150000E+00 -3.977204E+01  1.456070E+00
       2     510    -2.150000E+00 -3.875224E+01  1.456070E+00
       2     510    -2.150000E+00 -3.773244E+01  1.456070E+00
       2     510    -2.150000E+00 -3.671264E+01  1.456070E+00
       2     510    -2.150000E+00 -3.569283E+01  1.456070E+00
       2     510    -2.150000E+00 -3.467303E+01  1.456070E+00
       2     510    -2.150000E+00 -3.365323E+01  1.456070E+00
       2     510    -2.150000E+00 -3.263343E+01  1.456070E+00
       2     510    -2.150000E+00 -3.161363E+01  1.456070E+00
       2     510    -2.150000E+00 -3.059382E+01  1.456070E+00
       2     510    -2.150000E+00 -2.957402E+01  1.456070E+00
       2     510    -2.150000E+00 -2.855422E+01  1.456070E+00
       2     510    -2.150000E+00 -2.753442E+01  1.456070E+00
       2     510    -2.150000E+00 -2.651462E+01  1.456070E+00
       2     510    -2.150000E+00 -2.549481E+01  1.456070E+00
       2     510    -2.150000E+00 -2.447501E+01  1.456070E+00
       2     510    -2.150000E+00 -2.345521E+01  1.456070E+00
       2     510    -2.150000E+00 -2.243541E+01  1.456070E+00
       2     510    -2.150000E+00 -2.141561E+01  1.456070E+00
       2     510    -2.150000E+00 -2.039581E+01  1.456070E+00
       2     510    -2.150000E+00 -1.937600E+01  1.456070E+00
    2100     510    -2.150000E+00 -1.835620E+01  1.456070E+00
    2100     510    -2.150000E+00 -1.733640E+01  1.456070E+00
    2100     510    -2.150000E+00 -1.631660E+01  1.456070E+00
    2100     510    -2.150000E+00 -1.529680E+01  1.456070E+00
    2100     510    -2.150000E+00 -1.427699E+01  1.456070E+00
    2100     510    -2.150000E+00 -1.325719E+01  1.456070E+00
    2100     510    -2.150000E+00 -1.223739E+01  1.456070E+00
    2100     510    -2.150000E+00 -1.121759E+01  1.456070E+00
    2100     510    -2.150000E+00 -1.019779E+01  1.456070E+00
    2100     510    -2.150000E+00 -9.177983E+00  1.456070E+00
    2100     510    -2.150000E+00 -8.158181E+00  1.456070E+00
    2100     510    -2.150000E+00 -7.138379E+00  1.456070E+00
    2100     510    -2.150000E+00 -6.118577E+00  1.456070E+00
    2100     510    -2.150000E+00 -5.098775E+00  1.456070E+00
    2100     510    -2.150000E+00 -4.078973E+00  1.456070E+00
    2100     510    -2.150000E+00 -3.059171E+00  1.456070E+00
    2100     510    -2.150000E+00 -2.039369E+00  1.456070E+00
    2100     510    -2.150000E+00 -1.019567E+00  1.456070E+00
    2100     510    -2.150000E+00  2.345679E-04  1.456070E+00
    2100     510    -2.150000E+00  1.020037E+00  1.456070E+00
    2100     510    -2.150000E+00  2.039839E+00  1.456070E+00
    2100     510    -2.150000E+00  3.059641E+00  1.456070E+00
    2100     510    -2.150000E+00  4.079442E+00  1.456070E+00
    2100     510    -2.150000E+00  5.099244E+00  1.456070E+00
    2100     510    -2.150000E+00  6.119046E+00  1.456070E+00
    2100     510    -2.150000E+00  7.138848E+00  1.456070E+00
    2100     510    -2.150000E+00  8.158650E+00  1.456070E+00
    2100     510    -2.150000E+00  9.178452E+00  1.456070E+00
    2100     510    -2.150000E+00  1.019825E+01  1.456070E+00
    2100     510    -2.150000E+00  1.121806E+01  1.456070E+00
    2100     510    -2.150000E+00  1.223786E+01  1.456070E+00
    2100     510    -2.150000E+00  1.325766E+01  1.456070E+00
    2100     510    -2.150000E+00  1.427746E+01  1.456070E+00
    2100     510    -2.150000E+00  1.529726E+01  1.456070E+00
    2100     510    -2.150000E+00  1.631707E+01  1.456070E+00
    2100     510    -2.150000E+00  1.733687E+01  1.456070E+00
    2100     510    -2.150000E+00  1.835667E+01  1.456070E+00
       2     510    -2.150000E+00  1.937647E+01  1.456070E+00
       2     510    -2.150000E+00  2.039627E+01  1.456070E+00
       2     510    -2.150000E+00  2.141608E+01  1.456070E+00
       2     510    -2.150000E+00  2.243588E+01  1.456070E+00
       2     510    -2.150000E+00  2.345568E+01  1.456070E+00
       2     510    -2.150000E+00  2.447548E+01  1.456070E+00
       2     510    -2.150000E+00  2.549528E+01  1.456070E+00
       2     510    -2.150000E+00  2.651509E+01  1.456070E+00
       2     510    -2.150000E+00  2.753489E+01  1.456070E+00
       2     510    -2.150000E+00  2.855469E+01  1.456070E+00
       2     510    -2.150000E+00  2.957449E+01  1.456070E+00
       2     510    -2.150000E+00  3.059429E+01  1.456070E+00
       2     510    -2.150000E+00  3.161410E+01  1.456070E+00
       2     510    -2.150000E+00  3.263390E+01  1.456070E+00
       2     510    -2.150000E+00  3.365370E+01  1.456070E+00
       2     510    -2.150000E+00  3.467350E+01  1.456070E+00
       2     510    -2.150000E+00  3.569330E+01  1.456070E+00
       2     510    -2.150000E+00  3.671311E+01  1.456070E+00
       2     510    -2.150000E+00  3.773291E+01  1.456070E+00
       2     510    -2.150000E+00  3.875271E+01  1.456070E+00
       2     510    -2.150000E+00  3.977251E+01  1.456070E+00
       2     510    -2.150000E+00  4.079231E+01  1.456070E+00
       2     510    -2.150000E+00  4.181212E+01  1.456070E+00
       2     510    -2.150000E+00  4.283192E+01  1.456070E+00
       2     510    -2.150000E+00  4.385172E+01  1.456070E+00
       2     510    -2.150000E+00  4.487152E+01  1.456070E+00
       2     510    -2.150000E+00  4.589132E+01  1.456070E+00
       2     510    -2.150000E+00  4.691113E+01  1.456070E+00
       2     510    -2.150000E+00  4.793093E+01  1.456070E+00
       2     510    -2.150000E+00  4.895073E+01  1.456070E+00
       2     510    -2.150000E+00  4.997053E+01  1.456070E+00
       2     510    -2.150000E+00  5.099033E+01  1.456070E+00

Errors of cell definition in EPS Page No. =   1
Overlapped Cell IDs  x, y, z  coodinates
(Cells 0       0  indicate undefined region)
    2100     510    -2.150000E+00 -1.835620E+01  1.456070E+00
    2100     510    -2.150000E+00 -1.733640E+01  1.456070E+00
    2100     510    -2.150000E+00 -1.631660E+01  1.456070E+00
    2100     510    -2.150000E+00 -1.529680E+01  1.456070E+00
    2100     510    -2.150000E+00 -1.427699E+01  1.456070E+00
    2100     510    -2.150000E+00 -1.325719E+01  1.456070E+00
    2100     510    -2.150000E+00 -1.223739E+01  1.456070E+00
    2100     510    -2.150000E+00 -1.121759E+01  1.456070E+00
    2100     510    -2.150000E+00 -1.019779E+01  1.456070E+00
    2100     510    -2.150000E+00 -9.177983E+00  1.456070E+00
    2100     510    -2.150000E+00 -8.158181E+00  1.456070E+00
    2100     510    -2.150000E+00 -7.138379E+00  1.456070E+00
    2100     510    -2.150000E+00 -6.118577E+00  1.456070E+00
    2100     510    -2.150000E+00 -5.098775E+00  1.456070E+00
    2100     510    -2.150000E+00 -4.078973E+00  1.456070E+00
    2100     510    -2.150000E+00 -3.059171E+00  1.456070E+00
    2100     510    -2.150000E+00 -2.039369E+00  1.456070E+00
    2100     510    -2.150000E+00 -1.019567E+00  1.456070E+00
    2100     510    -2.150000E+00  2.345679E-04  1.456070E+00
    2100     510    -2.150000E+00  1.020037E+00  1.456070E+00
    2100     510    -2.150000E+00  2.039839E+00  1.456070E+00
    2100     510    -2.150000E+00  3.059641E+00  1.456070E+00
    2100     510    -2.150000E+00  4.079442E+00  1.456070E+00
    2100     510    -2.150000E+00  5.099244E+00  1.456070E+00
    2100     510    -2.150000E+00  6.119046E+00  1.456070E+00
    2100     510    -2.150000E+00  7.138848E+00  1.456070E+00
    2100     510    -2.150000E+00  8.158650E+00  1.456070E+00
    2100     510    -2.150000E+00  9.178452E+00  1.456070E+00
    2100     510    -2.150000E+00  1.019825E+01  1.456070E+00
    2100     510    -2.150000E+00  1.121806E+01  1.456070E+00
    2100     510    -2.150000E+00  1.223786E+01  1.456070E+00
    2100     510    -2.150000E+00  1.325766E+01  1.456070E+00
    2100     510    -2.150000E+00  1.427746E+01  1.456070E+00
    2100     510    -2.150000E+00  1.529726E+01  1.456070E+00
    2100     510    -2.150000E+00  1.631707E+01  1.456070E+00
    2100     510    -2.150000E+00  1.733687E+01  1.456070E+00
    2100     510    -2.150000E+00  1.835667E+01  1.456070E+00

Errors of cell definition in EPS Page No. =   1
Overlapped Cell IDs  x, y, z  coodinates
(Cells 0       0  indicate undefined region)
    2100     510    -2.150000E+00 -1.835620E+01  1.456070E+00
    2100     510    -2.150000E+00 -1.733640E+01  1.456070E+00
    2100     510    -2.150000E+00 -1.631660E+01  1.456070E+00
    2100     510    -2.150000E+00 -1.529680E+01  1.456070E+00
    2100     510    -2.150000E+00 -1.427699E+01  1.456070E+00
    2100     510    -2.150000E+00 -1.325719E+01  1.456070E+00
    2100     510    -2.150000E+00 -1.223739E+01  1.456070E+00
    2100     510    -2.150000E+00 -1.121759E+01  1.456070E+00
    2100     510    -2.150000E+00 -1.019779E+01  1.456070E+00
    2100     510    -2.150000E+00 -9.177983E+00  1.456070E+00
    2100     510    -2.150000E+00 -8.158181E+00  1.456070E+00
    2100     510    -2.150000E+00 -7.138379E+00  1.456070E+00
    2100     510    -2.150000E+00 -6.118577E+00  1.456070E+00
    2100     510    -2.150000E+00 -5.098775E+00  1.456070E+00
    2100     510    -2.150000E+00 -4.078973E+00  1.456070E+00
    2100     510    -2.150000E+00 -3.059171E+00  1.456070E+00
    2100     510    -2.150000E+00 -2.039369E+00  1.456070E+00
    2100     510    -2.150000E+00 -1.019567E+00  1.456070E+00
    2100     510    -2.150000E+00  2.345679E-04  1.456070E+00
    2100     510    -2.150000E+00  1.020037E+00  1.456070E+00
    2100     510    -2.150000E+00  2.039839E+00  1.456070E+00
    2100     510    -2.150000E+00  3.059641E+00  1.456070E+00
    2100     510    -2.150000E+00  4.079442E+00  1.456070E+00
    2100     510    -2.150000E+00  5.099244E+00  1.456070E+00
    2100     510    -2.150000E+00  6.119046E+00  1.456070E+00
    2100     510    -2.150000E+00  7.138848E+00  1.456070E+00
    2100     510    -2.150000E+00  8.158650E+00  1.456070E+00
    2100     510    -2.150000E+00  9.178452E+00  1.456070E+00
    2100     510    -2.150000E+00  1.019825E+01  1.456070E+00
    2100     510    -2.150000E+00  1.121806E+01  1.456070E+00
    2100     510    -2.150000E+00  1.223786E+01  1.456070E+00
    2100     510    -2.150000E+00  1.325766E+01  1.456070E+00
    2100     510    -2.150000E+00  1.427746E+01  1.456070E+00
    2100     510    -2.150000E+00  1.529726E+01  1.456070E+00
    2100     510    -2.150000E+00  1.631707E+01  1.456070E+00
    2100     510    -2.150000E+00  1.733687E+01  1.456070E+00
    2100     510    -2.150000E+00  1.835667E+01  1.456070E+00

Errors of cell definition in EPS Page No. =   1
Overlapped Cell IDs  x, y, z  coodinates
(Cells 0       0  indicate undefined region)
    2100     510    -2.150000E+00 -1.835620E+01  1.456070E+00
    2100     510    -2.150000E+00 -1.733640E+01  1.456070E+00
    2100     510    -2.150000E+00 -1.631660E+01  1.456070E+00
    2100     510    -2.150000E+00 -1.529680E+01  1.456070E+00
    2100     510    -2.150000E+00 -1.427699E+01  1.456070E+00
    2100     510    -2.150000E+00 -1.325719E+01  1.456070E+00
    2100     510    -2.150000E+00 -1.223739E+01  1.456070E+00
    2100     510    -2.150000E+00 -1.121759E+01  1.456070E+00
    2100     510    -2.150000E+00 -1.019779E+01  1.456070E+00
    2100     510    -2.150000E+00 -9.177983E+00  1.456070E+00
    2100     510    -2.150000E+00 -8.158181E+00  1.456070E+00
    2100     510    -2.150000E+00 -7.138379E+00  1.456070E+00
    2100     510    -2.150000E+00 -6.118577E+00  1.456070E+00
    2100     510    -2.150000E+00 -5.098775E+00  1.456070E+00
    2100     510    -2.150000E+00 -4.078973E+00  1.456070E+00
    2100     510    -2.150000E+00 -3.059171E+00  1.456070E+00
    2100     510    -2.150000E+00 -2.039369E+00  1.456070E+00
    2100     510    -2.150000E+00 -1.019567E+00  1.456070E+00
    2100     510    -2.150000E+00  2.345679E-04  1.456070E+00
    2100     510    -2.150000E+00  1.020037E+00  1.456070E+00
    2100     510    -2.150000E+00  2.039839E+00  1.456070E+00
    2100     510    -2.150000E+00  3.059641E+00  1.456070E+00
    2100     510    -2.150000E+00  4.079442E+00  1.456070E+00
    2100     510    -2.150000E+00  5.099244E+00  1.456070E+00
    2100     510    -2.150000E+00  6.119046E+00  1.456070E+00
    2100     510    -2.150000E+00  7.138848E+00  1.456070E+00
    2100     510    -2.150000E+00  8.158650E+00  1.456070E+00
    2100     510    -2.150000E+00  9.178452E+00  1.456070E+00
    2100     510    -2.150000E+00  1.019825E+01  1.456070E+00
    2100     510    -2.150000E+00  1.121806E+01  1.456070E+00
    2100     510    -2.150000E+00  1.223786E+01  1.456070E+00
    2100     510    -2.150000E+00  1.325766E+01  1.456070E+00
    2100     510    -2.150000E+00  1.427746E+01  1.456070E+00
    2100     510    -2.150000E+00  1.529726E+01  1.456070E+00
    2100     510    -2.150000E+00  1.631707E+01  1.456070E+00
    2100     510    -2.150000E+00  1.733687E+01  1.456070E+00
    2100     510    -2.150000E+00  1.835667E+01  1.456070E+00

Errors of cell definition in EPS Page No. =   1
Overlapped Cell IDs  x, y, z  coodinates
(Cells 0       0  indicate undefined region)
    2100     510    -2.150000E+00 -1.835620E+01  1.456070E+00
    2100     510    -2.150000E+00 -1.733640E+01  1.456070E+00
    2100     510    -2.150000E+00 -1.631660E+01  1.456070E+00
    2100     510    -2.150000E+00 -1.529680E+01  1.456070E+00
    2100     510    -2.150000E+00 -1.427699E+01  1.456070E+00
    2100     510    -2.150000E+00 -1.325719E+01  1.456070E+00
    2100     510    -2.150000E+00 -1.223739E+01  1.456070E+00
    2100     510    -2.150000E+00 -1.121759E+01  1.456070E+00
    2100     510    -2.150000E+00 -1.019779E+01  1.456070E+00
    2100     510    -2.150000E+00 -9.177983E+00  1.456070E+00
    2100     510    -2.150000E+00 -8.158181E+00  1.456070E+00
    2100     510    -2.150000E+00 -7.138379E+00  1.456070E+00
    2100     510    -2.150000E+00 -6.118577E+00  1.456070E+00
    2100     510    -2.150000E+00 -5.098775E+00  1.456070E+00
    2100     510    -2.150000E+00 -4.078973E+00  1.456070E+00
    2100     510    -2.150000E+00 -3.059171E+00  1.456070E+00
    2100     510    -2.150000E+00 -2.039369E+00  1.456070E+00
    2100     510    -2.150000E+00 -1.019567E+00  1.456070E+00
    2100     510    -2.150000E+00  2.345679E-04  1.456070E+00
    2100     510    -2.150000E+00  1.020037E+00  1.456070E+00
    2100     510    -2.150000E+00  2.039839E+00  1.456070E+00
    2100     510    -2.150000E+00  3.059641E+00  1.456070E+00
    2100     510    -2.150000E+00  4.079442E+00  1.456070E+00
    2100     510    -2.150000E+00  5.099244E+00  1.456070E+00
    2100     510    -2.150000E+00  6.119046E+00  1.456070E+00
    2100     510    -2.150000E+00  7.138848E+00  1.456070E+00
    2100     510    -2.150000E+00  8.158650E+00  1.456070E+00
    2100     510    -2.150000E+00  9.178452E+00  1.456070E+00
    2100     510    -2.150000E+00  1.019825E+01  1.456070E+00
    2100     510    -2.150000E+00  1.121806E+01  1.456070E+00
    2100     510    -2.150000E+00  1.223786E+01  1.456070E+00
    2100     510    -2.150000E+00  1.325766E+01  1.456070E+00
    2100     510    -2.150000E+00  1.427746E+01  1.456070E+00
    2100     510    -2.150000E+00  1.529726E+01  1.456070E+00
    2100     510    -2.150000E+00  1.631707E+01  1.456070E+00
    2100     510    -2.150000E+00  1.733687E+01  1.456070E+00
    2100     510    -2.150000E+00  1.835667E+01  1.456070E+00

Errors of cell definition in EPS Page No. =   1
Overlapped Cell IDs  x, y, z  coodinates
(Cells 0       0  indicate undefined region)
       2     510    -2.150000E+00 -5.098986E+01  1.216399E+01
       2     510    -2.150000E+00 -5.098986E+01  1.323478E+01
       2     510    -2.150000E+00 -5.098986E+01  1.430558E+01
       2     510    -2.150000E+00 -5.098986E+01  1.537637E+01
       2     510    -2.150000E+00 -5.098986E+01  1.644716E+01
       2     510    -2.150000E+00 -4.997006E+01  1.216399E+01
       2     510    -2.150000E+00 -4.997006E+01  1.323478E+01
       2     510    -2.150000E+00 -4.997006E+01  1.430558E+01
       2     510    -2.150000E+00 -4.997006E+01  1.537637E+01
       2     510    -2.150000E+00 -4.997006E+01  1.644716E+01
       2     510    -2.150000E+00 -4.895026E+01  1.216399E+01
       2     510    -2.150000E+00 -4.895026E+01  1.323478E+01
       2     510    -2.150000E+00 -4.895026E+01  1.430558E+01
       2     510    -2.150000E+00 -4.895026E+01  1.537637E+01
       2     510    -2.150000E+00 -4.895026E+01  1.644716E+01
       2     510    -2.150000E+00 -4.793046E+01  1.216399E+01
       2     510    -2.150000E+00 -4.793046E+01  1.323478E+01
       2     510    -2.150000E+00 -4.793046E+01  1.430558E+01
       2     510    -2.150000E+00 -4.793046E+01  1.537637E+01
       2     510    -2.150000E+00 -4.793046E+01  1.644716E+01
       2     510    -2.150000E+00 -4.691066E+01  1.216399E+01
       2     510    -2.150000E+00 -4.691066E+01  1.323478E+01
       2     510    -2.150000E+00 -4.691066E+01  1.430558E+01
       2     510    -2.150000E+00 -4.691066E+01  1.537637E+01
       2     510    -2.150000E+00 -4.691066E+01  1.644716E+01
       2     510    -2.150000E+00 -4.589085E+01  1.216399E+01
       2     510    -2.150000E+00 -4.589085E+01  1.323478E+01
       2     510    -2.150000E+00 -4.589085E+01  1.430558E+01
       2     510    -2.150000E+00 -4.589085E+01  1.537637E+01
       2     510    -2.150000E+00 -4.589085E+01  1.644716E+01
       2     510    -2.150000E+00 -4.487105E+01  1.216399E+01
       2     510    -2.150000E+00 -4.487105E+01  1.323478E+01
       2     510    -2.150000E+00 -4.487105E+01  1.430558E+01
       2     510    -2.150000E+00 -4.487105E+01  1.537637E+01
       2     510    -2.150000E+00 -4.487105E+01  1.644716E+01
       2     510    -2.150000E+00 -4.385125E+01  1.216399E+01
       2     510    -2.150000E+00 -4.385125E+01  1.323478E+01
       2     510    -2.150000E+00 -4.385125E+01  1.430558E+01
       2     510    -2.150000E+00 -4.385125E+01  1.537637E+01
       2     510    -2.150000E+00 -4.385125E+01  1.644716E+01
       2     510    -2.150000E+00 -4.283145E+01  1.216399E+01
       2     510    -2.150000E+00 -4.283145E+01  1.323478E+01
       2     510    -2.150000E+00 -4.283145E+01  1.430558E+01
       2     510    -2.150000E+00 -4.283145E+01  1.537637E+01
       2     510    -2.150000E+00 -4.283145E+01  1.644716E+01
       2     510    -2.150000E+00 -4.181165E+01  1.216399E+01
       2     510    -2.150000E+00 -4.181165E+01  1.323478E+01
       2     510    -2.150000E+00 -4.181165E+01  1.430558E+01
       2     510    -2.150000E+00 -4.181165E+01  1.537637E+01
       2     510    -2.150000E+00 -4.181165E+01  1.644716E+01
       2     510    -2.150000E+00 -4.079184E+01  1.216399E+01
       2     510    -2.150000E+00 -4.079184E+01  1.323478E+01
       2     510    -2.150000E+00 -4.079184E+01  1.430558E+01
       2     510    -2.150000E+00 -4.079184E+01  1.537637E+01
       2     510    -2.150000E+00 -4.079184E+01  1.644716E+01
       2     510    -2.150000E+00 -3.977204E+01  1.216399E+01
       2     510    -2.150000E+00 -3.977204E+01  1.323478E+01
       2     510    -2.150000E+00 -3.977204E+01  1.430558E+01
       2     510    -2.150000E+00 -3.977204E+01  1.537637E+01
       2     510    -2.150000E+00 -3.977204E+01  1.644716E+01
       2     510    -2.150000E+00 -3.875224E+01  1.216399E+01
       2     510    -2.150000E+00 -3.875224E+01  1.323478E+01
       2     510    -2.150000E+00 -3.875224E+01  1.430558E+01
       2     510    -2.150000E+00 -3.875224E+01  1.537637E+01
       2     510    -2.150000E+00 -3.875224E+01  1.644716E+01
       2     510    -2.150000E+00 -3.773244E+01  1.216399E+01
       2     510    -2.150000E+00 -3.773244E+01  1.323478E+01
       2     510    -2.150000E+00 -3.773244E+01  1.430558E+01
       2     510    -2.150000E+00 -3.773244E+01  1.537637E+01
       2     510    -2.150000E+00 -3.773244E+01  1.644716E+01
       2     510    -2.150000E+00 -3.671264E+01  1.216399E+01
       2     510    -2.150000E+00 -3.671264E+01  1.323478E+01
       2     510    -2.150000E+00 -3.671264E+01  1.430558E+01
       2     510    -2.150000E+00 -3.671264E+01  1.537637E+01
       2     510    -2.150000E+00 -3.671264E+01  1.644716E+01
       2     510    -2.150000E+00 -3.569283E+01  1.216399E+01
       2     510    -2.150000E+00 -3.569283E+01  1.323478E+01
       2     510    -2.150000E+00 -3.569283E+01  1.430558E+01
       2     510    -2.150000E+00 -3.569283E+01  1.537637E+01
       2     510    -2.150000E+00 -3.569283E+01  1.644716E+01
       2     510    -2.150000E+00 -3.467303E+01  1.216399E+01
       2     510    -2.150000E+00 -3.467303E+01  1.323478E+01
       2     510    -2.150000E+00 -3.467303E+01  1.430558E+01
       2     510    -2.150000E+00 -3.467303E+01  1.537637E+01
       2     510    -2.150000E+00 -3.467303E+01  1.644716E+01
       2     510    -2.150000E+00 -3.365323E+01  1.216399E+01
       2     510    -2.150000E+00 -3.365323E+01  1.323478E+01
       2     510    -2.150000E+00 -3.365323E+01  1.430558E+01
       2     510    -2.150000E+00 -3.365323E+01  1.537637E+01
       2     510    -2.150000E+00 -3.365323E+01  1.644716E+01
       2     510    -2.150000E+00 -3.263343E+01  1.216399E+01
       2     510    -2.150000E+00 -3.263343E+01  1.323478E+01
       2     510    -2.150000E+00 -3.263343E+01  1.430558E+01
       2     510    -2.150000E+00 -3.263343E+01  1.537637E+01
       2     510    -2.150000E+00 -3.263343E+01  1.644716E+01
       2     510    -2.150000E+00 -3.161363E+01  1.216399E+01
       2     510    -2.150000E+00 -3.161363E+01  1.323478E+01
       2     510    -2.150000E+00 -3.161363E+01  1.430558E+01
       2     510    -2.150000E+00 -3.161363E+01  1.537637E+01
       2     510    -2.150000E+00 -3.161363E+01  1.644716E+01
       2     510    -2.150000E+00 -3.059382E+01  1.216399E+01
       2     510    -2.150000E+00 -3.059382E+01  1.323478E+01
       2     510    -2.150000E+00 -3.059382E+01  1.430558E+01
       2     510    -2.150000E+00 -3.059382E+01  1.537637E+01
       2     510    -2.150000E+00 -3.059382E+01  1.644716E+01
       2     510    -2.150000E+00 -2.957402E+01  1.216399E+01
       2     510    -2.150000E+00 -2.957402E+01  1.323478E+01
       2     510    -2.150000E+00 -2.957402E+01  1.430558E+01
       2     510    -2.150000E+00 -2.957402E+01  1.537637E+01
       2     510    -2.150000E+00 -2.957402E+01  1.644716E+01
       2     510    -2.150000E+00 -2.855422E+01  1.216399E+01
       2     510    -2.150000E+00 -2.855422E+01  1.323478E+01
       2     510    -2.150000E+00 -2.855422E+01  1.430558E+01
       2     510    -2.150000E+00 -2.855422E+01  1.537637E+01
       2     510    -2.150000E+00 -2.855422E+01  1.644716E+01
       2     510    -2.150000E+00 -2.753442E+01  1.216399E+01
       2     510    -2.150000E+00 -2.753442E+01  1.323478E+01
       2     510    -2.150000E+00 -2.753442E+01  1.430558E+01
       2     510    -2.150000E+00 -2.753442E+01  1.537637E+01
       2     510    -2.150000E+00 -2.753442E+01  1.644716E+01
       2     510    -2.150000E+00 -2.651462E+01  1.216399E+01
       2     510    -2.150000E+00 -2.651462E+01  1.323478E+01
       2     510    -2.150000E+00 -2.651462E+01  1.430558E+01
       2     510    -2.150000E+00 -2.651462E+01  1.537637E+01
       2     510    -2.150000E+00 -2.651462E+01  1.644716E+01
       2     510    -2.150000E+00 -2.549481E+01  1.216399E+01
       2     510    -2.150000E+00 -2.549481E+01  1.323478E+01
       2     510    -2.150000E+00 -2.549481E+01  1.430558E+01
       2     510    -2.150000E+00 -2.549481E+01  1.537637E+01
       2     510    -2.150000E+00 -2.549481E+01  1.644716E+01
       2     510    -2.150000E+00 -2.447501E+01  1.216399E+01
       2     510    -2.150000E+00 -2.447501E+01  1.323478E+01
       2     510    -2.150000E+00 -2.447501E+01  1.430558E+01
       2     510    -2.150000E+00 -2.447501E+01  1.537637E+01
       2     510    -2.150000E+00 -2.447501E+01  1.644716E+01
       2     510    -2.150000E+00 -2.345521E+01  1.216399E+01
       2     510    -2.150000E+00 -2.345521E+01  1.323478E+01
       2     510    -2.150000E+00 -2.345521E+01  1.430558E+01
       2     510    -2.150000E+00 -2.345521E+01  1.537637E+01
       2     510    -2.150000E+00 -2.345521E+01  1.644716E+01
       2     510    -2.150000E+00 -2.243541E+01  1.216399E+01
       2     510    -2.150000E+00 -2.243541E+01  1.323478E+01
       2     510    -2.150000E+00 -2.243541E+01  1.430558E+01
       2     510    -2.150000E+00 -2.243541E+01  1.537637E+01
       2     510    -2.150000E+00 -2.243541E+01  1.644716E+01
       2     510    -2.150000E+00 -2.141561E+01  1.216399E+01
       2     510    -2.150000E+00 -2.141561E+01  1.323478E+01
       2     510    -2.150000E+00 -2.141561E+01  1.430558E+01
       2     510    -2.150000E+00 -2.141561E+01  1.537637E+01
       2     510    -2.150000E+00 -2.141561E+01  1.644716E+01
       2     510    -2.150000E+00 -2.039581E+01  1.216399E+01
       2     510    -2.150000E+00 -2.039581E+01  1.323478E+01
       2     510    -2.150000E+00 -2.039581E+01  1.430558E+01
       2     510    -2.150000E+00 -2.039581E+01  1.537637E+01
       2     510    -2.150000E+00 -2.039581E+01  1.644716E+01
       2     510    -2.150000E+00 -1.937600E+01  1.216399E+01
       2     510    -2.150000E+00 -1.937600E+01  1.323478E+01
       2     510    -2.150000E+00 -1.937600E+01  1.430558E+01
       2     510    -2.150000E+00 -1.937600E+01  1.537637E+01
       2     510    -2.150000E+00 -1.937600E+01  1.644716E+01
       2     510    -2.150000E+00 -1.835620E+01  1.216399E+01
       2     510    -2.150000E+00 -1.835620E+01  1.323478E+01
       2     510    -2.150000E+00 -1.835620E+01  1.430558E+01
       2     510    -2.150000E+00 -1.835620E+01  1.537637E+01
       2     510    -2.150000E+00 -1.835620E+01  1.644716E+01
       2     510    -2.150000E+00 -1.733640E+01  1.216399E+01
       2     510    -2.150000E+00 -1.733640E+01  1.323478E+01
       2     510    -2.150000E+00 -1.733640E+01  1.430558E+01
       2     510    -2.150000E+00 -1.733640E+01  1.537637E+01
       2     510    -2.150000E+00 -1.733640E+01  1.644716E+01
       2     510    -2.150000E+00 -1.631660E+01  1.216399E+01
       2     510    -2.150000E+00 -1.631660E+01  1.323478E+01
       2     510    -2.150000E+00 -1.631660E+01  1.430558E+01
       2     510    -2.150000E+00 -1.631660E+01  1.537637E+01
       2     510    -2.150000E+00 -1.631660E+01  1.644716E+01
       2     510    -2.150000E+00 -1.529680E+01  1.216399E+01
       2     510    -2.150000E+00 -1.529680E+01  1.323478E+01
       2     510    -2.150000E+00 -1.529680E+01  1.430558E+01
       2     510    -2.150000E+00 -1.529680E+01  1.537637E+01
       2     510    -2.150000E+00 -1.529680E+01  1.644716E+01
       2     510    -2.150000E+00 -1.427699E+01  1.216399E+01
       2     510    -2.150000E+00 -1.427699E+01  1.323478E+01
       2     510    -2.150000E+00 -1.427699E+01  1.430558E+01
       2     510    -2.150000E+00 -1.427699E+01  1.537637E+01
       2     510    -2.150000E+00 -1.427699E+01  1.644716E+01
       2     510    -2.150000E+00 -1.325719E+01  1.216399E+01
       2     510    -2.150000E+00 -1.325719E+01  1.323478E+01
       2     510    -2.150000E+00 -1.325719E+01  1.430558E+01
       2     510    -2.150000E+00 -1.325719E+01  1.537637E+01
       2     510    -2.150000E+00 -1.325719E+01  1.644716E+01
       2     510    -2.150000E+00 -1.223739E+01  1.216399E+01
       2     510    -2.150000E+00 -1.223739E+01  1.323478E+01
       2     510    -2.150000E+00 -1.223739E+01  1.430558E+01
       2     510    -2.150000E+00 -1.223739E+01  1.537637E+01
       2     510    -2.150000E+00 -1.223739E+01  1.644716E+01
       2     510    -2.150000E+00 -1.121759E+01  1.216399E+01
       2     510    -2.150000E+00 -1.121759E+01  1.323478E+01
       2     510    -2.150000E+00 -1.121759E+01  1.430558E+01
       2     510    -2.150000E+00 -1.121759E+01  1.537637E+01
       2     510    -2.150000E+00 -1.121759E+01  1.644716E+01
       2     510    -2.150000E+00 -1.019779E+01  1.216399E+01
       2     510    -2.150000E+00 -1.019779E+01  1.323478E+01
       2     510    -2.150000E+00 -1.019779E+01  1.430558E+01
       2     510    -2.150000E+00 -1.019779E+01  1.537637E+01
       2     510    -2.150000E+00 -1.019779E+01  1.644716E+01
       2     510    -2.150000E+00 -9.177983E+00  1.216399E+01
       2     510    -2.150000E+00 -9.177983E+00  1.323478E+01
       2     510    -2.150000E+00 -9.177983E+00  1.430558E+01
       2     510    -2.150000E+00 -9.177983E+00  1.537637E+01
       2     510    -2.150000E+00 -9.177983E+00  1.644716E+01
       2     510    -2.150000E+00 -8.158181E+00  1.216399E+01
       2     510    -2.150000E+00 -8.158181E+00  1.323478E+01
       2     510    -2.150000E+00 -8.158181E+00  1.430558E+01
       2     510    -2.150000E+00 -8.158181E+00  1.537637E+01
       2     510    -2.150000E+00 -8.158181E+00  1.644716E+01
       2     510    -2.150000E+00 -7.138379E+00  1.216399E+01
       2     510    -2.150000E+00 -7.138379E+00  1.323478E+01
       2     510    -2.150000E+00 -7.138379E+00  1.430558E+01
       2     510    -2.150000E+00 -7.138379E+00  1.537637E+01
       2     510    -2.150000E+00 -7.138379E+00  1.644716E+01
       2     510    -2.150000E+00 -6.118577E+00  1.216399E+01
       2     510    -2.150000E+00 -6.118577E+00  1.323478E+01
       2     510    -2.150000E+00 -6.118577E+00  1.430558E+01
       2     510    -2.150000E+00 -6.118577E+00  1.537637E+01
       2     510    -2.150000E+00 -6.118577E+00  1.644716E+01
       2     510    -2.150000E+00 -5.098775E+00  1.216399E+01
       2     510    -2.150000E+00 -5.098775E+00  1.323478E+01
       2     510    -2.150000E+00 -5.098775E+00  1.430558E+01
       2     510    -2.150000E+00 -5.098775E+00  1.537637E+01
       2     510    -2.150000E+00 -5.098775E+00  1.644716E+01
       2     510    -2.150000E+00 -4.078973E+00  1.216399E+01
       2     510    -2.150000E+00 -4.078973E+00  1.323478E+01
       2     510    -2.150000E+00 -4.078973E+00  1.430558E+01
       2     510    -2.150000E+00 -4.078973E+00  1.537637E+01
       2     510    -2.150000E+00 -4.078973E+00  1.644716E+01
       2     510    -2.150000E+00 -3.059171E+00  1.216399E+01
       2     510    -2.150000E+00 -3.059171E+00  1.323478E+01
       2     510    -2.150000E+00 -3.059171E+00  1.430558E+01
       2     510    -2.150000E+00 -3.059171E+00  1.537637E+01
       2     510    -2.150000E+00 -3.059171E+00  1.644716E+01
       2     510    -2.150000E+00 -2.039369E+00  1.216399E+01
       2     510    -2.150000E+00 -2.039369E+00  1.323478E+01
       2     510    -2.150000E+00 -2.039369E+00  1.430558E+01
       2     510    -2.150000E+00 -2.039369E+00  1.537637E+01
       2     510    -2.150000E+00 -2.039369E+00  1.644716E+01
       2     510    -2.150000E+00 -1.019567E+00  1.216399E+01
       2     510    -2.150000E+00 -1.019567E+00  1.323478E+01
       2     510    -2.150000E+00 -1.019567E+00  1.430558E+01
       2     510    -2.150000E+00 -1.019567E+00  1.537637E+01
       2     510    -2.150000E+00 -1.019567E+00  1.644716E+01
       2     510    -2.150000E+00  2.345679E-04  1.216399E+01
       2     510    -2.150000E+00  2.345679E-04  1.323478E+01
       2     510    -2.150000E+00  2.345679E-04  1.430558E+01
       2     510    -2.150000E+00  2.345679E-04  1.537637E+01
       2     510    -2.150000E+00  2.345679E-04  1.644716E+01
       2     510    -2.150000E+00  1.020037E+00  1.216399E+01
       2     510    -2.150000E+00  1.020037E+00  1.323478E+01
       2     510    -2.150000E+00  1.020037E+00  1.430558E+01
       2     510    -2.150000E+00  1.020037E+00  1.537637E+01
       2     510    -2.150000E+00  1.020037E+00  1.644716E+01
       2     510    -2.150000E+00  2.039839E+00  1.216399E+01
       2     510    -2.150000E+00  2.039839E+00  1.323478E+01
       2     510    -2.150000E+00  2.039839E+00  1.430558E+01
       2     510    -2.150000E+00  2.039839E+00  1.537637E+01
       2     510    -2.150000E+00  2.039839E+00  1.644716E+01
       2     510    -2.150000E+00  3.059641E+00  1.216399E+01
       2     510    -2.150000E+00  3.059641E+00  1.323478E+01
       2     510    -2.150000E+00  3.059641E+00  1.430558E+01
       2     510    -2.150000E+00  3.059641E+00  1.537637E+01
       2     510    -2.150000E+00  3.059641E+00  1.644716E+01
       2     510    -2.150000E+00  4.079442E+00  1.216399E+01
       2     510    -2.150000E+00  4.079442E+00  1.323478E+01
       2     510    -2.150000E+00  4.079442E+00  1.430558E+01
       2     510    -2.150000E+00  4.079442E+00  1.537637E+01
       2     510    -2.150000E+00  4.079442E+00  1.644716E+01
       2     510    -2.150000E+00  5.099244E+00  1.216399E+01
       2     510    -2.150000E+00  5.099244E+00  1.323478E+01
       2     510    -2.150000E+00  5.099244E+00  1.430558E+01
       2     510    -2.150000E+00  5.099244E+00  1.537637E+01
       2     510    -2.150000E+00  5.099244E+00  1.644716E+01
       2     510    -2.150000E+00  6.119046E+00  1.216399E+01
       2     510    -2.150000E+00  6.119046E+00  1.323478E+01
       2     510    -2.150000E+00  6.119046E+00  1.430558E+01
       2     510    -2.150000E+00  6.119046E+00  1.537637E+01
       2     510    -2.150000E+00  6.119046E+00  1.644716E+01
       2     510    -2.150000E+00  7.138848E+00  1.216399E+01
       2     510    -2.150000E+00  7.138848E+00  1.323478E+01
       2     510    -2.150000E+00  7.138848E+00  1.430558E+01
       2     510    -2.150000E+00  7.138848E+00  1.537637E+01
       2     510    -2.150000E+00  7.138848E+00  1.644716E+01
       2     510    -2.150000E+00  8.158650E+00  1.216399E+01
       2     510    -2.150000E+00  8.158650E+00  1.323478E+01
       2     510    -2.150000E+00  8.158650E+00  1.430558E+01
       2     510    -2.150000E+00  8.158650E+00  1.537637E+01
       2     510    -2.150000E+00  8.158650E+00  1.644716E+01
       2     510    -2.150000E+00  9.178452E+00  1.216399E+01
       2     510    -2.150000E+00  9.178452E+00  1.323478E+01
       2     510    -2.150000E+00  9.178452E+00  1.430558E+01
       2     510    -2.150000E+00  9.178452E+00  1.537637E+01
       2     510    -2.150000E+00  9.178452E+00  1.644716E+01
       2     510    -2.150000E+00  1.019825E+01  1.216399E+01
       2     510    -2.150000E+00  1.019825E+01  1.323478E+01
       2     510    -2.150000E+00  1.019825E+01  1.430558E+01
       2     510    -2.150000E+00  1.019825E+01  1.537637E+01
       2     510    -2.150000E+00  1.019825E+01  1.644716E+01
    2001     510    -2.150000E+00  1.121806E+01  1.216399E+01
    2001     510    -2.150000E+00  1.121806E+01  1.323478E+01
    2001     510    -2.150000E+00  1.121806E+01  1.430558E+01
       2     510    -2.150000E+00  1.121806E+01  1.537637E+01
       2     510    -2.150000E+00  1.121806E+01  1.644716E+01
    2001     510    -2.150000E+00  1.223786E+01  1.216399E+01
    2001     510    -2.150000E+00  1.223786E+01  1.323478E+01
    2001     510    -2.150000E+00  1.223786E+01  1.430558E+01
       2     510    -2.150000E+00  1.223786E+01  1.537637E+01
       2     510    -2.150000E+00  1.223786E+01  1.644716E+01
    2001     510    -2.150000E+00  1.325766E+01  1.216399E+01
    2001     510    -2.150000E+00  1.325766E+01  1.323478E+01
    2001     510    -2.150000E+00  1.325766E+01  1.430558E+01
       2     510    -2.150000E+00  1.325766E+01  1.537637E+01
       2     510    -2.150000E+00  1.325766E+01  1.644716E+01
    2001     510    -2.150000E+00  1.427746E+01  1.216399E+01
    2001     510    -2.150000E+00  1.427746E+01  1.323478E+01
    2001     510    -2.150000E+00  1.427746E+01  1.430558E+01
       2     510    -2.150000E+00  1.427746E+01  1.537637E+01
       2     510    -2.150000E+00  1.427746E+01  1.644716E+01
       2     510    -2.150000E+00  1.529726E+01  1.216399E+01
       2     510    -2.150000E+00  1.529726E+01  1.323478E+01
       2     510    -2.150000E+00  1.529726E+01  1.430558E+01
       2     510    -2.150000E+00  1.529726E+01  1.537637E+01
       2     510    -2.150000E+00  1.529726E+01  1.644716E+01
       2     510    -2.150000E+00  1.631707E+01  1.216399E+01
       2     510    -2.150000E+00  1.631707E+01  1.323478E+01
       2     510    -2.150000E+00  1.631707E+01  1.430558E+01
       2     510    -2.150000E+00  1.631707E+01  1.537637E+01
       2     510    -2.150000E+00  1.631707E+01  1.644716E+01
       2     510    -2.150000E+00  1.733687E+01  1.216399E+01
       2     510    -2.150000E+00  1.733687E+01  1.323478E+01
       2     510    -2.150000E+00  1.733687E+01  1.430558E+01
       2     510    -2.150000E+00  1.733687E+01  1.537637E+01
       2     510    -2.150000E+00  1.733687E+01  1.644716E+01
       2     510    -2.150000E+00  1.835667E+01  1.216399E+01
       2     510    -2.150000E+00  1.835667E+01  1.323478E+01
       2     510    -2.150000E+00  1.835667E+01  1.430558E+01
       2     510    -2.150000E+00  1.835667E+01  1.537637E+01
       2     510    -2.150000E+00  1.835667E+01  1.644716E+01
       2     510    -2.150000E+00  1.937647E+01  1.216399E+01
       2     510    -2.150000E+00  1.937647E+01  1.323478E+01
       2     510    -2.150000E+00  1.937647E+01  1.430558E+01
       2     510    -2.150000E+00  1.937647E+01  1.537637E+01
       2     510    -2.150000E+00  1.937647E+01  1.644716E+01
       2     510    -2.150000E+00  2.039627E+01  1.216399E+01
       2     510    -2.150000E+00  2.039627E+01  1.323478E+01
       2     510    -2.150000E+00  2.039627E+01  1.430558E+01
       2     510    -2.150000E+00  2.039627E+01  1.537637E+01
       2     510    -2.150000E+00  2.039627E+01  1.644716E+01
       2     510    -2.150000E+00  2.141608E+01  1.216399E+01
       2     510    -2.150000E+00  2.141608E+01  1.323478E+01
       2     510    -2.150000E+00  2.141608E+01  1.430558E+01
       2     510    -2.150000E+00  2.141608E+01  1.537637E+01
       2     510    -2.150000E+00  2.141608E+01  1.644716E+01
       2     510    -2.150000E+00  2.243588E+01  1.216399E+01
       2     510    -2.150000E+00  2.243588E+01  1.323478E+01
       2     510    -2.150000E+00  2.243588E+01  1.430558E+01
       2     510    -2.150000E+00  2.243588E+01  1.537637E+01
       2     510    -2.150000E+00  2.243588E+01  1.644716E+01
       2     510    -2.150000E+00  2.345568E+01  1.216399E+01
       2     510    -2.150000E+00  2.345568E+01  1.323478E+01
       2     510    -2.150000E+00  2.345568E+01  1.430558E+01
       2     510    -2.150000E+00  2.345568E+01  1.537637E+01
       2     510    -2.150000E+00  2.345568E+01  1.644716E+01
       2     510    -2.150000E+00  2.447548E+01  1.216399E+01
       2     510    -2.150000E+00  2.447548E+01  1.323478E+01
       2     510    -2.150000E+00  2.447548E+01  1.430558E+01
       2     510    -2.150000E+00  2.447548E+01  1.537637E+01
       2     510    -2.150000E+00  2.447548E+01  1.644716E+01
       2     510    -2.150000E+00  2.549528E+01  1.216399E+01
       2     510    -2.150000E+00  2.549528E+01  1.323478E+01
       2     510    -2.150000E+00  2.549528E+01  1.430558E+01
       2     510    -2.150000E+00  2.549528E+01  1.537637E+01
       2     510    -2.150000E+00  2.549528E+01  1.644716E+01
       2     510    -2.150000E+00  2.651509E+01  1.216399E+01
       2     510    -2.150000E+00  2.651509E+01  1.323478E+01
       2     510    -2.150000E+00  2.651509E+01  1.430558E+01
       2     510    -2.150000E+00  2.651509E+01  1.537637E+01
       2     510    -2.150000E+00  2.651509E+01  1.644716E+01
       2     510    -2.150000E+00  2.753489E+01  1.216399E+01
       2     510    -2.150000E+00  2.753489E+01  1.323478E+01
       2     510    -2.150000E+00  2.753489E+01  1.430558E+01
       2     510    -2.150000E+00  2.753489E+01  1.537637E+01
       2     510    -2.150000E+00  2.753489E+01  1.644716E+01
       2     510    -2.150000E+00  2.855469E+01  1.216399E+01
       2     510    -2.150000E+00  2.855469E+01  1.323478E+01
       2     510    -2.150000E+00  2.855469E+01  1.430558E+01
       2     510    -2.150000E+00  2.855469E+01  1.537637E+01
       2     510    -2.150000E+00  2.855469E+01  1.644716E+01
       2     510    -2.150000E+00  2.957449E+01  1.216399E+01
       2     510    -2.150000E+00  2.957449E+01  1.323478E+01
       2     510    -2.150000E+00  2.957449E+01  1.430558E+01
       2     510    -2.150000E+00  2.957449E+01  1.537637E+01
       2     510    -2.150000E+00  2.957449E+01  1.644716E+01
       2     510    -2.150000E+00  3.059429E+01  1.216399E+01
       2     510    -2.150000E+00  3.059429E+01  1.323478E+01
       2     510    -2.150000E+00  3.059429E+01  1.430558E+01
       2     510    -2.150000E+00  3.059429E+01  1.537637E+01
       2     510    -2.150000E+00  3.059429E+01  1.644716E+01
       2     510    -2.150000E+00  3.161410E+01  1.216399E+01
       2     510    -2.150000E+00  3.161410E+01  1.323478E+01
       2     510    -2.150000E+00  3.161410E+01  1.430558E+01
       2     510    -2.150000E+00  3.161410E+01  1.537637E+01
       2     510    -2.150000E+00  3.161410E+01  1.644716E+01
       2     510    -2.150000E+00  3.263390E+01  1.216399E+01
       2     510    -2.150000E+00  3.263390E+01  1.323478E+01
       2     510    -2.150000E+00  3.263390E+01  1.430558E+01
       2     510    -2.150000E+00  3.263390E+01  1.537637E+01
       2     510    -2.150000E+00  3.263390E+01  1.644716E+01
       2     510    -2.150000E+00  3.365370E+01  1.216399E+01
       2     510    -2.150000E+00  3.365370E+01  1.323478E+01
       2     510    -2.150000E+00  3.365370E+01  1.430558E+01
       2     510    -2.150000E+00  3.365370E+01  1.537637E+01
       2     510    -2.150000E+00  3.365370E+01  1.644716E+01
       2     510    -2.150000E+00  3.467350E+01  1.216399E+01
       2     510    -2.150000E+00  3.467350E+01  1.323478E+01
       2     510    -2.150000E+00  3.467350E+01  1.430558E+01
       2     510    -2.150000E+00  3.467350E+01  1.537637E+01
       2     510    -2.150000E+00  3.467350E+01  1.644716E+01
       2     510    -2.150000E+00  3.569330E+01  1.216399E+01
       2     510    -2.150000E+00  3.569330E+01  1.323478E+01
       2     510    -2.150000E+00  3.569330E+01  1.430558E+01
       2     510    -2.150000E+00  3.569330E+01  1.537637E+01
       2     510    -2.150000E+00  3.569330E+01  1.644716E+01
       2     510    -2.150000E+00  3.671311E+01  1.216399E+01
       2     510    -2.150000E+00  3.671311E+01  1.323478E+01
       2     510    -2.150000E+00  3.671311E+01  1.430558E+01
       2     510    -2.150000E+00  3.671311E+01  1.537637E+01
       2     510    -2.150000E+00  3.671311E+01  1.644716E+01
       2     510    -2.150000E+00  3.773291E+01  1.216399E+01
       2     510    -2.150000E+00  3.773291E+01  1.323478E+01
       2     510    -2.150000E+00  3.773291E+01  1.430558E+01
       2     510    -2.150000E+00  3.773291E+01  1.537637E+01
       2     510    -2.150000E+00  3.773291E+01  1.644716E+01
       2     510    -2.150000E+00  3.875271E+01  1.216399E+01
       2     510    -2.150000E+00  3.875271E+01  1.323478E+01
       2     510    -2.150000E+00  3.875271E+01  1.430558E+01
       2     510    -2.150000E+00  3.875271E+01  1.537637E+01
       2     510    -2.150000E+00  3.875271E+01  1.644716E+01
       2     510    -2.150000E+00  3.977251E+01  1.216399E+01
       2     510    -2.150000E+00  3.977251E+01  1.323478E+01
       2     510    -2.150000E+00  3.977251E+01  1.430558E+01
       2     510    -2.150000E+00  3.977251E+01  1.537637E+01
       2     510    -2.150000E+00  3.977251E+01  1.644716E+01
       2     510    -2.150000E+00  4.079231E+01  1.216399E+01
       2     510    -2.150000E+00  4.079231E+01  1.323478E+01
       2     510    -2.150000E+00  4.079231E+01  1.430558E+01
       2     510    -2.150000E+00  4.079231E+01  1.537637E+01
       2     510    -2.150000E+00  4.079231E+01  1.644716E+01
       2     510    -2.150000E+00  4.181212E+01  1.216399E+01
       2     510    -2.150000E+00  4.181212E+01  1.323478E+01
       2     510    -2.150000E+00  4.181212E+01  1.430558E+01
       2     510    -2.150000E+00  4.181212E+01  1.537637E+01
       2     510    -2.150000E+00  4.181212E+01  1.644716E+01
       2     510    -2.150000E+00  4.283192E+01  1.216399E+01
       2     510    -2.150000E+00  4.283192E+01  1.323478E+01
       2     510    -2.150000E+00  4.283192E+01  1.430558E+01
       2     510    -2.150000E+00  4.283192E+01  1.537637E+01
       2     510    -2.150000E+00  4.283192E+01  1.644716E+01
       2     510    -2.150000E+00  4.385172E+01  1.216399E+01
       2     510    -2.150000E+00  4.385172E+01  1.323478E+01
       2     510    -2.150000E+00  4.385172E+01  1.430558E+01
       2     510    -2.150000E+00  4.385172E+01  1.537637E+01
       2     510    -2.150000E+00  4.385172E+01  1.644716E+01
       2     510    -2.150000E+00  4.487152E+01  1.216399E+01
       2     510    -2.150000E+00  4.487152E+01  1.323478E+01
       2     510    -2.150000E+00  4.487152E+01  1.430558E+01
       2     510    -2.150000E+00  4.487152E+01  1.537637E+01
       2     510    -2.150000E+00  4.487152E+01  1.644716E+01
       2     510    -2.150000E+00  4.589132E+01  1.216399E+01
       2     510    -2.150000E+00  4.589132E+01  1.323478E+01
       2     510    -2.150000E+00  4.589132E+01  1.430558E+01
       2     510    -2.150000E+00  4.589132E+01  1.537637E+01
       2     510    -2.150000E+00  4.589132E+01  1.644716E+01
       2     510    -2.150000E+00  4.691113E+01  1.216399E+01
       2     510    -2.150000E+00  4.691113E+01  1.323478E+01
       2     510    -2.150000E+00  4.691113E+01  1.430558E+01
       2     510    -2.150000E+00  4.691113E+01  1.537637E+01
       2     510    -2.150000E+00  4.691113E+01  1.644716E+01
       2     510    -2.150000E+00  4.793093E+01  1.216399E+01
       2     510    -2.150000E+00  4.793093E+01  1.323478E+01
       2     510    -2.150000E+00  4.793093E+01  1.430558E+01
       2     510    -2.150000E+00  4.793093E+01  1.537637E+01
       2     510    -2.150000E+00  4.793093E+01  1.644716E+01
       2     510    -2.150000E+00  4.895073E+01  1.216399E+01
       2     510    -2.150000E+00  4.895073E+01  1.323478E+01
       2     510    -2.150000E+00  4.895073E+01  1.430558E+01
       2     510    -2.150000E+00  4.895073E+01  1.537637E+01
       2     510    -2.150000E+00  4.895073E+01  1.644716E+01
       2     510    -2.150000E+00  4.997053E+01  1.216399E+01
       2     510    -2.150000E+00  4.997053E+01  1.323478E+01
       2     510    -2.150000E+00  4.997053E+01  1.430558E+01
       2     510    -2.150000E+00  4.997053E+01  1.537637E+01
       2     510    -2.150000E+00  4.997053E+01  1.644716E+01
       2     510    -2.150000E+00  5.099033E+01  1.216399E+01
       2     510    -2.150000E+00  5.099033E+01  1.323478E+01
       2     510    -2.150000E+00  5.099033E+01  1.430558E+01
       2     510    -2.150000E+00  5.099033E+01  1.537637E+01
       2     510    -2.150000E+00  5.099033E+01  1.644716E+01

Errors of cell definition in EPS Page No. =   1
Overlapped Cell IDs  x, y, z  coodinates
(Cells 0       0  indicate undefined region)
    2001     510    -2.150000E+00  1.121806E+01  1.216399E+01
    2001     510    -2.150000E+00  1.121806E+01  1.323478E+01
    2001     510    -2.150000E+00  1.121806E+01  1.430558E+01
    2001     510    -2.150000E+00  1.223786E+01  1.216399E+01
    2001     510    -2.150000E+00  1.223786E+01  1.323478E+01
    2001     510    -2.150000E+00  1.223786E+01  1.430558E+01
    2001     510    -2.150000E+00  1.325766E+01  1.216399E+01
    2001     510    -2.150000E+00  1.325766E+01  1.323478E+01
    2001     510    -2.150000E+00  1.325766E+01  1.430558E+01
    2001     510    -2.150000E+00  1.427746E+01  1.216399E+01
    2001     510    -2.150000E+00  1.427746E+01  1.323478E+01
    2001     510    -2.150000E+00  1.427746E+01  1.430558E+01

Errors of cell definition in EPS Page No. =   1
Overlapped Cell IDs  x, y, z  coodinates
(Cells 0       0  indicate undefined region)
    2001     510    -2.150000E+00  1.121806E+01  1.216399E+01
    2001     510    -2.150000E+00  1.121806E+01  1.323478E+01
    2001     510    -2.150000E+00  1.121806E+01  1.430558E+01
    2001     510    -2.150000E+00  1.223786E+01  1.216399E+01
    2001     510    -2.150000E+00  1.223786E+01  1.323478E+01
    2001     510    -2.150000E+00  1.223786E+01  1.430558E+01
    2001     510    -2.150000E+00  1.325766E+01  1.216399E+01
    2001     510    -2.150000E+00  1.325766E+01  1.323478E+01
    2001     510    -2.150000E+00  1.325766E+01  1.430558E+01
    2001     510    -2.150000E+00  1.427746E+01  1.216399E+01
    2001     510    -2.150000E+00  1.427746E+01  1.323478E+01
    2001     510    -2.150000E+00  1.427746E+01  1.430558E+01
