
Errors of cell definition in EPS Page No. =   1
Overlapped Cell IDs  x, y, z  coodinates
(Cells 0       0  indicate undefined region)
       2    6001    -7.138581E+00  5.000001E-02  5.836400E+01
       2    6001    -7.138581E+00  5.000001E-02  5.953678E+01
       2    6001    -7.138581E+00  5.000001E-02  6.070955E+01
       2    6001    -7.138581E+00  5.000001E-02  6.188232E+01
       2    6001    -6.995809E+00  5.000001E-02  5.836400E+01
       2    6001    -6.995809E+00  5.000001E-02  5.953678E+01
       2    6001    -6.995809E+00  5.000001E-02  6.070955E+01
       2    6001    -6.995809E+00  5.000001E-02  6.188232E+01
       2    6001    -6.853036E+00  5.000001E-02  5.836400E+01
       2    6001    -6.853036E+00  5.000001E-02  5.953678E+01
       2    6001    -6.853036E+00  5.000001E-02  6.070955E+01
       2    6001    -6.853036E+00  5.000001E-02  6.188232E+01
       2    6001    -6.710264E+00  5.000001E-02  5.836400E+01
       2    6001    -6.710264E+00  5.000001E-02  5.953678E+01
       2    6001    -6.710264E+00  5.000001E-02  6.070955E+01
       2    6001    -6.710264E+00  5.000001E-02  6.188232E+01
       2    6001    -6.567492E+00  5.000001E-02  5.836400E+01
       2    6001    -6.567492E+00  5.000001E-02  5.953678E+01
       2    6001    -6.567492E+00  5.000001E-02  6.070955E+01
       2    6001    -6.567492E+00  5.000001E-02  6.188232E+01
       2    6001    -6.424720E+00  5.000001E-02  5.836400E+01
       2    6001    -6.424720E+00  5.000001E-02  5.953678E+01
       2    6001    -6.424720E+00  5.000001E-02  6.070955E+01
       2    6001    -6.424720E+00  5.000001E-02  6.188232E+01
       2    6001    -6.281947E+00  5.000001E-02  5.836400E+01
       2    6001    -6.281947E+00  5.000001E-02  5.953678E+01
       2    6001    -6.281947E+00  5.000001E-02  6.070955E+01
       2    6001    -6.281947E+00  5.000001E-02  6.188232E+01
       2    6001    -6.139175E+00  5.000001E-02  5.836400E+01
       2    6001    -6.139175E+00  5.000001E-02  5.953678E+01
       2    6001    -6.139175E+00  5.000001E-02  6.070955E+01
       2    6001    -6.139175E+00  5.000001E-02  6.188232E+01
       2    6001    -5.996403E+00  5.000001E-02  5.836400E+01
       2    6001    -5.996403E+00  5.000001E-02  5.953678E+01
       2    6001    -5.996403E+00  5.000001E-02  6.070955E+01
       2    6001    -5.996403E+00  5.000001E-02  6.188232E+01
       2    6001    -5.853631E+00  5.000001E-02  5.836400E+01
       2    6001    -5.853631E+00  5.000001E-02  5.953678E+01
       2    6001    -5.853631E+00  5.000001E-02  6.070955E+01
       2    6001    -5.853631E+00  5.000001E-02  6.188232E+01
       2    6001    -5.710858E+00  5.000001E-02  5.836400E+01
       2    6001    -5.710858E+00  5.000001E-02  5.953678E+01
       2    6001    -5.710858E+00  5.000001E-02  6.070955E+01
       2    6001    -5.710858E+00  5.000001E-02  6.188232E+01
       2    6001    -5.568086E+00  5.000001E-02  5.836400E+01
       2    6001    -5.568086E+00  5.000001E-02  5.953678E+01
       2    6001    -5.568086E+00  5.000001E-02  6.070955E+01
       2    6001    -5.568086E+00  5.000001E-02  6.188232E+01
       2    6001    -5.425314E+00  5.000001E-02  5.836400E+01
       2    6001    -5.425314E+00  5.000001E-02  5.953678E+01
       2    6001    -5.425314E+00  5.000001E-02  6.070955E+01
       2    6001    -5.425314E+00  5.000001E-02  6.188232E+01
       2    6001    -5.282541E+00  5.000001E-02  5.836400E+01
       2    6001    -5.282541E+00  5.000001E-02  5.953678E+01
       2    6001    -5.282541E+00  5.000001E-02  6.070955E+01
       2    6001    -5.282541E+00  5.000001E-02  6.188232E+01
       2    6001    -5.139769E+00  5.000001E-02  5.836400E+01
       2    6001    -5.139769E+00  5.000001E-02  5.953678E+01
       2    6001    -5.139769E+00  5.000001E-02  6.070955E+01
       2    6001    -5.139769E+00  5.000001E-02  6.188232E+01
       2    6001    -4.996997E+00  5.000001E-02  5.836400E+01
       2    6001    -4.996997E+00  5.000001E-02  5.953678E+01
       2    6001    -4.996997E+00  5.000001E-02  6.070955E+01
       2    6001    -4.996997E+00  5.000001E-02  6.188232E+01
       2    6001    -4.854225E+00  5.000001E-02  5.836400E+01
       2    6001    -4.854225E+00  5.000001E-02  5.953678E+01
       2    6001    -4.854225E+00  5.000001E-02  6.070955E+01
       2    6001    -4.854225E+00  5.000001E-02  6.188232E+01
       2    6001    -4.711452E+00  5.000001E-02  5.836400E+01
       2    6001    -4.711452E+00  5.000001E-02  5.953678E+01
       2    6001    -4.711452E+00  5.000001E-02  6.070955E+01
       2    6001    -4.711452E+00  5.000001E-02  6.188232E+01
       2    6001    -4.568680E+00  5.000001E-02  5.836400E+01
       2    6001    -4.568680E+00  5.000001E-02  5.953678E+01
       2    6001    -4.568680E+00  5.000001E-02  6.070955E+01
       2    6001    -4.568680E+00  5.000001E-02  6.188232E+01
       2    6001    -4.425908E+00  5.000001E-02  5.836400E+01
       2    6001    -4.425908E+00  5.000001E-02  5.953678E+01
       2    6001    -4.425908E+00  5.000001E-02  6.070955E+01
       2    6001    -4.425908E+00  5.000001E-02  6.188232E+01
       2    6001    -4.283135E+00  5.000001E-02  5.836400E+01
       2    6001    -4.283135E+00  5.000001E-02  5.953678E+01
       2    6001    -4.283135E+00  5.000001E-02  6.070955E+01
       2    6001    -4.283135E+00  5.000001E-02  6.188232E+01
       2    6001    -4.140363E+00  5.000001E-02  5.836400E+01
       2    6001    -4.140363E+00  5.000001E-02  5.953678E+01
       2    6001    -4.140363E+00  5.000001E-02  6.070955E+01
       2    6001    -4.140363E+00  5.000001E-02  6.188232E+01
       2    6001    -3.997591E+00  5.000001E-02  5.836400E+01
       2    6001    -3.997591E+00  5.000001E-02  5.953678E+01
       2    6001    -3.997591E+00  5.000001E-02  6.070955E+01
       2    6001    -3.997591E+00  5.000001E-02  6.188232E+01
       2    6001    -3.854819E+00  5.000001E-02  5.836400E+01
       2    6001    -3.854819E+00  5.000001E-02  5.953678E+01
       2    6001    -3.854819E+00  5.000001E-02  6.070955E+01
       2    6001    -3.854819E+00  5.000001E-02  6.188232E+01
       2    6001    -3.712046E+00  5.000001E-02  5.836400E+01
       2    6001    -3.712046E+00  5.000001E-02  5.953678E+01
       2    6001    -3.712046E+00  5.000001E-02  6.070955E+01
       2    6001    -3.712046E+00  5.000001E-02  6.188232E+01
       2    6001    -3.569274E+00  5.000001E-02  5.836400E+01
       2    6001    -3.569274E+00  5.000001E-02  5.953678E+01
       2    6001    -3.569274E+00  5.000001E-02  6.070955E+01
       2    6001    -3.569274E+00  5.000001E-02  6.188232E+01
       2    6001    -3.426502E+00  5.000001E-02  5.836400E+01
       2    6001    -3.426502E+00  5.000001E-02  5.953678E+01
       2    6001    -3.426502E+00  5.000001E-02  6.070955E+01
       2    6001    -3.426502E+00  5.000001E-02  6.188232E+01
       2    6001    -3.283730E+00  5.000001E-02  5.836400E+01
       2    6001    -3.283730E+00  5.000001E-02  5.953678E+01
       2    6001    -3.283730E+00  5.000001E-02  6.070955E+01
       2    6001    -3.283730E+00  5.000001E-02  6.188232E+01
       2    6001    -3.140957E+00  5.000001E-02  5.836400E+01
       2    6001    -3.140957E+00  5.000001E-02  5.953678E+01
       2    6001    -3.140957E+00  5.000001E-02  6.070955E+01
       2    6001    -3.140957E+00  5.000001E-02  6.188232E+01
       2    6001    -2.998185E+00  5.000001E-02  5.836400E+01
       2    6001    -2.998185E+00  5.000001E-02  5.953678E+01
       2    6001    -2.998185E+00  5.000001E-02  6.070955E+01
       2    6001    -2.998185E+00  5.000001E-02  6.188232E+01
       2    6001    -2.855413E+00  5.000001E-02  5.836400E+01
       2    6001    -2.855413E+00  5.000001E-02  5.953678E+01
       2    6001    -2.855413E+00  5.000001E-02  6.070955E+01
       2    6001    -2.855413E+00  5.000001E-02  6.188232E+01
       2    6001    -2.712640E+00  5.000001E-02  5.836400E+01
       2    6001    -2.712640E+00  5.000001E-02  5.953678E+01
       2    6001    -2.712640E+00  5.000001E-02  6.070955E+01
       2    6001    -2.712640E+00  5.000001E-02  6.188232E+01
       2    6001    -2.569868E+00  5.000001E-02  5.836400E+01
       2    6001    -2.569868E+00  5.000001E-02  5.953678E+01
       2    6001    -2.569868E+00  5.000001E-02  6.070955E+01
       2    6001    -2.569868E+00  5.000001E-02  6.188232E+01
       2    6001    -2.427096E+00  5.000001E-02  5.836400E+01
       2    6001    -2.427096E+00  5.000001E-02  5.953678E+01
       2    6001    -2.427096E+00  5.000001E-02  6.070955E+01
       2    6001    -2.427096E+00  5.000001E-02  6.188232E+01
       2    6001    -2.284324E+00  5.000001E-02  5.836400E+01
       2    6001    -2.284324E+00  5.000001E-02  5.953678E+01
       2    6001    -2.284324E+00  5.000001E-02  6.070955E+01
       2    6001    -2.284324E+00  5.000001E-02  6.188232E+01
       2    6001    -2.141551E+00  5.000001E-02  5.836400E+01
       2    6001    -2.141551E+00  5.000001E-02  5.953678E+01
       2    6001    -2.141551E+00  5.000001E-02  6.070955E+01
       2    6001    -2.141551E+00  5.000001E-02  6.188232E+01
       2    6001    -1.998779E+00  5.000001E-02  5.836400E+01
       2    6001    -1.998779E+00  5.000001E-02  5.953678E+01
       2    6001    -1.998779E+00  5.000001E-02  6.070955E+01
       2    6001    -1.998779E+00  5.000001E-02  6.188232E+01
       2    6001    -1.856007E+00  5.000001E-02  5.836400E+01
       2    6001    -1.856007E+00  5.000001E-02  5.953678E+01
       2    6001    -1.856007E+00  5.000001E-02  6.070955E+01
       2    6001    -1.856007E+00  5.000001E-02  6.188232E+01
       2    6002    -1.713234E+00  5.000001E-02  5.836400E+01
       2    6002    -1.713234E+00  5.000001E-02  5.953678E+01
       2    6002    -1.713234E+00  5.000001E-02  6.070955E+01
       2    6000    -1.713234E+00  5.000001E-02  6.188232E+01
       2    6002    -1.570462E+00  5.000001E-02  5.836400E+01
       2    6002    -1.570462E+00  5.000001E-02  5.953678E+01
     510    6002    -1.570462E+00  5.000001E-02  6.070955E+01
       2    6000    -1.570462E+00  5.000001E-02  6.188232E+01
