[ T-Deposit ]
    title = Bragg peak in pouch
     mesh =  r-z            # mesh type is r-z scoring mesh
       x0 =   0.000000      # center x-position of r-z mesh
       y0 =   0.000000      # center y-position of r-z mesh
   r-type =    2            # r-mesh is linear given by rmin, rmax and nr
     rmin =   0.000000      # minimum value of r-mesh points
     rmax =  0.5000000      # maximum value of r-mesh points
#    rdel =  0.5000000      # mesh width of r-mesh points
       nr =      1          # number of r-mesh points
#    data = ( r(i), i = 1, nr + 1 )
#           0.00000E+00  5.00000E-01
   z-type =    2            # z-mesh is linear given by zmin, zmax and nz
     zmin =   98.00000      # minimum value of z-mesh points
     zmax =   99.00000      # maximum value of z-mesh points
#    zdel =  1.0000000E-02  # mesh width of z-mesh points
       nz =    100          # number of z-mesh points
#    data = ( z(i), i = 1, nz + 1 )
#           9.80000E+01  9.80100E+01  9.80200E+01  9.80300E+01  9.80400E+01
#           9.80500E+01  9.80600E+01  9.80700E+01  9.80800E+01  9.80900E+01
#           9.81000E+01  9.81100E+01  9.81200E+01  9.81300E+01  9.81400E+01
#           9.81500E+01  9.81600E+01  9.81700E+01  9.81800E+01  9.81900E+01
#           9.82000E+01  9.82100E+01  9.82200E+01  9.82300E+01  9.82400E+01
#           9.82500E+01  9.82600E+01  9.82700E+01  9.82800E+01  9.82900E+01
#           9.83000E+01  9.83100E+01  9.83200E+01  9.83300E+01  9.83400E+01
#           9.83500E+01  9.83600E+01  9.83700E+01  9.83800E+01  9.83900E+01
#           9.84000E+01  9.84100E+01  9.84200E+01  9.84300E+01  9.84400E+01
#           9.84500E+01  9.84600E+01  9.84700E+01  9.84800E+01  9.84900E+01
#           9.85000E+01  9.85100E+01  9.85200E+01  9.85300E+01  9.85400E+01
#           9.85500E+01  9.85600E+01  9.85700E+01  9.85800E+01  9.85900E+01
#           9.86000E+01  9.86100E+01  9.86200E+01  9.86300E+01  9.86400E+01
#           9.86500E+01  9.86600E+01  9.86700E+01  9.86800E+01  9.86900E+01
#           9.87000E+01  9.87100E+01  9.87200E+01  9.87300E+01  9.87400E+01
#           9.87500E+01  9.87600E+01  9.87700E+01  9.87800E+01  9.87900E+01
#           9.88000E+01  9.88100E+01  9.88200E+01  9.88300E+01  9.88400E+01
#           9.88500E+01  9.88600E+01  9.88700E+01  9.88800E+01  9.88900E+01
#           9.89000E+01  9.89100E+01  9.89200E+01  9.89300E+01  9.89400E+01
#           9.89500E+01  9.89600E+01  9.89700E+01  9.89800E+01  9.89900E+01
#           9.90000E+01
     unit =    0            # unit is [Gy/source]
   letmat =    0            # (D=0) mat ID for LET, 0:real mat, <0: electron for H2O
  dedxfnc =    0            # (D=0) user defined multiplier, 0(no), 1, 2
 material =  all            # (D=all) number of specific material
   output =  dose           # total deposit energy
  deposit =    0            # (D=0) 0-> total deposit dist, 1-> each process
     axis =     z           # axis of output
     file = bragg_pouch_zcilindJesus_M0.out  # file name of output for the above axis
     part =  proton   
# kf/name :  2212     
   epsout =    1            # (D=0) generate eps file by ANGEL
   mother =  all            # (D=all) number of specific mother
#    used :        main (  %)        temp (  %)       total (  %)
#  memory :         106 (  0)           0 (  0)         106 (  0)

#------------------------------------------------------------------------------
#newpage:
#   no. =  1   ir  =  1
#   r = (   0.0000E+00  -   5.0000E-01  )

x: z [cm]
y: Dose [Gy/source]      
p: xlin ylog afac(0.8) form(0.9)
h: n            x            y(proton  ),hh0l n 
#  z-lower      z-upper        proton    r.err 
   9.8000E+01   9.8010E+01   5.9900E-03  0.0090
   9.8010E+01   9.8020E+01   6.0327E-03  0.0092
   9.8020E+01   9.8030E+01   6.0507E-03  0.0094
   9.8030E+01   9.8040E+01   5.9498E-03  0.0090
   9.8040E+01   9.8050E+01   6.0960E-03  0.0094
   9.8050E+01   9.8060E+01   5.9411E-03  0.0090
   9.8060E+01   9.8070E+01   6.0231E-03  0.0093
   9.8070E+01   9.8080E+01   6.0592E-03  0.0091
   9.8080E+01   9.8090E+01   6.0184E-03  0.0092
   9.8090E+01   9.8100E+01   5.9594E-03  0.0091
   9.8100E+01   9.8110E+01   5.9912E-03  0.0091
   9.8110E+01   9.8120E+01   6.0471E-03  0.0095
   9.8120E+01   9.8130E+01   5.9832E-03  0.0090
   9.8130E+01   9.8140E+01   5.9475E-03  0.0091
   9.8140E+01   9.8150E+01   5.9913E-03  0.0093
   9.8150E+01   9.8160E+01   5.9959E-03  0.0091
   9.8160E+01   9.8170E+01   5.9451E-03  0.0091
   9.8170E+01   9.8180E+01   6.0242E-03  0.0092
   9.8180E+01   9.8190E+01   5.9397E-03  0.0090
   9.8190E+01   9.8200E+01   5.9837E-03  0.0093
   9.8200E+01   9.8210E+01   6.0275E-03  0.0094
   9.8210E+01   9.8220E+01   5.9117E-03  0.0089
   9.8220E+01   9.8230E+01   5.8851E-03  0.0090
   9.8230E+01   9.8240E+01   6.0072E-03  0.0093
   9.8240E+01   9.8250E+01   5.9725E-03  0.0091
   9.8250E+01   9.8260E+01   5.9349E-03  0.0089
   9.8260E+01   9.8270E+01   6.0586E-03  0.0092
   9.8270E+01   9.8280E+01   5.9527E-03  0.0090
   9.8280E+01   9.8290E+01   6.0833E-03  0.0093
   9.8290E+01   9.8300E+01   5.9521E-03  0.0090
   9.8300E+01   9.8310E+01   5.8641E-03  0.0088
   9.8310E+01   9.8320E+01   5.9624E-03  0.0090
   9.8320E+01   9.8330E+01   5.9131E-03  0.0091
   9.8330E+01   9.8340E+01   5.8609E-03  0.0088
   9.8340E+01   9.8350E+01   5.9759E-03  0.0091
   9.8350E+01   9.8360E+01   5.9248E-03  0.0089
   9.8360E+01   9.8370E+01   6.0758E-03  0.0095
   9.8370E+01   9.8380E+01   5.9666E-03  0.0092
   9.8380E+01   9.8390E+01   7.1685E-03  0.0046
   9.8390E+01   9.8400E+01   7.6484E-03  0.0048
   9.8400E+01   9.8410E+01   7.1972E-03  0.0046
   9.8410E+01   9.8420E+01   7.6892E-03  0.0049
   9.8420E+01   9.8430E+01   7.3119E-03  0.0047
   9.8430E+01   9.8440E+01   7.6675E-03  0.0050
   9.8440E+01   9.8450E+01   7.5622E-03  0.0049
   9.8450E+01   9.8460E+01   7.3077E-03  0.0050
   9.8460E+01   9.8470E+01   7.7128E-03  0.0052
   9.8470E+01   9.8480E+01   7.0535E-03  0.0051
   9.8480E+01   9.8490E+01   7.6572E-03  0.0054
   9.8490E+01   9.8500E+01   7.1082E-03  0.0052
   9.8500E+01   9.8510E+01   7.5788E-03  0.0056
   9.8510E+01   9.8520E+01   7.4043E-03  0.0055
   9.8520E+01   9.8530E+01   7.1699E-03  0.0058
   9.8530E+01   9.8540E+01   7.6094E-03  0.0059
   9.8540E+01   9.8550E+01   6.6658E-03  0.0062
   9.8550E+01   9.8560E+01   7.6860E-03  0.0065
   9.8560E+01   9.8570E+01   6.1240E-03  0.0069
   9.8570E+01   9.8580E+01   7.2912E-03  0.0076
   9.8580E+01   9.8590E+01   3.7080E-03  0.0095
   9.8590E+01   9.8600E+01   2.6197E-05  0.0813
   9.8600E+01   9.8610E+01   0.0000E+00  0.0000
   9.8610E+01   9.8620E+01   0.0000E+00  0.0000
   9.8620E+01   9.8630E+01   0.0000E+00  0.0000
   9.8630E+01   9.8640E+01   0.0000E+00  0.0000
   9.8640E+01   9.8650E+01   0.0000E+00  0.0000
   9.8650E+01   9.8660E+01   0.0000E+00  0.0000
   9.8660E+01   9.8670E+01   0.0000E+00  0.0000
   9.8670E+01   9.8680E+01   0.0000E+00  0.0000
   9.8680E+01   9.8690E+01   0.0000E+00  0.0000
   9.8690E+01   9.8700E+01   0.0000E+00  0.0000
   9.8700E+01   9.8710E+01   0.0000E+00  0.0000
   9.8710E+01   9.8720E+01   0.0000E+00  0.0000
   9.8720E+01   9.8730E+01   0.0000E+00  0.0000
   9.8730E+01   9.8740E+01   0.0000E+00  0.0000
   9.8740E+01   9.8750E+01   0.0000E+00  0.0000
   9.8750E+01   9.8760E+01   0.0000E+00  0.0000
   9.8760E+01   9.8770E+01   0.0000E+00  0.0000
   9.8770E+01   9.8780E+01   0.0000E+00  0.0000
   9.8780E+01   9.8790E+01   0.0000E+00  0.0000
   9.8790E+01   9.8800E+01   0.0000E+00  0.0000
   9.8800E+01   9.8810E+01   0.0000E+00  0.0000
   9.8810E+01   9.8820E+01   0.0000E+00  0.0000
   9.8820E+01   9.8830E+01   0.0000E+00  0.0000
   9.8830E+01   9.8840E+01   0.0000E+00  0.0000
   9.8840E+01   9.8850E+01   0.0000E+00  0.0000
   9.8850E+01   9.8860E+01   0.0000E+00  0.0000
   9.8860E+01   9.8870E+01   0.0000E+00  0.0000
   9.8870E+01   9.8880E+01   0.0000E+00  0.0000
   9.8880E+01   9.8890E+01   0.0000E+00  0.0000
   9.8890E+01   9.8900E+01   0.0000E+00  0.0000
   9.8900E+01   9.8910E+01   0.0000E+00  0.0000
   9.8910E+01   9.8920E+01   0.0000E+00  0.0000
   9.8920E+01   9.8930E+01   0.0000E+00  0.0000
   9.8930E+01   9.8940E+01   0.0000E+00  0.0000
   9.8940E+01   9.8950E+01   0.0000E+00  0.0000
   9.8950E+01   9.8960E+01   0.0000E+00  0.0000
   9.8960E+01   9.8970E+01   0.0000E+00  0.0000
   9.8970E+01   9.8980E+01   0.0000E+00  0.0000
   9.8980E+01   9.8990E+01   0.0000E+00  0.0000
   9.8990E+01   9.9000E+01   0.0000E+00  0.0000

#   sum over    7.8540E-01   3.7765E-03  0.0043

'no. =  1,  ir =  1'
msuc: {\huge Bragg peak in pouch}
msdr: {\it plotted by \ANGEL \version}
msdl: {\it calculated by \PHITS  3.35}
wt: s(0.7)
\vspace{-3}
  rmin  &=&   0.0000E+00 [cm]
  rmax  &=&   5.0000E-01 [cm]
e:
 
# Information for Restart Calculation
# This calculation was newly started
# istdev =  2 # 1:Batch variance, 2:History variance
# resc2  = 8.43385973868316235E-02 # Total source weight or Total source weight / maxcas
# resc3  = 5.26400000000000000E+08 # Total history number or Total batch number
# maxcas =      100000 # History / Batch, only used for istdev=1
# bitrseed = 0001111110111011110001111001110111111010110110100011110000001000 # bit data of rseed
