[ T-Track ]
    title = Espectro de energía
     mesh =  reg            # mesh type is region-wise
      reg = 510 600 6003
   volume                   # combined, lattice or level structure 
   non     reg      vol     # reg definition
    1      510   1.6080E+00 # 510
    2      600   1.0000E+00 # 600
    3     6003   1.0000E+00 # 6003
   e-type =    2            # e-mesh is linear given by emin, emax and ne
     emin =  1.0000000E-09  # minimum value of e-mesh points
     emax =   25.00000      # maximum value of e-mesh points
#    edel =  0.2500000      # mesh width of e-mesh points
       ne =    100          # number of e-mesh points
#    data = ( e(i), i = 1, ne + 1 )
#           1.00000E-09  2.50000E-01  5.00000E-01  7.50000E-01  1.00000E+00
#           1.25000E+00  1.50000E+00  1.75000E+00  2.00000E+00  2.25000E+00
#           2.50000E+00  2.75000E+00  3.00000E+00  3.25000E+00  3.50000E+00
#           3.75000E+00  4.00000E+00  4.25000E+00  4.50000E+00  4.75000E+00
#           5.00000E+00  5.25000E+00  5.50000E+00  5.75000E+00  6.00000E+00
#           6.25000E+00  6.50000E+00  6.75000E+00  7.00000E+00  7.25000E+00
#           7.50000E+00  7.75000E+00  8.00000E+00  8.25000E+00  8.50000E+00
#           8.75000E+00  9.00000E+00  9.25000E+00  9.50000E+00  9.75000E+00
#           1.00000E+01  1.02500E+01  1.05000E+01  1.07500E+01  1.10000E+01
#           1.12500E+01  1.15000E+01  1.17500E+01  1.20000E+01  1.22500E+01
#           1.25000E+01  1.27500E+01  1.30000E+01  1.32500E+01  1.35000E+01
#           1.37500E+01  1.40000E+01  1.42500E+01  1.45000E+01  1.47500E+01
#           1.50000E+01  1.52500E+01  1.55000E+01  1.57500E+01  1.60000E+01
#           1.62500E+01  1.65000E+01  1.67500E+01  1.70000E+01  1.72500E+01
#           1.75000E+01  1.77500E+01  1.80000E+01  1.82500E+01  1.85000E+01
#           1.87500E+01  1.90000E+01  1.92500E+01  1.95000E+01  1.97500E+01
#           2.00000E+01  2.02500E+01  2.05000E+01  2.07500E+01  2.10000E+01
#           2.12500E+01  2.15000E+01  2.17500E+01  2.20000E+01  2.22500E+01
#           2.25000E+01  2.27500E+01  2.30000E+01  2.32500E+01  2.35000E+01
#           2.37500E+01  2.40000E+01  2.42500E+01  2.45000E+01  2.47500E+01
#           2.50000E+01
     unit =    1            # unit is [1/cm^2/source]
 material =  all            # (D=all) number of specific material
     axis =     eng            # axis of output
     file = energy_pouch_M0.out  # file name of output for the above axis
     part =  proton     neutron    alpha      photon     positron 
# kf/name :  2212       2112       2000004    22         -11      
#    used :        main (  %)        temp (  %)       total (  %)
#  memory :         109 (  0)           0 (  0)         109 (  0)

#------------------------------------------------------------------------------
#newpage:
#   no. =  1   reg =    510

x: Energy [MeV]
y: Flux [1/cm^2/source]              
p: xlin ylog afac(0.8) form(0.9)
h: n            x            y(proton  ),hh0l n  y(neutron ),hh0dr n  y(alpha   ),hh0ub n  y(photon  ),hh0mg n  y(positron),hh0qrr n  
#  e-lower      e-upper        proton    r.err      neutron   r.err      alpha     r.err      photon    r.err      positron  r.err 
   1.0000E-09   2.5000E-01   1.7858E+03  0.0097   0.0000E+00  0.0000   1.5896E-01  0.7071   6.6542E+02  0.3879   0.0000E+00  0.0000
   2.5000E-01   5.0000E-01   2.1533E+03  0.0095   0.0000E+00  0.0000   9.2721E-02  0.7071   6.9020E+02  0.4178   0.0000E+00  0.0000
   5.0000E-01   7.5000E-01   2.9992E+03  0.0095   0.0000E+00  0.0000   8.5068E-02  0.7071   5.0708E+02  0.5045   0.0000E+00  0.0000
   7.5000E-01   1.0000E+00   3.7854E+03  0.0094   0.0000E+00  0.0000   8.6593E-02  0.7071   3.6255E+02  0.5074   0.0000E+00  0.0000
   1.0000E+00   1.2500E+00   4.5138E+03  0.0094   0.0000E+00  0.0000   9.1815E-02  0.7071   2.4454E+02  0.6177   0.0000E+00  0.0000
   1.2500E+00   1.5000E+00   5.2030E+03  0.0094   7.7635E+01  1.0000   9.8798E-02  0.7071   2.3047E+02  0.5429   0.0000E+00  0.0000
   1.5000E+00   1.7500E+00   5.8585E+03  0.0094   0.0000E+00  0.0000   1.0665E-01  0.7071   0.0000E+00  0.0000   0.0000E+00  0.0000
   1.7500E+00   2.0000E+00   6.4934E+03  0.0094   0.0000E+00  0.0000   1.1492E-01  0.7071   1.8994E+02  1.0000   0.0000E+00  0.0000
   2.0000E+00   2.2500E+00   7.1045E+03  0.0094   8.4407E+01  1.0000   1.2334E-01  0.7071   2.0186E+02  0.7257   0.0000E+00  0.0000
   2.2500E+00   2.5000E+00   7.7164E+03  0.0094   0.0000E+00  0.0000   1.3176E-01  0.7071   7.7316E+01  0.9976   0.0000E+00  0.0000
   2.5000E+00   2.7500E+00   8.3440E+03  0.0093   0.0000E+00  0.0000   1.4011E-01  0.7071   2.1442E+02  0.5672   0.0000E+00  0.0000
   2.7500E+00   3.0000E+00   9.0582E+03  0.0093   0.0000E+00  0.0000   1.4834E-01  0.7071   7.2715E+01  1.0000   0.0000E+00  0.0000
   3.0000E+00   3.2500E+00   9.9174E+03  0.0091   0.0000E+00  0.0000   1.5645E-01  0.7071   0.0000E+00  0.0000   0.0000E+00  0.0000
   3.2500E+00   3.5000E+00   1.1028E+04  0.0089   0.0000E+00  0.0000   1.6441E-01  0.7071   6.6426E+02  0.7874   0.0000E+00  0.0000
   3.5000E+00   3.7500E+00   1.2295E+04  0.0087   0.0000E+00  0.0000   1.0546E-01  0.8370   2.9134E+02  0.6925   0.0000E+00  0.0000
   3.7500E+00   4.0000E+00   1.3534E+04  0.0085   0.0000E+00  0.0000   8.9969E-02  1.0000   0.0000E+00  0.0000   0.0000E+00  0.0000
   4.0000E+00   4.2500E+00   1.4578E+04  0.0084   0.0000E+00  0.0000   9.3758E-02  1.0000   7.4195E+02  0.8522   0.0000E+00  0.0000
   4.2500E+00   4.5000E+00   1.5411E+04  0.0083   0.0000E+00  0.0000   6.1019E-03  1.0000   4.1300E+02  0.8335   0.0000E+00  0.0000
   4.5000E+00   4.7500E+00   1.6144E+04  0.0083   0.0000E+00  0.0000   0.0000E+00  0.0000   4.5179E+02  0.5388   0.0000E+00  0.0000
   4.7500E+00   5.0000E+00   1.6903E+04  0.0083   0.0000E+00  0.0000   0.0000E+00  0.0000   1.1534E+02  0.9693   0.0000E+00  0.0000
   5.0000E+00   5.2500E+00   1.7989E+04  0.0082   0.0000E+00  0.0000   0.0000E+00  0.0000   0.0000E+00  0.0000   0.0000E+00  0.0000
   5.2500E+00   5.5000E+00   2.0061E+04  0.0079   0.0000E+00  0.0000   0.0000E+00  0.0000   2.8668E+02  0.9518   0.0000E+00  0.0000
   5.5000E+00   5.7500E+00   2.3144E+04  0.0075   0.0000E+00  0.0000   0.0000E+00  0.0000   6.3937E+02  0.7381   0.0000E+00  0.0000
   5.7500E+00   6.0000E+00   2.6202E+04  0.0072   0.0000E+00  0.0000   0.0000E+00  0.0000   3.1657E+02  0.4694   0.0000E+00  0.0000
   6.0000E+00   6.2500E+00   2.8046E+04  0.0070   0.0000E+00  0.0000   0.0000E+00  0.0000   8.2935E+02  0.8240   0.0000E+00  0.0000
   6.2500E+00   6.5000E+00   2.8861E+04  0.0070   1.7124E+02  1.0000   0.0000E+00  0.0000   7.5409E+01  1.0000   0.0000E+00  0.0000
   6.5000E+00   6.7500E+00   2.9030E+04  0.0071   0.0000E+00  0.0000   0.0000E+00  0.0000   0.0000E+00  0.0000   0.0000E+00  0.0000
   6.7500E+00   7.0000E+00   2.9425E+04  0.0072   0.0000E+00  0.0000   0.0000E+00  0.0000   1.4242E+02  0.6721   0.0000E+00  0.0000
   7.0000E+00   7.2500E+00   3.0626E+04  0.0073   0.0000E+00  0.0000   0.0000E+00  0.0000   8.5296E+01  1.0000   0.0000E+00  0.0000
   7.2500E+00   7.5000E+00   3.1521E+04  0.0072   0.0000E+00  0.0000   0.0000E+00  0.0000   0.0000E+00  0.0000   0.0000E+00  0.0000
   7.5000E+00   7.7500E+00   3.1928E+04  0.0072   0.0000E+00  0.0000   0.0000E+00  0.0000   0.0000E+00  0.0000   0.0000E+00  0.0000
   7.7500E+00   8.0000E+00   3.2235E+04  0.0072   0.0000E+00  0.0000   0.0000E+00  0.0000   0.0000E+00  0.0000   0.0000E+00  0.0000
   8.0000E+00   8.2500E+00   3.2304E+04  0.0073   0.0000E+00  0.0000   0.0000E+00  0.0000   0.0000E+00  0.0000   0.0000E+00  0.0000
   8.2500E+00   8.5000E+00   3.2627E+04  0.0074   0.0000E+00  0.0000   0.0000E+00  0.0000   0.0000E+00  0.0000   0.0000E+00  0.0000
   8.5000E+00   8.7500E+00   3.3270E+04  0.0074   0.0000E+00  0.0000   0.0000E+00  0.0000   0.0000E+00  0.0000   0.0000E+00  0.0000
   8.7500E+00   9.0000E+00   3.3856E+04  0.0074   0.0000E+00  0.0000   0.0000E+00  0.0000   0.0000E+00  0.0000   0.0000E+00  0.0000
   9.0000E+00   9.2500E+00   3.3839E+04  0.0075   0.0000E+00  0.0000   0.0000E+00  0.0000   0.0000E+00  0.0000   0.0000E+00  0.0000
   9.2500E+00   9.5000E+00   3.3369E+04  0.0076   0.0000E+00  0.0000   0.0000E+00  0.0000   0.0000E+00  0.0000   0.0000E+00  0.0000
   9.5000E+00   9.7500E+00   3.3478E+04  0.0077   0.0000E+00  0.0000   0.0000E+00  0.0000   0.0000E+00  0.0000   0.0000E+00  0.0000
   9.7500E+00   1.0000E+01   3.4009E+04  0.0077   0.0000E+00  0.0000   0.0000E+00  0.0000   0.0000E+00  0.0000   0.0000E+00  0.0000
   1.0000E+01   1.0250E+01   3.4225E+04  0.0078   0.0000E+00  0.0000   0.0000E+00  0.0000   0.0000E+00  0.0000   0.0000E+00  0.0000
   1.0250E+01   1.0500E+01   3.3613E+04  0.0079   0.0000E+00  0.0000   0.0000E+00  0.0000   0.0000E+00  0.0000   0.0000E+00  0.0000
   1.0500E+01   1.0750E+01   3.3234E+04  0.0081   0.0000E+00  0.0000   0.0000E+00  0.0000   0.0000E+00  0.0000   0.0000E+00  0.0000
   1.0750E+01   1.1000E+01   3.3615E+04  0.0081   0.0000E+00  0.0000   0.0000E+00  0.0000   0.0000E+00  0.0000   0.0000E+00  0.0000
   1.1000E+01   1.1250E+01   3.3855E+04  0.0081   7.7639E+01  1.0000   0.0000E+00  0.0000   0.0000E+00  0.0000   0.0000E+00  0.0000
   1.1250E+01   1.1500E+01   3.3028E+04  0.0083   0.0000E+00  0.0000   0.0000E+00  0.0000   0.0000E+00  0.0000   0.0000E+00  0.0000
   1.1500E+01   1.1750E+01   3.2251E+04  0.0085   0.0000E+00  0.0000   0.0000E+00  0.0000   0.0000E+00  0.0000   0.0000E+00  0.0000
   1.1750E+01   1.2000E+01   3.2489E+04  0.0086   0.0000E+00  0.0000   0.0000E+00  0.0000   0.0000E+00  0.0000   0.0000E+00  0.0000
   1.2000E+01   1.2250E+01   3.2327E+04  0.0086   0.0000E+00  0.0000   0.0000E+00  0.0000   0.0000E+00  0.0000   0.0000E+00  0.0000
   1.2250E+01   1.2500E+01   3.0445E+04  0.0089   0.0000E+00  0.0000   0.0000E+00  0.0000   0.0000E+00  0.0000   0.0000E+00  0.0000
   1.2500E+01   1.2750E+01   2.9499E+04  0.0092   0.0000E+00  0.0000   0.0000E+00  0.0000   0.0000E+00  0.0000   0.0000E+00  0.0000
   1.2750E+01   1.3000E+01   2.9626E+04  0.0093   0.0000E+00  0.0000   0.0000E+00  0.0000   0.0000E+00  0.0000   0.0000E+00  0.0000
   1.3000E+01   1.3250E+01   2.8129E+04  0.0095   0.0000E+00  0.0000   0.0000E+00  0.0000   0.0000E+00  0.0000   0.0000E+00  0.0000
   1.3250E+01   1.3500E+01   2.5422E+04  0.0101   0.0000E+00  0.0000   0.0000E+00  0.0000   0.0000E+00  0.0000   0.0000E+00  0.0000
   1.3500E+01   1.3750E+01   2.5035E+04  0.0103   0.0000E+00  0.0000   0.0000E+00  0.0000   0.0000E+00  0.0000   0.0000E+00  0.0000
   1.3750E+01   1.4000E+01   2.4034E+04  0.0105   0.0000E+00  0.0000   0.0000E+00  0.0000   0.0000E+00  0.0000   0.0000E+00  0.0000
   1.4000E+01   1.4250E+01   1.9310E+04  0.0117   0.0000E+00  0.0000   0.0000E+00  0.0000   0.0000E+00  0.0000   0.0000E+00  0.0000
   1.4250E+01   1.4500E+01   1.7289E+04  0.0127   0.0000E+00  0.0000   0.0000E+00  0.0000   0.0000E+00  0.0000   0.0000E+00  0.0000
   1.4500E+01   1.4750E+01   1.6260E+04  0.0130   0.0000E+00  0.0000   0.0000E+00  0.0000   0.0000E+00  0.0000   0.0000E+00  0.0000
   1.4750E+01   1.5000E+01   7.2060E+03  0.0167   0.0000E+00  0.0000   0.0000E+00  0.0000   0.0000E+00  0.0000   0.0000E+00  0.0000
   1.5000E+01   1.5250E+01   2.9698E+02  0.0570   0.0000E+00  0.0000   0.0000E+00  0.0000   0.0000E+00  0.0000   0.0000E+00  0.0000
   1.5250E+01   1.5500E+01   0.0000E+00  0.0000   0.0000E+00  0.0000   0.0000E+00  0.0000   0.0000E+00  0.0000   0.0000E+00  0.0000
   1.5500E+01   1.5750E+01   0.0000E+00  0.0000   0.0000E+00  0.0000   0.0000E+00  0.0000   0.0000E+00  0.0000   0.0000E+00  0.0000
   1.5750E+01   1.6000E+01   0.0000E+00  0.0000   0.0000E+00  0.0000   0.0000E+00  0.0000   0.0000E+00  0.0000   0.0000E+00  0.0000
   1.6000E+01   1.6250E+01   0.0000E+00  0.0000   0.0000E+00  0.0000   0.0000E+00  0.0000   0.0000E+00  0.0000   0.0000E+00  0.0000
   1.6250E+01   1.6500E+01   0.0000E+00  0.0000   0.0000E+00  0.0000   0.0000E+00  0.0000   0.0000E+00  0.0000   0.0000E+00  0.0000
   1.6500E+01   1.6750E+01   0.0000E+00  0.0000   0.0000E+00  0.0000   0.0000E+00  0.0000   0.0000E+00  0.0000   0.0000E+00  0.0000
   1.6750E+01   1.7000E+01   0.0000E+00  0.0000   0.0000E+00  0.0000   0.0000E+00  0.0000   0.0000E+00  0.0000   0.0000E+00  0.0000
   1.7000E+01   1.7250E+01   0.0000E+00  0.0000   0.0000E+00  0.0000   0.0000E+00  0.0000   0.0000E+00  0.0000   0.0000E+00  0.0000
   1.7250E+01   1.7500E+01   0.0000E+00  0.0000   0.0000E+00  0.0000   0.0000E+00  0.0000   0.0000E+00  0.0000   0.0000E+00  0.0000
   1.7500E+01   1.7750E+01   0.0000E+00  0.0000   0.0000E+00  0.0000   0.0000E+00  0.0000   0.0000E+00  0.0000   0.0000E+00  0.0000
   1.7750E+01   1.8000E+01   0.0000E+00  0.0000   0.0000E+00  0.0000   0.0000E+00  0.0000   0.0000E+00  0.0000   0.0000E+00  0.0000
   1.8000E+01   1.8250E+01   0.0000E+00  0.0000   0.0000E+00  0.0000   0.0000E+00  0.0000   0.0000E+00  0.0000   0.0000E+00  0.0000
   1.8250E+01   1.8500E+01   0.0000E+00  0.0000   0.0000E+00  0.0000   0.0000E+00  0.0000   0.0000E+00  0.0000   0.0000E+00  0.0000
   1.8500E+01   1.8750E+01   0.0000E+00  0.0000   0.0000E+00  0.0000   0.0000E+00  0.0000   0.0000E+00  0.0000   0.0000E+00  0.0000
   1.8750E+01   1.9000E+01   0.0000E+00  0.0000   0.0000E+00  0.0000   0.0000E+00  0.0000   0.0000E+00  0.0000   0.0000E+00  0.0000
   1.9000E+01   1.9250E+01   0.0000E+00  0.0000   0.0000E+00  0.0000   0.0000E+00  0.0000   0.0000E+00  0.0000   0.0000E+00  0.0000
   1.9250E+01   1.9500E+01   0.0000E+00  0.0000   0.0000E+00  0.0000   0.0000E+00  0.0000   0.0000E+00  0.0000   0.0000E+00  0.0000
   1.9500E+01   1.9750E+01   0.0000E+00  0.0000   0.0000E+00  0.0000   0.0000E+00  0.0000   0.0000E+00  0.0000   0.0000E+00  0.0000
   1.9750E+01   2.0000E+01   0.0000E+00  0.0000   0.0000E+00  0.0000   0.0000E+00  0.0000   0.0000E+00  0.0000   0.0000E+00  0.0000
   2.0000E+01   2.0250E+01   0.0000E+00  0.0000   0.0000E+00  0.0000   0.0000E+00  0.0000   0.0000E+00  0.0000   0.0000E+00  0.0000
   2.0250E+01   2.0500E+01   0.0000E+00  0.0000   0.0000E+00  0.0000   0.0000E+00  0.0000   0.0000E+00  0.0000   0.0000E+00  0.0000
   2.0500E+01   2.0750E+01   0.0000E+00  0.0000   0.0000E+00  0.0000   0.0000E+00  0.0000   0.0000E+00  0.0000   0.0000E+00  0.0000
   2.0750E+01   2.1000E+01   0.0000E+00  0.0000   0.0000E+00  0.0000   0.0000E+00  0.0000   0.0000E+00  0.0000   0.0000E+00  0.0000
   2.1000E+01   2.1250E+01   0.0000E+00  0.0000   0.0000E+00  0.0000   0.0000E+00  0.0000   0.0000E+00  0.0000   0.0000E+00  0.0000
   2.1250E+01   2.1500E+01   0.0000E+00  0.0000   0.0000E+00  0.0000   0.0000E+00  0.0000   0.0000E+00  0.0000   0.0000E+00  0.0000
   2.1500E+01   2.1750E+01   0.0000E+00  0.0000   0.0000E+00  0.0000   0.0000E+00  0.0000   0.0000E+00  0.0000   0.0000E+00  0.0000
   2.1750E+01   2.2000E+01   0.0000E+00  0.0000   0.0000E+00  0.0000   0.0000E+00  0.0000   0.0000E+00  0.0000   0.0000E+00  0.0000
   2.2000E+01   2.2250E+01   0.0000E+00  0.0000   0.0000E+00  0.0000   0.0000E+00  0.0000   0.0000E+00  0.0000   0.0000E+00  0.0000
   2.2250E+01   2.2500E+01   0.0000E+00  0.0000   0.0000E+00  0.0000   0.0000E+00  0.0000   0.0000E+00  0.0000   0.0000E+00  0.0000
   2.2500E+01   2.2750E+01   0.0000E+00  0.0000   0.0000E+00  0.0000   0.0000E+00  0.0000   0.0000E+00  0.0000   0.0000E+00  0.0000
   2.2750E+01   2.3000E+01   0.0000E+00  0.0000   0.0000E+00  0.0000   0.0000E+00  0.0000   0.0000E+00  0.0000   0.0000E+00  0.0000
   2.3000E+01   2.3250E+01   0.0000E+00  0.0000   0.0000E+00  0.0000   0.0000E+00  0.0000   0.0000E+00  0.0000   0.0000E+00  0.0000
   2.3250E+01   2.3500E+01   0.0000E+00  0.0000   0.0000E+00  0.0000   0.0000E+00  0.0000   0.0000E+00  0.0000   0.0000E+00  0.0000
   2.3500E+01   2.3750E+01   0.0000E+00  0.0000   0.0000E+00  0.0000   0.0000E+00  0.0000   0.0000E+00  0.0000   0.0000E+00  0.0000
   2.3750E+01   2.4000E+01   0.0000E+00  0.0000   0.0000E+00  0.0000   0.0000E+00  0.0000   0.0000E+00  0.0000   0.0000E+00  0.0000
   2.4000E+01   2.4250E+01   0.0000E+00  0.0000   0.0000E+00  0.0000   0.0000E+00  0.0000   0.0000E+00  0.0000   0.0000E+00  0.0000
   2.4250E+01   2.4500E+01   0.0000E+00  0.0000   0.0000E+00  0.0000   0.0000E+00  0.0000   0.0000E+00  0.0000   0.0000E+00  0.0000
   2.4500E+01   2.4750E+01   0.0000E+00  0.0000   0.0000E+00  0.0000   0.0000E+00  0.0000   0.0000E+00  0.0000   0.0000E+00  0.0000
   2.4750E+01   2.5000E+01   0.0000E+00  0.0000   0.0000E+00  0.0000   0.0000E+00  0.0000   0.0000E+00  0.0000   0.0000E+00  0.0000

#   sum over                 1.3218E+06  0.0072   4.1092E+02  0.5360   1.9952E+00  0.7129   8.5093E+03  0.1722   0.0000E+00  0.0000

'no. =  1,  reg  =    510'
msuc: {\huge Espectro de energía}
msdr: {\it plotted by \ANGEL \version}
msdl: {\it calculated by \PHITS  3.35}
wt: s(0.7)
\vspace{-3}
   vol  &=&   1.6080E+00 [cm^3]
e:

#------------------------------------------------------------------------------
 newpage:
#   no. =  2   reg =    600

x: Energy [MeV]
y: Flux [1/cm^2/source]              
p: xlin ylog afac(0.8) form(0.9)
h: n            x            y(proton  ),hh0l n  y(neutron ),hh0dr n  y(alpha   ),hh0ub n  y(photon  ),hh0mg n  y(positron),hh0qrr n  
#  e-lower      e-upper        proton    r.err      neutron   r.err      alpha     r.err      photon    r.err      positron  r.err 
   1.0000E-09   2.5000E-01   8.2686E+02  0.4164   1.1409E+02  1.0000   0.0000E+00  0.0000   5.5731E+03  0.2838   0.0000E+00  0.0000
   2.5000E-01   5.0000E-01   8.6940E+02  0.4236   0.0000E+00  0.0000   0.0000E+00  0.0000   2.0900E+03  0.4746   0.0000E+00  0.0000
   5.0000E-01   7.5000E-01   1.0261E+03  0.3975   0.0000E+00  0.0000   0.0000E+00  0.0000   1.6105E+03  0.3958   0.0000E+00  0.0000
   7.5000E-01   1.0000E+00   1.0758E+03  0.3836   4.4783E+02  1.0000   0.0000E+00  0.0000   2.9205E+03  0.4741   0.0000E+00  0.0000
   1.0000E+00   1.2500E+00   1.3981E+03  0.3686   0.0000E+00  0.0000   0.0000E+00  0.0000   9.9542E+02  0.5543   0.0000E+00  0.0000
   1.2500E+00   1.5000E+00   9.2256E+02  0.4044   1.0930E+02  0.8686   0.0000E+00  0.0000   2.2707E+03  0.3853   0.0000E+00  0.0000
   1.5000E+00   1.7500E+00   1.0221E+03  0.3945   0.0000E+00  0.0000   0.0000E+00  0.0000   2.3513E+02  0.9411   0.0000E+00  0.0000
   1.7500E+00   2.0000E+00   1.6442E+03  0.3291   0.0000E+00  0.0000   0.0000E+00  0.0000   6.6400E+02  0.7206   0.0000E+00  0.0000
   2.0000E+00   2.2500E+00   2.2295E+03  0.2707   1.0179E+02  1.0000   0.0000E+00  0.0000   3.4870E+02  0.7792   0.0000E+00  0.0000
   2.2500E+00   2.5000E+00   2.7533E+03  0.2413   0.0000E+00  0.0000   0.0000E+00  0.0000   1.1961E+02  1.0000   0.0000E+00  0.0000
   2.5000E+00   2.7500E+00   3.1257E+03  0.2358   0.0000E+00  0.0000   0.0000E+00  0.0000   9.3671E+02  0.5251   0.0000E+00  0.0000
   2.7500E+00   3.0000E+00   4.1254E+03  0.2286   4.3739E+02  0.7071   0.0000E+00  0.0000   1.7521E+02  1.0000   0.0000E+00  0.0000
   3.0000E+00   3.2500E+00   2.6501E+03  0.2692   0.0000E+00  0.0000   0.0000E+00  0.0000   1.3165E+03  0.6180   0.0000E+00  0.0000
   3.2500E+00   3.5000E+00   3.5231E+03  0.2313   0.0000E+00  0.0000   0.0000E+00  0.0000   3.1443E+02  1.0000   0.0000E+00  0.0000
   3.5000E+00   3.7500E+00   3.7675E+03  0.2160   2.1849E+02  1.0000   0.0000E+00  0.0000   5.7036E+02  0.6563   0.0000E+00  0.0000
   3.7500E+00   4.0000E+00   5.3558E+03  0.1849   0.0000E+00  0.0000   0.0000E+00  0.0000   7.1051E+02  0.5808   0.0000E+00  0.0000
   4.0000E+00   4.2500E+00   4.4987E+03  0.1963   0.0000E+00  0.0000   0.0000E+00  0.0000   1.5562E+03  0.4623   0.0000E+00  0.0000
   4.2500E+00   4.5000E+00   6.9736E+03  0.1613   0.0000E+00  0.0000   0.0000E+00  0.0000   1.1136E+03  0.7065   0.0000E+00  0.0000
   4.5000E+00   4.7500E+00   7.9990E+03  0.1501   0.0000E+00  0.0000   0.0000E+00  0.0000   5.0725E+02  0.6063   0.0000E+00  0.0000
   4.7500E+00   5.0000E+00   5.9728E+03  0.1731   0.0000E+00  0.0000   0.0000E+00  0.0000   2.1132E+02  0.7246   0.0000E+00  0.0000
   5.0000E+00   5.2500E+00   5.1443E+03  0.1854   0.0000E+00  0.0000   0.0000E+00  0.0000   4.7850E+02  0.7097   0.0000E+00  0.0000
   5.2500E+00   5.5000E+00   7.2106E+03  0.1578   4.3705E+02  0.7071   0.0000E+00  0.0000   1.3037E+03  0.5329   0.0000E+00  0.0000
   5.5000E+00   5.7500E+00   5.9077E+03  0.1716   0.0000E+00  0.0000   0.0000E+00  0.0000   1.5043E+03  0.5249   0.0000E+00  0.0000
   5.7500E+00   6.0000E+00   1.3190E+04  0.1164   2.1884E+02  1.0000   0.0000E+00  0.0000   8.5800E+02  0.5120   0.0000E+00  0.0000
   6.0000E+00   6.2500E+00   5.0431E+04  0.0607   0.0000E+00  0.0000   0.0000E+00  0.0000   2.2519E+03  0.5008   0.0000E+00  0.0000
   6.2500E+00   6.5000E+00   1.1800E+05  0.0395   3.1423E+02  1.0000   0.0000E+00  0.0000   1.2932E+02  1.0000   0.0000E+00  0.0000
   6.5000E+00   6.7500E+00   1.6150E+05  0.0339   0.0000E+00  0.0000   0.0000E+00  0.0000   2.1865E+02  1.0000   0.0000E+00  0.0000
   6.7500E+00   7.0000E+00   9.1322E+04  0.0446   0.0000E+00  0.0000   0.0000E+00  0.0000   1.5972E+03  0.4509   0.0000E+00  0.0000
   7.0000E+00   7.2500E+00   3.0769E+04  0.0771   2.1851E+02  1.0000   0.0000E+00  0.0000   0.0000E+00  0.0000   0.0000E+00  0.0000
   7.2500E+00   7.5000E+00   2.1365E+04  0.0926   0.0000E+00  0.0000   0.0000E+00  0.0000   0.0000E+00  0.0000   0.0000E+00  0.0000
   7.5000E+00   7.7500E+00   6.5768E+04  0.0529   0.0000E+00  0.0000   0.0000E+00  0.0000   2.1850E+02  1.0000   0.0000E+00  0.0000
   7.7500E+00   8.0000E+00   1.7011E+05  0.0331   0.0000E+00  0.0000   0.0000E+00  0.0000   0.0000E+00  0.0000   0.0000E+00  0.0000
   8.0000E+00   8.2500E+00   1.7309E+05  0.0328   0.0000E+00  0.0000   0.0000E+00  0.0000   0.0000E+00  0.0000   0.0000E+00  0.0000
   8.2500E+00   8.5000E+00   5.5503E+04  0.0569   0.0000E+00  0.0000   0.0000E+00  0.0000   0.0000E+00  0.0000   0.0000E+00  0.0000
   8.5000E+00   8.7500E+00   2.5546E+04  0.0848   0.0000E+00  0.0000   0.0000E+00  0.0000   0.0000E+00  0.0000   0.0000E+00  0.0000
   8.7500E+00   9.0000E+00   9.2069E+04  0.0451   0.0000E+00  0.0000   0.0000E+00  0.0000   0.0000E+00  0.0000   0.0000E+00  0.0000
   9.0000E+00   9.2500E+00   2.5115E+05  0.0272   0.0000E+00  0.0000   0.0000E+00  0.0000   0.0000E+00  0.0000   0.0000E+00  0.0000
   9.2500E+00   9.5000E+00   2.1874E+05  0.0292   0.0000E+00  0.0000   0.0000E+00  0.0000   0.0000E+00  0.0000   0.0000E+00  0.0000
   9.5000E+00   9.7500E+00   6.2610E+04  0.0544   0.0000E+00  0.0000   0.0000E+00  0.0000   0.0000E+00  0.0000   0.0000E+00  0.0000
   9.7500E+00   1.0000E+01   4.4830E+04  0.0654   0.0000E+00  0.0000   0.0000E+00  0.0000   0.0000E+00  0.0000   0.0000E+00  0.0000
   1.0000E+01   1.0250E+01   1.8665E+05  0.0317   0.0000E+00  0.0000   0.0000E+00  0.0000   0.0000E+00  0.0000   0.0000E+00  0.0000
   1.0250E+01   1.0500E+01   3.0430E+05  0.0249   0.0000E+00  0.0000   0.0000E+00  0.0000   0.0000E+00  0.0000   0.0000E+00  0.0000
   1.0500E+01   1.0750E+01   1.1965E+05  0.0396   0.0000E+00  0.0000   0.0000E+00  0.0000   0.0000E+00  0.0000   0.0000E+00  0.0000
   1.0750E+01   1.1000E+01   3.0944E+04  0.0777   0.0000E+00  0.0000   0.0000E+00  0.0000   0.0000E+00  0.0000   0.0000E+00  0.0000
   1.1000E+01   1.1250E+01   1.8115E+05  0.0325   9.3633E+01  1.0000   0.0000E+00  0.0000   0.0000E+00  0.0000   0.0000E+00  0.0000
   1.1250E+01   1.1500E+01   3.2962E+05  0.0238   0.0000E+00  0.0000   0.0000E+00  0.0000   0.0000E+00  0.0000   0.0000E+00  0.0000
   1.1500E+01   1.1750E+01   1.2511E+05  0.0385   0.0000E+00  0.0000   0.0000E+00  0.0000   0.0000E+00  0.0000   0.0000E+00  0.0000
   1.1750E+01   1.2000E+01   4.4427E+04  0.0648   0.0000E+00  0.0000   0.0000E+00  0.0000   0.0000E+00  0.0000   0.0000E+00  0.0000
   1.2000E+01   1.2250E+01   2.7675E+05  0.0259   0.0000E+00  0.0000   0.0000E+00  0.0000   0.0000E+00  0.0000   0.0000E+00  0.0000
   1.2250E+01   1.2500E+01   4.7416E+05  0.0200   0.0000E+00  0.0000   0.0000E+00  0.0000   0.0000E+00  0.0000   0.0000E+00  0.0000
   1.2500E+01   1.2750E+01   9.0237E+04  0.0456   0.0000E+00  0.0000   0.0000E+00  0.0000   0.0000E+00  0.0000   0.0000E+00  0.0000
   1.2750E+01   1.3000E+01   1.2075E+05  0.0396   0.0000E+00  0.0000   0.0000E+00  0.0000   0.0000E+00  0.0000   0.0000E+00  0.0000
   1.3000E+01   1.3250E+01   5.6859E+05  0.0183   0.0000E+00  0.0000   0.0000E+00  0.0000   0.0000E+00  0.0000   0.0000E+00  0.0000
   1.3250E+01   1.3500E+01   3.2315E+05  0.0242   0.0000E+00  0.0000   0.0000E+00  0.0000   0.0000E+00  0.0000   0.0000E+00  0.0000
   1.3500E+01   1.3750E+01   5.7695E+04  0.0571   0.0000E+00  0.0000   0.0000E+00  0.0000   0.0000E+00  0.0000   0.0000E+00  0.0000
   1.3750E+01   1.4000E+01   5.5399E+05  0.0185   0.0000E+00  0.0000   0.0000E+00  0.0000   0.0000E+00  0.0000   0.0000E+00  0.0000
   1.4000E+01   1.4250E+01   7.6072E+05  0.0158   0.0000E+00  0.0000   0.0000E+00  0.0000   0.0000E+00  0.0000   0.0000E+00  0.0000
   1.4250E+01   1.4500E+01   9.2870E+04  0.0447   0.0000E+00  0.0000   0.0000E+00  0.0000   0.0000E+00  0.0000   0.0000E+00  0.0000
   1.4500E+01   1.4750E+01   6.1316E+05  0.0176   0.0000E+00  0.0000   0.0000E+00  0.0000   0.0000E+00  0.0000   0.0000E+00  0.0000
   1.4750E+01   1.5000E+01   1.9674E+06  0.0098   0.0000E+00  0.0000   0.0000E+00  0.0000   0.0000E+00  0.0000   0.0000E+00  0.0000
   1.5000E+01   1.5250E+01   2.3351E+05  0.0282   0.0000E+00  0.0000   0.0000E+00  0.0000   0.0000E+00  0.0000   0.0000E+00  0.0000
   1.5250E+01   1.5500E+01   2.1866E+02  1.0000   0.0000E+00  0.0000   0.0000E+00  0.0000   0.0000E+00  0.0000   0.0000E+00  0.0000
   1.5500E+01   1.5750E+01   0.0000E+00  0.0000   0.0000E+00  0.0000   0.0000E+00  0.0000   0.0000E+00  0.0000   0.0000E+00  0.0000
   1.5750E+01   1.6000E+01   0.0000E+00  0.0000   0.0000E+00  0.0000   0.0000E+00  0.0000   0.0000E+00  0.0000   0.0000E+00  0.0000
   1.6000E+01   1.6250E+01   0.0000E+00  0.0000   0.0000E+00  0.0000   0.0000E+00  0.0000   0.0000E+00  0.0000   0.0000E+00  0.0000
   1.6250E+01   1.6500E+01   0.0000E+00  0.0000   0.0000E+00  0.0000   0.0000E+00  0.0000   0.0000E+00  0.0000   0.0000E+00  0.0000
   1.6500E+01   1.6750E+01   0.0000E+00  0.0000   0.0000E+00  0.0000   0.0000E+00  0.0000   0.0000E+00  0.0000   0.0000E+00  0.0000
   1.6750E+01   1.7000E+01   0.0000E+00  0.0000   0.0000E+00  0.0000   0.0000E+00  0.0000   0.0000E+00  0.0000   0.0000E+00  0.0000
   1.7000E+01   1.7250E+01   0.0000E+00  0.0000   0.0000E+00  0.0000   0.0000E+00  0.0000   0.0000E+00  0.0000   0.0000E+00  0.0000
   1.7250E+01   1.7500E+01   0.0000E+00  0.0000   0.0000E+00  0.0000   0.0000E+00  0.0000   0.0000E+00  0.0000   0.0000E+00  0.0000
   1.7500E+01   1.7750E+01   0.0000E+00  0.0000   0.0000E+00  0.0000   0.0000E+00  0.0000   0.0000E+00  0.0000   0.0000E+00  0.0000
   1.7750E+01   1.8000E+01   0.0000E+00  0.0000   0.0000E+00  0.0000   0.0000E+00  0.0000   0.0000E+00  0.0000   0.0000E+00  0.0000
   1.8000E+01   1.8250E+01   0.0000E+00  0.0000   0.0000E+00  0.0000   0.0000E+00  0.0000   0.0000E+00  0.0000   0.0000E+00  0.0000
   1.8250E+01   1.8500E+01   0.0000E+00  0.0000   0.0000E+00  0.0000   0.0000E+00  0.0000   0.0000E+00  0.0000   0.0000E+00  0.0000
   1.8500E+01   1.8750E+01   0.0000E+00  0.0000   0.0000E+00  0.0000   0.0000E+00  0.0000   0.0000E+00  0.0000   0.0000E+00  0.0000
   1.8750E+01   1.9000E+01   0.0000E+00  0.0000   0.0000E+00  0.0000   0.0000E+00  0.0000   0.0000E+00  0.0000   0.0000E+00  0.0000
   1.9000E+01   1.9250E+01   0.0000E+00  0.0000   0.0000E+00  0.0000   0.0000E+00  0.0000   0.0000E+00  0.0000   0.0000E+00  0.0000
   1.9250E+01   1.9500E+01   0.0000E+00  0.0000   0.0000E+00  0.0000   0.0000E+00  0.0000   0.0000E+00  0.0000   0.0000E+00  0.0000
   1.9500E+01   1.9750E+01   0.0000E+00  0.0000   0.0000E+00  0.0000   0.0000E+00  0.0000   0.0000E+00  0.0000   0.0000E+00  0.0000
   1.9750E+01   2.0000E+01   0.0000E+00  0.0000   0.0000E+00  0.0000   0.0000E+00  0.0000   0.0000E+00  0.0000   0.0000E+00  0.0000
   2.0000E+01   2.0250E+01   0.0000E+00  0.0000   0.0000E+00  0.0000   0.0000E+00  0.0000   0.0000E+00  0.0000   0.0000E+00  0.0000
   2.0250E+01   2.0500E+01   0.0000E+00  0.0000   0.0000E+00  0.0000   0.0000E+00  0.0000   0.0000E+00  0.0000   0.0000E+00  0.0000
   2.0500E+01   2.0750E+01   0.0000E+00  0.0000   0.0000E+00  0.0000   0.0000E+00  0.0000   0.0000E+00  0.0000   0.0000E+00  0.0000
   2.0750E+01   2.1000E+01   0.0000E+00  0.0000   0.0000E+00  0.0000   0.0000E+00  0.0000   0.0000E+00  0.0000   0.0000E+00  0.0000
   2.1000E+01   2.1250E+01   0.0000E+00  0.0000   0.0000E+00  0.0000   0.0000E+00  0.0000   0.0000E+00  0.0000   0.0000E+00  0.0000
   2.1250E+01   2.1500E+01   0.0000E+00  0.0000   0.0000E+00  0.0000   0.0000E+00  0.0000   0.0000E+00  0.0000   0.0000E+00  0.0000
   2.1500E+01   2.1750E+01   0.0000E+00  0.0000   0.0000E+00  0.0000   0.0000E+00  0.0000   0.0000E+00  0.0000   0.0000E+00  0.0000
   2.1750E+01   2.2000E+01   0.0000E+00  0.0000   0.0000E+00  0.0000   0.0000E+00  0.0000   0.0000E+00  0.0000   0.0000E+00  0.0000
   2.2000E+01   2.2250E+01   0.0000E+00  0.0000   0.0000E+00  0.0000   0.0000E+00  0.0000   0.0000E+00  0.0000   0.0000E+00  0.0000
   2.2250E+01   2.2500E+01   0.0000E+00  0.0000   0.0000E+00  0.0000   0.0000E+00  0.0000   0.0000E+00  0.0000   0.0000E+00  0.0000
   2.2500E+01   2.2750E+01   0.0000E+00  0.0000   0.0000E+00  0.0000   0.0000E+00  0.0000   0.0000E+00  0.0000   0.0000E+00  0.0000
   2.2750E+01   2.3000E+01   0.0000E+00  0.0000   0.0000E+00  0.0000   0.0000E+00  0.0000   0.0000E+00  0.0000   0.0000E+00  0.0000
   2.3000E+01   2.3250E+01   0.0000E+00  0.0000   0.0000E+00  0.0000   0.0000E+00  0.0000   0.0000E+00  0.0000   0.0000E+00  0.0000
   2.3250E+01   2.3500E+01   0.0000E+00  0.0000   0.0000E+00  0.0000   0.0000E+00  0.0000   0.0000E+00  0.0000   0.0000E+00  0.0000
   2.3500E+01   2.3750E+01   0.0000E+00  0.0000   0.0000E+00  0.0000   0.0000E+00  0.0000   0.0000E+00  0.0000   0.0000E+00  0.0000
   2.3750E+01   2.4000E+01   0.0000E+00  0.0000   0.0000E+00  0.0000   0.0000E+00  0.0000   0.0000E+00  0.0000   0.0000E+00  0.0000
   2.4000E+01   2.4250E+01   0.0000E+00  0.0000   0.0000E+00  0.0000   0.0000E+00  0.0000   0.0000E+00  0.0000   0.0000E+00  0.0000
   2.4250E+01   2.4500E+01   0.0000E+00  0.0000   0.0000E+00  0.0000   0.0000E+00  0.0000   0.0000E+00  0.0000   0.0000E+00  0.0000
   2.4500E+01   2.4750E+01   0.0000E+00  0.0000   0.0000E+00  0.0000   0.0000E+00  0.0000   0.0000E+00  0.0000   0.0000E+00  0.0000
   2.4750E+01   2.5000E+01   0.0000E+00  0.0000   0.0000E+00  0.0000   0.0000E+00  0.0000   0.0000E+00  0.0000   0.0000E+00  0.0000

#   sum over                 9.1810E+06  0.0046   2.7112E+03  0.3030   0.0000E+00  0.0000   3.2800E+04  0.1139   0.0000E+00  0.0000

'no. =  2,  reg  =    600'
msuc: {\huge Espectro de energía}
msdr: {\it plotted by \ANGEL \version}
msdl: {\it calculated by \PHITS  3.35}
wt: s(0.7)
\vspace{-3}
   vol  &=&   1.0000E+00 [cm^3]
e:

#------------------------------------------------------------------------------
 newpage:
#   no. =  3   reg =   6003

x: Energy [MeV]
y: Flux [1/cm^2/source]              
p: xlin ylog afac(0.8) form(0.9)
h: n            x            y(proton  ),hh0l n  y(neutron ),hh0dr n  y(alpha   ),hh0ub n  y(photon  ),hh0mg n  y(positron),hh0qrr n  
#  e-lower      e-upper        proton    r.err      neutron   r.err      alpha     r.err      photon    r.err      positron  r.err 
   1.0000E-09   2.5000E-01   9.1923E+03  0.0049   5.2382E+02  1.0000   1.0045E+00  0.4668   6.9952E+03  0.2369   0.0000E+00  0.0000
   2.5000E-01   5.0000E-01   1.1437E+04  0.0049   1.1420E+02  0.8363   5.5950E-01  0.4581   5.0620E+03  0.4570   0.0000E+00  0.0000
   5.0000E-01   7.5000E-01   1.5637E+04  0.0049   0.0000E+00  0.0000   5.2047E-01  0.4581   4.7278E+03  0.3370   0.0000E+00  0.0000
   7.5000E-01   1.0000E+00   1.9554E+04  0.0049   1.6917E+01  1.0000   5.0210E-01  0.4600   3.5438E+03  0.3020   0.0000E+00  0.0000
   1.0000E+00   1.2500E+00   2.3128E+04  0.0049   0.0000E+00  0.0000   5.0758E-01  0.4677   6.3279E+02  0.7319   0.0000E+00  0.0000
   1.2500E+00   1.5000E+00   2.6492E+04  0.0049   7.5636E+02  0.7363   5.2362E-01  0.4530   2.8556E+03  0.3240   0.0000E+00  0.0000
   1.5000E+00   1.7500E+00   2.9725E+04  0.0049   0.0000E+00  0.0000   4.4969E-01  0.4084   1.7705E+03  0.6328   0.0000E+00  0.0000
   1.7500E+00   2.0000E+00   3.2857E+04  0.0049   0.0000E+00  0.0000   4.7877E-01  0.4082   6.6019E+02  0.6471   0.0000E+00  0.0000
   2.0000E+00   2.2500E+00   3.5910E+04  0.0049   2.9181E+02  1.0000   5.1351E-01  0.4082   7.9662E+02  0.6483   0.0000E+00  0.0000
   2.2500E+00   2.5000E+00   3.8887E+04  0.0049   0.0000E+00  0.0000   5.4806E-01  0.4082   2.3792E+03  0.7858   0.0000E+00  0.0000
   2.5000E+00   2.7500E+00   4.1769E+04  0.0049   0.0000E+00  0.0000   5.8219E-01  0.4082   1.3411E+03  0.5256   0.0000E+00  0.0000
   2.7500E+00   3.0000E+00   4.4479E+04  0.0049   6.2660E+02  0.6229   5.1873E-01  0.4425   3.3352E+02  1.0000   0.0000E+00  0.0000
   3.0000E+00   3.2500E+00   4.6943E+04  0.0049   0.0000E+00  0.0000   5.4067E-01  0.4472   1.9838E+03  0.6142   0.0000E+00  0.0000
   3.2500E+00   3.5000E+00   4.9067E+04  0.0049   2.6621E+02  1.0000   4.7019E-01  0.4842   2.1034E+03  0.7512   0.0000E+00  0.0000
   3.5000E+00   3.7500E+00   5.0919E+04  0.0050   1.3919E+02  1.0000   4.7546E-01  0.5000   1.8643E+03  1.0000   0.0000E+00  0.0000
   3.7500E+00   4.0000E+00   5.2750E+04  0.0050   0.0000E+00  0.0000   4.9641E-01  0.5000   1.0563E+03  0.5940   0.0000E+00  0.0000
   4.0000E+00   4.2500E+00   5.4800E+04  0.0051   0.0000E+00  0.0000   3.9591E-01  0.5659   2.2387E+03  0.4892   0.0000E+00  0.0000
   4.2500E+00   4.5000E+00   5.7046E+04  0.0051   0.0000E+00  0.0000   4.0305E-01  0.5774   2.8678E+03  0.8243   0.0000E+00  0.0000
   4.5000E+00   4.7500E+00   5.9392E+04  0.0051   0.0000E+00  0.0000   4.1813E-01  0.5774   2.3208E+03  0.5016   0.0000E+00  0.0000
   4.7500E+00   5.0000E+00   6.1666E+04  0.0051   0.0000E+00  0.0000   2.9803E-01  0.6857   2.7207E+03  0.6251   0.0000E+00  0.0000
   5.0000E+00   5.2500E+00   6.3473E+04  0.0051   0.0000E+00  0.0000   2.9852E-01  0.7071   3.7265E+02  0.7538   0.0000E+00  0.0000
   5.2500E+00   5.5000E+00   6.4080E+04  0.0052   5.3695E+02  0.7071   3.0826E-01  0.7071   9.7865E+02  0.5410   0.0000E+00  0.0000
   5.5000E+00   5.7500E+00   6.3319E+04  0.0053   0.0000E+00  0.0000   3.1791E-01  0.7071   1.4720E+03  0.4363   0.0000E+00  0.0000
   5.7500E+00   6.0000E+00   6.2395E+04  0.0054   2.6886E+02  1.0000   2.5293E-01  0.7372   1.3773E+03  0.4366   0.0000E+00  0.0000
   6.0000E+00   6.2500E+00   6.2721E+04  0.0055   0.0000E+00  0.0000   1.6849E-01  1.0000   2.7208E+02  0.9146   0.0000E+00  0.0000
   6.2500E+00   6.5000E+00   6.3772E+04  0.0056   7.2434E+02  1.0000   1.7154E-01  1.0000   3.3156E+02  1.0000   0.0000E+00  0.0000
   6.5000E+00   6.7500E+00   6.4630E+04  0.0056   0.0000E+00  0.0000   0.0000E+00  0.0000   2.6863E+02  1.0000   0.0000E+00  0.0000
   6.7500E+00   7.0000E+00   6.5617E+04  0.0057   0.0000E+00  0.0000   0.0000E+00  0.0000   4.1806E+02  0.7532   0.0000E+00  0.0000
   7.0000E+00   7.2500E+00   6.7140E+04  0.0057   2.6845E+02  1.0000   0.0000E+00  0.0000   1.2417E+03  0.7776   0.0000E+00  0.0000
   7.2500E+00   7.5000E+00   6.8869E+04  0.0057   0.0000E+00  0.0000   0.0000E+00  0.0000   0.0000E+00  0.0000   0.0000E+00  0.0000
   7.5000E+00   7.7500E+00   7.0447E+04  0.0057   0.0000E+00  0.0000   0.0000E+00  0.0000   2.6844E+02  1.0000   0.0000E+00  0.0000
   7.7500E+00   8.0000E+00   7.1257E+04  0.0057   0.0000E+00  0.0000   0.0000E+00  0.0000   0.0000E+00  0.0000   0.0000E+00  0.0000
   8.0000E+00   8.2500E+00   7.1489E+04  0.0058   0.0000E+00  0.0000   0.0000E+00  0.0000   0.0000E+00  0.0000   0.0000E+00  0.0000
   8.2500E+00   8.5000E+00   7.2357E+04  0.0058   0.0000E+00  0.0000   0.0000E+00  0.0000   0.0000E+00  0.0000   0.0000E+00  0.0000
   8.5000E+00   8.7500E+00   7.3846E+04  0.0058   0.0000E+00  0.0000   0.0000E+00  0.0000   0.0000E+00  0.0000   0.0000E+00  0.0000
   8.7500E+00   9.0000E+00   7.5144E+04  0.0059   0.0000E+00  0.0000   0.0000E+00  0.0000   0.0000E+00  0.0000   0.0000E+00  0.0000
   9.0000E+00   9.2500E+00   7.5177E+04  0.0059   0.0000E+00  0.0000   0.0000E+00  0.0000   0.0000E+00  0.0000   0.0000E+00  0.0000
   9.2500E+00   9.5000E+00   7.4386E+04  0.0060   0.0000E+00  0.0000   0.0000E+00  0.0000   0.0000E+00  0.0000   0.0000E+00  0.0000
   9.5000E+00   9.7500E+00   7.4791E+04  0.0061   0.0000E+00  0.0000   0.0000E+00  0.0000   0.0000E+00  0.0000   0.0000E+00  0.0000
   9.7500E+00   1.0000E+01   7.5978E+04  0.0061   0.0000E+00  0.0000   0.0000E+00  0.0000   0.0000E+00  0.0000   0.0000E+00  0.0000
   1.0000E+01   1.0250E+01   7.6446E+04  0.0061   0.0000E+00  0.0000   0.0000E+00  0.0000   0.0000E+00  0.0000   0.0000E+00  0.0000
   1.0250E+01   1.0500E+01   7.5165E+04  0.0062   0.0000E+00  0.0000   0.0000E+00  0.0000   0.0000E+00  0.0000   0.0000E+00  0.0000
   1.0500E+01   1.0750E+01   7.4366E+04  0.0063   0.0000E+00  0.0000   0.0000E+00  0.0000   0.0000E+00  0.0000   0.0000E+00  0.0000
   1.0750E+01   1.1000E+01   7.5237E+04  0.0064   0.0000E+00  0.0000   0.0000E+00  0.0000   0.0000E+00  0.0000   0.0000E+00  0.0000
   1.1000E+01   1.1250E+01   7.5677E+04  0.0064   2.6841E+02  1.0000   0.0000E+00  0.0000   0.0000E+00  0.0000   0.0000E+00  0.0000
   1.1250E+01   1.1500E+01   7.3806E+04  0.0065   0.0000E+00  0.0000   0.0000E+00  0.0000   0.0000E+00  0.0000   0.0000E+00  0.0000
   1.1500E+01   1.1750E+01   7.2579E+04  0.0067   0.0000E+00  0.0000   0.0000E+00  0.0000   0.0000E+00  0.0000   0.0000E+00  0.0000
   1.1750E+01   1.2000E+01   7.3200E+04  0.0067   0.0000E+00  0.0000   0.0000E+00  0.0000   0.0000E+00  0.0000   0.0000E+00  0.0000
   1.2000E+01   1.2250E+01   7.2879E+04  0.0068   0.0000E+00  0.0000   0.0000E+00  0.0000   0.0000E+00  0.0000   0.0000E+00  0.0000
   1.2250E+01   1.2500E+01   6.8778E+04  0.0070   0.0000E+00  0.0000   0.0000E+00  0.0000   0.0000E+00  0.0000   0.0000E+00  0.0000
   1.2500E+01   1.2750E+01   6.6626E+04  0.0072   0.0000E+00  0.0000   0.0000E+00  0.0000   0.0000E+00  0.0000   0.0000E+00  0.0000
   1.2750E+01   1.3000E+01   6.6911E+04  0.0073   0.0000E+00  0.0000   0.0000E+00  0.0000   0.0000E+00  0.0000   0.0000E+00  0.0000
   1.3000E+01   1.3250E+01   6.3507E+04  0.0074   0.0000E+00  0.0000   0.0000E+00  0.0000   0.0000E+00  0.0000   0.0000E+00  0.0000
   1.3250E+01   1.3500E+01   5.7765E+04  0.0079   0.0000E+00  0.0000   0.0000E+00  0.0000   0.0000E+00  0.0000   0.0000E+00  0.0000
   1.3500E+01   1.3750E+01   5.6984E+04  0.0081   0.0000E+00  0.0000   0.0000E+00  0.0000   0.0000E+00  0.0000   0.0000E+00  0.0000
   1.3750E+01   1.4000E+01   5.4562E+04  0.0082   0.0000E+00  0.0000   0.0000E+00  0.0000   0.0000E+00  0.0000   0.0000E+00  0.0000
   1.4000E+01   1.4250E+01   4.4177E+04  0.0091   0.0000E+00  0.0000   0.0000E+00  0.0000   0.0000E+00  0.0000   0.0000E+00  0.0000
   1.4250E+01   1.4500E+01   3.9961E+04  0.0098   0.0000E+00  0.0000   0.0000E+00  0.0000   0.0000E+00  0.0000   0.0000E+00  0.0000
   1.4500E+01   1.4750E+01   3.7452E+04  0.0100   0.0000E+00  0.0000   0.0000E+00  0.0000   0.0000E+00  0.0000   0.0000E+00  0.0000
   1.4750E+01   1.5000E+01   1.5879E+04  0.0131   0.0000E+00  0.0000   0.0000E+00  0.0000   0.0000E+00  0.0000   0.0000E+00  0.0000
   1.5000E+01   1.5250E+01   5.8317E+02  0.0481   0.0000E+00  0.0000   0.0000E+00  0.0000   0.0000E+00  0.0000   0.0000E+00  0.0000
   1.5250E+01   1.5500E+01   1.6674E-01  1.0000   0.0000E+00  0.0000   0.0000E+00  0.0000   0.0000E+00  0.0000   0.0000E+00  0.0000
   1.5500E+01   1.5750E+01   0.0000E+00  0.0000   0.0000E+00  0.0000   0.0000E+00  0.0000   0.0000E+00  0.0000   0.0000E+00  0.0000
   1.5750E+01   1.6000E+01   0.0000E+00  0.0000   0.0000E+00  0.0000   0.0000E+00  0.0000   0.0000E+00  0.0000   0.0000E+00  0.0000
   1.6000E+01   1.6250E+01   0.0000E+00  0.0000   0.0000E+00  0.0000   0.0000E+00  0.0000   0.0000E+00  0.0000   0.0000E+00  0.0000
   1.6250E+01   1.6500E+01   0.0000E+00  0.0000   0.0000E+00  0.0000   0.0000E+00  0.0000   0.0000E+00  0.0000   0.0000E+00  0.0000
   1.6500E+01   1.6750E+01   0.0000E+00  0.0000   0.0000E+00  0.0000   0.0000E+00  0.0000   0.0000E+00  0.0000   0.0000E+00  0.0000
   1.6750E+01   1.7000E+01   0.0000E+00  0.0000   0.0000E+00  0.0000   0.0000E+00  0.0000   0.0000E+00  0.0000   0.0000E+00  0.0000
   1.7000E+01   1.7250E+01   0.0000E+00  0.0000   0.0000E+00  0.0000   0.0000E+00  0.0000   0.0000E+00  0.0000   0.0000E+00  0.0000
   1.7250E+01   1.7500E+01   0.0000E+00  0.0000   0.0000E+00  0.0000   0.0000E+00  0.0000   0.0000E+00  0.0000   0.0000E+00  0.0000
   1.7500E+01   1.7750E+01   0.0000E+00  0.0000   0.0000E+00  0.0000   0.0000E+00  0.0000   0.0000E+00  0.0000   0.0000E+00  0.0000
   1.7750E+01   1.8000E+01   0.0000E+00  0.0000   0.0000E+00  0.0000   0.0000E+00  0.0000   0.0000E+00  0.0000   0.0000E+00  0.0000
   1.8000E+01   1.8250E+01   0.0000E+00  0.0000   0.0000E+00  0.0000   0.0000E+00  0.0000   0.0000E+00  0.0000   0.0000E+00  0.0000
   1.8250E+01   1.8500E+01   0.0000E+00  0.0000   0.0000E+00  0.0000   0.0000E+00  0.0000   0.0000E+00  0.0000   0.0000E+00  0.0000
   1.8500E+01   1.8750E+01   0.0000E+00  0.0000   0.0000E+00  0.0000   0.0000E+00  0.0000   0.0000E+00  0.0000   0.0000E+00  0.0000
   1.8750E+01   1.9000E+01   0.0000E+00  0.0000   0.0000E+00  0.0000   0.0000E+00  0.0000   0.0000E+00  0.0000   0.0000E+00  0.0000
   1.9000E+01   1.9250E+01   0.0000E+00  0.0000   0.0000E+00  0.0000   0.0000E+00  0.0000   0.0000E+00  0.0000   0.0000E+00  0.0000
   1.9250E+01   1.9500E+01   0.0000E+00  0.0000   0.0000E+00  0.0000   0.0000E+00  0.0000   0.0000E+00  0.0000   0.0000E+00  0.0000
   1.9500E+01   1.9750E+01   0.0000E+00  0.0000   0.0000E+00  0.0000   0.0000E+00  0.0000   0.0000E+00  0.0000   0.0000E+00  0.0000
   1.9750E+01   2.0000E+01   0.0000E+00  0.0000   0.0000E+00  0.0000   0.0000E+00  0.0000   0.0000E+00  0.0000   0.0000E+00  0.0000
   2.0000E+01   2.0250E+01   0.0000E+00  0.0000   0.0000E+00  0.0000   0.0000E+00  0.0000   0.0000E+00  0.0000   0.0000E+00  0.0000
   2.0250E+01   2.0500E+01   0.0000E+00  0.0000   0.0000E+00  0.0000   0.0000E+00  0.0000   0.0000E+00  0.0000   0.0000E+00  0.0000
   2.0500E+01   2.0750E+01   0.0000E+00  0.0000   0.0000E+00  0.0000   0.0000E+00  0.0000   0.0000E+00  0.0000   0.0000E+00  0.0000
   2.0750E+01   2.1000E+01   0.0000E+00  0.0000   0.0000E+00  0.0000   0.0000E+00  0.0000   0.0000E+00  0.0000   0.0000E+00  0.0000
   2.1000E+01   2.1250E+01   0.0000E+00  0.0000   0.0000E+00  0.0000   0.0000E+00  0.0000   0.0000E+00  0.0000   0.0000E+00  0.0000
   2.1250E+01   2.1500E+01   0.0000E+00  0.0000   0.0000E+00  0.0000   0.0000E+00  0.0000   0.0000E+00  0.0000   0.0000E+00  0.0000
   2.1500E+01   2.1750E+01   0.0000E+00  0.0000   0.0000E+00  0.0000   0.0000E+00  0.0000   0.0000E+00  0.0000   0.0000E+00  0.0000
   2.1750E+01   2.2000E+01   0.0000E+00  0.0000   0.0000E+00  0.0000   0.0000E+00  0.0000   0.0000E+00  0.0000   0.0000E+00  0.0000
   2.2000E+01   2.2250E+01   0.0000E+00  0.0000   0.0000E+00  0.0000   0.0000E+00  0.0000   0.0000E+00  0.0000   0.0000E+00  0.0000
   2.2250E+01   2.2500E+01   0.0000E+00  0.0000   0.0000E+00  0.0000   0.0000E+00  0.0000   0.0000E+00  0.0000   0.0000E+00  0.0000
   2.2500E+01   2.2750E+01   0.0000E+00  0.0000   0.0000E+00  0.0000   0.0000E+00  0.0000   0.0000E+00  0.0000   0.0000E+00  0.0000
   2.2750E+01   2.3000E+01   0.0000E+00  0.0000   0.0000E+00  0.0000   0.0000E+00  0.0000   0.0000E+00  0.0000   0.0000E+00  0.0000
   2.3000E+01   2.3250E+01   0.0000E+00  0.0000   0.0000E+00  0.0000   0.0000E+00  0.0000   0.0000E+00  0.0000   0.0000E+00  0.0000
   2.3250E+01   2.3500E+01   0.0000E+00  0.0000   0.0000E+00  0.0000   0.0000E+00  0.0000   0.0000E+00  0.0000   0.0000E+00  0.0000
   2.3500E+01   2.3750E+01   0.0000E+00  0.0000   0.0000E+00  0.0000   0.0000E+00  0.0000   0.0000E+00  0.0000   0.0000E+00  0.0000
   2.3750E+01   2.4000E+01   0.0000E+00  0.0000   0.0000E+00  0.0000   0.0000E+00  0.0000   0.0000E+00  0.0000   0.0000E+00  0.0000
   2.4000E+01   2.4250E+01   0.0000E+00  0.0000   0.0000E+00  0.0000   0.0000E+00  0.0000   0.0000E+00  0.0000   0.0000E+00  0.0000
   2.4250E+01   2.4500E+01   0.0000E+00  0.0000   0.0000E+00  0.0000   0.0000E+00  0.0000   0.0000E+00  0.0000   0.0000E+00  0.0000
   2.4500E+01   2.4750E+01   0.0000E+00  0.0000   0.0000E+00  0.0000   0.0000E+00  0.0000   0.0000E+00  0.0000   0.0000E+00  0.0000
   2.4750E+01   2.5000E+01   0.0000E+00  0.0000   0.0000E+00  0.0000   0.0000E+00  0.0000   0.0000E+00  0.0000   0.0000E+00  0.0000

#   sum over                 3.3851E+06  0.0055   4.8021E+03  0.2856   1.1724E+01  0.4302   5.5255E+04  0.1204   0.0000E+00  0.0000

'no. =  3,  reg  =   6003'
msuc: {\huge Espectro de energía}
msdr: {\it plotted by \ANGEL \version}
msdl: {\it calculated by \PHITS  3.35}
wt: s(0.7)
\vspace{-3}
   vol  &=&   1.0000E+00 [cm^3]
e:
 
# Information for Restart Calculation
# This calculation was newly started
# istdev =  2 # 1:Batch variance, 2:History variance
# resc2  = 1.60217700001159249E-03 # Total source weight or Total source weight / maxcas
# resc3  = 1.00000000000000000E+07 # Total history number or Total batch number
# maxcas =       10000 # History / Batch, only used for istdev=1
# bitrseed = 1000110000001000111111101100101001110101110010000011011101101000 # bit data of rseed
