[ T-Track ]
    title = [t-track] in xyz mesh
     mesh =  xyz            # mesh type is xyz scoring mesh
   x-type =    1            # x-mesh is given by the below data
       nx =      1          # number of x-mesh points
#    data = ( x(i), i = 1, nx + 1 )
            0.00000E+00  1.00000E-01
   y-type =    2            # y-mesh is linear given by ymin, ymax and ny
     ymin =  -10.00000      # minimum value of y-mesh points
     ymax =   20.00000      # maximum value of y-mesh points
#    ydel =  0.3000000      # mesh width of y-mesh points
       ny =    100          # number of y-mesh points
#    data = ( y(i), i = 1, ny + 1 )
#          -1.00000E+01 -9.70000E+00 -9.40000E+00 -9.10000E+00 -8.80000E+00
#          -8.50000E+00 -8.20000E+00 -7.90000E+00 -7.60000E+00 -7.30000E+00
#          -7.00000E+00 -6.70000E+00 -6.40000E+00 -6.10000E+00 -5.80000E+00
#          -5.50000E+00 -5.20000E+00 -4.90000E+00 -4.60000E+00 -4.30000E+00
#          -4.00000E+00 -3.70000E+00 -3.40000E+00 -3.10000E+00 -2.80000E+00
#          -2.50000E+00 -2.20000E+00 -1.90000E+00 -1.60000E+00 -1.30000E+00
#          -1.00000E+00 -7.00000E-01 -4.00000E-01 -1.00000E-01  2.00000E-01
#           5.00000E-01  8.00000E-01  1.10000E+00  1.40000E+00  1.70000E+00
#           2.00000E+00  2.30000E+00  2.60000E+00  2.90000E+00  3.20000E+00
#           3.50000E+00  3.80000E+00  4.10000E+00  4.40000E+00  4.70000E+00
#           5.00000E+00  5.30000E+00  5.60000E+00  5.90000E+00  6.20000E+00
#           6.50000E+00  6.80000E+00  7.10000E+00  7.40000E+00  7.70000E+00
#           8.00000E+00  8.30000E+00  8.60000E+00  8.90000E+00  9.20000E+00
#           9.50000E+00  9.80000E+00  1.01000E+01  1.04000E+01  1.07000E+01
#           1.10000E+01  1.13000E+01  1.16000E+01  1.19000E+01  1.22000E+01
#           1.25000E+01  1.28000E+01  1.31000E+01  1.34000E+01  1.37000E+01
#           1.40000E+01  1.43000E+01  1.46000E+01  1.49000E+01  1.52000E+01
#           1.55000E+01  1.58000E+01  1.61000E+01  1.64000E+01  1.67000E+01
#           1.70000E+01  1.73000E+01  1.76000E+01  1.79000E+01  1.82000E+01
#           1.85000E+01  1.88000E+01  1.91000E+01  1.94000E+01  1.97000E+01
#           2.00000E+01
   z-type =    2            # z-mesh is linear given by zmin, zmax and nz
     zmin =   95.00000      # minimum value of z-mesh points
     zmax =   100.0000      # maximum value of z-mesh points
#    zdel =  0.1000000      # mesh width of z-mesh points
       nz =     50          # number of z-mesh points
#    data = ( z(i), i = 1, nz + 1 )
#           9.50000E+01  9.51000E+01  9.52000E+01  9.53000E+01  9.54000E+01
#           9.55000E+01  9.56000E+01  9.57000E+01  9.58000E+01  9.59000E+01
#           9.60000E+01  9.61000E+01  9.62000E+01  9.63000E+01  9.64000E+01
#           9.65000E+01  9.66000E+01  9.67000E+01  9.68000E+01  9.69000E+01
#           9.70000E+01  9.71000E+01  9.72000E+01  9.73000E+01  9.74000E+01
#           9.75000E+01  9.76000E+01  9.77000E+01  9.78000E+01  9.79000E+01
#           9.80000E+01  9.81000E+01  9.82000E+01  9.83000E+01  9.84000E+01
#           9.85000E+01  9.86000E+01  9.87000E+01  9.88000E+01  9.89000E+01
#           9.90000E+01  9.91000E+01  9.92000E+01  9.93000E+01  9.94000E+01
#           9.95000E+01  9.96000E+01  9.97000E+01  9.98000E+01  9.99000E+01
#           1.00000E+02
   e-type =    1            # e-mesh is given by the below data
       ne =      1          # number of e-mesh points
#    data = ( e(i), i = 1, ne + 1 )
            0.00000E+00  1.00000E+03
     unit =    1            # unit is [1/cm^2/source]
 material =  all            # (D=all) number of specific material
  2D-type =    3            # 1:Cont, 2:Clust, 3:Color, 4:xyz, 5:mat, 6:Clust+Cont, 7:Col+Cont
     axis =      yz            # axis of output
     file = track_yz_zoom_M0.out  # file name of output for the above axis
     part =  proton   
# kf/name :  2212     
    gshow =    1            # 0: no 1:bnd, 2:bnd+mat, 3:bnd+reg 4:bnd+lat 5:bmp style
    resol =    1            # (D=1) resolution of gshow or rshow
    width = 0.5000000       # (D=0.5) width of lines for gshow or rshow
   epsout =    1            # (D=0) generate eps file by ANGEL
#    used :        main (  %)        temp (  %)       total (  %)
#  memory :         160 (  0)           0 (  0)         160 (  0)

#------------------------------------------------------------------------------
#newpage:
#   no. =  1   ie  =  1   ix  =  1   part. = proton  
#   e = (   0.0000E+00  -   1.0000E+03  )
#   x = (   0.0000E+00  -   1.0000E-01  )

'no. =  1,  ie =  1,  ix =  1'
msuc: {\huge [t-track] in xyz mesh}
msdr: {\it plotted by \ANGEL \version}
msdl: {\it calculated by \PHITS  3.35}

x: z [cm]
y: y [cm]
set: c1[ 6.000] c2[ 0.367] c5[ 0.800] c6[ 0.480] c7[ 3.333] c8[ 0.000]
p: h2fs form[c1] xfac[c2] afac[c5] scal[c6] xorg[c7] yorg[c8] nosp
set: c3[   7.107282E+00] c4[   1.012626E+06]
p: cmin[c3] cmax[c4]
p: dmin(1e-31)
p: zlog
p: xmin(  95.00000    ) xmax(  100.0000    )
p: ymin( -10.00000    ) ymax(  20.00000    )

#   no. =  1   ie  =  1   ix  =  1
#   e = (   0.0000E+00  -   1.0000E+03  )
#   x = (   0.0000E+00  -   1.0000E-01  )

hc:  y =   19.85000     to  -9.850000     by  0.3000000     ; x =   95.05000     to   99.95000     by  0.1000000     ;
  0.000E+00  0.000E+00  0.000E+00  0.000E+00  0.000E+00  0.000E+00  0.000E+00  0.000E+00  0.000E+00  0.000E+00
  0.000E+00  0.000E+00  0.000E+00  0.000E+00  0.000E+00  0.000E+00  0.000E+00  0.000E+00  0.000E+00  0.000E+00
  0.000E+00  0.000E+00  0.000E+00  0.000E+00  0.000E+00  0.000E+00  0.000E+00  0.000E+00  0.000E+00  0.000E+00
  0.000E+00  0.000E+00  0.000E+00  0.000E+00  0.000E+00  0.000E+00  0.000E+00  0.000E+00  0.000E+00  0.000E+00
  0.000E+00  0.000E+00  0.000E+00  0.000E+00  0.000E+00  0.000E+00  0.000E+00  0.000E+00  0.000E+00  0.000E+00
  0.000E+00  0.000E+00  0.000E+00  0.000E+00  0.000E+00  0.000E+00  0.000E+00  0.000E+00  0.000E+00  0.000E+00
  0.000E+00  0.000E+00  0.000E+00  0.000E+00  0.000E+00  0.000E+00  0.000E+00  0.000E+00  0.000E+00  0.000E+00
  0.000E+00  0.000E+00  0.000E+00  0.000E+00  0.000E+00  0.000E+00  0.000E+00  0.000E+00  0.000E+00  0.000E+00
  0.000E+00  0.000E+00  0.000E+00  0.000E+00  0.000E+00  0.000E+00  0.000E+00  0.000E+00  0.000E+00  0.000E+00
  0.000E+00  0.000E+00  0.000E+00  0.000E+00  0.000E+00  0.000E+00  0.000E+00  0.000E+00  0.000E+00  0.000E+00
  0.000E+00  0.000E+00  0.000E+00  0.000E+00  0.000E+00  0.000E+00  0.000E+00  0.000E+00  0.000E+00  0.000E+00
  0.000E+00  0.000E+00  0.000E+00  0.000E+00  0.000E+00  0.000E+00  0.000E+00  0.000E+00  0.000E+00  0.000E+00
  0.000E+00  0.000E+00  0.000E+00  0.000E+00  0.000E+00  0.000E+00  0.000E+00  0.000E+00  0.000E+00  0.000E+00
  0.000E+00  0.000E+00  0.000E+00  0.000E+00  0.000E+00  0.000E+00  0.000E+00  0.000E+00  0.000E+00  0.000E+00
  0.000E+00  0.000E+00  0.000E+00  0.000E+00  0.000E+00  0.000E+00  0.000E+00  0.000E+00  0.000E+00  0.000E+00
  0.000E+00  0.000E+00  0.000E+00  0.000E+00  0.000E+00  0.000E+00  0.000E+00  0.000E+00  0.000E+00  0.000E+00
  0.000E+00  0.000E+00  0.000E+00  0.000E+00  0.000E+00  0.000E+00  0.000E+00  0.000E+00  0.000E+00  0.000E+00
  0.000E+00  0.000E+00  0.000E+00  0.000E+00  0.000E+00  0.000E+00  0.000E+00  0.000E+00  0.000E+00  0.000E+00
  0.000E+00  0.000E+00  0.000E+00  0.000E+00  0.000E+00  0.000E+00  0.000E+00  0.000E+00  0.000E+00  0.000E+00
  0.000E+00  0.000E+00  0.000E+00  0.000E+00  0.000E+00  0.000E+00  0.000E+00  0.000E+00  0.000E+00  0.000E+00
  0.000E+00  0.000E+00  0.000E+00  0.000E+00  0.000E+00  0.000E+00  0.000E+00  0.000E+00  0.000E+00  0.000E+00
  0.000E+00  0.000E+00  0.000E+00  0.000E+00  0.000E+00  0.000E+00  0.000E+00  0.000E+00  0.000E+00  0.000E+00
  0.000E+00  0.000E+00  0.000E+00  0.000E+00  0.000E+00  0.000E+00  0.000E+00  0.000E+00  0.000E+00  0.000E+00
  0.000E+00  0.000E+00  0.000E+00  0.000E+00  0.000E+00  0.000E+00  0.000E+00  0.000E+00  0.000E+00  0.000E+00
  0.000E+00  0.000E+00  0.000E+00  0.000E+00  0.000E+00  0.000E+00  0.000E+00  0.000E+00  0.000E+00  0.000E+00
  0.000E+00  0.000E+00  0.000E+00  0.000E+00  0.000E+00  0.000E+00  0.000E+00  0.000E+00  0.000E+00  0.000E+00
  0.000E+00  0.000E+00  0.000E+00  0.000E+00  0.000E+00  0.000E+00  0.000E+00  0.000E+00  0.000E+00  0.000E+00
  0.000E+00  0.000E+00  0.000E+00  0.000E+00  0.000E+00  0.000E+00  0.000E+00  0.000E+00  0.000E+00  0.000E+00
  0.000E+00  0.000E+00  0.000E+00  0.000E+00  0.000E+00  0.000E+00  0.000E+00  0.000E+00  0.000E+00  0.000E+00
  0.000E+00  0.000E+00  0.000E+00  0.000E+00  0.000E+00  0.000E+00  0.000E+00  0.000E+00  0.000E+00  0.000E+00
  0.000E+00  0.000E+00  0.000E+00  0.000E+00  0.000E+00  0.000E+00  0.000E+00  0.000E+00  0.000E+00  0.000E+00
  0.000E+00  0.000E+00  0.000E+00  0.000E+00  0.000E+00  0.000E+00  0.000E+00  0.000E+00  0.000E+00  0.000E+00
  0.000E+00  0.000E+00  0.000E+00  0.000E+00  0.000E+00  0.000E+00  0.000E+00  0.000E+00  0.000E+00  0.000E+00
  0.000E+00  0.000E+00  0.000E+00  0.000E+00  0.000E+00  0.000E+00  0.000E+00  0.000E+00  0.000E+00  0.000E+00
  0.000E+00  0.000E+00  0.000E+00  0.000E+00  0.000E+00  0.000E+00  0.000E+00  0.000E+00  0.000E+00  0.000E+00
  0.000E+00  0.000E+00  0.000E+00  0.000E+00  0.000E+00  0.000E+00  0.000E+00  0.000E+00  0.000E+00  0.000E+00
  0.000E+00  0.000E+00  0.000E+00  0.000E+00  0.000E+00  0.000E+00  0.000E+00  0.000E+00  0.000E+00  0.000E+00
  0.000E+00  0.000E+00  0.000E+00  0.000E+00  0.000E+00  0.000E+00  0.000E+00  0.000E+00  0.000E+00  0.000E+00
  0.000E+00  0.000E+00  0.000E+00  0.000E+00  0.000E+00  0.000E+00  0.000E+00  0.000E+00  0.000E+00  0.000E+00
  0.000E+00  0.000E+00  0.000E+00  0.000E+00  0.000E+00  0.000E+00  0.000E+00  0.000E+00  0.000E+00  0.000E+00
  0.000E+00  0.000E+00  0.000E+00  0.000E+00  0.000E+00  0.000E+00  0.000E+00  0.000E+00  0.000E+00  0.000E+00
  0.000E+00  0.000E+00  0.000E+00  0.000E+00  0.000E+00  0.000E+00  0.000E+00  0.000E+00  0.000E+00  0.000E+00
  0.000E+00  0.000E+00  0.000E+00  0.000E+00  0.000E+00  0.000E+00  0.000E+00  0.000E+00  0.000E+00  0.000E+00
  0.000E+00  0.000E+00  0.000E+00  0.000E+00  0.000E+00  0.000E+00  0.000E+00  0.000E+00  0.000E+00  0.000E+00
  0.000E+00  0.000E+00  0.000E+00  0.000E+00  0.000E+00  0.000E+00  0.000E+00  0.000E+00  0.000E+00  0.000E+00
  0.000E+00  0.000E+00  0.000E+00  0.000E+00  0.000E+00  0.000E+00  0.000E+00  0.000E+00  0.000E+00  0.000E+00
  0.000E+00  0.000E+00  0.000E+00  0.000E+00  0.000E+00  0.000E+00  0.000E+00  0.000E+00  0.000E+00  0.000E+00
  0.000E+00  0.000E+00  0.000E+00  0.000E+00  0.000E+00  0.000E+00  0.000E+00  0.000E+00  0.000E+00  0.000E+00
  0.000E+00  0.000E+00  0.000E+00  0.000E+00  0.000E+00  0.000E+00  0.000E+00  0.000E+00  0.000E+00  0.000E+00
  0.000E+00  0.000E+00  0.000E+00  0.000E+00  0.000E+00  0.000E+00  0.000E+00  0.000E+00  0.000E+00  0.000E+00
  0.000E+00  0.000E+00  0.000E+00  0.000E+00  0.000E+00  0.000E+00  0.000E+00  0.000E+00  0.000E+00  0.000E+00
  0.000E+00  0.000E+00  0.000E+00  0.000E+00  0.000E+00  0.000E+00  0.000E+00  0.000E+00  0.000E+00  0.000E+00
  0.000E+00  0.000E+00  0.000E+00  0.000E+00  0.000E+00  0.000E+00  0.000E+00  0.000E+00  0.000E+00  0.000E+00
  0.000E+00  0.000E+00  0.000E+00  0.000E+00  0.000E+00  0.000E+00  0.000E+00  0.000E+00  0.000E+00  0.000E+00
  0.000E+00  0.000E+00  0.000E+00  0.000E+00  0.000E+00  0.000E+00  0.000E+00  0.000E+00  0.000E+00  0.000E+00
  0.000E+00  0.000E+00  0.000E+00  0.000E+00  0.000E+00  0.000E+00  0.000E+00  0.000E+00  0.000E+00  0.000E+00
  0.000E+00  0.000E+00  0.000E+00  0.000E+00  0.000E+00  0.000E+00  0.000E+00  0.000E+00  0.000E+00  0.000E+00
  0.000E+00  0.000E+00  0.000E+00  0.000E+00  0.000E+00  0.000E+00  0.000E+00  0.000E+00  0.000E+00  0.000E+00
  0.000E+00  0.000E+00  0.000E+00  0.000E+00  0.000E+00  0.000E+00  0.000E+00  0.000E+00  0.000E+00  0.000E+00
  0.000E+00  0.000E+00  0.000E+00  0.000E+00  0.000E+00  0.000E+00  0.000E+00  0.000E+00  0.000E+00  0.000E+00
  0.000E+00  0.000E+00  0.000E+00  0.000E+00  0.000E+00  0.000E+00  0.000E+00  0.000E+00  0.000E+00  0.000E+00
  0.000E+00  0.000E+00  0.000E+00  0.000E+00  0.000E+00  0.000E+00  0.000E+00  0.000E+00  0.000E+00  0.000E+00
  0.000E+00  0.000E+00  0.000E+00  0.000E+00  0.000E+00  0.000E+00  0.000E+00  0.000E+00  0.000E+00  0.000E+00
  0.000E+00  0.000E+00  0.000E+00  0.000E+00  0.000E+00  0.000E+00  0.000E+00  0.000E+00  0.000E+00  0.000E+00
  0.000E+00  0.000E+00  0.000E+00  0.000E+00  0.000E+00  0.000E+00  0.000E+00  0.000E+00  0.000E+00  0.000E+00
  0.000E+00  0.000E+00  0.000E+00  0.000E+00  0.000E+00  0.000E+00  0.000E+00  0.000E+00  0.000E+00  0.000E+00
  0.000E+00  0.000E+00  0.000E+00  0.000E+00  0.000E+00  0.000E+00  0.000E+00  0.000E+00  0.000E+00  0.000E+00
  0.000E+00  0.000E+00  0.000E+00  0.000E+00  0.000E+00  0.000E+00  0.000E+00  0.000E+00  0.000E+00  0.000E+00
  0.000E+00  0.000E+00  0.000E+00  0.000E+00  0.000E+00  0.000E+00  0.000E+00  0.000E+00  0.000E+00  0.000E+00
  0.000E+00  0.000E+00  0.000E+00  0.000E+00  0.000E+00  2.242E+02  8.101E+02  8.101E+02  8.101E+02  8.101E+02
  0.000E+00  0.000E+00  0.000E+00  0.000E+00  0.000E+00  0.000E+00  0.000E+00  0.000E+00  0.000E+00  0.000E+00
  0.000E+00  0.000E+00  0.000E+00  0.000E+00  0.000E+00  0.000E+00  0.000E+00  0.000E+00  0.000E+00  0.000E+00
  0.000E+00  0.000E+00  0.000E+00  0.000E+00  0.000E+00  0.000E+00  0.000E+00  0.000E+00  0.000E+00  0.000E+00
  0.000E+00  0.000E+00  0.000E+00  0.000E+00  0.000E+00  0.000E+00  0.000E+00  7.911E+01  8.101E+02  8.101E+02
  8.101E+02  8.101E+02  8.101E+02  8.101E+02  8.101E+02  5.858E+02  0.000E+00  0.000E+00  9.553E+01  7.381E+02
  2.610E+02  0.000E+00  0.000E+00  0.000E+00  0.000E+00  0.000E+00  0.000E+00  0.000E+00  0.000E+00  0.000E+00
  0.000E+00  0.000E+00  0.000E+00  0.000E+00  0.000E+00  0.000E+00  0.000E+00  0.000E+00  0.000E+00  0.000E+00
  0.000E+00  0.000E+00  0.000E+00  0.000E+00  0.000E+00  0.000E+00  0.000E+00  0.000E+00  0.000E+00  0.000E+00
  7.440E+02  8.101E+02  8.101E+02  8.101E+02  8.101E+02  8.101E+02  8.101E+02  7.310E+02  0.000E+00  0.000E+00
  0.000E+00  0.000E+00  0.000E+00  0.000E+00  4.916E+02  9.222E+02  9.222E+02  9.222E+02  8.266E+02  0.000E+00
  1.549E+03  0.000E+00  0.000E+00  0.000E+00  0.000E+00  0.000E+00  0.000E+00  0.000E+00  0.000E+00  0.000E+00
  0.000E+00  0.000E+00  0.000E+00  0.000E+00  0.000E+00  0.000E+00  0.000E+00  0.000E+00  0.000E+00  0.000E+00
  0.000E+00  0.000E+00  5.989E+02  8.101E+02  8.101E+02  8.101E+02  8.101E+02  8.101E+02  8.101E+02  8.101E+02
  6.602E+01  0.000E+00  0.000E+00  0.000E+00  0.000E+00  0.000E+00  0.000E+00  0.000E+00  0.000E+00  0.000E+00
  0.000E+00  0.000E+00  0.000E+00  1.542E+02  4.306E+02  0.000E+00  0.000E+00  0.000E+00  0.000E+00  0.000E+00
  0.000E+00  0.000E+00  0.000E+00  0.000E+00  0.000E+00  0.000E+00  0.000E+00  0.000E+00  0.000E+00  0.000E+00
  0.000E+00  0.000E+00  0.000E+00  1.594E+02  4.538E+02  8.101E+02  8.101E+02  8.101E+02  8.101E+02  8.101E+02
  8.101E+02  8.101E+02  2.112E+02  0.000E+00  0.000E+00  0.000E+00  0.000E+00  0.000E+00  0.000E+00  0.000E+00
  0.000E+00  0.000E+00  0.000E+00  0.000E+00  0.000E+00  0.000E+00  0.000E+00  0.000E+00  0.000E+00  0.000E+00
  0.000E+00  0.000E+00  0.000E+00  0.000E+00  0.000E+00  0.000E+00  0.000E+00  0.000E+00  0.000E+00  0.000E+00
  0.000E+00  0.000E+00  0.000E+00  0.000E+00  0.000E+00  0.000E+00  3.086E+02  8.101E+02  8.101E+02  8.101E+02
  8.101E+02  8.101E+02  8.101E+02  1.482E+03  7.897E+02  0.000E+00  0.000E+00  0.000E+00  0.000E+00  0.000E+00
  0.000E+00  0.000E+00  0.000E+00  0.000E+00  0.000E+00  0.000E+00  0.000E+00  0.000E+00  0.000E+00  0.000E+00
  0.000E+00  0.000E+00  0.000E+00  0.000E+00  0.000E+00  0.000E+00  0.000E+00  0.000E+00  0.000E+00  0.000E+00
  0.000E+00  0.000E+00  0.000E+00  0.000E+00  0.000E+00  0.000E+00  0.000E+00  0.000E+00  0.000E+00  0.000E+00
  8.101E+02  8.101E+02  8.101E+02  8.101E+02  8.101E+02  8.101E+02  5.014E+02  0.000E+00  0.000E+00  0.000E+00
  0.000E+00  0.000E+00  0.000E+00  0.000E+00  0.000E+00  0.000E+00  0.000E+00  0.000E+00  0.000E+00  0.000E+00
  0.000E+00  0.000E+00  0.000E+00  0.000E+00  0.000E+00  0.000E+00  0.000E+00  0.000E+00  0.000E+00  0.000E+00
  0.000E+00  0.000E+00  0.000E+00  0.000E+00  0.000E+00  0.000E+00  0.000E+00  0.000E+00  0.000E+00  0.000E+00
  0.000E+00  0.000E+00  0.000E+00  0.000E+00  0.000E+00  0.000E+00  0.000E+00  0.000E+00  0.000E+00  0.000E+00
  0.000E+00  0.000E+00  0.000E+00  0.000E+00  0.000E+00  0.000E+00  8.245E+02  5.830E+02  0.000E+00  0.000E+00
  0.000E+00  0.000E+00  0.000E+00  0.000E+00  0.000E+00  0.000E+00  0.000E+00  0.000E+00  0.000E+00  0.000E+00
  0.000E+00  0.000E+00  0.000E+00  0.000E+00  0.000E+00  0.000E+00  0.000E+00  0.000E+00  0.000E+00  0.000E+00
  0.000E+00  0.000E+00  0.000E+00  0.000E+00  0.000E+00  0.000E+00  0.000E+00  0.000E+00  0.000E+00  0.000E+00
  0.000E+00  0.000E+00  0.000E+00  0.000E+00  0.000E+00  0.000E+00  0.000E+00  0.000E+00  0.000E+00  0.000E+00
  0.000E+00  0.000E+00  0.000E+00  0.000E+00  1.581E+02  1.072E+03  2.475E+02  0.000E+00  0.000E+00  0.000E+00
  0.000E+00  0.000E+00  0.000E+00  0.000E+00  0.000E+00  0.000E+00  0.000E+00  0.000E+00  0.000E+00  0.000E+00
  0.000E+00  0.000E+00  0.000E+00  0.000E+00  0.000E+00  0.000E+00  0.000E+00  0.000E+00  0.000E+00  0.000E+00
  0.000E+00  0.000E+00  0.000E+00  0.000E+00  0.000E+00  0.000E+00  0.000E+00  0.000E+00  0.000E+00  0.000E+00
  0.000E+00  0.000E+00  0.000E+00  0.000E+00  0.000E+00  0.000E+00  0.000E+00  0.000E+00  0.000E+00  0.000E+00
  0.000E+00  0.000E+00  0.000E+00  0.000E+00  0.000E+00  0.000E+00  0.000E+00  0.000E+00  0.000E+00  0.000E+00
  0.000E+00  0.000E+00  0.000E+00  0.000E+00  0.000E+00  0.000E+00  0.000E+00  0.000E+00  0.000E+00  0.000E+00
  0.000E+00  0.000E+00  0.000E+00  0.000E+00  1.303E+02  0.000E+00  0.000E+00  0.000E+00  0.000E+00  0.000E+00
  0.000E+00  0.000E+00  0.000E+00  0.000E+00  0.000E+00  0.000E+00  0.000E+00  0.000E+00  0.000E+00  0.000E+00
  0.000E+00  0.000E+00  0.000E+00  0.000E+00  0.000E+00  0.000E+00  0.000E+00  0.000E+00  0.000E+00  0.000E+00
  0.000E+00  0.000E+00  0.000E+00  0.000E+00  0.000E+00  0.000E+00  0.000E+00  0.000E+00  0.000E+00  0.000E+00
  0.000E+00  0.000E+00  0.000E+00  0.000E+00  0.000E+00  0.000E+00  0.000E+00  0.000E+00  0.000E+00  7.578E+02
  8.884E+02  8.884E+02  8.884E+02  8.884E+02  8.707E+01  0.000E+00  0.000E+00  0.000E+00  0.000E+00  0.000E+00
  0.000E+00  0.000E+00  0.000E+00  0.000E+00  4.002E+02  8.071E+02  3.558E+02  0.000E+00  0.000E+00  0.000E+00
  0.000E+00  0.000E+00  0.000E+00  0.000E+00  0.000E+00  0.000E+00  0.000E+00  0.000E+00  0.000E+00  0.000E+00
  0.000E+00  0.000E+00  0.000E+00  0.000E+00  0.000E+00  0.000E+00  0.000E+00  0.000E+00  0.000E+00  0.000E+00
  0.000E+00  0.000E+00  0.000E+00  0.000E+00  0.000E+00  4.998E+02  8.884E+02  8.884E+02  8.884E+02  1.307E+02
  0.000E+00  0.000E+00  0.000E+00  0.000E+00  0.000E+00  0.000E+00  0.000E+00  0.000E+00  2.290E+01  8.071E+02
  8.071E+02  8.071E+02  8.071E+02  8.071E+02  4.068E+02  0.000E+00  0.000E+00  0.000E+00  0.000E+00  0.000E+00
  0.000E+00  0.000E+00  0.000E+00  0.000E+00  0.000E+00  0.000E+00  0.000E+00  4.599E+02  1.636E+03  1.636E+03
  0.000E+00  0.000E+00  0.000E+00  0.000E+00  0.000E+00  0.000E+00  0.000E+00  0.000E+00  0.000E+00  0.000E+00
  0.000E+00  0.000E+00  0.000E+00  0.000E+00  0.000E+00  0.000E+00  0.000E+00  0.000E+00  0.000E+00  0.000E+00
  0.000E+00  0.000E+00  0.000E+00  0.000E+00  0.000E+00  0.000E+00  0.000E+00  1.429E+03  1.947E+03  4.000E+02
  0.000E+00  0.000E+00  4.577E+02  1.380E+03  1.542E+03  1.542E+03  1.542E+03  1.542E+03  1.542E+03  1.542E+03
  1.123E+03  7.725E+02  1.416E+03  2.408E+03  2.408E+03  2.408E+03  2.410E+03  1.950E+03  7.745E+02  7.745E+02
  0.000E+00  0.000E+00  0.000E+00  0.000E+00  0.000E+00  0.000E+00  0.000E+00  0.000E+00  0.000E+00  0.000E+00
  0.000E+00  0.000E+00  0.000E+00  0.000E+00  0.000E+00  0.000E+00  5.647E+02  9.853E+02  1.607E+03  2.314E+03
  2.314E+03  2.314E+03  2.314E+03  2.314E+03  2.352E+03  3.603E+03  4.260E+03  2.831E+03  2.313E+03  2.939E+03
  2.862E+03  2.316E+03  1.858E+03  9.366E+02  7.742E+02  7.742E+02  7.742E+02  7.742E+02  9.951E+02  2.207E+03
  2.405E+03  2.405E+03  1.762E+03  7.700E+02  7.700E+02  7.700E+02  7.699E+02  1.478E+03  2.069E+03  2.307E+03
  0.000E+00  0.000E+00  0.000E+00  0.000E+00  3.142E+02  7.709E+02  1.024E+03  1.544E+03  1.544E+03  1.544E+03
  1.544E+03  1.544E+03  1.544E+03  2.159E+03  2.993E+03  3.085E+03  2.520E+03  2.100E+03  1.478E+03  7.707E+02
  7.707E+02  7.707E+02  1.475E+03  1.539E+03  1.539E+03  1.539E+03  1.539E+03  1.541E+03  1.543E+03  9.170E+02
  7.688E+02  1.203E+03  1.540E+03  2.267E+03  2.309E+03  2.309E+03  2.947E+03  3.077E+03  3.077E+03  2.506E+03
  1.852E+03  1.539E+03  1.539E+03  1.539E+03  1.539E+03  1.771E+03  2.309E+03  1.600E+03  1.009E+03  1.504E+03
  7.709E+02  7.709E+02  7.709E+02  7.709E+02  4.567E+02  8.694E+02  1.539E+03  1.539E+03  1.539E+03  1.539E+03
  1.539E+03  1.539E+03  1.539E+03  1.539E+03  8.601E+02  7.686E+02  9.072E+02  1.541E+03  1.541E+03  1.541E+03
  1.541E+03  1.541E+03  8.366E+02  7.725E+02  1.104E+03  1.541E+03  1.541E+03  1.540E+03  1.638E+03  2.310E+03
  2.310E+03  2.001E+03  1.539E+03  8.128E+02  7.709E+02  1.320E+03  1.096E+03  7.671E+02  7.671E+02  7.671E+02
  7.671E+02  1.038E+03  2.150E+03  2.306E+03  3.156E+03  4.160E+03  3.840E+03  4.250E+03  4.681E+03  4.194E+03
  1.537E+03  1.537E+03  1.537E+03  1.537E+03  1.537E+03  9.689E+02  1.331E+03  0.000E+00  0.000E+00  0.000E+00
  0.000E+00  7.502E+02  1.211E+03  2.193E+03  2.381E+03  2.029E+03  1.405E+03  9.920E+02  1.538E+03  1.538E+03
  1.538E+03  1.538E+03  1.538E+03  1.538E+03  1.538E+03  1.538E+03  3.050E+03  3.860E+03  3.770E+03  3.865E+03
  3.865E+03  3.865E+03  4.638E+03  4.606E+03  4.606E+03  4.057E+03  3.839E+03  4.412E+03  5.372E+03  5.372E+03
  5.372E+03  5.960E+03  5.598E+03  6.129E+03  5.852E+03  4.894E+03  4.672E+03  4.261E+03  4.202E+03  4.599E+03
  1.683E+03  3.044E+03  3.079E+03  3.596E+03  4.031E+03  4.070E+03  3.913E+03  4.010E+03  4.681E+03  4.681E+03
  4.681E+03  4.350E+03  4.573E+03  4.774E+03  4.406E+03  4.601E+03  5.185E+03  6.570E+03  6.485E+03  6.902E+03
  6.902E+03  6.976E+03  6.902E+03  7.135E+03  7.082E+03  6.415E+03  4.359E+03  3.830E+03  3.825E+03  3.059E+03
  3.606E+03  5.363E+03  5.830E+03  5.364E+03  5.364E+03  6.130E+03  6.203E+03  6.368E+03  6.390E+03  6.971E+03
  6.979E+03  5.849E+03  6.540E+03  6.230E+03  7.077E+03  6.930E+03  7.454E+03  9.088E+03  8.838E+03  9.908E+03
  7.602E+03  6.242E+03  6.206E+03  5.052E+03  4.484E+03  4.295E+03  6.435E+03  7.209E+03  6.131E+03  6.777E+03
  7.595E+03  7.889E+03  8.352E+03  7.962E+03  7.615E+03  7.665E+03  8.428E+03  7.934E+03  8.090E+03  7.688E+03
  8.226E+03  7.043E+03  6.903E+03  6.906E+03  7.553E+03  6.226E+03  6.009E+03  6.893E+03  8.225E+03  8.518E+03
  1.007E+04  1.128E+04  1.190E+04  1.200E+04  1.247E+04  1.255E+04  1.279E+04  1.485E+04  1.474E+04  1.591E+04
  1.829E+04  1.878E+04  2.028E+04  2.295E+04  2.186E+04  2.185E+04  2.092E+04  2.006E+04  2.165E+04  2.250E+04
  7.048E+03  8.838E+03  9.267E+03  1.145E+04  1.124E+04  1.022E+04  7.741E+03  7.950E+03  9.739E+03  9.444E+03
  9.901E+03  1.069E+04  1.145E+04  1.305E+04  1.249E+04  1.372E+04  1.343E+04  1.355E+04  1.437E+04  1.504E+04
  1.529E+04  1.552E+04  1.633E+04  1.792E+04  1.838E+04  2.107E+04  2.392E+04  2.478E+04  2.585E+04  2.868E+04
  2.818E+04  2.780E+04  2.840E+04  2.919E+04  2.970E+04  3.178E+04  3.228E+04  3.106E+04  3.112E+04  3.034E+04
  3.176E+04  3.273E+04  3.134E+04  2.871E+04  3.196E+04  3.462E+04  3.685E+04  3.832E+04  3.860E+04  3.810E+04
  1.888E+04  1.888E+04  2.054E+04  2.002E+04  2.088E+04  2.209E+04  2.525E+04  2.643E+04  2.555E+04  2.555E+04
  2.474E+04  2.573E+04  2.431E+04  2.438E+04  2.646E+04  2.735E+04  3.013E+04  3.113E+04  3.262E+04  3.195E+04
  3.140E+04  3.330E+04  3.392E+04  3.449E+04  3.441E+04  3.463E+04  3.488E+04  3.426E+04  3.358E+04  3.170E+04
  3.093E+04  3.160E+04  3.131E+04  3.189E+04  3.436E+04  3.488E+04  3.714E+04  3.856E+04  3.983E+04  4.075E+04
  3.920E+04  3.933E+04  4.009E+04  4.200E+04  4.261E+04  4.209E+04  3.959E+04  3.805E+04  3.760E+04  3.729E+04
  3.917E+04  3.836E+04  3.729E+04  3.756E+04  4.018E+04  4.017E+04  3.818E+04  3.889E+04  3.912E+04  3.932E+04
  4.160E+04  4.165E+04  4.149E+04  4.151E+04  4.129E+04  4.094E+04  4.135E+04  3.962E+04  3.780E+04  3.867E+04
  3.776E+04  3.726E+04  3.821E+04  3.791E+04  3.747E+04  3.922E+04  4.146E+04  4.034E+04  3.896E+04  3.986E+04
  4.210E+04  4.297E+04  4.370E+04  4.160E+04  4.014E+04  3.893E+04  3.969E+04  4.096E+04  4.183E+04  4.161E+04
  4.157E+04  4.055E+04  4.060E+04  4.141E+04  4.162E+04  4.293E+04  4.277E+04  4.539E+04  4.915E+04  5.302E+04
  3.670E+04  3.586E+04  3.674E+04  3.716E+04  3.551E+04  3.781E+04  4.138E+04  4.272E+04  4.608E+04  4.819E+04
  4.883E+04  5.123E+04  5.264E+04  5.206E+04  5.435E+04  5.520E+04  5.419E+04  5.788E+04  5.809E+04  6.035E+04
  6.189E+04  6.061E+04  5.748E+04  5.925E+04  6.141E+04  6.084E+04  6.054E+04  6.265E+04  6.007E+04  5.921E+04
  5.935E+04  6.401E+04  6.547E+04  6.489E+04  6.329E+04  6.427E+04  6.464E+04  6.249E+04  6.242E+04  6.368E+04
  6.664E+04  6.897E+04  7.191E+04  7.177E+04  7.298E+04  7.153E+04  7.188E+04  6.968E+04  6.944E+04  6.745E+04
  6.308E+04  6.454E+04  6.799E+04  7.069E+04  7.185E+04  7.249E+04  7.208E+04  7.430E+04  7.470E+04  7.263E+04
  7.201E+04  7.263E+04  7.099E+04  7.132E+04  6.874E+04  6.808E+04  6.870E+04  6.906E+04  7.197E+04  7.036E+04
  7.096E+04  7.711E+04  8.123E+04  8.147E+04  7.856E+04  7.857E+04  7.585E+04  7.682E+04  7.797E+04  7.883E+04
  7.593E+04  7.082E+04  6.859E+04  6.736E+04  7.042E+04  7.113E+04  6.904E+04  6.835E+04  6.761E+04  6.974E+04
  6.944E+04  6.622E+04  6.276E+04  6.316E+04  6.262E+04  6.474E+04  6.575E+04  6.515E+04  6.597E+04  6.835E+04
  7.520E+04  7.622E+04  7.470E+04  7.349E+04  7.556E+04  7.472E+04  7.511E+04  7.366E+04  7.226E+04  7.195E+04
  7.296E+04  7.176E+04  7.168E+04  7.285E+04  7.435E+04  7.706E+04  7.544E+04  7.375E+04  7.259E+04  7.391E+04
  7.682E+04  7.629E+04  7.575E+04  7.585E+04  7.584E+04  7.551E+04  7.716E+04  7.773E+04  7.592E+04  7.483E+04
  7.968E+04  8.154E+04  8.389E+04  8.603E+04  8.681E+04  8.671E+04  8.820E+04  9.170E+04  9.249E+04  9.511E+04
  9.558E+04  9.952E+04  1.017E+05  1.016E+05  9.927E+04  9.775E+04  9.889E+04  1.003E+05  1.022E+05  1.044E+05
  7.747E+04  7.803E+04  7.861E+04  7.827E+04  8.036E+04  8.328E+04  8.254E+04  8.544E+04  8.555E+04  8.506E+04
  8.554E+04  8.701E+04  9.226E+04  9.627E+04  1.012E+05  9.823E+04  1.011E+05  1.020E+05  1.054E+05  1.049E+05
  1.008E+05  9.874E+04  1.021E+05  9.828E+04  9.909E+04  1.022E+05  1.041E+05  1.083E+05  1.108E+05  1.124E+05
  1.115E+05  1.117E+05  1.117E+05  1.119E+05  1.116E+05  1.090E+05  1.098E+05  1.093E+05  1.101E+05  1.092E+05
  1.079E+05  1.064E+05  1.055E+05  1.027E+05  1.058E+05  1.088E+05  1.072E+05  1.082E+05  1.090E+05  1.088E+05
  1.176E+05  1.200E+05  1.208E+05  1.225E+05  1.267E+05  1.281E+05  1.274E+05  1.258E+05  1.262E+05  1.253E+05
  1.266E+05  1.261E+05  1.277E+05  1.235E+05  1.197E+05  1.223E+05  1.211E+05  1.194E+05  1.164E+05  1.151E+05
  1.138E+05  1.179E+05  1.194E+05  1.203E+05  1.195E+05  1.185E+05  1.198E+05  1.183E+05  1.177E+05  1.176E+05
  1.164E+05  1.156E+05  1.159E+05  1.148E+05  1.133E+05  1.107E+05  1.110E+05  1.154E+05  1.259E+05  1.315E+05
  1.295E+05  1.325E+05  1.355E+05  1.396E+05  1.408E+05  1.403E+05  1.471E+05  1.458E+05  1.469E+05  1.478E+05
  1.357E+05  1.349E+05  1.378E+05  1.364E+05  1.317E+05  1.330E+05  1.380E+05  1.402E+05  1.428E+05  1.451E+05
  1.451E+05  1.443E+05  1.417E+05  1.445E+05  1.444E+05  1.434E+05  1.437E+05  1.471E+05  1.494E+05  1.531E+05
  1.561E+05  1.518E+05  1.518E+05  1.539E+05  1.534E+05  1.550E+05  1.555E+05  1.607E+05  1.615E+05  1.621E+05
  1.657E+05  1.691E+05  1.675E+05  1.681E+05  1.717E+05  1.757E+05  1.740E+05  1.710E+05  1.671E+05  1.698E+05
  1.742E+05  1.784E+05  1.824E+05  1.851E+05  1.860E+05  1.820E+05  1.775E+05  1.774E+05  1.772E+05  1.790E+05
  1.811E+05  1.826E+05  1.778E+05  1.828E+05  1.879E+05  1.849E+05  1.806E+05  1.803E+05  1.777E+05  1.792E+05
  1.809E+05  1.763E+05  1.781E+05  1.778E+05  1.820E+05  1.841E+05  1.861E+05  1.884E+05  1.889E+05  1.875E+05
  1.896E+05  1.926E+05  1.942E+05  1.976E+05  2.015E+05  1.981E+05  1.907E+05  1.874E+05  1.865E+05  1.903E+05
  1.889E+05  1.828E+05  1.836E+05  1.860E+05  1.900E+05  1.899E+05  1.920E+05  1.934E+05  1.951E+05  1.937E+05
  1.949E+05  1.937E+05  1.894E+05  1.815E+05  1.774E+05  1.802E+05  1.811E+05  1.853E+05  1.872E+05  1.838E+05
  1.945E+05  1.941E+05  1.950E+05  1.916E+05  1.851E+05  1.863E+05  1.866E+05  1.885E+05  1.895E+05  1.875E+05
  1.850E+05  1.867E+05  1.890E+05  1.889E+05  1.874E+05  1.871E+05  1.858E+05  1.872E+05  1.921E+05  1.977E+05
  1.955E+05  1.894E+05  1.895E+05  1.881E+05  1.900E+05  1.955E+05  2.026E+05  2.033E+05  2.055E+05  2.008E+05
  2.003E+05  1.992E+05  1.998E+05  1.996E+05  1.970E+05  1.988E+05  1.999E+05  2.032E+05  2.075E+05  2.052E+05
  1.999E+05  1.983E+05  1.985E+05  2.010E+05  1.981E+05  1.921E+05  1.917E+05  1.921E+05  1.941E+05  1.994E+05
  2.221E+05  2.218E+05  2.232E+05  2.235E+05  2.258E+05  2.264E+05  2.264E+05  2.268E+05  2.251E+05  2.247E+05
  2.233E+05  2.254E+05  2.199E+05  2.205E+05  2.220E+05  2.194E+05  2.213E+05  2.193E+05  2.148E+05  2.117E+05
  2.097E+05  2.132E+05  2.181E+05  2.179E+05  2.168E+05  2.129E+05  2.100E+05  2.090E+05  2.067E+05  2.126E+05
  2.128E+05  2.158E+05  2.182E+05  2.187E+05  2.148E+05  2.156E+05  2.150E+05  2.133E+05  2.090E+05  2.069E+05
  2.101E+05  2.114E+05  2.136E+05  2.099E+05  2.189E+05  2.276E+05  2.323E+05  2.327E+05  2.288E+05  2.263E+05
  2.374E+05  2.373E+05  2.362E+05  2.348E+05  2.339E+05  2.362E+05  2.378E+05  2.425E+05  2.470E+05  2.462E+05
  2.462E+05  2.463E+05  2.512E+05  2.577E+05  2.565E+05  2.571E+05  2.570E+05  2.600E+05  2.594E+05  2.583E+05
  2.590E+05  2.594E+05  2.616E+05  2.635E+05  2.631E+05  2.642E+05  2.668E+05  2.667E+05  2.728E+05  2.716E+05
  2.714E+05  2.681E+05  2.615E+05  2.592E+05  2.683E+05  2.707E+05  2.714E+05  2.756E+05  2.779E+05  2.798E+05
  2.812E+05  2.794E+05  2.765E+05  2.823E+05  2.800E+05  2.776E+05  2.724E+05  2.718E+05  2.767E+05  2.777E+05
  3.211E+05  3.233E+05  3.238E+05  3.315E+05  3.345E+05  3.349E+05  3.320E+05  3.278E+05  3.212E+05  3.213E+05
  3.199E+05  3.187E+05  3.161E+05  3.127E+05  3.134E+05  3.132E+05  3.178E+05  3.173E+05  3.192E+05  3.212E+05
  3.228E+05  3.282E+05  3.233E+05  3.228E+05  3.247E+05  3.236E+05  3.207E+05  3.179E+05  3.197E+05  3.237E+05
  3.205E+05  3.244E+05  3.285E+05  3.308E+05  3.335E+05  3.344E+05  3.268E+05  3.203E+05  3.201E+05  3.178E+05
  3.228E+05  3.281E+05  3.294E+05  3.288E+05  3.258E+05  3.239E+05  3.250E+05  3.234E+05  3.201E+05  3.199E+05
  3.719E+05  3.758E+05  3.754E+05  3.672E+05  3.656E+05  3.692E+05  3.738E+05  3.786E+05  3.837E+05  3.906E+05
  3.929E+05  3.951E+05  3.964E+05  3.933E+05  3.931E+05  3.895E+05  3.905E+05  3.857E+05  3.807E+05  3.829E+05
  3.848E+05  3.856E+05  3.880E+05  3.865E+05  3.872E+05  3.845E+05  3.795E+05  3.818E+05  3.812E+05  3.747E+05
  3.763E+05  3.770E+05  3.796E+05  3.776E+05  3.726E+05  3.774E+05  3.808E+05  3.876E+05  3.861E+05  3.837E+05
  3.829E+05  3.794E+05  3.765E+05  3.740E+05  3.689E+05  3.709E+05  3.755E+05  3.711E+05  3.673E+05  3.676E+05
  4.127E+05  4.106E+05  4.203E+05  4.250E+05  4.227E+05  4.182E+05  4.227E+05  4.187E+05  4.131E+05  4.105E+05
  4.080E+05  4.063E+05  4.050E+05  4.035E+05  3.972E+05  3.933E+05  3.908E+05  3.890E+05  3.876E+05  3.852E+05
  3.853E+05  3.813E+05  3.774E+05  3.757E+05  3.775E+05  3.783E+05  3.770E+05  3.758E+05  3.800E+05  3.840E+05
  3.857E+05  3.837E+05  3.801E+05  3.791E+05  3.782E+05  3.749E+05  3.696E+05  3.662E+05  3.683E+05  3.770E+05
  3.767E+05  3.805E+05  3.801E+05  3.759E+05  3.763E+05  3.770E+05  3.781E+05  3.779E+05  3.760E+05  3.750E+05
  4.316E+05  4.250E+05  4.233E+05  4.251E+05  4.342E+05  4.408E+05  4.408E+05  4.453E+05  4.543E+05  4.477E+05
  4.440E+05  4.464E+05  4.498E+05  4.549E+05  4.569E+05  4.567E+05  4.560E+05  4.518E+05  4.517E+05  4.502E+05
  4.544E+05  4.614E+05  4.661E+05  4.655E+05  4.617E+05  4.579E+05  4.583E+05  4.522E+05  4.517E+05  4.575E+05
  4.592E+05  4.640E+05  4.679E+05  4.790E+05  4.785E+05  4.800E+05  4.845E+05  4.897E+05  4.921E+05  4.897E+05
  4.860E+05  4.762E+05  4.697E+05  4.642E+05  4.570E+05  4.529E+05  4.539E+05  4.586E+05  4.551E+05  4.555E+05
  5.319E+05  5.344E+05  5.292E+05  5.246E+05  5.231E+05  5.226E+05  5.200E+05  5.172E+05  5.162E+05  5.223E+05
  5.195E+05  5.205E+05  5.225E+05  5.194E+05  5.200E+05  5.221E+05  5.237E+05  5.307E+05  5.328E+05  5.345E+05
  5.285E+05  5.248E+05  5.197E+05  5.190E+05  5.190E+05  5.086E+05  5.140E+05  5.131E+05  5.065E+05  5.068E+05
  4.956E+05  4.865E+05  4.888E+05  4.922E+05  4.965E+05  4.953E+05  4.990E+05  4.972E+05  4.964E+05  5.019E+05
  4.980E+05  4.984E+05  4.999E+05  4.992E+05  5.016E+05  5.014E+05  4.961E+05  4.988E+05  5.018E+05  5.022E+05
  5.569E+05  5.475E+05  5.453E+05  5.447E+05  5.490E+05  5.514E+05  5.568E+05  5.514E+05  5.523E+05  5.534E+05
  5.499E+05  5.475E+05  5.432E+05  5.414E+05  5.469E+05  5.505E+05  5.478E+05  5.432E+05  5.497E+05  5.481E+05
  5.432E+05  5.429E+05  5.442E+05  5.506E+05  5.575E+05  5.606E+05  5.594E+05  5.611E+05  5.605E+05  5.631E+05
  5.613E+05  5.601E+05  5.610E+05  5.574E+05  5.510E+05  5.554E+05  5.543E+05  5.519E+05  5.464E+05  5.434E+05
  5.448E+05  5.495E+05  5.481E+05  5.507E+05  5.488E+05  5.448E+05  5.437E+05  5.423E+05  5.445E+05  5.496E+05
  6.245E+05  6.194E+05  6.214E+05  6.258E+05  6.280E+05  6.221E+05  6.206E+05  6.237E+05  6.237E+05  6.209E+05
  6.247E+05  6.293E+05  6.278E+05  6.312E+05  6.287E+05  6.254E+05  6.229E+05  6.173E+05  6.146E+05  6.118E+05
  6.122E+05  6.088E+05  6.048E+05  6.007E+05  5.941E+05  5.968E+05  5.979E+05  6.033E+05  6.107E+05  6.126E+05
  6.062E+05  6.058E+05  6.062E+05  6.050E+05  6.067E+05  5.966E+05  5.879E+05  5.903E+05  5.981E+05  5.984E+05
  6.010E+05  5.963E+05  5.940E+05  5.956E+05  5.916E+05  5.955E+05  6.003E+05  6.033E+05  6.095E+05  6.081E+05
  6.696E+05  6.708E+05  6.621E+05  6.568E+05  6.630E+05  6.630E+05  6.608E+05  6.620E+05  6.627E+05  6.527E+05
  6.522E+05  6.515E+05  6.565E+05  6.599E+05  6.569E+05  6.514E+05  6.495E+05  6.517E+05  6.521E+05  6.562E+05
  6.634E+05  6.711E+05  6.751E+05  6.701E+05  6.682E+05  6.726E+05  6.758E+05  6.778E+05  6.704E+05  6.583E+05
  6.534E+05  6.540E+05  6.616E+05  6.597E+05  6.590E+05  6.619E+05  6.627E+05  6.583E+05  6.500E+05  6.431E+05
  6.415E+05  6.442E+05  6.434E+05  6.481E+05  6.550E+05  6.541E+05  6.460E+05  6.435E+05  6.365E+05  6.304E+05
  7.278E+05  7.215E+05  7.158E+05  7.215E+05  7.209E+05  7.185E+05  7.276E+05  7.328E+05  7.341E+05  7.361E+05
  7.319E+05  7.245E+05  7.174E+05  7.132E+05  7.122E+05  7.123E+05  7.104E+05  7.077E+05  7.011E+05  6.953E+05
  6.867E+05  6.787E+05  6.760E+05  6.809E+05  6.863E+05  6.906E+05  6.894E+05  6.832E+05  6.900E+05  6.908E+05
  6.881E+05  6.892E+05  6.863E+05  6.813E+05  6.749E+05  6.707E+05  6.677E+05  6.649E+05  6.679E+05  6.720E+05
  6.772E+05  6.809E+05  6.782E+05  6.781E+05  6.755E+05  6.707E+05  6.707E+05  6.689E+05  6.682E+05  6.688E+05
  7.772E+05  7.726E+05  7.746E+05  7.713E+05  7.682E+05  7.672E+05  7.635E+05  7.604E+05  7.588E+05  7.530E+05
  7.544E+05  7.554E+05  7.498E+05  7.460E+05  7.445E+05  7.375E+05  7.351E+05  7.388E+05  7.430E+05  7.357E+05
  7.340E+05  7.424E+05  7.499E+05  7.467E+05  7.399E+05  7.430E+05  7.408E+05  7.451E+05  7.526E+05  7.581E+05
  7.570E+05  7.574E+05  7.595E+05  7.550E+05  7.513E+05  7.474E+05  7.406E+05  7.364E+05  7.318E+05  7.263E+05
  7.139E+05  7.042E+05  7.031E+05  6.996E+05  7.015E+05  7.066E+05  7.058E+05  7.038E+05  7.039E+05  7.094E+05
  8.554E+05  8.574E+05  8.500E+05  8.488E+05  8.455E+05  8.403E+05  8.434E+05  8.330E+05  8.252E+05  8.260E+05
  8.266E+05  8.280E+05  8.342E+05  8.301E+05  8.184E+05  8.182E+05  8.181E+05  8.086E+05  8.112E+05  8.109E+05
  8.098E+05  8.073E+05  8.041E+05  8.040E+05  8.085E+05  8.103E+05  8.096E+05  8.068E+05  8.073E+05  8.068E+05
  8.092E+05  8.049E+05  8.118E+05  8.158E+05  8.159E+05  8.127E+05  8.140E+05  8.120E+05  8.115E+05  8.082E+05
  8.064E+05  8.043E+05  8.062E+05  8.138E+05  8.108E+05  8.071E+05  8.019E+05  8.031E+05  8.006E+05  7.913E+05
  8.827E+05  8.830E+05  8.870E+05  8.806E+05  8.774E+05  8.814E+05  8.766E+05  8.709E+05  8.731E+05  8.741E+05
  8.721E+05  8.704E+05  8.702E+05  8.747E+05  8.815E+05  8.781E+05  8.760E+05  8.672E+05  8.630E+05  8.530E+05
  8.486E+05  8.532E+05  8.505E+05  8.417E+05  8.377E+05  8.334E+05  8.299E+05  8.292E+05  8.277E+05  8.234E+05
  8.135E+05  8.050E+05  7.938E+05  7.861E+05  7.855E+05  7.817E+05  7.877E+05  7.917E+05  7.903E+05  7.883E+05
  7.881E+05  7.898E+05  7.973E+05  8.038E+05  8.081E+05  8.080E+05  8.043E+05  8.001E+05  7.899E+05  7.869E+05
  8.816E+05  8.825E+05  8.775E+05  8.722E+05  8.689E+05  8.744E+05  8.753E+05  8.791E+05  8.811E+05  8.814E+05
  8.765E+05  8.732E+05  8.719E+05  8.719E+05  8.646E+05  8.550E+05  8.484E+05  8.491E+05  8.487E+05  8.510E+05
  8.545E+05  8.473E+05  8.447E+05  8.474E+05  8.457E+05  8.441E+05  8.441E+05  8.462E+05  8.459E+05  8.518E+05
  8.544E+05  8.520E+05  8.508E+05  8.509E+05  8.458E+05  8.443E+05  7.874E+05  5.956E+05  5.044E+05  5.029E+05
  4.950E+05  4.842E+05  4.686E+05  4.493E+05  4.359E+05  4.246E+05  4.217E+05  4.147E+05  4.078E+05  4.019E+05
  9.518E+05  9.514E+05  9.533E+05  9.535E+05  9.509E+05  9.533E+05  9.559E+05  9.480E+05  9.438E+05  9.398E+05
  9.420E+05  9.421E+05  9.381E+05  9.419E+05  9.423E+05  9.371E+05  9.313E+05  9.275E+05  9.211E+05  9.269E+05
  9.230E+05  9.183E+05  9.195E+05  9.085E+05  8.993E+05  8.995E+05  9.029E+05  9.025E+05  8.982E+05  8.986E+05
  8.917E+05  8.832E+05  8.846E+05  8.855E+05  8.894E+05  8.795E+05  7.207E+05  2.181E+05  0.000E+00  0.000E+00
  0.000E+00  0.000E+00  0.000E+00  0.000E+00  0.000E+00  0.000E+00  0.000E+00  0.000E+00  0.000E+00  0.000E+00
  9.719E+05  9.699E+05  9.618E+05  9.611E+05  9.699E+05  9.727E+05  9.725E+05  9.699E+05  9.707E+05  9.661E+05
  9.603E+05  9.562E+05  9.565E+05  9.547E+05  9.507E+05  9.468E+05  9.468E+05  9.446E+05  9.402E+05  9.279E+05
  9.219E+05  9.188E+05  9.100E+05  9.065E+05  9.093E+05  9.130E+05  9.135E+05  9.154E+05  9.162E+05  9.100E+05
  9.013E+05  8.856E+05  8.794E+05  8.760E+05  8.811E+05  8.793E+05  7.170E+05  2.188E+05  0.000E+00  0.000E+00
  0.000E+00  0.000E+00  0.000E+00  0.000E+00  0.000E+00  0.000E+00  0.000E+00  0.000E+00  0.000E+00  0.000E+00
  9.974E+05  9.987E+05  9.978E+05  9.971E+05  9.915E+05  9.860E+05  9.867E+05  9.842E+05  9.727E+05  9.668E+05
  9.649E+05  9.628E+05  9.543E+05  9.467E+05  9.368E+05  9.319E+05  9.269E+05  9.242E+05  9.246E+05  9.212E+05
  9.214E+05  9.185E+05  9.132E+05  9.152E+05  9.156E+05  9.119E+05  9.065E+05  9.064E+05  9.022E+05  9.017E+05
  9.067E+05  9.121E+05  9.037E+05  9.050E+05  9.048E+05  9.045E+05  7.262E+05  2.145E+05  0.000E+00  0.000E+00
  0.000E+00  0.000E+00  0.000E+00  0.000E+00  0.000E+00  0.000E+00  0.000E+00  0.000E+00  7.741E+02  0.000E+00
  9.635E+05  9.543E+05  9.483E+05  9.474E+05  9.403E+05  9.336E+05  9.287E+05  9.268E+05  9.267E+05  9.249E+05
  9.227E+05  9.240E+05  9.185E+05  9.176E+05  9.122E+05  9.113E+05  9.132E+05  9.172E+05  9.115E+05  9.076E+05
  9.072E+05  9.126E+05  9.140E+05  9.139E+05  9.192E+05  9.167E+05  9.192E+05  9.217E+05  9.193E+05  9.180E+05
  9.114E+05  9.096E+05  9.121E+05  9.039E+05  8.099E+05  5.539E+05  2.405E+05  6.722E+04  0.000E+00  0.000E+00
  0.000E+00  0.000E+00  0.000E+00  0.000E+00  0.000E+00  0.000E+00  0.000E+00  0.000E+00  0.000E+00  0.000E+00
  9.317E+05  9.360E+05  9.378E+05  9.344E+05  9.344E+05  9.380E+05  9.377E+05  9.390E+05  9.390E+05  9.412E+05
  9.459E+05  9.490E+05  9.513E+05  9.450E+05  9.411E+05  9.424E+05  9.433E+05  9.393E+05  9.367E+05  9.302E+05
  9.297E+05  9.241E+05  9.200E+05  9.235E+05  9.233E+05  9.168E+05  9.068E+05  9.037E+05  9.002E+05  9.056E+05
  9.142E+05  9.193E+05  9.204E+05  9.223E+05  7.675E+05  3.751E+05  0.000E+00  0.000E+00  0.000E+00  0.000E+00
  0.000E+00  0.000E+00  0.000E+00  0.000E+00  0.000E+00  0.000E+00  0.000E+00  0.000E+00  0.000E+00  0.000E+00
  9.686E+05  9.642E+05  9.580E+05  9.511E+05  9.493E+05  9.571E+05  9.597E+05  9.524E+05  9.424E+05  9.384E+05
  9.392E+05  9.354E+05  9.284E+05  9.194E+05  9.175E+05  9.130E+05  9.051E+05  9.026E+05  9.043E+05  9.062E+05
  8.998E+05  8.937E+05  8.902E+05  8.798E+05  8.762E+05  8.750E+05  8.737E+05  8.701E+05  8.703E+05  8.713E+05
  8.679E+05  8.707E+05  8.719E+05  8.682E+05  7.253E+05  3.557E+05  0.000E+00  0.000E+00  0.000E+00  0.000E+00
  0.000E+00  0.000E+00  0.000E+00  0.000E+00  0.000E+00  0.000E+00  0.000E+00  0.000E+00  0.000E+00  0.000E+00
  9.660E+05  9.654E+05  9.631E+05  9.586E+05  9.557E+05  9.497E+05  9.487E+05  9.463E+05  9.478E+05  9.506E+05
  9.439E+05  9.451E+05  9.488E+05  9.514E+05  9.471E+05  9.482E+05  9.479E+05  9.444E+05  9.414E+05  9.333E+05
  9.356E+05  9.365E+05  9.350E+05  9.395E+05  9.389E+05  9.324E+05  9.242E+05  9.165E+05  9.167E+05  9.148E+05
  9.136E+05  9.106E+05  9.125E+05  9.161E+05  7.593E+05  3.630E+05  0.000E+00  0.000E+00  0.000E+00  0.000E+00
  0.000E+00  0.000E+00  0.000E+00  0.000E+00  0.000E+00  0.000E+00  0.000E+00  0.000E+00  0.000E+00  0.000E+00
  1.002E+06  1.006E+06  1.013E+06  1.012E+06  1.007E+06  9.976E+05  9.974E+05  9.946E+05  9.846E+05  9.777E+05
  9.740E+05  9.705E+05  9.644E+05  9.611E+05  9.570E+05  9.463E+05  9.400E+05  9.380E+05  9.365E+05  9.345E+05
  9.362E+05  9.298E+05  9.221E+05  9.157E+05  9.112E+05  9.081E+05  9.071E+05  9.070E+05  9.077E+05  9.077E+05
  9.064E+05  9.110E+05  9.099E+05  9.019E+05  7.514E+05  3.661E+05  0.000E+00  0.000E+00  0.000E+00  0.000E+00
  0.000E+00  0.000E+00  0.000E+00  0.000E+00  0.000E+00  0.000E+00  0.000E+00  0.000E+00  0.000E+00  0.000E+00
  9.428E+05  9.482E+05  9.466E+05  9.373E+05  9.338E+05  9.352E+05  9.268E+05  9.296E+05  9.255E+05  9.245E+05
  9.212E+05  9.179E+05  9.239E+05  9.170E+05  9.140E+05  9.061E+05  8.962E+05  8.979E+05  8.939E+05  8.944E+05
  8.964E+05  8.959E+05  8.892E+05  8.887E+05  8.882E+05  8.886E+05  8.839E+05  8.898E+05  8.927E+05  9.013E+05
  8.969E+05  8.935E+05  8.898E+05  8.801E+05  7.279E+05  3.454E+05  0.000E+00  0.000E+00  0.000E+00  0.000E+00
  0.000E+00  0.000E+00  0.000E+00  0.000E+00  0.000E+00  0.000E+00  0.000E+00  0.000E+00  0.000E+00  0.000E+00
  9.498E+05  9.514E+05  9.501E+05  9.512E+05  9.462E+05  9.392E+05  9.315E+05  9.227E+05  9.118E+05  9.065E+05
  9.090E+05  9.081E+05  9.050E+05  9.067E+05  9.074E+05  9.095E+05  9.055E+05  9.090E+05  9.066E+05  8.986E+05
  8.944E+05  8.901E+05  8.817E+05  8.788E+05  8.752E+05  8.791E+05  8.753E+05  8.640E+05  8.635E+05  8.653E+05
  8.623E+05  8.536E+05  8.479E+05  8.507E+05  7.166E+05  3.489E+05  0.000E+00  0.000E+00  0.000E+00  0.000E+00
  0.000E+00  0.000E+00  0.000E+00  0.000E+00  0.000E+00  0.000E+00  0.000E+00  0.000E+00  0.000E+00  8.381E+02
  9.476E+05  9.433E+05  9.426E+05  9.365E+05  9.316E+05  9.260E+05  9.275E+05  9.314E+05  9.340E+05  9.376E+05
  9.254E+05  9.213E+05  9.155E+05  9.146E+05  9.166E+05  9.225E+05  9.245E+05  9.372E+05  9.370E+05  9.338E+05
  9.358E+05  9.354E+05  9.296E+05  9.285E+05  9.217E+05  9.198E+05  9.146E+05  9.055E+05  9.050E+05  8.995E+05
  8.894E+05  8.888E+05  8.933E+05  8.850E+05  7.380E+05  3.485E+05  0.000E+00  0.000E+00  0.000E+00  0.000E+00
  2.454E+01  0.000E+00  0.000E+00  0.000E+00  0.000E+00  0.000E+00  0.000E+00  0.000E+00  0.000E+00  0.000E+00
  9.578E+05  9.567E+05  9.494E+05  9.417E+05  9.419E+05  9.367E+05  9.320E+05  9.278E+05  9.248E+05  9.253E+05
  9.230E+05  9.188E+05  9.144E+05  9.049E+05  9.035E+05  9.011E+05  8.947E+05  8.871E+05  8.825E+05  8.801E+05
  8.742E+05  8.688E+05  8.650E+05  8.575E+05  8.596E+05  8.562E+05  8.530E+05  8.570E+05  8.536E+05  8.539E+05
  8.571E+05  8.640E+05  8.679E+05  8.699E+05  7.560E+05  3.832E+05  0.000E+00  0.000E+00  0.000E+00  0.000E+00
  1.141E+03  0.000E+00  0.000E+00  0.000E+00  0.000E+00  0.000E+00  0.000E+00  0.000E+00  0.000E+00  0.000E+00
  9.225E+05  9.200E+05  9.166E+05  9.168E+05  9.074E+05  8.977E+05  8.943E+05  8.883E+05  8.851E+05  8.859E+05
  8.868E+05  8.882E+05  8.832E+05  8.796E+05  8.738E+05  8.670E+05  8.678E+05  8.704E+05  8.688E+05  8.658E+05
  8.644E+05  8.635E+05  8.583E+05  8.627E+05  8.695E+05  8.745E+05  8.751E+05  8.759E+05  8.745E+05  8.637E+05
  8.582E+05  8.492E+05  8.438E+05  8.418E+05  7.073E+05  3.276E+05  0.000E+00  0.000E+00  0.000E+00  0.000E+00
  0.000E+00  0.000E+00  0.000E+00  6.702E+02  7.081E+02  0.000E+00  0.000E+00  0.000E+00  0.000E+00  0.000E+00
  9.745E+05  9.637E+05  9.664E+05  9.650E+05  9.712E+05  9.729E+05  9.655E+05  9.611E+05  9.623E+05  9.575E+05
  9.574E+05  9.619E+05  9.612E+05  9.537E+05  9.530E+05  9.523E+05  9.525E+05  9.503E+05  9.461E+05  9.402E+05
  9.419E+05  9.408E+05  9.342E+05  9.248E+05  9.233E+05  9.162E+05  9.132E+05  9.152E+05  9.161E+05  9.168E+05
  9.152E+05  9.225E+05  9.194E+05  9.127E+05  7.578E+05  3.719E+05  3.105E+04  2.454E+04  2.178E+04  1.871E+04
  2.333E+03  0.000E+00  0.000E+00  0.000E+00  0.000E+00  0.000E+00  0.000E+00  0.000E+00  0.000E+00  0.000E+00
  8.799E+05  8.739E+05  8.711E+05  8.723E+05  8.696E+05  8.639E+05  8.582E+05  8.591E+05  8.583E+05  8.609E+05
  8.546E+05  8.516E+05  8.514E+05  8.429E+05  8.390E+05  8.406E+05  8.350E+05  8.346E+05  8.371E+05  8.381E+05
  8.429E+05  8.417E+05  8.443E+05  8.502E+05  8.534E+05  8.528E+05  8.544E+05  8.548E+05  8.506E+05  8.495E+05
  8.440E+05  7.885E+05  6.071E+05  3.454E+05  1.528E+05  2.628E+04  1.605E+01  0.000E+00  0.000E+00  0.000E+00
  0.000E+00  0.000E+00  0.000E+00  0.000E+00  0.000E+00  0.000E+00  0.000E+00  0.000E+00  0.000E+00  0.000E+00
  9.690E+05  9.692E+05  9.718E+05  9.743E+05  9.632E+05  9.557E+05  9.510E+05  9.445E+05  9.369E+05  9.432E+05
  9.432E+05  9.443E+05  9.372E+05  9.345E+05  9.317E+05  9.277E+05  9.226E+05  9.246E+05  9.228E+05  9.141E+05
  9.111E+05  9.051E+05  9.020E+05  8.968E+05  8.934E+05  8.875E+05  8.799E+05  8.750E+05  8.660E+05  7.674E+05
  4.468E+05  1.204E+05  2.526E+03  0.000E+00  0.000E+00  0.000E+00  0.000E+00  0.000E+00  0.000E+00  0.000E+00
  0.000E+00  0.000E+00  0.000E+00  0.000E+00  0.000E+00  0.000E+00  0.000E+00  0.000E+00  0.000E+00  0.000E+00
  9.080E+05  9.082E+05  9.001E+05  8.965E+05  8.931E+05  8.870E+05  8.874E+05  8.864E+05  8.844E+05  8.852E+05
  8.832E+05  8.790E+05  8.728E+05  8.786E+05  8.823E+05  8.753E+05  8.702E+05  8.690E+05  8.578E+05  8.542E+05
  8.501E+05  8.449E+05  8.384E+05  8.344E+05  8.310E+05  8.357E+05  8.371E+05  7.779E+05  5.177E+05  1.241E+05
  5.178E+01  0.000E+00  0.000E+00  0.000E+00  0.000E+00  0.000E+00  0.000E+00  0.000E+00  0.000E+00  0.000E+00
  0.000E+00  0.000E+00  0.000E+00  0.000E+00  0.000E+00  0.000E+00  0.000E+00  0.000E+00  0.000E+00  0.000E+00
  9.139E+05  9.074E+05  9.042E+05  9.045E+05  9.057E+05  9.050E+05  9.014E+05  8.941E+05  8.902E+05  8.864E+05
  8.831E+05  8.730E+05  8.653E+05  8.591E+05  8.597E+05  8.681E+05  8.704E+05  8.683E+05  8.767E+05  8.771E+05
  8.770E+05  8.827E+05  8.869E+05  8.783E+05  8.675E+05  8.456E+05  6.866E+05  2.833E+05  1.234E+04  0.000E+00
  0.000E+00  0.000E+00  0.000E+00  0.000E+00  0.000E+00  0.000E+00  0.000E+00  0.000E+00  0.000E+00  0.000E+00
  0.000E+00  0.000E+00  0.000E+00  0.000E+00  0.000E+00  0.000E+00  0.000E+00  0.000E+00  0.000E+00  0.000E+00
  8.531E+05  8.504E+05  8.507E+05  8.441E+05  8.372E+05  8.396E+05  8.422E+05  8.381E+05  8.415E+05  8.476E+05
  8.397E+05  8.434E+05  8.432E+05  8.388E+05  8.285E+05  8.216E+05  8.162E+05  8.142E+05  8.130E+05  8.108E+05
  8.047E+05  7.942E+05  7.849E+05  7.878E+05  7.688E+05  5.479E+05  1.371E+05  1.439E+01  0.000E+00  0.000E+00
  0.000E+00  0.000E+00  0.000E+00  0.000E+00  0.000E+00  0.000E+00  0.000E+00  0.000E+00  0.000E+00  0.000E+00
  0.000E+00  0.000E+00  0.000E+00  0.000E+00  0.000E+00  0.000E+00  0.000E+00  0.000E+00  0.000E+00  0.000E+00
  8.379E+05  8.364E+05  8.366E+05  8.336E+05  8.258E+05  8.224E+05  8.117E+05  8.117E+05  8.105E+05  8.080E+05
  8.036E+05  8.006E+05  8.022E+05  7.963E+05  7.998E+05  8.004E+05  8.068E+05  8.078E+05  8.119E+05  8.065E+05
  8.126E+05  8.124E+05  8.070E+05  7.702E+05  5.490E+05  1.021E+05  0.000E+00  0.000E+00  0.000E+00  0.000E+00
  0.000E+00  0.000E+00  0.000E+00  0.000E+00  0.000E+00  0.000E+00  0.000E+00  0.000E+00  0.000E+00  0.000E+00
  0.000E+00  0.000E+00  0.000E+00  0.000E+00  0.000E+00  0.000E+00  0.000E+00  0.000E+00  0.000E+00  0.000E+00
  7.682E+05  7.712E+05  7.710E+05  7.657E+05  7.677E+05  7.749E+05  7.805E+05  7.793E+05  7.768E+05  7.756E+05
  7.767E+05  7.707E+05  7.765E+05  7.757E+05  7.681E+05  7.662E+05  7.656E+05  7.622E+05  7.669E+05  7.629E+05
  7.623E+05  7.660E+05  7.400E+05  5.294E+05  1.078E+05  0.000E+00  0.000E+00  0.000E+00  0.000E+00  0.000E+00
  0.000E+00  0.000E+00  0.000E+00  0.000E+00  0.000E+00  0.000E+00  0.000E+00  0.000E+00  0.000E+00  0.000E+00
  0.000E+00  0.000E+00  0.000E+00  0.000E+00  0.000E+00  0.000E+00  0.000E+00  0.000E+00  0.000E+00  0.000E+00
  7.716E+05  7.665E+05  7.687E+05  7.748E+05  7.685E+05  7.637E+05  7.602E+05  7.578E+05  7.526E+05  7.422E+05
  7.350E+05  7.316E+05  7.234E+05  7.239E+05  7.196E+05  7.204E+05  7.245E+05  7.288E+05  7.264E+05  7.278E+05
  7.255E+05  7.197E+05  5.600E+05  1.598E+05  7.107E+00  0.000E+00  0.000E+00  0.000E+00  0.000E+00  0.000E+00
  0.000E+00  0.000E+00  0.000E+00  0.000E+00  0.000E+00  0.000E+00  0.000E+00  0.000E+00  0.000E+00  0.000E+00
  0.000E+00  0.000E+00  0.000E+00  0.000E+00  0.000E+00  0.000E+00  0.000E+00  0.000E+00  0.000E+00  0.000E+00
  6.878E+05  6.889E+05  6.839E+05  6.748E+05  6.696E+05  6.692E+05  6.719E+05  6.714E+05  6.758E+05  6.692E+05
  6.686E+05  6.713E+05  6.733E+05  6.750E+05  6.816E+05  6.741E+05  6.747E+05  6.729E+05  6.753E+05  6.778E+05
  6.759E+05  5.914E+05  2.760E+05  2.162E+03  0.000E+00  0.000E+00  0.000E+00  0.000E+00  0.000E+00  0.000E+00
  0.000E+00  0.000E+00  0.000E+00  0.000E+00  0.000E+00  0.000E+00  0.000E+00  0.000E+00  0.000E+00  0.000E+00
  0.000E+00  0.000E+00  0.000E+00  0.000E+00  0.000E+00  0.000E+00  0.000E+00  0.000E+00  0.000E+00  0.000E+00
  6.246E+05  6.175E+05  6.120E+05  6.105E+05  6.128E+05  6.093E+05  6.072E+05  6.105E+05  6.059E+05  6.075E+05
  6.133E+05  6.179E+05  6.232E+05  6.222E+05  6.191E+05  6.289E+05  6.298E+05  6.313E+05  6.300E+05  6.238E+05
  5.886E+05  3.724E+05  3.410E+04  0.000E+00  0.000E+00  0.000E+00  0.000E+00  0.000E+00  0.000E+00  0.000E+00
  0.000E+00  0.000E+00  0.000E+00  0.000E+00  0.000E+00  0.000E+00  0.000E+00  0.000E+00  0.000E+00  0.000E+00
  0.000E+00  0.000E+00  0.000E+00  0.000E+00  0.000E+00  0.000E+00  0.000E+00  0.000E+00  0.000E+00  0.000E+00
  6.160E+05  6.241E+05  6.318E+05  6.333E+05  6.367E+05  6.419E+05  6.343E+05  6.323E+05  6.331E+05  6.323E+05
  6.280E+05  6.144E+05  6.070E+05  5.998E+05  6.020E+05  6.060E+05  6.137E+05  6.095E+05  6.048E+05  6.052E+05
  4.738E+05  1.599E+05  0.000E+00  0.000E+00  0.000E+00  0.000E+00  0.000E+00  0.000E+00  0.000E+00  0.000E+00
  0.000E+00  0.000E+00  0.000E+00  0.000E+00  0.000E+00  0.000E+00  0.000E+00  0.000E+00  0.000E+00  0.000E+00
  0.000E+00  0.000E+00  0.000E+00  0.000E+00  0.000E+00  0.000E+00  0.000E+00  0.000E+00  0.000E+00  0.000E+00
  5.203E+05  5.215E+05  5.202E+05  5.245E+05  5.283E+05  5.278E+05  5.271E+05  5.257E+05  5.259E+05  5.238E+05
  5.254E+05  5.327E+05  5.310E+05  5.326E+05  5.322E+05  5.307E+05  5.255E+05  5.209E+05  5.109E+05  4.698E+05
  2.818E+05  2.114E+04  0.000E+00  0.000E+00  0.000E+00  0.000E+00  0.000E+00  0.000E+00  0.000E+00  0.000E+00
  0.000E+00  0.000E+00  0.000E+00  0.000E+00  0.000E+00  0.000E+00  0.000E+00  0.000E+00  0.000E+00  0.000E+00
  0.000E+00  0.000E+00  0.000E+00  0.000E+00  0.000E+00  0.000E+00  0.000E+00  0.000E+00  0.000E+00  0.000E+00
  4.715E+05  4.700E+05  4.738E+05  4.797E+05  4.821E+05  4.795E+05  4.876E+05  4.902E+05  4.927E+05  4.905E+05
  4.920E+05  4.950E+05  4.983E+05  4.925E+05  4.859E+05  4.906E+05  4.920E+05  4.946E+05  4.955E+05  4.141E+05
  1.485E+05  0.000E+00  0.000E+00  0.000E+00  0.000E+00  0.000E+00  0.000E+00  0.000E+00  0.000E+00  0.000E+00
  0.000E+00  0.000E+00  0.000E+00  0.000E+00  0.000E+00  0.000E+00  0.000E+00  0.000E+00  0.000E+00  0.000E+00
  0.000E+00  0.000E+00  0.000E+00  0.000E+00  0.000E+00  0.000E+00  0.000E+00  0.000E+00  0.000E+00  0.000E+00
  3.844E+05  3.831E+05  3.807E+05  3.800E+05  3.820E+05  3.831E+05  3.822E+05  3.864E+05  3.826E+05  3.854E+05
  3.863E+05  3.869E+05  3.812E+05  3.811E+05  3.823E+05  3.792E+05  3.829E+05  3.904E+05  3.774E+05  2.746E+05
  4.895E+04  0.000E+00  0.000E+00  0.000E+00  0.000E+00  0.000E+00  0.000E+00  0.000E+00  0.000E+00  0.000E+00
  0.000E+00  0.000E+00  0.000E+00  0.000E+00  0.000E+00  0.000E+00  0.000E+00  0.000E+00  0.000E+00  0.000E+00
  0.000E+00  0.000E+00  0.000E+00  0.000E+00  0.000E+00  0.000E+00  0.000E+00  0.000E+00  0.000E+00  0.000E+00
  3.597E+05  3.580E+05  3.561E+05  3.566E+05  3.506E+05  3.491E+05  3.505E+05  3.532E+05  3.557E+05  3.528E+05
  3.473E+05  3.520E+05  3.530E+05  3.575E+05  3.637E+05  3.623E+05  3.607E+05  3.557E+05  3.165E+05  1.674E+05
  6.224E+03  0.000E+00  0.000E+00  0.000E+00  0.000E+00  0.000E+00  0.000E+00  0.000E+00  0.000E+00  0.000E+00
  0.000E+00  0.000E+00  0.000E+00  0.000E+00  0.000E+00  0.000E+00  0.000E+00  0.000E+00  0.000E+00  0.000E+00
  0.000E+00  0.000E+00  0.000E+00  0.000E+00  0.000E+00  0.000E+00  0.000E+00  0.000E+00  0.000E+00  0.000E+00
  3.317E+05  3.337E+05  3.329E+05  3.264E+05  3.246E+05  3.319E+05  3.301E+05  3.318E+05  3.294E+05  3.285E+05
  3.300E+05  3.297E+05  3.315E+05  3.270E+05  3.210E+05  3.147E+05  3.124E+05  3.175E+05  2.593E+05  9.533E+04
  0.000E+00  0.000E+00  0.000E+00  0.000E+00  0.000E+00  0.000E+00  0.000E+00  0.000E+00  0.000E+00  0.000E+00
  0.000E+00  0.000E+00  0.000E+00  0.000E+00  0.000E+00  0.000E+00  0.000E+00  0.000E+00  0.000E+00  0.000E+00
  0.000E+00  0.000E+00  0.000E+00  0.000E+00  0.000E+00  0.000E+00  0.000E+00  0.000E+00  0.000E+00  0.000E+00
  2.897E+05  2.887E+05  2.903E+05  2.928E+05  2.944E+05  2.936E+05  2.964E+05  2.981E+05  2.972E+05  2.956E+05
  2.970E+05  2.933E+05  2.875E+05  2.902E+05  2.893E+05  2.898E+05  2.924E+05  2.869E+05  2.168E+05  6.902E+04
  0.000E+00  0.000E+00  0.000E+00  0.000E+00  0.000E+00  0.000E+00  0.000E+00  0.000E+00  0.000E+00  0.000E+00
  0.000E+00  0.000E+00  0.000E+00  0.000E+00  0.000E+00  0.000E+00  0.000E+00  0.000E+00  0.000E+00  0.000E+00
  0.000E+00  0.000E+00  0.000E+00  0.000E+00  0.000E+00  0.000E+00  0.000E+00  0.000E+00  0.000E+00  0.000E+00
  2.369E+05  2.405E+05  2.428E+05  2.495E+05  2.481E+05  2.443E+05  2.443E+05  2.434E+05  2.433E+05  2.470E+05
  2.446E+05  2.465E+05  2.493E+05  2.524E+05  2.543E+05  2.556E+05  2.510E+05  2.546E+05  1.783E+05  4.464E+04
  0.000E+00  0.000E+00  0.000E+00  0.000E+00  0.000E+00  0.000E+00  0.000E+00  0.000E+00  0.000E+00  0.000E+00
  0.000E+00  0.000E+00  0.000E+00  0.000E+00  0.000E+00  0.000E+00  0.000E+00  0.000E+00  0.000E+00  0.000E+00
  0.000E+00  0.000E+00  0.000E+00  0.000E+00  0.000E+00  0.000E+00  0.000E+00  0.000E+00  0.000E+00  0.000E+00
  1.861E+05  1.834E+05  1.797E+05  1.788E+05  1.846E+05  1.872E+05  1.905E+05  1.934E+05  1.939E+05  1.860E+05
  1.906E+05  1.913E+05  1.954E+05  1.968E+05  2.043E+05  2.071E+05  2.093E+05  2.017E+05  1.276E+05  2.145E+04
  0.000E+00  0.000E+00  0.000E+00  0.000E+00  0.000E+00  0.000E+00  0.000E+00  0.000E+00  0.000E+00  0.000E+00
  0.000E+00  0.000E+00  0.000E+00  0.000E+00  0.000E+00  0.000E+00  0.000E+00  0.000E+00  0.000E+00  0.000E+00
  0.000E+00  0.000E+00  0.000E+00  0.000E+00  0.000E+00  0.000E+00  0.000E+00  0.000E+00  0.000E+00  0.000E+00
  1.787E+05  1.775E+05  1.762E+05  1.756E+05  1.717E+05  1.762E+05  1.721E+05  1.716E+05  1.742E+05  1.797E+05
  1.809E+05  1.786E+05  1.758E+05  1.767E+05  1.748E+05  1.741E+05  1.752E+05  1.705E+05  1.018E+05  1.554E+04
  0.000E+00  0.000E+00  0.000E+00  0.000E+00  0.000E+00  0.000E+00  0.000E+00  0.000E+00  0.000E+00  0.000E+00
  0.000E+00  0.000E+00  0.000E+00  0.000E+00  0.000E+00  0.000E+00  0.000E+00  0.000E+00  0.000E+00  0.000E+00
  0.000E+00  0.000E+00  0.000E+00  0.000E+00  0.000E+00  0.000E+00  0.000E+00  0.000E+00  0.000E+00  0.000E+00
  1.424E+05  1.418E+05  1.423E+05  1.456E+05  1.494E+05  1.490E+05  1.524E+05  1.476E+05  1.441E+05  1.415E+05
  1.430E+05  1.423E+05  1.451E+05  1.471E+05  1.473E+05  1.478E+05  1.495E+05  1.425E+05  8.865E+04  1.542E+04
  0.000E+00  0.000E+00  0.000E+00  0.000E+00  0.000E+00  0.000E+00  0.000E+00  0.000E+00  0.000E+00  0.000E+00
  0.000E+00  0.000E+00  0.000E+00  0.000E+00  0.000E+00  0.000E+00  0.000E+00  0.000E+00  0.000E+00  0.000E+00
  0.000E+00  0.000E+00  0.000E+00  0.000E+00  0.000E+00  0.000E+00  0.000E+00  0.000E+00  0.000E+00  0.000E+00
  1.060E+05  1.073E+05  1.047E+05  1.053E+05  1.078E+05  1.112E+05  1.108E+05  1.126E+05  1.131E+05  1.163E+05
  1.173E+05  1.201E+05  1.206E+05  1.213E+05  1.184E+05  1.178E+05  1.166E+05  1.160E+05  7.068E+04  1.272E+04
  0.000E+00  0.000E+00  0.000E+00  0.000E+00  0.000E+00  0.000E+00  0.000E+00  0.000E+00  0.000E+00  0.000E+00
  0.000E+00  0.000E+00  0.000E+00  0.000E+00  0.000E+00  0.000E+00  0.000E+00  0.000E+00  0.000E+00  0.000E+00
  0.000E+00  0.000E+00  0.000E+00  0.000E+00  0.000E+00  0.000E+00  0.000E+00  0.000E+00  0.000E+00  0.000E+00
  1.013E+05  1.012E+05  1.033E+05  1.050E+05  1.033E+05  1.013E+05  1.014E+05  1.050E+05  1.051E+05  1.048E+05
  1.057E+05  1.078E+05  1.067E+05  1.044E+05  1.036E+05  1.038E+05  1.065E+05  1.030E+05  6.422E+04  1.223E+04
  0.000E+00  0.000E+00  0.000E+00  0.000E+00  0.000E+00  0.000E+00  0.000E+00  0.000E+00  0.000E+00  0.000E+00
  0.000E+00  0.000E+00  0.000E+00  0.000E+00  0.000E+00  0.000E+00  0.000E+00  0.000E+00  0.000E+00  0.000E+00
  0.000E+00  0.000E+00  0.000E+00  0.000E+00  0.000E+00  0.000E+00  0.000E+00  0.000E+00  0.000E+00  0.000E+00
  8.264E+04  8.550E+04  8.697E+04  8.467E+04  8.385E+04  8.532E+04  8.816E+04  8.968E+04  8.995E+04  9.162E+04
  9.343E+04  9.468E+04  9.532E+04  9.867E+04  1.008E+05  1.008E+05  9.713E+04  9.718E+04  6.167E+04  1.944E+04
  0.000E+00  0.000E+00  0.000E+00  0.000E+00  0.000E+00  0.000E+00  0.000E+00  0.000E+00  0.000E+00  0.000E+00
  0.000E+00  0.000E+00  0.000E+00  0.000E+00  0.000E+00  0.000E+00  0.000E+00  0.000E+00  0.000E+00  0.000E+00
  0.000E+00  0.000E+00  0.000E+00  0.000E+00  0.000E+00  0.000E+00  0.000E+00  0.000E+00  0.000E+00  0.000E+00
  6.151E+04  6.120E+04  6.002E+04  6.154E+04  6.416E+04  6.457E+04  6.537E+04  6.521E+04  6.660E+04  6.564E+04
  6.767E+04  6.727E+04  6.770E+04  6.773E+04  6.815E+04  6.894E+04  7.301E+04  7.450E+04  5.828E+04  2.155E+04
  2.458E+01  0.000E+00  0.000E+00  0.000E+00  0.000E+00  0.000E+00  0.000E+00  0.000E+00  0.000E+00  0.000E+00
  0.000E+00  0.000E+00  0.000E+00  0.000E+00  0.000E+00  0.000E+00  0.000E+00  0.000E+00  0.000E+00  0.000E+00
  0.000E+00  0.000E+00  0.000E+00  0.000E+00  0.000E+00  0.000E+00  0.000E+00  0.000E+00  0.000E+00  0.000E+00
  3.626E+04  3.543E+04  3.455E+04  3.312E+04  3.386E+04  3.671E+04  3.555E+04  3.550E+04  3.600E+04  3.566E+04
  3.362E+04  3.436E+04  3.542E+04  3.775E+04  4.090E+04  4.334E+04  4.338E+04  4.735E+04  4.479E+04  1.915E+04
  1.366E+03  0.000E+00  0.000E+00  0.000E+00  0.000E+00  0.000E+00  0.000E+00  0.000E+00  0.000E+00  0.000E+00
  0.000E+00  0.000E+00  0.000E+00  0.000E+00  0.000E+00  0.000E+00  0.000E+00  0.000E+00  0.000E+00  0.000E+00
  0.000E+00  0.000E+00  0.000E+00  0.000E+00  0.000E+00  0.000E+00  0.000E+00  0.000E+00  0.000E+00  0.000E+00
  3.477E+04  3.520E+04  3.644E+04  3.671E+04  3.469E+04  3.529E+04  3.603E+04  3.599E+04  3.652E+04  3.791E+04
  4.064E+04  4.045E+04  4.018E+04  3.867E+04  3.823E+04  3.633E+04  3.532E+04  3.666E+04  3.765E+04  1.794E+04
  3.140E+03  0.000E+00  0.000E+00  0.000E+00  0.000E+00  0.000E+00  0.000E+00  0.000E+00  0.000E+00  0.000E+00
  0.000E+00  0.000E+00  0.000E+00  0.000E+00  0.000E+00  0.000E+00  0.000E+00  0.000E+00  0.000E+00  0.000E+00
  0.000E+00  0.000E+00  0.000E+00  0.000E+00  0.000E+00  0.000E+00  0.000E+00  0.000E+00  0.000E+00  0.000E+00
  2.380E+04  2.336E+04  2.315E+04  2.362E+04  2.363E+04  2.464E+04  2.430E+04  2.449E+04  2.436E+04  2.474E+04
  2.519E+04  2.514E+04  2.518E+04  2.425E+04  2.482E+04  2.550E+04  2.652E+04  2.709E+04  2.788E+04  1.982E+04
  5.683E+03  8.329E+01  0.000E+00  0.000E+00  0.000E+00  0.000E+00  0.000E+00  0.000E+00  0.000E+00  0.000E+00
  0.000E+00  0.000E+00  0.000E+00  0.000E+00  0.000E+00  0.000E+00  0.000E+00  0.000E+00  0.000E+00  0.000E+00
  0.000E+00  0.000E+00  0.000E+00  0.000E+00  0.000E+00  0.000E+00  0.000E+00  0.000E+00  0.000E+00  0.000E+00

#------------------------------------------------------------------------------
# gshow
#------------------------------------------------------------------------------

p: legs[c5*0.875]

hb:   line clip z  
frame:
  9.5000006E+01 -9.9999303E+00
  1.0000001E+02 -9.9999303E+00
  1.0000001E+02  2.0000070E+01
  9.5000006E+01  2.0000070E+01
clip:
  9.49019670E+01 -1.02969593E+01
  9.60800000E+01 -1.02969593E+01
  9.60800000E+01 -1.01942276E+01
  9.60800000E+01 -9.99101874E+00
  9.60800000E+01 -9.88828705E+00
  9.60800000E+01 -9.68507814E+00
  9.60800000E+01 -9.58234646E+00
  9.60800000E+01 -9.37913755E+00
  9.60800000E+01 -9.27640586E+00
  9.60800000E+01 -9.07319696E+00
  9.60800000E+01 -8.97046527E+00
  9.60800000E+01 -8.76725636E+00
  9.60800000E+01 -8.66452467E+00
  9.60800000E+01 -8.46131577E+00
  9.60800000E+01 -8.35858408E+00
  9.60800000E+01 -8.15537517E+00
  9.60800000E+01 -8.05264349E+00
  9.60800000E+01 -7.84943458E+00
  9.60800000E+01 -7.74670289E+00
  9.60800000E+01 -7.54349399E+00
  9.60800000E+01 -7.44076230E+00
  9.60800000E+01 -7.23755339E+00
  9.60800000E+01 -7.13482170E+00
  9.60800000E+01 -6.93161280E+00
  9.60800000E+01 -6.82888111E+00
  9.60800000E+01 -6.62567220E+00
  9.60800000E+01 -6.52294052E+00
  9.60800000E+01 -6.31973161E+00
  9.60800000E+01 -6.21699992E+00
  9.60800000E+01 -6.01379102E+00
  9.60800000E+01 -5.91105933E+00
  9.60800000E+01 -5.70785042E+00
  9.60800000E+01 -5.60511873E+00
  9.60800000E+01 -5.40190983E+00
  9.60800000E+01 -5.29917814E+00
  9.60800000E+01 -5.09596923E+00
  9.60800000E+01 -4.99323755E+00
  9.60800000E+01 -4.79002864E+00
  9.60800000E+01 -4.68729695E+00
  9.60800000E+01 -4.48408805E+00
  9.60800000E+01 -4.38135636E+00
  9.60800000E+01 -4.17814745E+00
  9.60800000E+01 -4.07541576E+00
  9.60800000E+01 -3.87220686E+00
  9.60800000E+01 -3.76947517E+00
  9.60800000E+01 -3.56626626E+00
  9.60800000E+01 -3.46353458E+00
  9.60800000E+01 -3.26032567E+00
  9.60800000E+01 -3.15759398E+00
  9.60800000E+01 -2.95438508E+00
  9.60800000E+01 -2.85165339E+00
  9.60800000E+01 -2.64844448E+00
  9.60800000E+01 -2.54571279E+00
  9.60800000E+01 -2.34250389E+00
  9.60800000E+01 -2.23977220E+00
  9.60800000E+01 -2.03656329E+00
  9.60800000E+01 -1.93383161E+00
  9.60800000E+01 -1.73062270E+00
  9.61490258E+01 -1.46850000E+00
  9.82274572E+01 -1.46850000E+00
  9.82300000E+01 -1.43216814E+00
  9.82300000E+01 -1.42468210E+00
  9.82300000E+01 -1.41719607E+00
  9.82300000E+01 -1.11874151E+00
  9.82300000E+01 -1.11125548E+00
  9.82300000E+01 -8.12800917E-01
  9.82300000E+01 -8.05314886E-01
  9.82300000E+01 -5.06860323E-01
  9.82300000E+01 -4.99374292E-01
  9.82300000E+01 -2.00919729E-01
  9.82300000E+01 -1.93433698E-01
  9.82300000E+01  1.05020865E-01
  9.82300000E+01  1.12506896E-01
  9.82300000E+01  4.10961459E-01
  9.82300000E+01  4.18447490E-01
  9.82300000E+01  7.16902054E-01
  9.82300000E+01  7.24388084E-01
  9.82300000E+01  1.02284265E+00
  9.82300000E+01  1.03032868E+00
  9.82300000E+01  1.32878324E+00
  9.82300000E+01  1.33626927E+00
  9.82300000E+01  1.63472384E+00
  9.82300000E+01  1.64220987E+00
  9.82300000E+01  1.94066443E+00
  9.82300000E+01  1.94815046E+00
  9.82300000E+01  2.24660502E+00
  9.82300000E+01  2.25409105E+00
  9.82300000E+01  2.55254562E+00
  9.83313787E+01  2.71850000E+00
  9.90024585E+01  2.71850000E+00
  9.90100000E+01  2.55254562E+00
  9.90100000E+01  2.40879309E+00
  9.90100000E+01  2.24660502E+00
  9.90100000E+01  2.10285250E+00
  9.90100000E+01  1.94066443E+00
  9.90100000E+01  1.79691190E+00
  9.90100000E+01  1.63472384E+00
  9.90100000E+01  1.49097131E+00
  9.90100000E+01  1.32878324E+00
  9.90100000E+01  1.18503071E+00
  9.90100000E+01  1.02284265E+00
  9.90100000E+01  8.79090120E-01
  9.90100000E+01  7.16902054E-01
  9.90100000E+01  5.73149526E-01
  9.90100000E+01  4.10961459E-01
  9.90100000E+01  2.67208932E-01
  9.90100000E+01  1.05020865E-01
  9.90100000E+01 -3.87316617E-02
  9.90100000E+01 -2.00919729E-01
  9.90100000E+01 -3.44672256E-01
  9.90100000E+01 -5.06860323E-01
  9.90100000E+01 -6.50612850E-01
  9.90100000E+01 -8.12800917E-01
  9.90100000E+01 -9.56553444E-01
  9.90100000E+01 -1.11874151E+00
  9.90100000E+01 -1.26249404E+00
  9.90439457E+01 -1.46850000E+00
  1.00098045E+02 -1.46850000E+00
  1.00098045E+02 -1.42468210E+00
  1.00098045E+02 -1.11874151E+00
  1.00098045E+02 -8.12800917E-01
  1.00098045E+02 -5.06860323E-01
  1.00098045E+02 -2.00919729E-01
  1.00098045E+02  1.05020865E-01
  1.00098045E+02  4.10961459E-01
  1.00098045E+02  7.16902054E-01
  1.00098045E+02  1.02284265E+00
  1.00098045E+02  1.32878324E+00
  1.00098045E+02  1.63472384E+00
  1.00098045E+02  1.94066443E+00
  1.00098045E+02  2.24660502E+00
  1.00098045E+02  2.55254562E+00
  1.00098045E+02  2.85848621E+00
  1.00098045E+02  3.16442681E+00
  1.00098045E+02  3.47036740E+00
  1.00098045E+02  3.77630799E+00
  1.00098045E+02  4.08224859E+00
  1.00098045E+02  4.38818918E+00
  1.00098045E+02  4.69412978E+00
  1.00098045E+02  5.00007037E+00
  1.00098045E+02  5.30601096E+00
  1.00098045E+02  5.61195156E+00
  1.00098045E+02  5.91789215E+00
  1.00098045E+02  6.22383275E+00
  1.00098045E+02  6.52977334E+00
  1.00098045E+02  6.83571393E+00
  1.00098045E+02  7.14165453E+00
  1.00098045E+02  7.44759512E+00
  1.00098045E+02  7.75353572E+00
  1.00098045E+02  8.05947631E+00
  1.00098045E+02  8.36541691E+00
  1.00098045E+02  8.67135750E+00
  1.00098045E+02  8.97729809E+00
  1.00098045E+02  9.28323869E+00
  1.00098045E+02  9.58917928E+00
  1.00098045E+02  9.89511988E+00
  1.00098045E+02  1.02010605E+01
  1.00098045E+02  1.05070011E+01
  1.00098045E+02  1.08129417E+01
  1.00098045E+02  1.11188823E+01
  1.00098045E+02  1.14248228E+01
  1.00098045E+02  1.17307634E+01
  1.00098045E+02  1.20367040E+01
  1.00098045E+02  1.23426446E+01
  1.00098045E+02  1.26485852E+01
  1.00098045E+02  1.29545258E+01
  1.00098045E+02  1.32604664E+01
  1.00098045E+02  1.35664070E+01
  1.00098045E+02  1.38723476E+01
  1.00098045E+02  1.41782882E+01
  1.00098045E+02  1.44842288E+01
  1.00098045E+02  1.47901694E+01
  1.00098045E+02  1.50961100E+01
  1.00098045E+02  1.54020506E+01
  1.00098045E+02  1.57079912E+01
  1.00098045E+02  1.60139318E+01
  1.00098045E+02  1.63198724E+01
  1.00098045E+02  1.66258129E+01
  1.00098045E+02  1.69317535E+01
  1.00098045E+02  1.72376941E+01
  1.00098045E+02  1.75000000E+01
  1.00008946E+02  1.75000000E+01
  9.99941238E+01  1.75000000E+01
  9.99050240E+01  1.75000000E+01
  9.98902023E+01  1.75000000E+01
  9.98011025E+01  1.75000000E+01
  9.97862807E+01  1.75000000E+01
  9.96971809E+01  1.75000000E+01
  9.96823591E+01  1.75000000E+01
  9.95932593E+01  1.75000000E+01
  9.95784375E+01  1.75000000E+01
  9.94893378E+01  1.75000000E+01
  9.94745160E+01  1.75000000E+01
  9.93854162E+01  1.75000000E+01
  9.93705944E+01  1.75000000E+01
  9.92814946E+01  1.75000000E+01
  9.92666728E+01  1.75000000E+01
  9.91775731E+01  1.75000000E+01
  9.91627513E+01  1.75000000E+01
  9.90736515E+01  1.75000000E+01
  9.90588297E+01  1.75000000E+01
  9.89697299E+01  1.75000000E+01
  9.89549081E+01  1.75000000E+01
  9.88658084E+01  1.75000000E+01
  9.88509866E+01  1.75000000E+01
  9.87618868E+01  1.75000000E+01
  9.87470650E+01  1.75000000E+01
  9.86579652E+01  1.75000000E+01
  9.86431434E+01  1.75000000E+01
  9.85540437E+01  1.75000000E+01
  9.85392219E+01  1.75000000E+01
  9.84501221E+01  1.75000000E+01
  9.84353003E+01  1.75000000E+01
  9.83462005E+01  1.75000000E+01
  9.83313787E+01  1.75000000E+01
  9.82422789E+01  1.75000000E+01
  9.82274572E+01  1.75000000E+01
  9.81383574E+01  1.75000000E+01
  9.81235356E+01  1.75000000E+01
  9.80344358E+01  1.75000000E+01
  9.80196140E+01  1.75000000E+01
  9.79305142E+01  1.75000000E+01
  9.79156924E+01  1.75000000E+01
  9.78265927E+01  1.75000000E+01
  9.78117709E+01  1.75000000E+01
  9.77226711E+01  1.75000000E+01
  9.77078493E+01  1.75000000E+01
  9.76187495E+01  1.75000000E+01
  9.76039277E+01  1.75000000E+01
  9.75148280E+01  1.75000000E+01
  9.75000062E+01  1.75000000E+01
  9.74109064E+01  1.75000000E+01
  9.73960846E+01  1.75000000E+01
  9.73069848E+01  1.75000000E+01
  9.72921630E+01  1.75000000E+01
  9.72030633E+01  1.75000000E+01
  9.71882415E+01  1.75000000E+01
  9.70991417E+01  1.75000000E+01
  9.70843199E+01  1.75000000E+01
  9.69952201E+01  1.75000000E+01
  9.69803983E+01  1.75000000E+01
  9.68912986E+01  1.75000000E+01
  9.68764768E+01  1.75000000E+01
  9.67873770E+01  1.75000000E+01
  9.67725552E+01  1.75000000E+01
  9.66834554E+01  1.75000000E+01
  9.66686336E+01  1.75000000E+01
  9.65795339E+01  1.75000000E+01
  9.65647121E+01  1.75000000E+01
  9.64756123E+01  1.75000000E+01
  9.64607905E+01  1.75000000E+01
  9.63716907E+01  1.75000000E+01
  9.63568689E+01  1.75000000E+01
  9.62677691E+01  1.75000000E+01
  9.62529473E+01  1.75000000E+01
  9.61638476E+01  1.75000000E+01
  9.61490258E+01  1.75000000E+01
  9.60599260E+01  1.75000000E+01
  9.60451042E+01  1.75000000E+01
  9.59560044E+01  1.75000000E+01
  9.59411826E+01  1.75000000E+01
  9.58520829E+01  1.75000000E+01
  9.58372611E+01  1.75000000E+01
  9.57481613E+01  1.75000000E+01
  9.57333395E+01  1.75000000E+01
  9.56442397E+01  1.75000000E+01
  9.56294179E+01  1.75000000E+01
  9.55403182E+01  1.75000000E+01
  9.55254964E+01  1.75000000E+01
  9.54363966E+01  1.75000000E+01
  9.54215748E+01  1.75000000E+01
  9.53324750E+01  1.75000000E+01
  9.53176532E+01  1.75000000E+01
  9.52285535E+01  1.75000000E+01
  9.52137317E+01  1.75000000E+01
  9.51246319E+01  1.75000000E+01
  9.51098101E+01  1.75000000E+01
  9.50207103E+01  1.75000000E+01
  9.50058885E+01  1.75000000E+01
  9.49167888E+01  1.75000000E+01
  9.49019670E+01  1.75000000E+01
  9.49019670E+01  1.72376941E+01
  9.49019670E+01  1.69317535E+01
  9.49019670E+01  1.66258129E+01
  9.49019670E+01  1.63198724E+01
  9.49019670E+01  1.60139318E+01
  9.49019670E+01  1.57079912E+01
  9.49019670E+01  1.54020506E+01
  9.49019670E+01  1.50961100E+01
  9.49019670E+01  1.47901694E+01
  9.49019670E+01  1.44842288E+01
  9.49019670E+01  1.41782882E+01
  9.49019670E+01  1.38723476E+01
  9.49019670E+01  1.35664070E+01
  9.49019670E+01  1.32604664E+01
  9.49019670E+01  1.29545258E+01
  9.49019670E+01  1.26485852E+01
  9.49019670E+01  1.23426446E+01
  9.49019670E+01  1.20367040E+01
  9.49019670E+01  1.17307634E+01
  9.49019670E+01  1.14248228E+01
  9.49019670E+01  1.11188823E+01
  9.49019670E+01  1.08129417E+01
  9.49019670E+01  1.05070011E+01
  9.49019670E+01  1.02010605E+01
  9.49019670E+01  9.89511988E+00
  9.49019670E+01  9.58917928E+00
  9.49019670E+01  9.28323869E+00
  9.49019670E+01  8.97729809E+00
  9.49019670E+01  8.67135750E+00
  9.49019670E+01  8.36541691E+00
  9.49019670E+01  8.05947631E+00
  9.49019670E+01  7.75353572E+00
  9.49019670E+01  7.44759512E+00
  9.49019670E+01  7.14165453E+00
  9.49019670E+01  6.83571393E+00
  9.49019670E+01  6.52977334E+00
  9.49019670E+01  6.22383275E+00
  9.49019670E+01  5.91789215E+00
  9.49019670E+01  5.61195156E+00
  9.49019670E+01  5.30601096E+00
  9.49019670E+01  5.00007037E+00
  9.49019670E+01  4.69412978E+00
  9.49019670E+01  4.38818918E+00
  9.49019670E+01  4.08224859E+00
  9.49019670E+01  3.77630799E+00
  9.49019670E+01  3.47036740E+00
  9.49019670E+01  3.16442681E+00
  9.49019670E+01  2.85848621E+00
  9.49019670E+01  2.55254562E+00
  9.49019670E+01  2.24660502E+00
  9.49019670E+01  1.94066443E+00
  9.49019670E+01  1.63472384E+00
  9.49019670E+01  1.32878324E+00
  9.49019670E+01  1.02284265E+00
  9.49019670E+01  7.16902054E-01
  9.49019670E+01  4.10961459E-01
  9.49019670E+01  1.05020865E-01
  9.49019670E+01 -2.00919729E-01
  9.49019670E+01 -5.06860323E-01
  9.49019670E+01 -8.12800917E-01
  9.49019670E+01 -1.11874151E+00
  9.49019670E+01 -1.42468210E+00
  9.49019670E+01 -1.73062270E+00
  9.49019670E+01 -2.03656329E+00
  9.49019670E+01 -2.34250389E+00
  9.49019670E+01 -2.64844448E+00
  9.49019670E+01 -2.95438508E+00
  9.49019670E+01 -3.26032567E+00
  9.49019670E+01 -3.56626626E+00
  9.49019670E+01 -3.87220686E+00
  9.49019670E+01 -4.17814745E+00
  9.49019670E+01 -4.48408805E+00
  9.49019670E+01 -4.79002864E+00
  9.49019670E+01 -5.09596923E+00
  9.49019670E+01 -5.40190983E+00
  9.49019670E+01 -5.70785042E+00
  9.49019670E+01 -6.01379102E+00
  9.49019670E+01 -6.31973161E+00
  9.49019670E+01 -6.62567220E+00
  9.49019670E+01 -6.93161280E+00
  9.49019670E+01 -7.23755339E+00
  9.49019670E+01 -7.54349399E+00
  9.49019670E+01 -7.84943458E+00
  9.49019670E+01 -8.15537517E+00
  9.49019670E+01 -8.46131577E+00
  9.49019670E+01 -8.76725636E+00
  9.49019670E+01 -9.07319696E+00
  9.49019670E+01 -9.37913755E+00
  9.49019670E+01 -9.68507814E+00
  9.49019670E+01 -9.99101874E+00
  9.49019670E+01 -1.02969593E+01

hb:   line clip z  
frame:
  9.5000006E+01 -9.9999303E+00
  1.0000001E+02 -9.9999303E+00
  1.0000001E+02  2.0000070E+01
  9.5000006E+01  2.0000070E+01
clip:
  9.61490258E+01 -1.02969593E+01
  9.69803983E+01 -1.02969593E+01
  9.69811149E+01 -1.02948498E+01
  9.69803983E+01 -1.02907643E+01
  9.69313741E+01 -9.99101874E+00
  9.69147081E+01 -9.87846745E+00
  9.68881846E+01 -9.68507814E+00
  9.68849522E+01 -9.66012672E+00
  9.68764768E+01 -9.59307717E+00
  9.68514445E+01 -9.37913755E+00
  9.68329163E+01 -9.20143698E+00
  9.68207852E+01 -9.07319696E+00
  9.68109394E+01 -8.96019558E+00
  9.67959206E+01 -8.76725636E+00
  9.67919110E+01 -8.71027376E+00
  9.67766315E+01 -8.46131577E+00
  9.67760739E+01 -8.45095676E+00
  9.67725552E+01 -8.38271416E+00
  9.67627557E+01 -8.15537517E+00
  9.67552442E+01 -7.90039751E+00
  9.67541802E+01 -7.84943458E+00
  9.67511003E+01 -7.60665629E+00
  9.67508367E+01 -7.54349399E+00
  9.67519148E+01 -7.29831782E+00
  9.67526991E+01 -7.23755339E+00
  9.67585187E+01 -6.97293555E+00
  9.67597819E+01 -6.93161280E+00
  9.67720714E+01 -6.62709661E+00
  9.67942759E+01 -6.25578665E+00
  9.68278240E+01 -5.85108209E+00
  9.68764768E+01 -5.40692283E+00
  9.69184126E+01 -5.09596923E+00
  9.69665006E+01 -4.79002864E+00
  9.70219294E+01 -4.48408805E+00
  9.70875360E+01 -4.16867939E+00
  9.71882415E+01 -3.75567515E+00
  9.72408606E+01 -3.56626626E+00
  9.73144154E+01 -3.32583568E+00
  9.73960846E+01 -3.08706516E+00
  9.74457692E+01 -2.95438508E+00
  9.75000062E+01 -2.81925061E+00
  9.75745953E+01 -2.64844448E+00
  9.76527842E+01 -2.48633527E+00
  9.77160708E+01 -2.36670767E+00
  9.78117709E+01 -2.20383997E+00
  9.79156924E+01 -2.04957303E+00
  9.79252013E+01 -2.03656329E+00
  9.80196140E+01 -1.91693607E+00
  9.80652873E+01 -1.86508277E+00
  9.81235356E+01 -1.80441776E+00
  9.81423732E+01 -1.78607987E+00
  9.82036931E+01 -1.73062270E+00
  9.81276534E+01 -1.71850000E+00
  9.81235356E+01 -1.71850000E+00
  9.81194178E+01 -1.71850000E+00
  9.80196140E+01 -1.71850000E+00
  9.80154962E+01 -1.71850000E+00
  9.79156924E+01 -1.71850000E+00
  9.79115746E+01 -1.71850000E+00
  9.78117709E+01 -1.71850000E+00
  9.78076531E+01 -1.71850000E+00
  9.77078493E+01 -1.71850000E+00
  9.77037315E+01 -1.71850000E+00
  9.76039277E+01 -1.71850000E+00
  9.75998099E+01 -1.71850000E+00
  9.75000062E+01 -1.71850000E+00
  9.74958883E+01 -1.71850000E+00
  9.73960846E+01 -1.71850000E+00
  9.73919668E+01 -1.71850000E+00
  9.72921630E+01 -1.71850000E+00
  9.72880452E+01 -1.71850000E+00
  9.71882415E+01 -1.71850000E+00
  9.71841236E+01 -1.71850000E+00
  9.70843199E+01 -1.71850000E+00
  9.70802021E+01 -1.71850000E+00
  9.69803983E+01 -1.71850000E+00
  9.69762805E+01 -1.71850000E+00
  9.68764768E+01 -1.71850000E+00
  9.68723589E+01 -1.71850000E+00
  9.67725552E+01 -1.71850000E+00
  9.67684374E+01 -1.71850000E+00
  9.66686336E+01 -1.71850000E+00
  9.66645158E+01 -1.71850000E+00
  9.65647121E+01 -1.71850000E+00
  9.65605942E+01 -1.71850000E+00
  9.64607905E+01 -1.71850000E+00
  9.64566727E+01 -1.71850000E+00
  9.63568689E+01 -1.71850000E+00
  9.63527511E+01 -1.71850000E+00
  9.62529473E+01 -1.71850000E+00
  9.62488295E+01 -1.71850000E+00
  9.61490258E+01 -1.71850000E+00
  9.61449080E+01 -1.71850000E+00
  9.60800000E+01 -1.73062270E+00
  9.60800000E+01 -1.93383161E+00
  9.60800000E+01 -2.03656329E+00
  9.60800000E+01 -2.23977220E+00
  9.60800000E+01 -2.34250389E+00
  9.60800000E+01 -2.54571279E+00
  9.60800000E+01 -2.64844448E+00
  9.60800000E+01 -2.85165339E+00
  9.60800000E+01 -2.95438508E+00
  9.60800000E+01 -3.15759398E+00
  9.60800000E+01 -3.26032567E+00
  9.60800000E+01 -3.46353458E+00
  9.60800000E+01 -3.56626626E+00
  9.60800000E+01 -3.76947517E+00
  9.60800000E+01 -3.87220686E+00
  9.60800000E+01 -4.07541576E+00
  9.60800000E+01 -4.17814745E+00
  9.60800000E+01 -4.38135636E+00
  9.60800000E+01 -4.48408805E+00
  9.60800000E+01 -4.68729695E+00
  9.60800000E+01 -4.79002864E+00
  9.60800000E+01 -4.99323755E+00
  9.60800000E+01 -5.09596923E+00
  9.60800000E+01 -5.29917814E+00
  9.60800000E+01 -5.40190983E+00
  9.60800000E+01 -5.60511873E+00
  9.60800000E+01 -5.70785042E+00
  9.60800000E+01 -5.91105933E+00
  9.60800000E+01 -6.01379102E+00
  9.60800000E+01 -6.21699992E+00
  9.60800000E+01 -6.31973161E+00
  9.60800000E+01 -6.52294052E+00
  9.60800000E+01 -6.62567220E+00
  9.60800000E+01 -6.82888111E+00
  9.60800000E+01 -6.93161280E+00
  9.60800000E+01 -7.13482170E+00
  9.60800000E+01 -7.23755339E+00
  9.60800000E+01 -7.44076230E+00
  9.60800000E+01 -7.54349399E+00
  9.60800000E+01 -7.74670289E+00
  9.60800000E+01 -7.84943458E+00
  9.60800000E+01 -8.05264349E+00
  9.60800000E+01 -8.15537517E+00
  9.60800000E+01 -8.35858408E+00
  9.60800000E+01 -8.46131577E+00
  9.60800000E+01 -8.66452467E+00
  9.60800000E+01 -8.76725636E+00
  9.60800000E+01 -8.97046527E+00
  9.60800000E+01 -9.07319696E+00
  9.60800000E+01 -9.27640586E+00
  9.60800000E+01 -9.37913755E+00
  9.60800000E+01 -9.58234646E+00
  9.60800000E+01 -9.68507814E+00
  9.60800000E+01 -9.88828705E+00
  9.60800000E+01 -9.99101874E+00
  9.60800000E+01 -1.01942276E+01
  9.60800000E+01 -1.02969593E+01

hb:   line clip z  
frame:
  9.5000006E+01 -9.9999303E+00
  1.0000001E+02 -9.9999303E+00
  1.0000001E+02  2.0000070E+01
  9.5000006E+01  2.0000070E+01
clip:
  9.70843199E+01 -1.02969593E+01
  1.00098045E+02 -1.02969593E+01
  1.00098045E+02 -9.99101874E+00
  1.00098045E+02 -9.68507814E+00
  1.00098045E+02 -9.37913755E+00
  1.00098045E+02 -9.07319696E+00
  1.00098045E+02 -8.76725636E+00
  1.00098045E+02 -8.46131577E+00
  1.00098045E+02 -8.15537517E+00
  1.00098045E+02 -7.84943458E+00
  1.00098045E+02 -7.54349399E+00
  1.00098045E+02 -7.23755339E+00
  1.00098045E+02 -6.93161280E+00
  1.00098045E+02 -6.62567220E+00
  1.00098045E+02 -6.31973161E+00
  1.00098045E+02 -6.01379102E+00
  1.00098045E+02 -5.70785042E+00
  1.00098045E+02 -5.40190983E+00
  1.00098045E+02 -5.09596923E+00
  1.00098045E+02 -4.79002864E+00
  1.00098045E+02 -4.48408805E+00
  1.00098045E+02 -4.17814745E+00
  1.00098045E+02 -3.87220686E+00
  1.00098045E+02 -3.56626626E+00
  1.00098045E+02 -3.26032567E+00
  1.00098045E+02 -3.07092124E+00
  1.00054231E+02 -2.95438508E+00
  1.00021890E+02 -2.87264251E+00
  9.99941238E+01 -2.80519657E+00
  9.99254047E+01 -2.64844448E+00
  9.99050677E+01 -2.60468138E+00
  9.98902023E+01 -2.57341646E+00
  9.98123059E+01 -2.41912096E+00
  9.97862807E+01 -2.37097698E+00
  9.97704579E+01 -2.34250389E+00
  9.97148043E+01 -2.24698661E+00
  9.96823591E+01 -2.19451846E+00
  9.95815853E+01 -2.04583011E+00
  9.95784375E+01 -2.04152062E+00
  9.95747987E+01 -2.03656329E+00
  9.95050808E+01 -1.94658185E+00
  9.94745160E+01 -1.91005676E+00
  9.94057733E+01 -1.83418771E+00
  9.93705944E+01 -1.79863707E+00
  9.92963069E+01 -1.73062270E+00
  9.92732074E+01 -1.71138515E+00
  9.92666728E+01 -1.70610506E+00
  9.92552738E+01 -1.69706441E+00
  9.91627513E+01 -1.63156720E+00
  9.91205036E+01 -1.60624740E+00
  9.90588297E+01 -1.57434443E+00
  9.89968850E+01 -1.54826025E+00
  9.89549081E+01 -1.53393849E+00
  9.88818017E+01 -1.51540053E+00
  9.88509866E+01 -1.51000906E+00
  9.87735898E+01 -1.50277000E+00
  9.87470650E+01 -1.50235893E+00
  9.86711131E+01 -1.50702347E+00
  9.86431434E+01 -1.51092569E+00
  9.85800000E+01 -1.54473118E+00
  9.85392219E+01 -1.59518698E+00
  9.84941181E+01 -1.59783908E+00
  9.84353003E+01 -1.59639749E+00
  9.83908966E+01 -1.59990012E+00
  9.83313787E+01 -1.63531058E+00
  9.83049592E+01 -1.65284478E+00
  9.82274572E+01 -1.71084490E+00
  9.82221981E+01 -1.71514025E+00
  9.82036931E+01 -1.73062270E+00
  9.81235356E+01 -1.80441776E+00
  9.80652873E+01 -1.86508277E+00
  9.80196140E+01 -1.91693607E+00
  9.79907767E+01 -1.95166735E+00
  9.79252013E+01 -2.03656329E+00
  9.79156924E+01 -2.04957303E+00
  9.78489579E+01 -2.14604031E+00
  9.78117709E+01 -2.20383997E+00
  9.77814399E+01 -2.25321073E+00
  9.77295421E+01 -2.34250389E+00
  9.77078493E+01 -2.38169233E+00
  9.76527842E+01 -2.48633527E+00
  9.76039277E+01 -2.58569014E+00
  9.75915254E+01 -2.61193242E+00
  9.75745953E+01 -2.64844448E+00
  9.75000062E+01 -2.81925061E+00
  9.74749233E+01 -2.88054218E+00
  9.74457692E+01 -2.95438508E+00
  9.73960846E+01 -3.08706516E+00
  9.73660200E+01 -3.17181676E+00
  9.73359067E+01 -3.26032567E+00
  9.72921630E+01 -3.39583401E+00
  9.72647030E+01 -3.48542512E+00
  9.72408606E+01 -3.56626626E+00
  9.71882415E+01 -3.75567515E+00
  9.71709827E+01 -3.82139773E+00
  9.71579750E+01 -3.87220686E+00
  9.70875360E+01 -4.16867939E+00
  9.70854323E+01 -4.17814745E+00
  9.70843199E+01 -4.18316956E+00
  9.70449754E+01 -4.36825968E+00
  9.70219294E+01 -4.48408805E+00
  9.69803983E+01 -4.70923571E+00
  9.69711343E+01 -4.76275566E+00
  9.69665006E+01 -4.79002864E+00
  9.69532601E+01 -4.86992232E+00
  9.69184126E+01 -5.09596923E+00
  9.68774607E+01 -5.39901307E+00
  9.68770999E+01 -5.40190983E+00
  9.68764768E+01 -5.40692283E+00
  9.68503425E+01 -5.63091232E+00
  9.68421223E+01 -5.70785042E+00
  9.68278240E+01 -5.85108209E+00
  9.68131366E+01 -6.01379102E+00
  9.67942759E+01 -6.25578665E+00
  9.67898769E+01 -6.31973161E+00
  9.67725552E+01 -6.61728584E+00
  9.67721936E+01 -6.62460763E+00
  9.67720714E+01 -6.62709661E+00
  9.67597819E+01 -6.93161280E+00
  9.67585187E+01 -6.97293555E+00
  9.67526991E+01 -7.23755339E+00
  9.67519148E+01 -7.29831782E+00
  9.67508367E+01 -7.54349399E+00
  9.67511003E+01 -7.60665629E+00
  9.67541802E+01 -7.84943458E+00
  9.67637272E+01 -8.18136454E+00
  9.67766315E+01 -8.46131577E+00
  9.67959206E+01 -8.76725636E+00
  9.68329163E+01 -9.20143698E+00
  9.68764768E+01 -9.59307717E+00
  9.69313741E+01 -9.99101874E+00
  9.69814854E+01 -1.02969593E+01

hb:   line clip z  
frame:
  9.5000006E+01 -9.9999303E+00
  1.0000001E+02 -9.9999303E+00
  1.0000001E+02  2.0000070E+01
  9.5000006E+01  2.0000070E+01
clip:
  1.00077402E+02 -3.01515794E+00
  1.00098045E+02 -3.07092124E+00
  1.00098045E+02 -2.95438508E+00
  1.00098045E+02 -2.64844448E+00
  1.00098045E+02 -2.34250389E+00
  1.00098045E+02 -2.03656329E+00
  1.00098045E+02 -1.73062270E+00
  1.00098045E+02 -1.71850000E+00
  1.00093928E+02 -1.71850000E+00
  9.99941238E+01 -1.71850000E+00
  9.99900060E+01 -1.71850000E+00
  9.98902023E+01 -1.71850000E+00
  9.98860844E+01 -1.71850000E+00
  9.97862807E+01 -1.71850000E+00
  9.97821629E+01 -1.71850000E+00
  9.96823591E+01 -1.71850000E+00
  9.96782413E+01 -1.71850000E+00
  9.95784375E+01 -1.71850000E+00
  9.95743197E+01 -1.71850000E+00
  9.94745160E+01 -1.71850000E+00
  9.94703982E+01 -1.71850000E+00
  9.93705944E+01 -1.71850000E+00
  9.93664766E+01 -1.71850000E+00
  9.92963069E+01 -1.73062270E+00
  9.93531925E+01 -1.78185303E+00
  9.94057733E+01 -1.83418771E+00
  9.94745160E+01 -1.91005676E+00
  9.95747987E+01 -2.03656329E+00
  9.95815853E+01 -2.04583011E+00
  9.96823591E+01 -2.19451846E+00
  9.97704579E+01 -2.34250389E+00
  9.97802929E+01 -2.36013176E+00
  9.97862807E+01 -2.37097698E+00
  9.98123059E+01 -2.41912096E+00
  9.98902023E+01 -2.57341646E+00
  9.99254047E+01 -2.64844448E+00
  9.99644541E+01 -2.73579095E+00
  9.99941238E+01 -2.80519657E+00
  1.00054231E+02 -2.95438508E+00

hb:   line clip z  
clip:
  9.83164947E+01 -1.46850000E+00
  9.83462627E+01 -1.46850000E+00
  9.83800000E+01 -1.42468210E+00
  9.83800000E+01 -1.28154317E+00
  9.83800000E+01 -1.11874151E+00
  9.83800000E+01 -9.75602575E-01
  9.83800000E+01 -8.12800917E-01
  9.83800000E+01 -6.69661981E-01
  9.83800000E+01 -5.06860323E-01
  9.83800000E+01 -3.63721387E-01
  9.83800000E+01 -2.00919729E-01
  9.83800000E+01 -5.77807930E-02
  9.83800000E+01  1.05020865E-01
  9.83800000E+01  2.48159801E-01
  9.83800000E+01  4.10961459E-01
  9.83800000E+01  5.54100395E-01
  9.83800000E+01  7.16902054E-01
  9.83800000E+01  8.60040989E-01
  9.83800000E+01  1.02284265E+00
  9.83800000E+01  1.16598158E+00
  9.83800000E+01  1.32878324E+00
  9.83800000E+01  1.47192218E+00
  9.84353003E+01  1.59639749E+00
  9.85392219E+01  1.59518698E+00
  9.85800000E+01  1.63472384E+00
  9.85800000E+01  1.75477292E+00
  9.85800000E+01  1.94066443E+00
  9.85800000E+01  2.06071351E+00
  9.85800000E+01  2.24660502E+00
  9.85800000E+01  2.36665410E+00
  9.85800000E+01  2.55254562E+00
  9.85800000E+01  2.67259470E+00
  9.85392219E+01  2.71850000E+00
  9.84828507E+01  2.71850000E+00
  9.84353003E+01  2.71850000E+00
  9.83789291E+01  2.71850000E+00
  9.83313787E+01  2.71850000E+00
  9.82750075E+01  2.71850000E+00
  9.82300000E+01  2.55254562E+00
  9.82300000E+01  2.25409105E+00
  9.82300000E+01  2.24660502E+00
  9.82300000E+01  1.94815046E+00
  9.82300000E+01  1.94066443E+00
  9.82300000E+01  1.64220987E+00
  9.82300000E+01  1.63472384E+00
  9.82300000E+01  1.33626927E+00
  9.82300000E+01  1.32878324E+00
  9.82300000E+01  1.03032868E+00
  9.82300000E+01  1.02284265E+00
  9.82300000E+01  7.24388084E-01
  9.82300000E+01  7.16902054E-01
  9.82300000E+01  4.18447490E-01
  9.82300000E+01  4.10961459E-01
  9.82300000E+01  1.12506896E-01
  9.82300000E+01  1.05020865E-01
  9.82300000E+01 -1.93433698E-01
  9.82300000E+01 -2.00919729E-01
  9.82300000E+01 -4.99374292E-01
  9.82300000E+01 -5.06860323E-01
  9.82300000E+01 -8.05314886E-01
  9.82300000E+01 -8.12800917E-01
  9.82300000E+01 -1.11125548E+00
  9.82300000E+01 -1.11874151E+00
  9.82300000E+01 -1.41719607E+00
  9.82300000E+01 -1.42468210E+00

hb:   line clip z  
clip:
  9.83800000E+01 -1.58748376E+00
  9.84353003E+01 -1.59639749E+00
  9.84941181E+01 -1.59783908E+00
  9.85392219E+01 -1.59518698E+00
  9.85800000E+01 -1.54473118E+00
  9.85800000E+01 -1.42468210E+00
  9.85800000E+01 -1.30463303E+00
  9.85800000E+01 -1.11874151E+00
  9.85800000E+01 -9.98692431E-01
  9.85800000E+01 -8.12800917E-01
  9.85800000E+01 -6.92751837E-01
  9.85800000E+01 -5.06860323E-01
  9.85800000E+01 -3.86811243E-01
  9.85800000E+01 -2.00919729E-01
  9.85800000E+01 -8.08706492E-02
  9.85800000E+01  1.05020865E-01
  9.85800000E+01  2.25069945E-01
  9.85800000E+01  4.10961459E-01
  9.85800000E+01  5.31010539E-01
  9.85800000E+01  7.16902054E-01
  9.85800000E+01  8.36951133E-01
  9.85800000E+01  1.02284265E+00
  9.85800000E+01  1.14289173E+00
  9.85800000E+01  1.32878324E+00
  9.85800000E+01  1.44883232E+00
  9.85392219E+01  1.59518698E+00
  9.84480528E+01  1.59718102E+00
  9.84353003E+01  1.59639749E+00
  9.83800000E+01  1.49158490E+00
  9.83800000E+01  1.32878324E+00
  9.83800000E+01  1.16598158E+00
  9.83800000E+01  1.02284265E+00
  9.83800000E+01  8.60040989E-01
  9.83800000E+01  7.16902054E-01
  9.83800000E+01  5.54100395E-01
  9.83800000E+01  4.10961459E-01
  9.83800000E+01  2.48159801E-01
  9.83800000E+01  1.05020865E-01
  9.83800000E+01 -5.77807930E-02
  9.83800000E+01 -2.00919729E-01
  9.83800000E+01 -3.63721387E-01
  9.83800000E+01 -5.06860323E-01
  9.83800000E+01 -6.69661981E-01
  9.83800000E+01 -8.12800917E-01
  9.83800000E+01 -9.75602575E-01
  9.83800000E+01 -1.11874151E+00
  9.83800000E+01 -1.28154317E+00
  9.83800000E+01 -1.42468210E+00

hb:   line clip z  
clip:
  9.86282594E+01 -1.46850000E+00
  9.89697921E+01 -1.46850000E+00
  9.90100000E+01 -1.42468210E+00
  9.90100000E+01 -1.26249404E+00
  9.90100000E+01 -1.11874151E+00
  9.90100000E+01 -9.56553444E-01
  9.90100000E+01 -8.12800917E-01
  9.90100000E+01 -6.50612850E-01
  9.90100000E+01 -5.06860323E-01
  9.90100000E+01 -3.44672256E-01
  9.90100000E+01 -2.00919729E-01
  9.90100000E+01 -3.87316617E-02
  9.90100000E+01  1.05020865E-01
  9.90100000E+01  2.67208932E-01
  9.90100000E+01  4.10961459E-01
  9.90100000E+01  5.73149526E-01
  9.90100000E+01  7.16902054E-01
  9.90100000E+01  8.79090120E-01
  9.90100000E+01  1.02284265E+00
  9.90100000E+01  1.18503071E+00
  9.90100000E+01  1.32878324E+00
  9.90100000E+01  1.49097131E+00
  9.90100000E+01  1.63472384E+00
  9.90100000E+01  1.79691190E+00
  9.90100000E+01  1.94066443E+00
  9.90100000E+01  2.10285250E+00
  9.90100000E+01  2.24660502E+00
  9.90100000E+01  2.40879309E+00
  9.90100000E+01  2.55254562E+00
  9.90100000E+01  2.71473368E+00
  9.89549081E+01  2.71850000E+00
  9.88985369E+01  2.71850000E+00
  9.88509866E+01  2.71850000E+00
  9.87946154E+01  2.71850000E+00
  9.87470650E+01  2.71850000E+00
  9.86906938E+01  2.71850000E+00
  9.86431434E+01  2.71850000E+00
  9.85867722E+01  2.71850000E+00
  9.85800000E+01  2.55254562E+00
  9.85800000E+01  2.36665410E+00
  9.85800000E+01  2.24660502E+00
  9.85800000E+01  2.06071351E+00
  9.85800000E+01  1.94066443E+00
  9.85800000E+01  1.75477292E+00
  9.85800000E+01  1.63472384E+00
  9.85800000E+01  1.44883232E+00
  9.85800000E+01  1.32878324E+00
  9.85800000E+01  1.14289173E+00
  9.85800000E+01  1.02284265E+00
  9.85800000E+01  8.36951133E-01
  9.85800000E+01  7.16902054E-01
  9.85800000E+01  5.31010539E-01
  9.85800000E+01  4.10961459E-01
  9.85800000E+01  2.25069945E-01
  9.85800000E+01  1.05020865E-01
  9.85800000E+01 -8.08706492E-02
  9.85800000E+01 -2.00919729E-01
  9.85800000E+01 -3.86811243E-01
  9.85800000E+01 -5.06860323E-01
  9.85800000E+01 -6.92751837E-01
  9.85800000E+01 -8.12800917E-01
  9.85800000E+01 -9.98692431E-01
  9.85800000E+01 -1.11874151E+00
  9.85800000E+01 -1.30463303E+00
  9.85800000E+01 -1.42468210E+00

hb:   line clip z  
frame:
  9.5000006E+01 -9.9999303E+00
  1.0000001E+02 -9.9999303E+00
  1.0000001E+02  2.0000070E+01
  9.5000006E+01  2.0000070E+01
clip:
  9.49019670E+01  1.75000000E+01
  1.00098045E+02  1.75000000E+01
  1.00098045E+02  1.75436347E+01
  1.00098045E+02  1.78495753E+01
  1.00098045E+02  1.81555159E+01
  1.00098045E+02  1.84614565E+01
  1.00098045E+02  1.87673971E+01
  1.00098045E+02  1.90733377E+01
  1.00098045E+02  1.93792783E+01
  1.00098045E+02  1.96852189E+01
  1.00098045E+02  1.99911595E+01
  1.00098045E+02  2.02971001E+01
  9.99941238E+01  2.02971001E+01
  9.98902023E+01  2.02971001E+01
  9.97862807E+01  2.02971001E+01
  9.96823591E+01  2.02971001E+01
  9.95784375E+01  2.02971001E+01
  9.94745160E+01  2.02971001E+01
  9.93705944E+01  2.02971001E+01
  9.92666728E+01  2.02971001E+01
  9.91627513E+01  2.02971001E+01
  9.90588297E+01  2.02971001E+01
  9.89549081E+01  2.02971001E+01
  9.88509866E+01  2.02971001E+01
  9.87470650E+01  2.02971001E+01
  9.86431434E+01  2.02971001E+01
  9.85392219E+01  2.02971001E+01
  9.84353003E+01  2.02971001E+01
  9.83313787E+01  2.02971001E+01
  9.82274572E+01  2.02971001E+01
  9.81235356E+01  2.02971001E+01
  9.80196140E+01  2.02971001E+01
  9.79156924E+01  2.02971001E+01
  9.78117709E+01  2.02971001E+01
  9.77078493E+01  2.02971001E+01
  9.76039277E+01  2.02971001E+01
  9.75000062E+01  2.02971001E+01
  9.73960846E+01  2.02971001E+01
  9.72921630E+01  2.02971001E+01
  9.71882415E+01  2.02971001E+01
  9.70843199E+01  2.02971001E+01
  9.69803983E+01  2.02971001E+01
  9.68764768E+01  2.02971001E+01
  9.67725552E+01  2.02971001E+01
  9.66686336E+01  2.02971001E+01
  9.65647121E+01  2.02971001E+01
  9.64607905E+01  2.02971001E+01
  9.63568689E+01  2.02971001E+01
  9.62529473E+01  2.02971001E+01
  9.61490258E+01  2.02971001E+01
  9.60451042E+01  2.02971001E+01
  9.59411826E+01  2.02971001E+01
  9.58372611E+01  2.02971001E+01
  9.57333395E+01  2.02971001E+01
  9.56294179E+01  2.02971001E+01
  9.55254964E+01  2.02971001E+01
  9.54215748E+01  2.02971001E+01
  9.53176532E+01  2.02971001E+01
  9.52137317E+01  2.02971001E+01
  9.51098101E+01  2.02971001E+01
  9.50058885E+01  2.02971001E+01
  9.49019670E+01  2.02971001E+01
  9.49019670E+01  1.99911595E+01
  9.49019670E+01  1.96852189E+01
  9.49019670E+01  1.93792783E+01
  9.49019670E+01  1.90733377E+01
  9.49019670E+01  1.87673971E+01
  9.49019670E+01  1.84614565E+01
  9.49019670E+01  1.81555159E+01
  9.49019670E+01  1.78495753E+01
  9.49019670E+01  1.75436347E+01

#------------------------------------------------------------------------------
z: xorg(1.03)
p: xfac[c2*0.05] form[c1/0.05] notc noxt noyt dmin(1)
p: ymin(0) ymax(1) xmin(0) xmax(1) cmin(1) cmax(100) nosp
hc: y= 0.005 to 0.995 by 0.01 ; x= 0.5 to 0.5 by 1 ;
 1  2  3  4  5  6  7  8  9 10 11 12 13 14 15 16 17 18 19 20
21 22 23 24 25 26 27 28 29 30 31 32 33 34 35 36 37 38 39 40
41 42 43 44 45 46 47 48 49 50 51 52 53 54 55 56 57 58 59 60
61 62 63 64 65 66 67 68 69 70 71 72 73 74 75 76 77 78 79 80
81 82 83 84 85 86 87 88 89 90 91 92 93 94 95 96 97 98 99 100
z: xorg(0.0)
p: xfac[c2*0.05] form[c1/0.05] nosp afac[c5*0.625] ymin[c3] ymax[c4]
p: noxt noxn ytxt(-1) ynum(-1) xltd(-1) xstd(-1) itic(1) ylog
y: Flux [1/cm^2/source]              
#------------------------------------------------------------------------------

wt: s[c5]
\vspace{-3}
  emin  &=&   0.0000E+00 [MeV]
  emax  &=&   1.0000E+03 [MeV]
  xmin  &=&   0.0000E+00 [cm]
  xmax  &=&   1.0000E-01 [cm]
  part. &=& proton  
e:

#------------------------------------------------------------------------------
z: xorg[-1.03/0.05]
p: form[c1] xfac[c2] afac[c5] nosp notf
p: xmin(  95.00000    ) xmax(  100.0000    )
p: ymin( -10.00000    ) ymax(  20.00000    )
 
# Information for Restart Calculation
# This calculation was newly started
# istdev =  2 # 1:Batch variance, 2:History variance
# resc2  = 4.40758893220450296E-02 # Total source weight or Total source weight / maxcas
# resc3  = 2.75100000000000000E+08 # Total history number or Total batch number
# maxcas =      100000 # History / Batch, only used for istdev=1
# bitrseed = 1011001111010100000001000111111001010101000010001000000010110101 # bit data of rseed
