[ T-Track ]
    title = [t-track] in xyz mesh
     mesh =  xyz            # mesh type is xyz scoring mesh
   x-type =    2            # x-mesh is linear given by xmin, xmax and nx
     xmin =  -7.000000      # minimum value of x-mesh points
     xmax =   7.000000      # maximum value of x-mesh points
#    xdel =  0.1489362      # mesh width of x-mesh points
       nx =     94          # number of x-mesh points
#    data = ( x(i), i = 1, nx + 1 )
#          -7.00000E+00 -6.85106E+00 -6.70213E+00 -6.55319E+00 -6.40426E+00
#          -6.25532E+00 -6.10638E+00 -5.95745E+00 -5.80851E+00 -5.65957E+00
#          -5.51064E+00 -5.36170E+00 -5.21277E+00 -5.06383E+00 -4.91489E+00
#          -4.76596E+00 -4.61702E+00 -4.46809E+00 -4.31915E+00 -4.17021E+00
#          -4.02128E+00 -3.87234E+00 -3.72340E+00 -3.57447E+00 -3.42553E+00
#          -3.27660E+00 -3.12766E+00 -2.97872E+00 -2.82979E+00 -2.68085E+00
#          -2.53191E+00 -2.38298E+00 -2.23404E+00 -2.08511E+00 -1.93617E+00
#          -1.78723E+00 -1.63830E+00 -1.48936E+00 -1.34043E+00 -1.19149E+00
#          -1.04255E+00 -8.93617E-01 -7.44681E-01 -5.95745E-01 -4.46809E-01
#          -2.97872E-01 -1.48936E-01  0.00000E+00  1.48936E-01  2.97872E-01
#           4.46809E-01  5.95745E-01  7.44681E-01  8.93617E-01  1.04255E+00
#           1.19149E+00  1.34043E+00  1.48936E+00  1.63830E+00  1.78723E+00
#           1.93617E+00  2.08511E+00  2.23404E+00  2.38298E+00  2.53191E+00
#           2.68085E+00  2.82979E+00  2.97872E+00  3.12766E+00  3.27660E+00
#           3.42553E+00  3.57447E+00  3.72340E+00  3.87234E+00  4.02128E+00
#           4.17021E+00  4.31915E+00  4.46809E+00  4.61702E+00  4.76596E+00
#           4.91489E+00  5.06383E+00  5.21277E+00  5.36170E+00  5.51064E+00
#           5.65957E+00  5.80851E+00  5.95745E+00  6.10638E+00  6.25532E+00
#           6.40426E+00  6.55319E+00  6.70213E+00  6.85106E+00  7.00000E+00
   y-type =    1            # y-mesh is given by the below data
       ny =      1          # number of y-mesh points
#    data = ( y(i), i = 1, ny + 1 )
            0.00000E+00  1.00000E-01
   z-type =    2            # z-mesh is linear given by zmin, zmax and nz
     zmin =   59.00000      # minimum value of z-mesh points
     zmax =   61.50000      # maximum value of z-mesh points
#    zdel =  0.1250000      # mesh width of z-mesh points
       nz =     20          # number of z-mesh points
#    data = ( z(i), i = 1, nz + 1 )
#           5.90000E+01  5.91250E+01  5.92500E+01  5.93750E+01  5.95000E+01
#           5.96250E+01  5.97500E+01  5.98750E+01  6.00000E+01  6.01250E+01
#           6.02500E+01  6.03750E+01  6.05000E+01  6.06250E+01  6.07500E+01
#           6.08750E+01  6.10000E+01  6.11250E+01  6.12500E+01  6.13750E+01
#           6.15000E+01
   e-type =    1            # e-mesh is given by the below data
       ne =      1          # number of e-mesh points
#    data = ( e(i), i = 1, ne + 1 )
            0.00000E+00  1.00000E+03
     unit =    1            # unit is [1/cm^2/source]
 material =  all            # (D=all) number of specific material
  2D-type =    3            # 1:Cont, 2:Clust, 3:Color, 4:xyz, 5:mat, 6:Clust+Cont, 7:Col+Cont
     axis =      xz            # axis of output
     file = track_xz_zoom_M0.out  # file name of output for the above axis
     part =  proton   
# kf/name :  2212     
    gshow =    3            # 0: no 1:bnd, 2:bnd+mat, 3:bnd+reg 4:bnd+lat 5:bmp style
    resol =    1            # (D=1) resolution of gshow or rshow
    width = 0.5000000       # (D=0.5) width of lines for gshow or rshow
   epsout =    1            # (D=0) generate eps file by ANGEL
#    used :        main (  %)        temp (  %)       total (  %)
#  memory :         124 (  0)           0 (  0)         124 (  0)

#------------------------------------------------------------------------------
#newpage:
#   no. =  1   ie  =  1   iy  =  1   part. = proton  
#   e = (   0.0000E+00  -   1.0000E+03  )
#   y = (   0.0000E+00  -   1.0000E-01  )

'no. =  1,  ie =  1,  iy =  1'
msuc: {\huge [t-track] in xyz mesh}
msdr: {\it plotted by \ANGEL \version}
msdl: {\it calculated by \PHITS  3.35}

x: z [cm]
y: x [cm]
set: c1[ 5.600] c2[ 0.380] c5[ 0.800] c6[ 0.493] c7[ 3.067] c8[ 0.000]
p: h2fs form[c1] xfac[c2] afac[c5] scal[c6] xorg[c7] yorg[c8] nosp
set: c3[   1.687028E+00] c4[   3.322720E+06]
p: cmin[c3] cmax[c4]
p: dmin(1e-31)
p: zlog
p: xmin(  59.00000    ) xmax(  61.50000    )
p: ymin( -7.000000    ) ymax(  7.000000    )
#  nx =  94   nz =  20
# ( ( data(z,x), z = 1, nz ), x = nx, 1, -1 )

hc:  y =   6.925532     to  -6.925532     by  0.1489362     ; x =   59.06250     to   61.43750     by  0.1250000     ;
  1.089E+04  1.140E+04  1.085E+04  1.165E+04  1.256E+04  1.249E+04  1.232E+04  1.393E+04  1.534E+04  1.595E+04
  1.611E+04  1.492E+04  1.687E+04  1.788E+04  1.840E+04  1.727E+04  1.676E+04  1.671E+04  1.838E+04  1.716E+04
  1.497E+04  1.512E+04  1.639E+04  1.708E+04  1.723E+04  1.843E+04  1.920E+04  1.791E+04  1.690E+04  1.735E+04
  1.768E+04  1.797E+04  1.837E+04  1.894E+04  1.681E+04  1.740E+04  2.165E+04  2.224E+04  1.917E+04  2.046E+04
  2.010E+04  1.982E+04  2.053E+04  2.026E+04  1.916E+04  1.877E+04  1.923E+04  2.002E+04  2.115E+04  2.156E+04
  2.388E+04  2.456E+04  2.411E+04  2.317E+04  2.194E+04  2.248E+04  1.999E+04  1.858E+04  1.912E+04  2.005E+04
  2.254E+04  2.301E+04  2.374E+04  2.367E+04  2.656E+04  2.582E+04  2.442E+04  2.497E+04  2.555E+04  2.433E+04
  2.390E+04  2.561E+04  2.366E+04  2.288E+04  2.551E+04  2.672E+04  2.829E+04  3.083E+04  3.347E+04  3.323E+04
  2.512E+04  2.673E+04  2.819E+04  2.715E+04  2.742E+04  2.959E+04  3.140E+04  3.090E+04  2.994E+04  3.181E+04
  3.130E+04  3.240E+04  3.226E+04  3.208E+04  3.337E+04  3.439E+04  3.359E+04  3.577E+04  3.895E+04  4.135E+04
  3.289E+04  3.286E+04  3.437E+04  3.494E+04  3.433E+04  3.453E+04  3.446E+04  3.499E+04  3.758E+04  3.962E+04
  4.173E+04  4.154E+04  4.374E+04  4.405E+04  4.361E+04  4.588E+04  4.798E+04  4.820E+04  4.660E+04  4.900E+04
  4.035E+04  4.253E+04  4.457E+04  4.468E+04  4.688E+04  4.702E+04  4.831E+04  5.022E+04  5.257E+04  5.278E+04
  5.289E+04  5.460E+04  5.484E+04  5.701E+04  5.788E+04  5.691E+04  5.978E+04  6.154E+04  6.367E+04  6.358E+04
  5.555E+04  5.785E+04  5.614E+04  5.740E+04  5.627E+04  5.810E+04  6.019E+04  6.370E+04  6.204E+04  6.502E+04
  6.562E+04  6.581E+04  6.726E+04  6.859E+04  6.958E+04  7.128E+04  7.161E+04  7.457E+04  7.230E+04  7.053E+04
  6.830E+04  6.755E+04  7.016E+04  6.839E+04  7.292E+04  7.721E+04  7.601E+04  7.447E+04  7.313E+04  7.668E+04
  7.956E+04  8.057E+04  7.866E+04  8.443E+04  8.867E+04  9.096E+04  9.219E+04  8.982E+04  9.603E+04  9.960E+04
  7.750E+04  7.966E+04  8.160E+04  8.488E+04  8.794E+04  8.980E+04  9.283E+04  9.376E+04  1.013E+05  1.046E+05
  1.057E+05  1.071E+05  1.075E+05  1.048E+05  1.033E+05  1.035E+05  1.027E+05  1.040E+05  1.019E+05  1.039E+05
  1.052E+05  1.016E+05  1.050E+05  1.084E+05  1.004E+05  9.950E+04  1.009E+05  1.029E+05  1.004E+05  9.910E+04
  1.027E+05  1.051E+05  1.112E+05  1.177E+05  1.234E+05  1.290E+05  1.286E+05  1.331E+05  1.352E+05  1.375E+05
  1.044E+05  1.082E+05  1.039E+05  1.065E+05  1.153E+05  1.206E+05  1.261E+05  1.341E+05  1.427E+05  1.484E+05
  1.504E+05  1.577E+05  1.585E+05  1.604E+05  1.639E+05  1.633E+05  1.639E+05  1.632E+05  1.628E+05  1.608E+05
  1.448E+05  1.503E+05  1.604E+05  1.643E+05  1.652E+05  1.658E+05  1.638E+05  1.626E+05  1.629E+05  1.605E+05
  1.661E+05  1.652E+05  1.653E+05  1.684E+05  1.705E+05  1.732E+05  1.713E+05  1.713E+05  1.708E+05  1.708E+05
  1.821E+05  1.829E+05  1.784E+05  1.759E+05  1.801E+05  1.857E+05  1.868E+05  1.889E+05  1.891E+05  1.951E+05
  1.952E+05  1.973E+05  1.978E+05  2.007E+05  1.974E+05  1.994E+05  2.065E+05  2.063E+05  2.105E+05  2.187E+05
  2.109E+05  2.107E+05  2.164E+05  2.196E+05  2.231E+05  2.172E+05  2.215E+05  2.233E+05  2.269E+05  2.339E+05
  2.402E+05  2.437E+05  2.412E+05  2.426E+05  2.436E+05  2.410E+05  2.405E+05  2.422E+05  2.468E+05  2.448E+05
  2.524E+05  2.570E+05  2.609E+05  2.651E+05  2.634E+05  2.667E+05  2.625E+05  2.604E+05  2.654E+05  2.659E+05
  2.662E+05  2.639E+05  2.611E+05  2.567E+05  2.563E+05  2.629E+05  2.702E+05  2.717E+05  2.789E+05  2.848E+05
  2.821E+05  2.823E+05  2.851E+05  2.913E+05  2.942E+05  2.940E+05  3.007E+05  3.041E+05  3.054E+05  3.076E+05
  3.111E+05  3.156E+05  3.298E+05  3.357E+05  3.467E+05  3.545E+05  3.592E+05  3.725E+05  3.761E+05  3.822E+05
  3.390E+05  3.505E+05  3.574E+05  3.558E+05  3.574E+05  3.749E+05  3.746E+05  3.802E+05  3.878E+05  4.028E+05
  4.113E+05  4.166E+05  4.141E+05  4.204E+05  4.233E+05  4.244E+05  4.306E+05  4.262E+05  4.266E+05  4.241E+05
  4.357E+05  4.388E+05  4.392E+05  4.484E+05  4.629E+05  4.597E+05  4.680E+05  4.786E+05  4.858E+05  4.822E+05
  4.886E+05  4.935E+05  4.969E+05  5.059E+05  5.040E+05  4.973E+05  5.017E+05  5.126E+05  5.163E+05  5.193E+05
  5.295E+05  5.365E+05  5.454E+05  5.511E+05  5.549E+05  5.620E+05  5.609E+05  5.612E+05  5.692E+05  5.845E+05
  5.872E+05  5.963E+05  6.099E+05  6.119E+05  6.178E+05  6.237E+05  6.292E+05  6.292E+05  6.199E+05  6.188E+05
  6.719E+05  6.789E+05  6.879E+05  6.884E+05  6.905E+05  6.915E+05  7.026E+05  7.074E+05  7.108E+05  7.020E+05
  6.946E+05  6.877E+05  6.782E+05  6.758E+05  6.775E+05  6.769E+05  6.861E+05  6.959E+05  7.068E+05  7.007E+05
  7.437E+05  7.414E+05  7.396E+05  7.484E+05  7.633E+05  7.663E+05  7.695E+05  7.719E+05  7.612E+05  7.576E+05
  7.606E+05  7.696E+05  7.679E+05  7.726E+05  7.752E+05  7.791E+05  7.679E+05  7.679E+05  7.659E+05  7.775E+05
  8.537E+05  8.530E+05  8.517E+05  8.521E+05  8.445E+05  8.550E+05  8.568E+05  8.549E+05  8.613E+05  8.738E+05
  8.779E+05  8.683E+05  8.748E+05  8.840E+05  8.952E+05  9.105E+05  9.212E+05  9.197E+05  9.256E+05  9.329E+05
  9.813E+05  9.924E+05  9.975E+05  1.005E+06  1.020E+06  1.021E+06  1.020E+06  1.032E+06  1.042E+06  1.048E+06
  1.043E+06  1.045E+06  1.055E+06  1.058E+06  1.062E+06  1.064E+06  1.064E+06  1.068E+06  1.074E+06  1.084E+06
  1.163E+06  1.166E+06  1.174E+06  1.180E+06  1.177E+06  1.179E+06  1.187E+06  1.189E+06  1.184E+06  1.181E+06
  1.197E+06  1.211E+06  1.212E+06  1.226E+06  1.219E+06  1.216E+06  1.213E+06  1.209E+06  1.210E+06  1.200E+06
  1.350E+06  1.350E+06  1.347E+06  1.348E+06  1.351E+06  1.354E+06  1.347E+06  1.353E+06  1.353E+06  1.352E+06
  1.352E+06  1.355E+06  1.353E+06  1.337E+06  1.348E+06  1.347E+06  1.349E+06  1.355E+06  1.360E+06  1.361E+06
  1.518E+06  1.513E+06  1.520E+06  1.515E+06  1.512E+06  1.520E+06  1.533E+06  1.531E+06  1.539E+06  1.551E+06
  1.546E+06  1.539E+06  1.546E+06  1.567E+06  1.580E+06  1.588E+06  1.581E+06  1.581E+06  1.581E+06  1.579E+06
  1.742E+06  1.741E+06  1.724E+06  1.723E+06  1.738E+06  1.731E+06  1.717E+06  1.709E+06  1.708E+06  1.718E+06
  1.725E+06  1.730E+06  1.733E+06  1.733E+06  1.720E+06  1.713E+06  1.714E+06  1.725E+06  1.725E+06  1.735E+06
  1.891E+06  1.910E+06  1.927E+06  1.939E+06  1.935E+06  1.925E+06  1.918E+06  1.921E+06  1.938E+06  1.935E+06
  1.931E+06  1.936E+06  1.931E+06  1.785E+06  1.379E+06  1.230E+06  1.137E+06  1.033E+06  9.315E+05  8.326E+05
  2.157E+06  2.140E+06  2.113E+06  2.095E+06  2.091E+06  2.086E+06  2.082E+06  2.085E+06  2.061E+06  2.065E+06
  2.058E+06  2.051E+06  2.053E+06  1.559E+06  2.259E+05  0.000E+00  0.000E+00  0.000E+00  0.000E+00  0.000E+00
  2.283E+06  2.283E+06  2.289E+06  2.277E+06  2.283E+06  2.300E+06  2.316E+06  2.312E+06  2.318E+06  2.318E+06
  2.322E+06  2.329E+06  2.315E+06  1.767E+06  2.609E+05  0.000E+00  0.000E+00  0.000E+00  0.000E+00  0.000E+00
  2.580E+06  2.566E+06  2.549E+06  2.533E+06  2.525E+06  2.504E+06  2.488E+06  2.470E+06  2.456E+06  2.459E+06
  2.452E+06  2.439E+06  2.427E+06  1.878E+06  2.824E+05  0.000E+00  0.000E+00  0.000E+00  0.000E+00  0.000E+00
  2.823E+06  2.802E+06  2.791E+06  2.789E+06  2.771E+06  2.763E+06  2.750E+06  2.744E+06  2.739E+06  2.706E+06
  2.682E+06  2.674E+06  2.665E+06  2.055E+06  3.086E+05  0.000E+00  2.404E+02  2.218E+02  0.000E+00  0.000E+00
  2.937E+06  2.910E+06  2.885E+06  2.875E+06  2.863E+06  2.855E+06  2.840E+06  2.825E+06  2.802E+06  2.783E+06
  2.770E+06  2.765E+06  2.741E+06  2.110E+06  3.183E+05  0.000E+00  0.000E+00  0.000E+00  0.000E+00  0.000E+00
  3.057E+06  3.054E+06  3.042E+06  3.029E+06  2.999E+06  2.976E+06  2.967E+06  2.937E+06  2.924E+06  2.913E+06
  2.915E+06  2.905E+06  2.888E+06  2.270E+06  3.457E+05  0.000E+00  0.000E+00  0.000E+00  0.000E+00  0.000E+00
  3.179E+06  3.167E+06  3.164E+06  3.137E+06  3.121E+06  3.107E+06  3.088E+06  3.081E+06  3.061E+06  3.038E+06
  3.015E+06  2.989E+06  2.969E+06  2.316E+06  3.594E+05  0.000E+00  0.000E+00  0.000E+00  0.000E+00  0.000E+00
  3.265E+06  3.243E+06  3.205E+06  3.183E+06  3.166E+06  3.149E+06  3.129E+06  3.102E+06  3.082E+06  3.064E+06
  3.035E+06  2.898E+06  2.017E+06  5.734E+05  7.999E+04  0.000E+00  0.000E+00  0.000E+00  0.000E+00  0.000E+00
  3.183E+06  3.174E+06  3.172E+06  3.159E+06  3.134E+06  3.109E+06  3.090E+06  3.099E+06  3.088E+06  3.066E+06
  3.048E+06  2.859E+06  1.678E+06  3.206E+01  0.000E+00  0.000E+00  0.000E+00  0.000E+00  0.000E+00  0.000E+00
  3.159E+06  3.136E+06  3.121E+06  3.088E+06  3.059E+06  3.034E+06  3.014E+06  2.990E+06  2.967E+06  2.953E+06
  2.935E+06  2.768E+06  1.603E+06  4.711E+01  0.000E+00  0.000E+00  0.000E+00  0.000E+00  0.000E+00  0.000E+00
  3.029E+06  3.008E+06  2.980E+06  2.973E+06  2.964E+06  2.950E+06  2.941E+06  2.933E+06  2.910E+06  2.893E+06
  2.878E+06  2.698E+06  1.540E+06  3.744E+01  0.000E+00  0.000E+00  0.000E+00  0.000E+00  0.000E+00  0.000E+00
  2.854E+06  2.846E+06  2.834E+06  2.805E+06  2.790E+06  2.779E+06  2.769E+06  2.751E+06  2.733E+06  2.718E+06
  2.708E+06  2.519E+06  1.412E+06  4.456E+01  0.000E+00  0.000E+00  0.000E+00  0.000E+00  0.000E+00  0.000E+00
  2.649E+06  2.637E+06  2.628E+06  2.617E+06  2.604E+06  2.594E+06  2.581E+06  2.567E+06  2.555E+06  2.543E+06
  2.525E+06  2.344E+06  1.313E+06  2.829E+01  0.000E+00  0.000E+00  0.000E+00  0.000E+00  3.659E+02  0.000E+00
  2.468E+06  2.455E+06  2.444E+06  2.434E+06  2.428E+06  2.416E+06  2.406E+06  2.396E+06  2.369E+06  2.354E+06
  2.352E+06  2.183E+06  1.199E+06  3.546E+01  0.000E+00  0.000E+00  0.000E+00  0.000E+00  4.286E+01  0.000E+00
  2.306E+06  2.291E+06  2.279E+06  2.272E+06  2.261E+06  2.262E+06  2.251E+06  2.234E+06  2.223E+06  2.208E+06
  2.187E+06  2.030E+06  1.116E+06  3.508E+01  0.000E+00  0.000E+00  0.000E+00  0.000E+00  0.000E+00  0.000E+00
  2.091E+06  2.089E+06  2.088E+06  2.089E+06  2.101E+06  2.089E+06  2.085E+06  2.081E+06  2.090E+06  2.085E+06
  2.073E+06  1.900E+06  9.797E+05  3.402E+01  0.000E+00  0.000E+00  0.000E+00  0.000E+00  0.000E+00  0.000E+00
  2.020E+06  2.012E+06  2.016E+06  2.011E+06  2.007E+06  2.010E+06  2.016E+06  2.012E+06  2.006E+06  1.994E+06
  1.982E+06  1.831E+06  9.736E+05  2.473E+01  0.000E+00  0.000E+00  0.000E+00  0.000E+00  0.000E+00  0.000E+00
  1.972E+06  1.958E+06  1.955E+06  1.957E+06  1.956E+06  1.957E+06  1.946E+06  1.944E+06  1.941E+06  1.951E+06
  1.953E+06  1.797E+06  9.071E+05  3.595E+01  0.000E+00  0.000E+00  0.000E+00  0.000E+00  0.000E+00  0.000E+00
  1.950E+06  1.946E+06  1.951E+06  1.945E+06  1.945E+06  1.952E+06  1.968E+06  1.965E+06  1.945E+06  1.927E+06
  1.927E+06  1.777E+06  9.177E+05  7.670E+01  0.000E+00  0.000E+00  0.000E+00  0.000E+00  0.000E+00  0.000E+00
  2.078E+06  2.063E+06  2.062E+06  2.057E+06  2.061E+06  2.060E+06  2.058E+06  2.042E+06  2.054E+06  2.062E+06
  2.060E+06  1.883E+06  9.665E+05  1.618E+01  0.000E+00  2.487E+01  2.253E+02  0.000E+00  3.725E+02  2.893E+01
  2.166E+06  2.149E+06  2.136E+06  2.134E+06  2.139E+06  2.144E+06  2.138E+06  2.138E+06  2.127E+06  2.116E+06
  2.132E+06  1.971E+06  1.045E+06  3.809E+01  0.000E+00  0.000E+00  0.000E+00  0.000E+00  0.000E+00  1.098E+01
  2.294E+06  2.283E+06  2.274E+06  2.265E+06  2.251E+06  2.259E+06  2.272E+06  2.268E+06  2.265E+06  2.261E+06
  2.256E+06  2.104E+06  1.151E+06  1.190E+01  0.000E+00  0.000E+00  0.000E+00  0.000E+00  0.000E+00  0.000E+00
  2.547E+06  2.541E+06  2.531E+06  2.520E+06  2.506E+06  2.494E+06  2.479E+06  2.474E+06  2.463E+06  2.450E+06
  2.435E+06  2.254E+06  1.256E+06  4.758E+01  0.000E+00  0.000E+00  0.000E+00  0.000E+00  0.000E+00  0.000E+00
  2.735E+06  2.731E+06  2.730E+06  2.709E+06  2.680E+06  2.655E+06  2.644E+06  2.618E+06  2.610E+06  2.593E+06
  2.584E+06  2.412E+06  1.361E+06  4.450E+01  0.000E+00  4.960E+00  6.131E+01  0.000E+00  0.000E+00  1.800E+01
  2.939E+06  2.919E+06  2.893E+06  2.875E+06  2.865E+06  2.857E+06  2.847E+06  2.822E+06  2.789E+06  2.763E+06
  2.745E+06  2.567E+06  1.463E+06  4.739E+01  0.000E+00  0.000E+00  0.000E+00  0.000E+00  0.000E+00  2.677E+02
  3.041E+06  3.032E+06  3.015E+06  2.995E+06  2.967E+06  2.938E+06  2.919E+06  2.899E+06  2.895E+06  2.888E+06
  2.870E+06  2.697E+06  1.559E+06  5.478E+01  0.000E+00  0.000E+00  0.000E+00  0.000E+00  0.000E+00  0.000E+00
  3.201E+06  3.182E+06  3.169E+06  3.142E+06  3.114E+06  3.104E+06  3.091E+06  3.070E+06  3.050E+06  3.026E+06
  3.007E+06  2.820E+06  1.624E+06  5.832E+01  0.000E+00  0.000E+00  0.000E+00  0.000E+00  0.000E+00  0.000E+00
  3.323E+06  3.280E+06  3.244E+06  3.220E+06  3.197E+06  3.168E+06  3.140E+06  3.106E+06  3.067E+06  3.046E+06
  3.047E+06  2.872E+06  1.702E+06  1.775E+05  1.331E+05  1.043E+05  2.848E+04  1.259E+03  9.539E+02  1.260E+03
  3.265E+06  3.246E+06  3.222E+06  3.190E+06  3.183E+06  3.179E+06  3.173E+06  3.171E+06  3.155E+06  3.124E+06
  3.085E+06  2.866E+06  1.585E+06  2.199E+05  1.486E+05  1.687E+05  5.497E+04  0.000E+00  0.000E+00  0.000E+00
  3.179E+06  3.162E+06  3.141E+06  3.142E+06  3.135E+06  3.111E+06  3.093E+06  3.065E+06  3.050E+06  3.016E+06
  2.562E+06  1.056E+06  7.086E+04  0.000E+00  0.000E+00  0.000E+00  0.000E+00  0.000E+00  0.000E+00  0.000E+00
  3.068E+06  3.055E+06  3.043E+06  3.025E+06  3.011E+06  3.002E+06  2.988E+06  2.986E+06  2.935E+06  2.242E+06
  5.602E+05  1.365E+02  0.000E+00  0.000E+00  0.000E+00  0.000E+00  0.000E+00  0.000E+00  0.000E+00  0.000E+00
  2.915E+06  2.897E+06  2.895E+06  2.893E+06  2.891E+06  2.862E+06  2.854E+06  2.814E+06  2.159E+06  5.001E+05
  0.000E+00  0.000E+00  0.000E+00  0.000E+00  0.000E+00  0.000E+00  0.000E+00  0.000E+00  0.000E+00  0.000E+00
  2.765E+06  2.781E+06  2.771E+06  2.757E+06  2.740E+06  2.736E+06  2.719E+06  2.259E+06  6.856E+05  7.885E+01
  0.000E+00  0.000E+00  0.000E+00  0.000E+00  0.000E+00  0.000E+00  0.000E+00  0.000E+00  0.000E+00  0.000E+00
  2.620E+06  2.599E+06  2.593E+06  2.591E+06  2.572E+06  2.565E+06  2.335E+06  1.086E+06  1.318E+04  0.000E+00
  0.000E+00  0.000E+00  0.000E+00  0.000E+00  0.000E+00  0.000E+00  0.000E+00  0.000E+00  0.000E+00  0.000E+00
  2.438E+06  2.435E+06  2.426E+06  2.410E+06  2.418E+06  2.350E+06  1.531E+06  1.425E+05  0.000E+00  0.000E+00
  0.000E+00  0.000E+00  0.000E+00  0.000E+00  0.000E+00  0.000E+00  0.000E+00  0.000E+00  0.000E+00  0.000E+00
  2.167E+06  2.147E+06  2.133E+06  2.139E+06  2.114E+06  1.749E+06  5.190E+05  0.000E+00  0.000E+00  0.000E+00
  0.000E+00  0.000E+00  0.000E+00  0.000E+00  0.000E+00  0.000E+00  0.000E+00  0.000E+00  0.000E+00  0.000E+00
  1.962E+06  1.960E+06  1.979E+06  1.983E+06  1.897E+06  1.102E+06  4.505E+04  0.000E+00  0.000E+00  0.000E+00
  0.000E+00  0.000E+00  0.000E+00  0.000E+00  0.000E+00  0.000E+00  0.000E+00  0.000E+00  0.000E+00  0.000E+00
  1.700E+06  1.700E+06  1.700E+06  1.694E+06  1.359E+06  3.655E+05  0.000E+00  0.000E+00  0.000E+00  0.000E+00
  0.000E+00  0.000E+00  0.000E+00  0.000E+00  0.000E+00  0.000E+00  0.000E+00  0.000E+00  0.000E+00  0.000E+00
  1.510E+06  1.518E+06  1.524E+06  1.471E+06  8.675E+05  4.357E+04  0.000E+00  0.000E+00  0.000E+00  0.000E+00
  0.000E+00  0.000E+00  0.000E+00  0.000E+00  0.000E+00  0.000E+00  0.000E+00  0.000E+00  0.000E+00  0.000E+00
  1.409E+06  1.397E+06  1.396E+06  1.161E+06  3.881E+05  0.000E+00  0.000E+00  0.000E+00  0.000E+00  0.000E+00
  0.000E+00  0.000E+00  0.000E+00  0.000E+00  0.000E+00  0.000E+00  0.000E+00  0.000E+00  0.000E+00  0.000E+00
  1.199E+06  1.202E+06  1.191E+06  8.058E+05  9.490E+04  0.000E+00  0.000E+00  0.000E+00  0.000E+00  0.000E+00
  0.000E+00  0.000E+00  0.000E+00  0.000E+00  0.000E+00  0.000E+00  0.000E+00  0.000E+00  0.000E+00  0.000E+00
  1.038E+06  1.063E+06  9.707E+05  4.472E+05  1.560E+03  0.000E+00  0.000E+00  0.000E+00  0.000E+00  0.000E+00
  0.000E+00  0.000E+00  0.000E+00  0.000E+00  0.000E+00  0.000E+00  0.000E+00  0.000E+00  0.000E+00  0.000E+00
  9.158E+05  9.096E+05  6.842E+05  1.672E+05  0.000E+00  0.000E+00  0.000E+00  0.000E+00  0.000E+00  0.000E+00
  0.000E+00  0.000E+00  0.000E+00  0.000E+00  0.000E+00  0.000E+00  0.000E+00  0.000E+00  0.000E+00  0.000E+00
  7.660E+05  7.518E+05  4.796E+05  4.581E+04  0.000E+00  0.000E+00  0.000E+00  0.000E+00  0.000E+00  0.000E+00
  0.000E+00  0.000E+00  0.000E+00  0.000E+00  0.000E+00  0.000E+00  0.000E+00  0.000E+00  0.000E+00  0.000E+00
  6.254E+05  5.683E+05  2.453E+05  1.125E+03  0.000E+00  0.000E+00  0.000E+00  0.000E+00  0.000E+00  0.000E+00
  0.000E+00  0.000E+00  0.000E+00  0.000E+00  0.000E+00  0.000E+00  0.000E+00  0.000E+00  0.000E+00  0.000E+00
  5.601E+05  4.414E+05  1.265E+05  0.000E+00  0.000E+00  0.000E+00  0.000E+00  0.000E+00  0.000E+00  0.000E+00
  0.000E+00  0.000E+00  0.000E+00  0.000E+00  0.000E+00  0.000E+00  0.000E+00  0.000E+00  0.000E+00  0.000E+00
  4.554E+05  3.002E+05  4.701E+04  0.000E+00  0.000E+00  0.000E+00  0.000E+00  0.000E+00  0.000E+00  0.000E+00
  0.000E+00  0.000E+00  0.000E+00  0.000E+00  0.000E+00  0.000E+00  0.000E+00  0.000E+00  0.000E+00  0.000E+00
  3.388E+05  1.668E+05  8.846E+03  0.000E+00  0.000E+00  0.000E+00  0.000E+00  0.000E+00  0.000E+00  0.000E+00
  0.000E+00  0.000E+00  0.000E+00  0.000E+00  0.000E+00  0.000E+00  0.000E+00  0.000E+00  0.000E+00  0.000E+00
  2.705E+05  9.835E+04  2.591E+01  0.000E+00  0.000E+00  0.000E+00  0.000E+00  0.000E+00  0.000E+00  0.000E+00
  0.000E+00  0.000E+00  0.000E+00  0.000E+00  0.000E+00  0.000E+00  0.000E+00  0.000E+00  0.000E+00  0.000E+00
  1.735E+05  4.504E+04  0.000E+00  0.000E+00  0.000E+00  0.000E+00  0.000E+00  0.000E+00  0.000E+00  0.000E+00
  0.000E+00  0.000E+00  0.000E+00  0.000E+00  0.000E+00  0.000E+00  0.000E+00  0.000E+00  0.000E+00  0.000E+00
  1.262E+05  2.083E+04  0.000E+00  0.000E+00  0.000E+00  0.000E+00  0.000E+00  0.000E+00  0.000E+00  0.000E+00
  0.000E+00  0.000E+00  0.000E+00  0.000E+00  0.000E+00  0.000E+00  0.000E+00  0.000E+00  0.000E+00  0.000E+00
  8.614E+04  7.889E+03  0.000E+00  0.000E+00  0.000E+00  0.000E+00  0.000E+00  0.000E+00  0.000E+00  0.000E+00
  0.000E+00  0.000E+00  0.000E+00  0.000E+00  0.000E+00  0.000E+00  0.000E+00  0.000E+00  0.000E+00  0.000E+00
  4.527E+04  1.074E+03  0.000E+00  0.000E+00  0.000E+00  0.000E+00  0.000E+00  0.000E+00  0.000E+00  0.000E+00
  0.000E+00  0.000E+00  0.000E+00  0.000E+00  0.000E+00  0.000E+00  0.000E+00  0.000E+00  0.000E+00  0.000E+00
  3.225E+04  1.687E+00  0.000E+00  0.000E+00  0.000E+00  0.000E+00  0.000E+00  0.000E+00  0.000E+00  0.000E+00
  0.000E+00  0.000E+00  0.000E+00  0.000E+00  0.000E+00  0.000E+00  0.000E+00  0.000E+00  0.000E+00  0.000E+00
  1.677E+04  0.000E+00  0.000E+00  0.000E+00  0.000E+00  0.000E+00  0.000E+00  0.000E+00  0.000E+00  0.000E+00
  0.000E+00  0.000E+00  0.000E+00  0.000E+00  0.000E+00  0.000E+00  0.000E+00  0.000E+00  0.000E+00  0.000E+00
  6.886E+03  0.000E+00  0.000E+00  0.000E+00  0.000E+00  0.000E+00  0.000E+00  0.000E+00  0.000E+00  0.000E+00
  0.000E+00  0.000E+00  0.000E+00  0.000E+00  0.000E+00  0.000E+00  0.000E+00  0.000E+00  0.000E+00  0.000E+00
  2.795E+03  0.000E+00  0.000E+00  0.000E+00  0.000E+00  0.000E+00  0.000E+00  0.000E+00  0.000E+00  0.000E+00
  0.000E+00  0.000E+00  0.000E+00  0.000E+00  0.000E+00  0.000E+00  0.000E+00  0.000E+00  0.000E+00  0.000E+00
  2.199E+03  0.000E+00  0.000E+00  0.000E+00  0.000E+00  0.000E+00  0.000E+00  0.000E+00  0.000E+00  0.000E+00
  0.000E+00  0.000E+00  0.000E+00  0.000E+00  0.000E+00  0.000E+00  0.000E+00  0.000E+00  0.000E+00  0.000E+00
  8.526E+02  0.000E+00  0.000E+00  0.000E+00  0.000E+00  0.000E+00  0.000E+00  0.000E+00  0.000E+00  0.000E+00
  0.000E+00  0.000E+00  0.000E+00  0.000E+00  0.000E+00  0.000E+00  0.000E+00  0.000E+00  0.000E+00  0.000E+00
  2.543E+02  0.000E+00  0.000E+00  0.000E+00  0.000E+00  0.000E+00  0.000E+00  0.000E+00  0.000E+00  0.000E+00
  0.000E+00  0.000E+00  0.000E+00  0.000E+00  0.000E+00  0.000E+00  0.000E+00  0.000E+00  0.000E+00  0.000E+00
  1.866E+01  0.000E+00  0.000E+00  0.000E+00  0.000E+00  0.000E+00  0.000E+00  0.000E+00  0.000E+00  0.000E+00
  0.000E+00  0.000E+00  0.000E+00  0.000E+00  0.000E+00  0.000E+00  0.000E+00  0.000E+00  0.000E+00  0.000E+00
  2.860E+01  0.000E+00  0.000E+00  0.000E+00  0.000E+00  0.000E+00  0.000E+00  0.000E+00  0.000E+00  0.000E+00
  0.000E+00  0.000E+00  0.000E+00  0.000E+00  0.000E+00  0.000E+00  0.000E+00  0.000E+00  0.000E+00  0.000E+00
  0.000E+00  0.000E+00  0.000E+00  0.000E+00  0.000E+00  0.000E+00  0.000E+00  0.000E+00  0.000E+00  0.000E+00
  0.000E+00  0.000E+00  0.000E+00  0.000E+00  0.000E+00  0.000E+00  0.000E+00  0.000E+00  0.000E+00  0.000E+00
  0.000E+00  0.000E+00  0.000E+00  0.000E+00  0.000E+00  0.000E+00  0.000E+00  0.000E+00  0.000E+00  0.000E+00
  0.000E+00  0.000E+00  0.000E+00  0.000E+00  0.000E+00  0.000E+00  0.000E+00  0.000E+00  0.000E+00  0.000E+00
  0.000E+00  0.000E+00  0.000E+00  0.000E+00  0.000E+00  0.000E+00  0.000E+00  0.000E+00  0.000E+00  0.000E+00
  0.000E+00  0.000E+00  0.000E+00  0.000E+00  0.000E+00  0.000E+00  0.000E+00  0.000E+00  0.000E+00  0.000E+00

#------------------------------------------------------------------------------
# gshow
#------------------------------------------------------------------------------

p: legs[c5*0.875]

w:700/ x(   0.6025000E+02) y(  -0.4324753E+01) ix(2) iy(2) s(   0.7000E+00)

hb:   line clip z  
frame:
  5.9000003E+01 -6.9999675E+00
  6.1500003E+01 -6.9999675E+00
  6.1500003E+01  7.0000325E+00
  5.9000003E+01  7.0000325E+00
clip:
  5.88809555E+01 -7.14733558E+00
  6.16190507E+01 -7.14733558E+00
  6.16190507E+01 -6.99526391E+00
  6.16190507E+01 -6.84319224E+00
  6.16190507E+01 -6.69112058E+00
  6.16190507E+01 -6.53904891E+00
  6.16190507E+01 -6.38697724E+00
  6.16190507E+01 -6.23490557E+00
  6.16190507E+01 -6.08283390E+00
  6.16190507E+01 -5.93076223E+00
  6.16190507E+01 -5.77869056E+00
  6.16190507E+01 -5.62661890E+00
  6.16190507E+01 -5.47454723E+00
  6.16190507E+01 -5.32247556E+00
  6.16190507E+01 -5.17040389E+00
  6.16190507E+01 -5.01833222E+00
  6.16190507E+01 -4.86626055E+00
  6.16190507E+01 -4.71418889E+00
  6.16190507E+01 -4.56211722E+00
  6.16190507E+01 -4.41004555E+00
  6.16190507E+01 -4.25797388E+00
  6.16190507E+01 -4.10590221E+00
  6.16190507E+01 -3.95383054E+00
  6.16190507E+01 -3.80175887E+00
  6.16190507E+01 -3.64968721E+00
  6.16190507E+01 -3.49761554E+00
  6.16190507E+01 -3.34554387E+00
  6.16190507E+01 -3.19347220E+00
  6.16190507E+01 -3.04140053E+00
  6.16190507E+01 -2.88932886E+00
  6.16190507E+01 -2.73725719E+00
  6.16190507E+01 -2.58518553E+00
  6.16190507E+01 -2.43311386E+00
  6.16190507E+01 -2.28104219E+00
  6.16190507E+01 -2.12897052E+00
  6.16190507E+01 -2.09765478E+00
  6.15301659E+01 -1.97689885E+00
  6.15075688E+01 -1.94865951E+00
  6.14821459E+01 -1.91804364E+00
  6.13976444E+01 -1.82482718E+00
  6.13701040E+01 -1.79720991E+00
  6.13452412E+01 -1.77341573E+00
  6.12244351E+01 -1.67275551E+00
  6.12146931E+01 -1.66569464E+00
  6.12083364E+01 -1.66117088E+00
  6.11811638E+01 -1.64257256E+00
  6.10714317E+01 -1.57946698E+00
  6.09422266E+01 -1.52923652E+00
  6.09345269E+01 -1.52705061E+00
  6.09099841E+01 -1.52068385E+00
  6.08123127E+01 -1.50436575E+00
  6.07976221E+01 -1.50315373E+00
  6.07809558E+01 -1.50217109E+00
  6.06607174E+01 -1.50743515E+00
  6.06501424E+01 -1.50893731E+00
  6.05900159E+01 -1.52068385E+00
  6.05238126E+01 -1.59646045E+00
  6.04560998E+01 -1.59754113E+00
  6.03869078E+01 -1.60118208E+00
  6.03447600E+01 -1.62593831E+00
  6.02755649E+01 -1.67275551E+00
  6.02500031E+01 -1.69202240E+00
  6.01816392E+01 -1.74888966E+00
  6.01130983E+01 -1.81389568E+00
  6.01079502E+01 -1.81910878E+00
  6.01023556E+01 -1.82482718E+00
  5.99761936E+01 -1.96885289E+00
  5.99728031E+01 -1.97313280E+00
  5.99698341E+01 -1.97689885E+00
  5.99337062E+01 -2.02409317E+00
  5.98596431E+01 -2.12897052E+00
  5.98392888E+01 -2.15977323E+00
  5.97942764E+01 -2.23104308E+00
  5.97642653E+01 -2.28104219E+00
  5.97023840E+01 -2.39068662E+00
  5.96881159E+01 -2.41726501E+00
  5.96797331E+01 -2.43311386E+00
  5.96493649E+01 -2.49200673E+00
  5.96036447E+01 -2.58518553E+00
  5.95654793E+01 -2.66732249E+00
  5.95445846E+01 -2.71404771E+00
  5.95344134E+01 -2.73725719E+00
  5.95063343E+01 -2.80295454E+00
  5.94709253E+01 -2.88932886E+00
  5.94285745E+01 -2.99810171E+00
  5.94170986E+01 -3.02865329E+00
  5.94123625E+01 -3.04140053E+00
  5.94011767E+01 -3.07183357E+00
  5.93581030E+01 -3.19347220E+00
  5.93165702E+01 -3.31788483E+00
  5.93076612E+01 -3.34554387E+00
  5.92916698E+01 -3.39609552E+00
  5.92684091E+01 -3.47177800E+00
  5.92606491E+01 -3.49761554E+00
  5.92455162E+01 -3.54888221E+00
  5.92167512E+01 -3.64968721E+00
  5.91843449E+01 -3.76890200E+00
  5.91757069E+01 -3.80175887E+00
  5.91547650E+01 -3.88342657E+00
  5.91410365E+01 -3.93858115E+00
  5.91372984E+01 -3.95383054E+00
  5.91308436E+01 -3.98040201E+00
  5.91013414E+01 -4.10590221E+00
  5.90835546E+01 -4.18500156E+00
  5.90676788E+01 -4.25797388E+00
  5.90414563E+01 -4.38383540E+00
  5.90361752E+01 -4.41004555E+00
  5.90178602E+01 -4.50336817E+00
  5.90086367E+01 -4.55187183E+00
  5.90067138E+01 -4.56211722E+00
  5.90037994E+01 -4.57773572E+00
  5.89791925E+01 -4.71418889E+00
  5.89700151E+01 -4.76733447E+00
  5.89535222E+01 -4.86626055E+00
  5.89396592E+01 -4.95312502E+00
  5.89296245E+01 -5.01833222E+00
  5.89123771E+01 -5.13550124E+00
  5.89074306E+01 -5.17040389E+00
  5.88878804E+01 -5.31478345E+00
  5.88868795E+01 -5.32247556E+00
  5.88809555E+01 -5.36865563E+00
  5.88809555E+01 -5.47454723E+00
  5.88809555E+01 -5.62661890E+00
  5.88809555E+01 -5.77869056E+00
  5.88809555E+01 -5.93076223E+00
  5.88809555E+01 -6.08283390E+00
  5.88809555E+01 -6.23490557E+00
  5.88809555E+01 -6.38697724E+00
  5.88809555E+01 -6.53904891E+00
  5.88809555E+01 -6.69112058E+00
  5.88809555E+01 -6.84319224E+00
  5.88809555E+01 -6.99526391E+00
  5.88809555E+01 -7.14733558E+00

w:6001/ x(   0.5888096E+02) y(  -0.5322476E+01) ix(2) iy(2) s(   0.7000E+00)

hb:   line clip z  
frame:
  5.9000003E+01 -6.9999675E+00
  6.1500003E+01 -6.9999675E+00
  6.1500003E+01  7.0000325E+00
  5.9000003E+01  7.0000325E+00
clip:
  5.88809555E+01 -5.36865563E+00
  5.89296245E+01 -5.01833222E+00
  5.89791925E+01 -4.71418889E+00
  5.90414563E+01 -4.38383540E+00
  5.91013414E+01 -4.10590221E+00
  5.91547650E+01 -3.88342657E+00
  5.92167512E+01 -3.64968721E+00
  5.92606491E+01 -3.49761554E+00
  5.93165702E+01 -3.31788483E+00
  5.94011767E+01 -3.07183357E+00
  5.94579627E+01 -2.92197282E+00
  5.95063343E+01 -2.80295454E+00
  5.95654793E+01 -2.66732249E+00
  5.96036447E+01 -2.58518553E+00
  5.96493649E+01 -2.49200673E+00
  5.97023840E+01 -2.39068662E+00
  5.97642653E+01 -2.28104219E+00
  5.98392888E+01 -2.15977323E+00
  5.98596431E+01 -2.12897052E+00
  5.99337062E+01 -2.02409317E+00
  5.99698341E+01 -1.97689885E+00
  6.00385136E+01 -1.89405134E+00
  6.01023556E+01 -1.82482718E+00
  6.00719162E+01 -1.71850000E+00
  5.99761936E+01 -1.71850000E+00
  5.98804709E+01 -1.71850000E+00
  5.98392888E+01 -1.71850000E+00
  5.97435662E+01 -1.71850000E+00
  5.97023840E+01 -1.71850000E+00
  5.96066614E+01 -1.71850000E+00
  5.95654793E+01 -1.71850000E+00
  5.94697567E+01 -1.71850000E+00
  5.94285745E+01 -1.71850000E+00
  5.93328519E+01 -1.71850000E+00
  5.92916698E+01 -1.71850000E+00
  5.91959471E+01 -1.71850000E+00
  5.91547650E+01 -1.71850000E+00
  5.90590424E+01 -1.71850000E+00
  5.90178602E+01 -1.71850000E+00
  5.89221376E+01 -1.71850000E+00
  5.88809555E+01 -1.71850000E+00
  5.88809555E+01 -1.82482718E+00
  5.88809555E+01 -1.97689885E+00
  5.88809555E+01 -2.12897052E+00
  5.88809555E+01 -2.28104219E+00
  5.88809555E+01 -2.43311386E+00
  5.88809555E+01 -2.58518553E+00
  5.88809555E+01 -2.73725719E+00
  5.88809555E+01 -2.88932886E+00
  5.88809555E+01 -3.04140053E+00
  5.88809555E+01 -3.19347220E+00
  5.88809555E+01 -3.34554387E+00
  5.88809555E+01 -3.49761554E+00
  5.88809555E+01 -3.64968721E+00
  5.88809555E+01 -3.80175887E+00
  5.88809555E+01 -3.95383054E+00
  5.88809555E+01 -4.10590221E+00
  5.88809555E+01 -4.25797388E+00
  5.88809555E+01 -4.41004555E+00
  5.88809555E+01 -4.56211722E+00
  5.88809555E+01 -4.71418889E+00
  5.88809555E+01 -4.86626055E+00
  5.88809555E+01 -5.01833222E+00
  5.88809555E+01 -5.17040389E+00
  5.88809555E+01 -5.32247556E+00

w:6001/ x(   0.6150274E+02) y(  -0.1908077E+01) ix(2) iy(2) s(   0.7000E+00)

hb:   line clip z  
frame:
  5.9000003E+01 -6.9999675E+00
  6.1500003E+01 -6.9999675E+00
  6.1500003E+01  7.0000325E+00
  5.9000003E+01  7.0000325E+00
clip:
  6.15709366E+01 -2.03034329E+00
  6.16190507E+01 -2.09765478E+00
  6.16190507E+01 -1.97689885E+00
  6.16190507E+01 -1.82482718E+00
  6.16190507E+01 -1.71850000E+00
  6.15233281E+01 -1.71850000E+00
  6.14821459E+01 -1.71850000E+00
  6.13864233E+01 -1.71850000E+00
  6.13976444E+01 -1.82482718E+00
  6.14821459E+01 -1.91804364E+00
  6.15301659E+01 -1.97689885E+00

w:6002/ x(   0.5963048E+02) y(  -0.1593500E+01) ix(2) iy(2) s(   0.7000E+00)

hb:   line clip z  
frame:
  5.9000003E+01 -6.9999675E+00
  6.1500003E+01 -6.9999675E+00
  6.1500003E+01  7.0000325E+00
  5.9000003E+01  7.0000325E+00
clip:
  5.88809555E+01 -1.71850000E+00
  6.01542805E+01 -1.71850000E+00
  6.02602672E+01 -1.68415678E+00
  6.03800000E+01 -1.52835698E+00
  6.03800000E+01 -1.52068385E+00
  6.02969824E+01 -1.46850000E+00
  6.02500031E+01 -1.46850000E+00
  6.02030238E+01 -1.46850000E+00
  6.01130983E+01 -1.46850000E+00
  6.00661190E+01 -1.46850000E+00
  5.99761936E+01 -1.46850000E+00
  5.99292143E+01 -1.46850000E+00
  5.98392888E+01 -1.46850000E+00
  5.97923095E+01 -1.46850000E+00
  5.97023840E+01 -1.46850000E+00
  5.96554048E+01 -1.46850000E+00
  5.95654793E+01 -1.46850000E+00
  5.95185000E+01 -1.46850000E+00
  5.94285745E+01 -1.46850000E+00
  5.93815952E+01 -1.46850000E+00
  5.92916698E+01 -1.46850000E+00
  5.92446905E+01 -1.46850000E+00
  5.91547650E+01 -1.46850000E+00
  5.91077857E+01 -1.46850000E+00
  5.90178602E+01 -1.46850000E+00
  5.89708810E+01 -1.46850000E+00
  5.88809555E+01 -1.46850000E+00
  5.88809555E+01 -1.52068385E+00
  5.88809555E+01 -1.67275551E+00

w:6000/ x(   0.6131453E+02) y(  -0.1593500E+01) ix(2) iy(2) s(   0.7000E+00)

hb:   line clip z  
frame:
  5.9000003E+01 -6.9999675E+00
  6.1500003E+01 -6.9999675E+00
  6.1500003E+01  7.0000325E+00
  5.9000003E+01  7.0000325E+00
clip:
  6.13040590E+01 -1.71850000E+00
  6.16190507E+01 -1.71850000E+00
  6.16190507E+01 -1.67275551E+00
  6.16190507E+01 -1.52068385E+00
  6.16190507E+01 -1.46850000E+00
  6.15720714E+01 -1.46850000E+00
  6.14821459E+01 -1.46850000E+00
  6.14351667E+01 -1.46850000E+00
  6.13452412E+01 -1.46850000E+00
  6.12982619E+01 -1.46850000E+00
  6.12083364E+01 -1.46850000E+00
  6.11613571E+01 -1.46850000E+00
  6.10714317E+01 -1.46850000E+00
  6.10244524E+01 -1.46850000E+00
  6.10339969E+01 -1.56226577E+00
  6.11811638E+01 -1.64257256E+00
  6.12244351E+01 -1.67275551E+00

w:510/ x(   0.6048000E+02) y(  -0.2701332E-04) ix(2) iy(2) s(   0.7000E+00)

hb:   line clip z  
clip:
  6.03800000E+01 -1.52835698E+00
  6.03869078E+01 -1.59104200E+00
  6.04560998E+01 -1.59754113E+00
  6.05238126E+01 -1.59646045E+00
  6.05800000E+01 -1.58309592E+00
  6.05800000E+01 -1.52068385E+00
  6.05800000E+01 -1.45827177E+00
  6.05800000E+01 -1.36861218E+00
  6.05800000E+01 -1.30620010E+00
  6.05800000E+01 -1.21654051E+00
  6.05800000E+01 -1.15412843E+00
  6.05800000E+01 -1.06446884E+00
  6.05800000E+01 -1.00205677E+00
  6.05800000E+01 -9.12397172E-01
  6.05800000E+01 -8.49985098E-01
  6.05800000E+01 -7.60325503E-01
  6.05800000E+01 -6.97913429E-01
  6.05800000E+01 -6.08253835E-01
  6.05800000E+01 -5.45841761E-01
  6.05800000E+01 -4.56182166E-01
  6.05800000E+01 -3.93770092E-01
  6.05800000E+01 -3.04110498E-01
  6.05800000E+01 -2.41698424E-01
  6.05800000E+01 -1.52038829E-01
  6.05800000E+01 -8.96267552E-02
  6.05800000E+01  3.28395046E-05
  6.05800000E+01  6.24449134E-02
  6.05800000E+01  1.52104508E-01
  6.05800000E+01  2.14516582E-01
  6.05800000E+01  3.04176177E-01
  6.05800000E+01  3.66588250E-01
  6.05800000E+01  4.56247845E-01
  6.05800000E+01  5.18659919E-01
  6.05800000E+01  6.08319514E-01
  6.05800000E+01  6.70731588E-01
  6.05800000E+01  7.60391182E-01
  6.05800000E+01  8.22803256E-01
  6.05800000E+01  9.12462851E-01
  6.05800000E+01  9.74874925E-01
  6.05800000E+01  1.06453452E+00
  6.05800000E+01  1.12694659E+00
  6.05800000E+01  1.21660619E+00
  6.05800000E+01  1.27901826E+00
  6.05800000E+01  1.36867786E+00
  6.05800000E+01  1.43108993E+00
  6.05800000E+01  1.52074952E+00
  6.05800000E+01  1.58316160E+00
  6.05238126E+01  1.59646045E+00
  6.04547285E+01  1.59748711E+00
  6.03869078E+01  1.59104200E+00
  6.03800000E+01  1.52842265E+00
  6.03800000E+01 -1.52068385E+00

w:6002/ x(   0.6094877E+02) y(  -0.1498868E+01) ix(2) iy(2) s(   0.7000E+00)

hb:   line clip z  
clip:
  6.09299311E+01 -1.52578882E+00
  6.09422266E+01 -1.52923652E+00
  6.10100000E+01 -1.52068385E+00
  6.09815062E+01 -1.46850000E+00
  6.09345269E+01 -1.46850000E+00
  6.08875476E+01 -1.46850000E+00
  6.09099841E+01 -1.52068385E+00

w:2/ x(   0.6025000E+02) y(   0.2839451E+01) ix(2) iy(2) s(   0.7000E+00)

hb:   line clip z  
frame:
  5.9000003E+01 -6.9999675E+00
  6.1500003E+01 -6.9999675E+00
  6.1500003E+01  7.0000325E+00
  5.9000003E+01  7.0000325E+00
clip:
  5.88809555E+01 -1.46850000E+00
  6.02030238E+01 -1.46850000E+00
  6.02300000E+01 -1.36861218E+00
  6.02300000E+01 -1.23875962E+00
  6.02300000E+01 -1.21654051E+00
  6.02300000E+01 -1.08668796E+00
  6.02300000E+01 -1.06446884E+00
  6.02300000E+01 -9.34616287E-01
  6.02300000E+01 -9.12397172E-01
  6.02300000E+01 -7.82544619E-01
  6.02300000E+01 -7.60325503E-01
  6.02300000E+01 -6.30472950E-01
  6.02300000E+01 -6.08253835E-01
  6.02300000E+01 -4.78401282E-01
  6.02300000E+01 -4.56182166E-01
  6.02300000E+01 -3.26329613E-01
  6.02300000E+01 -3.04110498E-01
  6.02300000E+01 -1.74257945E-01
  6.02300000E+01 -1.52038829E-01
  6.02300000E+01 -2.21862761E-02
  6.02300000E+01  3.28395046E-05
  6.02300000E+01  1.29885392E-01
  6.02300000E+01  1.52104508E-01
  6.02300000E+01  2.81957061E-01
  6.02300000E+01  3.04176177E-01
  6.02300000E+01  4.34028730E-01
  6.02300000E+01  4.56247845E-01
  6.02300000E+01  5.86100398E-01
  6.02300000E+01  6.08319514E-01
  6.02300000E+01  7.38172067E-01
  6.02300000E+01  7.60391182E-01
  6.02300000E+01  8.90243735E-01
  6.02300000E+01  9.12462851E-01
  6.02300000E+01  1.04231540E+00
  6.02300000E+01  1.06453452E+00
  6.02300000E+01  1.19438707E+00
  6.02300000E+01  1.21660619E+00
  6.02300000E+01  1.34645874E+00
  6.02300000E+01  1.36867786E+00
  6.02300000E+01  1.49853041E+00
  6.02300000E+01  1.52074952E+00
  6.02300000E+01  1.65060208E+00
  6.02300000E+01  1.67282119E+00
  6.02300000E+01  1.80267375E+00
  6.02300000E+01  1.82489286E+00
  6.02300000E+01  1.95474541E+00
  6.02300000E+01  1.97696453E+00
  6.02300000E+01  2.10681708E+00
  6.02300000E+01  2.12903620E+00
  6.02300000E+01  2.25888875E+00
  6.02300000E+01  2.28110787E+00
  6.02300000E+01  2.41096042E+00
  6.02300000E+01  2.43317954E+00
  6.02300000E+01  2.56303209E+00
  6.02300000E+01  2.58525120E+00
  6.02500031E+01  2.71850000E+00
  6.09514725E+01  2.71850000E+00
  6.10100000E+01  2.58525120E+00
  6.10100000E+01  2.51701388E+00
  6.10100000E+01  2.43317954E+00
  6.10100000E+01  2.36494221E+00
  6.10100000E+01  2.28110787E+00
  6.10100000E+01  2.21287054E+00
  6.10100000E+01  2.12903620E+00
  6.10100000E+01  2.06079887E+00
  6.10100000E+01  1.97696453E+00
  6.10100000E+01  1.90872721E+00
  6.10100000E+01  1.82489286E+00
  6.10100000E+01  1.75665554E+00
  6.10100000E+01  1.67282119E+00
  6.10100000E+01  1.60458387E+00
  6.10100000E+01  1.52074952E+00
  6.10100000E+01  1.45251220E+00
  6.10100000E+01  1.36867786E+00
  6.10100000E+01  1.30044053E+00
  6.10100000E+01  1.21660619E+00
  6.10100000E+01  1.14836886E+00
  6.10100000E+01  1.06453452E+00
  6.10100000E+01  9.96297194E-01
  6.10100000E+01  9.12462851E-01
  6.10100000E+01  8.44225526E-01
  6.10100000E+01  7.60391182E-01
  6.10100000E+01  6.92153857E-01
  6.10100000E+01  6.08319514E-01
  6.10100000E+01  5.40082189E-01
  6.10100000E+01  4.56247845E-01
  6.10100000E+01  3.88010520E-01
  6.10100000E+01  3.04176177E-01
  6.10100000E+01  2.35938852E-01
  6.10100000E+01  1.52104508E-01
  6.10100000E+01  8.38671832E-02
  6.10100000E+01  3.28395046E-05
  6.10100000E+01 -6.82044853E-02
  6.10100000E+01 -1.52038829E-01
  6.10100000E+01 -2.20276154E-01
  6.10100000E+01 -3.04110498E-01
  6.10100000E+01 -3.72347822E-01
  6.10100000E+01 -4.56182166E-01
  6.10100000E+01 -5.24419491E-01
  6.10100000E+01 -6.08253835E-01
  6.10100000E+01 -6.76491159E-01
  6.10100000E+01 -7.60325503E-01
  6.10100000E+01 -8.28562828E-01
  6.10100000E+01 -9.12397172E-01
  6.10100000E+01 -9.80634497E-01
  6.10100000E+01 -1.06446884E+00
  6.10100000E+01 -1.13270617E+00
  6.10100000E+01 -1.21654051E+00
  6.10100000E+01 -1.28477783E+00
  6.10100000E+01 -1.36861218E+00
  6.10714317E+01 -1.46850000E+00
  6.11613571E+01 -1.46850000E+00
  6.16190507E+01 -1.46850000E+00
  6.16190507E+01 -1.36861218E+00
  6.16190507E+01 -1.21654051E+00
  6.16190507E+01 -1.06446884E+00
  6.16190507E+01 -9.12397172E-01
  6.16190507E+01 -7.60325503E-01
  6.16190507E+01 -6.08253835E-01
  6.16190507E+01 -4.56182166E-01
  6.16190507E+01 -3.04110498E-01
  6.16190507E+01 -1.52038829E-01
  6.16190507E+01  3.28395046E-05
  6.16190507E+01  1.52104508E-01
  6.16190507E+01  3.04176177E-01
  6.16190507E+01  4.56247845E-01
  6.16190507E+01  6.08319514E-01
  6.16190507E+01  7.60391182E-01
  6.16190507E+01  9.12462851E-01
  6.16190507E+01  1.06453452E+00
  6.16190507E+01  1.21660619E+00
  6.16190507E+01  1.36867786E+00
  6.16190507E+01  1.52074952E+00
  6.16190507E+01  1.67282119E+00
  6.16190507E+01  1.82489286E+00
  6.16190507E+01  1.97696453E+00
  6.16190507E+01  2.12903620E+00
  6.16190507E+01  2.28110787E+00
  6.16190507E+01  2.43317954E+00
  6.16190507E+01  2.58525120E+00
  6.16190507E+01  2.73732287E+00
  6.16190507E+01  2.88939454E+00
  6.16190507E+01  3.04146621E+00
  6.16190507E+01  3.19353788E+00
  6.16190507E+01  3.34560955E+00
  6.16190507E+01  3.49768122E+00
  6.16190507E+01  3.64975288E+00
  6.16190507E+01  3.80182455E+00
  6.16190507E+01  3.95389622E+00
  6.16190507E+01  4.10596789E+00
  6.16190507E+01  4.25803956E+00
  6.16190507E+01  4.41011123E+00
  6.16190507E+01  4.56218290E+00
  6.16190507E+01  4.71425456E+00
  6.16190507E+01  4.86632623E+00
  6.16190507E+01  5.01839790E+00
  6.16190507E+01  5.17046957E+00
  6.16190507E+01  5.32254124E+00
  6.16190507E+01  5.47461291E+00
  6.16190507E+01  5.62668458E+00
  6.16190507E+01  5.77875624E+00
  6.16190507E+01  5.93082791E+00
  6.16190507E+01  6.08289958E+00
  6.16190507E+01  6.23497125E+00
  6.16190507E+01  6.38704292E+00
  6.16190507E+01  6.53911459E+00
  6.16190507E+01  6.69118625E+00
  6.16190507E+01  6.84325792E+00
  6.16190507E+01  6.99532959E+00
  6.16190507E+01  7.14740126E+00
  6.14821459E+01  7.14740126E+00
  6.13452412E+01  7.14740126E+00
  6.12083364E+01  7.14740126E+00
  6.10714317E+01  7.14740126E+00
  6.09345269E+01  7.14740126E+00
  6.07976221E+01  7.14740126E+00
  6.06607174E+01  7.14740126E+00
  6.05238126E+01  7.14740126E+00
  6.03869078E+01  7.14740126E+00
  6.02500031E+01  7.14740126E+00
  6.01130983E+01  7.14740126E+00
  5.99761936E+01  7.14740126E+00
  5.98392888E+01  7.14740126E+00
  5.97023840E+01  7.14740126E+00
  5.95654793E+01  7.14740126E+00
  5.94285745E+01  7.14740126E+00
  5.92916698E+01  7.14740126E+00
  5.91547650E+01  7.14740126E+00
  5.90178602E+01  7.14740126E+00
  5.88809555E+01  7.14740126E+00
  5.88809555E+01  6.99532959E+00
  5.88809555E+01  6.84325792E+00
  5.88809555E+01  6.69118625E+00
  5.88809555E+01  6.53911459E+00
  5.88809555E+01  6.38704292E+00
  5.88809555E+01  6.23497125E+00
  5.88809555E+01  6.08289958E+00
  5.88809555E+01  5.93082791E+00
  5.88809555E+01  5.77875624E+00
  5.88809555E+01  5.62668458E+00
  5.88809555E+01  5.47461291E+00
  5.88809555E+01  5.32254124E+00
  5.88809555E+01  5.17046957E+00
  5.88809555E+01  5.01839790E+00
  5.88809555E+01  4.86632623E+00
  5.88809555E+01  4.71425456E+00
  5.88809555E+01  4.56218290E+00
  5.88809555E+01  4.41011123E+00
  5.88809555E+01  4.25803956E+00
  5.88809555E+01  4.10596789E+00
  5.88809555E+01  3.95389622E+00
  5.88809555E+01  3.80182455E+00
  5.88809555E+01  3.64975288E+00
  5.88809555E+01  3.49768122E+00
  5.88809555E+01  3.34560955E+00
  5.88809555E+01  3.19353788E+00
  5.88809555E+01  3.04146621E+00
  5.88809555E+01  2.88939454E+00
  5.88809555E+01  2.73732287E+00
  5.88809555E+01  2.58525120E+00
  5.88809555E+01  2.43317954E+00
  5.88809555E+01  2.28110787E+00
  5.88809555E+01  2.12903620E+00
  5.88809555E+01  1.97696453E+00
  5.88809555E+01  1.82489286E+00
  5.88809555E+01  1.67282119E+00
  5.88809555E+01  1.52074952E+00
  5.88809555E+01  1.36867786E+00
  5.88809555E+01  1.21660619E+00
  5.88809555E+01  1.06453452E+00
  5.88809555E+01  9.12462851E-01
  5.88809555E+01  7.60391182E-01
  5.88809555E+01  6.08319514E-01
  5.88809555E+01  4.56247845E-01
  5.88809555E+01  3.04176177E-01
  5.88809555E+01  1.52104508E-01
  5.88809555E+01  3.28395046E-05
  5.88809555E+01 -1.52038829E-01
  5.88809555E+01 -3.04110498E-01
  5.88809555E+01 -4.56182166E-01
  5.88809555E+01 -6.08253835E-01
  5.88809555E+01 -7.60325503E-01
  5.88809555E+01 -9.12397172E-01
  5.88809555E+01 -1.06446884E+00
  5.88809555E+01 -1.21654051E+00
  5.88809555E+01 -1.36861218E+00

w:600/ x(   0.6025000E+02) y(  -0.1368612E+01) ix(2) iy(2) s(   0.7000E+00)

hb:   line clip z  
clip:
  6.02300000E+01 -1.39083129E+00
  6.02500031E+01 -1.46850000E+00
  6.03399286E+01 -1.46850000E+00
  6.03800000E+01 -1.36861218E+00
  6.03800000E+01 -1.22421364E+00
  6.03800000E+01 -1.21654051E+00
  6.03800000E+01 -1.07214197E+00
  6.03800000E+01 -1.06446884E+00
  6.03800000E+01 -9.20070302E-01
  6.03800000E+01 -9.12397172E-01
  6.03800000E+01 -7.67998633E-01
  6.03800000E+01 -7.60325503E-01
  6.03800000E+01 -6.15926965E-01
  6.03800000E+01 -6.08253835E-01
  6.03800000E+01 -4.63855296E-01
  6.03800000E+01 -4.56182166E-01
  6.03800000E+01 -3.11783627E-01
  6.03800000E+01 -3.04110498E-01
  6.03800000E+01 -1.59711959E-01
  6.03800000E+01 -1.52038829E-01
  6.03800000E+01 -7.64029039E-03
  6.03800000E+01  3.28395046E-05
  6.03800000E+01  1.44431378E-01
  6.03800000E+01  1.52104508E-01
  6.03800000E+01  2.96503047E-01
  6.03800000E+01  3.04176177E-01
  6.03800000E+01  4.48574715E-01
  6.03800000E+01  4.56247845E-01
  6.03800000E+01  6.00646384E-01
  6.03800000E+01  6.08319514E-01
  6.03800000E+01  7.52718052E-01
  6.03800000E+01  7.60391182E-01
  6.03800000E+01  9.04789721E-01
  6.03800000E+01  9.12462851E-01
  6.03800000E+01  1.05686139E+00
  6.03800000E+01  1.06453452E+00
  6.03800000E+01  1.20893306E+00
  6.03800000E+01  1.21660619E+00
  6.03800000E+01  1.36100473E+00
  6.03800000E+01  1.36867786E+00
  6.03800000E+01  1.51307639E+00
  6.03800000E+01  1.52074952E+00
  6.03869078E+01  1.59104200E+00
  6.04547285E+01  1.59748711E+00
  6.05238126E+01  1.59646045E+00
  6.05800000E+01  1.61040912E+00
  6.05800000E+01  1.67282119E+00
  6.05800000E+01  1.73523327E+00
  6.05800000E+01  1.82489286E+00
  6.05800000E+01  1.88730494E+00
  6.05800000E+01  1.97696453E+00
  6.05800000E+01  2.03937660E+00
  6.05800000E+01  2.12903620E+00
  6.05800000E+01  2.19144827E+00
  6.05800000E+01  2.28110787E+00
  6.05800000E+01  2.34351994E+00
  6.05800000E+01  2.43317954E+00
  6.05800000E+01  2.49559161E+00
  6.05800000E+01  2.58525120E+00
  6.05800000E+01  2.64766328E+00
  6.05238126E+01  2.71850000E+00
  6.04038534E+01  2.71850000E+00
  6.03869078E+01  2.71850000E+00
  6.02669487E+01  2.71850000E+00
  6.02300000E+01  2.60747032E+00
  6.02300000E+01 -1.36861218E+00

w:6003/ x(   0.6079500E+02) y(   0.6250000E+00) ix(2) iy(2) s(   0.7000E+00)

hb:   line clip z  
clip:
  6.05800000E+01 -1.45827177E+00
  6.06607174E+01 -1.46850000E+00
  6.07506429E+01 -1.46850000E+00
  6.09345269E+01 -1.46850000E+00
  6.10100000E+01 -1.45244652E+00
  6.10100000E+01 -1.36861218E+00
  6.10100000E+01 -1.28477783E+00
  6.10100000E+01 -1.21654051E+00
  6.10100000E+01 -1.13270617E+00
  6.10100000E+01 -1.06446884E+00
  6.10100000E+01 -9.80634497E-01
  6.10100000E+01 -9.12397172E-01
  6.10100000E+01 -8.28562828E-01
  6.10100000E+01 -7.60325503E-01
  6.10100000E+01 -6.76491159E-01
  6.10100000E+01 -6.08253835E-01
  6.10100000E+01 -5.24419491E-01
  6.10100000E+01 -4.56182166E-01
  6.10100000E+01 -3.72347822E-01
  6.10100000E+01 -3.04110498E-01
  6.10100000E+01 -2.20276154E-01
  6.10100000E+01 -1.52038829E-01
  6.10100000E+01 -6.82044853E-02
  6.10100000E+01  3.28395046E-05
  6.10100000E+01  8.38671832E-02
  6.10100000E+01  1.52104508E-01
  6.10100000E+01  2.35938852E-01
  6.10100000E+01  3.04176177E-01
  6.10100000E+01  3.88010520E-01
  6.10100000E+01  4.56247845E-01
  6.10100000E+01  5.40082189E-01
  6.10100000E+01  6.08319514E-01
  6.10100000E+01  6.92153857E-01
  6.10100000E+01  7.60391182E-01
  6.10100000E+01  8.44225526E-01
  6.10100000E+01  9.12462851E-01
  6.10100000E+01  9.96297194E-01
  6.10100000E+01  1.06453452E+00
  6.10100000E+01  1.14836886E+00
  6.10100000E+01  1.21660619E+00
  6.10100000E+01  1.30044053E+00
  6.10100000E+01  1.36867786E+00
  6.10100000E+01  1.45251220E+00
  6.10100000E+01  1.52074952E+00
  6.10100000E+01  1.60458387E+00
  6.10100000E+01  1.67282119E+00
  6.10100000E+01  1.75665554E+00
  6.10100000E+01  1.82489286E+00
  6.10100000E+01  1.90872721E+00
  6.10100000E+01  1.97696453E+00
  6.10100000E+01  2.06079887E+00
  6.10100000E+01  2.12903620E+00
  6.10100000E+01  2.21287054E+00
  6.10100000E+01  2.28110787E+00
  6.10100000E+01  2.36494221E+00
  6.10100000E+01  2.43317954E+00
  6.10100000E+01  2.51701388E+00
  6.10100000E+01  2.58525120E+00
  6.10100000E+01  2.66908555E+00
  6.09345269E+01  2.71850000E+00
  6.08145677E+01  2.71850000E+00
  6.07976221E+01  2.71850000E+00
  6.06776629E+01  2.71850000E+00
  6.06607174E+01  2.71850000E+00
  6.05800000E+01  2.67491080E+00
  6.05800000E+01  2.58525120E+00
  6.05800000E+01  2.49559161E+00
  6.05800000E+01  2.43317954E+00
  6.05800000E+01  2.34351994E+00
  6.05800000E+01  2.28110787E+00
  6.05800000E+01  2.19144827E+00
  6.05800000E+01  2.12903620E+00
  6.05800000E+01  2.03937660E+00
  6.05800000E+01  1.97696453E+00
  6.05800000E+01  1.88730494E+00
  6.05800000E+01  1.82489286E+00
  6.05800000E+01  1.73523327E+00
  6.05800000E+01  1.67282119E+00
  6.05800000E+01  1.58316160E+00
  6.05800000E+01  1.52074952E+00
  6.05800000E+01  1.43108993E+00
  6.05800000E+01  1.36867786E+00
  6.05800000E+01  1.27901826E+00
  6.05800000E+01  1.21660619E+00
  6.05800000E+01  1.12694659E+00
  6.05800000E+01  1.06453452E+00
  6.05800000E+01  9.74874925E-01
  6.05800000E+01  9.12462851E-01
  6.05800000E+01  8.22803256E-01
  6.05800000E+01  7.60391182E-01
  6.05800000E+01  6.70731588E-01
  6.05800000E+01  6.08319514E-01
  6.05800000E+01  5.18659919E-01
  6.05800000E+01  4.56247845E-01
  6.05800000E+01  3.66588250E-01
  6.05800000E+01  3.04176177E-01
  6.05800000E+01  2.14516582E-01
  6.05800000E+01  1.52104508E-01
  6.05800000E+01  6.24449134E-02
  6.05800000E+01  3.28395046E-05
  6.05800000E+01 -8.96267552E-02
  6.05800000E+01 -1.52038829E-01
  6.05800000E+01 -2.41698424E-01
  6.05800000E+01 -3.04110498E-01
  6.05800000E+01 -3.93770092E-01
  6.05800000E+01 -4.56182166E-01
  6.05800000E+01 -5.45841761E-01
  6.05800000E+01 -6.08253835E-01
  6.05800000E+01 -6.97913429E-01
  6.05800000E+01 -7.60325503E-01
  6.05800000E+01 -8.49985098E-01
  6.05800000E+01 -9.12397172E-01
  6.05800000E+01 -1.00205677E+00
  6.05800000E+01 -1.06446884E+00
  6.05800000E+01 -1.15412843E+00
  6.05800000E+01 -1.21654051E+00
  6.05800000E+01 -1.30620010E+00
  6.05800000E+01 -1.36861218E+00

#------------------------------------------------------------------------------
z: xorg(1.03)
p: xfac[c2*0.05] form[c1/0.05] notc noxt noyt dmin(1)
p: ymin(0) ymax(1) xmin(0) xmax(1) cmin(1) cmax(100) nosp
hc: y= 0.005 to 0.995 by 0.01 ; x= 0.5 to 0.5 by 1 ;
 1  2  3  4  5  6  7  8  9 10 11 12 13 14 15 16 17 18 19 20
21 22 23 24 25 26 27 28 29 30 31 32 33 34 35 36 37 38 39 40
41 42 43 44 45 46 47 48 49 50 51 52 53 54 55 56 57 58 59 60
61 62 63 64 65 66 67 68 69 70 71 72 73 74 75 76 77 78 79 80
81 82 83 84 85 86 87 88 89 90 91 92 93 94 95 96 97 98 99 100
z: xorg(0.0)
p: xfac[c2*0.05] form[c1/0.05] nosp afac[c5*0.625] ymin[c3] ymax[c4]
p: noxt noxn ytxt(-1) ynum(-1) xltd(-1) xstd(-1) itic(1) ylog
y: Flux [1/cm^2/source]              
#------------------------------------------------------------------------------

wt: s[c5]
\vspace{-3}
  emin  &=&   0.0000E+00 [MeV]
  emax  &=&   1.0000E+03 [MeV]
  ymin  &=&   0.0000E+00 [cm]
  ymax  &=&   1.0000E-01 [cm]
  part. &=& proton  
e:

#------------------------------------------------------------------------------
z: xorg[-1.03/0.05]
p: form[c1] xfac[c2] afac[c5] nosp notf
p: xmin(  59.00000    ) xmax(  61.50000    )
p: ymin( -7.000000    ) ymax(  7.000000    )
 
# Information for Restart Calculation
# This calculation was newly started
# istdev =  2 # 1:Batch variance, 2:History variance
# resc2  = 1.60217700210082442E-01 # Total source weight or Total source weight / maxcas
# resc3  = 1.00000000000000000E+09 # Total history number or Total batch number
# maxcas =      100000 # History / Batch, only used for istdev=1
# bitrseed = 0001001110011001001001110000100100110111001111011100001000101100 # bit data of rseed
