[ T-Track ]
    title = [t-track] in xyz mesh
     mesh =  xyz            # mesh type is xyz scoring mesh
   x-type =    1            # x-mesh is given by the below data
       nx =      1          # number of x-mesh points
#    data = ( x(i), i = 1, nx + 1 )
            0.00000E+00  1.00000E-01
   y-type =    2            # y-mesh is linear given by ymin, ymax and ny
     ymin =  -10.00000      # minimum value of y-mesh points
     ymax =   20.00000      # maximum value of y-mesh points
#    ydel =  0.3000000      # mesh width of y-mesh points
       ny =    100          # number of y-mesh points
#    data = ( y(i), i = 1, ny + 1 )
#          -1.00000E+01 -9.70000E+00 -9.40000E+00 -9.10000E+00 -8.80000E+00
#          -8.50000E+00 -8.20000E+00 -7.90000E+00 -7.60000E+00 -7.30000E+00
#          -7.00000E+00 -6.70000E+00 -6.40000E+00 -6.10000E+00 -5.80000E+00
#          -5.50000E+00 -5.20000E+00 -4.90000E+00 -4.60000E+00 -4.30000E+00
#          -4.00000E+00 -3.70000E+00 -3.40000E+00 -3.10000E+00 -2.80000E+00
#          -2.50000E+00 -2.20000E+00 -1.90000E+00 -1.60000E+00 -1.30000E+00
#          -1.00000E+00 -7.00000E-01 -4.00000E-01 -1.00000E-01  2.00000E-01
#           5.00000E-01  8.00000E-01  1.10000E+00  1.40000E+00  1.70000E+00
#           2.00000E+00  2.30000E+00  2.60000E+00  2.90000E+00  3.20000E+00
#           3.50000E+00  3.80000E+00  4.10000E+00  4.40000E+00  4.70000E+00
#           5.00000E+00  5.30000E+00  5.60000E+00  5.90000E+00  6.20000E+00
#           6.50000E+00  6.80000E+00  7.10000E+00  7.40000E+00  7.70000E+00
#           8.00000E+00  8.30000E+00  8.60000E+00  8.90000E+00  9.20000E+00
#           9.50000E+00  9.80000E+00  1.01000E+01  1.04000E+01  1.07000E+01
#           1.10000E+01  1.13000E+01  1.16000E+01  1.19000E+01  1.22000E+01
#           1.25000E+01  1.28000E+01  1.31000E+01  1.34000E+01  1.37000E+01
#           1.40000E+01  1.43000E+01  1.46000E+01  1.49000E+01  1.52000E+01
#           1.55000E+01  1.58000E+01  1.61000E+01  1.64000E+01  1.67000E+01
#           1.70000E+01  1.73000E+01  1.76000E+01  1.79000E+01  1.82000E+01
#           1.85000E+01  1.88000E+01  1.91000E+01  1.94000E+01  1.97000E+01
#           2.00000E+01
   z-type =    2            # z-mesh is linear given by zmin, zmax and nz
     zmin =   95.00000      # minimum value of z-mesh points
     zmax =   100.0000      # maximum value of z-mesh points
#    zdel =  0.1000000      # mesh width of z-mesh points
       nz =     50          # number of z-mesh points
#    data = ( z(i), i = 1, nz + 1 )
#           9.50000E+01  9.51000E+01  9.52000E+01  9.53000E+01  9.54000E+01
#           9.55000E+01  9.56000E+01  9.57000E+01  9.58000E+01  9.59000E+01
#           9.60000E+01  9.61000E+01  9.62000E+01  9.63000E+01  9.64000E+01
#           9.65000E+01  9.66000E+01  9.67000E+01  9.68000E+01  9.69000E+01
#           9.70000E+01  9.71000E+01  9.72000E+01  9.73000E+01  9.74000E+01
#           9.75000E+01  9.76000E+01  9.77000E+01  9.78000E+01  9.79000E+01
#           9.80000E+01  9.81000E+01  9.82000E+01  9.83000E+01  9.84000E+01
#           9.85000E+01  9.86000E+01  9.87000E+01  9.88000E+01  9.89000E+01
#           9.90000E+01  9.91000E+01  9.92000E+01  9.93000E+01  9.94000E+01
#           9.95000E+01  9.96000E+01  9.97000E+01  9.98000E+01  9.99000E+01
#           1.00000E+02
   e-type =    1            # e-mesh is given by the below data
       ne =      1          # number of e-mesh points
#    data = ( e(i), i = 1, ne + 1 )
            0.00000E+00  1.00000E+03
     unit =    1            # unit is [1/cm^2/source]
 material =  all            # (D=all) number of specific material
  2D-type =    3            # 1:Cont, 2:Clust, 3:Color, 4:xyz, 5:mat, 6:Clust+Cont, 7:Col+Cont
     axis =      yz            # axis of output
     file = track_yz_zoom_M0.out  # file name of output for the above axis
     part =  proton   
# kf/name :  2212     
    gshow =    1            # 0: no 1:bnd, 2:bnd+mat, 3:bnd+reg 4:bnd+lat 5:bmp style
    resol =    1            # (D=1) resolution of gshow or rshow
    width = 0.5000000       # (D=0.5) width of lines for gshow or rshow
   epsout =    1            # (D=0) generate eps file by ANGEL
#    used :        main (  %)        temp (  %)       total (  %)
#  memory :         160 (  0)           0 (  0)         160 (  0)

#------------------------------------------------------------------------------
#newpage:
#   no. =  1   ie  =  1   ix  =  1   part. = proton  
#   e = (   0.0000E+00  -   1.0000E+03  )
#   x = (   0.0000E+00  -   1.0000E-01  )

'no. =  1,  ie =  1,  ix =  1'
msuc: {\huge [t-track] in xyz mesh}
msdr: {\it plotted by \ANGEL \version}
msdl: {\it calculated by \PHITS  3.35}

x: z [cm]
y: y [cm]
set: c1[ 6.000] c2[ 0.367] c5[ 0.800] c6[ 0.480] c7[ 3.333] c8[ 0.000]
p: h2fs form[c1] xfac[c2] afac[c5] scal[c6] xorg[c7] yorg[c8] nosp
set: c3[1.0e-4] c4[1.0]
p: cmin[c3] cmax[c4]
p: dmin(1e-31)
p: zlog
p: xmin(  95.00000    ) xmax(  100.0000    )
p: ymin( -10.00000    ) ymax(  20.00000    )

#   no. =  1   ie  =  1   ix  =  1
#   e = (   0.0000E+00  -   1.0000E+03  )
#   x = (   0.0000E+00  -   1.0000E-01  )

hc:  y =   19.85000     to  -9.850000     by  0.3000000     ; x =   95.05000     to   99.95000     by  0.1000000     ;
  0.000E+00  0.000E+00  0.000E+00  0.000E+00  0.000E+00  0.000E+00  0.000E+00  0.000E+00  0.000E+00  0.000E+00
  0.000E+00  0.000E+00  0.000E+00  0.000E+00  0.000E+00  0.000E+00  0.000E+00  0.000E+00  0.000E+00  0.000E+00
  0.000E+00  0.000E+00  0.000E+00  0.000E+00  0.000E+00  0.000E+00  0.000E+00  0.000E+00  0.000E+00  0.000E+00
  0.000E+00  0.000E+00  0.000E+00  0.000E+00  0.000E+00  0.000E+00  0.000E+00  0.000E+00  0.000E+00  0.000E+00
  0.000E+00  0.000E+00  0.000E+00  0.000E+00  0.000E+00  0.000E+00  0.000E+00  0.000E+00  0.000E+00  0.000E+00
  0.000E+00  0.000E+00  0.000E+00  0.000E+00  0.000E+00  0.000E+00  0.000E+00  0.000E+00  0.000E+00  0.000E+00
  0.000E+00  0.000E+00  0.000E+00  0.000E+00  0.000E+00  0.000E+00  0.000E+00  0.000E+00  0.000E+00  0.000E+00
  0.000E+00  0.000E+00  0.000E+00  0.000E+00  0.000E+00  0.000E+00  0.000E+00  0.000E+00  0.000E+00  0.000E+00
  0.000E+00  0.000E+00  0.000E+00  0.000E+00  0.000E+00  0.000E+00  0.000E+00  0.000E+00  0.000E+00  0.000E+00
  0.000E+00  0.000E+00  0.000E+00  0.000E+00  0.000E+00  0.000E+00  0.000E+00  0.000E+00  0.000E+00  0.000E+00
  0.000E+00  0.000E+00  0.000E+00  0.000E+00  0.000E+00  0.000E+00  0.000E+00  0.000E+00  0.000E+00  0.000E+00
  0.000E+00  0.000E+00  0.000E+00  0.000E+00  0.000E+00  0.000E+00  0.000E+00  0.000E+00  0.000E+00  0.000E+00
  0.000E+00  0.000E+00  0.000E+00  0.000E+00  0.000E+00  0.000E+00  0.000E+00  0.000E+00  0.000E+00  0.000E+00
  0.000E+00  0.000E+00  0.000E+00  0.000E+00  0.000E+00  0.000E+00  0.000E+00  0.000E+00  0.000E+00  0.000E+00
  0.000E+00  0.000E+00  0.000E+00  0.000E+00  0.000E+00  0.000E+00  0.000E+00  0.000E+00  0.000E+00  0.000E+00
  0.000E+00  0.000E+00  0.000E+00  0.000E+00  0.000E+00  0.000E+00  0.000E+00  0.000E+00  0.000E+00  0.000E+00
  0.000E+00  0.000E+00  0.000E+00  0.000E+00  0.000E+00  0.000E+00  0.000E+00  0.000E+00  0.000E+00  0.000E+00
  0.000E+00  0.000E+00  0.000E+00  0.000E+00  0.000E+00  0.000E+00  0.000E+00  0.000E+00  0.000E+00  0.000E+00
  0.000E+00  0.000E+00  0.000E+00  0.000E+00  0.000E+00  0.000E+00  0.000E+00  0.000E+00  0.000E+00  0.000E+00
  0.000E+00  0.000E+00  0.000E+00  0.000E+00  0.000E+00  0.000E+00  0.000E+00  0.000E+00  0.000E+00  0.000E+00
  0.000E+00  0.000E+00  0.000E+00  0.000E+00  0.000E+00  0.000E+00  0.000E+00  0.000E+00  0.000E+00  0.000E+00
  0.000E+00  0.000E+00  0.000E+00  0.000E+00  0.000E+00  0.000E+00  0.000E+00  0.000E+00  0.000E+00  0.000E+00
  0.000E+00  0.000E+00  0.000E+00  0.000E+00  0.000E+00  0.000E+00  0.000E+00  0.000E+00  0.000E+00  0.000E+00
  0.000E+00  0.000E+00  0.000E+00  0.000E+00  0.000E+00  0.000E+00  0.000E+00  0.000E+00  0.000E+00  0.000E+00
  0.000E+00  0.000E+00  0.000E+00  0.000E+00  0.000E+00  0.000E+00  0.000E+00  0.000E+00  0.000E+00  0.000E+00
  0.000E+00  0.000E+00  0.000E+00  0.000E+00  0.000E+00  0.000E+00  0.000E+00  0.000E+00  0.000E+00  0.000E+00
  0.000E+00  0.000E+00  0.000E+00  0.000E+00  0.000E+00  0.000E+00  0.000E+00  0.000E+00  0.000E+00  0.000E+00
  0.000E+00  0.000E+00  0.000E+00  0.000E+00  0.000E+00  0.000E+00  0.000E+00  0.000E+00  0.000E+00  0.000E+00
  0.000E+00  0.000E+00  0.000E+00  0.000E+00  0.000E+00  0.000E+00  0.000E+00  0.000E+00  0.000E+00  0.000E+00
  0.000E+00  0.000E+00  0.000E+00  0.000E+00  0.000E+00  0.000E+00  0.000E+00  0.000E+00  0.000E+00  0.000E+00
  0.000E+00  0.000E+00  0.000E+00  0.000E+00  0.000E+00  0.000E+00  0.000E+00  0.000E+00  0.000E+00  0.000E+00
  0.000E+00  0.000E+00  0.000E+00  0.000E+00  0.000E+00  0.000E+00  0.000E+00  0.000E+00  0.000E+00  0.000E+00
  0.000E+00  0.000E+00  0.000E+00  0.000E+00  0.000E+00  0.000E+00  0.000E+00  0.000E+00  0.000E+00  0.000E+00
  0.000E+00  0.000E+00  0.000E+00  0.000E+00  0.000E+00  0.000E+00  0.000E+00  0.000E+00  0.000E+00  0.000E+00
  0.000E+00  0.000E+00  0.000E+00  0.000E+00  0.000E+00  0.000E+00  0.000E+00  0.000E+00  0.000E+00  0.000E+00
  0.000E+00  0.000E+00  0.000E+00  0.000E+00  0.000E+00  0.000E+00  0.000E+00  0.000E+00  0.000E+00  0.000E+00
  0.000E+00  0.000E+00  0.000E+00  0.000E+00  0.000E+00  0.000E+00  0.000E+00  0.000E+00  0.000E+00  0.000E+00
  0.000E+00  0.000E+00  0.000E+00  0.000E+00  0.000E+00  0.000E+00  0.000E+00  0.000E+00  0.000E+00  0.000E+00
  0.000E+00  0.000E+00  0.000E+00  0.000E+00  0.000E+00  0.000E+00  0.000E+00  0.000E+00  0.000E+00  0.000E+00
  0.000E+00  0.000E+00  0.000E+00  0.000E+00  0.000E+00  0.000E+00  0.000E+00  0.000E+00  0.000E+00  0.000E+00
  0.000E+00  0.000E+00  0.000E+00  0.000E+00  0.000E+00  0.000E+00  0.000E+00  0.000E+00  0.000E+00  0.000E+00
  0.000E+00  0.000E+00  0.000E+00  0.000E+00  0.000E+00  0.000E+00  0.000E+00  0.000E+00  0.000E+00  0.000E+00
  0.000E+00  0.000E+00  0.000E+00  0.000E+00  0.000E+00  0.000E+00  0.000E+00  0.000E+00  0.000E+00  0.000E+00
  0.000E+00  0.000E+00  0.000E+00  0.000E+00  0.000E+00  0.000E+00  0.000E+00  0.000E+00  0.000E+00  0.000E+00
  0.000E+00  0.000E+00  0.000E+00  0.000E+00  0.000E+00  0.000E+00  0.000E+00  0.000E+00  0.000E+00  0.000E+00
  0.000E+00  0.000E+00  0.000E+00  0.000E+00  0.000E+00  0.000E+00  0.000E+00  0.000E+00  0.000E+00  0.000E+00
  0.000E+00  0.000E+00  0.000E+00  0.000E+00  0.000E+00  0.000E+00  0.000E+00  0.000E+00  0.000E+00  0.000E+00
  0.000E+00  0.000E+00  0.000E+00  0.000E+00  0.000E+00  0.000E+00  0.000E+00  0.000E+00  0.000E+00  0.000E+00
  0.000E+00  0.000E+00  0.000E+00  0.000E+00  0.000E+00  0.000E+00  0.000E+00  0.000E+00  0.000E+00  0.000E+00
  0.000E+00  0.000E+00  0.000E+00  0.000E+00  0.000E+00  0.000E+00  0.000E+00  0.000E+00  0.000E+00  0.000E+00
  0.000E+00  0.000E+00  0.000E+00  0.000E+00  0.000E+00  0.000E+00  0.000E+00  0.000E+00  0.000E+00  0.000E+00
  0.000E+00  0.000E+00  0.000E+00  0.000E+00  0.000E+00  0.000E+00  0.000E+00  0.000E+00  0.000E+00  0.000E+00
  0.000E+00  0.000E+00  0.000E+00  0.000E+00  0.000E+00  0.000E+00  0.000E+00  0.000E+00  0.000E+00  0.000E+00
  0.000E+00  0.000E+00  0.000E+00  0.000E+00  0.000E+00  0.000E+00  0.000E+00  0.000E+00  0.000E+00  0.000E+00
  0.000E+00  0.000E+00  0.000E+00  0.000E+00  0.000E+00  0.000E+00  0.000E+00  0.000E+00  0.000E+00  0.000E+00
  0.000E+00  0.000E+00  0.000E+00  0.000E+00  0.000E+00  0.000E+00  0.000E+00  0.000E+00  0.000E+00  0.000E+00
  0.000E+00  0.000E+00  0.000E+00  0.000E+00  0.000E+00  0.000E+00  0.000E+00  0.000E+00  0.000E+00  0.000E+00
  0.000E+00  0.000E+00  0.000E+00  0.000E+00  0.000E+00  0.000E+00  0.000E+00  0.000E+00  0.000E+00  0.000E+00
  0.000E+00  0.000E+00  0.000E+00  0.000E+00  0.000E+00  0.000E+00  0.000E+00  0.000E+00  0.000E+00  0.000E+00
  0.000E+00  0.000E+00  0.000E+00  0.000E+00  0.000E+00  0.000E+00  0.000E+00  0.000E+00  0.000E+00  0.000E+00
  0.000E+00  0.000E+00  0.000E+00  0.000E+00  0.000E+00  0.000E+00  0.000E+00  0.000E+00  0.000E+00  0.000E+00
  0.000E+00  0.000E+00  0.000E+00  0.000E+00  0.000E+00  0.000E+00  0.000E+00  0.000E+00  0.000E+00  0.000E+00
  0.000E+00  0.000E+00  0.000E+00  0.000E+00  0.000E+00  0.000E+00  0.000E+00  0.000E+00  0.000E+00  0.000E+00
  0.000E+00  0.000E+00  0.000E+00  0.000E+00  0.000E+00  0.000E+00  0.000E+00  0.000E+00  0.000E+00  0.000E+00
  0.000E+00  0.000E+00  0.000E+00  0.000E+00  0.000E+00  0.000E+00  0.000E+00  0.000E+00  0.000E+00  0.000E+00
  0.000E+00  0.000E+00  0.000E+00  0.000E+00  0.000E+00  0.000E+00  0.000E+00  0.000E+00  0.000E+00  0.000E+00
  0.000E+00  0.000E+00  0.000E+00  0.000E+00  0.000E+00  0.000E+00  0.000E+00  0.000E+00  0.000E+00  0.000E+00
  0.000E+00  0.000E+00  0.000E+00  0.000E+00  0.000E+00  0.000E+00  0.000E+00  0.000E+00  0.000E+00  0.000E+00
  0.000E+00  0.000E+00  0.000E+00  0.000E+00  0.000E+00  0.000E+00  0.000E+00  0.000E+00  0.000E+00  0.000E+00
  0.000E+00  0.000E+00  0.000E+00  0.000E+00  0.000E+00  1.000E+00  1.000E+00  1.000E+00  1.000E+00  1.000E+00
  0.000E+00  0.000E+00  0.000E+00  0.000E+00  0.000E+00  0.000E+00  0.000E+00  0.000E+00  0.000E+00  0.000E+00
  0.000E+00  0.000E+00  0.000E+00  0.000E+00  0.000E+00  0.000E+00  0.000E+00  0.000E+00  0.000E+00  0.000E+00
  0.000E+00  0.000E+00  0.000E+00  0.000E+00  0.000E+00  0.000E+00  0.000E+00  0.000E+00  0.000E+00  0.000E+00
  0.000E+00  0.000E+00  0.000E+00  0.000E+00  0.000E+00  0.000E+00  0.000E+00  1.000E+00  1.000E+00  1.000E+00
  1.000E+00  1.000E+00  1.000E+00  1.000E+00  1.000E+00  1.000E+00  0.000E+00  0.000E+00  1.000E+00  1.000E+00
  1.000E+00  0.000E+00  0.000E+00  0.000E+00  0.000E+00  0.000E+00  0.000E+00  0.000E+00  0.000E+00  0.000E+00
  0.000E+00  0.000E+00  0.000E+00  0.000E+00  0.000E+00  0.000E+00  0.000E+00  0.000E+00  0.000E+00  0.000E+00
  0.000E+00  0.000E+00  0.000E+00  0.000E+00  0.000E+00  0.000E+00  0.000E+00  0.000E+00  0.000E+00  0.000E+00
  1.000E+00  1.000E+00  1.000E+00  1.000E+00  1.000E+00  1.000E+00  1.000E+00  1.000E+00  0.000E+00  0.000E+00
  0.000E+00  0.000E+00  0.000E+00  0.000E+00  1.000E+00  1.000E+00  1.000E+00  1.000E+00  1.000E+00  0.000E+00
  1.000E+00  0.000E+00  0.000E+00  0.000E+00  0.000E+00  0.000E+00  0.000E+00  0.000E+00  0.000E+00  0.000E+00
  0.000E+00  0.000E+00  0.000E+00  0.000E+00  0.000E+00  0.000E+00  0.000E+00  0.000E+00  0.000E+00  0.000E+00
  0.000E+00  0.000E+00  1.000E+00  1.000E+00  1.000E+00  1.000E+00  1.000E+00  1.000E+00  1.000E+00  1.000E+00
  1.000E+00  0.000E+00  0.000E+00  0.000E+00  0.000E+00  0.000E+00  0.000E+00  0.000E+00  0.000E+00  0.000E+00
  0.000E+00  0.000E+00  0.000E+00  1.000E+00  1.000E+00  0.000E+00  0.000E+00  0.000E+00  0.000E+00  0.000E+00
  0.000E+00  0.000E+00  0.000E+00  0.000E+00  0.000E+00  0.000E+00  0.000E+00  0.000E+00  0.000E+00  0.000E+00
  0.000E+00  0.000E+00  0.000E+00  1.000E+00  1.000E+00  1.000E+00  1.000E+00  1.000E+00  1.000E+00  1.000E+00
  1.000E+00  1.000E+00  1.000E+00  0.000E+00  0.000E+00  0.000E+00  0.000E+00  0.000E+00  0.000E+00  0.000E+00
  0.000E+00  0.000E+00  0.000E+00  0.000E+00  0.000E+00  0.000E+00  0.000E+00  0.000E+00  0.000E+00  0.000E+00
  0.000E+00  0.000E+00  0.000E+00  0.000E+00  0.000E+00  0.000E+00  0.000E+00  0.000E+00  0.000E+00  0.000E+00
  0.000E+00  0.000E+00  0.000E+00  0.000E+00  0.000E+00  0.000E+00  1.000E+00  1.000E+00  1.000E+00  1.000E+00
  1.000E+00  1.000E+00  1.000E+00  7.102E-01  7.105E-01  0.000E+00  0.000E+00  0.000E+00  0.000E+00  0.000E+00
  0.000E+00  0.000E+00  0.000E+00  0.000E+00  0.000E+00  0.000E+00  0.000E+00  0.000E+00  0.000E+00  0.000E+00
  0.000E+00  0.000E+00  0.000E+00  0.000E+00  0.000E+00  0.000E+00  0.000E+00  0.000E+00  0.000E+00  0.000E+00
  0.000E+00  0.000E+00  0.000E+00  0.000E+00  0.000E+00  0.000E+00  0.000E+00  0.000E+00  0.000E+00  0.000E+00
  1.000E+00  1.000E+00  1.000E+00  1.000E+00  1.000E+00  1.000E+00  1.000E+00  0.000E+00  0.000E+00  0.000E+00
  0.000E+00  0.000E+00  0.000E+00  0.000E+00  0.000E+00  0.000E+00  0.000E+00  0.000E+00  0.000E+00  0.000E+00
  0.000E+00  0.000E+00  0.000E+00  0.000E+00  0.000E+00  0.000E+00  0.000E+00  0.000E+00  0.000E+00  0.000E+00
  0.000E+00  0.000E+00  0.000E+00  0.000E+00  0.000E+00  0.000E+00  0.000E+00  0.000E+00  0.000E+00  0.000E+00
  0.000E+00  0.000E+00  0.000E+00  0.000E+00  0.000E+00  0.000E+00  0.000E+00  0.000E+00  0.000E+00  0.000E+00
  0.000E+00  0.000E+00  0.000E+00  0.000E+00  0.000E+00  0.000E+00  1.000E+00  1.000E+00  0.000E+00  0.000E+00
  0.000E+00  0.000E+00  0.000E+00  0.000E+00  0.000E+00  0.000E+00  0.000E+00  0.000E+00  0.000E+00  0.000E+00
  0.000E+00  0.000E+00  0.000E+00  0.000E+00  0.000E+00  0.000E+00  0.000E+00  0.000E+00  0.000E+00  0.000E+00
  0.000E+00  0.000E+00  0.000E+00  0.000E+00  0.000E+00  0.000E+00  0.000E+00  0.000E+00  0.000E+00  0.000E+00
  0.000E+00  0.000E+00  0.000E+00  0.000E+00  0.000E+00  0.000E+00  0.000E+00  0.000E+00  0.000E+00  0.000E+00
  0.000E+00  0.000E+00  0.000E+00  0.000E+00  1.000E+00  1.000E+00  1.000E+00  0.000E+00  0.000E+00  0.000E+00
  0.000E+00  0.000E+00  0.000E+00  0.000E+00  0.000E+00  0.000E+00  0.000E+00  0.000E+00  0.000E+00  0.000E+00
  0.000E+00  0.000E+00  0.000E+00  0.000E+00  0.000E+00  0.000E+00  0.000E+00  0.000E+00  0.000E+00  0.000E+00
  0.000E+00  0.000E+00  0.000E+00  0.000E+00  0.000E+00  0.000E+00  0.000E+00  0.000E+00  0.000E+00  0.000E+00
  0.000E+00  0.000E+00  0.000E+00  0.000E+00  0.000E+00  0.000E+00  0.000E+00  0.000E+00  0.000E+00  0.000E+00
  0.000E+00  0.000E+00  0.000E+00  0.000E+00  0.000E+00  0.000E+00  0.000E+00  0.000E+00  0.000E+00  0.000E+00
  0.000E+00  0.000E+00  0.000E+00  0.000E+00  0.000E+00  0.000E+00  0.000E+00  0.000E+00  0.000E+00  0.000E+00
  0.000E+00  0.000E+00  0.000E+00  0.000E+00  1.000E+00  0.000E+00  0.000E+00  0.000E+00  0.000E+00  0.000E+00
  0.000E+00  0.000E+00  0.000E+00  0.000E+00  0.000E+00  0.000E+00  0.000E+00  0.000E+00  0.000E+00  0.000E+00
  0.000E+00  0.000E+00  0.000E+00  0.000E+00  0.000E+00  0.000E+00  0.000E+00  0.000E+00  0.000E+00  0.000E+00
  0.000E+00  0.000E+00  0.000E+00  0.000E+00  0.000E+00  0.000E+00  0.000E+00  0.000E+00  0.000E+00  0.000E+00
  0.000E+00  0.000E+00  0.000E+00  0.000E+00  0.000E+00  0.000E+00  0.000E+00  0.000E+00  0.000E+00  1.000E+00
  1.000E+00  1.000E+00  1.000E+00  1.000E+00  1.000E+00  0.000E+00  0.000E+00  0.000E+00  0.000E+00  0.000E+00
  0.000E+00  0.000E+00  0.000E+00  0.000E+00  1.000E+00  1.000E+00  1.000E+00  0.000E+00  0.000E+00  0.000E+00
  0.000E+00  0.000E+00  0.000E+00  0.000E+00  0.000E+00  0.000E+00  0.000E+00  0.000E+00  0.000E+00  0.000E+00
  0.000E+00  0.000E+00  0.000E+00  0.000E+00  0.000E+00  0.000E+00  0.000E+00  0.000E+00  0.000E+00  0.000E+00
  0.000E+00  0.000E+00  0.000E+00  0.000E+00  0.000E+00  1.000E+00  1.000E+00  1.000E+00  1.000E+00  1.000E+00
  0.000E+00  0.000E+00  0.000E+00  0.000E+00  0.000E+00  0.000E+00  0.000E+00  0.000E+00  1.000E+00  1.000E+00
  1.000E+00  1.000E+00  1.000E+00  1.000E+00  1.000E+00  0.000E+00  0.000E+00  0.000E+00  0.000E+00  0.000E+00
  0.000E+00  0.000E+00  0.000E+00  0.000E+00  0.000E+00  0.000E+00  0.000E+00  8.438E-01  7.081E-01  7.081E-01
  0.000E+00  0.000E+00  0.000E+00  0.000E+00  0.000E+00  0.000E+00  0.000E+00  0.000E+00  0.000E+00  0.000E+00
  0.000E+00  0.000E+00  0.000E+00  0.000E+00  0.000E+00  0.000E+00  0.000E+00  0.000E+00  0.000E+00  0.000E+00
  0.000E+00  0.000E+00  0.000E+00  0.000E+00  0.000E+00  0.000E+00  0.000E+00  7.072E-01  7.075E-01  9.899E-01
  0.000E+00  0.000E+00  1.000E+00  7.118E-01  7.071E-01  7.071E-01  7.071E-01  7.071E-01  7.071E-01  7.071E-01
  7.554E-01  1.000E+00  6.820E-01  5.781E-01  5.781E-01  5.781E-01  5.781E-01  5.992E-01  1.000E+00  1.000E+00
  0.000E+00  0.000E+00  0.000E+00  0.000E+00  0.000E+00  0.000E+00  0.000E+00  0.000E+00  0.000E+00  0.000E+00
  0.000E+00  0.000E+00  0.000E+00  0.000E+00  0.000E+00  0.000E+00  1.000E+00  8.114E-01  6.794E-01  5.774E-01
  5.774E-01  5.774E-01  5.774E-01  5.774E-01  5.683E-01  4.707E-01  4.504E-01  4.892E-01  5.774E-01  5.018E-01
  5.047E-01  5.774E-01  6.119E-01  8.446E-01  1.000E+00  1.000E+00  1.000E+00  1.000E+00  8.091E-01  5.852E-01
  5.781E-01  5.781E-01  6.147E-01  1.000E+00  1.000E+00  1.000E+00  1.000E+00  7.077E-01  5.851E-01  5.774E-01
  0.000E+00  0.000E+00  0.000E+00  0.000E+00  1.000E+00  1.000E+00  7.932E-01  7.071E-01  7.071E-01  7.071E-01
  7.071E-01  7.071E-01  7.071E-01  5.804E-01  5.007E-01  5.000E-01  5.365E-01  5.834E-01  7.078E-01  1.000E+00
  1.000E+00  1.000E+00  7.078E-01  7.071E-01  7.071E-01  7.071E-01  7.071E-01  7.071E-01  7.071E-01  8.538E-01
  1.000E+00  5.869E-01  7.071E-01  5.776E-01  5.774E-01  5.774E-01  5.015E-01  5.000E-01  5.000E-01  5.375E-01
  6.113E-01  7.071E-01  7.071E-01  7.071E-01  7.071E-01  6.280E-01  5.774E-01  6.810E-01  7.994E-01  7.073E-01
  1.000E+00  1.000E+00  1.000E+00  1.000E+00  1.000E+00  7.077E-01  7.071E-01  7.071E-01  7.071E-01  7.071E-01
  7.071E-01  7.071E-01  7.071E-01  7.071E-01  8.999E-01  1.000E+00  8.609E-01  7.071E-01  7.071E-01  7.071E-01
  7.071E-01  7.071E-01  9.265E-01  1.000E+00  7.616E-01  7.071E-01  7.071E-01  7.071E-01  6.670E-01  5.774E-01
  5.774E-01  5.908E-01  7.071E-01  9.498E-01  1.000E+00  7.170E-01  7.615E-01  1.000E+00  1.000E+00  1.000E+00
  1.000E+00  7.837E-01  5.803E-01  5.774E-01  4.631E-01  4.130E-01  4.472E-01  4.154E-01  4.085E-01  4.226E-01
  7.071E-01  7.071E-01  7.071E-01  7.071E-01  7.071E-01  7.490E-01  1.000E+00  0.000E+00  0.000E+00  0.000E+00
  0.000E+00  1.000E+00  7.574E-01  5.836E-01  5.778E-01  5.887E-01  7.105E-01  8.083E-01  7.071E-01  7.071E-01
  7.071E-01  7.071E-01  7.071E-01  7.071E-01  7.071E-01  7.071E-01  4.611E-01  4.472E-01  4.473E-01  4.472E-01
  4.472E-01  4.472E-01  4.002E-01  4.083E-01  4.083E-01  4.266E-01  4.472E-01  3.989E-01  3.780E-01  3.780E-01
  3.780E-01  3.547E-01  3.687E-01  3.540E-01  3.470E-01  3.926E-01  4.085E-01  4.146E-01  4.172E-01  4.082E-01
  6.533E-01  5.001E-01  5.000E-01  4.516E-01  4.291E-01  4.319E-01  4.475E-01  4.373E-01  4.085E-01  4.085E-01
  4.085E-01  4.072E-01  3.892E-01  3.879E-01  4.072E-01  4.082E-01  3.770E-01  3.351E-01  3.388E-01  3.333E-01
  3.333E-01  3.300E-01  3.333E-01  3.241E-01  3.211E-01  3.386E-01  3.866E-01  4.472E-01  4.472E-01  5.000E-01
  4.356E-01  3.780E-01  3.552E-01  3.780E-01  3.780E-01  3.536E-01  3.537E-01  3.291E-01  3.441E-01  3.335E-01
  3.335E-01  3.509E-01  3.291E-01  3.493E-01  3.136E-01  3.323E-01  3.133E-01  2.890E-01  2.915E-01  2.723E-01
  3.169E-01  3.518E-01  3.537E-01  3.817E-01  4.089E-01  4.078E-01  3.327E-01  3.198E-01  3.536E-01  3.337E-01
  3.163E-01  3.083E-01  3.017E-01  3.051E-01  3.100E-01  3.162E-01  2.947E-01  3.068E-01  3.043E-01  3.156E-01
  3.025E-01  3.194E-01  3.333E-01  3.332E-01  3.166E-01  3.484E-01  3.432E-01  3.333E-01  2.986E-01  3.010E-01
  2.715E-01  2.579E-01  2.513E-01  2.513E-01  2.473E-01  2.435E-01  2.432E-01  2.245E-01  2.252E-01  2.149E-01
  2.037E-01  2.000E-01  1.901E-01  1.826E-01  1.858E-01  1.862E-01  1.879E-01  1.924E-01  1.863E-01  1.822E-01
  3.271E-01  2.901E-01  2.866E-01  2.536E-01  2.591E-01  2.692E-01  3.089E-01  3.006E-01  2.781E-01  2.729E-01
  2.751E-01  2.635E-01  2.574E-01  2.345E-01  2.458E-01  2.357E-01  2.369E-01  2.324E-01  2.274E-01  2.233E-01
  2.236E-01  2.202E-01  2.151E-01  2.051E-01  2.022E-01  1.879E-01  1.774E-01  1.736E-01  1.709E-01  1.611E-01
  1.628E-01  1.649E-01  1.626E-01  1.605E-01  1.592E-01  1.537E-01  1.525E-01  1.561E-01  1.559E-01  1.569E-01
  1.525E-01  1.517E-01  1.542E-01  1.626E-01  1.531E-01  1.471E-01  1.429E-01  1.394E-01  1.394E-01  1.409E-01
  1.986E-01  1.968E-01  1.903E-01  1.922E-01  1.902E-01  1.842E-01  1.721E-01  1.680E-01  1.721E-01  1.713E-01
  1.743E-01  1.691E-01  1.756E-01  1.759E-01  1.692E-01  1.667E-01  1.574E-01  1.547E-01  1.514E-01  1.538E-01
  1.552E-01  1.511E-01  1.486E-01  1.470E-01  1.485E-01  1.473E-01  1.469E-01  1.476E-01  1.500E-01  1.531E-01
  1.561E-01  1.547E-01  1.531E-01  1.525E-01  1.462E-01  1.462E-01  1.423E-01  1.395E-01  1.373E-01  1.356E-01
  1.370E-01  1.382E-01  1.366E-01  1.333E-01  1.319E-01  1.335E-01  1.383E-01  1.395E-01  1.414E-01  1.429E-01
  1.388E-01  1.405E-01  1.418E-01  1.420E-01  1.368E-01  1.376E-01  1.395E-01  1.396E-01  1.380E-01  1.383E-01
  1.341E-01  1.333E-01  1.351E-01  1.345E-01  1.349E-01  1.360E-01  1.336E-01  1.376E-01  1.409E-01  1.402E-01
  1.411E-01  1.419E-01  1.397E-01  1.400E-01  1.420E-01  1.375E-01  1.353E-01  1.372E-01  1.388E-01  1.363E-01
  1.336E-01  1.319E-01  1.307E-01  1.324E-01  1.357E-01  1.383E-01  1.376E-01  1.356E-01  1.338E-01  1.340E-01
  1.333E-01  1.358E-01  1.354E-01  1.338E-01  1.336E-01  1.328E-01  1.329E-01  1.260E-01  1.234E-01  1.174E-01
  1.432E-01  1.448E-01  1.423E-01  1.422E-01  1.452E-01  1.400E-01  1.341E-01  1.325E-01  1.263E-01  1.245E-01
  1.241E-01  1.205E-01  1.190E-01  1.195E-01  1.175E-01  1.167E-01  1.172E-01  1.139E-01  1.133E-01  1.117E-01
  1.108E-01  1.113E-01  1.145E-01  1.117E-01  1.109E-01  1.106E-01  1.114E-01  1.098E-01  1.116E-01  1.117E-01
  1.122E-01  1.080E-01  1.065E-01  1.075E-01  1.091E-01  1.080E-01  1.072E-01  1.094E-01  1.098E-01  1.086E-01
  1.056E-01  1.040E-01  1.024E-01  1.021E-01  1.014E-01  1.026E-01  1.024E-01  1.035E-01  1.042E-01  1.050E-01
  1.098E-01  1.076E-01  1.047E-01  1.032E-01  1.026E-01  1.015E-01  1.014E-01  1.002E-01  9.998E-02  1.014E-01
  1.023E-01  1.013E-01  1.027E-01  1.023E-01  1.043E-01  1.050E-01  1.040E-01  1.042E-01  1.018E-01  1.030E-01
  1.030E-01  9.830E-02  9.623E-02  9.539E-02  9.764E-02  9.775E-02  9.948E-02  9.878E-02  9.777E-02  9.745E-02
  9.910E-02  1.026E-01  1.040E-01  1.057E-01  1.033E-01  1.026E-01  1.037E-01  1.044E-01  1.052E-01  1.032E-01
  1.040E-01  1.059E-01  1.087E-01  1.082E-01  1.089E-01  1.070E-01  1.072E-01  1.071E-01  1.064E-01  1.046E-01
  9.987E-02  9.951E-02  1.002E-01  1.010E-01  9.990E-02  1.004E-01  9.933E-02  1.006E-01  1.020E-01  1.017E-01
  1.012E-01  1.018E-01  1.026E-01  1.014E-01  1.001E-01  9.869E-02  9.959E-02  1.008E-01  1.016E-01  1.006E-01
  9.873E-02  9.880E-02  9.938E-02  9.890E-02  9.973E-02  1.001E-01  9.875E-02  9.823E-02  9.832E-02  1.001E-01
  9.702E-02  9.610E-02  9.467E-02  9.302E-02  9.279E-02  9.307E-02  9.197E-02  9.073E-02  9.031E-02  8.858E-02
  8.840E-02  8.701E-02  8.552E-02  8.562E-02  8.713E-02  8.729E-02  8.721E-02  8.657E-02  8.554E-02  8.464E-02
  9.808E-02  9.786E-02  9.756E-02  9.785E-02  9.679E-02  9.475E-02  9.536E-02  9.353E-02  9.406E-02  9.359E-02
  9.359E-02  9.281E-02  8.946E-02  8.793E-02  8.581E-02  8.706E-02  8.571E-02  8.544E-02  8.468E-02  8.457E-02
  8.622E-02  8.719E-02  8.613E-02  8.706E-02  8.710E-02  8.553E-02  8.504E-02  8.274E-02  8.240E-02  8.173E-02
  8.170E-02  8.213E-02  8.200E-02  8.165E-02  8.194E-02  8.280E-02  8.245E-02  8.269E-02  8.288E-02  8.270E-02
  8.320E-02  8.372E-02  8.409E-02  8.518E-02  8.415E-02  8.325E-02  8.347E-02  8.322E-02  8.283E-02  8.300E-02
  7.978E-02  7.911E-02  7.882E-02  7.838E-02  7.675E-02  7.649E-02  7.688E-02  7.713E-02  7.729E-02  7.709E-02
  7.685E-02  7.709E-02  7.621E-02  7.775E-02  7.915E-02  7.827E-02  7.873E-02  7.929E-02  8.029E-02  8.048E-02
  8.108E-02  7.955E-02  7.923E-02  7.914E-02  7.926E-02  7.897E-02  7.898E-02  7.934E-02  7.978E-02  7.992E-02
  7.996E-02  8.047E-02  8.028E-02  8.098E-02  8.131E-02  8.197E-02  8.167E-02  8.024E-02  7.699E-02  7.542E-02
  7.603E-02  7.504E-02  7.428E-02  7.353E-02  7.275E-02  7.328E-02  7.131E-02  7.175E-02  7.128E-02  7.109E-02
  7.441E-02  7.437E-02  7.361E-02  7.405E-02  7.522E-02  7.523E-02  7.351E-02  7.310E-02  7.218E-02  7.194E-02
  7.176E-02  7.186E-02  7.279E-02  7.192E-02  7.208E-02  7.233E-02  7.234E-02  7.147E-02  7.059E-02  7.010E-02
  6.912E-02  7.034E-02  7.015E-02  6.976E-02  6.998E-02  6.949E-02  6.931E-02  6.835E-02  6.827E-02  6.801E-02
  6.703E-02  6.650E-02  6.697E-02  6.694E-02  6.617E-02  6.525E-02  6.554E-02  6.595E-02  6.683E-02  6.634E-02
  6.559E-02  6.459E-02  6.410E-02  6.374E-02  6.352E-02  6.411E-02  6.485E-02  6.500E-02  6.504E-02  6.439E-02
  6.441E-02  6.399E-02  6.491E-02  6.403E-02  6.313E-02  6.374E-02  6.443E-02  6.416E-02  6.492E-02  6.464E-02
  6.431E-02  6.518E-02  6.486E-02  6.486E-02  6.399E-02  6.389E-02  6.353E-02  6.322E-02  6.278E-02  6.328E-02
  6.263E-02  6.239E-02  6.214E-02  6.153E-02  6.101E-02  6.155E-02  6.278E-02  6.324E-02  6.355E-02  6.268E-02
  6.303E-02  6.411E-02  6.367E-02  6.344E-02  6.279E-02  6.285E-02  6.243E-02  6.235E-02  6.240E-02  6.193E-02
  6.196E-02  6.199E-02  6.300E-02  6.419E-02  6.493E-02  6.437E-02  6.423E-02  6.359E-02  6.335E-02  6.362E-02
  6.187E-02  6.217E-02  6.197E-02  6.241E-02  6.361E-02  6.343E-02  6.340E-02  6.295E-02  6.280E-02  6.311E-02
  6.360E-02  6.333E-02  6.286E-02  6.301E-02  6.312E-02  6.347E-02  6.349E-02  6.318E-02  6.225E-02  6.166E-02
  6.188E-02  6.274E-02  6.278E-02  6.286E-02  6.277E-02  6.184E-02  6.095E-02  6.066E-02  6.055E-02  6.117E-02
  6.125E-02  6.134E-02  6.105E-02  6.136E-02  6.173E-02  6.133E-02  6.117E-02  6.077E-02  6.023E-02  6.046E-02
  6.106E-02  6.138E-02  6.141E-02  6.121E-02  6.153E-02  6.257E-02  6.261E-02  6.241E-02  6.202E-02  6.119E-02
  5.788E-02  5.801E-02  5.795E-02  5.789E-02  5.769E-02  5.754E-02  5.756E-02  5.754E-02  5.762E-02  5.770E-02
  5.794E-02  5.773E-02  5.838E-02  5.815E-02  5.811E-02  5.859E-02  5.824E-02  5.836E-02  5.903E-02  5.932E-02
  5.990E-02  5.919E-02  5.856E-02  5.862E-02  5.851E-02  5.927E-02  5.962E-02  5.998E-02  6.023E-02  5.946E-02
  5.936E-02  5.899E-02  5.845E-02  5.868E-02  5.910E-02  5.878E-02  5.904E-02  5.925E-02  5.993E-02  6.026E-02
  5.947E-02  5.955E-02  5.921E-02  5.990E-02  5.840E-02  5.737E-02  5.676E-02  5.665E-02  5.720E-02  5.737E-02
  5.609E-02  5.608E-02  5.648E-02  5.642E-02  5.657E-02  5.633E-02  5.601E-02  5.554E-02  5.498E-02  5.512E-02
  5.516E-02  5.505E-02  5.454E-02  5.386E-02  5.392E-02  5.408E-02  5.400E-02  5.371E-02  5.380E-02  5.381E-02
  5.384E-02  5.369E-02  5.347E-02  5.329E-02  5.337E-02  5.328E-02  5.299E-02  5.302E-02  5.239E-02  5.252E-02
  5.252E-02  5.287E-02  5.345E-02  5.376E-02  5.287E-02  5.261E-02  5.253E-02  5.223E-02  5.192E-02  5.177E-02
  5.168E-02  5.180E-02  5.211E-02  5.150E-02  5.158E-02  5.181E-02  5.244E-02  5.251E-02  5.212E-02  5.192E-02
  4.813E-02  4.811E-02  4.812E-02  4.745E-02  4.735E-02  4.729E-02  4.756E-02  4.783E-02  4.824E-02  4.825E-02
  4.840E-02  4.851E-02  4.869E-02  4.899E-02  4.885E-02  4.883E-02  4.853E-02  4.861E-02  4.840E-02  4.833E-02
  4.824E-02  4.783E-02  4.812E-02  4.812E-02  4.804E-02  4.800E-02  4.826E-02  4.860E-02  4.839E-02  4.817E-02
  4.828E-02  4.803E-02  4.765E-02  4.763E-02  4.739E-02  4.739E-02  4.788E-02  4.837E-02  4.840E-02  4.855E-02
  4.810E-02  4.776E-02  4.767E-02  4.767E-02  4.796E-02  4.807E-02  4.810E-02  4.810E-02  4.838E-02  4.836E-02
  4.471E-02  4.460E-02  4.471E-02  4.513E-02  4.524E-02  4.505E-02  4.478E-02  4.450E-02  4.417E-02  4.383E-02
  4.371E-02  4.360E-02  4.353E-02  4.371E-02  4.365E-02  4.383E-02  4.373E-02  4.408E-02  4.431E-02  4.418E-02
  4.412E-02  4.403E-02  4.393E-02  4.397E-02  4.399E-02  4.410E-02  4.439E-02  4.433E-02  4.434E-02  4.484E-02
  4.463E-02  4.450E-02  4.439E-02  4.462E-02  4.484E-02  4.458E-02  4.435E-02  4.399E-02  4.411E-02  4.420E-02
  4.419E-02  4.435E-02  4.457E-02  4.479E-02  4.514E-02  4.493E-02  4.470E-02  4.504E-02  4.523E-02  4.514E-02
  4.257E-02  4.261E-02  4.221E-02  4.204E-02  4.206E-02  4.239E-02  4.201E-02  4.228E-02  4.259E-02  4.266E-02
  4.284E-02  4.295E-02  4.298E-02  4.311E-02  4.343E-02  4.371E-02  4.374E-02  4.400E-02  4.401E-02  4.416E-02
  4.407E-02  4.434E-02  4.456E-02  4.461E-02  4.455E-02  4.450E-02  4.453E-02  4.464E-02  4.449E-02  4.424E-02
  4.399E-02  4.411E-02  4.448E-02  4.449E-02  4.447E-02  4.463E-02  4.495E-02  4.524E-02  4.498E-02  4.450E-02
  4.457E-02  4.434E-02  4.439E-02  4.464E-02  4.461E-02  4.460E-02  4.453E-02  4.462E-02  4.470E-02  4.465E-02
  4.161E-02  4.197E-02  4.204E-02  4.202E-02  4.155E-02  4.126E-02  4.119E-02  4.101E-02  4.065E-02  4.089E-02
  4.107E-02  4.099E-02  4.086E-02  4.053E-02  4.055E-02  4.049E-02  4.059E-02  4.074E-02  4.077E-02  4.082E-02
  4.062E-02  4.030E-02  4.015E-02  4.009E-02  4.029E-02  4.049E-02  4.048E-02  4.074E-02  4.069E-02  4.054E-02
  4.024E-02  4.017E-02  4.007E-02  3.956E-02  3.953E-02  3.955E-02  3.940E-02  3.911E-02  3.897E-02  3.909E-02
  3.928E-02  3.972E-02  3.997E-02  4.019E-02  4.051E-02  4.066E-02  4.068E-02  4.048E-02  4.061E-02  4.057E-02
  3.751E-02  3.750E-02  3.762E-02  3.785E-02  3.786E-02  3.788E-02  3.795E-02  3.797E-02  3.804E-02  3.786E-02
  3.803E-02  3.794E-02  3.786E-02  3.799E-02  3.798E-02  3.787E-02  3.782E-02  3.762E-02  3.756E-02  3.743E-02
  3.767E-02  3.776E-02  3.803E-02  3.810E-02  3.796E-02  3.837E-02  3.819E-02  3.826E-02  3.845E-02  3.849E-02
  3.875E-02  3.929E-02  3.909E-02  3.896E-02  3.884E-02  3.886E-02  3.880E-02  3.880E-02  3.881E-02  3.862E-02
  3.883E-02  3.881E-02  3.878E-02  3.878E-02  3.858E-02  3.868E-02  3.888E-02  3.877E-02  3.866E-02  3.860E-02
  3.663E-02  3.702E-02  3.705E-02  3.713E-02  3.694E-02  3.686E-02  3.667E-02  3.690E-02  3.677E-02  3.678E-02
  3.693E-02  3.698E-02  3.720E-02  3.726E-02  3.698E-02  3.685E-02  3.697E-02  3.717E-02  3.696E-02  3.700E-02
  3.716E-02  3.717E-02  3.712E-02  3.685E-02  3.662E-02  3.659E-02  3.656E-02  3.662E-02  3.654E-02  3.649E-02
  3.657E-02  3.663E-02  3.660E-02  3.664E-02  3.681E-02  3.671E-02  3.676E-02  3.687E-02  3.705E-02  3.714E-02
  3.711E-02  3.689E-02  3.702E-02  3.691E-02  3.696E-02  3.713E-02  3.713E-02  3.717E-02  3.711E-02  3.690E-02
  3.465E-02  3.479E-02  3.473E-02  3.464E-02  3.454E-02  3.469E-02  3.479E-02  3.475E-02  3.468E-02  3.470E-02
  3.460E-02  3.450E-02  3.462E-02  3.448E-02  3.453E-02  3.461E-02  3.471E-02  3.489E-02  3.495E-02  3.504E-02
  3.497E-02  3.512E-02  3.519E-02  3.527E-02  3.550E-02  3.542E-02  3.542E-02  3.527E-02  3.503E-02  3.496E-02
  3.516E-02  3.518E-02  3.521E-02  3.525E-02  3.514E-02  3.543E-02  3.568E-02  3.568E-02  3.539E-02  3.541E-02
  3.531E-02  3.545E-02  3.554E-02  3.552E-02  3.558E-02  3.549E-02  3.531E-02  3.522E-02  3.505E-02  3.508E-02
  3.346E-02  3.339E-02  3.359E-02  3.382E-02  3.364E-02  3.364E-02  3.373E-02  3.367E-02  3.364E-02  3.391E-02
  3.388E-02  3.389E-02  3.382E-02  3.371E-02  3.380E-02  3.390E-02  3.400E-02  3.394E-02  3.393E-02  3.379E-02
  3.363E-02  3.340E-02  3.337E-02  3.342E-02  3.348E-02  3.337E-02  3.329E-02  3.329E-02  3.346E-02  3.376E-02
  3.392E-02  3.387E-02  3.371E-02  3.374E-02  3.371E-02  3.369E-02  3.366E-02  3.377E-02  3.398E-02  3.418E-02
  3.419E-02  3.413E-02  3.414E-02  3.403E-02  3.382E-02  3.384E-02  3.410E-02  3.411E-02  3.436E-02  3.449E-02
  3.207E-02  3.222E-02  3.236E-02  3.224E-02  3.228E-02  3.233E-02  3.213E-02  3.201E-02  3.199E-02  3.195E-02
  3.199E-02  3.216E-02  3.236E-02  3.239E-02  3.250E-02  3.247E-02  3.249E-02  3.257E-02  3.272E-02  3.284E-02
  3.308E-02  3.319E-02  3.336E-02  3.317E-02  3.303E-02  3.291E-02  3.297E-02  3.313E-02  3.299E-02  3.301E-02
  3.302E-02  3.300E-02  3.308E-02  3.318E-02  3.337E-02  3.341E-02  3.357E-02  3.360E-02  3.352E-02  3.341E-02
  3.328E-02  3.315E-02  3.327E-02  3.321E-02  3.336E-02  3.345E-02  3.347E-02  3.352E-02  3.355E-02  3.352E-02
  3.107E-02  3.117E-02  3.109E-02  3.120E-02  3.125E-02  3.127E-02  3.134E-02  3.142E-02  3.144E-02  3.156E-02
  3.151E-02  3.155E-02  3.166E-02  3.172E-02  3.176E-02  3.191E-02  3.194E-02  3.186E-02  3.179E-02  3.190E-02
  3.198E-02  3.178E-02  3.163E-02  3.169E-02  3.181E-02  3.176E-02  3.180E-02  3.174E-02  3.160E-02  3.146E-02
  3.148E-02  3.147E-02  3.142E-02  3.157E-02  3.160E-02  3.168E-02  3.185E-02  3.191E-02  3.204E-02  3.213E-02
  3.237E-02  3.262E-02  3.267E-02  3.276E-02  3.271E-02  3.261E-02  3.258E-02  3.266E-02  3.264E-02  3.252E-02
  2.963E-02  2.958E-02  2.970E-02  2.970E-02  2.977E-02  2.990E-02  2.984E-02  3.003E-02  3.013E-02  3.013E-02
  3.009E-02  3.011E-02  3.002E-02  3.012E-02  3.031E-02  3.027E-02  3.027E-02  3.043E-02  3.042E-02  3.039E-02
  3.045E-02  3.049E-02  3.057E-02  3.055E-02  3.040E-02  3.043E-02  3.045E-02  3.049E-02  3.048E-02  3.048E-02
  3.042E-02  3.054E-02  3.039E-02  3.038E-02  3.033E-02  3.043E-02  3.038E-02  3.043E-02  3.041E-02  3.051E-02
  3.052E-02  3.056E-02  3.051E-02  3.038E-02  3.040E-02  3.050E-02  3.060E-02  3.057E-02  3.062E-02  3.079E-02
  2.916E-02  2.915E-02  2.910E-02  2.919E-02  2.924E-02  2.918E-02  2.926E-02  2.939E-02  2.932E-02  2.931E-02
  2.933E-02  2.937E-02  2.936E-02  2.927E-02  2.918E-02  2.924E-02  2.927E-02  2.942E-02  2.952E-02  2.968E-02
  2.973E-02  2.967E-02  2.970E-02  2.990E-02  2.990E-02  3.002E-02  3.011E-02  3.005E-02  3.013E-02  3.020E-02
  3.035E-02  3.051E-02  3.074E-02  3.091E-02  3.092E-02  3.100E-02  3.088E-02  3.080E-02  3.080E-02  3.088E-02
  3.089E-02  3.082E-02  3.067E-02  3.055E-02  3.048E-02  3.049E-02  3.058E-02  3.063E-02  3.086E-02  3.089E-02
  2.915E-02  2.917E-02  2.927E-02  2.933E-02  2.939E-02  2.930E-02  2.930E-02  2.924E-02  2.919E-02  2.922E-02
  2.928E-02  2.928E-02  2.936E-02  2.933E-02  2.946E-02  2.963E-02  2.977E-02  2.976E-02  2.977E-02  2.969E-02
  2.966E-02  2.973E-02  2.981E-02  2.980E-02  2.978E-02  2.982E-02  2.986E-02  2.978E-02  2.977E-02  2.972E-02
  2.965E-02  2.971E-02  2.974E-02  2.971E-02  2.981E-02  2.983E-02  3.046E-02  3.413E-02  3.865E-02  3.864E-02
  3.896E-02  3.942E-02  4.002E-02  4.083E-02  4.151E-02  4.206E-02  4.220E-02  4.256E-02  4.295E-02  4.328E-02
  2.809E-02  2.806E-02  2.807E-02  2.807E-02  2.810E-02  2.807E-02  2.804E-02  2.817E-02  2.822E-02  2.828E-02
  2.824E-02  2.825E-02  2.830E-02  2.823E-02  2.823E-02  2.832E-02  2.842E-02  2.844E-02  2.857E-02  2.844E-02
  2.852E-02  2.858E-02  2.865E-02  2.879E-02  2.889E-02  2.891E-02  2.886E-02  2.889E-02  2.889E-02  2.894E-02
  2.900E-02  2.919E-02  2.915E-02  2.911E-02  2.907E-02  2.917E-02  3.108E-02  4.033E-02  0.000E+00  0.000E+00
  0.000E+00  0.000E+00  0.000E+00  0.000E+00  0.000E+00  0.000E+00  0.000E+00  0.000E+00  0.000E+00  0.000E+00
  2.780E-02  2.783E-02  2.793E-02  2.796E-02  2.783E-02  2.779E-02  2.781E-02  2.784E-02  2.783E-02  2.789E-02
  2.797E-02  2.806E-02  2.801E-02  2.806E-02  2.813E-02  2.818E-02  2.816E-02  2.823E-02  2.828E-02  2.845E-02
  2.854E-02  2.860E-02  2.875E-02  2.881E-02  2.875E-02  2.866E-02  2.870E-02  2.866E-02  2.866E-02  2.876E-02
  2.887E-02  2.912E-02  2.926E-02  2.927E-02  2.919E-02  2.920E-02  3.120E-02  4.031E-02  0.000E+00  0.000E+00
  0.000E+00  0.000E+00  0.000E+00  0.000E+00  0.000E+00  0.000E+00  0.000E+00  0.000E+00  0.000E+00  0.000E+00
  2.745E-02  2.746E-02  2.745E-02  2.747E-02  2.753E-02  2.762E-02  2.760E-02  2.763E-02  2.780E-02  2.788E-02
  2.791E-02  2.794E-02  2.804E-02  2.818E-02  2.831E-02  2.841E-02  2.845E-02  2.850E-02  2.851E-02  2.856E-02
  2.857E-02  2.863E-02  2.870E-02  2.866E-02  2.864E-02  2.870E-02  2.877E-02  2.880E-02  2.884E-02  2.887E-02
  2.879E-02  2.868E-02  2.884E-02  2.881E-02  2.883E-02  2.880E-02  3.095E-02  4.057E-02  0.000E+00  0.000E+00
  0.000E+00  0.000E+00  0.000E+00  0.000E+00  0.000E+00  0.000E+00  0.000E+00  0.000E+00  1.000E+00  0.000E+00
  2.791E-02  2.808E-02  2.815E-02  2.814E-02  2.827E-02  2.838E-02  2.845E-02  2.848E-02  2.848E-02  2.854E-02
  2.855E-02  2.852E-02  2.859E-02  2.863E-02  2.872E-02  2.873E-02  2.868E-02  2.863E-02  2.872E-02  2.877E-02
  2.880E-02  2.869E-02  2.870E-02  2.866E-02  2.859E-02  2.862E-02  2.857E-02  2.855E-02  2.860E-02  2.863E-02
  2.872E-02  2.875E-02  2.875E-02  2.883E-02  2.995E-02  3.427E-02  5.360E-02  7.182E-02  0.000E+00  0.000E+00
  0.000E+00  0.000E+00  0.000E+00  0.000E+00  0.000E+00  0.000E+00  0.000E+00  0.000E+00  0.000E+00  0.000E+00
  2.841E-02  2.835E-02  2.830E-02  2.835E-02  2.838E-02  2.830E-02  2.833E-02  2.827E-02  2.827E-02  2.827E-02
  2.820E-02  2.814E-02  2.810E-02  2.821E-02  2.827E-02  2.823E-02  2.822E-02  2.828E-02  2.833E-02  2.841E-02
  2.842E-02  2.851E-02  2.858E-02  2.853E-02  2.853E-02  2.864E-02  2.878E-02  2.886E-02  2.893E-02  2.880E-02
  2.868E-02  2.861E-02  2.861E-02  2.853E-02  3.038E-02  3.751E-02  0.000E+00  0.000E+00  0.000E+00  0.000E+00
  0.000E+00  0.000E+00  0.000E+00  0.000E+00  0.000E+00  0.000E+00  0.000E+00  0.000E+00  0.000E+00  0.000E+00
  2.787E-02  2.792E-02  2.803E-02  2.812E-02  2.815E-02  2.802E-02  2.799E-02  2.809E-02  2.823E-02  2.831E-02
  2.827E-02  2.836E-02  2.844E-02  2.862E-02  2.861E-02  2.869E-02  2.881E-02  2.884E-02  2.881E-02  2.880E-02
  2.890E-02  2.900E-02  2.908E-02  2.921E-02  2.927E-02  2.931E-02  2.934E-02  2.942E-02  2.941E-02  2.935E-02
  2.944E-02  2.939E-02  2.939E-02  2.941E-02  3.116E-02  3.856E-02  0.000E+00  0.000E+00  0.000E+00  0.000E+00
  0.000E+00  0.000E+00  0.000E+00  0.000E+00  0.000E+00  0.000E+00  0.000E+00  0.000E+00  0.000E+00  0.000E+00
  2.789E-02  2.793E-02  2.793E-02  2.801E-02  2.805E-02  2.813E-02  2.817E-02  2.819E-02  2.817E-02  2.813E-02
  2.824E-02  2.821E-02  2.816E-02  2.810E-02  2.817E-02  2.815E-02  2.817E-02  2.822E-02  2.829E-02  2.836E-02
  2.834E-02  2.833E-02  2.838E-02  2.828E-02  2.831E-02  2.838E-02  2.851E-02  2.866E-02  2.864E-02  2.866E-02
  2.869E-02  2.875E-02  2.870E-02  2.864E-02  3.043E-02  3.798E-02  0.000E+00  0.000E+00  0.000E+00  0.000E+00
  0.000E+00  0.000E+00  0.000E+00  0.000E+00  0.000E+00  0.000E+00  0.000E+00  0.000E+00  0.000E+00  0.000E+00
  2.738E-02  2.735E-02  2.726E-02  2.724E-02  2.731E-02  2.744E-02  2.747E-02  2.749E-02  2.762E-02  2.776E-02
  2.776E-02  2.786E-02  2.793E-02  2.796E-02  2.802E-02  2.820E-02  2.827E-02  2.832E-02  2.835E-02  2.836E-02
  2.834E-02  2.841E-02  2.855E-02  2.866E-02  2.873E-02  2.876E-02  2.880E-02  2.880E-02  2.878E-02  2.881E-02
  2.880E-02  2.871E-02  2.876E-02  2.887E-02  3.059E-02  3.809E-02  0.000E+00  0.000E+00  0.000E+00  0.000E+00
  0.000E+00  0.000E+00  0.000E+00  0.000E+00  0.000E+00  0.000E+00  0.000E+00  0.000E+00  0.000E+00  0.000E+00
  2.822E-02  2.817E-02  2.817E-02  2.832E-02  2.837E-02  2.835E-02  2.848E-02  2.846E-02  2.850E-02  2.853E-02
  2.854E-02  2.863E-02  2.852E-02  2.866E-02  2.868E-02  2.879E-02  2.895E-02  2.897E-02  2.901E-02  2.900E-02
  2.897E-02  2.896E-02  2.909E-02  2.908E-02  2.911E-02  2.907E-02  2.918E-02  2.904E-02  2.903E-02  2.888E-02
  2.896E-02  2.903E-02  2.910E-02  2.921E-02  3.110E-02  3.890E-02  0.000E+00  0.000E+00  0.000E+00  0.000E+00
  0.000E+00  0.000E+00  0.000E+00  0.000E+00  0.000E+00  0.000E+00  0.000E+00  0.000E+00  0.000E+00  0.000E+00
  2.815E-02  2.813E-02  2.814E-02  2.812E-02  2.818E-02  2.829E-02  2.840E-02  2.853E-02  2.870E-02  2.881E-02
  2.875E-02  2.877E-02  2.885E-02  2.879E-02  2.879E-02  2.875E-02  2.884E-02  2.878E-02  2.877E-02  2.892E-02
  2.903E-02  2.904E-02  2.918E-02  2.926E-02  2.931E-02  2.923E-02  2.930E-02  2.946E-02  2.949E-02  2.948E-02
  2.956E-02  2.964E-02  2.977E-02  2.971E-02  3.140E-02  3.881E-02  0.000E+00  0.000E+00  0.000E+00  0.000E+00
  0.000E+00  0.000E+00  0.000E+00  0.000E+00  0.000E+00  0.000E+00  0.000E+00  0.000E+00  0.000E+00  1.000E+00
  2.818E-02  2.823E-02  2.825E-02  2.833E-02  2.842E-02  2.851E-02  2.848E-02  2.839E-02  2.836E-02  2.833E-02
  2.852E-02  2.855E-02  2.868E-02  2.866E-02  2.864E-02  2.858E-02  2.853E-02  2.831E-02  2.834E-02  2.836E-02
  2.836E-02  2.837E-02  2.844E-02  2.846E-02  2.856E-02  2.860E-02  2.868E-02  2.882E-02  2.883E-02  2.893E-02
  2.905E-02  2.908E-02  2.902E-02  2.914E-02  3.086E-02  3.866E-02  0.000E+00  0.000E+00  0.000E+00  0.000E+00
  1.000E+00  0.000E+00  0.000E+00  0.000E+00  0.000E+00  0.000E+00  0.000E+00  0.000E+00  0.000E+00  0.000E+00
  2.802E-02  2.804E-02  2.814E-02  2.827E-02  2.826E-02  2.832E-02  2.840E-02  2.845E-02  2.852E-02  2.852E-02
  2.855E-02  2.862E-02  2.870E-02  2.884E-02  2.886E-02  2.886E-02  2.897E-02  2.914E-02  2.919E-02  2.921E-02
  2.937E-02  2.943E-02  2.947E-02  2.963E-02  2.957E-02  2.964E-02  2.968E-02  2.963E-02  2.967E-02  2.969E-02
  2.964E-02  2.949E-02  2.943E-02  2.941E-02  3.078E-02  3.709E-02  0.000E+00  0.000E+00  0.000E+00  0.000E+00
  1.000E+00  0.000E+00  0.000E+00  0.000E+00  0.000E+00  0.000E+00  0.000E+00  0.000E+00  0.000E+00  0.000E+00
  2.854E-02  2.858E-02  2.864E-02  2.863E-02  2.879E-02  2.896E-02  2.896E-02  2.909E-02  2.915E-02  2.913E-02
  2.912E-02  2.912E-02  2.917E-02  2.922E-02  2.934E-02  2.945E-02  2.943E-02  2.939E-02  2.943E-02  2.946E-02
  2.948E-02  2.950E-02  2.960E-02  2.949E-02  2.939E-02  2.932E-02  2.931E-02  2.929E-02  2.932E-02  2.949E-02
  2.958E-02  2.977E-02  2.985E-02  2.985E-02  3.155E-02  3.967E-02  0.000E+00  0.000E+00  0.000E+00  0.000E+00
  0.000E+00  0.000E+00  0.000E+00  1.000E+00  1.000E+00  0.000E+00  0.000E+00  0.000E+00  0.000E+00  0.000E+00
  2.778E-02  2.795E-02  2.788E-02  2.793E-02  2.783E-02  2.780E-02  2.787E-02  2.796E-02  2.796E-02  2.803E-02
  2.801E-02  2.795E-02  2.795E-02  2.808E-02  2.809E-02  2.809E-02  2.807E-02  2.813E-02  2.819E-02  2.829E-02
  2.825E-02  2.826E-02  2.835E-02  2.850E-02  2.854E-02  2.866E-02  2.867E-02  2.866E-02  2.863E-02  2.863E-02
  2.865E-02  2.854E-02  2.857E-02  2.867E-02  3.044E-02  3.819E-02  1.480E-01  1.724E-01  1.850E-01  1.994E-01
  2.165E-01  0.000E+00  0.000E+00  0.000E+00  0.000E+00  0.000E+00  0.000E+00  0.000E+00  0.000E+00  0.000E+00
  2.922E-02  2.931E-02  2.936E-02  2.935E-02  2.941E-02  2.946E-02  2.958E-02  2.958E-02  2.957E-02  2.956E-02
  2.966E-02  2.971E-02  2.971E-02  2.984E-02  2.992E-02  2.993E-02  3.000E-02  2.998E-02  2.998E-02  2.995E-02
  2.987E-02  2.989E-02  2.981E-02  2.972E-02  2.969E-02  2.971E-02  2.967E-02  2.966E-02  2.974E-02  2.976E-02
  2.979E-02  3.050E-02  3.384E-02  4.393E-02  6.317E-02  1.181E-01  1.000E+00  0.000E+00  0.000E+00  0.000E+00
  0.000E+00  0.000E+00  0.000E+00  0.000E+00  0.000E+00  0.000E+00  0.000E+00  0.000E+00  0.000E+00  0.000E+00
  2.785E-02  2.783E-02  2.782E-02  2.779E-02  2.795E-02  2.804E-02  2.811E-02  2.821E-02  2.833E-02  2.824E-02
  2.822E-02  2.821E-02  2.834E-02  2.834E-02  2.842E-02  2.847E-02  2.854E-02  2.851E-02  2.856E-02  2.868E-02
  2.873E-02  2.879E-02  2.890E-02  2.895E-02  2.900E-02  2.910E-02  2.918E-02  2.931E-02  2.935E-02  3.061E-02
  3.773E-02  6.323E-02  2.241E-01  0.000E+00  0.000E+00  0.000E+00  0.000E+00  0.000E+00  0.000E+00  0.000E+00
  0.000E+00  0.000E+00  0.000E+00  0.000E+00  0.000E+00  0.000E+00  0.000E+00  0.000E+00  0.000E+00  0.000E+00
  2.879E-02  2.874E-02  2.889E-02  2.896E-02  2.899E-02  2.909E-02  2.909E-02  2.910E-02  2.915E-02  2.916E-02
  2.916E-02  2.922E-02  2.934E-02  2.924E-02  2.919E-02  2.929E-02  2.935E-02  2.942E-02  2.958E-02  2.968E-02
  2.973E-02  2.980E-02  2.995E-02  2.999E-02  3.007E-02  3.001E-02  2.988E-02  3.057E-02  3.532E-02  5.944E-02
  5.976E-01  0.000E+00  0.000E+00  0.000E+00  0.000E+00  0.000E+00  0.000E+00  0.000E+00  0.000E+00  0.000E+00
  0.000E+00  0.000E+00  0.000E+00  0.000E+00  0.000E+00  0.000E+00  0.000E+00  0.000E+00  0.000E+00  0.000E+00
  2.866E-02  2.876E-02  2.880E-02  2.882E-02  2.881E-02  2.882E-02  2.889E-02  2.898E-02  2.904E-02  2.910E-02
  2.916E-02  2.930E-02  2.947E-02  2.957E-02  2.958E-02  2.944E-02  2.932E-02  2.939E-02  2.926E-02  2.928E-02
  2.928E-02  2.917E-02  2.911E-02  2.924E-02  2.943E-02  2.964E-02  3.194E-02  4.416E-02  1.126E-01  0.000E+00
  0.000E+00  0.000E+00  0.000E+00  0.000E+00  0.000E+00  0.000E+00  0.000E+00  0.000E+00  0.000E+00  0.000E+00
  0.000E+00  0.000E+00  0.000E+00  0.000E+00  0.000E+00  0.000E+00  0.000E+00  0.000E+00  0.000E+00  0.000E+00
  2.965E-02  2.969E-02  2.970E-02  2.985E-02  2.997E-02  2.990E-02  2.989E-02  2.995E-02  2.990E-02  2.978E-02
  2.991E-02  2.983E-02  2.982E-02  2.993E-02  3.012E-02  3.026E-02  3.032E-02  3.036E-02  3.038E-02  3.046E-02
  3.052E-02  3.074E-02  3.091E-02  3.084E-02  3.090E-02  3.486E-02  5.505E-02  1.000E+00  0.000E+00  0.000E+00
  0.000E+00  0.000E+00  0.000E+00  0.000E+00  0.000E+00  0.000E+00  0.000E+00  0.000E+00  0.000E+00  0.000E+00
  0.000E+00  0.000E+00  0.000E+00  0.000E+00  0.000E+00  0.000E+00  0.000E+00  0.000E+00  0.000E+00  0.000E+00
  2.989E-02  2.997E-02  2.994E-02  3.001E-02  3.016E-02  3.022E-02  3.041E-02  3.039E-02  3.047E-02  3.049E-02
  3.056E-02  3.064E-02  3.057E-02  3.067E-02  3.063E-02  3.063E-02  3.051E-02  3.046E-02  3.039E-02  3.048E-02
  3.036E-02  3.038E-02  3.050E-02  3.077E-02  3.470E-02  5.857E-02  0.000E+00  0.000E+00  0.000E+00  0.000E+00
  0.000E+00  0.000E+00  0.000E+00  0.000E+00  0.000E+00  0.000E+00  0.000E+00  0.000E+00  0.000E+00  0.000E+00
  0.000E+00  0.000E+00  0.000E+00  0.000E+00  0.000E+00  0.000E+00  0.000E+00  0.000E+00  0.000E+00  0.000E+00
  3.122E-02  3.118E-02  3.120E-02  3.131E-02  3.127E-02  3.112E-02  3.099E-02  3.103E-02  3.108E-02  3.116E-02
  3.107E-02  3.120E-02  3.109E-02  3.107E-02  3.128E-02  3.130E-02  3.130E-02  3.140E-02  3.130E-02  3.138E-02
  3.137E-02  3.131E-02  3.146E-02  3.551E-02  5.736E-02  0.000E+00  0.000E+00  0.000E+00  0.000E+00  0.000E+00
  0.000E+00  0.000E+00  0.000E+00  0.000E+00  0.000E+00  0.000E+00  0.000E+00  0.000E+00  0.000E+00  0.000E+00
  0.000E+00  0.000E+00  0.000E+00  0.000E+00  0.000E+00  0.000E+00  0.000E+00  0.000E+00  0.000E+00  0.000E+00
  3.116E-02  3.131E-02  3.127E-02  3.111E-02  3.127E-02  3.133E-02  3.146E-02  3.145E-02  3.158E-02  3.182E-02
  3.199E-02  3.202E-02  3.218E-02  3.216E-02  3.228E-02  3.224E-02  3.219E-02  3.208E-02  3.214E-02  3.211E-02
  3.217E-02  3.216E-02  3.496E-02  5.059E-02  1.000E+00  0.000E+00  0.000E+00  0.000E+00  0.000E+00  0.000E+00
  0.000E+00  0.000E+00  0.000E+00  0.000E+00  0.000E+00  0.000E+00  0.000E+00  0.000E+00  0.000E+00  0.000E+00
  0.000E+00  0.000E+00  0.000E+00  0.000E+00  0.000E+00  0.000E+00  0.000E+00  0.000E+00  0.000E+00  0.000E+00
  3.302E-02  3.302E-02  3.313E-02  3.334E-02  3.349E-02  3.346E-02  3.345E-02  3.341E-02  3.333E-02  3.346E-02
  3.348E-02  3.337E-02  3.341E-02  3.334E-02  3.311E-02  3.336E-02  3.331E-02  3.336E-02  3.329E-02  3.329E-02
  3.329E-02  3.471E-02  4.374E-02  1.805E-01  0.000E+00  0.000E+00  0.000E+00  0.000E+00  0.000E+00  0.000E+00
  0.000E+00  0.000E+00  0.000E+00  0.000E+00  0.000E+00  0.000E+00  0.000E+00  0.000E+00  0.000E+00  0.000E+00
  0.000E+00  0.000E+00  0.000E+00  0.000E+00  0.000E+00  0.000E+00  0.000E+00  0.000E+00  0.000E+00  0.000E+00
  3.460E-02  3.486E-02  3.494E-02  3.503E-02  3.497E-02  3.510E-02  3.516E-02  3.501E-02  3.519E-02  3.515E-02
  3.489E-02  3.482E-02  3.475E-02  3.476E-02  3.479E-02  3.454E-02  3.452E-02  3.451E-02  3.449E-02  3.470E-02
  3.505E-02  4.157E-02  7.691E-02  0.000E+00  0.000E+00  0.000E+00  0.000E+00  0.000E+00  0.000E+00  0.000E+00
  0.000E+00  0.000E+00  0.000E+00  0.000E+00  0.000E+00  0.000E+00  0.000E+00  0.000E+00  0.000E+00  0.000E+00
  0.000E+00  0.000E+00  0.000E+00  0.000E+00  0.000E+00  0.000E+00  0.000E+00  0.000E+00  0.000E+00  0.000E+00
  3.488E-02  3.464E-02  3.443E-02  3.444E-02  3.429E-02  3.417E-02  3.437E-02  3.443E-02  3.446E-02  3.449E-02
  3.453E-02  3.495E-02  3.524E-02  3.538E-02  3.533E-02  3.518E-02  3.500E-02  3.510E-02  3.522E-02  3.506E-02
  3.832E-02  5.057E-02  0.000E+00  0.000E+00  0.000E+00  0.000E+00  0.000E+00  0.000E+00  0.000E+00  0.000E+00
  0.000E+00  0.000E+00  0.000E+00  0.000E+00  0.000E+00  0.000E+00  0.000E+00  0.000E+00  0.000E+00  0.000E+00
  0.000E+00  0.000E+00  0.000E+00  0.000E+00  0.000E+00  0.000E+00  0.000E+00  0.000E+00  0.000E+00  0.000E+00
  3.793E-02  3.794E-02  3.794E-02  3.776E-02  3.766E-02  3.774E-02  3.768E-02  3.772E-02  3.784E-02  3.781E-02
  3.777E-02  3.744E-02  3.762E-02  3.747E-02  3.754E-02  3.764E-02  3.776E-02  3.790E-02  3.824E-02  3.893E-02
  4.734E-02  8.962E-02  0.000E+00  0.000E+00  0.000E+00  0.000E+00  0.000E+00  0.000E+00  0.000E+00  0.000E+00
  0.000E+00  0.000E+00  0.000E+00  0.000E+00  0.000E+00  0.000E+00  0.000E+00  0.000E+00  0.000E+00  0.000E+00
  0.000E+00  0.000E+00  0.000E+00  0.000E+00  0.000E+00  0.000E+00  0.000E+00  0.000E+00  0.000E+00  0.000E+00
  3.986E-02  3.997E-02  3.974E-02  3.955E-02  3.953E-02  3.955E-02  3.920E-02  3.912E-02  3.907E-02  3.913E-02
  3.903E-02  3.886E-02  3.883E-02  3.902E-02  3.931E-02  3.910E-02  3.906E-02  3.889E-02  3.876E-02  4.102E-02
  5.478E-02  0.000E+00  0.000E+00  0.000E+00  0.000E+00  0.000E+00  0.000E+00  0.000E+00  0.000E+00  0.000E+00
  0.000E+00  0.000E+00  0.000E+00  0.000E+00  0.000E+00  0.000E+00  0.000E+00  0.000E+00  0.000E+00  0.000E+00
  0.000E+00  0.000E+00  0.000E+00  0.000E+00  0.000E+00  0.000E+00  0.000E+00  0.000E+00  0.000E+00  0.000E+00
  4.414E-02  4.421E-02  4.431E-02  4.442E-02  4.423E-02  4.417E-02  4.428E-02  4.403E-02  4.430E-02  4.409E-02
  4.407E-02  4.398E-02  4.423E-02  4.433E-02  4.423E-02  4.451E-02  4.419E-02  4.377E-02  4.399E-02  4.943E-02
  7.343E-02  0.000E+00  0.000E+00  0.000E+00  0.000E+00  0.000E+00  0.000E+00  0.000E+00  0.000E+00  0.000E+00
  0.000E+00  0.000E+00  0.000E+00  0.000E+00  0.000E+00  0.000E+00  0.000E+00  0.000E+00  0.000E+00  0.000E+00
  0.000E+00  0.000E+00  0.000E+00  0.000E+00  0.000E+00  0.000E+00  0.000E+00  0.000E+00  0.000E+00  0.000E+00
  4.565E-02  4.573E-02  4.583E-02  4.579E-02  4.622E-02  4.630E-02  4.625E-02  4.603E-02  4.591E-02  4.598E-02
  4.650E-02  4.618E-02  4.605E-02  4.577E-02  4.538E-02  4.551E-02  4.557E-02  4.588E-02  4.709E-02  6.121E-02
  1.273E-01  0.000E+00  0.000E+00  0.000E+00  0.000E+00  0.000E+00  0.000E+00  0.000E+00  0.000E+00  0.000E+00
  0.000E+00  0.000E+00  0.000E+00  0.000E+00  0.000E+00  0.000E+00  0.000E+00  0.000E+00  0.000E+00  0.000E+00
  0.000E+00  0.000E+00  0.000E+00  0.000E+00  0.000E+00  0.000E+00  0.000E+00  0.000E+00  0.000E+00  0.000E+00
  4.755E-02  4.741E-02  4.738E-02  4.781E-02  4.797E-02  4.752E-02  4.763E-02  4.751E-02  4.778E-02  4.774E-02
  4.766E-02  4.778E-02  4.754E-02  4.784E-02  4.820E-02  4.874E-02  4.901E-02  4.851E-02  5.154E-02  7.117E-02
  0.000E+00  0.000E+00  0.000E+00  0.000E+00  0.000E+00  0.000E+00  0.000E+00  0.000E+00  0.000E+00  0.000E+00
  0.000E+00  0.000E+00  0.000E+00  0.000E+00  0.000E+00  0.000E+00  0.000E+00  0.000E+00  0.000E+00  0.000E+00
  0.000E+00  0.000E+00  0.000E+00  0.000E+00  0.000E+00  0.000E+00  0.000E+00  0.000E+00  0.000E+00  0.000E+00
  5.085E-02  5.096E-02  5.077E-02  5.048E-02  5.050E-02  5.053E-02  5.034E-02  5.016E-02  5.027E-02  5.040E-02
  5.020E-02  5.051E-02  5.103E-02  5.074E-02  5.089E-02  5.084E-02  5.068E-02  5.105E-02  5.607E-02  7.610E-02
  0.000E+00  0.000E+00  0.000E+00  0.000E+00  0.000E+00  0.000E+00  0.000E+00  0.000E+00  0.000E+00  0.000E+00
  0.000E+00  0.000E+00  0.000E+00  0.000E+00  0.000E+00  0.000E+00  0.000E+00  0.000E+00  0.000E+00  0.000E+00
  0.000E+00  0.000E+00  0.000E+00  0.000E+00  0.000E+00  0.000E+00  0.000E+00  0.000E+00  0.000E+00  0.000E+00
  5.619E-02  5.577E-02  5.563E-02  5.483E-02  5.508E-02  5.528E-02  5.543E-02  5.538E-02  5.560E-02  5.512E-02
  5.537E-02  5.503E-02  5.497E-02  5.447E-02  5.412E-02  5.426E-02  5.473E-02  5.395E-02  6.179E-02  8.475E-02
  0.000E+00  0.000E+00  0.000E+00  0.000E+00  0.000E+00  0.000E+00  0.000E+00  0.000E+00  0.000E+00  0.000E+00
  0.000E+00  0.000E+00  0.000E+00  0.000E+00  0.000E+00  0.000E+00  0.000E+00  0.000E+00  0.000E+00  0.000E+00
  0.000E+00  0.000E+00  0.000E+00  0.000E+00  0.000E+00  0.000E+00  0.000E+00  0.000E+00  0.000E+00  0.000E+00
  6.339E-02  6.395E-02  6.453E-02  6.465E-02  6.373E-02  6.316E-02  6.271E-02  6.203E-02  6.214E-02  6.321E-02
  6.260E-02  6.272E-02  6.183E-02  6.184E-02  6.044E-02  6.030E-02  5.982E-02  6.040E-02  7.141E-02  1.112E-01
  0.000E+00  0.000E+00  0.000E+00  0.000E+00  0.000E+00  0.000E+00  0.000E+00  0.000E+00  0.000E+00  0.000E+00
  0.000E+00  0.000E+00  0.000E+00  0.000E+00  0.000E+00  0.000E+00  0.000E+00  0.000E+00  0.000E+00  0.000E+00
  0.000E+00  0.000E+00  0.000E+00  0.000E+00  0.000E+00  0.000E+00  0.000E+00  0.000E+00  0.000E+00  0.000E+00
  6.492E-02  6.477E-02  6.520E-02  6.524E-02  6.592E-02  6.523E-02  6.580E-02  6.625E-02  6.543E-02  6.451E-02
  6.429E-02  6.507E-02  6.518E-02  6.504E-02  6.557E-02  6.561E-02  6.524E-02  6.530E-02  7.950E-02  1.266E-01
  0.000E+00  0.000E+00  0.000E+00  0.000E+00  0.000E+00  0.000E+00  0.000E+00  0.000E+00  0.000E+00  0.000E+00
  0.000E+00  0.000E+00  0.000E+00  0.000E+00  0.000E+00  0.000E+00  0.000E+00  0.000E+00  0.000E+00  0.000E+00
  0.000E+00  0.000E+00  0.000E+00  0.000E+00  0.000E+00  0.000E+00  0.000E+00  0.000E+00  0.000E+00  0.000E+00
  7.261E-02  7.243E-02  7.232E-02  7.154E-02  7.079E-02  7.083E-02  7.007E-02  7.148E-02  7.195E-02  7.288E-02
  7.216E-02  7.274E-02  7.199E-02  7.114E-02  7.145E-02  7.095E-02  7.084E-02  7.161E-02  8.601E-02  1.266E-01
  0.000E+00  0.000E+00  0.000E+00  0.000E+00  0.000E+00  0.000E+00  0.000E+00  0.000E+00  0.000E+00  0.000E+00
  0.000E+00  0.000E+00  0.000E+00  0.000E+00  0.000E+00  0.000E+00  0.000E+00  0.000E+00  0.000E+00  0.000E+00
  0.000E+00  0.000E+00  0.000E+00  0.000E+00  0.000E+00  0.000E+00  0.000E+00  0.000E+00  0.000E+00  0.000E+00
  8.415E-02  8.338E-02  8.410E-02  8.419E-02  8.322E-02  8.192E-02  8.222E-02  8.127E-02  8.131E-02  8.064E-02
  7.970E-02  7.905E-02  7.887E-02  7.846E-02  7.968E-02  7.976E-02  8.008E-02  7.937E-02  9.670E-02  1.494E-01
  0.000E+00  0.000E+00  0.000E+00  0.000E+00  0.000E+00  0.000E+00  0.000E+00  0.000E+00  0.000E+00  0.000E+00
  0.000E+00  0.000E+00  0.000E+00  0.000E+00  0.000E+00  0.000E+00  0.000E+00  0.000E+00  0.000E+00  0.000E+00
  0.000E+00  0.000E+00  0.000E+00  0.000E+00  0.000E+00  0.000E+00  0.000E+00  0.000E+00  0.000E+00  0.000E+00
  8.593E-02  8.595E-02  8.494E-02  8.441E-02  8.509E-02  8.610E-02  8.620E-02  8.436E-02  8.462E-02  8.504E-02
  8.401E-02  8.338E-02  8.379E-02  8.434E-02  8.486E-02  8.511E-02  8.379E-02  8.458E-02  9.972E-02  1.630E-01
  0.000E+00  0.000E+00  0.000E+00  0.000E+00  0.000E+00  0.000E+00  0.000E+00  0.000E+00  0.000E+00  0.000E+00
  0.000E+00  0.000E+00  0.000E+00  0.000E+00  0.000E+00  0.000E+00  0.000E+00  0.000E+00  0.000E+00  0.000E+00
  0.000E+00  0.000E+00  0.000E+00  0.000E+00  0.000E+00  0.000E+00  0.000E+00  0.000E+00  0.000E+00  0.000E+00
  9.527E-02  9.364E-02  9.297E-02  9.391E-02  9.433E-02  9.358E-02  9.181E-02  9.130E-02  9.145E-02  9.069E-02
  8.918E-02  8.883E-02  8.852E-02  8.711E-02  8.615E-02  8.618E-02  8.806E-02  8.783E-02  1.024E-01  1.519E-01
  0.000E+00  0.000E+00  0.000E+00  0.000E+00  0.000E+00  0.000E+00  0.000E+00  0.000E+00  0.000E+00  0.000E+00
  0.000E+00  0.000E+00  0.000E+00  0.000E+00  0.000E+00  0.000E+00  0.000E+00  0.000E+00  0.000E+00  0.000E+00
  0.000E+00  0.000E+00  0.000E+00  0.000E+00  0.000E+00  0.000E+00  0.000E+00  0.000E+00  0.000E+00  0.000E+00
  1.106E-01  1.109E-01  1.119E-01  1.106E-01  1.082E-01  1.079E-01  1.068E-01  1.069E-01  1.063E-01  1.071E-01
  1.048E-01  1.052E-01  1.053E-01  1.053E-01  1.040E-01  1.039E-01  1.010E-01  9.987E-02  1.070E-01  1.564E-01
  7.889E-01  0.000E+00  0.000E+00  0.000E+00  0.000E+00  0.000E+00  0.000E+00  0.000E+00  0.000E+00  0.000E+00
  0.000E+00  0.000E+00  0.000E+00  0.000E+00  0.000E+00  0.000E+00  0.000E+00  0.000E+00  0.000E+00  0.000E+00
  0.000E+00  0.000E+00  0.000E+00  0.000E+00  0.000E+00  0.000E+00  0.000E+00  0.000E+00  0.000E+00  0.000E+00
  1.428E-01  1.454E-01  1.461E-01  1.510E-01  1.478E-01  1.433E-01  1.444E-01  1.446E-01  1.437E-01  1.443E-01
  1.477E-01  1.472E-01  1.454E-01  1.412E-01  1.349E-01  1.318E-01  1.319E-01  1.246E-01  1.252E-01  1.782E-01
  3.502E-01  0.000E+00  0.000E+00  0.000E+00  0.000E+00  0.000E+00  0.000E+00  0.000E+00  0.000E+00  0.000E+00
  0.000E+00  0.000E+00  0.000E+00  0.000E+00  0.000E+00  0.000E+00  0.000E+00  0.000E+00  0.000E+00  0.000E+00
  0.000E+00  0.000E+00  0.000E+00  0.000E+00  0.000E+00  0.000E+00  0.000E+00  0.000E+00  0.000E+00  0.000E+00
  1.462E-01  1.454E-01  1.425E-01  1.420E-01  1.461E-01  1.462E-01  1.435E-01  1.444E-01  1.439E-01  1.397E-01
  1.361E-01  1.361E-01  1.375E-01  1.401E-01  1.409E-01  1.431E-01  1.466E-01  1.428E-01  1.404E-01  1.827E-01
  3.574E-01  0.000E+00  0.000E+00  0.000E+00  0.000E+00  0.000E+00  0.000E+00  0.000E+00  0.000E+00  0.000E+00
  0.000E+00  0.000E+00  0.000E+00  0.000E+00  0.000E+00  0.000E+00  0.000E+00  0.000E+00  0.000E+00  0.000E+00
  0.000E+00  0.000E+00  0.000E+00  0.000E+00  0.000E+00  0.000E+00  0.000E+00  0.000E+00  0.000E+00  0.000E+00
  1.775E-01  1.806E-01  1.817E-01  1.759E-01  1.774E-01  1.739E-01  1.754E-01  1.753E-01  1.768E-01  1.731E-01
  1.726E-01  1.719E-01  1.723E-01  1.762E-01  1.737E-01  1.697E-01  1.690E-01  1.670E-01  1.641E-01  1.796E-01
  3.109E-01  1.000E+00  0.000E+00  0.000E+00  0.000E+00  0.000E+00  0.000E+00  0.000E+00  0.000E+00  0.000E+00
  0.000E+00  0.000E+00  0.000E+00  0.000E+00  0.000E+00  0.000E+00  0.000E+00  0.000E+00  0.000E+00  0.000E+00
  0.000E+00  0.000E+00  0.000E+00  0.000E+00  0.000E+00  0.000E+00  0.000E+00  0.000E+00  0.000E+00  0.000E+00

#------------------------------------------------------------------------------
# gshow
#------------------------------------------------------------------------------

p: legs[c5*0.875]

hb:   line clip z  
frame:
  9.5000006E+01 -9.9999303E+00
  1.0000001E+02 -9.9999303E+00
  1.0000001E+02  2.0000070E+01
  9.5000006E+01  2.0000070E+01
clip:
  9.49019670E+01 -1.02969593E+01
  9.60800000E+01 -1.02969593E+01
  9.60800000E+01 -1.01942276E+01
  9.60800000E+01 -9.99101874E+00
  9.60800000E+01 -9.88828705E+00
  9.60800000E+01 -9.68507814E+00
  9.60800000E+01 -9.58234646E+00
  9.60800000E+01 -9.37913755E+00
  9.60800000E+01 -9.27640586E+00
  9.60800000E+01 -9.07319696E+00
  9.60800000E+01 -8.97046527E+00
  9.60800000E+01 -8.76725636E+00
  9.60800000E+01 -8.66452467E+00
  9.60800000E+01 -8.46131577E+00
  9.60800000E+01 -8.35858408E+00
  9.60800000E+01 -8.15537517E+00
  9.60800000E+01 -8.05264349E+00
  9.60800000E+01 -7.84943458E+00
  9.60800000E+01 -7.74670289E+00
  9.60800000E+01 -7.54349399E+00
  9.60800000E+01 -7.44076230E+00
  9.60800000E+01 -7.23755339E+00
  9.60800000E+01 -7.13482170E+00
  9.60800000E+01 -6.93161280E+00
  9.60800000E+01 -6.82888111E+00
  9.60800000E+01 -6.62567220E+00
  9.60800000E+01 -6.52294052E+00
  9.60800000E+01 -6.31973161E+00
  9.60800000E+01 -6.21699992E+00
  9.60800000E+01 -6.01379102E+00
  9.60800000E+01 -5.91105933E+00
  9.60800000E+01 -5.70785042E+00
  9.60800000E+01 -5.60511873E+00
  9.60800000E+01 -5.40190983E+00
  9.60800000E+01 -5.29917814E+00
  9.60800000E+01 -5.09596923E+00
  9.60800000E+01 -4.99323755E+00
  9.60800000E+01 -4.79002864E+00
  9.60800000E+01 -4.68729695E+00
  9.60800000E+01 -4.48408805E+00
  9.60800000E+01 -4.38135636E+00
  9.60800000E+01 -4.17814745E+00
  9.60800000E+01 -4.07541576E+00
  9.60800000E+01 -3.87220686E+00
  9.60800000E+01 -3.76947517E+00
  9.60800000E+01 -3.56626626E+00
  9.60800000E+01 -3.46353458E+00
  9.60800000E+01 -3.26032567E+00
  9.60800000E+01 -3.15759398E+00
  9.60800000E+01 -2.95438508E+00
  9.60800000E+01 -2.85165339E+00
  9.60800000E+01 -2.64844448E+00
  9.60800000E+01 -2.54571279E+00
  9.60800000E+01 -2.34250389E+00
  9.60800000E+01 -2.23977220E+00
  9.60800000E+01 -2.03656329E+00
  9.60800000E+01 -1.93383161E+00
  9.60800000E+01 -1.73062270E+00
  9.61490258E+01 -1.46850000E+00
  9.82274572E+01 -1.46850000E+00
  9.82300000E+01 -1.43216814E+00
  9.82300000E+01 -1.42468210E+00
  9.82300000E+01 -1.41719607E+00
  9.82300000E+01 -1.11874151E+00
  9.82300000E+01 -1.11125548E+00
  9.82300000E+01 -8.12800917E-01
  9.82300000E+01 -8.05314886E-01
  9.82300000E+01 -5.06860323E-01
  9.82300000E+01 -4.99374292E-01
  9.82300000E+01 -2.00919729E-01
  9.82300000E+01 -1.93433698E-01
  9.82300000E+01  1.05020865E-01
  9.82300000E+01  1.12506896E-01
  9.82300000E+01  4.10961459E-01
  9.82300000E+01  4.18447490E-01
  9.82300000E+01  7.16902054E-01
  9.82300000E+01  7.24388084E-01
  9.82300000E+01  1.02284265E+00
  9.82300000E+01  1.03032868E+00
  9.82300000E+01  1.32878324E+00
  9.82300000E+01  1.33626927E+00
  9.82300000E+01  1.63472384E+00
  9.82300000E+01  1.64220987E+00
  9.82300000E+01  1.94066443E+00
  9.82300000E+01  1.94815046E+00
  9.82300000E+01  2.24660502E+00
  9.82300000E+01  2.25409105E+00
  9.82300000E+01  2.55254562E+00
  9.83313787E+01  2.71850000E+00
  9.90024585E+01  2.71850000E+00
  9.90100000E+01  2.55254562E+00
  9.90100000E+01  2.40879309E+00
  9.90100000E+01  2.24660502E+00
  9.90100000E+01  2.10285250E+00
  9.90100000E+01  1.94066443E+00
  9.90100000E+01  1.79691190E+00
  9.90100000E+01  1.63472384E+00
  9.90100000E+01  1.49097131E+00
  9.90100000E+01  1.32878324E+00
  9.90100000E+01  1.18503071E+00
  9.90100000E+01  1.02284265E+00
  9.90100000E+01  8.79090120E-01
  9.90100000E+01  7.16902054E-01
  9.90100000E+01  5.73149526E-01
  9.90100000E+01  4.10961459E-01
  9.90100000E+01  2.67208932E-01
  9.90100000E+01  1.05020865E-01
  9.90100000E+01 -3.87316617E-02
  9.90100000E+01 -2.00919729E-01
  9.90100000E+01 -3.44672256E-01
  9.90100000E+01 -5.06860323E-01
  9.90100000E+01 -6.50612850E-01
  9.90100000E+01 -8.12800917E-01
  9.90100000E+01 -9.56553444E-01
  9.90100000E+01 -1.11874151E+00
  9.90100000E+01 -1.26249404E+00
  9.90439457E+01 -1.46850000E+00
  1.00098045E+02 -1.46850000E+00
  1.00098045E+02 -1.42468210E+00
  1.00098045E+02 -1.11874151E+00
  1.00098045E+02 -8.12800917E-01
  1.00098045E+02 -5.06860323E-01
  1.00098045E+02 -2.00919729E-01
  1.00098045E+02  1.05020865E-01
  1.00098045E+02  4.10961459E-01
  1.00098045E+02  7.16902054E-01
  1.00098045E+02  1.02284265E+00
  1.00098045E+02  1.32878324E+00
  1.00098045E+02  1.63472384E+00
  1.00098045E+02  1.94066443E+00
  1.00098045E+02  2.24660502E+00
  1.00098045E+02  2.55254562E+00
  1.00098045E+02  2.85848621E+00
  1.00098045E+02  3.16442681E+00
  1.00098045E+02  3.47036740E+00
  1.00098045E+02  3.77630799E+00
  1.00098045E+02  4.08224859E+00
  1.00098045E+02  4.38818918E+00
  1.00098045E+02  4.69412978E+00
  1.00098045E+02  5.00007037E+00
  1.00098045E+02  5.30601096E+00
  1.00098045E+02  5.61195156E+00
  1.00098045E+02  5.91789215E+00
  1.00098045E+02  6.22383275E+00
  1.00098045E+02  6.52977334E+00
  1.00098045E+02  6.83571393E+00
  1.00098045E+02  7.14165453E+00
  1.00098045E+02  7.44759512E+00
  1.00098045E+02  7.75353572E+00
  1.00098045E+02  8.05947631E+00
  1.00098045E+02  8.36541691E+00
  1.00098045E+02  8.67135750E+00
  1.00098045E+02  8.97729809E+00
  1.00098045E+02  9.28323869E+00
  1.00098045E+02  9.58917928E+00
  1.00098045E+02  9.89511988E+00
  1.00098045E+02  1.02010605E+01
  1.00098045E+02  1.05070011E+01
  1.00098045E+02  1.08129417E+01
  1.00098045E+02  1.11188823E+01
  1.00098045E+02  1.14248228E+01
  1.00098045E+02  1.17307634E+01
  1.00098045E+02  1.20367040E+01
  1.00098045E+02  1.23426446E+01
  1.00098045E+02  1.26485852E+01
  1.00098045E+02  1.29545258E+01
  1.00098045E+02  1.32604664E+01
  1.00098045E+02  1.35664070E+01
  1.00098045E+02  1.38723476E+01
  1.00098045E+02  1.41782882E+01
  1.00098045E+02  1.44842288E+01
  1.00098045E+02  1.47901694E+01
  1.00098045E+02  1.50961100E+01
  1.00098045E+02  1.54020506E+01
  1.00098045E+02  1.57079912E+01
  1.00098045E+02  1.60139318E+01
  1.00098045E+02  1.63198724E+01
  1.00098045E+02  1.66258129E+01
  1.00098045E+02  1.69317535E+01
  1.00098045E+02  1.72376941E+01
  1.00098045E+02  1.75000000E+01
  1.00008946E+02  1.75000000E+01
  9.99941238E+01  1.75000000E+01
  9.99050240E+01  1.75000000E+01
  9.98902023E+01  1.75000000E+01
  9.98011025E+01  1.75000000E+01
  9.97862807E+01  1.75000000E+01
  9.96971809E+01  1.75000000E+01
  9.96823591E+01  1.75000000E+01
  9.95932593E+01  1.75000000E+01
  9.95784375E+01  1.75000000E+01
  9.94893378E+01  1.75000000E+01
  9.94745160E+01  1.75000000E+01
  9.93854162E+01  1.75000000E+01
  9.93705944E+01  1.75000000E+01
  9.92814946E+01  1.75000000E+01
  9.92666728E+01  1.75000000E+01
  9.91775731E+01  1.75000000E+01
  9.91627513E+01  1.75000000E+01
  9.90736515E+01  1.75000000E+01
  9.90588297E+01  1.75000000E+01
  9.89697299E+01  1.75000000E+01
  9.89549081E+01  1.75000000E+01
  9.88658084E+01  1.75000000E+01
  9.88509866E+01  1.75000000E+01
  9.87618868E+01  1.75000000E+01
  9.87470650E+01  1.75000000E+01
  9.86579652E+01  1.75000000E+01
  9.86431434E+01  1.75000000E+01
  9.85540437E+01  1.75000000E+01
  9.85392219E+01  1.75000000E+01
  9.84501221E+01  1.75000000E+01
  9.84353003E+01  1.75000000E+01
  9.83462005E+01  1.75000000E+01
  9.83313787E+01  1.75000000E+01
  9.82422789E+01  1.75000000E+01
  9.82274572E+01  1.75000000E+01
  9.81383574E+01  1.75000000E+01
  9.81235356E+01  1.75000000E+01
  9.80344358E+01  1.75000000E+01
  9.80196140E+01  1.75000000E+01
  9.79305142E+01  1.75000000E+01
  9.79156924E+01  1.75000000E+01
  9.78265927E+01  1.75000000E+01
  9.78117709E+01  1.75000000E+01
  9.77226711E+01  1.75000000E+01
  9.77078493E+01  1.75000000E+01
  9.76187495E+01  1.75000000E+01
  9.76039277E+01  1.75000000E+01
  9.75148280E+01  1.75000000E+01
  9.75000062E+01  1.75000000E+01
  9.74109064E+01  1.75000000E+01
  9.73960846E+01  1.75000000E+01
  9.73069848E+01  1.75000000E+01
  9.72921630E+01  1.75000000E+01
  9.72030633E+01  1.75000000E+01
  9.71882415E+01  1.75000000E+01
  9.70991417E+01  1.75000000E+01
  9.70843199E+01  1.75000000E+01
  9.69952201E+01  1.75000000E+01
  9.69803983E+01  1.75000000E+01
  9.68912986E+01  1.75000000E+01
  9.68764768E+01  1.75000000E+01
  9.67873770E+01  1.75000000E+01
  9.67725552E+01  1.75000000E+01
  9.66834554E+01  1.75000000E+01
  9.66686336E+01  1.75000000E+01
  9.65795339E+01  1.75000000E+01
  9.65647121E+01  1.75000000E+01
  9.64756123E+01  1.75000000E+01
  9.64607905E+01  1.75000000E+01
  9.63716907E+01  1.75000000E+01
  9.63568689E+01  1.75000000E+01
  9.62677691E+01  1.75000000E+01
  9.62529473E+01  1.75000000E+01
  9.61638476E+01  1.75000000E+01
  9.61490258E+01  1.75000000E+01
  9.60599260E+01  1.75000000E+01
  9.60451042E+01  1.75000000E+01
  9.59560044E+01  1.75000000E+01
  9.59411826E+01  1.75000000E+01
  9.58520829E+01  1.75000000E+01
  9.58372611E+01  1.75000000E+01
  9.57481613E+01  1.75000000E+01
  9.57333395E+01  1.75000000E+01
  9.56442397E+01  1.75000000E+01
  9.56294179E+01  1.75000000E+01
  9.55403182E+01  1.75000000E+01
  9.55254964E+01  1.75000000E+01
  9.54363966E+01  1.75000000E+01
  9.54215748E+01  1.75000000E+01
  9.53324750E+01  1.75000000E+01
  9.53176532E+01  1.75000000E+01
  9.52285535E+01  1.75000000E+01
  9.52137317E+01  1.75000000E+01
  9.51246319E+01  1.75000000E+01
  9.51098101E+01  1.75000000E+01
  9.50207103E+01  1.75000000E+01
  9.50058885E+01  1.75000000E+01
  9.49167888E+01  1.75000000E+01
  9.49019670E+01  1.75000000E+01
  9.49019670E+01  1.72376941E+01
  9.49019670E+01  1.69317535E+01
  9.49019670E+01  1.66258129E+01
  9.49019670E+01  1.63198724E+01
  9.49019670E+01  1.60139318E+01
  9.49019670E+01  1.57079912E+01
  9.49019670E+01  1.54020506E+01
  9.49019670E+01  1.50961100E+01
  9.49019670E+01  1.47901694E+01
  9.49019670E+01  1.44842288E+01
  9.49019670E+01  1.41782882E+01
  9.49019670E+01  1.38723476E+01
  9.49019670E+01  1.35664070E+01
  9.49019670E+01  1.32604664E+01
  9.49019670E+01  1.29545258E+01
  9.49019670E+01  1.26485852E+01
  9.49019670E+01  1.23426446E+01
  9.49019670E+01  1.20367040E+01
  9.49019670E+01  1.17307634E+01
  9.49019670E+01  1.14248228E+01
  9.49019670E+01  1.11188823E+01
  9.49019670E+01  1.08129417E+01
  9.49019670E+01  1.05070011E+01
  9.49019670E+01  1.02010605E+01
  9.49019670E+01  9.89511988E+00
  9.49019670E+01  9.58917928E+00
  9.49019670E+01  9.28323869E+00
  9.49019670E+01  8.97729809E+00
  9.49019670E+01  8.67135750E+00
  9.49019670E+01  8.36541691E+00
  9.49019670E+01  8.05947631E+00
  9.49019670E+01  7.75353572E+00
  9.49019670E+01  7.44759512E+00
  9.49019670E+01  7.14165453E+00
  9.49019670E+01  6.83571393E+00
  9.49019670E+01  6.52977334E+00
  9.49019670E+01  6.22383275E+00
  9.49019670E+01  5.91789215E+00
  9.49019670E+01  5.61195156E+00
  9.49019670E+01  5.30601096E+00
  9.49019670E+01  5.00007037E+00
  9.49019670E+01  4.69412978E+00
  9.49019670E+01  4.38818918E+00
  9.49019670E+01  4.08224859E+00
  9.49019670E+01  3.77630799E+00
  9.49019670E+01  3.47036740E+00
  9.49019670E+01  3.16442681E+00
  9.49019670E+01  2.85848621E+00
  9.49019670E+01  2.55254562E+00
  9.49019670E+01  2.24660502E+00
  9.49019670E+01  1.94066443E+00
  9.49019670E+01  1.63472384E+00
  9.49019670E+01  1.32878324E+00
  9.49019670E+01  1.02284265E+00
  9.49019670E+01  7.16902054E-01
  9.49019670E+01  4.10961459E-01
  9.49019670E+01  1.05020865E-01
  9.49019670E+01 -2.00919729E-01
  9.49019670E+01 -5.06860323E-01
  9.49019670E+01 -8.12800917E-01
  9.49019670E+01 -1.11874151E+00
  9.49019670E+01 -1.42468210E+00
  9.49019670E+01 -1.73062270E+00
  9.49019670E+01 -2.03656329E+00
  9.49019670E+01 -2.34250389E+00
  9.49019670E+01 -2.64844448E+00
  9.49019670E+01 -2.95438508E+00
  9.49019670E+01 -3.26032567E+00
  9.49019670E+01 -3.56626626E+00
  9.49019670E+01 -3.87220686E+00
  9.49019670E+01 -4.17814745E+00
  9.49019670E+01 -4.48408805E+00
  9.49019670E+01 -4.79002864E+00
  9.49019670E+01 -5.09596923E+00
  9.49019670E+01 -5.40190983E+00
  9.49019670E+01 -5.70785042E+00
  9.49019670E+01 -6.01379102E+00
  9.49019670E+01 -6.31973161E+00
  9.49019670E+01 -6.62567220E+00
  9.49019670E+01 -6.93161280E+00
  9.49019670E+01 -7.23755339E+00
  9.49019670E+01 -7.54349399E+00
  9.49019670E+01 -7.84943458E+00
  9.49019670E+01 -8.15537517E+00
  9.49019670E+01 -8.46131577E+00
  9.49019670E+01 -8.76725636E+00
  9.49019670E+01 -9.07319696E+00
  9.49019670E+01 -9.37913755E+00
  9.49019670E+01 -9.68507814E+00
  9.49019670E+01 -9.99101874E+00
  9.49019670E+01 -1.02969593E+01

hb:   line clip z  
frame:
  9.5000006E+01 -9.9999303E+00
  1.0000001E+02 -9.9999303E+00
  1.0000001E+02  2.0000070E+01
  9.5000006E+01  2.0000070E+01
clip:
  9.61490258E+01 -1.02969593E+01
  9.69803983E+01 -1.02969593E+01
  9.69811149E+01 -1.02948498E+01
  9.69803983E+01 -1.02907643E+01
  9.69313741E+01 -9.99101874E+00
  9.69147081E+01 -9.87846745E+00
  9.68881846E+01 -9.68507814E+00
  9.68849522E+01 -9.66012672E+00
  9.68764768E+01 -9.59307717E+00
  9.68514445E+01 -9.37913755E+00
  9.68329163E+01 -9.20143698E+00
  9.68207852E+01 -9.07319696E+00
  9.68109394E+01 -8.96019558E+00
  9.67959206E+01 -8.76725636E+00
  9.67919110E+01 -8.71027376E+00
  9.67766315E+01 -8.46131577E+00
  9.67760739E+01 -8.45095676E+00
  9.67725552E+01 -8.38271416E+00
  9.67627557E+01 -8.15537517E+00
  9.67552442E+01 -7.90039751E+00
  9.67541802E+01 -7.84943458E+00
  9.67511003E+01 -7.60665629E+00
  9.67508367E+01 -7.54349399E+00
  9.67519148E+01 -7.29831782E+00
  9.67526991E+01 -7.23755339E+00
  9.67585187E+01 -6.97293555E+00
  9.67597819E+01 -6.93161280E+00
  9.67720714E+01 -6.62709661E+00
  9.67942759E+01 -6.25578665E+00
  9.68278240E+01 -5.85108209E+00
  9.68764768E+01 -5.40692283E+00
  9.69184126E+01 -5.09596923E+00
  9.69665006E+01 -4.79002864E+00
  9.70219294E+01 -4.48408805E+00
  9.70875360E+01 -4.16867939E+00
  9.71882415E+01 -3.75567515E+00
  9.72408606E+01 -3.56626626E+00
  9.73144154E+01 -3.32583568E+00
  9.73960846E+01 -3.08706516E+00
  9.74457692E+01 -2.95438508E+00
  9.75000062E+01 -2.81925061E+00
  9.75745953E+01 -2.64844448E+00
  9.76527842E+01 -2.48633527E+00
  9.77160708E+01 -2.36670767E+00
  9.78117709E+01 -2.20383997E+00
  9.79156924E+01 -2.04957303E+00
  9.79252013E+01 -2.03656329E+00
  9.80196140E+01 -1.91693607E+00
  9.80652873E+01 -1.86508277E+00
  9.81235356E+01 -1.80441776E+00
  9.81423732E+01 -1.78607987E+00
  9.82036931E+01 -1.73062270E+00
  9.81276534E+01 -1.71850000E+00
  9.81235356E+01 -1.71850000E+00
  9.81194178E+01 -1.71850000E+00
  9.80196140E+01 -1.71850000E+00
  9.80154962E+01 -1.71850000E+00
  9.79156924E+01 -1.71850000E+00
  9.79115746E+01 -1.71850000E+00
  9.78117709E+01 -1.71850000E+00
  9.78076531E+01 -1.71850000E+00
  9.77078493E+01 -1.71850000E+00
  9.77037315E+01 -1.71850000E+00
  9.76039277E+01 -1.71850000E+00
  9.75998099E+01 -1.71850000E+00
  9.75000062E+01 -1.71850000E+00
  9.74958883E+01 -1.71850000E+00
  9.73960846E+01 -1.71850000E+00
  9.73919668E+01 -1.71850000E+00
  9.72921630E+01 -1.71850000E+00
  9.72880452E+01 -1.71850000E+00
  9.71882415E+01 -1.71850000E+00
  9.71841236E+01 -1.71850000E+00
  9.70843199E+01 -1.71850000E+00
  9.70802021E+01 -1.71850000E+00
  9.69803983E+01 -1.71850000E+00
  9.69762805E+01 -1.71850000E+00
  9.68764768E+01 -1.71850000E+00
  9.68723589E+01 -1.71850000E+00
  9.67725552E+01 -1.71850000E+00
  9.67684374E+01 -1.71850000E+00
  9.66686336E+01 -1.71850000E+00
  9.66645158E+01 -1.71850000E+00
  9.65647121E+01 -1.71850000E+00
  9.65605942E+01 -1.71850000E+00
  9.64607905E+01 -1.71850000E+00
  9.64566727E+01 -1.71850000E+00
  9.63568689E+01 -1.71850000E+00
  9.63527511E+01 -1.71850000E+00
  9.62529473E+01 -1.71850000E+00
  9.62488295E+01 -1.71850000E+00
  9.61490258E+01 -1.71850000E+00
  9.61449080E+01 -1.71850000E+00
  9.60800000E+01 -1.73062270E+00
  9.60800000E+01 -1.93383161E+00
  9.60800000E+01 -2.03656329E+00
  9.60800000E+01 -2.23977220E+00
  9.60800000E+01 -2.34250389E+00
  9.60800000E+01 -2.54571279E+00
  9.60800000E+01 -2.64844448E+00
  9.60800000E+01 -2.85165339E+00
  9.60800000E+01 -2.95438508E+00
  9.60800000E+01 -3.15759398E+00
  9.60800000E+01 -3.26032567E+00
  9.60800000E+01 -3.46353458E+00
  9.60800000E+01 -3.56626626E+00
  9.60800000E+01 -3.76947517E+00
  9.60800000E+01 -3.87220686E+00
  9.60800000E+01 -4.07541576E+00
  9.60800000E+01 -4.17814745E+00
  9.60800000E+01 -4.38135636E+00
  9.60800000E+01 -4.48408805E+00
  9.60800000E+01 -4.68729695E+00
  9.60800000E+01 -4.79002864E+00
  9.60800000E+01 -4.99323755E+00
  9.60800000E+01 -5.09596923E+00
  9.60800000E+01 -5.29917814E+00
  9.60800000E+01 -5.40190983E+00
  9.60800000E+01 -5.60511873E+00
  9.60800000E+01 -5.70785042E+00
  9.60800000E+01 -5.91105933E+00
  9.60800000E+01 -6.01379102E+00
  9.60800000E+01 -6.21699992E+00
  9.60800000E+01 -6.31973161E+00
  9.60800000E+01 -6.52294052E+00
  9.60800000E+01 -6.62567220E+00
  9.60800000E+01 -6.82888111E+00
  9.60800000E+01 -6.93161280E+00
  9.60800000E+01 -7.13482170E+00
  9.60800000E+01 -7.23755339E+00
  9.60800000E+01 -7.44076230E+00
  9.60800000E+01 -7.54349399E+00
  9.60800000E+01 -7.74670289E+00
  9.60800000E+01 -7.84943458E+00
  9.60800000E+01 -8.05264349E+00
  9.60800000E+01 -8.15537517E+00
  9.60800000E+01 -8.35858408E+00
  9.60800000E+01 -8.46131577E+00
  9.60800000E+01 -8.66452467E+00
  9.60800000E+01 -8.76725636E+00
  9.60800000E+01 -8.97046527E+00
  9.60800000E+01 -9.07319696E+00
  9.60800000E+01 -9.27640586E+00
  9.60800000E+01 -9.37913755E+00
  9.60800000E+01 -9.58234646E+00
  9.60800000E+01 -9.68507814E+00
  9.60800000E+01 -9.88828705E+00
  9.60800000E+01 -9.99101874E+00
  9.60800000E+01 -1.01942276E+01
  9.60800000E+01 -1.02969593E+01

hb:   line clip z  
frame:
  9.5000006E+01 -9.9999303E+00
  1.0000001E+02 -9.9999303E+00
  1.0000001E+02  2.0000070E+01
  9.5000006E+01  2.0000070E+01
clip:
  9.70843199E+01 -1.02969593E+01
  1.00098045E+02 -1.02969593E+01
  1.00098045E+02 -9.99101874E+00
  1.00098045E+02 -9.68507814E+00
  1.00098045E+02 -9.37913755E+00
  1.00098045E+02 -9.07319696E+00
  1.00098045E+02 -8.76725636E+00
  1.00098045E+02 -8.46131577E+00
  1.00098045E+02 -8.15537517E+00
  1.00098045E+02 -7.84943458E+00
  1.00098045E+02 -7.54349399E+00
  1.00098045E+02 -7.23755339E+00
  1.00098045E+02 -6.93161280E+00
  1.00098045E+02 -6.62567220E+00
  1.00098045E+02 -6.31973161E+00
  1.00098045E+02 -6.01379102E+00
  1.00098045E+02 -5.70785042E+00
  1.00098045E+02 -5.40190983E+00
  1.00098045E+02 -5.09596923E+00
  1.00098045E+02 -4.79002864E+00
  1.00098045E+02 -4.48408805E+00
  1.00098045E+02 -4.17814745E+00
  1.00098045E+02 -3.87220686E+00
  1.00098045E+02 -3.56626626E+00
  1.00098045E+02 -3.26032567E+00
  1.00098045E+02 -3.07092124E+00
  1.00054231E+02 -2.95438508E+00
  1.00021890E+02 -2.87264251E+00
  9.99941238E+01 -2.80519657E+00
  9.99254047E+01 -2.64844448E+00
  9.99050677E+01 -2.60468138E+00
  9.98902023E+01 -2.57341646E+00
  9.98123059E+01 -2.41912096E+00
  9.97862807E+01 -2.37097698E+00
  9.97704579E+01 -2.34250389E+00
  9.97148043E+01 -2.24698661E+00
  9.96823591E+01 -2.19451846E+00
  9.95815853E+01 -2.04583011E+00
  9.95784375E+01 -2.04152062E+00
  9.95747987E+01 -2.03656329E+00
  9.95050808E+01 -1.94658185E+00
  9.94745160E+01 -1.91005676E+00
  9.94057733E+01 -1.83418771E+00
  9.93705944E+01 -1.79863707E+00
  9.92963069E+01 -1.73062270E+00
  9.92732074E+01 -1.71138515E+00
  9.92666728E+01 -1.70610506E+00
  9.92552738E+01 -1.69706441E+00
  9.91627513E+01 -1.63156720E+00
  9.91205036E+01 -1.60624740E+00
  9.90588297E+01 -1.57434443E+00
  9.89968850E+01 -1.54826025E+00
  9.89549081E+01 -1.53393849E+00
  9.88818017E+01 -1.51540053E+00
  9.88509866E+01 -1.51000906E+00
  9.87735898E+01 -1.50277000E+00
  9.87470650E+01 -1.50235893E+00
  9.86711131E+01 -1.50702347E+00
  9.86431434E+01 -1.51092569E+00
  9.85800000E+01 -1.54473118E+00
  9.85392219E+01 -1.59518698E+00
  9.84941181E+01 -1.59783908E+00
  9.84353003E+01 -1.59639749E+00
  9.83908966E+01 -1.59990012E+00
  9.83313787E+01 -1.63531058E+00
  9.83049592E+01 -1.65284478E+00
  9.82274572E+01 -1.71084490E+00
  9.82221981E+01 -1.71514025E+00
  9.82036931E+01 -1.73062270E+00
  9.81235356E+01 -1.80441776E+00
  9.80652873E+01 -1.86508277E+00
  9.80196140E+01 -1.91693607E+00
  9.79907767E+01 -1.95166735E+00
  9.79252013E+01 -2.03656329E+00
  9.79156924E+01 -2.04957303E+00
  9.78489579E+01 -2.14604031E+00
  9.78117709E+01 -2.20383997E+00
  9.77814399E+01 -2.25321073E+00
  9.77295421E+01 -2.34250389E+00
  9.77078493E+01 -2.38169233E+00
  9.76527842E+01 -2.48633527E+00
  9.76039277E+01 -2.58569014E+00
  9.75915254E+01 -2.61193242E+00
  9.75745953E+01 -2.64844448E+00
  9.75000062E+01 -2.81925061E+00
  9.74749233E+01 -2.88054218E+00
  9.74457692E+01 -2.95438508E+00
  9.73960846E+01 -3.08706516E+00
  9.73660200E+01 -3.17181676E+00
  9.73359067E+01 -3.26032567E+00
  9.72921630E+01 -3.39583401E+00
  9.72647030E+01 -3.48542512E+00
  9.72408606E+01 -3.56626626E+00
  9.71882415E+01 -3.75567515E+00
  9.71709827E+01 -3.82139773E+00
  9.71579750E+01 -3.87220686E+00
  9.70875360E+01 -4.16867939E+00
  9.70854323E+01 -4.17814745E+00
  9.70843199E+01 -4.18316956E+00
  9.70449754E+01 -4.36825968E+00
  9.70219294E+01 -4.48408805E+00
  9.69803983E+01 -4.70923571E+00
  9.69711343E+01 -4.76275566E+00
  9.69665006E+01 -4.79002864E+00
  9.69532601E+01 -4.86992232E+00
  9.69184126E+01 -5.09596923E+00
  9.68774607E+01 -5.39901307E+00
  9.68770999E+01 -5.40190983E+00
  9.68764768E+01 -5.40692283E+00
  9.68503425E+01 -5.63091232E+00
  9.68421223E+01 -5.70785042E+00
  9.68278240E+01 -5.85108209E+00
  9.68131366E+01 -6.01379102E+00
  9.67942759E+01 -6.25578665E+00
  9.67898769E+01 -6.31973161E+00
  9.67725552E+01 -6.61728584E+00
  9.67721936E+01 -6.62460763E+00
  9.67720714E+01 -6.62709661E+00
  9.67597819E+01 -6.93161280E+00
  9.67585187E+01 -6.97293555E+00
  9.67526991E+01 -7.23755339E+00
  9.67519148E+01 -7.29831782E+00
  9.67508367E+01 -7.54349399E+00
  9.67511003E+01 -7.60665629E+00
  9.67541802E+01 -7.84943458E+00
  9.67637272E+01 -8.18136454E+00
  9.67766315E+01 -8.46131577E+00
  9.67959206E+01 -8.76725636E+00
  9.68329163E+01 -9.20143698E+00
  9.68764768E+01 -9.59307717E+00
  9.69313741E+01 -9.99101874E+00
  9.69814854E+01 -1.02969593E+01

hb:   line clip z  
frame:
  9.5000006E+01 -9.9999303E+00
  1.0000001E+02 -9.9999303E+00
  1.0000001E+02  2.0000070E+01
  9.5000006E+01  2.0000070E+01
clip:
  1.00077402E+02 -3.01515794E+00
  1.00098045E+02 -3.07092124E+00
  1.00098045E+02 -2.95438508E+00
  1.00098045E+02 -2.64844448E+00
  1.00098045E+02 -2.34250389E+00
  1.00098045E+02 -2.03656329E+00
  1.00098045E+02 -1.73062270E+00
  1.00098045E+02 -1.71850000E+00
  1.00093928E+02 -1.71850000E+00
  9.99941238E+01 -1.71850000E+00
  9.99900060E+01 -1.71850000E+00
  9.98902023E+01 -1.71850000E+00
  9.98860844E+01 -1.71850000E+00
  9.97862807E+01 -1.71850000E+00
  9.97821629E+01 -1.71850000E+00
  9.96823591E+01 -1.71850000E+00
  9.96782413E+01 -1.71850000E+00
  9.95784375E+01 -1.71850000E+00
  9.95743197E+01 -1.71850000E+00
  9.94745160E+01 -1.71850000E+00
  9.94703982E+01 -1.71850000E+00
  9.93705944E+01 -1.71850000E+00
  9.93664766E+01 -1.71850000E+00
  9.92963069E+01 -1.73062270E+00
  9.93531925E+01 -1.78185303E+00
  9.94057733E+01 -1.83418771E+00
  9.94745160E+01 -1.91005676E+00
  9.95747987E+01 -2.03656329E+00
  9.95815853E+01 -2.04583011E+00
  9.96823591E+01 -2.19451846E+00
  9.97704579E+01 -2.34250389E+00
  9.97802929E+01 -2.36013176E+00
  9.97862807E+01 -2.37097698E+00
  9.98123059E+01 -2.41912096E+00
  9.98902023E+01 -2.57341646E+00
  9.99254047E+01 -2.64844448E+00
  9.99644541E+01 -2.73579095E+00
  9.99941238E+01 -2.80519657E+00
  1.00054231E+02 -2.95438508E+00

hb:   line clip z  
clip:
  9.83164947E+01 -1.46850000E+00
  9.83462627E+01 -1.46850000E+00
  9.83800000E+01 -1.42468210E+00
  9.83800000E+01 -1.28154317E+00
  9.83800000E+01 -1.11874151E+00
  9.83800000E+01 -9.75602575E-01
  9.83800000E+01 -8.12800917E-01
  9.83800000E+01 -6.69661981E-01
  9.83800000E+01 -5.06860323E-01
  9.83800000E+01 -3.63721387E-01
  9.83800000E+01 -2.00919729E-01
  9.83800000E+01 -5.77807930E-02
  9.83800000E+01  1.05020865E-01
  9.83800000E+01  2.48159801E-01
  9.83800000E+01  4.10961459E-01
  9.83800000E+01  5.54100395E-01
  9.83800000E+01  7.16902054E-01
  9.83800000E+01  8.60040989E-01
  9.83800000E+01  1.02284265E+00
  9.83800000E+01  1.16598158E+00
  9.83800000E+01  1.32878324E+00
  9.83800000E+01  1.47192218E+00
  9.84353003E+01  1.59639749E+00
  9.85392219E+01  1.59518698E+00
  9.85800000E+01  1.63472384E+00
  9.85800000E+01  1.75477292E+00
  9.85800000E+01  1.94066443E+00
  9.85800000E+01  2.06071351E+00
  9.85800000E+01  2.24660502E+00
  9.85800000E+01  2.36665410E+00
  9.85800000E+01  2.55254562E+00
  9.85800000E+01  2.67259470E+00
  9.85392219E+01  2.71850000E+00
  9.84828507E+01  2.71850000E+00
  9.84353003E+01  2.71850000E+00
  9.83789291E+01  2.71850000E+00
  9.83313787E+01  2.71850000E+00
  9.82750075E+01  2.71850000E+00
  9.82300000E+01  2.55254562E+00
  9.82300000E+01  2.25409105E+00
  9.82300000E+01  2.24660502E+00
  9.82300000E+01  1.94815046E+00
  9.82300000E+01  1.94066443E+00
  9.82300000E+01  1.64220987E+00
  9.82300000E+01  1.63472384E+00
  9.82300000E+01  1.33626927E+00
  9.82300000E+01  1.32878324E+00
  9.82300000E+01  1.03032868E+00
  9.82300000E+01  1.02284265E+00
  9.82300000E+01  7.24388084E-01
  9.82300000E+01  7.16902054E-01
  9.82300000E+01  4.18447490E-01
  9.82300000E+01  4.10961459E-01
  9.82300000E+01  1.12506896E-01
  9.82300000E+01  1.05020865E-01
  9.82300000E+01 -1.93433698E-01
  9.82300000E+01 -2.00919729E-01
  9.82300000E+01 -4.99374292E-01
  9.82300000E+01 -5.06860323E-01
  9.82300000E+01 -8.05314886E-01
  9.82300000E+01 -8.12800917E-01
  9.82300000E+01 -1.11125548E+00
  9.82300000E+01 -1.11874151E+00
  9.82300000E+01 -1.41719607E+00
  9.82300000E+01 -1.42468210E+00

hb:   line clip z  
clip:
  9.83800000E+01 -1.58748376E+00
  9.84353003E+01 -1.59639749E+00
  9.84941181E+01 -1.59783908E+00
  9.85392219E+01 -1.59518698E+00
  9.85800000E+01 -1.54473118E+00
  9.85800000E+01 -1.42468210E+00
  9.85800000E+01 -1.30463303E+00
  9.85800000E+01 -1.11874151E+00
  9.85800000E+01 -9.98692431E-01
  9.85800000E+01 -8.12800917E-01
  9.85800000E+01 -6.92751837E-01
  9.85800000E+01 -5.06860323E-01
  9.85800000E+01 -3.86811243E-01
  9.85800000E+01 -2.00919729E-01
  9.85800000E+01 -8.08706492E-02
  9.85800000E+01  1.05020865E-01
  9.85800000E+01  2.25069945E-01
  9.85800000E+01  4.10961459E-01
  9.85800000E+01  5.31010539E-01
  9.85800000E+01  7.16902054E-01
  9.85800000E+01  8.36951133E-01
  9.85800000E+01  1.02284265E+00
  9.85800000E+01  1.14289173E+00
  9.85800000E+01  1.32878324E+00
  9.85800000E+01  1.44883232E+00
  9.85392219E+01  1.59518698E+00
  9.84480528E+01  1.59718102E+00
  9.84353003E+01  1.59639749E+00
  9.83800000E+01  1.49158490E+00
  9.83800000E+01  1.32878324E+00
  9.83800000E+01  1.16598158E+00
  9.83800000E+01  1.02284265E+00
  9.83800000E+01  8.60040989E-01
  9.83800000E+01  7.16902054E-01
  9.83800000E+01  5.54100395E-01
  9.83800000E+01  4.10961459E-01
  9.83800000E+01  2.48159801E-01
  9.83800000E+01  1.05020865E-01
  9.83800000E+01 -5.77807930E-02
  9.83800000E+01 -2.00919729E-01
  9.83800000E+01 -3.63721387E-01
  9.83800000E+01 -5.06860323E-01
  9.83800000E+01 -6.69661981E-01
  9.83800000E+01 -8.12800917E-01
  9.83800000E+01 -9.75602575E-01
  9.83800000E+01 -1.11874151E+00
  9.83800000E+01 -1.28154317E+00
  9.83800000E+01 -1.42468210E+00

hb:   line clip z  
clip:
  9.86282594E+01 -1.46850000E+00
  9.89697921E+01 -1.46850000E+00
  9.90100000E+01 -1.42468210E+00
  9.90100000E+01 -1.26249404E+00
  9.90100000E+01 -1.11874151E+00
  9.90100000E+01 -9.56553444E-01
  9.90100000E+01 -8.12800917E-01
  9.90100000E+01 -6.50612850E-01
  9.90100000E+01 -5.06860323E-01
  9.90100000E+01 -3.44672256E-01
  9.90100000E+01 -2.00919729E-01
  9.90100000E+01 -3.87316617E-02
  9.90100000E+01  1.05020865E-01
  9.90100000E+01  2.67208932E-01
  9.90100000E+01  4.10961459E-01
  9.90100000E+01  5.73149526E-01
  9.90100000E+01  7.16902054E-01
  9.90100000E+01  8.79090120E-01
  9.90100000E+01  1.02284265E+00
  9.90100000E+01  1.18503071E+00
  9.90100000E+01  1.32878324E+00
  9.90100000E+01  1.49097131E+00
  9.90100000E+01  1.63472384E+00
  9.90100000E+01  1.79691190E+00
  9.90100000E+01  1.94066443E+00
  9.90100000E+01  2.10285250E+00
  9.90100000E+01  2.24660502E+00
  9.90100000E+01  2.40879309E+00
  9.90100000E+01  2.55254562E+00
  9.90100000E+01  2.71473368E+00
  9.89549081E+01  2.71850000E+00
  9.88985369E+01  2.71850000E+00
  9.88509866E+01  2.71850000E+00
  9.87946154E+01  2.71850000E+00
  9.87470650E+01  2.71850000E+00
  9.86906938E+01  2.71850000E+00
  9.86431434E+01  2.71850000E+00
  9.85867722E+01  2.71850000E+00
  9.85800000E+01  2.55254562E+00
  9.85800000E+01  2.36665410E+00
  9.85800000E+01  2.24660502E+00
  9.85800000E+01  2.06071351E+00
  9.85800000E+01  1.94066443E+00
  9.85800000E+01  1.75477292E+00
  9.85800000E+01  1.63472384E+00
  9.85800000E+01  1.44883232E+00
  9.85800000E+01  1.32878324E+00
  9.85800000E+01  1.14289173E+00
  9.85800000E+01  1.02284265E+00
  9.85800000E+01  8.36951133E-01
  9.85800000E+01  7.16902054E-01
  9.85800000E+01  5.31010539E-01
  9.85800000E+01  4.10961459E-01
  9.85800000E+01  2.25069945E-01
  9.85800000E+01  1.05020865E-01
  9.85800000E+01 -8.08706492E-02
  9.85800000E+01 -2.00919729E-01
  9.85800000E+01 -3.86811243E-01
  9.85800000E+01 -5.06860323E-01
  9.85800000E+01 -6.92751837E-01
  9.85800000E+01 -8.12800917E-01
  9.85800000E+01 -9.98692431E-01
  9.85800000E+01 -1.11874151E+00
  9.85800000E+01 -1.30463303E+00
  9.85800000E+01 -1.42468210E+00

hb:   line clip z  
frame:
  9.5000006E+01 -9.9999303E+00
  1.0000001E+02 -9.9999303E+00
  1.0000001E+02  2.0000070E+01
  9.5000006E+01  2.0000070E+01
clip:
  9.49019670E+01  1.75000000E+01
  1.00098045E+02  1.75000000E+01
  1.00098045E+02  1.75436347E+01
  1.00098045E+02  1.78495753E+01
  1.00098045E+02  1.81555159E+01
  1.00098045E+02  1.84614565E+01
  1.00098045E+02  1.87673971E+01
  1.00098045E+02  1.90733377E+01
  1.00098045E+02  1.93792783E+01
  1.00098045E+02  1.96852189E+01
  1.00098045E+02  1.99911595E+01
  1.00098045E+02  2.02971001E+01
  9.99941238E+01  2.02971001E+01
  9.98902023E+01  2.02971001E+01
  9.97862807E+01  2.02971001E+01
  9.96823591E+01  2.02971001E+01
  9.95784375E+01  2.02971001E+01
  9.94745160E+01  2.02971001E+01
  9.93705944E+01  2.02971001E+01
  9.92666728E+01  2.02971001E+01
  9.91627513E+01  2.02971001E+01
  9.90588297E+01  2.02971001E+01
  9.89549081E+01  2.02971001E+01
  9.88509866E+01  2.02971001E+01
  9.87470650E+01  2.02971001E+01
  9.86431434E+01  2.02971001E+01
  9.85392219E+01  2.02971001E+01
  9.84353003E+01  2.02971001E+01
  9.83313787E+01  2.02971001E+01
  9.82274572E+01  2.02971001E+01
  9.81235356E+01  2.02971001E+01
  9.80196140E+01  2.02971001E+01
  9.79156924E+01  2.02971001E+01
  9.78117709E+01  2.02971001E+01
  9.77078493E+01  2.02971001E+01
  9.76039277E+01  2.02971001E+01
  9.75000062E+01  2.02971001E+01
  9.73960846E+01  2.02971001E+01
  9.72921630E+01  2.02971001E+01
  9.71882415E+01  2.02971001E+01
  9.70843199E+01  2.02971001E+01
  9.69803983E+01  2.02971001E+01
  9.68764768E+01  2.02971001E+01
  9.67725552E+01  2.02971001E+01
  9.66686336E+01  2.02971001E+01
  9.65647121E+01  2.02971001E+01
  9.64607905E+01  2.02971001E+01
  9.63568689E+01  2.02971001E+01
  9.62529473E+01  2.02971001E+01
  9.61490258E+01  2.02971001E+01
  9.60451042E+01  2.02971001E+01
  9.59411826E+01  2.02971001E+01
  9.58372611E+01  2.02971001E+01
  9.57333395E+01  2.02971001E+01
  9.56294179E+01  2.02971001E+01
  9.55254964E+01  2.02971001E+01
  9.54215748E+01  2.02971001E+01
  9.53176532E+01  2.02971001E+01
  9.52137317E+01  2.02971001E+01
  9.51098101E+01  2.02971001E+01
  9.50058885E+01  2.02971001E+01
  9.49019670E+01  2.02971001E+01
  9.49019670E+01  1.99911595E+01
  9.49019670E+01  1.96852189E+01
  9.49019670E+01  1.93792783E+01
  9.49019670E+01  1.90733377E+01
  9.49019670E+01  1.87673971E+01
  9.49019670E+01  1.84614565E+01
  9.49019670E+01  1.81555159E+01
  9.49019670E+01  1.78495753E+01
  9.49019670E+01  1.75436347E+01

#------------------------------------------------------------------------------
z: xorg(1.03)
p: xfac[c2*0.05] form[c1/0.05] notc noxt noyt dmin(1)
p: ymin(0) ymax(1) xmin(0) xmax(1) cmin(1) cmax(100) nosp
hc: y= 0.005 to 0.995 by 0.01 ; x= 0.5 to 0.5 by 1 ;
 1  2  3  4  5  6  7  8  9 10 11 12 13 14 15 16 17 18 19 20
21 22 23 24 25 26 27 28 29 30 31 32 33 34 35 36 37 38 39 40
41 42 43 44 45 46 47 48 49 50 51 52 53 54 55 56 57 58 59 60
61 62 63 64 65 66 67 68 69 70 71 72 73 74 75 76 77 78 79 80
81 82 83 84 85 86 87 88 89 90 91 92 93 94 95 96 97 98 99 100
z: xorg(0.0)
p: xfac[c2*0.05] form[c1/0.05] nosp afac[c5*0.625] ymin[c3] ymax[c4]
p: noxt noxn ytxt(-1) ynum(-1) xltd(-1) xstd(-1) itic(1) ylog
y: Relative Error
#------------------------------------------------------------------------------

wt: s[c5]
\vspace{-3}
  emin  &=&   0.0000E+00 [MeV]
  emax  &=&   1.0000E+03 [MeV]
  xmin  &=&   0.0000E+00 [cm]
  xmax  &=&   1.0000E-01 [cm]
  part. &=& proton  
e:

#------------------------------------------------------------------------------
z: xorg[-1.03/0.05]
p: form[c1] xfac[c2] afac[c5] nosp notf
p: xmin(  95.00000    ) xmax(  100.0000    )
p: ymin( -10.00000    ) ymax(  20.00000    )
 
# Information for Restart Calculation
# This calculation was newly started
# istdev =  2 # 1:Batch variance, 2:History variance
# resc2  = 4.40758893220450296E-02 # Total source weight or Total source weight / maxcas
# resc3  = 2.75100000000000000E+08 # Total history number or Total batch number
# maxcas =      100000 # History / Batch, only used for istdev=1
# bitrseed = 1011001111010100000001000111111001010101000010001000000010110101 # bit data of rseed
