[ T-Track ]
    title = [t-track] in xyz mesh
     mesh =  xyz            # mesh type is xyz scoring mesh
   x-type =    2            # x-mesh is linear given by xmin, xmax and nx
     xmin =  -7.000000      # minimum value of x-mesh points
     xmax =   7.000000      # maximum value of x-mesh points
#    xdel =  0.1489362      # mesh width of x-mesh points
       nx =     94          # number of x-mesh points
#    data = ( x(i), i = 1, nx + 1 )
#          -7.00000E+00 -6.85106E+00 -6.70213E+00 -6.55319E+00 -6.40426E+00
#          -6.25532E+00 -6.10638E+00 -5.95745E+00 -5.80851E+00 -5.65957E+00
#          -5.51064E+00 -5.36170E+00 -5.21277E+00 -5.06383E+00 -4.91489E+00
#          -4.76596E+00 -4.61702E+00 -4.46809E+00 -4.31915E+00 -4.17021E+00
#          -4.02128E+00 -3.87234E+00 -3.72340E+00 -3.57447E+00 -3.42553E+00
#          -3.27660E+00 -3.12766E+00 -2.97872E+00 -2.82979E+00 -2.68085E+00
#          -2.53191E+00 -2.38298E+00 -2.23404E+00 -2.08511E+00 -1.93617E+00
#          -1.78723E+00 -1.63830E+00 -1.48936E+00 -1.34043E+00 -1.19149E+00
#          -1.04255E+00 -8.93617E-01 -7.44681E-01 -5.95745E-01 -4.46809E-01
#          -2.97872E-01 -1.48936E-01  0.00000E+00  1.48936E-01  2.97872E-01
#           4.46809E-01  5.95745E-01  7.44681E-01  8.93617E-01  1.04255E+00
#           1.19149E+00  1.34043E+00  1.48936E+00  1.63830E+00  1.78723E+00
#           1.93617E+00  2.08511E+00  2.23404E+00  2.38298E+00  2.53191E+00
#           2.68085E+00  2.82979E+00  2.97872E+00  3.12766E+00  3.27660E+00
#           3.42553E+00  3.57447E+00  3.72340E+00  3.87234E+00  4.02128E+00
#           4.17021E+00  4.31915E+00  4.46809E+00  4.61702E+00  4.76596E+00
#           4.91489E+00  5.06383E+00  5.21277E+00  5.36170E+00  5.51064E+00
#           5.65957E+00  5.80851E+00  5.95745E+00  6.10638E+00  6.25532E+00
#           6.40426E+00  6.55319E+00  6.70213E+00  6.85106E+00  7.00000E+00
   y-type =    1            # y-mesh is given by the below data
       ny =      1          # number of y-mesh points
#    data = ( y(i), i = 1, ny + 1 )
            0.00000E+00  1.00000E-01
   z-type =    2            # z-mesh is linear given by zmin, zmax and nz
     zmin =   59.00000      # minimum value of z-mesh points
     zmax =   61.50000      # maximum value of z-mesh points
#    zdel =  0.1250000      # mesh width of z-mesh points
       nz =     20          # number of z-mesh points
#    data = ( z(i), i = 1, nz + 1 )
#           5.90000E+01  5.91250E+01  5.92500E+01  5.93750E+01  5.95000E+01
#           5.96250E+01  5.97500E+01  5.98750E+01  6.00000E+01  6.01250E+01
#           6.02500E+01  6.03750E+01  6.05000E+01  6.06250E+01  6.07500E+01
#           6.08750E+01  6.10000E+01  6.11250E+01  6.12500E+01  6.13750E+01
#           6.15000E+01
   e-type =    1            # e-mesh is given by the below data
       ne =      1          # number of e-mesh points
#    data = ( e(i), i = 1, ne + 1 )
            0.00000E+00  1.00000E+03
     unit =    1            # unit is [1/cm^2/source]
 material =  all            # (D=all) number of specific material
  2D-type =    3            # 1:Cont, 2:Clust, 3:Color, 4:xyz, 5:mat, 6:Clust+Cont, 7:Col+Cont
     axis =      xz            # axis of output
     file = track_xz_zoom_M0.out  # file name of output for the above axis
     part =  proton   
# kf/name :  2212     
    gshow =    3            # 0: no 1:bnd, 2:bnd+mat, 3:bnd+reg 4:bnd+lat 5:bmp style
    resol =    1            # (D=1) resolution of gshow or rshow
    width = 0.5000000       # (D=0.5) width of lines for gshow or rshow
   epsout =    1            # (D=0) generate eps file by ANGEL
#    used :        main (  %)        temp (  %)       total (  %)
#  memory :         124 (  0)           0 (  0)         124 (  0)

#------------------------------------------------------------------------------
#newpage:
#   no. =  1   ie  =  1   iy  =  1   part. = proton  
#   e = (   0.0000E+00  -   1.0000E+03  )
#   y = (   0.0000E+00  -   1.0000E-01  )

'no. =  1,  ie =  1,  iy =  1'
msuc: {\huge [t-track] in xyz mesh}
msdr: {\it plotted by \ANGEL \version}
msdl: {\it calculated by \PHITS  3.35}

x: z [cm]
y: x [cm]
set: c1[ 5.600] c2[ 0.380] c5[ 0.800] c6[ 0.493] c7[ 3.067] c8[ 0.000]
p: h2fs form[c1] xfac[c2] afac[c5] scal[c6] xorg[c7] yorg[c8] nosp
set: c3[1.0e-4] c4[1.0]
p: cmin[c3] cmax[c4]
p: dmin(1e-31)
p: zlog
p: xmin(  59.00000    ) xmax(  61.50000    )
p: ymin( -7.000000    ) ymax(  7.000000    )
#  nx =  94   nz =  20
# ( ( data(z,x), z = 1, nz ), x = nx, 1, -1 )

hc:  y =   6.925532     to  -6.925532     by  0.1489362     ; x =   59.06250     to   61.43750     by  0.1250000     ;
  1.872E-01  1.874E-01  1.923E-01  1.887E-01  1.764E-01  1.810E-01  1.764E-01  1.713E-01  1.623E-01  1.595E-01
  1.593E-01  1.604E-01  1.539E-01  1.459E-01  1.502E-01  1.524E-01  1.575E-01  1.545E-01  1.478E-01  1.512E-01
  1.620E-01  1.626E-01  1.561E-01  1.528E-01  1.527E-01  1.495E-01  1.458E-01  1.505E-01  1.548E-01  1.525E-01
  1.502E-01  1.482E-01  1.472E-01  1.458E-01  1.569E-01  1.505E-01  1.351E-01  1.352E-01  1.458E-01  1.382E-01
  1.421E-01  1.407E-01  1.405E-01  1.394E-01  1.456E-01  1.455E-01  1.450E-01  1.430E-01  1.384E-01  1.372E-01
  1.297E-01  1.283E-01  1.281E-01  1.321E-01  1.362E-01  1.348E-01  1.373E-01  1.485E-01  1.451E-01  1.383E-01
  1.332E-01  1.311E-01  1.305E-01  1.300E-01  1.237E-01  1.251E-01  1.282E-01  1.274E-01  1.244E-01  1.289E-01
  1.292E-01  1.251E-01  1.279E-01  1.324E-01  1.254E-01  1.226E-01  1.181E-01  1.154E-01  1.104E-01  1.102E-01
  1.260E-01  1.208E-01  1.211E-01  1.212E-01  1.204E-01  1.171E-01  1.129E-01  1.138E-01  1.155E-01  1.133E-01
  1.141E-01  1.113E-01  1.118E-01  1.110E-01  1.097E-01  1.081E-01  1.092E-01  1.056E-01  1.022E-01  9.910E-02
  1.119E-01  1.093E-01  1.087E-01  1.076E-01  1.074E-01  1.088E-01  1.066E-01  1.068E-01  1.033E-01  1.005E-01
  9.875E-02  9.862E-02  9.597E-02  9.569E-02  9.578E-02  9.384E-02  9.157E-02  9.105E-02  9.313E-02  9.068E-02
  1.006E-01  9.648E-02  9.597E-02  9.492E-02  9.300E-02  9.364E-02  9.157E-02  8.971E-02  8.725E-02  8.744E-02
  8.793E-02  8.597E-02  8.594E-02  8.445E-02  8.333E-02  8.415E-02  8.189E-02  8.137E-02  7.943E-02  7.984E-02
  8.519E-02  8.261E-02  8.543E-02  8.385E-02  8.478E-02  8.359E-02  8.167E-02  7.926E-02  8.043E-02  7.864E-02
  7.899E-02  7.806E-02  7.797E-02  7.684E-02  7.583E-02  7.503E-02  7.490E-02  7.411E-02  7.494E-02  7.576E-02
  7.686E-02  7.713E-02  7.609E-02  7.652E-02  7.422E-02  7.237E-02  7.266E-02  7.383E-02  7.427E-02  7.231E-02
  7.151E-02  7.057E-02  7.167E-02  6.916E-02  6.720E-02  6.680E-02  6.646E-02  6.745E-02  6.491E-02  6.371E-02
  7.231E-02  7.101E-02  7.067E-02  6.873E-02  6.737E-02  6.711E-02  6.608E-02  6.602E-02  6.332E-02  6.214E-02
  6.215E-02  6.145E-02  6.148E-02  6.214E-02  6.243E-02  6.229E-02  6.282E-02  6.249E-02  6.246E-02  6.228E-02
  6.209E-02  6.290E-02  6.211E-02  6.127E-02  6.353E-02  6.348E-02  6.339E-02  6.260E-02  6.333E-02  6.352E-02
  6.267E-02  6.173E-02  6.015E-02  5.857E-02  5.721E-02  5.586E-02  5.595E-02  5.521E-02  5.486E-02  5.420E-02
  6.230E-02  6.112E-02  6.233E-02  6.171E-02  5.922E-02  5.775E-02  5.663E-02  5.494E-02  5.341E-02  5.240E-02
  5.201E-02  5.056E-02  5.054E-02  5.032E-02  4.965E-02  4.981E-02  4.986E-02  4.979E-02  4.996E-02  5.015E-02
  5.293E-02  5.186E-02  5.038E-02  4.980E-02  4.957E-02  4.954E-02  4.963E-02  4.981E-02  4.982E-02  5.032E-02
  4.930E-02  4.953E-02  4.961E-02  4.917E-02  4.851E-02  4.838E-02  4.879E-02  4.850E-02  4.883E-02  4.878E-02
  4.721E-02  4.701E-02  4.768E-02  4.800E-02  4.721E-02  4.651E-02  4.655E-02  4.629E-02  4.642E-02  4.561E-02
  4.550E-02  4.530E-02  4.532E-02  4.494E-02  4.505E-02  4.493E-02  4.446E-02  4.437E-02  4.399E-02  4.315E-02
  4.390E-02  4.399E-02  4.335E-02  4.298E-02  4.258E-02  4.315E-02  4.279E-02  4.269E-02  4.222E-02  4.168E-02
  4.105E-02  4.085E-02  4.104E-02  4.090E-02  4.077E-02  4.108E-02  4.107E-02  4.097E-02  4.061E-02  4.067E-02
  4.018E-02  3.968E-02  3.940E-02  3.905E-02  3.934E-02  3.912E-02  3.927E-02  3.957E-02  3.899E-02  3.909E-02
  3.904E-02  3.923E-02  3.944E-02  3.978E-02  3.961E-02  3.929E-02  3.873E-02  3.854E-02  3.811E-02  3.768E-02
  3.784E-02  3.790E-02  3.761E-02  3.732E-02  3.715E-02  3.727E-02  3.674E-02  3.658E-02  3.645E-02  3.639E-02
  3.616E-02  3.580E-02  3.511E-02  3.490E-02  3.424E-02  3.378E-02  3.369E-02  3.304E-02  3.294E-02  3.264E-02
  3.462E-02  3.407E-02  3.371E-02  3.380E-02  3.369E-02  3.292E-02  3.300E-02  3.270E-02  3.236E-02  3.181E-02
  3.144E-02  3.124E-02  3.138E-02  3.118E-02  3.106E-02  3.087E-02  3.081E-02  3.093E-02  3.091E-02  3.096E-02
  3.054E-02  3.052E-02  3.046E-02  3.014E-02  2.961E-02  2.979E-02  2.950E-02  2.914E-02  2.898E-02  2.905E-02
  2.882E-02  2.875E-02  2.866E-02  2.838E-02  2.845E-02  2.860E-02  2.847E-02  2.818E-02  2.812E-02  2.805E-02
  2.772E-02  2.761E-02  2.733E-02  2.719E-02  2.709E-02  2.695E-02  2.696E-02  2.695E-02  2.674E-02  2.638E-02
  2.626E-02  2.613E-02  2.582E-02  2.580E-02  2.571E-02  2.557E-02  2.544E-02  2.542E-02  2.570E-02  2.567E-02
  2.462E-02  2.449E-02  2.439E-02  2.436E-02  2.432E-02  2.432E-02  2.410E-02  2.401E-02  2.392E-02  2.409E-02
  2.422E-02  2.434E-02  2.450E-02  2.455E-02  2.455E-02  2.450E-02  2.436E-02  2.418E-02  2.407E-02  2.413E-02
  2.340E-02  2.344E-02  2.350E-02  2.335E-02  2.315E-02  2.309E-02  2.301E-02  2.301E-02  2.313E-02  2.323E-02
  2.311E-02  2.303E-02  2.306E-02  2.297E-02  2.297E-02  2.286E-02  2.301E-02  2.297E-02  2.308E-02  2.293E-02
  2.185E-02  2.184E-02  2.187E-02  2.190E-02  2.196E-02  2.184E-02  2.184E-02  2.186E-02  2.177E-02  2.164E-02
  2.154E-02  2.170E-02  2.157E-02  2.147E-02  2.134E-02  2.122E-02  2.106E-02  2.105E-02  2.098E-02  2.092E-02
  2.039E-02  2.027E-02  2.024E-02  2.016E-02  2.000E-02  2.002E-02  2.001E-02  1.990E-02  1.981E-02  1.975E-02
  1.980E-02  1.978E-02  1.968E-02  1.965E-02  1.961E-02  1.962E-02  1.960E-02  1.956E-02  1.948E-02  1.941E-02
  1.876E-02  1.871E-02  1.868E-02  1.860E-02  1.863E-02  1.863E-02  1.856E-02  1.856E-02  1.858E-02  1.861E-02
  1.848E-02  1.837E-02  1.837E-02  1.826E-02  1.833E-02  1.834E-02  1.836E-02  1.838E-02  1.839E-02  1.846E-02
  1.741E-02  1.740E-02  1.743E-02  1.741E-02  1.739E-02  1.739E-02  1.742E-02  1.740E-02  1.739E-02  1.740E-02
  1.739E-02  1.737E-02  1.738E-02  1.751E-02  1.741E-02  1.743E-02  1.741E-02  1.737E-02  1.736E-02  1.737E-02
  1.640E-02  1.646E-02  1.641E-02  1.643E-02  1.644E-02  1.640E-02  1.634E-02  1.635E-02  1.631E-02  1.625E-02
  1.629E-02  1.631E-02  1.628E-02  1.617E-02  1.610E-02  1.607E-02  1.611E-02  1.608E-02  1.610E-02  1.613E-02
  1.534E-02  1.535E-02  1.543E-02  1.541E-02  1.535E-02  1.537E-02  1.546E-02  1.549E-02  1.549E-02  1.545E-02
  1.541E-02  1.539E-02  1.535E-02  1.537E-02  1.544E-02  1.547E-02  1.547E-02  1.541E-02  1.541E-02  1.538E-02
  1.473E-02  1.465E-02  1.460E-02  1.454E-02  1.455E-02  1.458E-02  1.463E-02  1.462E-02  1.456E-02  1.457E-02
  1.457E-02  1.455E-02  1.457E-02  1.498E-02  1.705E-02  1.831E-02  1.902E-02  1.994E-02  2.098E-02  2.217E-02
  1.380E-02  1.384E-02  1.394E-02  1.399E-02  1.400E-02  1.404E-02  1.404E-02  1.402E-02  1.411E-02  1.410E-02
  1.413E-02  1.413E-02  1.412E-02  1.531E-02  2.249E-02  0.000E+00  0.000E+00  0.000E+00  0.000E+00  0.000E+00
  1.341E-02  1.341E-02  1.339E-02  1.342E-02  1.341E-02  1.337E-02  1.331E-02  1.333E-02  1.332E-02  1.332E-02
  1.332E-02  1.328E-02  1.331E-02  1.441E-02  2.105E-02  0.000E+00  0.000E+00  0.000E+00  0.000E+00  0.000E+00
  1.263E-02  1.264E-02  1.270E-02  1.274E-02  1.276E-02  1.282E-02  1.286E-02  1.291E-02  1.294E-02  1.293E-02
  1.295E-02  1.299E-02  1.301E-02  1.405E-02  2.013E-02  0.000E+00  0.000E+00  0.000E+00  0.000E+00  0.000E+00
  1.207E-02  1.212E-02  1.214E-02  1.215E-02  1.219E-02  1.222E-02  1.224E-02  1.225E-02  1.225E-02  1.233E-02
  1.239E-02  1.241E-02  1.241E-02  1.342E-02  1.933E-02  0.000E+00  1.000E+00  1.000E+00  0.000E+00  0.000E+00
  1.184E-02  1.190E-02  1.194E-02  1.196E-02  1.200E-02  1.202E-02  1.204E-02  1.207E-02  1.212E-02  1.217E-02
  1.220E-02  1.221E-02  1.225E-02  1.322E-02  1.906E-02  0.000E+00  0.000E+00  0.000E+00  0.000E+00  0.000E+00
  1.161E-02  1.162E-02  1.164E-02  1.166E-02  1.173E-02  1.177E-02  1.179E-02  1.184E-02  1.188E-02  1.190E-02
  1.189E-02  1.192E-02  1.195E-02  1.282E-02  1.827E-02  0.000E+00  0.000E+00  0.000E+00  0.000E+00  0.000E+00
  1.139E-02  1.141E-02  1.142E-02  1.147E-02  1.150E-02  1.152E-02  1.156E-02  1.157E-02  1.161E-02  1.165E-02
  1.169E-02  1.174E-02  1.178E-02  1.268E-02  1.795E-02  0.000E+00  0.000E+00  0.000E+00  0.000E+00  0.000E+00
  1.125E-02  1.128E-02  1.135E-02  1.139E-02  1.142E-02  1.145E-02  1.148E-02  1.154E-02  1.158E-02  1.162E-02
  1.167E-02  1.177E-02  1.341E-02  2.507E-02  3.789E-02  0.000E+00  0.000E+00  0.000E+00  0.000E+00  0.000E+00
  1.140E-02  1.141E-02  1.141E-02  1.143E-02  1.149E-02  1.154E-02  1.156E-02  1.155E-02  1.157E-02  1.161E-02
  1.165E-02  1.180E-02  1.401E-02  3.449E-01  0.000E+00  0.000E+00  0.000E+00  0.000E+00  0.000E+00  0.000E+00
  1.145E-02  1.148E-02  1.151E-02  1.157E-02  1.163E-02  1.168E-02  1.172E-02  1.176E-02  1.180E-02  1.184E-02
  1.188E-02  1.199E-02  1.425E-02  3.364E-01  0.000E+00  0.000E+00  0.000E+00  0.000E+00  0.000E+00  0.000E+00
  1.169E-02  1.173E-02  1.179E-02  1.180E-02  1.182E-02  1.184E-02  1.187E-02  1.188E-02  1.193E-02  1.196E-02
  1.200E-02  1.214E-02  1.457E-02  3.530E-01  0.000E+00  0.000E+00  0.000E+00  0.000E+00  0.000E+00  0.000E+00
  1.204E-02  1.207E-02  1.210E-02  1.215E-02  1.219E-02  1.221E-02  1.223E-02  1.228E-02  1.231E-02  1.235E-02
  1.237E-02  1.253E-02  1.518E-02  4.362E-01  0.000E+00  0.000E+00  0.000E+00  0.000E+00  0.000E+00  0.000E+00
  1.251E-02  1.253E-02  1.256E-02  1.258E-02  1.261E-02  1.264E-02  1.267E-02  1.271E-02  1.273E-02  1.276E-02
  1.281E-02  1.298E-02  1.576E-02  4.605E-01  0.000E+00  0.000E+00  0.000E+00  0.000E+00  1.000E+00  0.000E+00
  1.296E-02  1.299E-02  1.302E-02  1.304E-02  1.306E-02  1.309E-02  1.312E-02  1.315E-02  1.323E-02  1.327E-02
  1.327E-02  1.343E-02  1.647E-02  4.219E-01  0.000E+00  0.000E+00  0.000E+00  0.000E+00  1.000E+00  0.000E+00
  1.339E-02  1.344E-02  1.347E-02  1.349E-02  1.353E-02  1.353E-02  1.356E-02  1.361E-02  1.364E-02  1.368E-02
  1.375E-02  1.393E-02  1.702E-02  4.853E-01  0.000E+00  0.000E+00  0.000E+00  0.000E+00  0.000E+00  0.000E+00
  1.406E-02  1.407E-02  1.408E-02  1.407E-02  1.403E-02  1.406E-02  1.408E-02  1.410E-02  1.407E-02  1.408E-02
  1.412E-02  1.436E-02  1.806E-02  4.077E-01  0.000E+00  0.000E+00  0.000E+00  0.000E+00  0.000E+00  0.000E+00
  1.429E-02  1.433E-02  1.432E-02  1.432E-02  1.435E-02  1.434E-02  1.432E-02  1.433E-02  1.435E-02  1.440E-02
  1.445E-02  1.462E-02  1.812E-02  6.223E-01  0.000E+00  0.000E+00  0.000E+00  0.000E+00  0.000E+00  0.000E+00
  1.448E-02  1.452E-02  1.454E-02  1.453E-02  1.453E-02  1.452E-02  1.458E-02  1.456E-02  1.458E-02  1.455E-02
  1.455E-02  1.476E-02  1.859E-02  3.988E-01  0.000E+00  0.000E+00  0.000E+00  0.000E+00  0.000E+00  0.000E+00
  1.455E-02  1.456E-02  1.455E-02  1.458E-02  1.457E-02  1.454E-02  1.448E-02  1.450E-02  1.457E-02  1.463E-02
  1.464E-02  1.487E-02  1.862E-02  3.132E-01  0.000E+00  0.000E+00  0.000E+00  0.000E+00  0.000E+00  0.000E+00
  1.411E-02  1.413E-02  1.416E-02  1.417E-02  1.416E-02  1.416E-02  1.417E-02  1.423E-02  1.418E-02  1.416E-02
  1.416E-02  1.440E-02  1.814E-02  5.873E-01  0.000E+00  1.000E+00  1.000E+00  0.000E+00  1.000E+00  1.000E+00
  1.382E-02  1.387E-02  1.392E-02  1.392E-02  1.391E-02  1.388E-02  1.390E-02  1.391E-02  1.394E-02  1.398E-02
  1.393E-02  1.409E-02  1.753E-02  3.451E-01  0.000E+00  0.000E+00  0.000E+00  0.000E+00  0.000E+00  1.000E+00
  1.344E-02  1.346E-02  1.349E-02  1.352E-02  1.356E-02  1.354E-02  1.350E-02  1.351E-02  1.352E-02  1.353E-02
  1.355E-02  1.371E-02  1.674E-02  4.840E-01  0.000E+00  0.000E+00  0.000E+00  0.000E+00  0.000E+00  0.000E+00
  1.275E-02  1.277E-02  1.279E-02  1.282E-02  1.286E-02  1.289E-02  1.292E-02  1.294E-02  1.297E-02  1.300E-02
  1.304E-02  1.324E-02  1.603E-02  4.964E-01  0.000E+00  0.000E+00  0.000E+00  0.000E+00  0.000E+00  0.000E+00
  1.231E-02  1.232E-02  1.232E-02  1.237E-02  1.243E-02  1.249E-02  1.251E-02  1.258E-02  1.259E-02  1.264E-02
  1.266E-02  1.280E-02  1.548E-02  3.565E-01  0.000E+00  1.000E+00  1.000E+00  0.000E+00  0.000E+00  1.000E+00
  1.187E-02  1.191E-02  1.196E-02  1.200E-02  1.202E-02  1.204E-02  1.206E-02  1.212E-02  1.218E-02  1.224E-02
  1.228E-02  1.243E-02  1.489E-02  5.578E-01  0.000E+00  0.000E+00  0.000E+00  0.000E+00  0.000E+00  1.000E+00
  1.166E-02  1.169E-02  1.171E-02  1.176E-02  1.181E-02  1.187E-02  1.191E-02  1.195E-02  1.196E-02  1.197E-02
  1.201E-02  1.215E-02  1.449E-02  4.165E-01  0.000E+00  0.000E+00  0.000E+00  0.000E+00  0.000E+00  0.000E+00
  1.137E-02  1.140E-02  1.143E-02  1.147E-02  1.153E-02  1.155E-02  1.157E-02  1.161E-02  1.165E-02  1.170E-02
  1.173E-02  1.187E-02  1.417E-02  3.042E-01  0.000E+00  0.000E+00  0.000E+00  0.000E+00  0.000E+00  0.000E+00
  1.115E-02  1.122E-02  1.129E-02  1.133E-02  1.137E-02  1.143E-02  1.147E-02  1.154E-02  1.161E-02  1.165E-02
  1.165E-02  1.176E-02  1.399E-02  4.704E-02  5.403E-02  6.162E-02  7.176E-02  5.774E-01  6.283E-01  5.774E-01
  1.125E-02  1.127E-02  1.132E-02  1.138E-02  1.140E-02  1.140E-02  1.141E-02  1.142E-02  1.144E-02  1.151E-02
  1.158E-02  1.175E-02  1.436E-02  3.863E-02  5.090E-02  4.898E-02  5.010E-02  0.000E+00  0.000E+00  0.000E+00
  1.139E-02  1.141E-02  1.147E-02  1.146E-02  1.148E-02  1.152E-02  1.156E-02  1.160E-02  1.163E-02  1.167E-02
  1.227E-02  1.686E-02  4.079E-02  0.000E+00  0.000E+00  0.000E+00  0.000E+00  0.000E+00  0.000E+00  0.000E+00
  1.160E-02  1.161E-02  1.164E-02  1.168E-02  1.171E-02  1.173E-02  1.174E-02  1.175E-02  1.178E-02  1.283E-02
  2.019E-02  3.350E-01  0.000E+00  0.000E+00  0.000E+00  0.000E+00  0.000E+00  0.000E+00  0.000E+00  0.000E+00
  1.189E-02  1.192E-02  1.192E-02  1.193E-02  1.194E-02  1.200E-02  1.202E-02  1.204E-02  1.310E-02  2.011E-02
  0.000E+00  0.000E+00  0.000E+00  0.000E+00  0.000E+00  0.000E+00  0.000E+00  0.000E+00  0.000E+00  0.000E+00
  1.219E-02  1.216E-02  1.219E-02  1.223E-02  1.225E-02  1.226E-02  1.228E-02  1.295E-02  1.807E-02  4.516E-01
  0.000E+00  0.000E+00  0.000E+00  0.000E+00  0.000E+00  0.000E+00  0.000E+00  0.000E+00  0.000E+00  0.000E+00
  1.253E-02  1.258E-02  1.259E-02  1.260E-02  1.264E-02  1.267E-02  1.292E-02  1.634E-02  6.126E-02  0.000E+00
  0.000E+00  0.000E+00  0.000E+00  0.000E+00  0.000E+00  0.000E+00  0.000E+00  0.000E+00  0.000E+00  0.000E+00
  1.299E-02  1.299E-02  1.301E-02  1.306E-02  1.306E-02  1.307E-02  1.507E-02  2.877E-02  0.000E+00  0.000E+00
  0.000E+00  0.000E+00  0.000E+00  0.000E+00  0.000E+00  0.000E+00  0.000E+00  0.000E+00  0.000E+00  0.000E+00
  1.377E-02  1.382E-02  1.386E-02  1.385E-02  1.393E-02  1.464E-02  2.047E-02  0.000E+00  0.000E+00  0.000E+00
  0.000E+00  0.000E+00  0.000E+00  0.000E+00  0.000E+00  0.000E+00  0.000E+00  0.000E+00  0.000E+00  0.000E+00
  1.446E-02  1.446E-02  1.440E-02  1.439E-02  1.448E-02  1.733E-02  4.096E-02  0.000E+00  0.000E+00  0.000E+00
  0.000E+00  0.000E+00  0.000E+00  0.000E+00  0.000E+00  0.000E+00  0.000E+00  0.000E+00  0.000E+00  0.000E+00
  1.553E-02  1.553E-02  1.554E-02  1.554E-02  1.650E-02  2.345E-02  0.000E+00  0.000E+00  0.000E+00  0.000E+00
  0.000E+00  0.000E+00  0.000E+00  0.000E+00  0.000E+00  0.000E+00  0.000E+00  0.000E+00  0.000E+00  0.000E+00
  1.645E-02  1.642E-02  1.641E-02  1.644E-02  1.967E-02  4.262E-02  0.000E+00  0.000E+00  0.000E+00  0.000E+00
  0.000E+00  0.000E+00  0.000E+00  0.000E+00  0.000E+00  0.000E+00  0.000E+00  0.000E+00  0.000E+00  0.000E+00
  1.704E-02  1.713E-02  1.712E-02  1.796E-02  2.441E-02  0.000E+00  0.000E+00  0.000E+00  0.000E+00  0.000E+00
  0.000E+00  0.000E+00  0.000E+00  0.000E+00  0.000E+00  0.000E+00  0.000E+00  0.000E+00  0.000E+00  0.000E+00
  1.844E-02  1.844E-02  1.837E-02  2.097E-02  3.472E-02  0.000E+00  0.000E+00  0.000E+00  0.000E+00  0.000E+00
  0.000E+00  0.000E+00  0.000E+00  0.000E+00  0.000E+00  0.000E+00  0.000E+00  0.000E+00  0.000E+00  0.000E+00
  1.980E-02  1.963E-02  1.987E-02  2.590E-02  1.206E-01  0.000E+00  0.000E+00  0.000E+00  0.000E+00  0.000E+00
  0.000E+00  0.000E+00  0.000E+00  0.000E+00  0.000E+00  0.000E+00  0.000E+00  0.000E+00  0.000E+00  0.000E+00
  2.112E-02  2.118E-02  2.293E-02  3.394E-02  0.000E+00  0.000E+00  0.000E+00  0.000E+00  0.000E+00  0.000E+00
  0.000E+00  0.000E+00  0.000E+00  0.000E+00  0.000E+00  0.000E+00  0.000E+00  0.000E+00  0.000E+00  0.000E+00
  2.312E-02  2.298E-02  2.693E-02  4.634E-02  0.000E+00  0.000E+00  0.000E+00  0.000E+00  0.000E+00  0.000E+00
  0.000E+00  0.000E+00  0.000E+00  0.000E+00  0.000E+00  0.000E+00  0.000E+00  0.000E+00  0.000E+00  0.000E+00
  2.556E-02  2.585E-02  3.497E-02  1.363E-01  0.000E+00  0.000E+00  0.000E+00  0.000E+00  0.000E+00  0.000E+00
  0.000E+00  0.000E+00  0.000E+00  0.000E+00  0.000E+00  0.000E+00  0.000E+00  0.000E+00  0.000E+00  0.000E+00
  2.700E-02  2.851E-02  4.135E-02  0.000E+00  0.000E+00  0.000E+00  0.000E+00  0.000E+00  0.000E+00  0.000E+00
  0.000E+00  0.000E+00  0.000E+00  0.000E+00  0.000E+00  0.000E+00  0.000E+00  0.000E+00  0.000E+00  0.000E+00
  2.979E-02  3.422E-02  5.382E-02  0.000E+00  0.000E+00  0.000E+00  0.000E+00  0.000E+00  0.000E+00  0.000E+00
  0.000E+00  0.000E+00  0.000E+00  0.000E+00  0.000E+00  0.000E+00  0.000E+00  0.000E+00  0.000E+00  0.000E+00
  3.377E-02  4.420E-02  8.845E-02  0.000E+00  0.000E+00  0.000E+00  0.000E+00  0.000E+00  0.000E+00  0.000E+00
  0.000E+00  0.000E+00  0.000E+00  0.000E+00  0.000E+00  0.000E+00  0.000E+00  0.000E+00  0.000E+00  0.000E+00
  3.700E-02  5.370E-02  6.095E-01  0.000E+00  0.000E+00  0.000E+00  0.000E+00  0.000E+00  0.000E+00  0.000E+00
  0.000E+00  0.000E+00  0.000E+00  0.000E+00  0.000E+00  0.000E+00  0.000E+00  0.000E+00  0.000E+00  0.000E+00
  4.509E-02  6.891E-02  0.000E+00  0.000E+00  0.000E+00  0.000E+00  0.000E+00  0.000E+00  0.000E+00  0.000E+00
  0.000E+00  0.000E+00  0.000E+00  0.000E+00  0.000E+00  0.000E+00  0.000E+00  0.000E+00  0.000E+00  0.000E+00
  5.162E-02  8.772E-02  0.000E+00  0.000E+00  0.000E+00  0.000E+00  0.000E+00  0.000E+00  0.000E+00  0.000E+00
  0.000E+00  0.000E+00  0.000E+00  0.000E+00  0.000E+00  0.000E+00  0.000E+00  0.000E+00  0.000E+00  0.000E+00
  6.152E-02  1.151E-01  0.000E+00  0.000E+00  0.000E+00  0.000E+00  0.000E+00  0.000E+00  0.000E+00  0.000E+00
  0.000E+00  0.000E+00  0.000E+00  0.000E+00  0.000E+00  0.000E+00  0.000E+00  0.000E+00  0.000E+00  0.000E+00
  8.095E-02  2.051E-01  0.000E+00  0.000E+00  0.000E+00  0.000E+00  0.000E+00  0.000E+00  0.000E+00  0.000E+00
  0.000E+00  0.000E+00  0.000E+00  0.000E+00  0.000E+00  0.000E+00  0.000E+00  0.000E+00  0.000E+00  0.000E+00
  9.489E-02  1.000E+00  0.000E+00  0.000E+00  0.000E+00  0.000E+00  0.000E+00  0.000E+00  0.000E+00  0.000E+00
  0.000E+00  0.000E+00  0.000E+00  0.000E+00  0.000E+00  0.000E+00  0.000E+00  0.000E+00  0.000E+00  0.000E+00
  1.188E-01  0.000E+00  0.000E+00  0.000E+00  0.000E+00  0.000E+00  0.000E+00  0.000E+00  0.000E+00  0.000E+00
  0.000E+00  0.000E+00  0.000E+00  0.000E+00  0.000E+00  0.000E+00  0.000E+00  0.000E+00  0.000E+00  0.000E+00
  1.647E-01  0.000E+00  0.000E+00  0.000E+00  0.000E+00  0.000E+00  0.000E+00  0.000E+00  0.000E+00  0.000E+00
  0.000E+00  0.000E+00  0.000E+00  0.000E+00  0.000E+00  0.000E+00  0.000E+00  0.000E+00  0.000E+00  0.000E+00
  2.484E-01  0.000E+00  0.000E+00  0.000E+00  0.000E+00  0.000E+00  0.000E+00  0.000E+00  0.000E+00  0.000E+00
  0.000E+00  0.000E+00  0.000E+00  0.000E+00  0.000E+00  0.000E+00  0.000E+00  0.000E+00  0.000E+00  0.000E+00
  2.345E-01  0.000E+00  0.000E+00  0.000E+00  0.000E+00  0.000E+00  0.000E+00  0.000E+00  0.000E+00  0.000E+00
  0.000E+00  0.000E+00  0.000E+00  0.000E+00  0.000E+00  0.000E+00  0.000E+00  0.000E+00  0.000E+00  0.000E+00
  3.320E-01  0.000E+00  0.000E+00  0.000E+00  0.000E+00  0.000E+00  0.000E+00  0.000E+00  0.000E+00  0.000E+00
  0.000E+00  0.000E+00  0.000E+00  0.000E+00  0.000E+00  0.000E+00  0.000E+00  0.000E+00  0.000E+00  0.000E+00
  5.039E-01  0.000E+00  0.000E+00  0.000E+00  0.000E+00  0.000E+00  0.000E+00  0.000E+00  0.000E+00  0.000E+00
  0.000E+00  0.000E+00  0.000E+00  0.000E+00  0.000E+00  0.000E+00  0.000E+00  0.000E+00  0.000E+00  0.000E+00
  1.000E+00  0.000E+00  0.000E+00  0.000E+00  0.000E+00  0.000E+00  0.000E+00  0.000E+00  0.000E+00  0.000E+00
  0.000E+00  0.000E+00  0.000E+00  0.000E+00  0.000E+00  0.000E+00  0.000E+00  0.000E+00  0.000E+00  0.000E+00
  8.743E-01  0.000E+00  0.000E+00  0.000E+00  0.000E+00  0.000E+00  0.000E+00  0.000E+00  0.000E+00  0.000E+00
  0.000E+00  0.000E+00  0.000E+00  0.000E+00  0.000E+00  0.000E+00  0.000E+00  0.000E+00  0.000E+00  0.000E+00
  0.000E+00  0.000E+00  0.000E+00  0.000E+00  0.000E+00  0.000E+00  0.000E+00  0.000E+00  0.000E+00  0.000E+00
  0.000E+00  0.000E+00  0.000E+00  0.000E+00  0.000E+00  0.000E+00  0.000E+00  0.000E+00  0.000E+00  0.000E+00
  0.000E+00  0.000E+00  0.000E+00  0.000E+00  0.000E+00  0.000E+00  0.000E+00  0.000E+00  0.000E+00  0.000E+00
  0.000E+00  0.000E+00  0.000E+00  0.000E+00  0.000E+00  0.000E+00  0.000E+00  0.000E+00  0.000E+00  0.000E+00
  0.000E+00  0.000E+00  0.000E+00  0.000E+00  0.000E+00  0.000E+00  0.000E+00  0.000E+00  0.000E+00  0.000E+00
  0.000E+00  0.000E+00  0.000E+00  0.000E+00  0.000E+00  0.000E+00  0.000E+00  0.000E+00  0.000E+00  0.000E+00

#------------------------------------------------------------------------------
# gshow
#------------------------------------------------------------------------------

p: legs[c5*0.875]

w:700/ x(   0.6025000E+02) y(  -0.4324753E+01) ix(2) iy(2) s(   0.7000E+00)

hb:   line clip z  
frame:
  5.9000003E+01 -6.9999675E+00
  6.1500003E+01 -6.9999675E+00
  6.1500003E+01  7.0000325E+00
  5.9000003E+01  7.0000325E+00
clip:
  5.88809555E+01 -7.14733558E+00
  6.16190507E+01 -7.14733558E+00
  6.16190507E+01 -6.99526391E+00
  6.16190507E+01 -6.84319224E+00
  6.16190507E+01 -6.69112058E+00
  6.16190507E+01 -6.53904891E+00
  6.16190507E+01 -6.38697724E+00
  6.16190507E+01 -6.23490557E+00
  6.16190507E+01 -6.08283390E+00
  6.16190507E+01 -5.93076223E+00
  6.16190507E+01 -5.77869056E+00
  6.16190507E+01 -5.62661890E+00
  6.16190507E+01 -5.47454723E+00
  6.16190507E+01 -5.32247556E+00
  6.16190507E+01 -5.17040389E+00
  6.16190507E+01 -5.01833222E+00
  6.16190507E+01 -4.86626055E+00
  6.16190507E+01 -4.71418889E+00
  6.16190507E+01 -4.56211722E+00
  6.16190507E+01 -4.41004555E+00
  6.16190507E+01 -4.25797388E+00
  6.16190507E+01 -4.10590221E+00
  6.16190507E+01 -3.95383054E+00
  6.16190507E+01 -3.80175887E+00
  6.16190507E+01 -3.64968721E+00
  6.16190507E+01 -3.49761554E+00
  6.16190507E+01 -3.34554387E+00
  6.16190507E+01 -3.19347220E+00
  6.16190507E+01 -3.04140053E+00
  6.16190507E+01 -2.88932886E+00
  6.16190507E+01 -2.73725719E+00
  6.16190507E+01 -2.58518553E+00
  6.16190507E+01 -2.43311386E+00
  6.16190507E+01 -2.28104219E+00
  6.16190507E+01 -2.12897052E+00
  6.16190507E+01 -2.09765478E+00
  6.15301659E+01 -1.97689885E+00
  6.15075688E+01 -1.94865951E+00
  6.14821459E+01 -1.91804364E+00
  6.13976444E+01 -1.82482718E+00
  6.13701040E+01 -1.79720991E+00
  6.13452412E+01 -1.77341573E+00
  6.12244351E+01 -1.67275551E+00
  6.12146931E+01 -1.66569464E+00
  6.12083364E+01 -1.66117088E+00
  6.11811638E+01 -1.64257256E+00
  6.10714317E+01 -1.57946698E+00
  6.09422266E+01 -1.52923652E+00
  6.09345269E+01 -1.52705061E+00
  6.09099841E+01 -1.52068385E+00
  6.08123127E+01 -1.50436575E+00
  6.07976221E+01 -1.50315373E+00
  6.07809558E+01 -1.50217109E+00
  6.06607174E+01 -1.50743515E+00
  6.06501424E+01 -1.50893731E+00
  6.05900159E+01 -1.52068385E+00
  6.05238126E+01 -1.59646045E+00
  6.04560998E+01 -1.59754113E+00
  6.03869078E+01 -1.60118208E+00
  6.03447600E+01 -1.62593831E+00
  6.02755649E+01 -1.67275551E+00
  6.02500031E+01 -1.69202240E+00
  6.01816392E+01 -1.74888966E+00
  6.01130983E+01 -1.81389568E+00
  6.01079502E+01 -1.81910878E+00
  6.01023556E+01 -1.82482718E+00
  5.99761936E+01 -1.96885289E+00
  5.99728031E+01 -1.97313280E+00
  5.99698341E+01 -1.97689885E+00
  5.99337062E+01 -2.02409317E+00
  5.98596431E+01 -2.12897052E+00
  5.98392888E+01 -2.15977323E+00
  5.97942764E+01 -2.23104308E+00
  5.97642653E+01 -2.28104219E+00
  5.97023840E+01 -2.39068662E+00
  5.96881159E+01 -2.41726501E+00
  5.96797331E+01 -2.43311386E+00
  5.96493649E+01 -2.49200673E+00
  5.96036447E+01 -2.58518553E+00
  5.95654793E+01 -2.66732249E+00
  5.95445846E+01 -2.71404771E+00
  5.95344134E+01 -2.73725719E+00
  5.95063343E+01 -2.80295454E+00
  5.94709253E+01 -2.88932886E+00
  5.94285745E+01 -2.99810171E+00
  5.94170986E+01 -3.02865329E+00
  5.94123625E+01 -3.04140053E+00
  5.94011767E+01 -3.07183357E+00
  5.93581030E+01 -3.19347220E+00
  5.93165702E+01 -3.31788483E+00
  5.93076612E+01 -3.34554387E+00
  5.92916698E+01 -3.39609552E+00
  5.92684091E+01 -3.47177800E+00
  5.92606491E+01 -3.49761554E+00
  5.92455162E+01 -3.54888221E+00
  5.92167512E+01 -3.64968721E+00
  5.91843449E+01 -3.76890200E+00
  5.91757069E+01 -3.80175887E+00
  5.91547650E+01 -3.88342657E+00
  5.91410365E+01 -3.93858115E+00
  5.91372984E+01 -3.95383054E+00
  5.91308436E+01 -3.98040201E+00
  5.91013414E+01 -4.10590221E+00
  5.90835546E+01 -4.18500156E+00
  5.90676788E+01 -4.25797388E+00
  5.90414563E+01 -4.38383540E+00
  5.90361752E+01 -4.41004555E+00
  5.90178602E+01 -4.50336817E+00
  5.90086367E+01 -4.55187183E+00
  5.90067138E+01 -4.56211722E+00
  5.90037994E+01 -4.57773572E+00
  5.89791925E+01 -4.71418889E+00
  5.89700151E+01 -4.76733447E+00
  5.89535222E+01 -4.86626055E+00
  5.89396592E+01 -4.95312502E+00
  5.89296245E+01 -5.01833222E+00
  5.89123771E+01 -5.13550124E+00
  5.89074306E+01 -5.17040389E+00
  5.88878804E+01 -5.31478345E+00
  5.88868795E+01 -5.32247556E+00
  5.88809555E+01 -5.36865563E+00
  5.88809555E+01 -5.47454723E+00
  5.88809555E+01 -5.62661890E+00
  5.88809555E+01 -5.77869056E+00
  5.88809555E+01 -5.93076223E+00
  5.88809555E+01 -6.08283390E+00
  5.88809555E+01 -6.23490557E+00
  5.88809555E+01 -6.38697724E+00
  5.88809555E+01 -6.53904891E+00
  5.88809555E+01 -6.69112058E+00
  5.88809555E+01 -6.84319224E+00
  5.88809555E+01 -6.99526391E+00
  5.88809555E+01 -7.14733558E+00

w:6001/ x(   0.5888096E+02) y(  -0.5322476E+01) ix(2) iy(2) s(   0.7000E+00)

hb:   line clip z  
frame:
  5.9000003E+01 -6.9999675E+00
  6.1500003E+01 -6.9999675E+00
  6.1500003E+01  7.0000325E+00
  5.9000003E+01  7.0000325E+00
clip:
  5.88809555E+01 -5.36865563E+00
  5.89296245E+01 -5.01833222E+00
  5.89791925E+01 -4.71418889E+00
  5.90414563E+01 -4.38383540E+00
  5.91013414E+01 -4.10590221E+00
  5.91547650E+01 -3.88342657E+00
  5.92167512E+01 -3.64968721E+00
  5.92606491E+01 -3.49761554E+00
  5.93165702E+01 -3.31788483E+00
  5.94011767E+01 -3.07183357E+00
  5.94579627E+01 -2.92197282E+00
  5.95063343E+01 -2.80295454E+00
  5.95654793E+01 -2.66732249E+00
  5.96036447E+01 -2.58518553E+00
  5.96493649E+01 -2.49200673E+00
  5.97023840E+01 -2.39068662E+00
  5.97642653E+01 -2.28104219E+00
  5.98392888E+01 -2.15977323E+00
  5.98596431E+01 -2.12897052E+00
  5.99337062E+01 -2.02409317E+00
  5.99698341E+01 -1.97689885E+00
  6.00385136E+01 -1.89405134E+00
  6.01023556E+01 -1.82482718E+00
  6.00719162E+01 -1.71850000E+00
  5.99761936E+01 -1.71850000E+00
  5.98804709E+01 -1.71850000E+00
  5.98392888E+01 -1.71850000E+00
  5.97435662E+01 -1.71850000E+00
  5.97023840E+01 -1.71850000E+00
  5.96066614E+01 -1.71850000E+00
  5.95654793E+01 -1.71850000E+00
  5.94697567E+01 -1.71850000E+00
  5.94285745E+01 -1.71850000E+00
  5.93328519E+01 -1.71850000E+00
  5.92916698E+01 -1.71850000E+00
  5.91959471E+01 -1.71850000E+00
  5.91547650E+01 -1.71850000E+00
  5.90590424E+01 -1.71850000E+00
  5.90178602E+01 -1.71850000E+00
  5.89221376E+01 -1.71850000E+00
  5.88809555E+01 -1.71850000E+00
  5.88809555E+01 -1.82482718E+00
  5.88809555E+01 -1.97689885E+00
  5.88809555E+01 -2.12897052E+00
  5.88809555E+01 -2.28104219E+00
  5.88809555E+01 -2.43311386E+00
  5.88809555E+01 -2.58518553E+00
  5.88809555E+01 -2.73725719E+00
  5.88809555E+01 -2.88932886E+00
  5.88809555E+01 -3.04140053E+00
  5.88809555E+01 -3.19347220E+00
  5.88809555E+01 -3.34554387E+00
  5.88809555E+01 -3.49761554E+00
  5.88809555E+01 -3.64968721E+00
  5.88809555E+01 -3.80175887E+00
  5.88809555E+01 -3.95383054E+00
  5.88809555E+01 -4.10590221E+00
  5.88809555E+01 -4.25797388E+00
  5.88809555E+01 -4.41004555E+00
  5.88809555E+01 -4.56211722E+00
  5.88809555E+01 -4.71418889E+00
  5.88809555E+01 -4.86626055E+00
  5.88809555E+01 -5.01833222E+00
  5.88809555E+01 -5.17040389E+00
  5.88809555E+01 -5.32247556E+00

w:6001/ x(   0.6150274E+02) y(  -0.1908077E+01) ix(2) iy(2) s(   0.7000E+00)

hb:   line clip z  
frame:
  5.9000003E+01 -6.9999675E+00
  6.1500003E+01 -6.9999675E+00
  6.1500003E+01  7.0000325E+00
  5.9000003E+01  7.0000325E+00
clip:
  6.15709366E+01 -2.03034329E+00
  6.16190507E+01 -2.09765478E+00
  6.16190507E+01 -1.97689885E+00
  6.16190507E+01 -1.82482718E+00
  6.16190507E+01 -1.71850000E+00
  6.15233281E+01 -1.71850000E+00
  6.14821459E+01 -1.71850000E+00
  6.13864233E+01 -1.71850000E+00
  6.13976444E+01 -1.82482718E+00
  6.14821459E+01 -1.91804364E+00
  6.15301659E+01 -1.97689885E+00

w:6002/ x(   0.5963048E+02) y(  -0.1593500E+01) ix(2) iy(2) s(   0.7000E+00)

hb:   line clip z  
frame:
  5.9000003E+01 -6.9999675E+00
  6.1500003E+01 -6.9999675E+00
  6.1500003E+01  7.0000325E+00
  5.9000003E+01  7.0000325E+00
clip:
  5.88809555E+01 -1.71850000E+00
  6.01542805E+01 -1.71850000E+00
  6.02602672E+01 -1.68415678E+00
  6.03800000E+01 -1.52835698E+00
  6.03800000E+01 -1.52068385E+00
  6.02969824E+01 -1.46850000E+00
  6.02500031E+01 -1.46850000E+00
  6.02030238E+01 -1.46850000E+00
  6.01130983E+01 -1.46850000E+00
  6.00661190E+01 -1.46850000E+00
  5.99761936E+01 -1.46850000E+00
  5.99292143E+01 -1.46850000E+00
  5.98392888E+01 -1.46850000E+00
  5.97923095E+01 -1.46850000E+00
  5.97023840E+01 -1.46850000E+00
  5.96554048E+01 -1.46850000E+00
  5.95654793E+01 -1.46850000E+00
  5.95185000E+01 -1.46850000E+00
  5.94285745E+01 -1.46850000E+00
  5.93815952E+01 -1.46850000E+00
  5.92916698E+01 -1.46850000E+00
  5.92446905E+01 -1.46850000E+00
  5.91547650E+01 -1.46850000E+00
  5.91077857E+01 -1.46850000E+00
  5.90178602E+01 -1.46850000E+00
  5.89708810E+01 -1.46850000E+00
  5.88809555E+01 -1.46850000E+00
  5.88809555E+01 -1.52068385E+00
  5.88809555E+01 -1.67275551E+00

w:6000/ x(   0.6131453E+02) y(  -0.1593500E+01) ix(2) iy(2) s(   0.7000E+00)

hb:   line clip z  
frame:
  5.9000003E+01 -6.9999675E+00
  6.1500003E+01 -6.9999675E+00
  6.1500003E+01  7.0000325E+00
  5.9000003E+01  7.0000325E+00
clip:
  6.13040590E+01 -1.71850000E+00
  6.16190507E+01 -1.71850000E+00
  6.16190507E+01 -1.67275551E+00
  6.16190507E+01 -1.52068385E+00
  6.16190507E+01 -1.46850000E+00
  6.15720714E+01 -1.46850000E+00
  6.14821459E+01 -1.46850000E+00
  6.14351667E+01 -1.46850000E+00
  6.13452412E+01 -1.46850000E+00
  6.12982619E+01 -1.46850000E+00
  6.12083364E+01 -1.46850000E+00
  6.11613571E+01 -1.46850000E+00
  6.10714317E+01 -1.46850000E+00
  6.10244524E+01 -1.46850000E+00
  6.10339969E+01 -1.56226577E+00
  6.11811638E+01 -1.64257256E+00
  6.12244351E+01 -1.67275551E+00

w:510/ x(   0.6048000E+02) y(  -0.2701332E-04) ix(2) iy(2) s(   0.7000E+00)

hb:   line clip z  
clip:
  6.03800000E+01 -1.52835698E+00
  6.03869078E+01 -1.59104200E+00
  6.04560998E+01 -1.59754113E+00
  6.05238126E+01 -1.59646045E+00
  6.05800000E+01 -1.58309592E+00
  6.05800000E+01 -1.52068385E+00
  6.05800000E+01 -1.45827177E+00
  6.05800000E+01 -1.36861218E+00
  6.05800000E+01 -1.30620010E+00
  6.05800000E+01 -1.21654051E+00
  6.05800000E+01 -1.15412843E+00
  6.05800000E+01 -1.06446884E+00
  6.05800000E+01 -1.00205677E+00
  6.05800000E+01 -9.12397172E-01
  6.05800000E+01 -8.49985098E-01
  6.05800000E+01 -7.60325503E-01
  6.05800000E+01 -6.97913429E-01
  6.05800000E+01 -6.08253835E-01
  6.05800000E+01 -5.45841761E-01
  6.05800000E+01 -4.56182166E-01
  6.05800000E+01 -3.93770092E-01
  6.05800000E+01 -3.04110498E-01
  6.05800000E+01 -2.41698424E-01
  6.05800000E+01 -1.52038829E-01
  6.05800000E+01 -8.96267552E-02
  6.05800000E+01  3.28395046E-05
  6.05800000E+01  6.24449134E-02
  6.05800000E+01  1.52104508E-01
  6.05800000E+01  2.14516582E-01
  6.05800000E+01  3.04176177E-01
  6.05800000E+01  3.66588250E-01
  6.05800000E+01  4.56247845E-01
  6.05800000E+01  5.18659919E-01
  6.05800000E+01  6.08319514E-01
  6.05800000E+01  6.70731588E-01
  6.05800000E+01  7.60391182E-01
  6.05800000E+01  8.22803256E-01
  6.05800000E+01  9.12462851E-01
  6.05800000E+01  9.74874925E-01
  6.05800000E+01  1.06453452E+00
  6.05800000E+01  1.12694659E+00
  6.05800000E+01  1.21660619E+00
  6.05800000E+01  1.27901826E+00
  6.05800000E+01  1.36867786E+00
  6.05800000E+01  1.43108993E+00
  6.05800000E+01  1.52074952E+00
  6.05800000E+01  1.58316160E+00
  6.05238126E+01  1.59646045E+00
  6.04547285E+01  1.59748711E+00
  6.03869078E+01  1.59104200E+00
  6.03800000E+01  1.52842265E+00
  6.03800000E+01 -1.52068385E+00

w:6002/ x(   0.6094877E+02) y(  -0.1498868E+01) ix(2) iy(2) s(   0.7000E+00)

hb:   line clip z  
clip:
  6.09299311E+01 -1.52578882E+00
  6.09422266E+01 -1.52923652E+00
  6.10100000E+01 -1.52068385E+00
  6.09815062E+01 -1.46850000E+00
  6.09345269E+01 -1.46850000E+00
  6.08875476E+01 -1.46850000E+00
  6.09099841E+01 -1.52068385E+00

w:2/ x(   0.6025000E+02) y(   0.2839451E+01) ix(2) iy(2) s(   0.7000E+00)

hb:   line clip z  
frame:
  5.9000003E+01 -6.9999675E+00
  6.1500003E+01 -6.9999675E+00
  6.1500003E+01  7.0000325E+00
  5.9000003E+01  7.0000325E+00
clip:
  5.88809555E+01 -1.46850000E+00
  6.02030238E+01 -1.46850000E+00
  6.02300000E+01 -1.36861218E+00
  6.02300000E+01 -1.23875962E+00
  6.02300000E+01 -1.21654051E+00
  6.02300000E+01 -1.08668796E+00
  6.02300000E+01 -1.06446884E+00
  6.02300000E+01 -9.34616287E-01
  6.02300000E+01 -9.12397172E-01
  6.02300000E+01 -7.82544619E-01
  6.02300000E+01 -7.60325503E-01
  6.02300000E+01 -6.30472950E-01
  6.02300000E+01 -6.08253835E-01
  6.02300000E+01 -4.78401282E-01
  6.02300000E+01 -4.56182166E-01
  6.02300000E+01 -3.26329613E-01
  6.02300000E+01 -3.04110498E-01
  6.02300000E+01 -1.74257945E-01
  6.02300000E+01 -1.52038829E-01
  6.02300000E+01 -2.21862761E-02
  6.02300000E+01  3.28395046E-05
  6.02300000E+01  1.29885392E-01
  6.02300000E+01  1.52104508E-01
  6.02300000E+01  2.81957061E-01
  6.02300000E+01  3.04176177E-01
  6.02300000E+01  4.34028730E-01
  6.02300000E+01  4.56247845E-01
  6.02300000E+01  5.86100398E-01
  6.02300000E+01  6.08319514E-01
  6.02300000E+01  7.38172067E-01
  6.02300000E+01  7.60391182E-01
  6.02300000E+01  8.90243735E-01
  6.02300000E+01  9.12462851E-01
  6.02300000E+01  1.04231540E+00
  6.02300000E+01  1.06453452E+00
  6.02300000E+01  1.19438707E+00
  6.02300000E+01  1.21660619E+00
  6.02300000E+01  1.34645874E+00
  6.02300000E+01  1.36867786E+00
  6.02300000E+01  1.49853041E+00
  6.02300000E+01  1.52074952E+00
  6.02300000E+01  1.65060208E+00
  6.02300000E+01  1.67282119E+00
  6.02300000E+01  1.80267375E+00
  6.02300000E+01  1.82489286E+00
  6.02300000E+01  1.95474541E+00
  6.02300000E+01  1.97696453E+00
  6.02300000E+01  2.10681708E+00
  6.02300000E+01  2.12903620E+00
  6.02300000E+01  2.25888875E+00
  6.02300000E+01  2.28110787E+00
  6.02300000E+01  2.41096042E+00
  6.02300000E+01  2.43317954E+00
  6.02300000E+01  2.56303209E+00
  6.02300000E+01  2.58525120E+00
  6.02500031E+01  2.71850000E+00
  6.09514725E+01  2.71850000E+00
  6.10100000E+01  2.58525120E+00
  6.10100000E+01  2.51701388E+00
  6.10100000E+01  2.43317954E+00
  6.10100000E+01  2.36494221E+00
  6.10100000E+01  2.28110787E+00
  6.10100000E+01  2.21287054E+00
  6.10100000E+01  2.12903620E+00
  6.10100000E+01  2.06079887E+00
  6.10100000E+01  1.97696453E+00
  6.10100000E+01  1.90872721E+00
  6.10100000E+01  1.82489286E+00
  6.10100000E+01  1.75665554E+00
  6.10100000E+01  1.67282119E+00
  6.10100000E+01  1.60458387E+00
  6.10100000E+01  1.52074952E+00
  6.10100000E+01  1.45251220E+00
  6.10100000E+01  1.36867786E+00
  6.10100000E+01  1.30044053E+00
  6.10100000E+01  1.21660619E+00
  6.10100000E+01  1.14836886E+00
  6.10100000E+01  1.06453452E+00
  6.10100000E+01  9.96297194E-01
  6.10100000E+01  9.12462851E-01
  6.10100000E+01  8.44225526E-01
  6.10100000E+01  7.60391182E-01
  6.10100000E+01  6.92153857E-01
  6.10100000E+01  6.08319514E-01
  6.10100000E+01  5.40082189E-01
  6.10100000E+01  4.56247845E-01
  6.10100000E+01  3.88010520E-01
  6.10100000E+01  3.04176177E-01
  6.10100000E+01  2.35938852E-01
  6.10100000E+01  1.52104508E-01
  6.10100000E+01  8.38671832E-02
  6.10100000E+01  3.28395046E-05
  6.10100000E+01 -6.82044853E-02
  6.10100000E+01 -1.52038829E-01
  6.10100000E+01 -2.20276154E-01
  6.10100000E+01 -3.04110498E-01
  6.10100000E+01 -3.72347822E-01
  6.10100000E+01 -4.56182166E-01
  6.10100000E+01 -5.24419491E-01
  6.10100000E+01 -6.08253835E-01
  6.10100000E+01 -6.76491159E-01
  6.10100000E+01 -7.60325503E-01
  6.10100000E+01 -8.28562828E-01
  6.10100000E+01 -9.12397172E-01
  6.10100000E+01 -9.80634497E-01
  6.10100000E+01 -1.06446884E+00
  6.10100000E+01 -1.13270617E+00
  6.10100000E+01 -1.21654051E+00
  6.10100000E+01 -1.28477783E+00
  6.10100000E+01 -1.36861218E+00
  6.10714317E+01 -1.46850000E+00
  6.11613571E+01 -1.46850000E+00
  6.16190507E+01 -1.46850000E+00
  6.16190507E+01 -1.36861218E+00
  6.16190507E+01 -1.21654051E+00
  6.16190507E+01 -1.06446884E+00
  6.16190507E+01 -9.12397172E-01
  6.16190507E+01 -7.60325503E-01
  6.16190507E+01 -6.08253835E-01
  6.16190507E+01 -4.56182166E-01
  6.16190507E+01 -3.04110498E-01
  6.16190507E+01 -1.52038829E-01
  6.16190507E+01  3.28395046E-05
  6.16190507E+01  1.52104508E-01
  6.16190507E+01  3.04176177E-01
  6.16190507E+01  4.56247845E-01
  6.16190507E+01  6.08319514E-01
  6.16190507E+01  7.60391182E-01
  6.16190507E+01  9.12462851E-01
  6.16190507E+01  1.06453452E+00
  6.16190507E+01  1.21660619E+00
  6.16190507E+01  1.36867786E+00
  6.16190507E+01  1.52074952E+00
  6.16190507E+01  1.67282119E+00
  6.16190507E+01  1.82489286E+00
  6.16190507E+01  1.97696453E+00
  6.16190507E+01  2.12903620E+00
  6.16190507E+01  2.28110787E+00
  6.16190507E+01  2.43317954E+00
  6.16190507E+01  2.58525120E+00
  6.16190507E+01  2.73732287E+00
  6.16190507E+01  2.88939454E+00
  6.16190507E+01  3.04146621E+00
  6.16190507E+01  3.19353788E+00
  6.16190507E+01  3.34560955E+00
  6.16190507E+01  3.49768122E+00
  6.16190507E+01  3.64975288E+00
  6.16190507E+01  3.80182455E+00
  6.16190507E+01  3.95389622E+00
  6.16190507E+01  4.10596789E+00
  6.16190507E+01  4.25803956E+00
  6.16190507E+01  4.41011123E+00
  6.16190507E+01  4.56218290E+00
  6.16190507E+01  4.71425456E+00
  6.16190507E+01  4.86632623E+00
  6.16190507E+01  5.01839790E+00
  6.16190507E+01  5.17046957E+00
  6.16190507E+01  5.32254124E+00
  6.16190507E+01  5.47461291E+00
  6.16190507E+01  5.62668458E+00
  6.16190507E+01  5.77875624E+00
  6.16190507E+01  5.93082791E+00
  6.16190507E+01  6.08289958E+00
  6.16190507E+01  6.23497125E+00
  6.16190507E+01  6.38704292E+00
  6.16190507E+01  6.53911459E+00
  6.16190507E+01  6.69118625E+00
  6.16190507E+01  6.84325792E+00
  6.16190507E+01  6.99532959E+00
  6.16190507E+01  7.14740126E+00
  6.14821459E+01  7.14740126E+00
  6.13452412E+01  7.14740126E+00
  6.12083364E+01  7.14740126E+00
  6.10714317E+01  7.14740126E+00
  6.09345269E+01  7.14740126E+00
  6.07976221E+01  7.14740126E+00
  6.06607174E+01  7.14740126E+00
  6.05238126E+01  7.14740126E+00
  6.03869078E+01  7.14740126E+00
  6.02500031E+01  7.14740126E+00
  6.01130983E+01  7.14740126E+00
  5.99761936E+01  7.14740126E+00
  5.98392888E+01  7.14740126E+00
  5.97023840E+01  7.14740126E+00
  5.95654793E+01  7.14740126E+00
  5.94285745E+01  7.14740126E+00
  5.92916698E+01  7.14740126E+00
  5.91547650E+01  7.14740126E+00
  5.90178602E+01  7.14740126E+00
  5.88809555E+01  7.14740126E+00
  5.88809555E+01  6.99532959E+00
  5.88809555E+01  6.84325792E+00
  5.88809555E+01  6.69118625E+00
  5.88809555E+01  6.53911459E+00
  5.88809555E+01  6.38704292E+00
  5.88809555E+01  6.23497125E+00
  5.88809555E+01  6.08289958E+00
  5.88809555E+01  5.93082791E+00
  5.88809555E+01  5.77875624E+00
  5.88809555E+01  5.62668458E+00
  5.88809555E+01  5.47461291E+00
  5.88809555E+01  5.32254124E+00
  5.88809555E+01  5.17046957E+00
  5.88809555E+01  5.01839790E+00
  5.88809555E+01  4.86632623E+00
  5.88809555E+01  4.71425456E+00
  5.88809555E+01  4.56218290E+00
  5.88809555E+01  4.41011123E+00
  5.88809555E+01  4.25803956E+00
  5.88809555E+01  4.10596789E+00
  5.88809555E+01  3.95389622E+00
  5.88809555E+01  3.80182455E+00
  5.88809555E+01  3.64975288E+00
  5.88809555E+01  3.49768122E+00
  5.88809555E+01  3.34560955E+00
  5.88809555E+01  3.19353788E+00
  5.88809555E+01  3.04146621E+00
  5.88809555E+01  2.88939454E+00
  5.88809555E+01  2.73732287E+00
  5.88809555E+01  2.58525120E+00
  5.88809555E+01  2.43317954E+00
  5.88809555E+01  2.28110787E+00
  5.88809555E+01  2.12903620E+00
  5.88809555E+01  1.97696453E+00
  5.88809555E+01  1.82489286E+00
  5.88809555E+01  1.67282119E+00
  5.88809555E+01  1.52074952E+00
  5.88809555E+01  1.36867786E+00
  5.88809555E+01  1.21660619E+00
  5.88809555E+01  1.06453452E+00
  5.88809555E+01  9.12462851E-01
  5.88809555E+01  7.60391182E-01
  5.88809555E+01  6.08319514E-01
  5.88809555E+01  4.56247845E-01
  5.88809555E+01  3.04176177E-01
  5.88809555E+01  1.52104508E-01
  5.88809555E+01  3.28395046E-05
  5.88809555E+01 -1.52038829E-01
  5.88809555E+01 -3.04110498E-01
  5.88809555E+01 -4.56182166E-01
  5.88809555E+01 -6.08253835E-01
  5.88809555E+01 -7.60325503E-01
  5.88809555E+01 -9.12397172E-01
  5.88809555E+01 -1.06446884E+00
  5.88809555E+01 -1.21654051E+00
  5.88809555E+01 -1.36861218E+00

w:600/ x(   0.6025000E+02) y(  -0.1368612E+01) ix(2) iy(2) s(   0.7000E+00)

hb:   line clip z  
clip:
  6.02300000E+01 -1.39083129E+00
  6.02500031E+01 -1.46850000E+00
  6.03399286E+01 -1.46850000E+00
  6.03800000E+01 -1.36861218E+00
  6.03800000E+01 -1.22421364E+00
  6.03800000E+01 -1.21654051E+00
  6.03800000E+01 -1.07214197E+00
  6.03800000E+01 -1.06446884E+00
  6.03800000E+01 -9.20070302E-01
  6.03800000E+01 -9.12397172E-01
  6.03800000E+01 -7.67998633E-01
  6.03800000E+01 -7.60325503E-01
  6.03800000E+01 -6.15926965E-01
  6.03800000E+01 -6.08253835E-01
  6.03800000E+01 -4.63855296E-01
  6.03800000E+01 -4.56182166E-01
  6.03800000E+01 -3.11783627E-01
  6.03800000E+01 -3.04110498E-01
  6.03800000E+01 -1.59711959E-01
  6.03800000E+01 -1.52038829E-01
  6.03800000E+01 -7.64029039E-03
  6.03800000E+01  3.28395046E-05
  6.03800000E+01  1.44431378E-01
  6.03800000E+01  1.52104508E-01
  6.03800000E+01  2.96503047E-01
  6.03800000E+01  3.04176177E-01
  6.03800000E+01  4.48574715E-01
  6.03800000E+01  4.56247845E-01
  6.03800000E+01  6.00646384E-01
  6.03800000E+01  6.08319514E-01
  6.03800000E+01  7.52718052E-01
  6.03800000E+01  7.60391182E-01
  6.03800000E+01  9.04789721E-01
  6.03800000E+01  9.12462851E-01
  6.03800000E+01  1.05686139E+00
  6.03800000E+01  1.06453452E+00
  6.03800000E+01  1.20893306E+00
  6.03800000E+01  1.21660619E+00
  6.03800000E+01  1.36100473E+00
  6.03800000E+01  1.36867786E+00
  6.03800000E+01  1.51307639E+00
  6.03800000E+01  1.52074952E+00
  6.03869078E+01  1.59104200E+00
  6.04547285E+01  1.59748711E+00
  6.05238126E+01  1.59646045E+00
  6.05800000E+01  1.61040912E+00
  6.05800000E+01  1.67282119E+00
  6.05800000E+01  1.73523327E+00
  6.05800000E+01  1.82489286E+00
  6.05800000E+01  1.88730494E+00
  6.05800000E+01  1.97696453E+00
  6.05800000E+01  2.03937660E+00
  6.05800000E+01  2.12903620E+00
  6.05800000E+01  2.19144827E+00
  6.05800000E+01  2.28110787E+00
  6.05800000E+01  2.34351994E+00
  6.05800000E+01  2.43317954E+00
  6.05800000E+01  2.49559161E+00
  6.05800000E+01  2.58525120E+00
  6.05800000E+01  2.64766328E+00
  6.05238126E+01  2.71850000E+00
  6.04038534E+01  2.71850000E+00
  6.03869078E+01  2.71850000E+00
  6.02669487E+01  2.71850000E+00
  6.02300000E+01  2.60747032E+00
  6.02300000E+01 -1.36861218E+00

w:6003/ x(   0.6079500E+02) y(   0.6250000E+00) ix(2) iy(2) s(   0.7000E+00)

hb:   line clip z  
clip:
  6.05800000E+01 -1.45827177E+00
  6.06607174E+01 -1.46850000E+00
  6.07506429E+01 -1.46850000E+00
  6.09345269E+01 -1.46850000E+00
  6.10100000E+01 -1.45244652E+00
  6.10100000E+01 -1.36861218E+00
  6.10100000E+01 -1.28477783E+00
  6.10100000E+01 -1.21654051E+00
  6.10100000E+01 -1.13270617E+00
  6.10100000E+01 -1.06446884E+00
  6.10100000E+01 -9.80634497E-01
  6.10100000E+01 -9.12397172E-01
  6.10100000E+01 -8.28562828E-01
  6.10100000E+01 -7.60325503E-01
  6.10100000E+01 -6.76491159E-01
  6.10100000E+01 -6.08253835E-01
  6.10100000E+01 -5.24419491E-01
  6.10100000E+01 -4.56182166E-01
  6.10100000E+01 -3.72347822E-01
  6.10100000E+01 -3.04110498E-01
  6.10100000E+01 -2.20276154E-01
  6.10100000E+01 -1.52038829E-01
  6.10100000E+01 -6.82044853E-02
  6.10100000E+01  3.28395046E-05
  6.10100000E+01  8.38671832E-02
  6.10100000E+01  1.52104508E-01
  6.10100000E+01  2.35938852E-01
  6.10100000E+01  3.04176177E-01
  6.10100000E+01  3.88010520E-01
  6.10100000E+01  4.56247845E-01
  6.10100000E+01  5.40082189E-01
  6.10100000E+01  6.08319514E-01
  6.10100000E+01  6.92153857E-01
  6.10100000E+01  7.60391182E-01
  6.10100000E+01  8.44225526E-01
  6.10100000E+01  9.12462851E-01
  6.10100000E+01  9.96297194E-01
  6.10100000E+01  1.06453452E+00
  6.10100000E+01  1.14836886E+00
  6.10100000E+01  1.21660619E+00
  6.10100000E+01  1.30044053E+00
  6.10100000E+01  1.36867786E+00
  6.10100000E+01  1.45251220E+00
  6.10100000E+01  1.52074952E+00
  6.10100000E+01  1.60458387E+00
  6.10100000E+01  1.67282119E+00
  6.10100000E+01  1.75665554E+00
  6.10100000E+01  1.82489286E+00
  6.10100000E+01  1.90872721E+00
  6.10100000E+01  1.97696453E+00
  6.10100000E+01  2.06079887E+00
  6.10100000E+01  2.12903620E+00
  6.10100000E+01  2.21287054E+00
  6.10100000E+01  2.28110787E+00
  6.10100000E+01  2.36494221E+00
  6.10100000E+01  2.43317954E+00
  6.10100000E+01  2.51701388E+00
  6.10100000E+01  2.58525120E+00
  6.10100000E+01  2.66908555E+00
  6.09345269E+01  2.71850000E+00
  6.08145677E+01  2.71850000E+00
  6.07976221E+01  2.71850000E+00
  6.06776629E+01  2.71850000E+00
  6.06607174E+01  2.71850000E+00
  6.05800000E+01  2.67491080E+00
  6.05800000E+01  2.58525120E+00
  6.05800000E+01  2.49559161E+00
  6.05800000E+01  2.43317954E+00
  6.05800000E+01  2.34351994E+00
  6.05800000E+01  2.28110787E+00
  6.05800000E+01  2.19144827E+00
  6.05800000E+01  2.12903620E+00
  6.05800000E+01  2.03937660E+00
  6.05800000E+01  1.97696453E+00
  6.05800000E+01  1.88730494E+00
  6.05800000E+01  1.82489286E+00
  6.05800000E+01  1.73523327E+00
  6.05800000E+01  1.67282119E+00
  6.05800000E+01  1.58316160E+00
  6.05800000E+01  1.52074952E+00
  6.05800000E+01  1.43108993E+00
  6.05800000E+01  1.36867786E+00
  6.05800000E+01  1.27901826E+00
  6.05800000E+01  1.21660619E+00
  6.05800000E+01  1.12694659E+00
  6.05800000E+01  1.06453452E+00
  6.05800000E+01  9.74874925E-01
  6.05800000E+01  9.12462851E-01
  6.05800000E+01  8.22803256E-01
  6.05800000E+01  7.60391182E-01
  6.05800000E+01  6.70731588E-01
  6.05800000E+01  6.08319514E-01
  6.05800000E+01  5.18659919E-01
  6.05800000E+01  4.56247845E-01
  6.05800000E+01  3.66588250E-01
  6.05800000E+01  3.04176177E-01
  6.05800000E+01  2.14516582E-01
  6.05800000E+01  1.52104508E-01
  6.05800000E+01  6.24449134E-02
  6.05800000E+01  3.28395046E-05
  6.05800000E+01 -8.96267552E-02
  6.05800000E+01 -1.52038829E-01
  6.05800000E+01 -2.41698424E-01
  6.05800000E+01 -3.04110498E-01
  6.05800000E+01 -3.93770092E-01
  6.05800000E+01 -4.56182166E-01
  6.05800000E+01 -5.45841761E-01
  6.05800000E+01 -6.08253835E-01
  6.05800000E+01 -6.97913429E-01
  6.05800000E+01 -7.60325503E-01
  6.05800000E+01 -8.49985098E-01
  6.05800000E+01 -9.12397172E-01
  6.05800000E+01 -1.00205677E+00
  6.05800000E+01 -1.06446884E+00
  6.05800000E+01 -1.15412843E+00
  6.05800000E+01 -1.21654051E+00
  6.05800000E+01 -1.30620010E+00
  6.05800000E+01 -1.36861218E+00

#------------------------------------------------------------------------------
z: xorg(1.03)
p: xfac[c2*0.05] form[c1/0.05] notc noxt noyt dmin(1)
p: ymin(0) ymax(1) xmin(0) xmax(1) cmin(1) cmax(100) nosp
hc: y= 0.005 to 0.995 by 0.01 ; x= 0.5 to 0.5 by 1 ;
 1  2  3  4  5  6  7  8  9 10 11 12 13 14 15 16 17 18 19 20
21 22 23 24 25 26 27 28 29 30 31 32 33 34 35 36 37 38 39 40
41 42 43 44 45 46 47 48 49 50 51 52 53 54 55 56 57 58 59 60
61 62 63 64 65 66 67 68 69 70 71 72 73 74 75 76 77 78 79 80
81 82 83 84 85 86 87 88 89 90 91 92 93 94 95 96 97 98 99 100
z: xorg(0.0)
p: xfac[c2*0.05] form[c1/0.05] nosp afac[c5*0.625] ymin[c3] ymax[c4]
p: noxt noxn ytxt(-1) ynum(-1) xltd(-1) xstd(-1) itic(1) ylog
y: Relative Error
#------------------------------------------------------------------------------

wt: s[c5]
\vspace{-3}
  emin  &=&   0.0000E+00 [MeV]
  emax  &=&   1.0000E+03 [MeV]
  ymin  &=&   0.0000E+00 [cm]
  ymax  &=&   1.0000E-01 [cm]
  part. &=& proton  
e:

#------------------------------------------------------------------------------
z: xorg[-1.03/0.05]
p: form[c1] xfac[c2] afac[c5] nosp notf
p: xmin(  59.00000    ) xmax(  61.50000    )
p: ymin( -7.000000    ) ymax(  7.000000    )
 
# Information for Restart Calculation
# This calculation was newly started
# istdev =  2 # 1:Batch variance, 2:History variance
# resc2  = 1.60217700210082442E-01 # Total source weight or Total source weight / maxcas
# resc3  = 1.00000000000000000E+09 # Total history number or Total batch number
# maxcas =      100000 # History / Batch, only used for istdev=1
# bitrseed = 0001001110011001001001110000100100110111001111011100001000101100 # bit data of rseed
