[ T-Track ]
    title = [t-track] in xyz mesh
     mesh =  xyz            # mesh type is xyz scoring mesh
   x-type =    2            # x-mesh is linear given by xmin, xmax and nx
     xmin =  -4.000000      # minimum value of x-mesh points
     xmax =   4.000000      # maximum value of x-mesh points
#    xdel =  0.3200000      # mesh width of x-mesh points
       nx =     25          # number of x-mesh points
#    data = ( x(i), i = 1, nx + 1 )
#          -4.00000E+00 -3.68000E+00 -3.36000E+00 -3.04000E+00 -2.72000E+00
#          -2.40000E+00 -2.08000E+00 -1.76000E+00 -1.44000E+00 -1.12000E+00
#          -8.00000E-01 -4.80000E-01 -1.60000E-01  1.60000E-01  4.80000E-01
#           8.00000E-01  1.12000E+00  1.44000E+00  1.76000E+00  2.08000E+00
#           2.40000E+00  2.72000E+00  3.04000E+00  3.36000E+00  3.68000E+00
#           4.00000E+00
   y-type =    2            # y-mesh is linear given by ymin, ymax and ny
     ymin =  -6.000000      # minimum value of y-mesh points
     ymax =   6.000000      # maximum value of y-mesh points
#    ydel =  0.2000000      # mesh width of y-mesh points
       ny =     60          # number of y-mesh points
#    data = ( y(i), i = 1, ny + 1 )
#          -6.00000E+00 -5.80000E+00 -5.60000E+00 -5.40000E+00 -5.20000E+00
#          -5.00000E+00 -4.80000E+00 -4.60000E+00 -4.40000E+00 -4.20000E+00
#          -4.00000E+00 -3.80000E+00 -3.60000E+00 -3.40000E+00 -3.20000E+00
#          -3.00000E+00 -2.80000E+00 -2.60000E+00 -2.40000E+00 -2.20000E+00
#          -2.00000E+00 -1.80000E+00 -1.60000E+00 -1.40000E+00 -1.20000E+00
#          -1.00000E+00 -8.00000E-01 -6.00000E-01 -4.00000E-01 -2.00000E-01
#           0.00000E+00  2.00000E-01  4.00000E-01  6.00000E-01  8.00000E-01
#           1.00000E+00  1.20000E+00  1.40000E+00  1.60000E+00  1.80000E+00
#           2.00000E+00  2.20000E+00  2.40000E+00  2.60000E+00  2.80000E+00
#           3.00000E+00  3.20000E+00  3.40000E+00  3.60000E+00  3.80000E+00
#           4.00000E+00  4.20000E+00  4.40000E+00  4.60000E+00  4.80000E+00
#           5.00000E+00  5.20000E+00  5.40000E+00  5.60000E+00  5.80000E+00
#           6.00000E+00
   z-type =    1            # z-mesh is given by the below data
       nz =      1          # number of z-mesh points
#    data = ( z(i), i = 1, nz + 1 )
            9.84700E+01  9.84900E+01
   e-type =    1            # e-mesh is given by the below data
       ne =      1          # number of e-mesh points
#    data = ( e(i), i = 1, ne + 1 )
            0.00000E+00  1.00000E+03
     unit =    1            # unit is [1/cm^2/source]
 material =  all            # (D=all) number of specific material
  2D-type =    3            # 1:Cont, 2:Clust, 3:Color, 4:xyz, 5:mat, 6:Clust+Cont, 7:Col+Cont
     axis =      xy            # axis of output
     file = track_xy_M0.out  # file name of output for the above axis
     part =  proton   
# kf/name :  2212     
    gshow =    1            # 0: no 1:bnd, 2:bnd+mat, 3:bnd+reg 4:bnd+lat 5:bmp style
    resol =    1            # (D=1) resolution of gshow or rshow
    width = 0.5000000       # (D=0.5) width of lines for gshow or rshow
   epsout =    1            # (D=0) generate eps file by ANGEL
#    used :        main (  %)        temp (  %)       total (  %)
#  memory :          95 (  0)           0 (  0)          95 (  0)

#------------------------------------------------------------------------------
#newpage:
#   no. =  1   ie  =  1   iz  =  1   part. = proton  
#   e = (   0.0000E+00  -   1.0000E+03  )
#   z = (   9.8470E+01  -   9.8490E+01  )

'no. =  1,  ie =  1,  iz =  1'
msuc: {\huge [t-track] in xyz mesh}
msdr: {\it plotted by \ANGEL \version}
msdl: {\it calculated by \PHITS  3.35}

x: x [cm]
y: y [cm]
set: c1[ 1.500] c2[ 0.735] c5[ 0.800] c6[ 0.847] c7[ 0.333] c8[ 0.000]
p: h2fs form[c1] xfac[c2] afac[c5] scal[c6] xorg[c7] yorg[c8] nosp
set: c3[   1.905278E+02] c4[   9.172179E+05]
p: cmin[c3] cmax[c4]
p: dmin(1e-31)
p: zlog
p: xmin( -4.000000    ) xmax(  4.000000    )
p: ymin( -6.000000    ) ymax(  6.000000    )
#  ny =  60   nx =  25
# ( ( data(x,y), x = 1, nx ), y = ny, 1, -1 )

hc:  y =   5.900000     to  -5.900000     by  0.2000000     ; x =  -3.840000     to   3.840000     by  0.3200000     ;
  2.425E+05  2.453E+05  2.566E+05  2.862E+05  2.893E+05  3.099E+05  3.434E+05  3.527E+05  3.535E+05  3.760E+05
  3.796E+05  3.732E+05  3.849E+05  3.792E+05  3.812E+05  3.656E+05  3.605E+05  3.447E+05  3.487E+05  3.325E+05
  3.056E+05  2.947E+05  2.684E+05  2.498E+05  2.257E+05  2.411E+05  2.649E+05  2.925E+05  3.037E+05  3.371E+05
  3.464E+05  3.784E+05  3.788E+05  3.986E+05  3.937E+05  4.069E+05  4.490E+05  4.132E+05  4.289E+05  4.052E+05
  4.076E+05  3.996E+05  3.906E+05  3.720E+05  3.512E+05  3.283E+05  3.140E+05  2.974E+05  2.816E+05  2.496E+05
  2.796E+05  2.875E+05  3.222E+05  3.461E+05  3.677E+05  3.747E+05  4.007E+05  4.261E+05  4.244E+05  4.172E+05
  4.542E+05  4.705E+05  4.559E+05  4.448E+05  4.554E+05  4.425E+05  4.165E+05  4.128E+05  4.042E+05  3.790E+05
  3.717E+05  3.325E+05  3.111E+05  2.781E+05  2.465E+05  2.976E+05  3.075E+05  3.307E+05  3.810E+05  3.805E+05
  3.939E+05  4.240E+05  4.482E+05  4.690E+05  4.654E+05  4.804E+05  4.991E+05  4.956E+05  4.944E+05  4.756E+05
  4.903E+05  4.652E+05  4.531E+05  4.183E+05  4.006E+05  3.893E+05  3.612E+05  3.546E+05  3.254E+05  2.876E+05
  3.076E+05  3.480E+05  3.669E+05  3.971E+05  4.197E+05  4.507E+05  4.586E+05  4.810E+05  4.863E+05  5.061E+05
  5.080E+05  5.041E+05  5.337E+05  5.071E+05  5.028E+05  5.077E+05  4.964E+05  4.734E+05  4.658E+05  4.431E+05
  4.165E+05  3.879E+05  3.648E+05  3.467E+05  3.071E+05  3.413E+05  3.629E+05  3.902E+05  4.291E+05  4.502E+05
  4.646E+05  4.977E+05  5.293E+05  5.227E+05  5.242E+05  5.418E+05  5.591E+05  5.434E+05  5.522E+05  5.545E+05
  5.328E+05  5.471E+05  5.022E+05  5.066E+05  4.528E+05  4.511E+05  4.037E+05  3.898E+05  3.742E+05  3.332E+05
  3.501E+05  4.008E+05  4.206E+05  4.531E+05  4.686E+05  5.055E+05  5.287E+05  5.373E+05  5.654E+05  5.904E+05
  5.803E+05  5.804E+05  5.860E+05  5.719E+05  5.732E+05  5.957E+05  5.763E+05  5.463E+05  5.392E+05  4.993E+05
  4.788E+05  4.622E+05  4.060E+05  3.856E+05  3.508E+05  3.817E+05  4.251E+05  4.441E+05  4.642E+05  4.976E+05
  5.310E+05  5.775E+05  5.895E+05  5.930E+05  5.953E+05  6.266E+05  6.331E+05  6.398E+05  6.289E+05  6.187E+05
  6.097E+05  5.992E+05  5.799E+05  5.504E+05  5.324E+05  5.111E+05  4.815E+05  4.269E+05  4.266E+05  3.828E+05
  4.028E+05  4.386E+05  4.667E+05  5.311E+05  5.411E+05  5.708E+05  5.897E+05  6.184E+05  6.226E+05  6.506E+05
  6.421E+05  6.415E+05  6.391E+05  6.643E+05  6.548E+05  6.459E+05  6.167E+05  6.110E+05  5.832E+05  5.660E+05
  5.191E+05  5.109E+05  4.682E+05  4.581E+05  3.921E+05  4.464E+05  4.612E+05  4.853E+05  5.418E+05  5.666E+05
  5.884E+05  6.154E+05  6.589E+05  6.617E+05  6.787E+05  6.834E+05  6.883E+05  6.790E+05  6.934E+05  6.738E+05
  6.549E+05  6.490E+05  6.498E+05  6.248E+05  5.952E+05  5.649E+05  5.406E+05  4.895E+05  4.545E+05  4.369E+05
  4.414E+05  4.983E+05  5.292E+05  5.599E+05  6.028E+05  6.104E+05  6.508E+05  6.724E+05  6.765E+05  7.097E+05
  7.182E+05  7.308E+05  7.342E+05  7.103E+05  7.185E+05  7.192E+05  7.170E+05  6.628E+05  6.547E+05  6.192E+05
  5.789E+05  5.676E+05  5.276E+05  5.016E+05  4.466E+05  4.836E+05  5.243E+05  5.576E+05  5.877E+05  6.379E+05
  6.801E+05  6.896E+05  6.919E+05  7.436E+05  7.455E+05  7.554E+05  7.380E+05  7.465E+05  7.406E+05  7.587E+05
  7.294E+05  7.186E+05  6.874E+05  6.732E+05  6.338E+05  6.277E+05  5.856E+05  5.374E+05  5.061E+05  4.798E+05
  4.959E+05  5.291E+05  5.892E+05  6.259E+05  6.367E+05  6.922E+05  7.260E+05  7.314E+05  7.536E+05  7.583E+05
  7.569E+05  7.538E+05  7.809E+05  7.535E+05  8.119E+05  7.367E+05  7.375E+05  7.278E+05  7.101E+05  6.893E+05
  6.664E+05  6.256E+05  5.835E+05  5.499E+05  4.912E+05  5.177E+05  5.550E+05  6.035E+05  6.363E+05  6.612E+05
  7.084E+05  7.469E+05  7.665E+05  7.825E+05  7.678E+05  7.983E+05  7.862E+05  8.134E+05  8.122E+05  8.018E+05
  7.797E+05  7.771E+05  7.558E+05  7.315E+05  7.007E+05  6.547E+05  6.433E+05  5.828E+05  5.601E+05  5.170E+05
  5.458E+05  5.818E+05  6.355E+05  6.657E+05  6.966E+05  7.452E+05  7.523E+05  7.824E+05  7.834E+05  8.104E+05
  8.132E+05  8.418E+05  8.093E+05  8.067E+05  8.149E+05  8.117E+05  7.783E+05  7.950E+05  7.575E+05  7.301E+05
  6.937E+05  6.440E+05  6.371E+05  5.849E+05  5.518E+05  5.648E+05  6.071E+05  6.408E+05  6.965E+05  7.285E+05
  7.509E+05  7.706E+05  8.021E+05  8.125E+05  8.076E+05  8.614E+05  8.456E+05  8.234E+05  8.307E+05  8.427E+05
  8.202E+05  8.105E+05  7.864E+05  7.808E+05  7.660E+05  7.353E+05  6.882E+05  6.413E+05  5.896E+05  5.693E+05
  5.783E+05  6.066E+05  6.473E+05  7.060E+05  7.503E+05  7.802E+05  7.992E+05  8.257E+05  8.372E+05  8.370E+05
  8.479E+05  8.378E+05  8.705E+05  8.484E+05  8.205E+05  8.106E+05  8.106E+05  7.882E+05  8.078E+05  7.761E+05
  7.516E+05  7.069E+05  6.568E+05  6.130E+05  5.953E+05  6.172E+05  6.406E+05  6.939E+05  7.231E+05  7.850E+05
  7.805E+05  8.298E+05  8.247E+05  8.384E+05  8.545E+05  8.797E+05  8.705E+05  8.821E+05  8.633E+05  8.532E+05
  8.508E+05  8.437E+05  8.425E+05  8.166E+05  7.684E+05  7.607E+05  7.175E+05  7.011E+05  6.339E+05  6.094E+05
  6.146E+05  6.830E+05  6.944E+05  7.545E+05  7.795E+05  8.185E+05  8.317E+05  8.621E+05  8.644E+05  8.686E+05
  8.954E+05  8.872E+05  8.807E+05  8.818E+05  8.806E+05  8.883E+05  8.262E+05  8.464E+05  8.325E+05  7.983E+05
  7.875E+05  7.340E+05  7.175E+05  6.631E+05  6.169E+05  6.482E+05  6.876E+05  7.249E+05  7.596E+05  8.078E+05
  8.231E+05  8.468E+05  8.584E+05  8.812E+05  8.707E+05  8.707E+05  8.682E+05  9.064E+05  8.938E+05  9.172E+05
  8.844E+05  8.715E+05  8.423E+05  8.384E+05  8.139E+05  7.855E+05  7.765E+05  7.189E+05  6.853E+05  6.384E+05
  6.409E+05  6.995E+05  7.701E+05  7.857E+05  8.062E+05  8.238E+05  8.816E+05  8.835E+05  8.799E+05  8.809E+05
  8.755E+05  8.846E+05  8.967E+05  8.820E+05  8.949E+05  8.994E+05  8.765E+05  8.671E+05  8.615E+05  8.402E+05
  7.810E+05  7.719E+05  7.393E+05  6.978E+05  6.646E+05  6.988E+05  7.064E+05  7.713E+05  7.974E+05  8.272E+05
  8.327E+05  8.741E+05  8.695E+05  8.891E+05  8.737E+05  8.840E+05  8.902E+05  9.054E+05  8.650E+05  8.658E+05
  8.731E+05  8.862E+05  8.434E+05  8.552E+05  8.381E+05  7.859E+05  7.938E+05  7.386E+05  6.764E+05  6.642E+05
  6.890E+05  7.219E+05  7.601E+05  8.068E+05  8.298E+05  8.476E+05  9.031E+05  8.804E+05  9.141E+05  8.871E+05
  8.854E+05  7.679E+05  6.943E+05  7.611E+05  9.039E+05  8.791E+05  8.706E+05  8.616E+05  8.582E+05  8.536E+05
  8.279E+05  8.027E+05  7.693E+05  7.211E+05  6.971E+05  7.017E+05  7.286E+05  8.052E+05  8.081E+05  8.552E+05
  8.730E+05  8.686E+05  8.996E+05  9.027E+05  8.766E+05  8.142E+05  6.589E+05  6.632E+05  6.899E+05  8.119E+05
  8.825E+05  8.759E+05  8.811E+05  8.839E+05  8.614E+05  8.164E+05  8.073E+05  7.680E+05  7.125E+05  6.953E+05
  7.262E+05  7.297E+05  7.838E+05  8.305E+05  8.600E+05  8.730E+05  8.798E+05  8.975E+05  9.098E+05  8.774E+05
  7.139E+05  6.886E+05  6.857E+05  6.816E+05  7.089E+05  9.075E+05  8.783E+05  9.037E+05  8.748E+05  8.422E+05
  8.469E+05  8.167E+05  7.761E+05  7.510E+05  6.965E+05  7.212E+05  7.745E+05  7.766E+05  8.359E+05  8.564E+05
  8.707E+05  8.800E+05  8.781E+05  8.654E+05  8.803E+05  6.828E+05  6.721E+05  6.730E+05  6.738E+05  6.660E+05
  8.601E+05  9.097E+05  8.936E+05  8.804E+05  8.536E+05  8.250E+05  8.249E+05  7.909E+05  7.659E+05  7.111E+05
  7.118E+05  7.642E+05  8.140E+05  8.599E+05  8.331E+05  8.587E+05  8.620E+05  8.780E+05  8.982E+05  8.297E+05
  6.717E+05  6.717E+05  6.686E+05  6.836E+05  6.711E+05  8.103E+05  8.933E+05  8.817E+05  8.627E+05  8.790E+05
  8.504E+05  7.960E+05  7.963E+05  7.444E+05  7.095E+05  7.524E+05  7.581E+05  8.080E+05  8.528E+05  8.751E+05
  8.861E+05  8.739E+05  8.964E+05  8.826E+05  7.913E+05  6.862E+05  6.723E+05  6.850E+05  6.803E+05  6.778E+05
  7.854E+05  8.819E+05  8.579E+05  8.734E+05  8.578E+05  8.427E+05  8.284E+05  8.226E+05  7.581E+05  7.115E+05
  7.230E+05  7.748E+05  8.168E+05  8.202E+05  8.768E+05  8.541E+05  8.982E+05  8.800E+05  8.901E+05  7.533E+05
  6.719E+05  6.585E+05  6.701E+05  6.699E+05  6.694E+05  7.735E+05  8.805E+05  8.542E+05  8.632E+05  8.853E+05
  8.580E+05  8.339E+05  8.101E+05  7.541E+05  7.341E+05  7.160E+05  7.720E+05  8.079E+05  8.335E+05  8.410E+05
  8.614E+05  9.073E+05  8.764E+05  8.858E+05  7.650E+05  6.635E+05  6.501E+05  6.655E+05  6.637E+05  6.567E+05
  7.341E+05  8.991E+05  8.924E+05  8.736E+05  8.591E+05  8.568E+05  8.651E+05  7.982E+05  7.762E+05  7.120E+05
  7.213E+05  7.642E+05  8.056E+05  8.330E+05  8.687E+05  8.850E+05  8.976E+05  8.827E+05  9.048E+05  7.473E+05
  6.520E+05  6.593E+05  6.662E+05  6.441E+05  6.601E+05  7.611E+05  8.884E+05  8.777E+05  8.819E+05  8.698E+05
  8.585E+05  8.425E+05  7.849E+05  7.744E+05  7.290E+05  7.101E+05  7.854E+05  8.188E+05  8.286E+05  8.466E+05
  8.661E+05  9.044E+05  8.805E+05  8.736E+05  7.683E+05  6.583E+05  6.563E+05  6.478E+05  6.609E+05  6.634E+05
  7.638E+05  8.878E+05  8.697E+05  8.689E+05  8.684E+05  8.755E+05  8.390E+05  7.830E+05  7.522E+05  7.095E+05
  7.240E+05  7.810E+05  7.973E+05  8.510E+05  8.696E+05  9.027E+05  8.670E+05  9.072E+05  8.926E+05  7.832E+05
  6.685E+05  6.426E+05  6.623E+05  6.377E+05  6.681E+05  7.662E+05  8.658E+05  8.536E+05  8.620E+05  8.645E+05
  8.459E+05  8.438E+05  7.942E+05  7.707E+05  6.880E+05  7.145E+05  7.618E+05  7.847E+05  8.235E+05  8.557E+05
  8.943E+05  8.963E+05  8.864E+05  9.035E+05  8.320E+05  6.567E+05  6.468E+05  6.784E+05  6.578E+05  6.590E+05
  8.094E+05  8.788E+05  8.604E+05  8.661E+05  8.740E+05  8.590E+05  7.911E+05  7.964E+05  7.613E+05  7.128E+05
  7.311E+05  7.446E+05  8.001E+05  8.071E+05  8.228E+05  8.523E+05  8.917E+05  8.758E+05  8.683E+05  8.613E+05
  6.433E+05  6.729E+05  6.919E+05  6.611E+05  6.521E+05  8.570E+05  8.663E+05  8.757E+05  8.634E+05  8.874E+05
  8.668E+05  8.135E+05  7.829E+05  7.502E+05  6.974E+05  7.054E+05  7.374E+05  7.850E+05  8.239E+05  8.619E+05
  8.567E+05  9.042E+05  8.984E+05  9.101E+05  8.807E+05  7.172E+05  6.622E+05  6.601E+05  6.749E+05  7.022E+05
  8.747E+05  8.708E+05  8.658E+05  8.752E+05  8.482E+05  8.389E+05  7.869E+05  7.780E+05  7.387E+05  7.001E+05
  6.947E+05  7.298E+05  7.948E+05  8.135E+05  8.242E+05  8.570E+05  8.833E+05  8.901E+05  8.901E+05  8.736E+05
  8.241E+05  6.739E+05  6.683E+05  6.591E+05  7.862E+05  8.766E+05  8.496E+05  8.886E+05  8.648E+05  8.456E+05
  8.407E+05  7.958E+05  7.482E+05  7.149E+05  6.908E+05  6.873E+05  7.325E+05  7.693E+05  7.873E+05  3.384E+05
  3.101E+05  2.968E+05  3.358E+05  5.207E+05  5.038E+05  5.046E+05  4.229E+05  3.631E+05  3.994E+05  4.901E+05
  4.922E+05  4.793E+05  3.307E+05  3.054E+05  2.969E+05  3.765E+05  7.852E+05  7.723E+05  7.277E+05  6.879E+05
  6.739E+05  7.212E+05  7.544E+05  7.569E+05  5.899E+04  0.000E+00  0.000E+00  3.388E+02  1.935E+03  2.761E+03
  2.602E+03  1.346E+03  6.724E+02  3.106E+03  2.619E+03  2.995E+03  3.157E+03  3.717E+02  0.000E+00  0.000E+00
  6.952E+04  7.488E+05  7.457E+05  6.970E+05  6.461E+05  6.607E+05  7.164E+05  7.434E+05  7.276E+05  5.053E+04
  0.000E+00  0.000E+00  0.000E+00  0.000E+00  2.480E+02  0.000E+00  0.000E+00  0.000E+00  0.000E+00  2.353E+02
  1.905E+02  0.000E+00  0.000E+00  0.000E+00  0.000E+00  7.168E+04  7.488E+05  7.241E+05  6.860E+05  6.349E+05
  6.286E+05  6.961E+05  7.139E+05  7.300E+05  4.625E+04  0.000E+00  0.000E+00  0.000E+00  0.000E+00  4.507E+02
  0.000E+00  0.000E+00  0.000E+00  0.000E+00  0.000E+00  6.206E+02  0.000E+00  0.000E+00  0.000E+00  0.000E+00
  6.856E+04  7.516E+05  7.172E+05  6.893E+05  6.442E+05  6.165E+05  6.431E+05  7.189E+05  7.069E+05  4.561E+04
  0.000E+00  0.000E+00  0.000E+00  2.737E+02  0.000E+00  0.000E+00  0.000E+00  0.000E+00  0.000E+00  0.000E+00
  0.000E+00  0.000E+00  0.000E+00  0.000E+00  0.000E+00  6.769E+04  7.178E+05  7.098E+05  6.556E+05  6.370E+05
  6.098E+05  6.610E+05  6.858E+05  7.046E+05  4.822E+04  0.000E+00  0.000E+00  0.000E+00  2.147E+02  0.000E+00
  0.000E+00  0.000E+00  0.000E+00  0.000E+00  0.000E+00  0.000E+00  0.000E+00  2.115E+02  0.000E+00  0.000E+00
  6.257E+04  7.115E+05  6.974E+05  6.496E+05  5.976E+05  5.883E+05  6.246E+05  6.436E+05  6.771E+05  4.999E+04
  0.000E+00  0.000E+00  2.249E+02  0.000E+00  0.000E+00  0.000E+00  0.000E+00  0.000E+00  0.000E+00  0.000E+00
  0.000E+00  0.000E+00  0.000E+00  0.000E+00  0.000E+00  6.122E+04  6.806E+05  6.661E+05  6.353E+05  5.786E+05
  5.463E+05  5.972E+05  6.423E+05  6.593E+05  4.202E+04  0.000E+00  0.000E+00  0.000E+00  2.569E+02  0.000E+00
  0.000E+00  0.000E+00  0.000E+00  0.000E+00  0.000E+00  0.000E+00  0.000E+00  0.000E+00  0.000E+00  0.000E+00
  5.397E+04  6.667E+05  6.466E+05  5.879E+05  5.742E+05  5.384E+05  5.959E+05  6.231E+05  6.393E+05  4.026E+04
  0.000E+00  0.000E+00  0.000E+00  0.000E+00  0.000E+00  0.000E+00  0.000E+00  0.000E+00  0.000E+00  0.000E+00
  0.000E+00  0.000E+00  0.000E+00  0.000E+00  0.000E+00  5.791E+04  6.064E+05  6.293E+05  5.797E+05  5.409E+05
  5.238E+05  5.709E+05  6.093E+05  5.856E+05  3.784E+04  0.000E+00  0.000E+00  0.000E+00  0.000E+00  0.000E+00
  0.000E+00  0.000E+00  0.000E+00  0.000E+00  0.000E+00  0.000E+00  0.000E+00  0.000E+00  0.000E+00  0.000E+00
  5.715E+04  6.165E+05  6.109E+05  5.625E+05  5.253E+05  4.854E+05  5.274E+05  5.863E+05  5.830E+05  3.756E+04
  0.000E+00  0.000E+00  0.000E+00  0.000E+00  0.000E+00  0.000E+00  0.000E+00  0.000E+00  0.000E+00  0.000E+00
  0.000E+00  0.000E+00  0.000E+00  0.000E+00  0.000E+00  5.044E+04  5.814E+05  5.743E+05  5.366E+05  4.851E+05
  4.730E+05  5.052E+05  5.468E+05  5.598E+05  3.668E+04  0.000E+00  0.000E+00  0.000E+00  0.000E+00  0.000E+00
  0.000E+00  0.000E+00  0.000E+00  0.000E+00  0.000E+00  0.000E+00  0.000E+00  0.000E+00  0.000E+00  0.000E+00
  5.040E+04  5.634E+05  5.363E+05  5.043E+05  4.814E+05  4.538E+05  4.809E+05  5.265E+05  5.346E+05  2.934E+04
  0.000E+00  0.000E+00  0.000E+00  0.000E+00  0.000E+00  0.000E+00  0.000E+00  0.000E+00  0.000E+00  0.000E+00
  0.000E+00  0.000E+00  0.000E+00  0.000E+00  0.000E+00  4.443E+04  5.345E+05  5.292E+05  4.738E+05  4.516E+05
  4.351E+05  4.776E+05  4.992E+05  5.068E+05  3.291E+04  0.000E+00  0.000E+00  0.000E+00  0.000E+00  0.000E+00
  0.000E+00  0.000E+00  0.000E+00  0.000E+00  0.000E+00  0.000E+00  0.000E+00  0.000E+00  0.000E+00  0.000E+00
  4.403E+04  5.069E+05  4.860E+05  4.615E+05  4.277E+05  4.053E+05  4.222E+05  4.550E+05  4.824E+05  3.036E+04
  0.000E+00  0.000E+00  0.000E+00  0.000E+00  0.000E+00  0.000E+00  0.000E+00  0.000E+00  0.000E+00  0.000E+00
  0.000E+00  0.000E+00  0.000E+00  0.000E+00  0.000E+00  4.272E+04  4.802E+05  4.559E+05  4.381E+05  4.011E+05
  3.687E+05  4.182E+05  4.506E+05  4.428E+05  3.026E+04  0.000E+00  0.000E+00  0.000E+00  0.000E+00  0.000E+00
  0.000E+00  0.000E+00  0.000E+00  0.000E+00  0.000E+00  0.000E+00  0.000E+00  0.000E+00  0.000E+00  0.000E+00
  4.152E+04  4.471E+05  4.361E+05  4.310E+05  3.705E+05  3.473E+05  3.912E+05  4.135E+05  4.211E+05  2.629E+04
  0.000E+00  0.000E+00  0.000E+00  0.000E+00  0.000E+00  0.000E+00  0.000E+00  0.000E+00  0.000E+00  0.000E+00
  0.000E+00  0.000E+00  0.000E+00  0.000E+00  0.000E+00  3.806E+04  4.185E+05  4.231E+05  3.910E+05  3.473E+05
  3.223E+05  3.696E+05  3.932E+05  3.883E+05  2.456E+04  0.000E+00  0.000E+00  0.000E+00  0.000E+00  0.000E+00
  0.000E+00  0.000E+00  0.000E+00  0.000E+00  0.000E+00  0.000E+00  0.000E+00  0.000E+00  0.000E+00  0.000E+00
  3.473E+04  4.067E+05  3.799E+05  3.741E+05  3.384E+05  3.065E+05  3.422E+05  3.704E+05  3.800E+05  2.295E+04
  0.000E+00  0.000E+00  0.000E+00  0.000E+00  0.000E+00  0.000E+00  0.000E+00  0.000E+00  0.000E+00  0.000E+00
  0.000E+00  0.000E+00  0.000E+00  0.000E+00  0.000E+00  3.172E+04  3.718E+05  3.649E+05  3.239E+05  3.153E+05
  2.820E+05  3.142E+05  3.568E+05  3.517E+05  2.099E+04  0.000E+00  0.000E+00  0.000E+00  0.000E+00  0.000E+00
  0.000E+00  0.000E+00  0.000E+00  0.000E+00  0.000E+00  0.000E+00  0.000E+00  0.000E+00  0.000E+00  0.000E+00
  2.936E+04  3.546E+05  3.306E+05  3.109E+05  2.751E+05  2.575E+05  2.833E+05  3.112E+05  2.979E+05  1.994E+04
  0.000E+00  0.000E+00  0.000E+00  0.000E+00  0.000E+00  0.000E+00  0.000E+00  0.000E+00  0.000E+00  0.000E+00
  0.000E+00  0.000E+00  0.000E+00  0.000E+00  0.000E+00  2.354E+04  3.195E+05  3.121E+05  2.669E+05  2.524E+05
  2.335E+05  2.811E+05  2.956E+05  2.925E+05  1.591E+04  0.000E+00  0.000E+00  0.000E+00  0.000E+00  0.000E+00
  0.000E+00  0.000E+00  0.000E+00  0.000E+00  0.000E+00  0.000E+00  0.000E+00  0.000E+00  0.000E+00  0.000E+00
  2.481E+04  2.924E+05  2.745E+05  2.708E+05  2.395E+05  2.232E+05  2.325E+05  2.622E+05  2.700E+05  1.572E+04
  0.000E+00  0.000E+00  0.000E+00  0.000E+00  0.000E+00  0.000E+00  0.000E+00  0.000E+00  0.000E+00  0.000E+00
  0.000E+00  0.000E+00  0.000E+00  0.000E+00  0.000E+00  2.162E+04  2.825E+05  2.678E+05  2.468E+05  2.175E+05

#------------------------------------------------------------------------------
# gshow
#------------------------------------------------------------------------------

p: legs[c5*0.875]

hb:   line clip z  
frame:
 -3.9999905E+00 -5.9999723E+00
  4.0000095E+00 -5.9999723E+00
  4.0000095E+00  6.0000277E+00
 -3.9999905E+00  6.0000277E+00
clip:
 -4.30768243E+00 -6.19669316E+00
 -2.62100000E+00 -6.19669316E+00
 -2.62100000E+00 -6.01195011E+00
 -2.62100000E+00 -5.99013579E+00
 -2.62100000E+00 -5.80539273E+00
 -2.62100000E+00 -5.78357841E+00
 -2.62100000E+00 -5.59883535E+00
 -2.62100000E+00 -5.57702103E+00
 -2.62100000E+00 -5.39227798E+00
 -2.62100000E+00 -5.37046366E+00
 -2.62100000E+00 -5.18572060E+00
 -2.62100000E+00 -5.16390628E+00
 -2.62100000E+00 -4.97916322E+00
 -2.62100000E+00 -4.95734890E+00
 -2.62100000E+00 -4.77260585E+00
 -2.62100000E+00 -4.75079152E+00
 -2.62100000E+00 -4.56604847E+00
 -2.62100000E+00 -4.54423415E+00
 -2.62100000E+00 -4.35949109E+00
 -2.62100000E+00 -4.33767677E+00
 -2.62100000E+00 -4.15293371E+00
 -2.62100000E+00 -4.13111939E+00
 -2.62100000E+00 -3.94637634E+00
 -2.62100000E+00 -3.92456202E+00
 -2.62100000E+00 -3.73981896E+00
 -2.62100000E+00 -3.71800464E+00
 -2.62100000E+00 -3.53326158E+00
 -2.62100000E+00 -3.51144726E+00
 -2.62100000E+00 -3.32670421E+00
 -2.62100000E+00 -3.30488988E+00
 -2.62100000E+00 -3.12014683E+00
 -2.62100000E+00 -3.09833251E+00
 -2.62100000E+00 -2.91358945E+00
 -2.62100000E+00 -2.89177513E+00
 -2.62100000E+00 -2.70703207E+00
 -2.62100000E+00 -2.68521775E+00
 -2.62100000E+00 -2.50047470E+00
 -2.62100000E+00 -2.47866038E+00
 -2.62100000E+00 -2.29391732E+00
 -2.62100000E+00 -2.27210300E+00
 -2.62100000E+00 -2.08735994E+00
 -2.62100000E+00 -2.06554562E+00
 -2.62100000E+00 -1.88080257E+00
 -2.62100000E+00 -1.85898825E+00
 -2.62100000E+00 -1.67424519E+00
 -2.58460551E+00 -1.46850000E+00
 -2.54685598E+00 -1.46850000E+00
 -2.23999012E+00 -1.46850000E+00
 -2.20224060E+00 -1.46850000E+00
 -1.89537474E+00 -1.46850000E+00
 -1.85762521E+00 -1.46850000E+00
 -1.55075935E+00 -1.46850000E+00
 -1.48600000E+00 -1.44587349E+00
 -1.48600000E+00 -1.40705769E+00
 -1.48600000E+00 -1.23931611E+00
 -1.48600000E+00 -1.20050031E+00
 -1.48600000E+00 -1.03275874E+00
 -1.48600000E+00 -9.93942936E-01
 -1.48600000E+00 -8.26201360E-01
 -1.48600000E+00 -7.87385559E-01
 -1.48600000E+00 -6.19643983E-01
 -1.48600000E+00 -5.80828182E-01
 -1.48600000E+00 -4.13086606E-01
 -1.48600000E+00 -3.74270804E-01
 -1.48600000E+00 -2.06529229E-01
 -1.48600000E+00 -1.67713427E-01
 -1.48600000E+00  2.81481468E-05
 -1.48600000E+00  3.88439496E-02
 -1.48600000E+00  2.06585525E-01
 -1.48600000E+00  2.45401327E-01
 -1.48600000E+00  4.13142902E-01
 -1.48600000E+00  4.51958704E-01
 -1.48600000E+00  6.19700279E-01
 -1.48600000E+00  6.58516081E-01
 -1.48600000E+00  8.26257656E-01
 -1.48600000E+00  8.65073458E-01
 -1.48600000E+00  1.03281503E+00
 -1.48600000E+00  1.07163083E+00
 -1.48600000E+00  1.23937241E+00
 -1.48600000E+00  1.27818821E+00
 -1.48600000E+00  1.44592979E+00
 -1.48600000E+00  1.48474559E+00
 -1.48600000E+00  1.65248716E+00
 -1.48600000E+00  1.69130297E+00
 -1.48600000E+00  1.85904454E+00
 -1.48600000E+00  1.89786034E+00
 -1.48600000E+00  2.06560192E+00
 -1.48600000E+00  2.10441772E+00
 -1.48600000E+00  2.27215930E+00
 -1.48600000E+00  2.31097510E+00
 -1.48600000E+00  2.47871667E+00
 -1.48600000E+00  2.51753247E+00
 -1.48600000E+00  2.68527405E+00
 -1.20614397E+00  2.71850000E+00
 -9.16961965E-01  2.71850000E+00
  1.20616372E+00  2.71850000E+00
  1.48600000E+00  2.68527405E+00
  1.48600000E+00  2.64644641E+00
  1.48600000E+00  2.47871667E+00
  1.48600000E+00  2.43988903E+00
  1.48600000E+00  2.27215930E+00
  1.48600000E+00  2.23333165E+00
  1.48600000E+00  2.06560192E+00
  1.48600000E+00  2.02677428E+00
  1.48600000E+00  1.85904454E+00
  1.48600000E+00  1.82021690E+00
  1.48600000E+00  1.65248716E+00
  1.48600000E+00  1.61365952E+00
  1.48600000E+00  1.44592979E+00
  1.48600000E+00  1.40710215E+00
  1.48600000E+00  1.23937241E+00
  1.48600000E+00  1.20054477E+00
  1.48600000E+00  1.03281503E+00
  1.48600000E+00  9.93987392E-01
  1.48600000E+00  8.26257656E-01
  1.48600000E+00  7.87430015E-01
  1.48600000E+00  6.19700279E-01
  1.48600000E+00  5.80872638E-01
  1.48600000E+00  4.13142902E-01
  1.48600000E+00  3.74315261E-01
  1.48600000E+00  2.06585525E-01
  1.48600000E+00  1.67757884E-01
  1.48600000E+00  2.81481468E-05
  1.48600000E+00 -3.87994930E-02
  1.48600000E+00 -2.06529229E-01
  1.48600000E+00 -2.45356870E-01
  1.48600000E+00 -4.13086606E-01
  1.48600000E+00 -4.51914247E-01
  1.48600000E+00 -6.19643983E-01
  1.48600000E+00 -6.58471624E-01
  1.48600000E+00 -8.26201360E-01
  1.48600000E+00 -8.65029001E-01
  1.48600000E+00 -1.03275874E+00
  1.48600000E+00 -1.07158638E+00
  1.48600000E+00 -1.23931611E+00
  1.48600000E+00 -1.27814376E+00
  1.51302958E+00 -1.46850000E+00
  1.55077911E+00 -1.46850000E+00
  1.58852863E+00 -1.46850000E+00
  1.89539449E+00 -1.46850000E+00
  1.93314402E+00 -1.46850000E+00
  2.24000988E+00 -1.46850000E+00
  2.27775940E+00 -1.46850000E+00
  2.58462526E+00 -1.46850000E+00
  2.60900000E+00 -1.84437839E+00
  2.60900000E+00 -6.19669316E+00
  2.92924065E+00 -6.19669316E+00
  3.27385603E+00 -6.19669316E+00
  3.61847142E+00 -6.19669316E+00
  3.96308680E+00 -6.19669316E+00
  4.30770218E+00 -6.19669316E+00
  4.30770218E+00 -5.99013579E+00
  4.30770218E+00 -5.78357841E+00
  4.30770218E+00 -5.57702103E+00
  4.30770218E+00 -5.37046366E+00
  4.30770218E+00 -5.16390628E+00
  4.30770218E+00 -4.95734890E+00
  4.30770218E+00 -4.75079152E+00
  4.30770218E+00 -4.54423415E+00
  4.30770218E+00 -4.33767677E+00
  4.30770218E+00 -4.13111939E+00
  4.30770218E+00 -3.92456202E+00
  4.30770218E+00 -3.71800464E+00
  4.30770218E+00 -3.51144726E+00
  4.30770218E+00 -3.30488988E+00
  4.30770218E+00 -3.09833251E+00
  4.30770218E+00 -2.89177513E+00
  4.30770218E+00 -2.68521775E+00
  4.30770218E+00 -2.47866038E+00
  4.30770218E+00 -2.27210300E+00
  4.30770218E+00 -2.06554562E+00
  4.30770218E+00 -1.85898825E+00
  4.30770218E+00 -1.65243087E+00
  4.30770218E+00 -1.44587349E+00
  4.30770218E+00 -1.23931611E+00
  4.30770218E+00 -1.03275874E+00
  4.30770218E+00 -8.26201360E-01
  4.30770218E+00 -6.19643983E-01
  4.30770218E+00 -4.13086606E-01
  4.30770218E+00 -2.06529229E-01
  4.30770218E+00  2.81481468E-05
  4.30770218E+00  2.06585525E-01
  4.30770218E+00  4.13142902E-01
  4.30770218E+00  6.19700279E-01
  4.30770218E+00  8.26257656E-01
  4.30770218E+00  1.03281503E+00
  4.30770218E+00  1.23937241E+00
  4.30770218E+00  1.44592979E+00
  4.30770218E+00  1.65248716E+00
  4.30770218E+00  1.85904454E+00
  4.30770218E+00  2.06560192E+00
  4.30770218E+00  2.27215930E+00
  4.30770218E+00  2.47871667E+00
  4.30770218E+00  2.68527405E+00
  4.30770218E+00  2.89183143E+00
  4.30770218E+00  3.09838880E+00
  4.30770218E+00  3.30494618E+00
  4.30770218E+00  3.51150356E+00
  4.30770218E+00  3.71806094E+00
  4.30770218E+00  3.92461831E+00
  4.30770218E+00  4.13117569E+00
  4.30770218E+00  4.33773307E+00
  4.30770218E+00  4.54429044E+00
  4.30770218E+00  4.75084782E+00
  4.30770218E+00  4.95740520E+00
  4.30770218E+00  5.16396257E+00
  4.30770218E+00  5.37051995E+00
  4.30770218E+00  5.57707733E+00
  4.30770218E+00  5.78363471E+00
  4.30770218E+00  5.99019208E+00
  4.30770218E+00  6.19674946E+00
  3.96308680E+00  6.19674946E+00
  3.61847142E+00  6.19674946E+00
  3.27385603E+00  6.19674946E+00
  2.92924065E+00  6.19674946E+00
  2.58462526E+00  6.19674946E+00
  2.24000988E+00  6.19674946E+00
  1.89539449E+00  6.19674946E+00
  1.55077911E+00  6.19674946E+00
  1.20616372E+00  6.19674946E+00
  8.61548338E-01  6.19674946E+00
  5.16932953E-01  6.19674946E+00
  1.72317569E-01  6.19674946E+00
 -1.72297816E-01  6.19674946E+00
 -5.16913200E-01  6.19674946E+00
 -8.61528585E-01  6.19674946E+00
 -1.20614397E+00  6.19674946E+00
 -1.55075935E+00  6.19674946E+00
 -1.89537474E+00  6.19674946E+00
 -2.23999012E+00  6.19674946E+00
 -2.58460551E+00  6.19674946E+00
 -2.92922089E+00  6.19674946E+00
 -3.27383628E+00  6.19674946E+00
 -3.61845166E+00  6.19674946E+00
 -3.96306705E+00  6.19674946E+00
 -4.30768243E+00  5.99019208E+00
 -4.30768243E+00 -6.19669316E+00

hb:   line clip z  
frame:
 -3.9999905E+00 -5.9999723E+00
  4.0000095E+00 -5.9999723E+00
  4.0000095E+00  6.0000277E+00
 -3.9999905E+00  6.0000277E+00
clip:
 -2.58460551E+00 -6.19669316E+00
 -2.37100000E+00 -6.19669316E+00
 -2.37100000E+00 -6.06866117E+00
 -2.37100000E+00 -5.99013579E+00
 -2.37100000E+00 -5.86210380E+00
 -2.37100000E+00 -5.78357841E+00
 -2.37100000E+00 -5.65554642E+00
 -2.37100000E+00 -5.57702103E+00
 -2.37100000E+00 -5.44898904E+00
 -2.37100000E+00 -5.37046366E+00
 -2.37100000E+00 -5.24243167E+00
 -2.37100000E+00 -5.16390628E+00
 -2.37100000E+00 -5.03587429E+00
 -2.37100000E+00 -4.95734890E+00
 -2.37100000E+00 -4.82931691E+00
 -2.37100000E+00 -4.75079152E+00
 -2.37100000E+00 -4.62275953E+00
 -2.37100000E+00 -4.54423415E+00
 -2.37100000E+00 -4.41620216E+00
 -2.37100000E+00 -4.33767677E+00
 -2.37100000E+00 -4.20964478E+00
 -2.37100000E+00 -4.13111939E+00
 -2.37100000E+00 -4.00308740E+00
 -2.37100000E+00 -3.92456202E+00
 -2.37100000E+00 -3.79653003E+00
 -2.37100000E+00 -3.71800464E+00
 -2.37100000E+00 -3.58997265E+00
 -2.37100000E+00 -3.51144726E+00
 -2.37100000E+00 -3.38341527E+00
 -2.37100000E+00 -3.30488988E+00
 -2.37100000E+00 -3.17685789E+00
 -2.37100000E+00 -3.09833251E+00
 -2.37100000E+00 -2.97030052E+00
 -2.37100000E+00 -2.89177513E+00
 -2.37100000E+00 -2.76374314E+00
 -2.37100000E+00 -2.68521775E+00
 -2.37100000E+00 -2.55718576E+00
 -2.37100000E+00 -2.47866038E+00
 -2.37100000E+00 -2.35062839E+00
 -2.37100000E+00 -2.27210300E+00
 -2.37100000E+00 -2.14407101E+00
 -2.37100000E+00 -2.06554562E+00
 -2.37100000E+00 -1.93751363E+00
 -2.37100000E+00 -1.85898825E+00
 -2.23999012E+00 -1.71850000E+00
 -1.55075935E+00 -1.71850000E+00
 -1.48600000E+00 -1.69124667E+00
 -1.48600000E+00 -1.65243087E+00
 -1.48600000E+00 -1.61361507E+00
 -1.55075935E+00 -1.46850000E+00
 -1.85762521E+00 -1.46850000E+00
 -1.89537474E+00 -1.46850000E+00
 -2.20224060E+00 -1.46850000E+00
 -2.23999012E+00 -1.46850000E+00
 -2.54685598E+00 -1.46850000E+00
 -2.58460551E+00 -1.46850000E+00
 -2.62100000E+00 -1.63061655E+00
 -2.62100000E+00 -1.65243087E+00
 -2.62100000E+00 -1.67424519E+00
 -2.62100000E+00 -1.85898825E+00
 -2.62100000E+00 -1.88080257E+00
 -2.62100000E+00 -2.06554562E+00
 -2.62100000E+00 -2.08735994E+00
 -2.62100000E+00 -2.27210300E+00
 -2.62100000E+00 -2.29391732E+00
 -2.62100000E+00 -2.47866038E+00
 -2.62100000E+00 -2.50047470E+00
 -2.62100000E+00 -2.68521775E+00
 -2.62100000E+00 -2.70703207E+00
 -2.62100000E+00 -2.89177513E+00
 -2.62100000E+00 -2.91358945E+00
 -2.62100000E+00 -3.09833251E+00
 -2.62100000E+00 -3.12014683E+00
 -2.62100000E+00 -3.30488988E+00
 -2.62100000E+00 -3.32670421E+00
 -2.62100000E+00 -3.51144726E+00
 -2.62100000E+00 -3.53326158E+00
 -2.62100000E+00 -3.71800464E+00
 -2.62100000E+00 -3.73981896E+00
 -2.62100000E+00 -3.92456202E+00
 -2.62100000E+00 -3.94637634E+00
 -2.62100000E+00 -4.13111939E+00
 -2.62100000E+00 -4.15293371E+00
 -2.62100000E+00 -4.33767677E+00
 -2.62100000E+00 -4.35949109E+00
 -2.62100000E+00 -4.54423415E+00
 -2.62100000E+00 -4.56604847E+00
 -2.62100000E+00 -4.75079152E+00
 -2.62100000E+00 -4.77260585E+00
 -2.62100000E+00 -4.95734890E+00
 -2.62100000E+00 -4.97916322E+00
 -2.62100000E+00 -5.16390628E+00
 -2.62100000E+00 -5.18572060E+00
 -2.62100000E+00 -5.37046366E+00
 -2.62100000E+00 -5.39227798E+00
 -2.62100000E+00 -5.57702103E+00
 -2.62100000E+00 -5.59883535E+00
 -2.62100000E+00 -5.78357841E+00
 -2.62100000E+00 -5.80539273E+00
 -2.62100000E+00 -5.99013579E+00
 -2.62100000E+00 -6.01195011E+00
 -2.62100000E+00 -6.19669316E+00

hb:   line clip z  
frame:
 -3.9999905E+00 -5.9999723E+00
  4.0000095E+00 -5.9999723E+00
  4.0000095E+00  6.0000277E+00
 -3.9999905E+00  6.0000277E+00
clip:
 -2.23999012E+00 -6.19669316E+00
 -1.93948538E+00 -6.19669316E+00
 -1.92422027E+00 -6.00742537E+00
 -1.88011589E+00 -5.56787511E+00
 -1.82828691E+00 -5.16390628E+00
 -1.78688333E+00 -4.89232075E+00
 -1.72541037E+00 -4.54423415E+00
 -1.68408131E+00 -4.33767677E+00
 -1.63880752E+00 -4.13111939E+00
 -1.58925064E+00 -3.92456202E+00
 -1.53187568E+00 -3.70668604E+00
 -1.45865765E+00 -3.45624286E+00
 -1.37410233E+00 -3.19900427E+00
 -1.27463061E+00 -2.93282501E+00
 -1.20614397E+00 -2.76916602E+00
 -1.15391205E+00 -2.65391071E+00
 -1.06692457E+00 -2.47866038E+00
 -9.98427588E-01 -2.35415824E+00
 -8.61528585E-01 -2.13748775E+00
 -8.09506598E-01 -2.06554562E+00
 -6.31645129E-01 -1.85898825E+00
 -6.27141359E-01 -1.71850000E+00
 -8.61528585E-01 -1.71850000E+00
 -1.09591581E+00 -1.71850000E+00
 -1.20614397E+00 -1.71850000E+00
 -1.44053120E+00 -1.71850000E+00
 -1.55075935E+00 -1.71850000E+00
 -1.78514658E+00 -1.71850000E+00
 -1.89537474E+00 -1.71850000E+00
 -2.12976197E+00 -1.71850000E+00
 -2.23999012E+00 -1.71850000E+00
 -2.37100000E+00 -1.78046286E+00
 -2.37100000E+00 -1.85898825E+00
 -2.37100000E+00 -1.93751363E+00
 -2.37100000E+00 -2.06554562E+00
 -2.37100000E+00 -2.14407101E+00
 -2.37100000E+00 -2.27210300E+00
 -2.37100000E+00 -2.35062839E+00
 -2.37100000E+00 -2.47866038E+00
 -2.37100000E+00 -2.55718576E+00
 -2.37100000E+00 -2.68521775E+00
 -2.37100000E+00 -2.76374314E+00
 -2.37100000E+00 -2.89177513E+00
 -2.37100000E+00 -2.97030052E+00
 -2.37100000E+00 -3.09833251E+00
 -2.37100000E+00 -3.17685789E+00
 -2.37100000E+00 -3.30488988E+00
 -2.37100000E+00 -3.38341527E+00
 -2.37100000E+00 -3.51144726E+00
 -2.37100000E+00 -3.58997265E+00
 -2.37100000E+00 -3.71800464E+00
 -2.37100000E+00 -3.79653003E+00
 -2.37100000E+00 -3.92456202E+00
 -2.37100000E+00 -4.00308740E+00
 -2.37100000E+00 -4.13111939E+00
 -2.37100000E+00 -4.20964478E+00
 -2.37100000E+00 -4.33767677E+00
 -2.37100000E+00 -4.41620216E+00
 -2.37100000E+00 -4.54423415E+00
 -2.37100000E+00 -4.62275953E+00
 -2.37100000E+00 -4.75079152E+00
 -2.37100000E+00 -4.82931691E+00
 -2.37100000E+00 -4.95734890E+00
 -2.37100000E+00 -5.03587429E+00
 -2.37100000E+00 -5.16390628E+00
 -2.37100000E+00 -5.24243167E+00
 -2.37100000E+00 -5.37046366E+00
 -2.37100000E+00 -5.44898904E+00
 -2.37100000E+00 -5.57702103E+00
 -2.37100000E+00 -5.65554642E+00
 -2.37100000E+00 -5.78357841E+00
 -2.37100000E+00 -5.86210380E+00
 -2.37100000E+00 -5.99013579E+00
 -2.37100000E+00 -6.06866117E+00
 -2.37100000E+00 -6.19669316E+00

hb:   line clip z  
frame:
 -3.9999905E+00 -5.9999723E+00
  4.0000095E+00 -5.9999723E+00
  4.0000095E+00  6.0000277E+00
 -3.9999905E+00  6.0000277E+00
clip:
 -1.89537474E+00 -6.19669316E+00
  1.92748538E+00 -6.19669316E+00
  1.92609686E+00 -6.17829062E+00
  1.91071623E+00 -5.99013579E+00
  1.90995025E+00 -5.98141128E+00
  1.89539449E+00 -5.82483107E+00
  1.89130209E+00 -5.78357841E+00
  1.87083122E+00 -5.59174390E+00
  1.86916079E+00 -5.57702103E+00
  1.84781370E+00 -5.39898288E+00
  1.84419443E+00 -5.37046366E+00
  1.82244626E+00 -5.20763037E+00
  1.81628691E+00 -5.16390628E+00
  1.79468363E+00 -5.01771351E+00
  1.78530075E+00 -4.95734890E+00
  1.76447007E+00 -4.82926569E+00
  1.75107310E+00 -4.75079152E+00
  1.73173821E+00 -4.64232731E+00
  1.71341037E+00 -4.54423415E+00
  1.69640763E+00 -4.45694656E+00
  1.67208131E+00 -4.33767677E+00
  1.65838299E+00 -4.27318059E+00
  1.62680752E+00 -4.13111939E+00
  1.61755166E+00 -4.09109691E+00
  1.57725064E+00 -3.92456202E+00
  1.57378076E+00 -3.91077517E+00
  1.55077911E+00 -3.82143379E+00
  1.52299426E+00 -3.71800464E+00
  1.47676305E+00 -3.55581140E+00
  1.46351795E+00 -3.51144726E+00
  1.42310809E+00 -3.38141401E+00
  1.39815855E+00 -3.30488988E+00
  1.36568175E+00 -3.20927713E+00
  1.32605036E+00 -3.09833251E+00
  1.30416049E+00 -3.03959469E+00
  1.24602785E+00 -2.89177513E+00
  1.23814693E+00 -2.87260487E+00
  1.20616372E+00 -2.79682745E+00
  1.15645774E+00 -2.68521775E+00
  1.09052579E+00 -2.54797205E+00
  1.05492457E+00 -2.47866038E+00
  1.00746753E+00 -2.39119856E+00
  9.37574351E-01 -2.27210300E+00
  9.16869503E-01 -2.23894431E+00
  8.61548338E-01 -2.15489579E+00
  7.97506598E-01 -2.06554562E+00
  7.06182819E-01 -1.95211205E+00
  6.19645129E-01 -1.85898825E+00
  5.80254440E-01 -1.82103428E+00
  5.16932953E-01 -1.76564998E+00
  3.51434580E-01 -1.65243087E+00
  2.51138082E-01 -1.60518702E+00
  1.72317569E-01 -1.57904352E+00
  7.69319747E-02 -1.59525815E+00
 -1.72297816E-01 -1.57607185E+00
 -2.55833592E-01 -1.60236076E+00
 -3.63434580E-01 -1.65243087E+00
 -5.16913200E-01 -1.75590657E+00
 -5.87528274E-01 -1.81666261E+00
 -6.31645129E-01 -1.85898825E+00
 -7.64105735E-01 -2.00715180E+00
 -8.09506598E-01 -2.06554562E+00
 -8.61528585E-01 -2.13748775E+00
 -9.25556356E-01 -2.23372570E+00
 -9.49574351E-01 -2.27210300E+00
 -9.98427588E-01 -2.35415824E+00
 -1.06692457E+00 -2.47866038E+00
 -1.15391205E+00 -2.65391071E+00
 -1.16845774E+00 -2.68521775E+00
 -1.20614397E+00 -2.76916602E+00
 -1.24775767E+00 -2.86683249E+00
 -1.25802785E+00 -2.89177513E+00
 -1.27463061E+00 -2.93282501E+00
 -1.33805036E+00 -3.09833251E+00
 -1.37410233E+00 -3.19900427E+00
 -1.41015855E+00 -3.30488988E+00
 -1.45865765E+00 -3.45624286E+00
 -1.47551795E+00 -3.51144726E+00
 -1.53187568E+00 -3.70668604E+00
 -1.53499426E+00 -3.71800464E+00
 -1.55075935E+00 -3.77610864E+00
 -1.58419919E+00 -3.90451867E+00
 -1.58925064E+00 -3.92456202E+00
 -1.59601704E+00 -3.95168881E+00
 -1.63880752E+00 -4.13111939E+00
 -1.65261863E+00 -4.19217234E+00
 -1.68408131E+00 -4.33767677E+00
 -1.70278160E+00 -4.42879666E+00
 -1.72541037E+00 -4.54423415E+00
 -1.74732644E+00 -4.66205356E+00
 -1.76307310E+00 -4.75079152E+00
 -1.78688333E+00 -4.89232075E+00
 -1.79730075E+00 -4.95734890E+00
 -1.82194793E+00 -5.11989533E+00
 -1.82828691E+00 -5.16390628E+00
 -1.85291761E+00 -5.34501548E+00
 -1.85619443E+00 -5.37046366E+00
 -1.88011589E+00 -5.56787511E+00
 -1.88116079E+00 -5.57702103E+00
 -1.89537474E+00 -5.70660436E+00
 -1.90285101E+00 -5.77909724E+00
 -1.90330209E+00 -5.78357841E+00
 -1.90380946E+00 -5.78863406E+00
 -1.92271623E+00 -5.99013579E+00
 -1.92422027E+00 -6.00742537E+00
 -1.93948538E+00 -6.19669316E+00

hb:   line clip z  
frame:
 -3.9999905E+00 -5.9999723E+00
  4.0000095E+00 -5.9999723E+00
  4.0000095E+00  6.0000277E+00
 -3.9999905E+00  6.0000277E+00
clip:
  2.24000988E+00 -6.19669316E+00
  2.35900000E+00 -6.19669316E+00
  2.35900000E+00 -6.12537224E+00
  2.35900000E+00 -5.99013579E+00
  2.35900000E+00 -5.91881486E+00
  2.35900000E+00 -5.78357841E+00
  2.35900000E+00 -5.71225748E+00
  2.35900000E+00 -5.57702103E+00
  2.35900000E+00 -5.50570011E+00
  2.35900000E+00 -5.37046366E+00
  2.35900000E+00 -5.29914273E+00
  2.35900000E+00 -5.16390628E+00
  2.35900000E+00 -5.09258535E+00
  2.35900000E+00 -4.95734890E+00
  2.35900000E+00 -4.88602798E+00
  2.35900000E+00 -4.75079152E+00
  2.35900000E+00 -4.67947060E+00
  2.35900000E+00 -4.54423415E+00
  2.35900000E+00 -4.47291322E+00
  2.35900000E+00 -4.33767677E+00
  2.35900000E+00 -4.26635585E+00
  2.35900000E+00 -4.13111939E+00
  2.35900000E+00 -4.05979847E+00
  2.35900000E+00 -3.92456202E+00
  2.35900000E+00 -3.85324109E+00
  2.35900000E+00 -3.71800464E+00
  2.35900000E+00 -3.64668371E+00
  2.35900000E+00 -3.51144726E+00
  2.35900000E+00 -3.44012634E+00
  2.35900000E+00 -3.30488988E+00
  2.35900000E+00 -3.23356896E+00
  2.35900000E+00 -3.09833251E+00
  2.35900000E+00 -3.02701158E+00
  2.35900000E+00 -2.89177513E+00
  2.35900000E+00 -2.82045421E+00
  2.35900000E+00 -2.68521775E+00
  2.35900000E+00 -2.61389683E+00
  2.35900000E+00 -2.47866038E+00
  2.35900000E+00 -2.40733945E+00
  2.35900000E+00 -2.27210300E+00
  2.35900000E+00 -2.20078207E+00
  2.35900000E+00 -2.06554562E+00
  2.35900000E+00 -1.99422470E+00
  2.35900000E+00 -1.85898825E+00
  2.35900000E+00 -1.78766732E+00
  2.24000988E+00 -1.71850000E+00
  2.00562265E+00 -1.71850000E+00
  1.89539449E+00 -1.71850000E+00
  1.66100727E+00 -1.71850000E+00
  1.55077911E+00 -1.71850000E+00
  1.31639188E+00 -1.71850000E+00
  1.20616372E+00 -1.71850000E+00
  9.71776496E-01 -1.71850000E+00
  8.61548338E-01 -1.71850000E+00
  6.27161112E-01 -1.71850000E+00
  6.19645129E-01 -1.85898825E+00
  7.06182819E-01 -1.95211205E+00
  7.97506598E-01 -2.06554562E+00
  8.61548338E-01 -2.15489579E+00
  9.37574351E-01 -2.27210300E+00
  1.00746753E+00 -2.39119856E+00
  1.09052579E+00 -2.54797205E+00
  1.16714542E+00 -2.70860475E+00
  1.24602785E+00 -2.89177513E+00
  1.32605036E+00 -3.09833251E+00
  1.39815855E+00 -3.30488988E+00
  1.46351795E+00 -3.51144726E+00
  1.52691328E+00 -3.73230946E+00
  1.57725064E+00 -3.92456202E+00
  1.62680752E+00 -4.13111939E+00
  1.67208131E+00 -4.33767677E+00
  1.73173821E+00 -4.64232731E+00
  1.78530075E+00 -4.95734890E+00
  1.82244626E+00 -5.20763037E+00
  1.87083122E+00 -5.59174390E+00
  1.91071623E+00 -5.99013579E+00
  1.92748538E+00 -6.19669316E+00

hb:   line clip z  
frame:
 -3.9999905E+00 -5.9999723E+00
  4.0000095E+00 -5.9999723E+00
  4.0000095E+00  6.0000277E+00
 -3.9999905E+00  6.0000277E+00
clip:
  2.58462526E+00 -6.19669316E+00
  2.60900000E+00 -6.19669316E+00
  2.60900000E+00 -6.18208330E+00
  2.60900000E+00 -5.99013579E+00
  2.60900000E+00 -5.97552593E+00
  2.60900000E+00 -5.78357841E+00
  2.60900000E+00 -5.76896855E+00
  2.60900000E+00 -5.57702103E+00
  2.60900000E+00 -5.56241117E+00
  2.60900000E+00 -5.37046366E+00
  2.60900000E+00 -5.35585380E+00
  2.60900000E+00 -5.16390628E+00
  2.60900000E+00 -5.14929642E+00
  2.60900000E+00 -4.95734890E+00
  2.60900000E+00 -4.94273904E+00
  2.60900000E+00 -4.75079152E+00
  2.60900000E+00 -4.73618167E+00
  2.60900000E+00 -4.54423415E+00
  2.60900000E+00 -4.52962429E+00
  2.60900000E+00 -4.33767677E+00
  2.60900000E+00 -4.32306691E+00
  2.60900000E+00 -4.13111939E+00
  2.60900000E+00 -4.11650953E+00
  2.60900000E+00 -3.92456202E+00
  2.60900000E+00 -3.90995216E+00
  2.60900000E+00 -3.71800464E+00
  2.60900000E+00 -3.70339478E+00
  2.60900000E+00 -3.51144726E+00
  2.60900000E+00 -3.49683740E+00
  2.60900000E+00 -3.30488988E+00
  2.60900000E+00 -3.29028003E+00
  2.60900000E+00 -3.09833251E+00
  2.60900000E+00 -3.08372265E+00
  2.60900000E+00 -2.89177513E+00
  2.60900000E+00 -2.87716527E+00
  2.60900000E+00 -2.68521775E+00
  2.60900000E+00 -2.67060789E+00
  2.60900000E+00 -2.47866038E+00
  2.60900000E+00 -2.46405052E+00
  2.60900000E+00 -2.27210300E+00
  2.60900000E+00 -2.25749314E+00
  2.60900000E+00 -2.06554562E+00
  2.60900000E+00 -2.05093576E+00
  2.60900000E+00 -1.85898825E+00
  2.60900000E+00 -1.84437839E+00
  2.60900000E+00 -1.65243087E+00
  2.60900000E+00 -1.63782101E+00
  2.58462526E+00 -1.46850000E+00
  2.27775940E+00 -1.46850000E+00
  2.24000988E+00 -1.46850000E+00
  1.93314402E+00 -1.46850000E+00
  1.89539449E+00 -1.46850000E+00
  1.58852863E+00 -1.46850000E+00
  1.55077911E+00 -1.46850000E+00
  1.48600000E+00 -1.61360323E+00
  1.48600000E+00 -1.65243087E+00
  1.48600000E+00 -1.69125851E+00
  1.55077911E+00 -1.71850000E+00
  1.66100727E+00 -1.71850000E+00
  1.89539449E+00 -1.71850000E+00
  2.00562265E+00 -1.71850000E+00
  2.24000988E+00 -1.71850000E+00
  2.35023803E+00 -1.71850000E+00
  2.35900000E+00 -1.85898825E+00
  2.35900000E+00 -1.99422470E+00
  2.35900000E+00 -2.06554562E+00
  2.35900000E+00 -2.20078207E+00
  2.35900000E+00 -2.27210300E+00
  2.35900000E+00 -2.40733945E+00
  2.35900000E+00 -2.47866038E+00
  2.35900000E+00 -2.61389683E+00
  2.35900000E+00 -2.68521775E+00
  2.35900000E+00 -2.82045421E+00
  2.35900000E+00 -2.89177513E+00
  2.35900000E+00 -3.02701158E+00
  2.35900000E+00 -3.09833251E+00
  2.35900000E+00 -3.23356896E+00
  2.35900000E+00 -3.30488988E+00
  2.35900000E+00 -3.44012634E+00
  2.35900000E+00 -3.51144726E+00
  2.35900000E+00 -3.64668371E+00
  2.35900000E+00 -3.71800464E+00
  2.35900000E+00 -3.85324109E+00
  2.35900000E+00 -3.92456202E+00
  2.35900000E+00 -4.05979847E+00
  2.35900000E+00 -4.13111939E+00
  2.35900000E+00 -4.26635585E+00
  2.35900000E+00 -4.33767677E+00
  2.35900000E+00 -4.47291322E+00
  2.35900000E+00 -4.54423415E+00
  2.35900000E+00 -4.67947060E+00
  2.35900000E+00 -4.75079152E+00
  2.35900000E+00 -4.88602798E+00
  2.35900000E+00 -4.95734890E+00
  2.35900000E+00 -5.09258535E+00
  2.35900000E+00 -5.16390628E+00
  2.35900000E+00 -5.29914273E+00
  2.35900000E+00 -5.37046366E+00
  2.35900000E+00 -5.50570011E+00
  2.35900000E+00 -5.57702103E+00
  2.35900000E+00 -5.71225748E+00
  2.35900000E+00 -5.78357841E+00
  2.35900000E+00 -5.91881486E+00
  2.35900000E+00 -5.99013579E+00
  2.35900000E+00 -6.12537224E+00
  2.35900000E+00 -6.19669316E+00

hb:   line clip z  
clip:
 -1.31637213E+00 -1.71850000E+00
 -5.16913200E-01 -1.71850000E+00
 -3.63434580E-01 -1.65243087E+00
 -3.03514568E-01 -1.52452288E+00
 -5.16913200E-01 -1.46850000E+00
 -8.23779059E-01 -1.46850000E+00
 -8.61528585E-01 -1.46850000E+00
 -1.16839444E+00 -1.46850000E+00
 -1.20614397E+00 -1.46850000E+00
 -1.48600000E+00 -1.48468929E+00
 -1.48600000E+00 -1.65243087E+00

hb:   line clip z  
clip:
  4.33079210E-01 -1.70269157E+00
  5.16932953E-01 -1.71850000E+00
  6.27161112E-01 -1.71850000E+00
  8.61548338E-01 -1.71850000E+00
  9.71776496E-01 -1.71850000E+00
  1.20616372E+00 -1.71850000E+00
  1.31639188E+00 -1.71850000E+00
  1.48600000E+00 -1.65243087E+00
  1.48600000E+00 -1.48470113E+00
  1.20616372E+00 -1.46850000E+00
  8.99297864E-01 -1.46850000E+00
  8.61548338E-01 -1.46850000E+00
  5.54682479E-01 -1.46850000E+00
  5.16932953E-01 -1.46850000E+00
  3.03525244E-01 -1.52451744E+00
  3.51434580E-01 -1.65243087E+00

hb:   line clip z  
clip:
 -1.24389350E+00 -1.46850000E+00
 -4.79163675E-01 -1.46850000E+00
 -4.28227564E-01 -1.44587349E+00
 -4.66207085E-01 -1.41548099E+00
 -5.16913200E-01 -1.36966051E+00
 -6.32485045E-01 -1.23931611E+00
 -7.00060099E-01 -1.14253429E+00
 -7.63782065E-01 -1.03275874E+00
 -7.86635257E-01 -9.87868781E-01
 -8.56362062E-01 -8.26201360E-01
 -8.61528585E-01 -8.12334508E-01
 -9.21963202E-01 -6.19643983E-01
 -9.55944126E-01 -4.69677888E-01
 -9.66097064E-01 -4.13086606E-01
 -9.84539518E-01 -2.80260167E-01
 -9.91634083E-01 -2.06529229E-01
 -9.98680125E-01 -8.21784615E-02
 -1.00000000E+00  2.81481468E-05
 -9.96922352E-01  1.25432499E-01
 -9.76589692E-01  3.44176972E-01
 -9.32701100E-01  5.77040524E-01
 -8.61528585E-01  8.12334508E-01
 -8.54820353E-01  8.30278472E-01
 -7.63752329E-01  1.03281503E+00
 -7.13020995E-01  1.12182829E+00
 -6.32441953E-01  1.23937241E+00
 -5.16913200E-01  1.36966051E+00
 -4.66168058E-01  1.41551390E+00
 -4.28153306E-01  1.44592979E+00
 -1.72297816E-01  1.57607185E+00
 -7.68377035E-02  1.59526978E+00
  1.72317569E-01  1.57606632E+00
  4.28153306E-01  1.44592979E+00
  4.66176266E-01  1.41550698E+00
  5.16932953E-01  1.36964142E+00
  6.32441953E-01  1.23937241E+00
  7.00039593E-01  1.14256645E+00
  7.63752329E-01  1.03281503E+00
  7.86618404E-01  9.87903136E-01
  8.56340845E-01  8.26257656E-01
  8.61548338E-01  8.12280875E-01
  9.21948422E-01  6.19700279E-01
  9.55936474E-01  4.69717758E-01
  9.66087661E-01  4.13142902E-01
  9.84534883E-01  2.80301846E-01
  9.91629503E-01  2.06585525E-01
  9.98678723E-01  8.22220775E-02
  1.00000000E+00  2.81481468E-05
  9.96924602E-01 -1.25386693E-01
  9.91634083E-01 -2.06529229E-01
  9.76596362E-01 -3.44128518E-01
  9.66097064E-01 -4.13086606E-01
  9.32713663E-01 -5.76988537E-01
  9.21963202E-01 -6.19643983E-01
  8.61548338E-01 -8.12280875E-01
  8.57316082E-01 -8.23664608E-01
  8.54842184E-01 -8.30220930E-01
  7.63782065E-01 -1.03275874E+00
  7.13064248E-01 -1.12175791E+00
  6.32485045E-01 -1.23931611E+00
  5.16932953E-01 -1.36964142E+00
  4.66215292E-01 -1.41547407E+00
  4.28227564E-01 -1.44587349E+00
  4.79183428E-01 -1.46850000E+00
  5.16932953E-01 -1.46850000E+00
  5.54682479E-01 -1.46850000E+00
  8.61548338E-01 -1.46850000E+00
  8.99297864E-01 -1.46850000E+00
  1.20616372E+00 -1.46850000E+00
  1.24391325E+00 -1.46850000E+00
  1.48600000E+00 -1.44587349E+00
  1.48600000E+00 -1.27814376E+00
  1.48600000E+00 -1.23931611E+00
  1.48600000E+00 -1.07158638E+00
  1.48600000E+00 -1.03275874E+00
  1.48600000E+00 -8.65029001E-01
  1.48600000E+00 -8.26201360E-01
  1.48600000E+00 -6.58471624E-01
  1.48600000E+00 -6.19643983E-01
  1.48600000E+00 -4.51914247E-01
  1.48600000E+00 -4.13086606E-01
  1.48600000E+00 -2.45356870E-01
  1.48600000E+00 -2.06529229E-01
  1.48600000E+00 -3.87994930E-02
  1.48600000E+00  2.81481468E-05
  1.48600000E+00  1.67757884E-01
  1.48600000E+00  2.06585525E-01
  1.48600000E+00  3.74315261E-01
  1.48600000E+00  4.13142902E-01
  1.48600000E+00  5.80872638E-01
  1.48600000E+00  6.19700279E-01
  1.48600000E+00  7.87430015E-01
  1.48600000E+00  8.26257656E-01
  1.48600000E+00  9.93987392E-01
  1.48600000E+00  1.03281503E+00
  1.48600000E+00  1.20054477E+00
  1.48600000E+00  1.23937241E+00
  1.48600000E+00  1.40710215E+00
  1.48600000E+00  1.44592979E+00
  1.48600000E+00  1.61365952E+00
  1.48600000E+00  1.65248716E+00
  1.48600000E+00  1.82021690E+00
  1.48600000E+00  1.85904454E+00
  1.48600000E+00  2.02677428E+00
  1.48600000E+00  2.06560192E+00
  1.48600000E+00  2.23333165E+00
  1.48600000E+00  2.27215930E+00
  1.48600000E+00  2.43988903E+00
  1.48600000E+00  2.47871667E+00
  1.48600000E+00  2.64644641E+00
  1.48600000E+00  2.68527405E+00
  1.26159710E+00  2.71850000E+00
  1.20616372E+00  2.71850000E+00
  1.15073034E+00  2.71850000E+00
  8.61548338E-01  2.71850000E+00
  8.06114958E-01  2.71850000E+00
  5.16932953E-01  2.71850000E+00
  4.61499573E-01  2.71850000E+00
  1.72317569E-01  2.71850000E+00
  1.16884189E-01  2.71850000E+00
 -1.72297816E-01  2.71850000E+00
 -2.27731196E-01  2.71850000E+00
 -5.16913200E-01  2.71850000E+00
 -5.72346581E-01  2.71850000E+00
 -8.61528585E-01  2.71850000E+00
 -9.16961965E-01  2.71850000E+00
 -1.20614397E+00  2.71850000E+00
 -1.26157735E+00  2.71850000E+00
 -1.48600000E+00  2.68527405E+00
 -1.48600000E+00  2.51753247E+00
 -1.48600000E+00  2.47871667E+00
 -1.48600000E+00  2.31097510E+00
 -1.48600000E+00  2.27215930E+00
 -1.48600000E+00  2.10441772E+00
 -1.48600000E+00  2.06560192E+00
 -1.48600000E+00  1.89786034E+00
 -1.48600000E+00  1.85904454E+00
 -1.48600000E+00  1.69130297E+00
 -1.48600000E+00  1.65248716E+00
 -1.48600000E+00  1.48474559E+00
 -1.48600000E+00  1.44592979E+00
 -1.48600000E+00  1.27818821E+00
 -1.48600000E+00  1.23937241E+00
 -1.48600000E+00  1.07163083E+00
 -1.48600000E+00  1.03281503E+00
 -1.48600000E+00  8.65073458E-01
 -1.48600000E+00  8.26257656E-01
 -1.48600000E+00  6.58516081E-01
 -1.48600000E+00  6.19700279E-01
 -1.48600000E+00  4.51958704E-01
 -1.48600000E+00  4.13142902E-01
 -1.48600000E+00  2.45401327E-01
 -1.48600000E+00  2.06585525E-01
 -1.48600000E+00  3.88439496E-02
 -1.48600000E+00  2.81481468E-05
 -1.48600000E+00 -1.67713427E-01
 -1.48600000E+00 -2.06529229E-01
 -1.48600000E+00 -3.74270804E-01
 -1.48600000E+00 -4.13086606E-01
 -1.48600000E+00 -5.80828182E-01
 -1.48600000E+00 -6.19643983E-01
 -1.48600000E+00 -7.87385559E-01
 -1.48600000E+00 -8.26201360E-01
 -1.48600000E+00 -9.93942936E-01
 -1.48600000E+00 -1.03275874E+00
 -1.48600000E+00 -1.20050031E+00
 -1.48600000E+00 -1.23931611E+00
 -1.48600000E+00 -1.40705769E+00
 -1.48600000E+00 -1.44587349E+00

hb:   line clip z  
clip:
 -3.03514568E-01 -1.52452288E+00
 -1.72297816E-01 -1.57607185E+00
  7.69319747E-02 -1.59525815E+00
  3.03525244E-01 -1.52451744E+00
  5.16932953E-01 -1.36964142E+00
  6.32485045E-01 -1.23931611E+00
  7.63782065E-01 -1.03275874E+00
  8.56362062E-01 -8.26201360E-01
  9.13537907E-01 -6.50805763E-01
  9.32713663E-01 -5.76988537E-01
  9.66097064E-01 -4.13086606E-01
  9.91634083E-01 -2.06529229E-01
  1.00000000E+00  2.81481468E-05
  9.91629503E-01  2.06585525E-01
  9.66087661E-01  4.13142902E-01
  9.21948422E-01  6.19700279E-01
  8.61548338E-01  8.12280875E-01
  7.86618404E-01  9.87903136E-01
  7.00039593E-01  1.14256645E+00
  5.94885896E-01  1.28609625E+00
  4.28153306E-01  1.44592979E+00
  1.72317569E-01  1.57606632E+00
 -7.68377035E-02  1.59526978E+00
 -3.03463805E-01  1.52454875E+00
 -5.16913200E-01  1.36966051E+00
 -6.32441953E-01  1.23937241E+00
 -7.63752329E-01  1.03281503E+00
 -8.56340845E-01  8.26257656E-01
 -9.13521656E-01  6.50864159E-01
 -9.32701100E-01  5.77040524E-01
 -9.66087661E-01  4.13142902E-01
 -9.91629503E-01  2.06585525E-01
 -1.00000000E+00  2.81481468E-05
 -9.91634083E-01 -2.06529229E-01
 -9.66097064E-01 -4.13086606E-01
 -9.21963202E-01 -6.19643983E-01
 -8.61528585E-01 -8.12334508E-01
 -7.86635257E-01 -9.87868781E-01
 -7.00060099E-01 -1.14253429E+00
 -5.94910821E-01 -1.28606674E+00
 -4.28227564E-01 -1.44587349E+00

#------------------------------------------------------------------------------
z: xorg(1.03)
p: xfac[c2*0.05] form[c1/0.05] notc noxt noyt dmin(1)
p: ymin(0) ymax(1) xmin(0) xmax(1) cmin(1) cmax(100) nosp
hc: y= 0.005 to 0.995 by 0.01 ; x= 0.5 to 0.5 by 1 ;
 1  2  3  4  5  6  7  8  9 10 11 12 13 14 15 16 17 18 19 20
21 22 23 24 25 26 27 28 29 30 31 32 33 34 35 36 37 38 39 40
41 42 43 44 45 46 47 48 49 50 51 52 53 54 55 56 57 58 59 60
61 62 63 64 65 66 67 68 69 70 71 72 73 74 75 76 77 78 79 80
81 82 83 84 85 86 87 88 89 90 91 92 93 94 95 96 97 98 99 100
z: xorg(0.0)
p: xfac[c2*0.05] form[c1/0.05] nosp afac[c5*0.625] ymin[c3] ymax[c4]
p: noxt noxn ytxt(-1) ynum(-1) xltd(-1) xstd(-1) itic(1) ylog
y: Flux [1/cm^2/source]              
#------------------------------------------------------------------------------

wt: s[c5]
\vspace{-3}
  emin  &=&   0.0000E+00 [MeV]
  emax  &=&   1.0000E+03 [MeV]
  zmin  &=&   9.8470E+01 [cm]
  zmax  &=&   9.8490E+01 [cm]
  part. &=& proton  
e:

#------------------------------------------------------------------------------
z: xorg[-1.03/0.05]
p: form[c1] xfac[c2] afac[c5] nosp notf
p: xmin( -4.000000    ) xmax(  4.000000    )
p: ymin( -6.000000    ) ymax(  6.000000    )
 
# Information for Restart Calculation
# This calculation was newly started
# istdev =  2 # 1:Batch variance, 2:History variance
# resc2  = 8.43385973868316235E-02 # Total source weight or Total source weight / maxcas
# resc3  = 5.26400000000000000E+08 # Total history number or Total batch number
# maxcas =      100000 # History / Batch, only used for istdev=1
# bitrseed = 0001111110111011110001111001110111111010110110100011110000001000 # bit data of rseed
