[ T-Track ]
    title = [t-track] in xyz mesh
     mesh =  xyz            # mesh type is xyz scoring mesh
   x-type =    2            # x-mesh is linear given by xmin, xmax and nx
     xmin =  -7.000000      # minimum value of x-mesh points
     xmax =   7.000000      # maximum value of x-mesh points
#    xdel =  0.1489362      # mesh width of x-mesh points
       nx =     94          # number of x-mesh points
#    data = ( x(i), i = 1, nx + 1 )
#          -7.00000E+00 -6.85106E+00 -6.70213E+00 -6.55319E+00 -6.40426E+00
#          -6.25532E+00 -6.10638E+00 -5.95745E+00 -5.80851E+00 -5.65957E+00
#          -5.51064E+00 -5.36170E+00 -5.21277E+00 -5.06383E+00 -4.91489E+00
#          -4.76596E+00 -4.61702E+00 -4.46809E+00 -4.31915E+00 -4.17021E+00
#          -4.02128E+00 -3.87234E+00 -3.72340E+00 -3.57447E+00 -3.42553E+00
#          -3.27660E+00 -3.12766E+00 -2.97872E+00 -2.82979E+00 -2.68085E+00
#          -2.53191E+00 -2.38298E+00 -2.23404E+00 -2.08511E+00 -1.93617E+00
#          -1.78723E+00 -1.63830E+00 -1.48936E+00 -1.34043E+00 -1.19149E+00
#          -1.04255E+00 -8.93617E-01 -7.44681E-01 -5.95745E-01 -4.46809E-01
#          -2.97872E-01 -1.48936E-01  0.00000E+00  1.48936E-01  2.97872E-01
#           4.46809E-01  5.95745E-01  7.44681E-01  8.93617E-01  1.04255E+00
#           1.19149E+00  1.34043E+00  1.48936E+00  1.63830E+00  1.78723E+00
#           1.93617E+00  2.08511E+00  2.23404E+00  2.38298E+00  2.53191E+00
#           2.68085E+00  2.82979E+00  2.97872E+00  3.12766E+00  3.27660E+00
#           3.42553E+00  3.57447E+00  3.72340E+00  3.87234E+00  4.02128E+00
#           4.17021E+00  4.31915E+00  4.46809E+00  4.61702E+00  4.76596E+00
#           4.91489E+00  5.06383E+00  5.21277E+00  5.36170E+00  5.51064E+00
#           5.65957E+00  5.80851E+00  5.95745E+00  6.10638E+00  6.25532E+00
#           6.40426E+00  6.55319E+00  6.70213E+00  6.85106E+00  7.00000E+00
   y-type =    1            # y-mesh is given by the below data
       ny =      1          # number of y-mesh points
#    data = ( y(i), i = 1, ny + 1 )
            0.00000E+00  1.00000E-01
   z-type =    2            # z-mesh is linear given by zmin, zmax and nz
     zmin =   59.00000      # minimum value of z-mesh points
     zmax =   61.50000      # maximum value of z-mesh points
#    zdel =  0.1250000      # mesh width of z-mesh points
       nz =     20          # number of z-mesh points
#    data = ( z(i), i = 1, nz + 1 )
#           5.90000E+01  5.91250E+01  5.92500E+01  5.93750E+01  5.95000E+01
#           5.96250E+01  5.97500E+01  5.98750E+01  6.00000E+01  6.01250E+01
#           6.02500E+01  6.03750E+01  6.05000E+01  6.06250E+01  6.07500E+01
#           6.08750E+01  6.10000E+01  6.11250E+01  6.12500E+01  6.13750E+01
#           6.15000E+01
   e-type =    1            # e-mesh is given by the below data
       ne =      1          # number of e-mesh points
#    data = ( e(i), i = 1, ne + 1 )
            0.00000E+00  1.00000E+03
     unit =    1            # unit is [1/cm^2/source]
 material =  all            # (D=all) number of specific material
  2D-type =    3            # 1:Cont, 2:Clust, 3:Color, 4:xyz, 5:mat, 6:Clust+Cont, 7:Col+Cont
     axis =      xz            # axis of output
     file = xz_zoom_M0.out  # file name of output for the above axis
     part =  proton   
# kf/name :  2212     
    gshow =    3            # 0: no 1:bnd, 2:bnd+mat, 3:bnd+reg 4:bnd+lat 5:bmp style
    resol =    1            # (D=1) resolution of gshow or rshow
    width = 0.5000000       # (D=0.5) width of lines for gshow or rshow
   epsout =    1            # (D=0) generate eps file by ANGEL
#    used :        main (  %)        temp (  %)       total (  %)
#  memory :         124 (  0)           0 (  0)         124 (  0)

#------------------------------------------------------------------------------
#newpage:
#   no. =  1   ie  =  1   iy  =  1   part. = proton  
#   e = (   0.0000E+00  -   1.0000E+03  )
#   y = (   0.0000E+00  -   1.0000E-01  )

'no. =  1,  ie =  1,  iy =  1'
msuc: {\huge [t-track] in xyz mesh}
msdr: {\it plotted by \ANGEL \version}
msdl: {\it calculated by \PHITS  3.35}

x: z [cm]
y: x [cm]
set: c1[ 5.600] c2[ 0.380] c5[ 0.800] c6[ 0.493] c7[ 3.067] c8[ 0.000]
p: h2fs form[c1] xfac[c2] afac[c5] scal[c6] xorg[c7] yorg[c8] nosp
p: xmin(  59.00000    ) xmax(  61.50000    )
p: ymin( -7.000000    ) ymax(  7.000000    )
#  nx =  94   nz =  20
# ( ( data(z,x), z = 1, nz ), x = nx, 1, -1 )

#------------------------------------------------------------------------------
# gshow
#------------------------------------------------------------------------------

p: legs[c5*0.875]

w:700/ x(   0.6025000E+02) y(  -0.4324753E+01) ix(2) iy(2) s(   0.7000E+00)

h: x ny1,0  y2=[y1](skin),ic[blue]
 -1.000000E+00 -1.000000E+00

hb:   line clip z   cb(blue)
frame:
  5.9000003E+01 -6.9999675E+00
  6.1500003E+01 -6.9999675E+00
  6.1500003E+01  7.0000325E+00
  5.9000003E+01  7.0000325E+00
clip:
  5.88809555E+01 -7.14733558E+00
  6.16190507E+01 -7.14733558E+00
  6.16190507E+01 -6.99526391E+00
  6.16190507E+01 -6.84319224E+00
  6.16190507E+01 -6.69112058E+00
  6.16190507E+01 -6.53904891E+00
  6.16190507E+01 -6.38697724E+00
  6.16190507E+01 -6.23490557E+00
  6.16190507E+01 -6.08283390E+00
  6.16190507E+01 -5.93076223E+00
  6.16190507E+01 -5.77869056E+00
  6.16190507E+01 -5.62661890E+00
  6.16190507E+01 -5.47454723E+00
  6.16190507E+01 -5.32247556E+00
  6.16190507E+01 -5.17040389E+00
  6.16190507E+01 -5.01833222E+00
  6.16190507E+01 -4.86626055E+00
  6.16190507E+01 -4.71418889E+00
  6.16190507E+01 -4.56211722E+00
  6.16190507E+01 -4.41004555E+00
  6.16190507E+01 -4.25797388E+00
  6.16190507E+01 -4.10590221E+00
  6.16190507E+01 -3.95383054E+00
  6.16190507E+01 -3.80175887E+00
  6.16190507E+01 -3.64968721E+00
  6.16190507E+01 -3.49761554E+00
  6.16190507E+01 -3.34554387E+00
  6.16190507E+01 -3.19347220E+00
  6.16190507E+01 -3.04140053E+00
  6.16190507E+01 -2.88932886E+00
  6.16190507E+01 -2.73725719E+00
  6.16190507E+01 -2.58518553E+00
  6.16190507E+01 -2.43311386E+00
  6.16190507E+01 -2.28104219E+00
  6.16190507E+01 -2.12897052E+00
  6.16190507E+01 -2.09765478E+00
  6.15301659E+01 -1.97689885E+00
  6.15075688E+01 -1.94865951E+00
  6.14821459E+01 -1.91804364E+00
  6.13976444E+01 -1.82482718E+00
  6.13701040E+01 -1.79720991E+00
  6.13452412E+01 -1.77341573E+00
  6.12244351E+01 -1.67275551E+00
  6.12146931E+01 -1.66569464E+00
  6.12083364E+01 -1.66117088E+00
  6.11811638E+01 -1.64257256E+00
  6.10714317E+01 -1.57946698E+00
  6.09422266E+01 -1.52923652E+00
  6.09345269E+01 -1.52705061E+00
  6.09099841E+01 -1.52068385E+00
  6.08123127E+01 -1.50436575E+00
  6.07976221E+01 -1.50315373E+00
  6.07809558E+01 -1.50217109E+00
  6.06607174E+01 -1.50743515E+00
  6.06501424E+01 -1.50893731E+00
  6.05900159E+01 -1.52068385E+00
  6.05238126E+01 -1.59646045E+00
  6.04560998E+01 -1.59754113E+00
  6.03869078E+01 -1.60118208E+00
  6.03447600E+01 -1.62593831E+00
  6.02755649E+01 -1.67275551E+00
  6.02500031E+01 -1.69202240E+00
  6.01816392E+01 -1.74888966E+00
  6.01130983E+01 -1.81389568E+00
  6.01079502E+01 -1.81910878E+00
  6.01023556E+01 -1.82482718E+00
  5.99761936E+01 -1.96885289E+00
  5.99728031E+01 -1.97313280E+00
  5.99698341E+01 -1.97689885E+00
  5.99337062E+01 -2.02409317E+00
  5.98596431E+01 -2.12897052E+00
  5.98392888E+01 -2.15977323E+00
  5.97942764E+01 -2.23104308E+00
  5.97642653E+01 -2.28104219E+00
  5.97023840E+01 -2.39068662E+00
  5.96881159E+01 -2.41726501E+00
  5.96797331E+01 -2.43311386E+00
  5.96493649E+01 -2.49200673E+00
  5.96036447E+01 -2.58518553E+00
  5.95654793E+01 -2.66732249E+00
  5.95445846E+01 -2.71404771E+00
  5.95344134E+01 -2.73725719E+00
  5.95063343E+01 -2.80295454E+00
  5.94709253E+01 -2.88932886E+00
  5.94285745E+01 -2.99810171E+00
  5.94170986E+01 -3.02865329E+00
  5.94123625E+01 -3.04140053E+00
  5.94011767E+01 -3.07183357E+00
  5.93581030E+01 -3.19347220E+00
  5.93165702E+01 -3.31788483E+00
  5.93076612E+01 -3.34554387E+00
  5.92916698E+01 -3.39609552E+00
  5.92684091E+01 -3.47177800E+00
  5.92606491E+01 -3.49761554E+00
  5.92455162E+01 -3.54888221E+00
  5.92167512E+01 -3.64968721E+00
  5.91843449E+01 -3.76890200E+00
  5.91757069E+01 -3.80175887E+00
  5.91547650E+01 -3.88342657E+00
  5.91410365E+01 -3.93858115E+00
  5.91372984E+01 -3.95383054E+00
  5.91308436E+01 -3.98040201E+00
  5.91013414E+01 -4.10590221E+00
  5.90835546E+01 -4.18500156E+00
  5.90676788E+01 -4.25797388E+00
  5.90414563E+01 -4.38383540E+00
  5.90361752E+01 -4.41004555E+00
  5.90178602E+01 -4.50336817E+00
  5.90086367E+01 -4.55187183E+00
  5.90067138E+01 -4.56211722E+00
  5.90037994E+01 -4.57773572E+00
  5.89791925E+01 -4.71418889E+00
  5.89700151E+01 -4.76733447E+00
  5.89535222E+01 -4.86626055E+00
  5.89396592E+01 -4.95312502E+00
  5.89296245E+01 -5.01833222E+00
  5.89123771E+01 -5.13550124E+00
  5.89074306E+01 -5.17040389E+00
  5.88878804E+01 -5.31478345E+00
  5.88868795E+01 -5.32247556E+00
  5.88809555E+01 -5.36865563E+00
  5.88809555E+01 -5.47454723E+00
  5.88809555E+01 -5.62661890E+00
  5.88809555E+01 -5.77869056E+00
  5.88809555E+01 -5.93076223E+00
  5.88809555E+01 -6.08283390E+00
  5.88809555E+01 -6.23490557E+00
  5.88809555E+01 -6.38697724E+00
  5.88809555E+01 -6.53904891E+00
  5.88809555E+01 -6.69112058E+00
  5.88809555E+01 -6.84319224E+00
  5.88809555E+01 -6.99526391E+00
  5.88809555E+01 -7.14733558E+00

w:6001/ x(   0.5888096E+02) y(  -0.5322476E+01) ix(2) iy(2) s(   0.7000E+00)

h: x ny1,0  y2=[y1](Air),ic[cyan]
 -1.000000E+00 -1.000000E+00

hb:   line clip z   cb(cyan)
frame:
  5.9000003E+01 -6.9999675E+00
  6.1500003E+01 -6.9999675E+00
  6.1500003E+01  7.0000325E+00
  5.9000003E+01  7.0000325E+00
clip:
  5.88809555E+01 -5.36865563E+00
  5.89296245E+01 -5.01833222E+00
  5.89791925E+01 -4.71418889E+00
  5.90414563E+01 -4.38383540E+00
  5.91013414E+01 -4.10590221E+00
  5.91547650E+01 -3.88342657E+00
  5.92167512E+01 -3.64968721E+00
  5.92606491E+01 -3.49761554E+00
  5.93165702E+01 -3.31788483E+00
  5.94011767E+01 -3.07183357E+00
  5.94579627E+01 -2.92197282E+00
  5.95063343E+01 -2.80295454E+00
  5.95654793E+01 -2.66732249E+00
  5.96036447E+01 -2.58518553E+00
  5.96493649E+01 -2.49200673E+00
  5.97023840E+01 -2.39068662E+00
  5.97642653E+01 -2.28104219E+00
  5.98392888E+01 -2.15977323E+00
  5.98596431E+01 -2.12897052E+00
  5.99337062E+01 -2.02409317E+00
  5.99698341E+01 -1.97689885E+00
  6.00385136E+01 -1.89405134E+00
  6.01023556E+01 -1.82482718E+00
  6.00719162E+01 -1.71850000E+00
  5.99761936E+01 -1.71850000E+00
  5.98804709E+01 -1.71850000E+00
  5.98392888E+01 -1.71850000E+00
  5.97435662E+01 -1.71850000E+00
  5.97023840E+01 -1.71850000E+00
  5.96066614E+01 -1.71850000E+00
  5.95654793E+01 -1.71850000E+00
  5.94697567E+01 -1.71850000E+00
  5.94285745E+01 -1.71850000E+00
  5.93328519E+01 -1.71850000E+00
  5.92916698E+01 -1.71850000E+00
  5.91959471E+01 -1.71850000E+00
  5.91547650E+01 -1.71850000E+00
  5.90590424E+01 -1.71850000E+00
  5.90178602E+01 -1.71850000E+00
  5.89221376E+01 -1.71850000E+00
  5.88809555E+01 -1.71850000E+00
  5.88809555E+01 -1.82482718E+00
  5.88809555E+01 -1.97689885E+00
  5.88809555E+01 -2.12897052E+00
  5.88809555E+01 -2.28104219E+00
  5.88809555E+01 -2.43311386E+00
  5.88809555E+01 -2.58518553E+00
  5.88809555E+01 -2.73725719E+00
  5.88809555E+01 -2.88932886E+00
  5.88809555E+01 -3.04140053E+00
  5.88809555E+01 -3.19347220E+00
  5.88809555E+01 -3.34554387E+00
  5.88809555E+01 -3.49761554E+00
  5.88809555E+01 -3.64968721E+00
  5.88809555E+01 -3.80175887E+00
  5.88809555E+01 -3.95383054E+00
  5.88809555E+01 -4.10590221E+00
  5.88809555E+01 -4.25797388E+00
  5.88809555E+01 -4.41004555E+00
  5.88809555E+01 -4.56211722E+00
  5.88809555E+01 -4.71418889E+00
  5.88809555E+01 -4.86626055E+00
  5.88809555E+01 -5.01833222E+00
  5.88809555E+01 -5.17040389E+00
  5.88809555E+01 -5.32247556E+00

w:6001/ x(   0.6150274E+02) y(  -0.1908077E+01) ix(2) iy(2) s(   0.7000E+00)

hb:   line clip z   cb(cyan)
frame:
  5.9000003E+01 -6.9999675E+00
  6.1500003E+01 -6.9999675E+00
  6.1500003E+01  7.0000325E+00
  5.9000003E+01  7.0000325E+00
clip:
  6.15709366E+01 -2.03034329E+00
  6.16190507E+01 -2.09765478E+00
  6.16190507E+01 -1.97689885E+00
  6.16190507E+01 -1.82482718E+00
  6.16190507E+01 -1.71850000E+00
  6.15233281E+01 -1.71850000E+00
  6.14821459E+01 -1.71850000E+00
  6.13864233E+01 -1.71850000E+00
  6.13976444E+01 -1.82482718E+00
  6.14821459E+01 -1.91804364E+00
  6.15301659E+01 -1.97689885E+00

w:6002/ x(   0.5963048E+02) y(  -0.1593500E+01) ix(2) iy(2) s(   0.7000E+00)

hb:   line clip z   cb(cyan)
frame:
  5.9000003E+01 -6.9999675E+00
  6.1500003E+01 -6.9999675E+00
  6.1500003E+01  7.0000325E+00
  5.9000003E+01  7.0000325E+00
clip:
  5.88809555E+01 -1.71850000E+00
  6.01542805E+01 -1.71850000E+00
  6.02602672E+01 -1.68415678E+00
  6.03800000E+01 -1.52835698E+00
  6.03800000E+01 -1.52068385E+00
  6.02969824E+01 -1.46850000E+00
  6.02500031E+01 -1.46850000E+00
  6.02030238E+01 -1.46850000E+00
  6.01130983E+01 -1.46850000E+00
  6.00661190E+01 -1.46850000E+00
  5.99761936E+01 -1.46850000E+00
  5.99292143E+01 -1.46850000E+00
  5.98392888E+01 -1.46850000E+00
  5.97923095E+01 -1.46850000E+00
  5.97023840E+01 -1.46850000E+00
  5.96554048E+01 -1.46850000E+00
  5.95654793E+01 -1.46850000E+00
  5.95185000E+01 -1.46850000E+00
  5.94285745E+01 -1.46850000E+00
  5.93815952E+01 -1.46850000E+00
  5.92916698E+01 -1.46850000E+00
  5.92446905E+01 -1.46850000E+00
  5.91547650E+01 -1.46850000E+00
  5.91077857E+01 -1.46850000E+00
  5.90178602E+01 -1.46850000E+00
  5.89708810E+01 -1.46850000E+00
  5.88809555E+01 -1.46850000E+00
  5.88809555E+01 -1.52068385E+00
  5.88809555E+01 -1.67275551E+00

w:6000/ x(   0.6131453E+02) y(  -0.1593500E+01) ix(2) iy(2) s(   0.7000E+00)

h: x ny1,0  y2=[y1](acrilico),ic[white]
 -1.000000E+00 -1.000000E+00

hb:   line clip z   cb(white)
frame:
  5.9000003E+01 -6.9999675E+00
  6.1500003E+01 -6.9999675E+00
  6.1500003E+01  7.0000325E+00
  5.9000003E+01  7.0000325E+00
clip:
  6.13040590E+01 -1.71850000E+00
  6.16190507E+01 -1.71850000E+00
  6.16190507E+01 -1.67275551E+00
  6.16190507E+01 -1.52068385E+00
  6.16190507E+01 -1.46850000E+00
  6.15720714E+01 -1.46850000E+00
  6.14821459E+01 -1.46850000E+00
  6.14351667E+01 -1.46850000E+00
  6.13452412E+01 -1.46850000E+00
  6.12982619E+01 -1.46850000E+00
  6.12083364E+01 -1.46850000E+00
  6.11613571E+01 -1.46850000E+00
  6.10714317E+01 -1.46850000E+00
  6.10244524E+01 -1.46850000E+00
  6.10339969E+01 -1.56226577E+00
  6.11811638E+01 -1.64257256E+00
  6.12244351E+01 -1.67275551E+00

w:510/ x(   0.6048000E+02) y(  -0.2701332E-04) ix(2) iy(2) s(   0.7000E+00)

h: x ny1,0  y2=[y1](pouch),ic[pink]
 -1.000000E+00 -1.000000E+00

hb:   line clip z   cb(pink)
clip:
  6.03800000E+01 -1.52835698E+00
  6.03869078E+01 -1.59104200E+00
  6.04560998E+01 -1.59754113E+00
  6.05238126E+01 -1.59646045E+00
  6.05800000E+01 -1.58309592E+00
  6.05800000E+01 -1.52068385E+00
  6.05800000E+01 -1.45827177E+00
  6.05800000E+01 -1.36861218E+00
  6.05800000E+01 -1.30620010E+00
  6.05800000E+01 -1.21654051E+00
  6.05800000E+01 -1.15412843E+00
  6.05800000E+01 -1.06446884E+00
  6.05800000E+01 -1.00205677E+00
  6.05800000E+01 -9.12397172E-01
  6.05800000E+01 -8.49985098E-01
  6.05800000E+01 -7.60325503E-01
  6.05800000E+01 -6.97913429E-01
  6.05800000E+01 -6.08253835E-01
  6.05800000E+01 -5.45841761E-01
  6.05800000E+01 -4.56182166E-01
  6.05800000E+01 -3.93770092E-01
  6.05800000E+01 -3.04110498E-01
  6.05800000E+01 -2.41698424E-01
  6.05800000E+01 -1.52038829E-01
  6.05800000E+01 -8.96267552E-02
  6.05800000E+01  3.28395046E-05
  6.05800000E+01  6.24449134E-02
  6.05800000E+01  1.52104508E-01
  6.05800000E+01  2.14516582E-01
  6.05800000E+01  3.04176177E-01
  6.05800000E+01  3.66588250E-01
  6.05800000E+01  4.56247845E-01
  6.05800000E+01  5.18659919E-01
  6.05800000E+01  6.08319514E-01
  6.05800000E+01  6.70731588E-01
  6.05800000E+01  7.60391182E-01
  6.05800000E+01  8.22803256E-01
  6.05800000E+01  9.12462851E-01
  6.05800000E+01  9.74874925E-01
  6.05800000E+01  1.06453452E+00
  6.05800000E+01  1.12694659E+00
  6.05800000E+01  1.21660619E+00
  6.05800000E+01  1.27901826E+00
  6.05800000E+01  1.36867786E+00
  6.05800000E+01  1.43108993E+00
  6.05800000E+01  1.52074952E+00
  6.05800000E+01  1.58316160E+00
  6.05238126E+01  1.59646045E+00
  6.04547285E+01  1.59748711E+00
  6.03869078E+01  1.59104200E+00
  6.03800000E+01  1.52842265E+00
  6.03800000E+01 -1.52068385E+00

w:6002/ x(   0.6094877E+02) y(  -0.1498868E+01) ix(2) iy(2) s(   0.7000E+00)

hb:   line clip z   cb(cyan)
clip:
  6.09299311E+01 -1.52578882E+00
  6.09422266E+01 -1.52923652E+00
  6.10100000E+01 -1.52068385E+00
  6.09815062E+01 -1.46850000E+00
  6.09345269E+01 -1.46850000E+00
  6.08875476E+01 -1.46850000E+00
  6.09099841E+01 -1.52068385E+00

w:2/ x(   0.6025000E+02) y(   0.2839451E+01) ix(2) iy(2) s(   0.7000E+00)

hb:   line clip z   cb(cyan)
frame:
  5.9000003E+01 -6.9999675E+00
  6.1500003E+01 -6.9999675E+00
  6.1500003E+01  7.0000325E+00
  5.9000003E+01  7.0000325E+00
clip:
  5.88809555E+01 -1.46850000E+00
  6.02030238E+01 -1.46850000E+00
  6.02300000E+01 -1.36861218E+00
  6.02300000E+01 -1.23875962E+00
  6.02300000E+01 -1.21654051E+00
  6.02300000E+01 -1.08668796E+00
  6.02300000E+01 -1.06446884E+00
  6.02300000E+01 -9.34616287E-01
  6.02300000E+01 -9.12397172E-01
  6.02300000E+01 -7.82544619E-01
  6.02300000E+01 -7.60325503E-01
  6.02300000E+01 -6.30472950E-01
  6.02300000E+01 -6.08253835E-01
  6.02300000E+01 -4.78401282E-01
  6.02300000E+01 -4.56182166E-01
  6.02300000E+01 -3.26329613E-01
  6.02300000E+01 -3.04110498E-01
  6.02300000E+01 -1.74257945E-01
  6.02300000E+01 -1.52038829E-01
  6.02300000E+01 -2.21862761E-02
  6.02300000E+01  3.28395046E-05
  6.02300000E+01  1.29885392E-01
  6.02300000E+01  1.52104508E-01
  6.02300000E+01  2.81957061E-01
  6.02300000E+01  3.04176177E-01
  6.02300000E+01  4.34028730E-01
  6.02300000E+01  4.56247845E-01
  6.02300000E+01  5.86100398E-01
  6.02300000E+01  6.08319514E-01
  6.02300000E+01  7.38172067E-01
  6.02300000E+01  7.60391182E-01
  6.02300000E+01  8.90243735E-01
  6.02300000E+01  9.12462851E-01
  6.02300000E+01  1.04231540E+00
  6.02300000E+01  1.06453452E+00
  6.02300000E+01  1.19438707E+00
  6.02300000E+01  1.21660619E+00
  6.02300000E+01  1.34645874E+00
  6.02300000E+01  1.36867786E+00
  6.02300000E+01  1.49853041E+00
  6.02300000E+01  1.52074952E+00
  6.02300000E+01  1.65060208E+00
  6.02300000E+01  1.67282119E+00
  6.02300000E+01  1.80267375E+00
  6.02300000E+01  1.82489286E+00
  6.02300000E+01  1.95474541E+00
  6.02300000E+01  1.97696453E+00
  6.02300000E+01  2.10681708E+00
  6.02300000E+01  2.12903620E+00
  6.02300000E+01  2.25888875E+00
  6.02300000E+01  2.28110787E+00
  6.02300000E+01  2.41096042E+00
  6.02300000E+01  2.43317954E+00
  6.02300000E+01  2.56303209E+00
  6.02300000E+01  2.58525120E+00
  6.02500031E+01  2.71850000E+00
  6.09514725E+01  2.71850000E+00
  6.10100000E+01  2.58525120E+00
  6.10100000E+01  2.51701388E+00
  6.10100000E+01  2.43317954E+00
  6.10100000E+01  2.36494221E+00
  6.10100000E+01  2.28110787E+00
  6.10100000E+01  2.21287054E+00
  6.10100000E+01  2.12903620E+00
  6.10100000E+01  2.06079887E+00
  6.10100000E+01  1.97696453E+00
  6.10100000E+01  1.90872721E+00
  6.10100000E+01  1.82489286E+00
  6.10100000E+01  1.75665554E+00
  6.10100000E+01  1.67282119E+00
  6.10100000E+01  1.60458387E+00
  6.10100000E+01  1.52074952E+00
  6.10100000E+01  1.45251220E+00
  6.10100000E+01  1.36867786E+00
  6.10100000E+01  1.30044053E+00
  6.10100000E+01  1.21660619E+00
  6.10100000E+01  1.14836886E+00
  6.10100000E+01  1.06453452E+00
  6.10100000E+01  9.96297194E-01
  6.10100000E+01  9.12462851E-01
  6.10100000E+01  8.44225526E-01
  6.10100000E+01  7.60391182E-01
  6.10100000E+01  6.92153857E-01
  6.10100000E+01  6.08319514E-01
  6.10100000E+01  5.40082189E-01
  6.10100000E+01  4.56247845E-01
  6.10100000E+01  3.88010520E-01
  6.10100000E+01  3.04176177E-01
  6.10100000E+01  2.35938852E-01
  6.10100000E+01  1.52104508E-01
  6.10100000E+01  8.38671832E-02
  6.10100000E+01  3.28395046E-05
  6.10100000E+01 -6.82044853E-02
  6.10100000E+01 -1.52038829E-01
  6.10100000E+01 -2.20276154E-01
  6.10100000E+01 -3.04110498E-01
  6.10100000E+01 -3.72347822E-01
  6.10100000E+01 -4.56182166E-01
  6.10100000E+01 -5.24419491E-01
  6.10100000E+01 -6.08253835E-01
  6.10100000E+01 -6.76491159E-01
  6.10100000E+01 -7.60325503E-01
  6.10100000E+01 -8.28562828E-01
  6.10100000E+01 -9.12397172E-01
  6.10100000E+01 -9.80634497E-01
  6.10100000E+01 -1.06446884E+00
  6.10100000E+01 -1.13270617E+00
  6.10100000E+01 -1.21654051E+00
  6.10100000E+01 -1.28477783E+00
  6.10100000E+01 -1.36861218E+00
  6.10714317E+01 -1.46850000E+00
  6.11613571E+01 -1.46850000E+00
  6.16190507E+01 -1.46850000E+00
  6.16190507E+01 -1.36861218E+00
  6.16190507E+01 -1.21654051E+00
  6.16190507E+01 -1.06446884E+00
  6.16190507E+01 -9.12397172E-01
  6.16190507E+01 -7.60325503E-01
  6.16190507E+01 -6.08253835E-01
  6.16190507E+01 -4.56182166E-01
  6.16190507E+01 -3.04110498E-01
  6.16190507E+01 -1.52038829E-01
  6.16190507E+01  3.28395046E-05
  6.16190507E+01  1.52104508E-01
  6.16190507E+01  3.04176177E-01
  6.16190507E+01  4.56247845E-01
  6.16190507E+01  6.08319514E-01
  6.16190507E+01  7.60391182E-01
  6.16190507E+01  9.12462851E-01
  6.16190507E+01  1.06453452E+00
  6.16190507E+01  1.21660619E+00
  6.16190507E+01  1.36867786E+00
  6.16190507E+01  1.52074952E+00
  6.16190507E+01  1.67282119E+00
  6.16190507E+01  1.82489286E+00
  6.16190507E+01  1.97696453E+00
  6.16190507E+01  2.12903620E+00
  6.16190507E+01  2.28110787E+00
  6.16190507E+01  2.43317954E+00
  6.16190507E+01  2.58525120E+00
  6.16190507E+01  2.73732287E+00
  6.16190507E+01  2.88939454E+00
  6.16190507E+01  3.04146621E+00
  6.16190507E+01  3.19353788E+00
  6.16190507E+01  3.34560955E+00
  6.16190507E+01  3.49768122E+00
  6.16190507E+01  3.64975288E+00
  6.16190507E+01  3.80182455E+00
  6.16190507E+01  3.95389622E+00
  6.16190507E+01  4.10596789E+00
  6.16190507E+01  4.25803956E+00
  6.16190507E+01  4.41011123E+00
  6.16190507E+01  4.56218290E+00
  6.16190507E+01  4.71425456E+00
  6.16190507E+01  4.86632623E+00
  6.16190507E+01  5.01839790E+00
  6.16190507E+01  5.17046957E+00
  6.16190507E+01  5.32254124E+00
  6.16190507E+01  5.47461291E+00
  6.16190507E+01  5.62668458E+00
  6.16190507E+01  5.77875624E+00
  6.16190507E+01  5.93082791E+00
  6.16190507E+01  6.08289958E+00
  6.16190507E+01  6.23497125E+00
  6.16190507E+01  6.38704292E+00
  6.16190507E+01  6.53911459E+00
  6.16190507E+01  6.69118625E+00
  6.16190507E+01  6.84325792E+00
  6.16190507E+01  6.99532959E+00
  6.16190507E+01  7.14740126E+00
  6.14821459E+01  7.14740126E+00
  6.13452412E+01  7.14740126E+00
  6.12083364E+01  7.14740126E+00
  6.10714317E+01  7.14740126E+00
  6.09345269E+01  7.14740126E+00
  6.07976221E+01  7.14740126E+00
  6.06607174E+01  7.14740126E+00
  6.05238126E+01  7.14740126E+00
  6.03869078E+01  7.14740126E+00
  6.02500031E+01  7.14740126E+00
  6.01130983E+01  7.14740126E+00
  5.99761936E+01  7.14740126E+00
  5.98392888E+01  7.14740126E+00
  5.97023840E+01  7.14740126E+00
  5.95654793E+01  7.14740126E+00
  5.94285745E+01  7.14740126E+00
  5.92916698E+01  7.14740126E+00
  5.91547650E+01  7.14740126E+00
  5.90178602E+01  7.14740126E+00
  5.88809555E+01  7.14740126E+00
  5.88809555E+01  6.99532959E+00
  5.88809555E+01  6.84325792E+00
  5.88809555E+01  6.69118625E+00
  5.88809555E+01  6.53911459E+00
  5.88809555E+01  6.38704292E+00
  5.88809555E+01  6.23497125E+00
  5.88809555E+01  6.08289958E+00
  5.88809555E+01  5.93082791E+00
  5.88809555E+01  5.77875624E+00
  5.88809555E+01  5.62668458E+00
  5.88809555E+01  5.47461291E+00
  5.88809555E+01  5.32254124E+00
  5.88809555E+01  5.17046957E+00
  5.88809555E+01  5.01839790E+00
  5.88809555E+01  4.86632623E+00
  5.88809555E+01  4.71425456E+00
  5.88809555E+01  4.56218290E+00
  5.88809555E+01  4.41011123E+00
  5.88809555E+01  4.25803956E+00
  5.88809555E+01  4.10596789E+00
  5.88809555E+01  3.95389622E+00
  5.88809555E+01  3.80182455E+00
  5.88809555E+01  3.64975288E+00
  5.88809555E+01  3.49768122E+00
  5.88809555E+01  3.34560955E+00
  5.88809555E+01  3.19353788E+00
  5.88809555E+01  3.04146621E+00
  5.88809555E+01  2.88939454E+00
  5.88809555E+01  2.73732287E+00
  5.88809555E+01  2.58525120E+00
  5.88809555E+01  2.43317954E+00
  5.88809555E+01  2.28110787E+00
  5.88809555E+01  2.12903620E+00
  5.88809555E+01  1.97696453E+00
  5.88809555E+01  1.82489286E+00
  5.88809555E+01  1.67282119E+00
  5.88809555E+01  1.52074952E+00
  5.88809555E+01  1.36867786E+00
  5.88809555E+01  1.21660619E+00
  5.88809555E+01  1.06453452E+00
  5.88809555E+01  9.12462851E-01
  5.88809555E+01  7.60391182E-01
  5.88809555E+01  6.08319514E-01
  5.88809555E+01  4.56247845E-01
  5.88809555E+01  3.04176177E-01
  5.88809555E+01  1.52104508E-01
  5.88809555E+01  3.28395046E-05
  5.88809555E+01 -1.52038829E-01
  5.88809555E+01 -3.04110498E-01
  5.88809555E+01 -4.56182166E-01
  5.88809555E+01 -6.08253835E-01
  5.88809555E+01 -7.60325503E-01
  5.88809555E+01 -9.12397172E-01
  5.88809555E+01 -1.06446884E+00
  5.88809555E+01 -1.21654051E+00
  5.88809555E+01 -1.36861218E+00

w:600/ x(   0.6025000E+02) y(  -0.1368612E+01) ix(2) iy(2) s(   0.7000E+00)

hb:   line clip z   cb(cyan)
clip:
  6.02300000E+01 -1.39083129E+00
  6.02500031E+01 -1.46850000E+00
  6.03399286E+01 -1.46850000E+00
  6.03800000E+01 -1.36861218E+00
  6.03800000E+01 -1.22421364E+00
  6.03800000E+01 -1.21654051E+00
  6.03800000E+01 -1.07214197E+00
  6.03800000E+01 -1.06446884E+00
  6.03800000E+01 -9.20070302E-01
  6.03800000E+01 -9.12397172E-01
  6.03800000E+01 -7.67998633E-01
  6.03800000E+01 -7.60325503E-01
  6.03800000E+01 -6.15926965E-01
  6.03800000E+01 -6.08253835E-01
  6.03800000E+01 -4.63855296E-01
  6.03800000E+01 -4.56182166E-01
  6.03800000E+01 -3.11783627E-01
  6.03800000E+01 -3.04110498E-01
  6.03800000E+01 -1.59711959E-01
  6.03800000E+01 -1.52038829E-01
  6.03800000E+01 -7.64029039E-03
  6.03800000E+01  3.28395046E-05
  6.03800000E+01  1.44431378E-01
  6.03800000E+01  1.52104508E-01
  6.03800000E+01  2.96503047E-01
  6.03800000E+01  3.04176177E-01
  6.03800000E+01  4.48574715E-01
  6.03800000E+01  4.56247845E-01
  6.03800000E+01  6.00646384E-01
  6.03800000E+01  6.08319514E-01
  6.03800000E+01  7.52718052E-01
  6.03800000E+01  7.60391182E-01
  6.03800000E+01  9.04789721E-01
  6.03800000E+01  9.12462851E-01
  6.03800000E+01  1.05686139E+00
  6.03800000E+01  1.06453452E+00
  6.03800000E+01  1.20893306E+00
  6.03800000E+01  1.21660619E+00
  6.03800000E+01  1.36100473E+00
  6.03800000E+01  1.36867786E+00
  6.03800000E+01  1.51307639E+00
  6.03800000E+01  1.52074952E+00
  6.03869078E+01  1.59104200E+00
  6.04547285E+01  1.59748711E+00
  6.05238126E+01  1.59646045E+00
  6.05800000E+01  1.61040912E+00
  6.05800000E+01  1.67282119E+00
  6.05800000E+01  1.73523327E+00
  6.05800000E+01  1.82489286E+00
  6.05800000E+01  1.88730494E+00
  6.05800000E+01  1.97696453E+00
  6.05800000E+01  2.03937660E+00
  6.05800000E+01  2.12903620E+00
  6.05800000E+01  2.19144827E+00
  6.05800000E+01  2.28110787E+00
  6.05800000E+01  2.34351994E+00
  6.05800000E+01  2.43317954E+00
  6.05800000E+01  2.49559161E+00
  6.05800000E+01  2.58525120E+00
  6.05800000E+01  2.64766328E+00
  6.05238126E+01  2.71850000E+00
  6.04038534E+01  2.71850000E+00
  6.03869078E+01  2.71850000E+00
  6.02669487E+01  2.71850000E+00
  6.02300000E+01  2.60747032E+00
  6.02300000E+01 -1.36861218E+00

w:6003/ x(   0.6079500E+02) y(   0.6250000E+00) ix(2) iy(2) s(   0.7000E+00)

hb:   line clip z   cb(white)
clip:
  6.05800000E+01 -1.45827177E+00
  6.06607174E+01 -1.46850000E+00
  6.07506429E+01 -1.46850000E+00
  6.09345269E+01 -1.46850000E+00
  6.10100000E+01 -1.45244652E+00
  6.10100000E+01 -1.36861218E+00
  6.10100000E+01 -1.28477783E+00
  6.10100000E+01 -1.21654051E+00
  6.10100000E+01 -1.13270617E+00
  6.10100000E+01 -1.06446884E+00
  6.10100000E+01 -9.80634497E-01
  6.10100000E+01 -9.12397172E-01
  6.10100000E+01 -8.28562828E-01
  6.10100000E+01 -7.60325503E-01
  6.10100000E+01 -6.76491159E-01
  6.10100000E+01 -6.08253835E-01
  6.10100000E+01 -5.24419491E-01
  6.10100000E+01 -4.56182166E-01
  6.10100000E+01 -3.72347822E-01
  6.10100000E+01 -3.04110498E-01
  6.10100000E+01 -2.20276154E-01
  6.10100000E+01 -1.52038829E-01
  6.10100000E+01 -6.82044853E-02
  6.10100000E+01  3.28395046E-05
  6.10100000E+01  8.38671832E-02
  6.10100000E+01  1.52104508E-01
  6.10100000E+01  2.35938852E-01
  6.10100000E+01  3.04176177E-01
  6.10100000E+01  3.88010520E-01
  6.10100000E+01  4.56247845E-01
  6.10100000E+01  5.40082189E-01
  6.10100000E+01  6.08319514E-01
  6.10100000E+01  6.92153857E-01
  6.10100000E+01  7.60391182E-01
  6.10100000E+01  8.44225526E-01
  6.10100000E+01  9.12462851E-01
  6.10100000E+01  9.96297194E-01
  6.10100000E+01  1.06453452E+00
  6.10100000E+01  1.14836886E+00
  6.10100000E+01  1.21660619E+00
  6.10100000E+01  1.30044053E+00
  6.10100000E+01  1.36867786E+00
  6.10100000E+01  1.45251220E+00
  6.10100000E+01  1.52074952E+00
  6.10100000E+01  1.60458387E+00
  6.10100000E+01  1.67282119E+00
  6.10100000E+01  1.75665554E+00
  6.10100000E+01  1.82489286E+00
  6.10100000E+01  1.90872721E+00
  6.10100000E+01  1.97696453E+00
  6.10100000E+01  2.06079887E+00
  6.10100000E+01  2.12903620E+00
  6.10100000E+01  2.21287054E+00
  6.10100000E+01  2.28110787E+00
  6.10100000E+01  2.36494221E+00
  6.10100000E+01  2.43317954E+00
  6.10100000E+01  2.51701388E+00
  6.10100000E+01  2.58525120E+00
  6.10100000E+01  2.66908555E+00
  6.09345269E+01  2.71850000E+00
  6.08145677E+01  2.71850000E+00
  6.07976221E+01  2.71850000E+00
  6.06776629E+01  2.71850000E+00
  6.06607174E+01  2.71850000E+00
  6.05800000E+01  2.67491080E+00
  6.05800000E+01  2.58525120E+00
  6.05800000E+01  2.49559161E+00
  6.05800000E+01  2.43317954E+00
  6.05800000E+01  2.34351994E+00
  6.05800000E+01  2.28110787E+00
  6.05800000E+01  2.19144827E+00
  6.05800000E+01  2.12903620E+00
  6.05800000E+01  2.03937660E+00
  6.05800000E+01  1.97696453E+00
  6.05800000E+01  1.88730494E+00
  6.05800000E+01  1.82489286E+00
  6.05800000E+01  1.73523327E+00
  6.05800000E+01  1.67282119E+00
  6.05800000E+01  1.58316160E+00
  6.05800000E+01  1.52074952E+00
  6.05800000E+01  1.43108993E+00
  6.05800000E+01  1.36867786E+00
  6.05800000E+01  1.27901826E+00
  6.05800000E+01  1.21660619E+00
  6.05800000E+01  1.12694659E+00
  6.05800000E+01  1.06453452E+00
  6.05800000E+01  9.74874925E-01
  6.05800000E+01  9.12462851E-01
  6.05800000E+01  8.22803256E-01
  6.05800000E+01  7.60391182E-01
  6.05800000E+01  6.70731588E-01
  6.05800000E+01  6.08319514E-01
  6.05800000E+01  5.18659919E-01
  6.05800000E+01  4.56247845E-01
  6.05800000E+01  3.66588250E-01
  6.05800000E+01  3.04176177E-01
  6.05800000E+01  2.14516582E-01
  6.05800000E+01  1.52104508E-01
  6.05800000E+01  6.24449134E-02
  6.05800000E+01  3.28395046E-05
  6.05800000E+01 -8.96267552E-02
  6.05800000E+01 -1.52038829E-01
  6.05800000E+01 -2.41698424E-01
  6.05800000E+01 -3.04110498E-01
  6.05800000E+01 -3.93770092E-01
  6.05800000E+01 -4.56182166E-01
  6.05800000E+01 -5.45841761E-01
  6.05800000E+01 -6.08253835E-01
  6.05800000E+01 -6.97913429E-01
  6.05800000E+01 -7.60325503E-01
  6.05800000E+01 -8.49985098E-01
  6.05800000E+01 -9.12397172E-01
  6.05800000E+01 -1.00205677E+00
  6.05800000E+01 -1.06446884E+00
  6.05800000E+01 -1.15412843E+00
  6.05800000E+01 -1.21654051E+00
  6.05800000E+01 -1.30620010E+00
  6.05800000E+01 -1.36861218E+00

wt: s[c5]
\vspace{-3}
  emin  &=&   0.0000E+00 [MeV]
  emax  &=&   1.0000E+03 [MeV]
  ymin  &=&   0.0000E+00 [cm]
  ymax  &=&   1.0000E-01 [cm]
  part. &=& proton  
e:
 
# Information for Restart Calculation
# This calculation was newly started
# istdev =  2 # 1:Batch variance, 2:History variance
# resc2  = 0.00000000000000000E+00 # Total source weight or Total source weight / maxcas
# resc3  = 0.00000000000000000E+00 # Total history number or Total batch number
# maxcas =       10000 # History / Batch, only used for istdev=1
# bitrseed = 0000000000000000000000000000000000000000000000000000000000000000 # bit data of rseed
