           _________________________________________________________
          |                                                         |
          |       _/_/_/_/                                          |
          |      _/      _/                  _/_/_/_/_/_/           |
          |     _/      _/  _/      _/   _/      _/      _/_/_/_/_/ |
          |    _/_/_/_/    _/      _/   _/      _/      _/          |
          |   _/          _/_/_/_/_/   _/      _/       _/_/_/_/    |
          |  _/          _/      _/   _/      _/              _/    |
          | _/          _/      _/   _/      _/      _/_/_/_/_/     |
          |                                                         |
          |                                                         |
          |       Particle and Heavy Ion Transport code System      |
          |                      Version =  3.341                   |
          |                       developed by                      |
          |                                                         |
          |  Tatsuhiko SATO, Yosuke IWAMOTO, Shintaro HASHIMOTO,    |
          |    Tatsuhiko OGAWA, Takuya FURUTA, Shinichiro ABE,      |
          |    Takeshi KAI, Norihiro MATSUDA, Yusuke MATSUYA,       |
          |      Yuho HIRATA, Takuya SEKIKAWA, Pi-En TSAI,          |
          |                Hunter RATLIFF (JAEA),                   |
          |                                                         |
          |  Hiroshi IWASE, Yasuhito SAKAKI, Kenta SUGIHARA (KEK),  |
          |                                                         |
          |           Nobuhiro SHIGYO (Kyushu University),          |
          |                                                         |
          |      Lembit SIHVER (Technische Universitat Wien), and   |
          |                                                         |
          |                     Koji NIITA (RIST)                   |
          |                                                         |
          |                 Last Revised  2024-04-23                |
          |_________________________________________________________|

           ____________________ [ Job Title ] __________________ 
          |                                                     |
          |  Sample input for shielding calculation using WWG.  |
          |_____________________________________________________|

                        Starting Date = 2024-11-08
                        Starting Time = 16h 24m 27

>>> Input Echo >>>=============================================================

[ Title ]
Sample input for shielding calculation using WWG.

[ Parameters ]
 icntl    =           0     # (D=0) 3:ECH 5:NOR 6:SRC 7,8:GSH 11:DSH 12:DUMP
 maxcas   =        1500     # (D=10) number of particles per one batch
 maxbch   =         100     # (D=10) number of batches
 negs     =          -1     # (D=-1) =-1:original, =0:No, =1:EGS, =2:EGS(HE)
 maxbnk   =     1000000     # (D=10000) maximum bank memory length
 file(1)  = c:/phits        # (D=PhitsPath) PHITS install folder name
 file(6)  = phits.out       # (D=phits.out) general output file name

[ Source ]
  totfact =   1.0000        # (D=1.0) global factor
   s-type =   1             # cylindrical source
     proj =  neutron        # kind of incident particle         
       e0 =   6.0000        # energy of beam [MeV/n]
       r0 =   1.0000        # radius [cm]
       r1 =   0.0000        # minimum radius [cm]
       x0 =   0.0000        # (D=0.0) center position of x-axis [cm]
       y0 =   0.0000        # (D=0.0) center position of y-axis [cm]
       z0 = -0.10000        # minimum position of z-axis [cm]
       z1 = -0.10000        # maximum position of z-axis [cm]
      dir =   1.0000        # z-direction of beam [cosine]

[ Material ]
MAT[ 1 ] 
           1H         1.3407000E-02
          12C         1.1030000E-03
          16O         4.3887000E-02
         27Al         1.7971000E-03
         28Si         1.6123000E-02
         40Ca         1.8940000E-03
         56Fe         3.3448000E-04

[ Cell ]
 1           1 -2.2000000E+00  1 -2 -40 
 2           1 -2.2000000E+00  2 -3 -40 
 3           1 -2.2000000E+00  3 -4 -40 
 4           1 -2.2000000E+00  4 -5 -40 
 5           1 -2.2000000E+00  5 -6 -40 
 6           1 -2.2000000E+00  6 -7 -40 
 7           1 -2.2000000E+00  7 -8 -40 
 8           1 -2.2000000E+00  8 -9 -40 
 9           1 -2.2000000E+00  9 -10 -40 
 10          1 -2.2000000E+00  10 -11 -40 
 11          1 -2.2000000E+00  11 -12 -40 
 12          1 -2.2000000E+00  12 -13 -40 
 40          0                 -99
                              #( 1 -13 -40 ) 
 41         -1                 99 

[ Surface ]
 1             pz    0.0000000E+00
 2             pz    1.5000000E+01
 3             pz    3.0000000E+01
 4             pz    4.5000000E+01
 5             pz    6.0000000E+01
 6             pz    7.5000000E+01
 7             pz    9.0000000E+01
 8             pz    1.0500000E+02
 9             pz    1.2000000E+02
 10            pz    1.3500000E+02
 11            pz    1.5000000E+02
 12            pz    1.6500000E+02
 13            pz    1.8000000E+02
 14            pz    1.9000000E+02
 40            cz    1.0000000E+02
 99            so    5.0000000E+02

[ Weight Window ]
     mesh =  xyz            # mesh type is xyz scoring mesh
   x-type =    2            # x-mesh is linear given by xmin, xmax and nx
     xmin =  -100.0001      # minimum value of x-mesh points
     xmax =   100.0002      # maximum value of x-mesh points
#    xdel =   40.00006      # mesh width of x-mesh points
       nx =      5          # number of x-mesh points
#    data = ( x(i), i = 1, nx + 1 )
#          -1.00000E+02 -6.00000E+01 -2.00000E+01  2.00000E+01  6.00000E+01
#           1.00000E+02
   y-type =    2            # y-mesh is linear given by ymin, ymax and ny
     ymin =  -100.0001      # minimum value of y-mesh points
     ymax =   100.0002      # maximum value of y-mesh points
#    ydel =   40.00006      # mesh width of y-mesh points
       ny =      5          # number of y-mesh points
#    data = ( y(i), i = 1, ny + 1 )
#          -1.00000E+02 -6.00000E+01 -2.00000E+01  2.00000E+01  6.00000E+01
#           1.00000E+02
   z-type =    2            # z-mesh is linear given by zmin, zmax and nz
     zmin = -1.0000000E-04  # minimum value of z-mesh points
     zmax =   180.0002      # maximum value of z-mesh points
#    zdel =   15.00003      # mesh width of z-mesh points
       nz =     12          # number of z-mesh points
#    data = ( z(i), i = 1, nz + 1 )
#           0.00000E+00  1.50000E+01  3.00000E+01  4.50000E+01  6.00000E+01
#           7.50000E+01  9.00000E+01  1.05000E+02  1.20000E+02  1.35000E+02
#           1.50000E+02  1.65000E+02  1.80000E+02
     echo =    0            # (D=0); only input, =1; all meshes 

   part = neutron 
    eng =  2
         1.00000E-02   1.00000E+05

   xyz             ww1           ww2     
  (1 1  1)   1.27703E-04   8.40749E-06 
  (1 1  2)   2.05312E-04   2.43276E-05 
  (1 1  3)   2.36033E-04   2.59681E-05 
  (1 1  4)   1.72387E-04   2.17714E-05 
  (1 1  5)   8.96343E-05   2.18814E-05 
  (1 1  6)   8.20865E-05   1.08029E-05 
  (1 1  7)   4.41361E-05   5.98155E-06 
  (1 1  8)   1.90585E-05   2.22123E-06 
  (1 1  9)   8.27284E-06   1.33238E-06 
  (1 1 10)   4.95366E-06   9.09612E-07 
  (1 1 11)   2.93550E-06   5.93749E-07 
  (1 1 12)   1.57676E-06   3.02576E-07 
  (1 2  1)   4.08882E-03   1.70792E-04 
  (1 2  2)   4.56512E-03   2.63511E-04 
  (1 2  3)   4.31650E-03   4.40632E-04 
  (1 2  4)   2.65060E-03   2.42820E-04 
  (1 2  5)   1.27269E-03   1.28468E-04 
  (1 2  6)   6.91833E-04   5.73694E-05 
  (1 2  7)   3.12915E-04   2.32481E-05 
  (1 2  8)   8.45086E-05   8.23084E-06 
  (1 2  9)   3.13167E-05   3.81545E-06 
  (1 2 10)   1.09823E-05   1.25297E-06 
  (1 2 11)   5.66704E-06   4.30393E-07 
  (1 2 12)   1.54486E-06   1.53168E-07 
  (1 3  1)   6.28021E-03   5.26534E-04 
  (1 3  2)   1.22744E-02   1.13880E-03 
  (1 3  3)   1.18838E-02   7.81905E-04 
  (1 3  4)   5.92139E-03   4.94911E-04 
  (1 3  5)   2.98450E-03   2.10341E-04 
  (1 3  6)   1.24893E-03   9.49996E-05 
  (1 3  7)   4.79896E-04   4.87292E-05 
  (1 3  8)   2.00648E-04   1.70580E-05 
  (1 3  9)   1.08619E-04   5.69404E-06 
  (1 3 10)   3.22540E-05   1.71622E-06 
  (1 3 11)   9.91743E-06   5.84638E-07 
  (1 3 12)   2.45359E-06   2.02709E-07 
  (1 4  1)   2.06369E-03   1.35651E-04 
  (1 4  2)   3.83241E-03   2.30308E-04 
  (1 4  3)   3.68016E-03   1.97240E-04 
  (1 4  4)   2.27422E-03   1.23357E-04 
  (1 4  5)   1.07473E-03   8.19486E-05 
  (1 4  6)   5.68369E-04   3.38658E-05 
  (1 4  7)   2.31425E-04   1.25380E-05 
  (1 4  8)   1.11400E-04   5.12076E-06 
  (1 4  9)   4.45940E-05   2.07551E-06 
  (1 4 10)   1.04904E-05   9.16495E-07 
  (1 4 11)   4.41492E-06   2.91393E-07 
  (1 4 12)   1.20723E-06   7.94653E-08 
  (1 5  1)   1.30694E-04   1.68741E-05 
  (1 5  2)   1.19221E-04   2.06934E-05 
  (1 5  3)   1.21608E-04   1.69660E-05 
  (1 5  4)   9.56211E-05   1.55846E-05 
  (1 5  5)   1.13856E-04   9.92898E-06 
  (1 5  6)   5.57122E-05   6.01753E-06 
  (1 5  7)   3.61782E-05   3.59920E-06 
  (1 5  8)   2.10580E-05   1.93893E-06 
  (1 5  9)   8.45464E-06   8.27682E-07 
  (1 5 10)   2.11966E-06   4.16096E-07 
  (1 5 11)   1.37078E-06   2.13050E-07 
  (1 5 12)   4.59336E-07   1.23520E-07 
  (2 1  1)   2.03423E-03   1.31075E-04 
  (2 1  2)   1.95824E-03   2.58772E-04 
  (2 1  3)   2.56644E-03   1.96445E-04 
  (2 1  4)   2.44616E-03   1.04253E-04 
  (2 1  5)   1.14126E-03   8.89778E-05 
  (2 1  6)   6.91577E-04   4.17529E-05 
  (2 1  7)   3.75245E-04   3.99581E-05 
  (2 1  8)   1.51127E-04   1.23602E-05 
  (2 1  9)   8.38776E-05   4.36059E-06 
  (2 1 10)   3.06279E-05   1.59200E-06 
  (2 1 11)   1.07871E-05   4.28465E-07 
  (2 1 12)   1.31300E-06   1.05565E-07 
  (2 2  1)   4.27461E-02   3.57603E-03 
  (2 2  2)   6.91501E-02   8.84477E-03 
  (2 2  3)   5.19492E-02   6.35213E-03 
  (2 2  4)   2.77198E-02   4.28976E-03 
  (2 2  5)   1.92806E-02   1.78776E-03 
  (2 2  6)   9.05709E-03   6.12589E-04 
  (2 2  7)   2.98268E-03   2.28687E-04 
  (2 2  8)   1.02277E-03   7.36010E-05 
  (2 2  9)   3.83281E-04   2.40816E-05 
  (2 2 10)   1.17513E-04   6.74529E-06 
  (2 2 11)   4.25116E-05   2.05000E-06 
  (2 2 12)   8.47646E-06   5.59802E-07 
  (2 3  1)   1.27437E-01   2.37966E-02 
  (2 3  2)   2.06601E-01   3.46239E-02 
  (2 3  3)   1.67938E-01   2.22265E-02 
  (2 3  4)   9.69680E-02   1.27244E-02 
  (2 3  5)   3.65441E-02   4.39352E-03 
  (2 3  6)   1.73932E-02   1.41338E-03 
  (2 3  7)   5.53077E-03   5.41387E-04 
  (2 3  8)   1.72347E-03   1.49212E-04 
  (2 3  9)   7.03863E-04   4.30359E-05 
  (2 3 10)   1.86345E-04   1.40949E-05 
  (2 3 11)   4.91266E-05   4.39335E-06 
  (2 3 12)   1.10921E-05   9.17756E-07 
  (2 4  1)   2.03445E-02   2.31336E-03 
  (2 4  2)   5.23609E-02   3.91336E-03 
  (2 4  3)   4.69733E-02   3.73316E-03 
  (2 4  4)   3.21869E-02   3.09660E-03 
  (2 4  5)   1.96889E-02   1.36948E-03 
  (2 4  6)   7.81355E-03   6.00123E-04 
  (2 4  7)   2.36308E-03   1.82436E-04 
  (2 4  8)   1.03458E-03   5.63684E-05 
  (2 4  9)   3.07176E-04   2.21998E-05 
  (2 4 10)   1.19068E-04   9.75917E-06 
  (2 4 11)   3.57842E-05   3.07931E-06 
  (2 4 12)   8.09526E-06   7.82706E-07 
  (2 5  1)   1.45647E-03   1.62841E-04 
  (2 5  2)   2.33370E-03   1.72237E-04 
  (2 5  3)   1.94972E-03   1.18626E-04 
  (2 5  4)   1.40192E-03   1.47516E-04 
  (2 5  5)   1.31973E-03   1.00401E-04 
  (2 5  6)   8.55101E-04   5.89535E-05 
  (2 5  7)   4.72048E-04   2.32025E-05 
  (2 5  8)   1.87285E-04   9.88022E-06 
  (2 5  9)   8.60691E-05   5.23264E-06 
  (2 5 10)   3.04086E-05   1.81252E-06 
  (2 5 11)   8.14954E-06   6.34690E-07 
  (2 5 12)   1.87820E-06   1.72581E-07 
  (3 1  1)   2.72414E-03   5.23929E-04 
  (3 1  2)   4.40637E-03   4.99093E-04 
  (3 1  3)   5.02589E-03   4.43520E-04 
  (3 1  4)   5.32092E-03   3.23526E-04 
  (3 1  5)   2.07215E-03   1.94859E-04 
  (3 1  6)   8.36896E-04   1.56087E-04 
  (3 1  7)   5.06263E-04   8.04829E-05 
  (3 1  8)   3.33594E-04   2.52900E-05 
  (3 1  9)   1.76250E-04   9.59698E-06 
  (3 1 10)   5.19401E-05   3.07765E-06 
  (3 1 11)   1.77330E-05   9.62836E-07 
  (3 1 12)   3.73473E-06   1.67375E-07 
  (3 2  1)   1.36397E-01   3.00248E-02 
  (3 2  2)   2.45010E-01   4.00026E-02 
  (3 2  3)   1.69523E-01   2.26788E-02 
  (3 2  4)   1.03024E-01   9.55036E-03 
  (3 2  5)   4.34648E-02   4.56306E-03 
  (3 2  6)   1.43109E-02   1.75708E-03 
  (3 2  7)   4.70138E-03   5.60056E-04 
  (3 2  8)   2.48330E-03   2.10200E-04 
  (3 2  9)   8.56840E-04   6.02506E-05 
  (3 2 10)   2.65771E-04   1.56934E-05 
  (3 2 11)   7.36320E-05   4.00159E-06 
  (3 2 12)   1.65065E-05   9.56915E-07 
  (3 3  1)   8.19816E-01   1.00000E+00 
  (3 3  2)   1.00000E+00   5.87813E-01 
  (3 3  3)   6.04568E-01   2.30648E-01 
  (3 3  4)   2.64925E-01   7.81571E-02 
  (3 3  5)   1.08313E-01   2.22150E-02 
  (3 3  6)   4.99306E-02   5.85312E-03 
  (3 3  7)   1.59061E-02   1.44443E-03 
  (3 3  8)   5.22174E-03   3.13157E-04 
  (3 3  9)   1.36814E-03   7.66404E-05 
  (3 3 10)   3.23684E-04   2.04333E-05 
  (3 3 11)   9.49829E-05   5.18215E-06 
  (3 3 12)   2.48416E-05   1.15751E-06 
  (3 4  1)   1.12079E-01   2.36350E-02 
  (3 4  2)   2.15725E-01   3.81677E-02 
  (3 4  3)   1.51637E-01   2.62027E-02 
  (3 4  4)   1.12273E-01   1.36202E-02 
  (3 4  5)   4.85266E-02   5.86589E-03 
  (3 4  6)   2.05446E-02   2.46412E-03 
  (3 4  7)   8.58114E-03   6.34131E-04 
  (3 4  8)   3.05350E-03   1.79966E-04 
  (3 4  9)   7.68949E-04   4.71525E-05 
  (3 4 10)   2.17801E-04   1.27702E-05 
  (3 4 11)   6.11952E-05   3.31641E-06 
  (3 4 12)   1.59144E-05   9.81143E-07 
  (3 5  1)   3.04897E-03   5.08507E-04 
  (3 5  2)   4.96271E-03   8.84839E-04 
  (3 5  3)   6.81064E-03   7.36302E-04 
  (3 5  4)   3.29002E-03   3.89815E-04 
  (3 5  5)   3.22872E-03   2.22054E-04 
  (3 5  6)   2.14686E-03   9.27314E-05 
  (3 5  7)   1.03336E-03   4.34668E-05 
  (3 5  8)   4.85788E-04   2.48279E-05 
  (3 5  9)   1.30172E-04   9.62046E-06 
  (3 5 10)   3.74241E-05   3.77174E-06 
  (3 5 11)   1.78232E-05   1.41689E-06 
  (3 5 12)   6.23721E-06   4.01684E-07 
  (4 1  1)   1.01842E-03   3.61389E-04 
  (4 1  2)   1.67369E-03   4.95959E-04 
  (4 1  3)   2.96582E-03   3.18485E-04 
  (4 1  4)   2.54660E-03   2.17524E-04 
  (4 1  5)   1.96248E-03   1.18549E-04 
  (4 1  6)   9.36389E-04   6.05285E-05 
  (4 1  7)   4.57618E-04   2.65053E-05 
  (4 1  8)   2.56688E-04   1.20721E-05 
  (4 1  9)   7.98072E-05   4.95546E-06 
  (4 1 10)   2.57695E-05   1.69591E-06 
  (4 1 11)   8.90125E-06   5.54759E-07 
  (4 1 12)   1.90045E-06   1.74952E-07 
  (4 2  1)   3.22715E-02   7.01162E-03 
  (4 2  2)   6.50681E-02   6.40059E-03 
  (4 2  3)   5.25992E-02   6.20364E-03 
  (4 2  4)   3.14675E-02   3.54760E-03 
  (4 2  5)   1.63829E-02   1.75310E-03 
  (4 2  6)   8.03208E-03   6.44220E-04 
  (4 2  7)   3.28936E-03   2.08011E-04 
  (4 2  8)   1.14656E-03   7.34073E-05 
  (4 2  9)   4.87250E-04   2.42709E-05 
  (4 2 10)   1.42886E-04   7.73837E-06 
  (4 2 11)   4.23979E-05   2.24640E-06 
  (4 2 12)   9.64154E-06   6.21083E-07 
  (4 3  1)   1.43614E-01   2.85626E-02 
  (4 3  2)   2.19052E-01   3.62340E-02 
  (4 3  3)   1.76806E-01   2.08100E-02 
  (4 3  4)   8.57969E-02   1.23452E-02 
  (4 3  5)   4.12501E-02   5.51326E-03 
  (4 3  6)   1.41419E-02   1.72043E-03 
  (4 3  7)   6.27369E-03   6.05741E-04 
  (4 3  8)   2.73313E-03   1.89919E-04 
  (4 3  9)   8.52436E-04   5.17708E-05 
  (4 3 10)   2.28312E-04   1.35359E-05 
  (4 3 11)   6.84554E-05   4.17984E-06 
  (4 3 12)   1.88644E-05   9.18534E-07 
  (4 4  1)   4.33026E-02   6.45843E-03 
  (4 4  2)   9.35699E-02   1.21816E-02 
  (4 4  3)   6.68405E-02   6.32188E-03 
  (4 4  4)   4.07000E-02   4.49510E-03 
  (4 4  5)   1.77685E-02   2.29093E-03 
  (4 4  6)   7.38899E-03   8.68007E-04 
  (4 4  7)   3.42684E-03   3.49497E-04 
  (4 4  8)   1.29493E-03   1.16773E-04 
  (4 4  9)   4.23331E-04   3.80280E-05 
  (4 4 10)   1.48499E-04   1.16907E-05 
  (4 4 11)   5.29834E-05   3.00135E-06 
  (4 4 12)   1.22735E-05   8.12311E-07 
  (4 5  1)   1.39015E-03   1.32305E-04 
  (4 5  2)   2.98332E-03   3.14683E-04 
  (4 5  3)   3.61753E-03   3.30279E-04 
  (4 5  4)   2.38722E-03   1.92692E-04 
  (4 5  5)   1.22502E-03   1.29361E-04 
  (4 5  6)   6.54300E-04   1.14459E-04 
  (4 5  7)   4.67906E-04   4.71386E-05 
  (4 5  8)   2.55990E-04   1.76961E-05 
  (4 5  9)   9.55257E-05   6.02768E-06 
  (4 5 10)   2.71547E-05   2.41881E-06 
  (4 5 11)   7.92155E-06   7.53517E-07 
  (4 5 12)   2.49083E-06   2.17792E-07 
  (5 1  1)   7.91678E-05   2.81300E-05 
  (5 1  2)   1.34620E-04   3.50393E-05 
  (5 1  3)   3.77583E-04   4.17014E-05 
  (5 1  4)   3.14302E-04   3.47973E-05 
  (5 1  5)   1.82985E-04   1.96644E-05 
  (5 1  6)   8.85573E-05   9.15717E-06 
  (5 1  7)   5.57238E-05   5.13142E-06 
  (5 1  8)   2.77527E-05   3.51005E-06 
  (5 1  9)   1.28198E-05   1.84543E-06 
  (5 1 10)   5.83375E-06   7.78157E-07 
  (5 1 11)   3.24494E-06   3.93827E-07 
  (5 1 12)   1.62262E-06   1.93144E-07 
  (5 2  1)   9.10596E-04   1.99676E-04 
  (5 2  2)   3.27172E-03   2.12316E-04 
  (5 2  3)   2.45027E-03   2.57794E-04 
  (5 2  4)   2.34829E-03   1.30306E-04 
  (5 2  5)   1.58625E-03   6.08555E-05 
  (5 2  6)   7.48399E-04   4.81916E-05 
  (5 2  7)   3.78824E-04   2.48305E-05 
  (5 2  8)   1.34512E-04   1.02779E-05 
  (5 2  9)   5.21491E-05   3.35071E-06 
  (5 2 10)   2.07320E-05   1.23149E-06 
  (5 2 11)   7.14081E-06   3.46125E-07 
  (5 2 12)   1.74667E-06   9.29307E-08 
  (5 3  1)   2.22994E-03   2.01893E-04 
  (5 3  2)   7.57233E-03   1.89992E-04 
  (5 3  3)   5.41958E-03   1.90736E-04 
  (5 3  4)   3.37521E-03   1.38336E-04 
  (5 3  5)   2.15609E-03   1.25388E-04 
  (5 3  6)   1.14565E-03   8.87207E-05 
  (5 3  7)   4.39529E-04   5.05643E-05 
  (5 3  8)   1.83495E-04   2.07656E-05 
  (5 3  9)   9.87121E-05   7.44966E-06 
  (5 3 10)   5.10528E-05   2.54503E-06 
  (5 3 11)   1.54057E-05   8.56927E-07 
  (5 3 12)   4.21706E-06   2.71255E-07 
  (5 4  1)   1.63124E-03   9.59376E-05 
  (5 4  2)   3.30217E-03   1.07151E-04 
  (5 4  3)   2.57383E-03   1.65300E-04 
  (5 4  4)   2.42531E-03   1.30299E-04 
  (5 4  5)   1.91642E-03   1.20477E-04 
  (5 4  6)   9.15859E-04   5.79871E-05 
  (5 4  7)   2.82106E-04   2.44188E-05 
  (5 4  8)   8.93606E-05   1.51307E-05 
  (5 4  9)   5.75320E-05   7.01396E-06 
  (5 4 10)   2.28306E-05   2.27776E-06 
  (5 4 11)   1.18116E-05   7.66516E-07 
  (5 4 12)   5.45689E-06   2.71161E-07 
  (5 5  1)   1.89407E-04   2.49302E-05 
  (5 5  2)   1.87764E-04   4.75931E-05 
  (5 5  3)   2.28310E-04   5.43382E-05 
  (5 5  4)   2.35063E-04   4.75419E-05 
  (5 5  5)   2.29739E-04   2.47175E-05 
  (5 5  6)   6.24124E-05   1.73736E-05 
  (5 5  7)   2.29705E-05   8.93650E-06 
  (5 5  8)   1.45134E-05   4.53727E-06 
  (5 5  9)   1.02511E-05   2.57952E-06 
  (5 5 10)   4.06217E-06   1.29046E-06 
  (5 5 11)   1.87548E-06   7.24986E-07 
  (5 5 12)   7.68086E-07   5.16915E-07 

[ T-WWG ]
    title = [t-wwg] in xyz mesh
     mesh =  xyz            # mesh type is xyz scoring mesh
   x-type =    2            # x-mesh is linear given by xmin, xmax and nx
     xmin =  -100.0001      # minimum value of x-mesh points
     xmax =   100.0002      # maximum value of x-mesh points
#    xdel =   40.00006      # mesh width of x-mesh points
       nx =      5          # number of x-mesh points
#    data = ( x(i), i = 1, nx + 1 )
#          -1.00000E+02 -6.00000E+01 -2.00000E+01  2.00000E+01  6.00000E+01
#           1.00000E+02
   y-type =    2            # y-mesh is linear given by ymin, ymax and ny
     ymin =  -100.0001      # minimum value of y-mesh points
     ymax =   100.0002      # maximum value of y-mesh points
#    ydel =   40.00006      # mesh width of y-mesh points
       ny =      5          # number of y-mesh points
#    data = ( y(i), i = 1, ny + 1 )
#          -1.00000E+02 -6.00000E+01 -2.00000E+01  2.00000E+01  6.00000E+01
#           1.00000E+02
   z-type =    2            # z-mesh is linear given by zmin, zmax and nz
     zmin = -1.0000000E-04  # minimum value of z-mesh points
     zmax =   180.0002      # maximum value of z-mesh points
#    zdel =   15.00003      # mesh width of z-mesh points
       nz =     12          # number of z-mesh points
#    data = ( z(i), i = 1, nz + 1 )
#           0.00000E+00  1.50000E+01  3.00000E+01  4.50000E+01  6.00000E+01
#           7.50000E+01  9.00000E+01  1.05000E+02  1.20000E+02  1.35000E+02
#           1.50000E+02  1.65000E+02  1.80000E+02
   e-type =    1            # e-mesh is given by the below data
       ne =      2          # number of e-mesh points
#    data = ( e(i), i = 1, ne + 1 )
            0.00000E+00  1.00000E-02  1.00000E+05
     unit =    1            # unit is [1/cm^2/source]
 material =  all            # (D=all) number of specific material
  2D-type =    3            # 1:Cont, 2:Clust, 3:Color, 4:xyz, 5:mat, 6:Clust+Cont, 7:Col+Cont
     axis =  wwg            # axis of output
     file = WWG2.out        # file name of output for the above axis
     part =  neutron  
# kf/name :  2112     
#    used :        main (  %)        temp (  %)       total (  %)
#  memory :          32 (  0)           0 (  0)          32 (  0)

[ T-Track ]
    title = [t-track] in xyz mesh
     mesh =  xyz            # mesh type is xyz scoring mesh
   x-type =    2            # x-mesh is linear given by xmin, xmax and nx
     xmin =  -100.0000      # minimum value of x-mesh points
     xmax =   100.0000      # maximum value of x-mesh points
#    xdel =   2.000000      # mesh width of x-mesh points
       nx =    100          # number of x-mesh points
#    data = ( x(i), i = 1, nx + 1 )
#          -1.00000E+02 -9.80000E+01 -9.60000E+01 -9.40000E+01 -9.20000E+01
#          -9.00000E+01 -8.80000E+01 -8.60000E+01 -8.40000E+01 -8.20000E+01
#          -8.00000E+01 -7.80000E+01 -7.60000E+01 -7.40000E+01 -7.20000E+01
#          -7.00000E+01 -6.80000E+01 -6.60000E+01 -6.40000E+01 -6.20000E+01
#          -6.00000E+01 -5.80000E+01 -5.60000E+01 -5.40000E+01 -5.20000E+01
#          -5.00000E+01 -4.80000E+01 -4.60000E+01 -4.40000E+01 -4.20000E+01
#          -4.00000E+01 -3.80000E+01 -3.60000E+01 -3.40000E+01 -3.20000E+01
#          -3.00000E+01 -2.80000E+01 -2.60000E+01 -2.40000E+01 -2.20000E+01
#          -2.00000E+01 -1.80000E+01 -1.60000E+01 -1.40000E+01 -1.20000E+01
#          -1.00000E+01 -8.00000E+00 -6.00000E+00 -4.00000E+00 -2.00000E+00
#           0.00000E+00  2.00000E+00  4.00000E+00  6.00000E+00  8.00000E+00
#           1.00000E+01  1.20000E+01  1.40000E+01  1.60000E+01  1.80000E+01
#           2.00000E+01  2.20000E+01  2.40000E+01  2.60000E+01  2.80000E+01
#           3.00000E+01  3.20000E+01  3.40000E+01  3.60000E+01  3.80000E+01
#           4.00000E+01  4.20000E+01  4.40000E+01  4.60000E+01  4.80000E+01
#           5.00000E+01  5.20000E+01  5.40000E+01  5.60000E+01  5.80000E+01
#           6.00000E+01  6.20000E+01  6.40000E+01  6.60000E+01  6.80000E+01
#           7.00000E+01  7.20000E+01  7.40000E+01  7.60000E+01  7.80000E+01
#           8.00000E+01  8.20000E+01  8.40000E+01  8.60000E+01  8.80000E+01
#           9.00000E+01  9.20000E+01  9.40000E+01  9.60000E+01  9.80000E+01
#           1.00000E+02
   y-type =    2            # y-mesh is linear given by ymin, ymax and ny
     ymin =  -20.00000      # minimum value of y-mesh points
     ymax =   20.00000      # maximum value of y-mesh points
#    ydel =   40.00000      # mesh width of y-mesh points
       ny =      1          # number of y-mesh points
#    data = ( y(i), i = 1, ny + 1 )
#          -2.00000E+01  2.00000E+01
   z-type =    2            # z-mesh is linear given by zmin, zmax and nz
     zmin =  -1.000000      # minimum value of z-mesh points
     zmax =   180.0000      # maximum value of z-mesh points
#    zdel =   1.131250      # mesh width of z-mesh points
       nz =    160          # number of z-mesh points
#    data = ( z(i), i = 1, nz + 1 )
#          -1.00000E+00  1.31250E-01  1.26250E+00  2.39375E+00  3.52500E+00
#           4.65625E+00  5.78750E+00  6.91875E+00  8.05000E+00  9.18125E+00
#           1.03125E+01  1.14438E+01  1.25750E+01  1.37063E+01  1.48375E+01
#           1.59688E+01  1.71000E+01  1.82313E+01  1.93625E+01  2.04938E+01
#           2.16250E+01  2.27563E+01  2.38875E+01  2.50188E+01  2.61500E+01
#           2.72813E+01  2.84125E+01  2.95438E+01  3.06750E+01  3.18063E+01
#           3.29375E+01  3.40688E+01  3.52000E+01  3.63313E+01  3.74625E+01
#           3.85938E+01  3.97250E+01  4.08563E+01  4.19875E+01  4.31188E+01
#           4.42500E+01  4.53813E+01  4.65125E+01  4.76438E+01  4.87750E+01
#           4.99063E+01  5.10375E+01  5.21688E+01  5.33000E+01  5.44313E+01
#           5.55625E+01  5.66938E+01  5.78250E+01  5.89563E+01  6.00875E+01
#           6.12188E+01  6.23500E+01  6.34813E+01  6.46125E+01  6.57438E+01
#           6.68750E+01  6.80063E+01  6.91375E+01  7.02688E+01  7.14000E+01
#           7.25312E+01  7.36625E+01  7.47938E+01  7.59250E+01  7.70563E+01
#           7.81875E+01  7.93188E+01  8.04500E+01  8.15813E+01  8.27125E+01
#           8.38438E+01  8.49750E+01  8.61063E+01  8.72375E+01  8.83688E+01
#           8.95000E+01  9.06313E+01  9.17625E+01  9.28938E+01  9.40250E+01
#           9.51563E+01  9.62875E+01  9.74188E+01  9.85500E+01  9.96813E+01
#           1.00813E+02  1.01944E+02  1.03075E+02  1.04206E+02  1.05338E+02
#           1.06469E+02  1.07600E+02  1.08731E+02  1.09863E+02  1.10994E+02
#           1.12125E+02  1.13256E+02  1.14388E+02  1.15519E+02  1.16650E+02
#           1.17781E+02  1.18913E+02  1.20044E+02  1.21175E+02  1.22306E+02
#           1.23438E+02  1.24569E+02  1.25700E+02  1.26831E+02  1.27963E+02
#           1.29094E+02  1.30225E+02  1.31356E+02  1.32488E+02  1.33619E+02
#           1.34750E+02  1.35881E+02  1.37013E+02  1.38144E+02  1.39275E+02
#           1.40406E+02  1.41538E+02  1.42669E+02  1.43800E+02  1.44931E+02
#           1.46062E+02  1.47194E+02  1.48325E+02  1.49456E+02  1.50588E+02
#           1.51719E+02  1.52850E+02  1.53981E+02  1.55113E+02  1.56244E+02
#           1.57375E+02  1.58506E+02  1.59638E+02  1.60769E+02  1.61900E+02
#           1.63031E+02  1.64163E+02  1.65294E+02  1.66425E+02  1.67556E+02
#           1.68688E+02  1.69819E+02  1.70950E+02  1.72081E+02  1.73213E+02
#           1.74344E+02  1.75475E+02  1.76606E+02  1.77738E+02  1.78869E+02
#           1.80000E+02
   e-type =    1            # e-mesh is given by the below data
       ne =      1          # number of e-mesh points
#    data = ( e(i), i = 1, ne + 1 )
            1.00000E-10  1.00000E+03
     unit =    1            # unit is [1/cm^2/source]
 material =  all            # (D=all) number of specific material
  2D-type =    7            # 1:Cont, 2:Clust, 3:Color, 4:xyz, 5:mat, 6:Clust+Cont, 7:Col+Cont
     axis =      xz            # axis of output
     file = weight-dose-xz.out  # file name of output for the above axis
     part =  neutron  
# kf/name :  2112     
  multiplier = all          # number of material group
     part =  all      
# kf/name :  0        
     emax =   1.00000E+10
      mat         mset1  
      all ( 1.0000 -202 )
    z-txt = Effective dose (pSv/source)
    gshow =    3            # 0: no 1:bnd, 2:bnd+mat, 3:bnd+reg 4:bnd+lat 5:bmp style
    resol =    1            # (D=1) resolution of gshow or rshow
    width = 0.5000000       # (D=0.5) width of lines for gshow or rshow
   epsout =    1            # (D=0) generate eps file by ANGEL
#    used :        main (  %)        temp (  %)       total (  %)
#  memory :         285 (  0)           0 (  0)         285 (  0)

[END] of Input Echo <<<========================================================

<<< Report of real Geometry memory >>>
*           GG/CG memory =        2
*     total memory: mdas = 80000000
*                percent =     0.00 %

<<< Report of material memory for high energy>>>
*   high energy material =        1
*     total memory: mdas = 80000000
*                percent =     0.00 %

<<< Report of material memory for low energy>>>
*    low energy material =     2296
*     total memory: mdas = 80000000
*                percent =     0.00 %

<<< Report of real tally memory >>>
*      real tally memory =      317
*     total memory: mdas = 80000000
*                percent =     0.00 %

<<< Report of temporary tally memory >>>
* temporary tally memory =     2301
*     total memory: mdas = 80000000
*                percent =     0.00 %

<<< Report of total memory >>>
*      used total memory =     2302
*     total memory: mdas = 80000000
*                percent =     0.00 %
*                ---------------------

-------------------------------------------------------------------------------
bat[       1] ncas =           1500.
 bitrseed = 0100001010011000001011101100011110011000110110100110010000000000
          cpu time =   4.660 s.

-------------------------------------------------------------------------------
bat[       2] ncas =           3000.
 bitrseed = 1000101111011001110100000100111110101111111101000011010101010010
          cpu time =   5.117 s.

-------------------------------------------------------------------------------
bat[       3] ncas =           4500.
 bitrseed = 0111101111011110101110001110111000001110000010010001000010100001
          cpu time =   5.234 s.

-------------------------------------------------------------------------------
bat[       4] ncas =           6000.
 bitrseed = 0100010001111111010001100001001110110111100100101011001100111100
          cpu time =   4.816 s.

-------------------------------------------------------------------------------
bat[       5] ncas =           7500.
 bitrseed = 1001000011100101101101101011000010001010100000111001111101111011
          cpu time =   4.824 s.

-------------------------------------------------------------------------------
bat[       6] ncas =           9000.
 bitrseed = 0001110001100100101011010110110011101110000111101110000111011000
          cpu time =   4.793 s.

-------------------------------------------------------------------------------
bat[       7] ncas =          10500.
 bitrseed = 1011100001101001100100111110100001000001010100101110010000011100
          cpu time =   4.707 s.

-------------------------------------------------------------------------------
bat[       8] ncas =          12000.
 bitrseed = 0111010000101110111110111011110011111111011001001000100011110000
          cpu time =   4.980 s.

-------------------------------------------------------------------------------
bat[       9] ncas =          13500.
 bitrseed = 1010100111001111100001110010001010110101110001001010000111110100
          cpu time =   5.289 s.

-------------------------------------------------------------------------------
bat[      10] ncas =          15000.
 bitrseed = 0001000000010010100111010001110100101110010100001110010101001001
          cpu time =   4.398 s.

-------------------------------------------------------------------------------
bat[      11] ncas =          16500.
 bitrseed = 1011100101110110110001110111011000111100110100001101101101110101
          cpu time =   4.781 s.

-------------------------------------------------------------------------------
bat[      12] ncas =          18000.
 bitrseed = 0001100100011001010000111101110110010100100001110011001001010001
          cpu time =   4.617 s.

-------------------------------------------------------------------------------
bat[      13] ncas =          19500.
 bitrseed = 0000000100100111110001011101100010111010001001011111100100010010
          cpu time =   4.328 s.

-------------------------------------------------------------------------------
bat[      14] ncas =          21000.
 bitrseed = 0110111110001111011110111110011001100010111100110011000001111000
          cpu time =   4.527 s.

-------------------------------------------------------------------------------
bat[      15] ncas =          22500.
 bitrseed = 1001100110110100000000101000100011000101101001011111110010001111
          cpu time =   4.391 s.

-------------------------------------------------------------------------------
bat[      16] ncas =          24000.
 bitrseed = 0011111011001111101111100100000011111110001010010100011101110111
          cpu time =   4.488 s.

-------------------------------------------------------------------------------
bat[      17] ncas =          25500.
 bitrseed = 0101000000001111101010010010100101011101011110110001010101101101
          cpu time =   4.984 s.

-------------------------------------------------------------------------------
bat[      18] ncas =          27000.
 bitrseed = 0001101111101001001011111010001100110111101011110111000101010100
          cpu time =   4.312 s.

-------------------------------------------------------------------------------
bat[      19] ncas =          28500.
 bitrseed = 1110101101000010111011100000001111000001010011000000101101000110
          cpu time =   4.902 s.

-------------------------------------------------------------------------------
bat[      20] ncas =          30000.
 bitrseed = 1011100000100000111010011001001100110011011110111000010011001011
          cpu time =   4.105 s.

-------------------------------------------------------------------------------
bat[      21] ncas =          31500.
 bitrseed = 1100111110010100110001011111101110101011011100111100011110011001
          cpu time =   4.949 s.

-------------------------------------------------------------------------------
bat[      22] ncas =          33000.
 bitrseed = 0011110001100101110100011000100001110000010010111000101110001010
          cpu time =   4.773 s.

-------------------------------------------------------------------------------
bat[      23] ncas =          34500.
 bitrseed = 1010100000101001111100010101101010111011000110001001101111110100
          cpu time =   5.148 s.

-------------------------------------------------------------------------------
bat[      24] ncas =          36000.
 bitrseed = 0011110010100001001011100100010000010000110110010100000010101100
          cpu time =   4.703 s.

-------------------------------------------------------------------------------
bat[      25] ncas =          37500.
 bitrseed = 0101110100111000110001000000100000011000110101000011010001110010
          cpu time =   4.133 s.

-------------------------------------------------------------------------------
bat[      26] ncas =          39000.
 bitrseed = 1000111011110001010001010100111010110101000001111100111000100111
          cpu time =   4.480 s.

-------------------------------------------------------------------------------
bat[      27] ncas =          40500.
 bitrseed = 0101111111011111001000011011111101000011010001010011101100001111
          cpu time =   4.586 s.

-------------------------------------------------------------------------------
bat[      28] ncas =          42000.
 bitrseed = 1011110000001011011110100011111101011111101101110111100010001000
          cpu time =   4.695 s.

-------------------------------------------------------------------------------
bat[      29] ncas =          43500.
 bitrseed = 0101100101100000010000100000100111011101100010010100111010101110
          cpu time =   4.969 s.

-------------------------------------------------------------------------------
bat[      30] ncas =          45000.
 bitrseed = 0001100111010100011111001101001110110011010111101001010101000100
          cpu time =   5.004 s.

-------------------------------------------------------------------------------
bat[      31] ncas =          46500.
 bitrseed = 1100111001011000110000010010000001010110111001111000010110101010
          cpu time =   4.461 s.

-------------------------------------------------------------------------------
bat[      32] ncas =          48000.
 bitrseed = 0101010010001011111000001111111000101011001010011110101011101110
          cpu time =   5.477 s.

-------------------------------------------------------------------------------
bat[      33] ncas =          49500.
 bitrseed = 1011110110010000000010111010100100100100110001001001011011001100
          cpu time =   4.688 s.

-------------------------------------------------------------------------------
bat[      34] ncas =          51000.
 bitrseed = 1101101001110001001111111110101011100011101111100011100011001011
          cpu time =   4.801 s.

-------------------------------------------------------------------------------
bat[      35] ncas =          52500.
 bitrseed = 0000110101011111101101100110111000010000000001001101100000111011
          cpu time =   4.535 s.

-------------------------------------------------------------------------------
bat[      36] ncas =          54000.
 bitrseed = 0010010010011100001001000101100011000100110000101001011100011010
          cpu time =   4.703 s.

-------------------------------------------------------------------------------
bat[      37] ncas =          55500.
 bitrseed = 0000100011011101110111001100111000000000110111111111111101101110
          cpu time =   4.414 s.

-------------------------------------------------------------------------------
bat[      38] ncas =          57000.
 bitrseed = 0111001011000001100111010111011011101011111110011110000100110100
          cpu time =   5.410 s.

-------------------------------------------------------------------------------
bat[      39] ncas =          58500.
 bitrseed = 1011010001011100111011001100011011101110111111110111001110110010
          cpu time =   6.219 s.

-------------------------------------------------------------------------------
bat[      40] ncas =          60000.
 bitrseed = 0011100100010100010001100101010000010101111110001001110010010111
          cpu time =   5.562 s.

-------------------------------------------------------------------------------
bat[      41] ncas =          61500.
 bitrseed = 0110100110000100100100010011101000001011001010111110101011011100
          cpu time =   5.828 s.

===============================================================================

 Summary for the end of job

-------------------------------------------------------------------------------
 number of analyz call vs ncol
-------------------------------------------------------------------------------
     ncol          number
        1              1.   : start of calculation            
        2              1.   : end of calculation              
        3             41.   : end of a batch                  
        4          61500.   : source                          
        5              0.   : detection of geometry error/warn
        6              0.   : recovery from geometry warning  
        7              0.   : termination by geometry error   
        8        4917330.   : termination by weight cut-off   
        9              0.   : termination by time cut-off     
       10         324821.   : geometry boundary crossing      
       11            106.   : termination by energy cut-off   
       12          31511.   : termination by escape or leakage
       13         114920.   : reaction : (n,x) type           
       14       67497934.   : reaction : (n,n'x) type         
       15              0.   : sequential transport for tally  

-------------------------------------------------------------------------------
 List of transport particles (not including source)
-------------------------------------------------------------------------------
     Name      kf-code        mass       charge   baryon
     proton       2212        938.3         1       1
     electron       11          0.5        -1       0
     photon         22          0.0         0       0

     nu_ebar       -12          0.0         0       0

-------------------------------------------------------------------------------
 prod. particles       number        weight        weight per source
-------------------------------------------------------------------------------
     photon          1104877.     8.8640604E+04     1.4413106E+00
     other                 1.     1.0303034E-03     1.6752901E-08
     electron              1.     1.0303034E-03     1.6752901E-08
     proton                1.     1.0303034E-03     1.6752901E-08

-------------------------------------------------------------------------------
 the other kind of produced particles
-------------------------------------------------------------------------------
     Name      kf-code        number     mass       charge   baryon
     nu_ebar       -12             1       0.0         0       0

-------------------------------------------------------------------------------
 particle decays       number        weight        weight per source
-------------------------------------------------------------------------------
     neutron               1.     1.0303034E-03     1.6752901E-08

-------------------------------------------------------------------------------
 stop. particles.    number        weight        weight per source
-------------------------------------------------------------------------------
     electron          12156.     6.7131749E+03     1.0915732E-01
     neutron             106.     5.7338600E+00     9.3233496E-05
     other                 1.     1.0303034E-03     1.6752901E-08
     proton                1.     1.0303034E-03     1.6752901E-08

-------------------------------------------------------------------------------
 the other kind of stopped particles
-------------------------------------------------------------------------------
     Name      kf-code        number     mass       charge   baryon
     nu_ebar       -12             1       0.0         0       0

-------------------------------------------------------------------------------
 leak. particles       number        weight        weight per source
-------------------------------------------------------------------------------
     photon            17102.     1.3464539E+04     2.1893559E-01
     neutron           14409.     2.7234179E+04     4.4283218E-01

-------------------------------------------------------------------------------
 source: maxcas    maxbch      irskip   average weight          total source
-------------------------------------------------------------------------------
        1500         100           0    1.0000000E+00    6.1500000000000E+04

-------------------------------------------------------------------------------
 Geometry error summary
-------------------------------------------------------------------------------
 Number of lost particles     =     0 / nlost =       10
 Number of geometry recovering =     0
 Number of unrecovered errors =     0

-------------------------------------------------------------------------------
 initial random seed:
   bitrseed = 0100001010011000001011101100011110011000110110100110010000000000
 next initial random seed:
   bitrseed = 0010110101110101000111111101101010010100000111111010001001101001

-------------------------------------------------------------------------------
 job termination date : 2024/11/08
                 time :   16:27:47

-------------------------------------------------------------------------------
    CPU time and number of event called in PHITS
-------------------------------------------------------------------------------

                             sec
total cpu time =          199.80


                           count
      analysis =       79567864.  : data processing
         nevap =              0.  : evaporation
        dexgam =              0.  : de-excitation
         nreac =       67612854.  : atomic and nuclear reactions
         dklos =              1.  : particle decay
         hydro =              0.  : nucleon-nucleon scattering
        n-data =       66391055.  : neutron data library
        h-data =              0.  : p, d, a data library
        p-data =        1221798.  : photon data library
        e-data =              0.  : electron data library
        p-egs5 =              0.  : photon interaction with EGS5
        e-egs5 =              0.  : electron interaction with EGS5
      e-tsmode =              0.  : electron track structure mode
    ion-tsmode =              0.  : ion track structure mode
     photonucl =              0.  : photo-nuclear reaction
 photonucl lib =              0.  : photo-nuclear reaction with library
       mu-reac =              0.  : muon-induced nuclear reaction
       mu-brem =              0.  : muon-induced bremsstrahlung
       mu-pprd =              0.  : muon-induced pair production
        mu-cap =              0.  : muon capture in nucleus
         elast =              0.  : elastic scattering
         ncasc =              0.  : nuclear reaction model

       bertini =              0.  : Bertini model
        isobar =              0.  : isobar model
           JAM =              0.  : JAM model
           QMD =              0.  : JQMD model
        JAMQMD =              0.  : JAMQMD model
          INCL =              0.  : INCL model
        INCELF =              0.  : INCELF model
     frag data =              0.  : user defined cross section
       SCINFUL =              0.  : SCINFUL mode

>>> Citation Request >>>=======================================================

 This execution uses model(s) that must be explicitly cited in addition to
 the PHITS original document: T.Sato et al., J.Nucl.Sci.Technol.61, 127-135 (2024).
 Please refer the following document(s) in your publication using this result

 The KUROTAMA model:
    K. Iida, A. Kohama, and K. Oyamatsu, J. Phys. Soc. Japan 76, 044201 (2007).

 END 
