
[ Weight Window ]
     mesh =  xyz            # mesh type is xyz scoring mesh
   x-type =    2            # x-mesh is linear given by xmin, xmax and nx
     xmin =  -100.0001      # minimum value of x-mesh points
     xmax =   100.0002      # maximum value of x-mesh points
#    xdel =   40.00006      # mesh width of x-mesh points
       nx =      5          # number of x-mesh points
#    data = ( x(i), i = 1, nx + 1 )
#          -1.00000E+02 -6.00000E+01 -2.00000E+01  2.00000E+01  6.00000E+01
#           1.00000E+02
   y-type =    2            # y-mesh is linear given by ymin, ymax and ny
     ymin =  -100.0001      # minimum value of y-mesh points
     ymax =   100.0002      # maximum value of y-mesh points
#    ydel =   40.00006      # mesh width of y-mesh points
       ny =      5          # number of y-mesh points
#    data = ( y(i), i = 1, ny + 1 )
#          -1.00000E+02 -6.00000E+01 -2.00000E+01  2.00000E+01  6.00000E+01
#           1.00000E+02
   z-type =    2            # z-mesh is linear given by zmin, zmax and nz
     zmin = -1.0000000E-04  # minimum value of z-mesh points
     zmax =   180.0002      # maximum value of z-mesh points
#    zdel =   15.00003      # mesh width of z-mesh points
       nz =     12          # number of z-mesh points
#    data = ( z(i), i = 1, nz + 1 )
#           0.00000E+00  1.50000E+01  3.00000E+01  4.50000E+01  6.00000E+01
#           7.50000E+01  9.00000E+01  1.05000E+02  1.20000E+02  1.35000E+02
#           1.50000E+02  1.65000E+02  1.80000E+02
 
set:  c71[0.0]  c72[c71+4.25838E-10]  c73[5.04686E-04]
set:  c74[0.0]  c75[c74+8.39107E-11]  c76[1.03847E-03]

   part = neutron 
    eng =  2
         1.00000E-02   1.00000E+05

   xyz                 ww1                    ww2            
  (1 1  1)  (4.91066E-08+c71)/c73  (1.48953E-08+c74)/c76   
  (1 1  2)  (8.88356E-08+c71)/c73  (2.40526E-08+c74)/c76   
  (1 1  3)  (1.05563E-07+c71)/c73  (2.27410E-08+c74)/c76   
  (1 1  4)  (8.13396E-08+c71)/c73  (1.75061E-08+c74)/c76   
  (1 1  5)  (5.66990E-08+c71)/c73  (1.22320E-08+c74)/c76   
  (1 1  6)  (3.36071E-08+c71)/c73  (7.58810E-09+c74)/c76   
  (1 1  7)  (1.60740E-08+c71)/c73  (4.05800E-09+c74)/c76   
  (1 1  8)  (8.61503E-09+c71)/c73  (2.06442E-09+c74)/c76   
  (1 1  9)  (4.17344E-09+c71)/c73  (1.04238E-09+c74)/c76   
  (1 1 10)  (1.78579E-09+c71)/c73  (5.03281E-10+c74)/c76   
  (1 1 11)  (9.12229E-10+c71)/c73  (2.61149E-10+c74)/c76   
  (1 1 12)  (4.77609E-10+c71)/c73  (1.46810E-10+c74)/c76   
  (1 2  1)  (6.80626E-07+c71)/c73  (1.56282E-07+c74)/c76   
  (1 2  2)  (1.34943E-06+c71)/c73  (2.32457E-07+c74)/c76   
  (1 2  3)  (1.41637E-06+c71)/c73  (2.15403E-07+c74)/c76   
  (1 2  4)  (1.08711E-06+c71)/c73  (1.49420E-07+c74)/c76   
  (1 2  5)  (6.60224E-07+c71)/c73  (8.44530E-08+c74)/c76   
  (1 2  6)  (3.19375E-07+c71)/c73  (4.30824E-08+c74)/c76   
  (1 2  7)  (1.42391E-07+c71)/c73  (1.90544E-08+c74)/c76   
  (1 2  8)  (6.10038E-08+c71)/c73  (7.11854E-09+c74)/c76   
  (1 2  9)  (2.24195E-08+c71)/c73  (2.53549E-09+c74)/c76   
  (1 2 10)  (7.76008E-09+c71)/c73  (8.97787E-10+c74)/c76   
  (1 2 11)  (2.67923E-09+c71)/c73  (3.00096E-10+c74)/c76   
  (1 2 12)  (7.04317E-10+c71)/c73  (8.78092E-11+c74)/c76   
  (1 3  1)  (1.61793E-06+c71)/c73  (4.48783E-07+c74)/c76   
  (1 3  2)  (3.52080E-06+c71)/c73  (6.17459E-07+c74)/c76   
  (1 3  3)  (3.37856E-06+c71)/c73  (5.61997E-07+c74)/c76   
  (1 3  4)  (2.26971E-06+c71)/c73  (3.67078E-07+c74)/c76   
  (1 3  5)  (1.29728E-06+c71)/c73  (1.99808E-07+c74)/c76   
  (1 3  6)  (6.11418E-07+c71)/c73  (9.57277E-08+c74)/c76   
  (1 3  7)  (2.69851E-07+c71)/c73  (4.09317E-08+c74)/c76   
  (1 3  8)  (1.15817E-07+c71)/c73  (1.52297E-08+c74)/c76   
  (1 3  9)  (4.36243E-08+c71)/c73  (5.40825E-09+c74)/c76   
  (1 3 10)  (1.53207E-08+c71)/c73  (1.77143E-09+c74)/c76   
  (1 3 11)  (4.77413E-09+c71)/c73  (5.67997E-10+c74)/c76   
  (1 3 12)  (1.22352E-09+c71)/c73  (1.55210E-10+c74)/c76   
  (1 4  1)  (7.07541E-07+c71)/c73  (1.61920E-07+c74)/c76   
  (1 4  2)  (1.37531E-06+c71)/c73  (2.43731E-07+c74)/c76   
  (1 4  3)  (1.35665E-06+c71)/c73  (2.31939E-07+c74)/c76   
  (1 4  4)  (9.75850E-07+c71)/c73  (1.59604E-07+c74)/c76   
  (1 4  5)  (5.88302E-07+c71)/c73  (9.60031E-08+c74)/c76   
  (1 4  6)  (2.96870E-07+c71)/c73  (4.55075E-08+c74)/c76   
  (1 4  7)  (1.38765E-07+c71)/c73  (1.95400E-08+c74)/c76   
  (1 4  8)  (5.91708E-08+c71)/c73  (7.82367E-09+c74)/c76   
  (1 4  9)  (2.28561E-08+c71)/c73  (2.87538E-09+c74)/c76   
  (1 4 10)  (8.12555E-09+c71)/c73  (9.71249E-10+c74)/c76   
  (1 4 11)  (2.76410E-09+c71)/c73  (3.28519E-10+c74)/c76   
  (1 4 12)  (7.24882E-10+c71)/c73  (1.02902E-10+c74)/c76   
  (1 5  1)  (5.40029E-08+c71)/c73  (1.66182E-08+c74)/c76   
  (1 5  2)  (9.15164E-08+c71)/c73  (2.43731E-08+c74)/c76   
  (1 5  3)  (1.01019E-07+c71)/c73  (2.32975E-08+c74)/c76   
  (1 5  4)  (7.46255E-08+c71)/c73  (1.75149E-08+c74)/c76   
  (1 5  5)  (5.36797E-08+c71)/c73  (1.17692E-08+c74)/c76   
  (1 5  6)  (2.85819E-08+c71)/c73  (7.27962E-09+c74)/c76   
  (1 5  7)  (1.68077E-08+c71)/c73  (3.97877E-09+c74)/c76   
  (1 5  8)  (8.79836E-09+c71)/c73  (2.06961E-09+c74)/c76   
  (1 5  9)  (4.05916E-09+c71)/c73  (1.07363E-09+c74)/c76   
  (1 5 10)  (1.98348E-09+c71)/c73  (5.35980E-10+c74)/c76   
  (1 5 11)  (1.02199E-09+c71)/c73  (2.73245E-10+c74)/c76   
  (1 5 12)  (5.27496E-10+c71)/c73  (1.37508E-10+c74)/c76   
  (2 1  1)  (6.48609E-07+c71)/c73  (1.51930E-07+c74)/c76   
  (2 1  2)  (1.35589E-06+c71)/c73  (2.41215E-07+c74)/c76   
  (2 1  3)  (1.40701E-06+c71)/c73  (2.32487E-07+c74)/c76   
  (2 1  4)  (1.05722E-06+c71)/c73  (1.68586E-07+c74)/c76   
  (2 1  5)  (6.60804E-07+c71)/c73  (9.96759E-08+c74)/c76   
  (2 1  6)  (3.28341E-07+c71)/c73  (4.82405E-08+c74)/c76   
  (2 1  7)  (1.43252E-07+c71)/c73  (2.07782E-08+c74)/c76   
  (2 1  8)  (5.99568E-08+c71)/c73  (7.98216E-09+c74)/c76   
  (2 1  9)  (2.21260E-08+c71)/c73  (2.86325E-09+c74)/c76   
  (2 1 10)  (7.78156E-09+c71)/c73  (1.00272E-09+c74)/c76   
  (2 1 11)  (2.56396E-09+c71)/c73  (3.27318E-10+c74)/c76   
  (2 1 12)  (6.73411E-10+c71)/c73  (9.69444E-11+c74)/c76   
  (2 2  1)  (1.50321E-05+c71)/c73  (4.95616E-06+c74)/c76   
  (2 2  2)  (2.80611E-05+c71)/c73  (7.04262E-06+c74)/c76   
  (2 2  3)  (2.39285E-05+c71)/c73  (5.56798E-06+c74)/c76   
  (2 2  4)  (1.46002E-05+c71)/c73  (3.07143E-06+c74)/c76   
  (2 2  5)  (7.20115E-06+c71)/c73  (1.37117E-06+c74)/c76   
  (2 2  6)  (3.16217E-06+c71)/c73  (5.37220E-07+c74)/c76   
  (2 2  7)  (1.30764E-06+c71)/c73  (1.80613E-07+c74)/c76   
  (2 2  8)  (4.45128E-07+c71)/c73  (6.19844E-08+c74)/c76   
  (2 2  9)  (1.49522E-07+c71)/c73  (1.93761E-08+c74)/c76   
  (2 2 10)  (4.70118E-08+c71)/c73  (5.78532E-09+c74)/c76   
  (2 2 11)  (1.31396E-08+c71)/c73  (1.69298E-09+c74)/c76   
  (2 2 12)  (3.16296E-09+c71)/c73  (4.35335E-10+c74)/c76   
  (2 3  1)  (6.24352E-05+c71)/c73  (2.89655E-05+c74)/c76   
  (2 3  2)  (1.02726E-04+c71)/c73  (3.61164E-05+c74)/c76   
  (2 3  3)  (7.50925E-05+c71)/c73  (2.31276E-05+c74)/c76   
  (2 3  4)  (3.99723E-05+c71)/c73  (1.12513E-05+c74)/c76   
  (2 3  5)  (1.84004E-05+c71)/c73  (4.47424E-06+c74)/c76   
  (2 3  6)  (7.07803E-06+c71)/c73  (1.49470E-06+c74)/c76   
  (2 3  7)  (2.59492E-06+c71)/c73  (4.70110E-07+c74)/c76   
  (2 3  8)  (8.54855E-07+c71)/c73  (1.42125E-07+c74)/c76   
  (2 3  9)  (2.79274E-07+c71)/c73  (4.12283E-08+c74)/c76   
  (2 3 10)  (8.14093E-08+c71)/c73  (1.15053E-08+c74)/c76   
  (2 3 11)  (2.39493E-08+c71)/c73  (3.15435E-09+c74)/c76   
  (2 3 12)  (5.60058E-09+c71)/c73  (7.64434E-10+c74)/c76   
  (2 4  1)  (1.52026E-05+c71)/c73  (5.30359E-06+c74)/c76   
  (2 4  2)  (2.66181E-05+c71)/c73  (6.85074E-06+c74)/c76   
  (2 4  3)  (2.29126E-05+c71)/c73  (5.34246E-06+c74)/c76   
  (2 4  4)  (1.43311E-05+c71)/c73  (2.96583E-06+c74)/c76   
  (2 4  5)  (7.14219E-06+c71)/c73  (1.39754E-06+c74)/c76   
  (2 4  6)  (2.99879E-06+c71)/c73  (5.32724E-07+c74)/c76   
  (2 4  7)  (1.18673E-06+c71)/c73  (1.86532E-07+c74)/c76   
  (2 4  8)  (4.22996E-07+c71)/c73  (6.23226E-08+c74)/c76   
  (2 4  9)  (1.44048E-07+c71)/c73  (1.94765E-08+c74)/c76   
  (2 4 10)  (4.72543E-08+c71)/c73  (6.06424E-09+c74)/c76   
  (2 4 11)  (1.44389E-08+c71)/c73  (1.79880E-09+c74)/c76   
  (2 4 12)  (3.43102E-09+c71)/c73  (4.76023E-10+c74)/c76   
  (2 5  1)  (7.05350E-07+c71)/c73  (1.59897E-07+c74)/c76   
  (2 5  2)  (1.37945E-06+c71)/c73  (2.47122E-07+c74)/c76   
  (2 5  3)  (1.30409E-06+c71)/c73  (2.06764E-07+c74)/c76   
  (2 5  4)  (8.98788E-07+c71)/c73  (1.51387E-07+c74)/c76   
  (2 5  5)  (5.41758E-07+c71)/c73  (8.95491E-08+c74)/c76   
  (2 5  6)  (2.96813E-07+c71)/c73  (4.43539E-08+c74)/c76   
  (2 5  7)  (1.51989E-07+c71)/c73  (1.87571E-08+c74)/c76   
  (2 5  8)  (6.24585E-08+c71)/c73  (7.57060E-09+c74)/c76   
  (2 5  9)  (2.34879E-08+c71)/c73  (3.05911E-09+c74)/c76   
  (2 5 10)  (7.88794E-09+c71)/c73  (1.10191E-09+c74)/c76   
  (2 5 11)  (2.41410E-09+c71)/c73  (3.60480E-10+c74)/c76   
  (2 5 12)  (6.37664E-10+c71)/c73  (1.07558E-10+c74)/c76   
  (3 1  1)  (1.71496E-06+c71)/c73  (3.84183E-07+c74)/c76   
  (3 1  2)  (3.73953E-06+c71)/c73  (5.74585E-07+c74)/c76   
  (3 1  3)  (3.50208E-06+c71)/c73  (5.06775E-07+c74)/c76   
  (3 1  4)  (2.28629E-06+c71)/c73  (3.39003E-07+c74)/c76   
  (3 1  5)  (1.25334E-06+c71)/c73  (1.97735E-07+c74)/c76   
  (3 1  6)  (6.04280E-07+c71)/c73  (9.27893E-08+c74)/c76   
  (3 1  7)  (2.58156E-07+c71)/c73  (3.97155E-08+c74)/c76   
  (3 1  8)  (1.06616E-07+c71)/c73  (1.55739E-08+c74)/c76   
  (3 1  9)  (3.96487E-08+c71)/c73  (5.20322E-09+c74)/c76   
  (3 1 10)  (1.43812E-08+c71)/c73  (1.74685E-09+c74)/c76   
  (3 1 11)  (4.67027E-09+c71)/c73  (5.28834E-10+c74)/c76   
  (3 1 12)  (1.11400E-09+c71)/c73  (1.44741E-10+c74)/c76   
  (3 2  1)  (6.05715E-05+c71)/c73  (2.76418E-05+c74)/c76   
  (3 2  2)  (9.84382E-05+c71)/c73  (3.52300E-05+c74)/c76   
  (3 2  3)  (7.69198E-05+c71)/c73  (2.33621E-05+c74)/c76   
  (3 2  4)  (4.05693E-05+c71)/c73  (1.10808E-05+c74)/c76   
  (3 2  5)  (1.77296E-05+c71)/c73  (4.21996E-06+c74)/c76   
  (3 2  6)  (6.97647E-06+c71)/c73  (1.43146E-06+c74)/c76   
  (3 2  7)  (2.43781E-06+c71)/c73  (4.42661E-07+c74)/c76   
  (3 2  8)  (8.14575E-07+c71)/c73  (1.30725E-07+c74)/c76   
  (3 2  9)  (2.55386E-07+c71)/c73  (3.71518E-08+c74)/c76   
  (3 2 10)  (7.78134E-08+c71)/c73  (1.06680E-08+c74)/c76   
  (3 2 11)  (2.15116E-08+c71)/c73  (2.83788E-09+c74)/c76   
  (3 2 12)  (4.90429E-09+c71)/c73  (7.05791E-10+c74)/c76   
  (3 3  1)  (3.97534E-04+c71)/c73  (1.03847E-03+c74)/c76   
  (3 3  2)  (5.04686E-04+c71)/c73  (5.66240E-04+c74)/c76   
  (3 3  3)  (3.05597E-04+c71)/c73  (2.05928E-04+c74)/c76   
  (3 3  4)  (1.36113E-04+c71)/c73  (6.50018E-05+c74)/c76   
  (3 3  5)  (5.22014E-05+c71)/c73  (1.82258E-05+c74)/c76   
  (3 3  6)  (1.76969E-05+c71)/c73  (4.89329E-06+c74)/c76   
  (3 3  7)  (5.71308E-06+c71)/c73  (1.29136E-06+c74)/c76   
  (3 3  8)  (1.74957E-06+c71)/c73  (3.39076E-07+c74)/c76   
  (3 3  9)  (5.27191E-07+c71)/c73  (8.85402E-08+c74)/c76   
  (3 3 10)  (1.50312E-07+c71)/c73  (2.27789E-08+c74)/c76   
  (3 3 11)  (4.01632E-08+c71)/c73  (5.70562E-09+c74)/c76   
  (3 3 12)  (9.13150E-09+c71)/c73  (1.33047E-09+c74)/c76   
  (3 4  1)  (5.99996E-05+c71)/c73  (2.78783E-05+c74)/c76   
  (3 4  2)  (9.59171E-05+c71)/c73  (3.55597E-05+c74)/c76   
  (3 4  3)  (7.12345E-05+c71)/c73  (2.29036E-05+c74)/c76   
  (3 4  4)  (3.88832E-05+c71)/c73  (1.08436E-05+c74)/c76   
  (3 4  5)  (1.76337E-05+c71)/c73  (4.24634E-06+c74)/c76   
  (3 4  6)  (6.85705E-06+c71)/c73  (1.46754E-06+c74)/c76   
  (3 4  7)  (2.45142E-06+c71)/c73  (4.63426E-07+c74)/c76   
  (3 4  8)  (8.18649E-07+c71)/c73  (1.38156E-07+c74)/c76   
  (3 4  9)  (2.62532E-07+c71)/c73  (4.05541E-08+c74)/c76   
  (3 4 10)  (8.01420E-08+c71)/c73  (1.12462E-08+c74)/c76   
  (3 4 11)  (2.30468E-08+c71)/c73  (3.05098E-09+c74)/c76   
  (3 4 12)  (5.22188E-09+c71)/c73  (7.80079E-10+c74)/c76   
  (3 5  1)  (1.82287E-06+c71)/c73  (3.83946E-07+c74)/c76   
  (3 5  2)  (3.36348E-06+c71)/c73  (6.18096E-07+c74)/c76   
  (3 5  3)  (3.16133E-06+c71)/c73  (5.90328E-07+c74)/c76   
  (3 5  4)  (2.19855E-06+c71)/c73  (3.80607E-07+c74)/c76   
  (3 5  5)  (1.22148E-06+c71)/c73  (2.05177E-07+c74)/c76   
  (3 5  6)  (6.51308E-07+c71)/c73  (9.45656E-08+c74)/c76   
  (3 5  7)  (2.90463E-07+c71)/c73  (3.67156E-08+c74)/c76   
  (3 5  8)  (1.12473E-07+c71)/c73  (1.41436E-08+c74)/c76   
  (3 5  9)  (3.90716E-08+c71)/c73  (5.01399E-09+c74)/c76   
  (3 5 10)  (1.38402E-08+c71)/c73  (1.74079E-09+c74)/c76   
  (3 5 11)  (4.59353E-09+c71)/c73  (5.54708E-10+c74)/c76   
  (3 5 12)  (1.09885E-09+c71)/c73  (1.54595E-10+c74)/c76   
  (4 1  1)  (7.24891E-07+c71)/c73  (1.80430E-07+c74)/c76   
  (4 1  2)  (1.36440E-06+c71)/c73  (2.45914E-07+c74)/c76   
  (4 1  3)  (1.35145E-06+c71)/c73  (2.07719E-07+c74)/c76   
  (4 1  4)  (9.21914E-07+c71)/c73  (1.45069E-07+c74)/c76   
  (4 1  5)  (5.60187E-07+c71)/c73  (9.03672E-08+c74)/c76   
  (4 1  6)  (3.08530E-07+c71)/c73  (4.38338E-08+c74)/c76   
  (4 1  7)  (1.38961E-07+c71)/c73  (1.90959E-08+c74)/c76   
  (4 1  8)  (5.65603E-08+c71)/c73  (7.44263E-09+c74)/c76   
  (4 1  9)  (2.13005E-08+c71)/c73  (2.82914E-09+c74)/c76   
  (4 1 10)  (7.52133E-09+c71)/c73  (1.00019E-09+c74)/c76   
  (4 1 11)  (2.38935E-09+c71)/c73  (3.23558E-10+c74)/c76   
  (4 1 12)  (6.57993E-10+c71)/c73  (9.55173E-11+c74)/c76   
  (4 2  1)  (1.63051E-05+c71)/c73  (5.39400E-06+c74)/c76   
  (4 2  2)  (2.85977E-05+c71)/c73  (7.08254E-06+c74)/c76   
  (4 2  3)  (2.36210E-05+c71)/c73  (5.26934E-06+c74)/c76   
  (4 2  4)  (1.42734E-05+c71)/c73  (2.94655E-06+c74)/c76   
  (4 2  5)  (6.89794E-06+c71)/c73  (1.31528E-06+c74)/c76   
  (4 2  6)  (3.03658E-06+c71)/c73  (5.13071E-07+c74)/c76   
  (4 2  7)  (1.15232E-06+c71)/c73  (1.81039E-07+c74)/c76   
  (4 2  8)  (4.16904E-07+c71)/c73  (6.03360E-08+c74)/c76   
  (4 2  9)  (1.42671E-07+c71)/c73  (1.92720E-08+c74)/c76   
  (4 2 10)  (4.70827E-08+c71)/c73  (5.85908E-09+c74)/c76   
  (4 2 11)  (1.35281E-08+c71)/c73  (1.72139E-09+c74)/c76   
  (4 2 12)  (3.21553E-09+c71)/c73  (4.63342E-10+c74)/c76   
  (4 3  1)  (5.90485E-05+c71)/c73  (2.69217E-05+c74)/c76   
  (4 3  2)  (9.45120E-05+c71)/c73  (3.50678E-05+c74)/c76   
  (4 3  3)  (7.23158E-05+c71)/c73  (2.33662E-05+c74)/c76   
  (4 3  4)  (3.87894E-05+c71)/c73  (1.07232E-05+c74)/c76   
  (4 3  5)  (1.70833E-05+c71)/c73  (4.18117E-06+c74)/c76   
  (4 3  6)  (6.65717E-06+c71)/c73  (1.42268E-06+c74)/c76   
  (4 3  7)  (2.50168E-06+c71)/c73  (4.56507E-07+c74)/c76   
  (4 3  8)  (8.18106E-07+c71)/c73  (1.43033E-07+c74)/c76   
  (4 3  9)  (2.62717E-07+c71)/c73  (4.22440E-08+c74)/c76   
  (4 3 10)  (7.99953E-08+c71)/c73  (1.22034E-08+c74)/c76   
  (4 3 11)  (2.41817E-08+c71)/c73  (3.35799E-09+c74)/c76   
  (4 3 12)  (5.92229E-09+c71)/c73  (8.16351E-10+c74)/c76   
  (4 4  1)  (1.47538E-05+c71)/c73  (4.77517E-06+c74)/c76   
  (4 4  2)  (2.60495E-05+c71)/c73  (6.61011E-06+c74)/c76   
  (4 4  3)  (2.32090E-05+c71)/c73  (5.02952E-06+c74)/c76   
  (4 4  4)  (1.39763E-05+c71)/c73  (2.92976E-06+c74)/c76   
  (4 4  5)  (6.67967E-06+c71)/c73  (1.32629E-06+c74)/c76   
  (4 4  6)  (2.92674E-06+c71)/c73  (5.14870E-07+c74)/c76   
  (4 4  7)  (1.15744E-06+c71)/c73  (1.89215E-07+c74)/c76   
  (4 4  8)  (3.94155E-07+c71)/c73  (6.15970E-08+c74)/c76   
  (4 4  9)  (1.32383E-07+c71)/c73  (1.92719E-08+c74)/c76   
  (4 4 10)  (4.30018E-08+c71)/c73  (5.85677E-09+c74)/c76   
  (4 4 11)  (1.44004E-08+c71)/c73  (1.69964E-09+c74)/c76   
  (4 4 12)  (3.49007E-09+c71)/c73  (4.47573E-10+c74)/c76   
  (4 5  1)  (7.15938E-07+c71)/c73  (1.58874E-07+c74)/c76   
  (4 5  2)  (1.35644E-06+c71)/c73  (2.19691E-07+c74)/c76   
  (4 5  3)  (1.28943E-06+c71)/c73  (2.07206E-07+c74)/c76   
  (4 5  4)  (9.74417E-07+c71)/c73  (1.46633E-07+c74)/c76   
  (4 5  5)  (5.66467E-07+c71)/c73  (8.39741E-08+c74)/c76   
  (4 5  6)  (2.77849E-07+c71)/c73  (4.14770E-08+c74)/c76   
  (4 5  7)  (1.29502E-07+c71)/c73  (1.84746E-08+c74)/c76   
  (4 5  8)  (5.10348E-08+c71)/c73  (7.50977E-09+c74)/c76   
  (4 5  9)  (1.94670E-08+c71)/c73  (2.75587E-09+c74)/c76   
  (4 5 10)  (7.54332E-09+c71)/c73  (9.81924E-10+c74)/c76   
  (4 5 11)  (2.51768E-09+c71)/c73  (3.24086E-10+c74)/c76   
  (4 5 12)  (6.48195E-10+c71)/c73  (9.25539E-11+c74)/c76   
  (5 1  1)  (5.63371E-08+c71)/c73  (1.73765E-08+c74)/c76   
  (5 1  2)  (1.00405E-07+c71)/c73  (2.34862E-08+c74)/c76   
  (5 1  3)  (1.04545E-07+c71)/c73  (2.27433E-08+c74)/c76   
  (5 1  4)  (8.11893E-08+c71)/c73  (1.95213E-08+c74)/c76   
  (5 1  5)  (5.22087E-08+c71)/c73  (1.27375E-08+c74)/c76   
  (5 1  6)  (3.11933E-08+c71)/c73  (7.75348E-09+c74)/c76   
  (5 1  7)  (1.80441E-08+c71)/c73  (4.06194E-09+c74)/c76   
  (5 1  8)  (8.39557E-09+c71)/c73  (2.05468E-09+c74)/c76   
  (5 1  9)  (3.94313E-09+c71)/c73  (9.92644E-10+c74)/c76   
  (5 1 10)  (1.88465E-09+c71)/c73  (4.92463E-10+c74)/c76   
  (5 1 11)  (9.77622E-10+c71)/c73  (2.65508E-10+c74)/c76   
  (5 1 12)  (5.40312E-10+c71)/c73  (1.51519E-10+c74)/c76   
  (5 2  1)  (7.25344E-07+c71)/c73  (1.73354E-07+c74)/c76   
  (5 2  2)  (1.47194E-06+c71)/c73  (2.45768E-07+c74)/c76   
  (5 2  3)  (1.34332E-06+c71)/c73  (2.16714E-07+c74)/c76   
  (5 2  4)  (1.02398E-06+c71)/c73  (1.53005E-07+c74)/c76   
  (5 2  5)  (6.18345E-07+c71)/c73  (9.19940E-08+c74)/c76   
  (5 2  6)  (2.95318E-07+c71)/c73  (4.64774E-08+c74)/c76   
  (5 2  7)  (1.41082E-07+c71)/c73  (1.99587E-08+c74)/c76   
  (5 2  8)  (5.90075E-08+c71)/c73  (7.83673E-09+c74)/c76   
  (5 2  9)  (2.08447E-08+c71)/c73  (2.84649E-09+c74)/c76   
  (5 2 10)  (7.60406E-09+c71)/c73  (9.81232E-10+c74)/c76   
  (5 2 11)  (2.61127E-09+c71)/c73  (3.25914E-10+c74)/c76   
  (5 2 12)  (6.64529E-10+c71)/c73  (1.05225E-10+c74)/c76   
  (5 3  1)  (1.67900E-06+c71)/c73  (4.02170E-07+c74)/c76   
  (5 3  2)  (3.33218E-06+c71)/c73  (6.15467E-07+c74)/c76   
  (5 3  3)  (3.09081E-06+c71)/c73  (5.15233E-07+c74)/c76   
  (5 3  4)  (2.11514E-06+c71)/c73  (3.29979E-07+c74)/c76   
  (5 3  5)  (1.17651E-06+c71)/c73  (1.77232E-07+c74)/c76   
  (5 3  6)  (5.96970E-07+c71)/c73  (9.16912E-08+c74)/c76   
  (5 3  7)  (2.84075E-07+c71)/c73  (3.89220E-08+c74)/c76   
  (5 3  8)  (1.15653E-07+c71)/c73  (1.46245E-08+c74)/c76   
  (5 3  9)  (4.13303E-08+c71)/c73  (5.19595E-09+c74)/c76   
  (5 3 10)  (1.36874E-08+c71)/c73  (1.74187E-09+c74)/c76   
  (5 3 11)  (4.52754E-09+c71)/c73  (5.46554E-10+c74)/c76   
  (5 3 12)  (1.14406E-09+c71)/c73  (1.54917E-10+c74)/c76   
  (5 4  1)  (6.37451E-07+c71)/c73  (1.44639E-07+c74)/c76   
  (5 4  2)  (1.23212E-06+c71)/c73  (2.26312E-07+c74)/c76   
  (5 4  3)  (1.31177E-06+c71)/c73  (2.06599E-07+c74)/c76   
  (5 4  4)  (9.50185E-07+c71)/c73  (1.38766E-07+c74)/c76   
  (5 4  5)  (5.38150E-07+c71)/c73  (8.64659E-08+c74)/c76   
  (5 4  6)  (2.79337E-07+c71)/c73  (4.47821E-08+c74)/c76   
  (5 4  7)  (1.35578E-07+c71)/c73  (1.85682E-08+c74)/c76   
  (5 4  8)  (5.67265E-08+c71)/c73  (7.53628E-09+c74)/c76   
  (5 4  9)  (2.17215E-08+c71)/c73  (2.81032E-09+c74)/c76   
  (5 4 10)  (7.63967E-09+c71)/c73  (9.48054E-10+c74)/c76   
  (5 4 11)  (2.61113E-09+c71)/c73  (2.94811E-10+c74)/c76   
  (5 4 12)  (6.53462E-10+c71)/c73  (8.39107E-11+c74)/c76   
  (5 5  1)  (4.36982E-08+c71)/c73  (1.51415E-08+c74)/c76   
  (5 5  2)  (8.25475E-08+c71)/c73  (2.03040E-08+c74)/c76   
  (5 5  3)  (8.69096E-08+c71)/c73  (2.07190E-08+c74)/c76   
  (5 5  4)  (7.35965E-08+c71)/c73  (1.57942E-08+c74)/c76   
  (5 5  5)  (4.56398E-08+c71)/c73  (1.09866E-08+c74)/c76   
  (5 5  6)  (2.53656E-08+c71)/c73  (6.60163E-09+c74)/c76   
  (5 5  7)  (1.38926E-08+c71)/c73  (3.93372E-09+c74)/c76   
  (5 5  8)  (7.29335E-09+c71)/c73  (2.05624E-09+c74)/c76   
  (5 5  9)  (3.64587E-09+c71)/c73  (1.02649E-09+c74)/c76   
  (5 5 10)  (1.81836E-09+c71)/c73  (4.97695E-10+c74)/c76   
  (5 5 11)  (8.95172E-10+c71)/c73  (2.67237E-10+c74)/c76   
  (5 5 12)  (4.25838E-10+c71)/c73  (1.47854E-10+c74)/c76   
 
# Information for Restart Calculation
# This calculation was newly started
# istdev =  2 # 1:Batch variance, 2:History variance
# resc2  = 6.15000000000000000E+04 # Total source weight or Total source weight / maxcas
# resc3  = 6.15000000000000000E+04 # Total history number or Total batch number
# maxcas =        1500 # History / Batch, only used for istdev=1
# bitrseed = 0010110101110101000111111101101010010100000111111010001001101001 # bit data of rseed
