
[ Weight Window ]
     mesh =  xyz            # mesh type is xyz scoring mesh
   x-type =    2            # x-mesh is linear given by xmin, xmax and nx
     xmin =  -100.0000      # minimum value of x-mesh points
     xmax =   100.0000      # maximum value of x-mesh points
#    xdel =   40.00000      # mesh width of x-mesh points
       nx =      5          # number of x-mesh points
#    data = ( x(i), i = 1, nx + 1 )
#          -1.00000E+02 -6.00000E+01 -2.00000E+01  2.00000E+01  6.00000E+01
#           1.00000E+02
   y-type =    2            # y-mesh is linear given by ymin, ymax and ny
     ymin =  -100.0000      # minimum value of y-mesh points
     ymax =   100.0000      # maximum value of y-mesh points
#    ydel =   40.00000      # mesh width of y-mesh points
       ny =      5          # number of y-mesh points
#    data = ( y(i), i = 1, ny + 1 )
#          -1.00000E+02 -6.00000E+01 -2.00000E+01  2.00000E+01  6.00000E+01
#           1.00000E+02
   z-type =    2            # z-mesh is linear given by zmin, zmax and nz
     zmin =   0.000000      # minimum value of z-mesh points
     zmax =   180.0000      # maximum value of z-mesh points
#    zdel =   15.00000      # mesh width of z-mesh points
       nz =     12          # number of z-mesh points
#    data = ( z(i), i = 1, nz + 1 )
#           0.00000E+00  1.50000E+01  3.00000E+01  4.50000E+01  6.00000E+01
#           7.50000E+01  9.00000E+01  1.05000E+02  1.20000E+02  1.35000E+02
#           1.50000E+02  1.65000E+02  1.80000E+02
 
set:  c71[0.0]  c72[c71+4.18129E-10]  c73[5.13046E-04]
set:  c74[0.0]  c75[c74+1.01215E-10]  c76[1.04363E-03]

   part = neutron 
    eng =  2
         1.00000E-02   1.00000E+05

   xyz                 ww1                    ww2            
  (1 1  1)  (5.34701E-08+c71)/c73  (2.15361E-08+c74)/c76   
  (1 1  2)  (9.94282E-08+c71)/c73  (3.20361E-08+c74)/c76   
  (1 1  3)  (1.02876E-07+c71)/c73  (3.09534E-08+c74)/c76   
  (1 1  4)  (8.63328E-08+c71)/c73  (2.42953E-08+c74)/c76   
  (1 1  5)  (6.15198E-08+c71)/c73  (1.69999E-08+c74)/c76   
  (1 1  6)  (3.37434E-08+c71)/c73  (9.83198E-09+c74)/c76   
  (1 1  7)  (1.70914E-08+c71)/c73  (5.19196E-09+c74)/c76   
  (1 1  8)  (8.34194E-09+c71)/c73  (2.60280E-09+c74)/c76   
  (1 1  9)  (3.84828E-09+c71)/c73  (1.30642E-09+c74)/c76   
  (1 1 10)  (2.02198E-09+c71)/c73  (6.68951E-10+c74)/c76   
  (1 1 11)  (9.35476E-10+c71)/c73  (3.61179E-10+c74)/c76   
  (1 1 12)  (4.18129E-10+c71)/c73  (2.08953E-10+c74)/c76   
  (1 2  1)  (7.17528E-07+c71)/c73  (2.11096E-07+c74)/c76   
  (1 2  2)  (1.54795E-06+c71)/c73  (2.78771E-07+c74)/c76   
  (1 2  3)  (1.57686E-06+c71)/c73  (2.75135E-07+c74)/c76   
  (1 2  4)  (1.18603E-06+c71)/c73  (2.03608E-07+c74)/c76   
  (1 2  5)  (7.12898E-07+c71)/c73  (1.17902E-07+c74)/c76   
  (1 2  6)  (3.55794E-07+c71)/c73  (5.40127E-08+c74)/c76   
  (1 2  7)  (1.44886E-07+c71)/c73  (2.30577E-08+c74)/c76   
  (1 2  8)  (5.97093E-08+c71)/c73  (9.52370E-09+c74)/c76   
  (1 2  9)  (2.41669E-08+c71)/c73  (3.48349E-09+c74)/c76   
  (1 2 10)  (8.58517E-09+c71)/c73  (1.16773E-09+c74)/c76   
  (1 2 11)  (2.80047E-09+c71)/c73  (3.65452E-10+c74)/c76   
  (1 2 12)  (7.15750E-10+c71)/c73  (1.04030E-10+c74)/c76   
  (1 3  1)  (1.58380E-06+c71)/c73  (5.48818E-07+c74)/c76   
  (1 3  2)  (3.39828E-06+c71)/c73  (7.47149E-07+c74)/c76   
  (1 3  3)  (3.17810E-06+c71)/c73  (6.62589E-07+c74)/c76   
  (1 3  4)  (2.31940E-06+c71)/c73  (4.36694E-07+c74)/c76   
  (1 3  5)  (1.32852E-06+c71)/c73  (2.44756E-07+c74)/c76   
  (1 3  6)  (7.01699E-07+c71)/c73  (1.12287E-07+c74)/c76   
  (1 3  7)  (3.12666E-07+c71)/c73  (4.83769E-08+c74)/c76   
  (1 3  8)  (1.20443E-07+c71)/c73  (1.82102E-08+c74)/c76   
  (1 3  9)  (4.83836E-08+c71)/c73  (6.13822E-09+c74)/c76   
  (1 3 10)  (1.73624E-08+c71)/c73  (1.96708E-09+c74)/c76   
  (1 3 11)  (5.37946E-09+c71)/c73  (6.52043E-10+c74)/c76   
  (1 3 12)  (1.35358E-09+c71)/c73  (1.85493E-10+c74)/c76   
  (1 4  1)  (7.07916E-07+c71)/c73  (1.97646E-07+c74)/c76   
  (1 4  2)  (1.41644E-06+c71)/c73  (2.79116E-07+c74)/c76   
  (1 4  3)  (1.40599E-06+c71)/c73  (2.62607E-07+c74)/c76   
  (1 4  4)  (1.05796E-06+c71)/c73  (1.81474E-07+c74)/c76   
  (1 4  5)  (6.25209E-07+c71)/c73  (1.09645E-07+c74)/c76   
  (1 4  6)  (3.21344E-07+c71)/c73  (5.59226E-08+c74)/c76   
  (1 4  7)  (1.59486E-07+c71)/c73  (2.42492E-08+c74)/c76   
  (1 4  8)  (5.98273E-08+c71)/c73  (9.16172E-09+c74)/c76   
  (1 4  9)  (2.23643E-08+c71)/c73  (3.52155E-09+c74)/c76   
  (1 4 10)  (8.24013E-09+c71)/c73  (1.19618E-09+c74)/c76   
  (1 4 11)  (2.82137E-09+c71)/c73  (3.92665E-10+c74)/c76   
  (1 4 12)  (6.83047E-10+c71)/c73  (1.12617E-10+c74)/c76   
  (1 5  1)  (4.93351E-08+c71)/c73  (1.88850E-08+c74)/c76   
  (1 5  2)  (1.07028E-07+c71)/c73  (2.94496E-08+c74)/c76   
  (1 5  3)  (1.13563E-07+c71)/c73  (3.04672E-08+c74)/c76   
  (1 5  4)  (8.89816E-08+c71)/c73  (2.37403E-08+c74)/c76   
  (1 5  5)  (5.46658E-08+c71)/c73  (1.56754E-08+c74)/c76   
  (1 5  6)  (2.99795E-08+c71)/c73  (9.27696E-09+c74)/c76   
  (1 5  7)  (1.61384E-08+c71)/c73  (4.83810E-09+c74)/c76   
  (1 5  8)  (7.69264E-09+c71)/c73  (2.60853E-09+c74)/c76   
  (1 5  9)  (3.77295E-09+c71)/c73  (1.26406E-09+c74)/c76   
  (1 5 10)  (1.86436E-09+c71)/c73  (6.49454E-10+c74)/c76   
  (1 5 11)  (1.01341E-09+c71)/c73  (3.49334E-10+c74)/c76   
  (1 5 12)  (5.72135E-10+c71)/c73  (1.95192E-10+c74)/c76   
  (2 1  1)  (6.82146E-07+c71)/c73  (1.95493E-07+c74)/c76   
  (2 1  2)  (1.35754E-06+c71)/c73  (2.61837E-07+c74)/c76   
  (2 1  3)  (1.48635E-06+c71)/c73  (2.67695E-07+c74)/c76   
  (2 1  4)  (1.11945E-06+c71)/c73  (1.85172E-07+c74)/c76   
  (2 1  5)  (6.75378E-07+c71)/c73  (1.06318E-07+c74)/c76   
  (2 1  6)  (3.54452E-07+c71)/c73  (5.35524E-08+c74)/c76   
  (2 1  7)  (1.50542E-07+c71)/c73  (2.25429E-08+c74)/c76   
  (2 1  8)  (6.03872E-08+c71)/c73  (8.46028E-09+c74)/c76   
  (2 1  9)  (2.33706E-08+c71)/c73  (3.06000E-09+c74)/c76   
  (2 1 10)  (8.11737E-09+c71)/c73  (1.08019E-09+c74)/c76   
  (2 1 11)  (2.85627E-09+c71)/c73  (3.65218E-10+c74)/c76   
  (2 1 12)  (7.46919E-10+c71)/c73  (1.05788E-10+c74)/c76   
  (2 2  1)  (1.63844E-05+c71)/c73  (5.14895E-06+c74)/c76   
  (2 2  2)  (2.94949E-05+c71)/c73  (7.78542E-06+c74)/c76   
  (2 2  3)  (2.52425E-05+c71)/c73  (6.21449E-06+c74)/c76   
  (2 2  4)  (1.58548E-05+c71)/c73  (3.24836E-06+c74)/c76   
  (2 2  5)  (7.47126E-06+c71)/c73  (1.48626E-06+c74)/c76   
  (2 2  6)  (3.18023E-06+c71)/c73  (5.77098E-07+c74)/c76   
  (2 2  7)  (1.18746E-06+c71)/c73  (1.99615E-07+c74)/c76   
  (2 2  8)  (4.34076E-07+c71)/c73  (6.59296E-08+c74)/c76   
  (2 2  9)  (1.55496E-07+c71)/c73  (2.13740E-08+c74)/c76   
  (2 2 10)  (5.02754E-08+c71)/c73  (6.50801E-09+c74)/c76   
  (2 2 11)  (1.46296E-08+c71)/c73  (1.83029E-09+c74)/c76   
  (2 2 12)  (3.50219E-09+c71)/c73  (4.66937E-10+c74)/c76   
  (2 3  1)  (6.08448E-05+c71)/c73  (2.93197E-05+c74)/c76   
  (2 3  2)  (9.94526E-05+c71)/c73  (3.85173E-05+c74)/c76   
  (2 3  3)  (7.65584E-05+c71)/c73  (2.61983E-05+c74)/c76   
  (2 3  4)  (4.32249E-05+c71)/c73  (1.15286E-05+c74)/c76   
  (2 3  5)  (1.84790E-05+c71)/c73  (4.56507E-06+c74)/c76   
  (2 3  6)  (7.02859E-06+c71)/c73  (1.54545E-06+c74)/c76   
  (2 3  7)  (2.51291E-06+c71)/c73  (5.04524E-07+c74)/c76   
  (2 3  8)  (8.64693E-07+c71)/c73  (1.52712E-07+c74)/c76   
  (2 3  9)  (2.69015E-07+c71)/c73  (4.36609E-08+c74)/c76   
  (2 3 10)  (8.15704E-08+c71)/c73  (1.19476E-08+c74)/c76   
  (2 3 11)  (2.51684E-08+c71)/c73  (3.21755E-09+c74)/c76   
  (2 3 12)  (5.67570E-09+c71)/c73  (7.92972E-10+c74)/c76   
  (2 4  1)  (1.55213E-05+c71)/c73  (5.42696E-06+c74)/c76   
  (2 4  2)  (2.83318E-05+c71)/c73  (7.42461E-06+c74)/c76   
  (2 4  3)  (2.45654E-05+c71)/c73  (5.89748E-06+c74)/c76   
  (2 4  4)  (1.50061E-05+c71)/c73  (3.17008E-06+c74)/c76   
  (2 4  5)  (7.19582E-06+c71)/c73  (1.46993E-06+c74)/c76   
  (2 4  6)  (2.98612E-06+c71)/c73  (5.63420E-07+c74)/c76   
  (2 4  7)  (1.13225E-06+c71)/c73  (2.13350E-07+c74)/c76   
  (2 4  8)  (4.14620E-07+c71)/c73  (6.84913E-08+c74)/c76   
  (2 4  9)  (1.44661E-07+c71)/c73  (2.16630E-08+c74)/c76   
  (2 4 10)  (4.77512E-08+c71)/c73  (6.28706E-09+c74)/c76   
  (2 4 11)  (1.36331E-08+c71)/c73  (1.81577E-09+c74)/c76   
  (2 4 12)  (3.00990E-09+c71)/c73  (4.64909E-10+c74)/c76   
  (2 5  1)  (7.10789E-07+c71)/c73  (2.01726E-07+c74)/c76   
  (2 5  2)  (1.47157E-06+c71)/c73  (2.89083E-07+c74)/c76   
  (2 5  3)  (1.45353E-06+c71)/c73  (2.76508E-07+c74)/c76   
  (2 5  4)  (9.69799E-07+c71)/c73  (1.88951E-07+c74)/c76   
  (2 5  5)  (5.89193E-07+c71)/c73  (1.03386E-07+c74)/c76   
  (2 5  6)  (2.94392E-07+c71)/c73  (5.04468E-08+c74)/c76   
  (2 5  7)  (1.48369E-07+c71)/c73  (2.08795E-08+c74)/c76   
  (2 5  8)  (5.93785E-08+c71)/c73  (8.78982E-09+c74)/c76   
  (2 5  9)  (2.20401E-08+c71)/c73  (3.22423E-09+c74)/c76   
  (2 5 10)  (7.27579E-09+c71)/c73  (1.10718E-09+c74)/c76   
  (2 5 11)  (2.71895E-09+c71)/c73  (3.65973E-10+c74)/c76   
  (2 5 12)  (6.88484E-10+c71)/c73  (1.09398E-10+c74)/c76   
  (3 1  1)  (1.78024E-06+c71)/c73  (5.24723E-07+c74)/c76   
  (3 1  2)  (3.53572E-06+c71)/c73  (7.55502E-07+c74)/c76   
  (3 1  3)  (3.69589E-06+c71)/c73  (6.80215E-07+c74)/c76   
  (3 1  4)  (2.50248E-06+c71)/c73  (4.17131E-07+c74)/c76   
  (3 1  5)  (1.44536E-06+c71)/c73  (2.14890E-07+c74)/c76   
  (3 1  6)  (7.25009E-07+c71)/c73  (9.69381E-08+c74)/c76   
  (3 1  7)  (2.98203E-07+c71)/c73  (4.06329E-08+c74)/c76   
  (3 1  8)  (1.10512E-07+c71)/c73  (1.50555E-08+c74)/c76   
  (3 1  9)  (4.09694E-08+c71)/c73  (5.62565E-09+c74)/c76   
  (3 1 10)  (1.42250E-08+c71)/c73  (1.96031E-09+c74)/c76   
  (3 1 11)  (4.68218E-09+c71)/c73  (6.34711E-10+c74)/c76   
  (3 1 12)  (1.16704E-09+c71)/c73  (1.74103E-10+c74)/c76   
  (3 2  1)  (6.35283E-05+c71)/c73  (2.89749E-05+c74)/c76   
  (3 2  2)  (1.01694E-04+c71)/c73  (3.72376E-05+c74)/c76   
  (3 2  3)  (7.64973E-05+c71)/c73  (2.38362E-05+c74)/c76   
  (3 2  4)  (4.06737E-05+c71)/c73  (1.08139E-05+c74)/c76   
  (3 2  5)  (1.79550E-05+c71)/c73  (4.21678E-06+c74)/c76   
  (3 2  6)  (6.97033E-06+c71)/c73  (1.49962E-06+c74)/c76   
  (3 2  7)  (2.48159E-06+c71)/c73  (4.77319E-07+c74)/c76   
  (3 2  8)  (7.92694E-07+c71)/c73  (1.44880E-07+c74)/c76   
  (3 2  9)  (2.57097E-07+c71)/c73  (4.23464E-08+c74)/c76   
  (3 2 10)  (7.95004E-08+c71)/c73  (1.17084E-08+c74)/c76   
  (3 2 11)  (2.39291E-08+c71)/c73  (3.15172E-09+c74)/c76   
  (3 2 12)  (5.39569E-09+c71)/c73  (7.55394E-10+c74)/c76   
  (3 3  1)  (3.95777E-04+c71)/c73  (1.04363E-03+c74)/c76   
  (3 3  2)  (5.13046E-04+c71)/c73  (5.75893E-04+c74)/c76   
  (3 3  3)  (3.03856E-04+c71)/c73  (2.05203E-04+c74)/c76   
  (3 3  4)  (1.35502E-04+c71)/c73  (6.16319E-05+c74)/c76   
  (3 3  5)  (5.08151E-05+c71)/c73  (1.77847E-05+c74)/c76   
  (3 3  6)  (1.72967E-05+c71)/c73  (4.90598E-06+c74)/c76   
  (3 3  7)  (5.48885E-06+c71)/c73  (1.29161E-06+c74)/c76   
  (3 3  8)  (1.61687E-06+c71)/c73  (3.38908E-07+c74)/c76   
  (3 3  9)  (5.01673E-07+c71)/c73  (8.78902E-08+c74)/c76   
  (3 3 10)  (1.42364E-07+c71)/c73  (2.16599E-08+c74)/c76   
  (3 3 11)  (4.01382E-08+c71)/c73  (5.29876E-09+c74)/c76   
  (3 3 12)  (8.69059E-09+c71)/c73  (1.21038E-09+c74)/c76   
  (3 4  1)  (6.28169E-05+c71)/c73  (3.01977E-05+c74)/c76   
  (3 4  2)  (9.93272E-05+c71)/c73  (3.71535E-05+c74)/c76   
  (3 4  3)  (7.52841E-05+c71)/c73  (2.43047E-05+c74)/c76   
  (3 4  4)  (4.18487E-05+c71)/c73  (1.07956E-05+c74)/c76   
  (3 4  5)  (1.77357E-05+c71)/c73  (4.21475E-06+c74)/c76   
  (3 4  6)  (7.00465E-06+c71)/c73  (1.46900E-06+c74)/c76   
  (3 4  7)  (2.54738E-06+c71)/c73  (4.89272E-07+c74)/c76   
  (3 4  8)  (8.26895E-07+c71)/c73  (1.46276E-07+c74)/c76   
  (3 4  9)  (2.63230E-07+c71)/c73  (4.30448E-08+c74)/c76   
  (3 4 10)  (8.10764E-08+c71)/c73  (1.17248E-08+c74)/c76   
  (3 4 11)  (2.34848E-08+c71)/c73  (3.12802E-09+c74)/c76   
  (3 4 12)  (5.51727E-09+c71)/c73  (7.60508E-10+c74)/c76   
  (3 5  1)  (1.63396E-06+c71)/c73  (5.88778E-07+c74)/c76   
  (3 5  2)  (3.32840E-06+c71)/c73  (7.94481E-07+c74)/c76   
  (3 5  3)  (3.43046E-06+c71)/c73  (6.68132E-07+c74)/c76   
  (3 5  4)  (2.25695E-06+c71)/c73  (4.43080E-07+c74)/c76   
  (3 5  5)  (1.19785E-06+c71)/c73  (2.15532E-07+c74)/c76   
  (3 5  6)  (6.27917E-07+c71)/c73  (9.59014E-08+c74)/c76   
  (3 5  7)  (2.72800E-07+c71)/c73  (3.93258E-08+c74)/c76   
  (3 5  8)  (1.03025E-07+c71)/c73  (1.45237E-08+c74)/c76   
  (3 5  9)  (4.20979E-08+c71)/c73  (4.95141E-09+c74)/c76   
  (3 5 10)  (1.41961E-08+c71)/c73  (1.72630E-09+c74)/c76   
  (3 5 11)  (4.57329E-09+c71)/c73  (5.67238E-10+c74)/c76   
  (3 5 12)  (1.14403E-09+c71)/c73  (1.57639E-10+c74)/c76   
  (4 1  1)  (8.03302E-07+c71)/c73  (2.06240E-07+c74)/c76   
  (4 1  2)  (1.51328E-06+c71)/c73  (2.87553E-07+c74)/c76   
  (4 1  3)  (1.40439E-06+c71)/c73  (2.55322E-07+c74)/c76   
  (4 1  4)  (1.03644E-06+c71)/c73  (1.78537E-07+c74)/c76   
  (4 1  5)  (6.16980E-07+c71)/c73  (1.02509E-07+c74)/c76   
  (4 1  6)  (3.47721E-07+c71)/c73  (5.14453E-08+c74)/c76   
  (4 1  7)  (1.51520E-07+c71)/c73  (2.22229E-08+c74)/c76   
  (4 1  8)  (5.71918E-08+c71)/c73  (8.49513E-09+c74)/c76   
  (4 1  9)  (2.26136E-08+c71)/c73  (2.94883E-09+c74)/c76   
  (4 1 10)  (7.27083E-09+c71)/c73  (1.04181E-09+c74)/c76   
  (4 1 11)  (2.41714E-09+c71)/c73  (3.63821E-10+c74)/c76   
  (4 1 12)  (5.96073E-10+c71)/c73  (1.11280E-10+c74)/c76   
  (4 2  1)  (1.65677E-05+c71)/c73  (5.98954E-06+c74)/c76   
  (4 2  2)  (2.82932E-05+c71)/c73  (7.98770E-06+c74)/c76   
  (4 2  3)  (2.28780E-05+c71)/c73  (6.25373E-06+c74)/c76   
  (4 2  4)  (1.44840E-05+c71)/c73  (3.31874E-06+c74)/c76   
  (4 2  5)  (6.96215E-06+c71)/c73  (1.40951E-06+c74)/c76   
  (4 2  6)  (2.81098E-06+c71)/c73  (5.43188E-07+c74)/c76   
  (4 2  7)  (1.12611E-06+c71)/c73  (2.00027E-07+c74)/c76   
  (4 2  8)  (3.71951E-07+c71)/c73  (6.45999E-08+c74)/c76   
  (4 2  9)  (1.29923E-07+c71)/c73  (2.00976E-08+c74)/c76   
  (4 2 10)  (4.31310E-08+c71)/c73  (6.40680E-09+c74)/c76   
  (4 2 11)  (1.40858E-08+c71)/c73  (1.84829E-09+c74)/c76   
  (4 2 12)  (3.14927E-09+c71)/c73  (4.78471E-10+c74)/c76   
  (4 3  1)  (6.13060E-05+c71)/c73  (3.11180E-05+c74)/c76   
  (4 3  2)  (1.02700E-04+c71)/c73  (3.86836E-05+c74)/c76   
  (4 3  3)  (7.50895E-05+c71)/c73  (2.52916E-05+c74)/c76   
  (4 3  4)  (3.88291E-05+c71)/c73  (1.16180E-05+c74)/c76   
  (4 3  5)  (1.71826E-05+c71)/c73  (4.30337E-06+c74)/c76   
  (4 3  6)  (6.74488E-06+c71)/c73  (1.50108E-06+c74)/c76   
  (4 3  7)  (2.50836E-06+c71)/c73  (4.75948E-07+c74)/c76   
  (4 3  8)  (7.86955E-07+c71)/c73  (1.40567E-07+c74)/c76   
  (4 3  9)  (2.45564E-07+c71)/c73  (4.02472E-08+c74)/c76   
  (4 3 10)  (7.72939E-08+c71)/c73  (1.11313E-08+c74)/c76   
  (4 3 11)  (2.14740E-08+c71)/c73  (2.95869E-09+c74)/c76   
  (4 3 12)  (4.86309E-09+c71)/c73  (7.32838E-10+c74)/c76   
  (4 4  1)  (1.73395E-05+c71)/c73  (6.01706E-06+c74)/c76   
  (4 4  2)  (2.93025E-05+c71)/c73  (7.32435E-06+c74)/c76   
  (4 4  3)  (2.39350E-05+c71)/c73  (5.85517E-06+c74)/c76   
  (4 4  4)  (1.50596E-05+c71)/c73  (3.31685E-06+c74)/c76   
  (4 4  5)  (7.23242E-06+c71)/c73  (1.50300E-06+c74)/c76   
  (4 4  6)  (3.00022E-06+c71)/c73  (5.59793E-07+c74)/c76   
  (4 4  7)  (1.15690E-06+c71)/c73  (1.94588E-07+c74)/c76   
  (4 4  8)  (4.11199E-07+c71)/c73  (6.80021E-08+c74)/c76   
  (4 4  9)  (1.38984E-07+c71)/c73  (2.07684E-08+c74)/c76   
  (4 4 10)  (4.41050E-08+c71)/c73  (6.38695E-09+c74)/c76   
  (4 4 11)  (1.42904E-08+c71)/c73  (1.84802E-09+c74)/c76   
  (4 4 12)  (3.48336E-09+c71)/c73  (4.76047E-10+c74)/c76   
  (4 5  1)  (7.62969E-07+c71)/c73  (2.12263E-07+c74)/c76   
  (4 5  2)  (1.62133E-06+c71)/c73  (3.18571E-07+c74)/c76   
  (4 5  3)  (1.65205E-06+c71)/c73  (2.79500E-07+c74)/c76   
  (4 5  4)  (1.08781E-06+c71)/c73  (1.87976E-07+c74)/c76   
  (4 5  5)  (6.01724E-07+c71)/c73  (1.05093E-07+c74)/c76   
  (4 5  6)  (2.94074E-07+c71)/c73  (5.11918E-08+c74)/c76   
  (4 5  7)  (1.47714E-07+c71)/c73  (2.18463E-08+c74)/c76   
  (4 5  8)  (5.93432E-08+c71)/c73  (8.38568E-09+c74)/c76   
  (4 5  9)  (2.22111E-08+c71)/c73  (3.04479E-09+c74)/c76   
  (4 5 10)  (7.37777E-09+c71)/c73  (1.06496E-09+c74)/c76   
  (4 5 11)  (2.70044E-09+c71)/c73  (3.47068E-10+c74)/c76   
  (4 5 12)  (7.63486E-10+c71)/c73  (1.01215E-10+c74)/c76   
  (5 1  1)  (6.11470E-08+c71)/c73  (2.49327E-08+c74)/c76   
  (5 1  2)  (1.03293E-07+c71)/c73  (3.26697E-08+c74)/c76   
  (5 1  3)  (1.06958E-07+c71)/c73  (3.18219E-08+c74)/c76   
  (5 1  4)  (8.81231E-08+c71)/c73  (2.24322E-08+c74)/c76   
  (5 1  5)  (5.55928E-08+c71)/c73  (1.51362E-08+c74)/c76   
  (5 1  6)  (3.18368E-08+c71)/c73  (9.62555E-09+c74)/c76   
  (5 1  7)  (1.76764E-08+c71)/c73  (5.27038E-09+c74)/c76   
  (5 1  8)  (8.65317E-09+c71)/c73  (2.67186E-09+c74)/c76   
  (5 1  9)  (3.88161E-09+c71)/c73  (1.31997E-09+c74)/c76   
  (5 1 10)  (1.83438E-09+c71)/c73  (7.25393E-10+c74)/c76   
  (5 1 11)  (8.20454E-10+c71)/c73  (4.08804E-10+c74)/c76   
  (5 1 12)  (4.20737E-10+c71)/c73  (2.33683E-10+c74)/c76   
  (5 2  1)  (7.57548E-07+c71)/c73  (1.99466E-07+c74)/c76   
  (5 2  2)  (1.54092E-06+c71)/c73  (3.04025E-07+c74)/c76   
  (5 2  3)  (1.60833E-06+c71)/c73  (2.83358E-07+c74)/c76   
  (5 2  4)  (1.14216E-06+c71)/c73  (1.97718E-07+c74)/c76   
  (5 2  5)  (6.57788E-07+c71)/c73  (1.08614E-07+c74)/c76   
  (5 2  6)  (3.01822E-07+c71)/c73  (5.27833E-08+c74)/c76   
  (5 2  7)  (1.32308E-07+c71)/c73  (2.32832E-08+c74)/c76   
  (5 2  8)  (5.47435E-08+c71)/c73  (8.79510E-09+c74)/c76   
  (5 2  9)  (2.11280E-08+c71)/c73  (3.33198E-09+c74)/c76   
  (5 2 10)  (7.35624E-09+c71)/c73  (1.15260E-09+c74)/c76   
  (5 2 11)  (2.47873E-09+c71)/c73  (3.74048E-10+c74)/c76   
  (5 2 12)  (6.35088E-10+c71)/c73  (1.12508E-10+c74)/c76   
  (5 3  1)  (1.75772E-06+c71)/c73  (5.36700E-07+c74)/c76   
  (5 3  2)  (3.73110E-06+c71)/c73  (7.85886E-07+c74)/c76   
  (5 3  3)  (3.48697E-06+c71)/c73  (6.62301E-07+c74)/c76   
  (5 3  4)  (2.38393E-06+c71)/c73  (4.52280E-07+c74)/c76   
  (5 3  5)  (1.30085E-06+c71)/c73  (2.24810E-07+c74)/c76   
  (5 3  6)  (6.31807E-07+c71)/c73  (1.05030E-07+c74)/c76   
  (5 3  7)  (2.84482E-07+c71)/c73  (4.59744E-08+c74)/c76   
  (5 3  8)  (1.09310E-07+c71)/c73  (1.75726E-08+c74)/c76   
  (5 3  9)  (4.01129E-08+c71)/c73  (6.01578E-09+c74)/c76   
  (5 3 10)  (1.37065E-08+c71)/c73  (1.94851E-09+c74)/c76   
  (5 3 11)  (4.43083E-09+c71)/c73  (5.74158E-10+c74)/c76   
  (5 3 12)  (1.17964E-09+c71)/c73  (1.64025E-10+c74)/c76   
  (5 4  1)  (8.21426E-07+c71)/c73  (2.16641E-07+c74)/c76   
  (5 4  2)  (1.47779E-06+c71)/c73  (3.43769E-07+c74)/c76   
  (5 4  3)  (1.31236E-06+c71)/c73  (2.84348E-07+c74)/c76   
  (5 4  4)  (1.08428E-06+c71)/c73  (1.99233E-07+c74)/c76   
  (5 4  5)  (6.77806E-07+c71)/c73  (1.16716E-07+c74)/c76   
  (5 4  6)  (3.29157E-07+c71)/c73  (5.73520E-08+c74)/c76   
  (5 4  7)  (1.46019E-07+c71)/c73  (2.44901E-08+c74)/c76   
  (5 4  8)  (5.82589E-08+c71)/c73  (9.38734E-09+c74)/c76   
  (5 4  9)  (2.22550E-08+c71)/c73  (3.18241E-09+c74)/c76   
  (5 4 10)  (7.79383E-09+c71)/c73  (1.06988E-09+c74)/c76   
  (5 4 11)  (2.77708E-09+c71)/c73  (3.76003E-10+c74)/c76   
  (5 4 12)  (7.14022E-10+c71)/c73  (1.20531E-10+c74)/c76   
  (5 5  1)  (6.04256E-08+c71)/c73  (2.28606E-08+c74)/c76   
  (5 5  2)  (1.04360E-07+c71)/c73  (3.64129E-08+c74)/c76   
  (5 5  3)  (1.07098E-07+c71)/c73  (3.37198E-08+c74)/c76   
  (5 5  4)  (8.49921E-08+c71)/c73  (2.65541E-08+c74)/c76   
  (5 5  5)  (5.22738E-08+c71)/c73  (1.87639E-08+c74)/c76   
  (5 5  6)  (3.01940E-08+c71)/c73  (1.10053E-08+c74)/c76   
  (5 5  7)  (1.71248E-08+c71)/c73  (5.94993E-09+c74)/c76   
  (5 5  8)  (8.33837E-09+c71)/c73  (2.97111E-09+c74)/c76   
  (5 5  9)  (4.01745E-09+c71)/c73  (1.53093E-09+c74)/c76   
  (5 5 10)  (2.00441E-09+c71)/c73  (7.70878E-10+c74)/c76   
  (5 5 11)  (1.08499E-09+c71)/c73  (4.08711E-10+c74)/c76   
  (5 5 12)  (5.98974E-10+c71)/c73  (2.04898E-10+c74)/c76   
 
# Information for Restart Calculation
# This calculation was newly started
# istdev =  2 # 1:Batch variance, 2:History variance
# resc2  = 4.50000000000000000E+04 # Total source weight or Total source weight / maxcas
# resc3  = 4.50000000000000000E+04 # Total history number or Total batch number
# maxcas =        1500 # History / Batch, only used for istdev=1
# rijklst= 151679756715193.0 # Next initial random number
