
[ Weight Window ]
     mesh =  xyz            # mesh type is xyz scoring mesh
   x-type =    2            # x-mesh is linear given by xmin, xmax and nx
     xmin =  -100.0000      # minimum value of x-mesh points
     xmax =   100.0000      # maximum value of x-mesh points
#    xdel =   40.00000      # mesh width of x-mesh points
       nx =      5          # number of x-mesh points
#    data = ( x(i), i = 1, nx + 1 )
#          -1.00000E+02 -6.00000E+01 -2.00000E+01  2.00000E+01  6.00000E+01
#           1.00000E+02
   y-type =    2            # y-mesh is linear given by ymin, ymax and ny
     ymin =  -100.0000      # minimum value of y-mesh points
     ymax =   100.0000      # maximum value of y-mesh points
#    ydel =   40.00000      # mesh width of y-mesh points
       ny =      5          # number of y-mesh points
#    data = ( y(i), i = 1, ny + 1 )
#          -1.00000E+02 -6.00000E+01 -2.00000E+01  2.00000E+01  6.00000E+01
#           1.00000E+02
   z-type =    2            # z-mesh is linear given by zmin, zmax and nz
     zmin =   0.000000      # minimum value of z-mesh points
     zmax =   180.0000      # maximum value of z-mesh points
#    zdel =   15.00000      # mesh width of z-mesh points
       nz =     12          # number of z-mesh points
#    data = ( z(i), i = 1, nz + 1 )
#           0.00000E+00  1.50000E+01  3.00000E+01  4.50000E+01  6.00000E+01
#           7.50000E+01  9.00000E+01  1.05000E+02  1.20000E+02  1.35000E+02
#           1.50000E+02  1.65000E+02  1.80000E+02
 
set:  c71[0.0]  c72[c71+2.17671E-10]  c73[4.73882E-04]
set:  c74[0.0]  c75[c74+8.17976E-11]  c76[1.02935E-03]

   part = neutron 
    eng =  2
         1.00000E-02   1.00000E+05

   xyz                 ww1                    ww2            
  (1 1  1)  (6.05162E-08+c71)/c73  (8.65425E-09+c74)/c76   
  (1 1  2)  (9.72937E-08+c71)/c73  (2.50416E-08+c74)/c76   
  (1 1  3)  (1.11852E-07+c71)/c73  (2.67303E-08+c74)/c76   
  (1 1  4)  (8.16912E-08+c71)/c73  (2.24104E-08+c74)/c76   
  (1 1  5)  (4.24761E-08+c71)/c73  (2.25236E-08+c74)/c76   
  (1 1  6)  (3.88993E-08+c71)/c73  (1.11200E-08+c74)/c76   
  (1 1  7)  (2.09153E-08+c71)/c73  (6.15711E-09+c74)/c76   
  (1 1  8)  (9.03146E-09+c71)/c73  (2.28642E-09+c74)/c76   
  (1 1  9)  (3.92035E-09+c71)/c73  (1.37149E-09+c74)/c76   
  (1 1 10)  (2.34745E-09+c71)/c73  (9.36309E-10+c74)/c76   
  (1 1 11)  (1.39108E-09+c71)/c73  (6.11176E-10+c74)/c76   
  (1 1 12)  (7.47196E-10+c71)/c73  (3.11457E-10+c74)/c76   
  (1 2  1)  (1.93762E-06+c71)/c73  (1.75805E-07+c74)/c76   
  (1 2  2)  (2.16333E-06+c71)/c73  (2.71245E-07+c74)/c76   
  (1 2  3)  (2.04551E-06+c71)/c73  (4.53565E-07+c74)/c76   
  (1 2  4)  (1.25607E-06+c71)/c73  (2.49947E-07+c74)/c76   
  (1 2  5)  (6.03103E-07+c71)/c73  (1.32239E-07+c74)/c76   
  (1 2  6)  (3.27847E-07+c71)/c73  (5.90532E-08+c74)/c76   
  (1 2  7)  (1.48285E-07+c71)/c73  (2.39304E-08+c74)/c76   
  (1 2  8)  (4.00471E-08+c71)/c73  (8.47242E-09+c74)/c76   
  (1 2  9)  (1.48404E-08+c71)/c73  (3.92743E-09+c74)/c76   
  (1 2 10)  (5.20432E-09+c71)/c73  (1.28974E-09+c74)/c76   
  (1 2 11)  (2.68551E-09+c71)/c73  (4.43025E-10+c74)/c76   
  (1 2 12)  (7.32080E-10+c71)/c73  (1.57663E-10+c74)/c76   
  (1 3  1)  (2.97608E-06+c71)/c73  (5.41988E-07+c74)/c76   
  (1 3  2)  (5.81662E-06+c71)/c73  (1.17222E-06+c74)/c76   
  (1 3  3)  (5.63150E-06+c71)/c73  (8.04854E-07+c74)/c76   
  (1 3  4)  (2.80604E-06+c71)/c73  (5.09437E-07+c74)/c76   
  (1 3  5)  (1.41430E-06+c71)/c73  (2.16514E-07+c74)/c76   
  (1 3  6)  (5.91845E-07+c71)/c73  (9.77878E-08+c74)/c76   
  (1 3  7)  (2.27414E-07+c71)/c73  (5.01594E-08+c74)/c76   
  (1 3  8)  (9.50835E-08+c71)/c73  (1.75587E-08+c74)/c76   
  (1 3  9)  (5.14724E-08+c71)/c73  (5.86116E-09+c74)/c76   
  (1 3 10)  (1.52846E-08+c71)/c73  (1.76659E-09+c74)/c76   
  (1 3 11)  (4.69969E-09+c71)/c73  (6.01797E-10+c74)/c76   
  (1 3 12)  (1.16271E-09+c71)/c73  (2.08659E-10+c74)/c76   
  (1 4  1)  (9.77947E-07+c71)/c73  (1.39632E-07+c74)/c76   
  (1 4  2)  (1.81611E-06+c71)/c73  (2.37068E-07+c74)/c76   
  (1 4  3)  (1.74396E-06+c71)/c73  (2.03029E-07+c74)/c76   
  (1 4  4)  (1.07771E-06+c71)/c73  (1.26978E-07+c74)/c76   
  (1 4  5)  (5.09294E-07+c71)/c73  (8.43538E-08+c74)/c76   
  (1 4  6)  (2.69340E-07+c71)/c73  (3.48598E-08+c74)/c76   
  (1 4  7)  (1.09668E-07+c71)/c73  (1.29060E-08+c74)/c76   
  (1 4  8)  (5.27905E-08+c71)/c73  (5.27105E-09+c74)/c76   
  (1 4  9)  (2.11323E-08+c71)/c73  (2.13643E-09+c74)/c76   
  (1 4 10)  (4.97120E-09+c71)/c73  (9.43394E-10+c74)/c76   
  (1 4 11)  (2.09215E-09+c71)/c73  (2.99945E-10+c74)/c76   
  (1 4 12)  (5.72085E-10+c71)/c73  (8.17976E-11+c74)/c76   
  (1 5  1)  (6.19336E-08+c71)/c73  (1.73694E-08+c74)/c76   
  (1 5  2)  (5.64968E-08+c71)/c73  (2.13007E-08+c74)/c76   
  (1 5  3)  (5.76277E-08+c71)/c73  (1.74640E-08+c74)/c76   
  (1 5  4)  (4.53131E-08+c71)/c73  (1.60420E-08+c74)/c76   
  (1 5  5)  (5.39545E-08+c71)/c73  (1.02204E-08+c74)/c76   
  (1 5  6)  (2.64010E-08+c71)/c73  (6.19414E-09+c74)/c76   
  (1 5  7)  (1.71442E-08+c71)/c73  (3.70484E-09+c74)/c76   
  (1 5  8)  (9.97903E-09+c71)/c73  (1.99584E-09+c74)/c76   
  (1 5  9)  (4.00650E-09+c71)/c73  (8.51974E-10+c74)/c76   
  (1 5 10)  (1.00447E-09+c71)/c73  (4.28308E-10+c74)/c76   
  (1 5 11)  (6.49586E-10+c71)/c73  (2.19303E-10+c74)/c76   
  (1 5 12)  (2.17671E-10+c71)/c73  (1.27145E-10+c74)/c76   
  (2 1  1)  (9.63984E-07+c71)/c73  (1.34922E-07+c74)/c76   
  (2 1  2)  (9.27975E-07+c71)/c73  (2.66367E-07+c74)/c76   
  (2 1  3)  (1.21619E-06+c71)/c73  (2.02211E-07+c74)/c76   
  (2 1  4)  (1.15919E-06+c71)/c73  (1.07313E-07+c74)/c76   
  (2 1  5)  (5.40824E-07+c71)/c73  (9.15893E-08+c74)/c76   
  (2 1  6)  (3.27726E-07+c71)/c73  (4.29783E-08+c74)/c76   
  (2 1  7)  (1.77822E-07+c71)/c73  (4.11309E-08+c74)/c76   
  (2 1  8)  (7.16164E-08+c71)/c73  (1.27230E-08+c74)/c76   
  (2 1  9)  (3.97481E-08+c71)/c73  (4.48857E-09+c74)/c76   
  (2 1 10)  (1.45140E-08+c71)/c73  (1.63873E-09+c74)/c76   
  (2 1 11)  (5.11180E-09+c71)/c73  (4.41040E-10+c74)/c76   
  (2 1 12)  (6.22207E-10+c71)/c73  (1.08663E-10+c74)/c76   
  (2 2  1)  (2.02566E-05+c71)/c73  (3.68099E-06+c74)/c76   
  (2 2  2)  (3.27690E-05+c71)/c73  (9.10436E-06+c74)/c76   
  (2 2  3)  (2.46178E-05+c71)/c73  (6.53856E-06+c74)/c76   
  (2 2  4)  (1.31359E-05+c71)/c73  (4.41566E-06+c74)/c76   
  (2 2  5)  (9.13672E-06+c71)/c73  (1.84023E-06+c74)/c76   
  (2 2  6)  (4.29199E-06+c71)/c73  (6.30569E-07+c74)/c76   
  (2 2  7)  (1.41344E-06+c71)/c73  (2.35399E-07+c74)/c76   
  (2 2  8)  (4.84671E-07+c71)/c73  (7.57612E-08+c74)/c76   
  (2 2  9)  (1.81630E-07+c71)/c73  (2.47884E-08+c74)/c76   
  (2 2 10)  (5.56872E-08+c71)/c73  (6.94326E-09+c74)/c76   
  (2 2 11)  (2.01455E-08+c71)/c73  (2.11017E-09+c74)/c76   
  (2 2 12)  (4.01684E-09+c71)/c73  (5.76232E-10+c74)/c76   
  (2 3  1)  (6.03903E-05+c71)/c73  (2.44950E-05+c74)/c76   
  (2 3  2)  (9.79043E-05+c71)/c73  (3.56401E-05+c74)/c76   
  (2 3  3)  (7.95830E-05+c71)/c73  (2.28788E-05+c74)/c76   
  (2 3  4)  (4.59514E-05+c71)/c73  (1.30979E-05+c74)/c76   
  (2 3  5)  (1.73176E-05+c71)/c73  (4.52247E-06+c74)/c76   
  (2 3  6)  (8.24234E-06+c71)/c73  (1.45486E-06+c74)/c76   
  (2 3  7)  (2.62093E-06+c71)/c73  (5.57277E-07+c74)/c76   
  (2 3  8)  (8.16721E-07+c71)/c73  (1.53591E-07+c74)/c76   
  (2 3  9)  (3.33548E-07+c71)/c73  (4.42990E-08+c74)/c76   
  (2 3 10)  (8.83055E-08+c71)/c73  (1.45086E-08+c74)/c76   
  (2 3 11)  (2.32802E-08+c71)/c73  (4.52229E-09+c74)/c76   
  (2 3 12)  (5.25634E-09+c71)/c73  (9.44692E-10+c74)/c76   
  (2 4  1)  (9.64091E-06+c71)/c73  (2.38126E-06+c74)/c76   
  (2 4  2)  (2.48129E-05+c71)/c73  (4.02822E-06+c74)/c76   
  (2 4  3)  (2.22598E-05+c71)/c73  (3.84273E-06+c74)/c76   
  (2 4  4)  (1.52528E-05+c71)/c73  (3.18749E-06+c74)/c76   
  (2 4  5)  (9.33021E-06+c71)/c73  (1.40967E-06+c74)/c76   
  (2 4  6)  (3.70270E-06+c71)/c73  (6.17737E-07+c74)/c76   
  (2 4  7)  (1.11982E-06+c71)/c73  (1.87790E-07+c74)/c76   
  (2 4  8)  (4.90269E-07+c71)/c73  (5.80228E-08+c74)/c76   
  (2 4  9)  (1.45565E-07+c71)/c73  (2.28514E-08+c74)/c76   
  (2 4 10)  (5.64240E-08+c71)/c73  (1.00456E-08+c74)/c76   
  (2 4 11)  (1.69575E-08+c71)/c73  (3.16969E-09+c74)/c76   
  (2 4 12)  (3.83620E-09+c71)/c73  (8.05678E-10+c74)/c76   
  (2 5  1)  (6.90193E-07+c71)/c73  (1.67620E-07+c74)/c76   
  (2 5  2)  (1.10590E-06+c71)/c73  (1.77292E-07+c74)/c76   
  (2 5  3)  (9.23937E-07+c71)/c73  (1.22108E-07+c74)/c76   
  (2 5  4)  (6.64345E-07+c71)/c73  (1.51846E-07+c74)/c76   
  (2 5  5)  (6.25394E-07+c71)/c73  (1.03348E-07+c74)/c76   
  (2 5  6)  (4.05217E-07+c71)/c73  (6.06838E-08+c74)/c76   
  (2 5  7)  (2.23695E-07+c71)/c73  (2.38835E-08+c74)/c76   
  (2 5  8)  (8.87508E-08+c71)/c73  (1.01702E-08+c74)/c76   
  (2 5  9)  (4.07866E-08+c71)/c73  (5.38622E-09+c74)/c76   
  (2 5 10)  (1.44101E-08+c71)/c73  (1.86572E-09+c74)/c76   
  (2 5 11)  (3.86192E-09+c71)/c73  (6.53318E-10+c74)/c76   
  (2 5 12)  (8.90044E-10+c71)/c73  (1.77646E-10+c74)/c76   
  (3 1  1)  (1.29092E-06+c71)/c73  (5.39306E-07+c74)/c76   
  (3 1  2)  (2.08810E-06+c71)/c73  (5.13741E-07+c74)/c76   
  (3 1  3)  (2.38168E-06+c71)/c73  (4.56537E-07+c74)/c76   
  (3 1  4)  (2.52149E-06+c71)/c73  (3.33022E-07+c74)/c76   
  (3 1  5)  (9.81955E-07+c71)/c73  (2.00578E-07+c74)/c76   
  (3 1  6)  (3.96590E-07+c71)/c73  (1.60668E-07+c74)/c76   
  (3 1  7)  (2.39909E-07+c71)/c73  (8.28451E-08+c74)/c76   
  (3 1  8)  (1.58084E-07+c71)/c73  (2.60323E-08+c74)/c76   
  (3 1  9)  (8.35216E-08+c71)/c73  (9.87865E-09+c74)/c76   
  (3 1 10)  (2.46135E-08+c71)/c73  (3.16798E-09+c74)/c76   
  (3 1 11)  (8.40336E-09+c71)/c73  (9.91095E-10+c74)/c76   
  (3 1 12)  (1.76982E-09+c71)/c73  (1.72287E-10+c74)/c76   
  (3 2  1)  (6.46362E-05+c71)/c73  (3.09060E-05+c74)/c76   
  (3 2  2)  (1.16106E-04+c71)/c73  (4.11767E-05+c74)/c76   
  (3 2  3)  (8.03338E-05+c71)/c73  (2.33444E-05+c74)/c76   
  (3 2  4)  (4.88212E-05+c71)/c73  (9.83066E-06+c74)/c76   
  (3 2  5)  (2.05972E-05+c71)/c73  (4.69699E-06+c74)/c76   
  (3 2  6)  (6.78169E-06+c71)/c73  (1.80865E-06+c74)/c76   
  (3 2  7)  (2.22790E-06+c71)/c73  (5.76494E-07+c74)/c76   
  (3 2  8)  (1.17679E-06+c71)/c73  (2.16369E-07+c74)/c76   
  (3 2  9)  (4.06041E-07+c71)/c73  (6.20190E-08+c74)/c76   
  (3 2 10)  (1.25944E-07+c71)/c73  (1.61540E-08+c74)/c76   
  (3 2 11)  (3.48929E-08+c71)/c73  (4.11904E-09+c74)/c76   
  (3 2 12)  (7.82211E-09+c71)/c73  (9.85000E-10+c74)/c76   
  (3 3  1)  (3.88496E-04+c71)/c73  (1.02935E-03+c74)/c76   
  (3 3  2)  (4.73882E-04+c71)/c73  (6.05065E-04+c74)/c76   
  (3 3  3)  (2.86494E-04+c71)/c73  (2.37418E-04+c74)/c76   
  (3 3  4)  (1.25543E-04+c71)/c73  (8.04510E-05+c74)/c76   
  (3 3  5)  (5.13277E-05+c71)/c73  (2.28670E-05+c74)/c76   
  (3 3  6)  (2.36612E-05+c71)/c73  (6.02491E-06+c74)/c76   
  (3 3  7)  (7.53761E-06+c71)/c73  (1.48682E-06+c74)/c76   
  (3 3  8)  (2.47449E-06+c71)/c73  (3.22348E-07+c74)/c76   
  (3 3  9)  (6.48335E-07+c71)/c73  (7.88898E-08+c74)/c76   
  (3 3 10)  (1.53388E-07+c71)/c73  (2.10330E-08+c74)/c76   
  (3 3 11)  (4.50107E-08+c71)/c73  (5.33425E-09+c74)/c76   
  (3 3 12)  (1.17720E-08+c71)/c73  (1.19148E-09+c74)/c76   
  (3 4  1)  (5.31121E-05+c71)/c73  (2.43287E-05+c74)/c76   
  (3 4  2)  (1.02228E-04+c71)/c73  (3.92879E-05+c74)/c76   
  (3 4  3)  (7.18581E-05+c71)/c73  (2.69718E-05+c74)/c76   
  (3 4  4)  (5.32040E-05+c71)/c73  (1.40200E-05+c74)/c76   
  (3 4  5)  (2.29959E-05+c71)/c73  (6.03805E-06+c74)/c76   
  (3 4  6)  (9.73573E-06+c71)/c73  (2.53644E-06+c74)/c76   
  (3 4  7)  (4.06645E-06+c71)/c73  (6.52743E-07+c74)/c76   
  (3 4  8)  (1.44700E-06+c71)/c73  (1.85248E-07+c74)/c76   
  (3 4  9)  (3.64391E-07+c71)/c73  (4.85364E-08+c74)/c76   
  (3 4 10)  (1.03212E-07+c71)/c73  (1.31450E-08+c74)/c76   
  (3 4 11)  (2.89993E-08+c71)/c73  (3.41375E-09+c74)/c76   
  (3 4 12)  (7.54157E-09+c71)/c73  (1.00994E-09+c74)/c76   
  (3 5  1)  (1.44485E-06+c71)/c73  (5.23432E-07+c74)/c76   
  (3 5  2)  (2.35174E-06+c71)/c73  (9.10809E-07+c74)/c76   
  (3 5  3)  (3.22744E-06+c71)/c73  (7.57912E-07+c74)/c76   
  (3 5  4)  (1.55908E-06+c71)/c73  (4.01256E-07+c74)/c76   
  (3 5  5)  (1.53003E-06+c71)/c73  (2.28571E-07+c74)/c76   
  (3 5  6)  (1.01736E-06+c71)/c73  (9.54531E-08+c74)/c76   
  (3 5  7)  (4.89690E-07+c71)/c73  (4.47425E-08+c74)/c76   
  (3 5  8)  (2.30206E-07+c71)/c73  (2.55566E-08+c74)/c76   
  (3 5  9)  (6.16864E-08+c71)/c73  (9.90282E-09+c74)/c76   
  (3 5 10)  (1.77346E-08+c71)/c73  (3.88244E-09+c74)/c76   
  (3 5 11)  (8.44611E-09+c71)/c73  (1.45848E-09+c74)/c76   
  (3 5 12)  (2.95570E-09+c71)/c73  (4.13473E-10+c74)/c76   
  (4 1  1)  (4.82610E-07+c71)/c73  (3.71996E-07+c74)/c76   
  (4 1  2)  (7.93133E-07+c71)/c73  (5.10515E-07+c74)/c76   
  (4 1  3)  (1.40545E-06+c71)/c73  (3.27833E-07+c74)/c76   
  (4 1  4)  (1.20679E-06+c71)/c73  (2.23908E-07+c74)/c76   
  (4 1  5)  (9.29983E-07+c71)/c73  (1.22028E-07+c74)/c76   
  (4 1  6)  (4.43738E-07+c71)/c73  (6.23050E-08+c74)/c76   
  (4 1  7)  (2.16857E-07+c71)/c73  (2.72832E-08+c74)/c76   
  (4 1  8)  (1.21640E-07+c71)/c73  (1.24264E-08+c74)/c76   
  (4 1  9)  (3.78192E-08+c71)/c73  (5.10090E-09+c74)/c76   
  (4 1 10)  (1.22117E-08+c71)/c73  (1.74569E-09+c74)/c76   
  (4 1 11)  (4.21814E-09+c71)/c73  (5.71041E-10+c74)/c76   
  (4 1 12)  (9.00587E-10+c71)/c73  (1.80087E-10+c74)/c76   
  (4 2  1)  (1.52929E-05+c71)/c73  (7.21741E-06+c74)/c76   
  (4 2  2)  (3.08346E-05+c71)/c73  (6.58845E-06+c74)/c76   
  (4 2  3)  (2.49258E-05+c71)/c73  (6.38572E-06+c74)/c76   
  (4 2  4)  (1.49119E-05+c71)/c73  (3.65172E-06+c74)/c76   
  (4 2  5)  (7.76357E-06+c71)/c73  (1.80455E-06+c74)/c76   
  (4 2  6)  (3.80626E-06+c71)/c73  (6.63128E-07+c74)/c76   
  (4 2  7)  (1.55877E-06+c71)/c73  (2.14116E-07+c74)/c76   
  (4 2  8)  (5.43333E-07+c71)/c73  (7.55618E-08+c74)/c76   
  (4 2  9)  (2.30899E-07+c71)/c73  (2.49833E-08+c74)/c76   
  (4 2 10)  (6.77113E-08+c71)/c73  (7.96549E-09+c74)/c76   
  (4 2 11)  (2.00916E-08+c71)/c73  (2.31233E-09+c74)/c76   
  (4 2 12)  (4.56895E-09+c71)/c73  (6.39312E-10+c74)/c76   
  (4 3  1)  (6.80561E-05+c71)/c73  (2.94009E-05+c74)/c76   
  (4 3  2)  (1.03805E-04+c71)/c73  (3.72975E-05+c74)/c76   
  (4 3  3)  (8.37853E-05+c71)/c73  (2.14208E-05+c74)/c76   
  (4 3  4)  (4.06576E-05+c71)/c73  (1.27075E-05+c74)/c76   
  (4 3  5)  (1.95477E-05+c71)/c73  (5.67507E-06+c74)/c76   
  (4 3  6)  (6.70160E-06+c71)/c73  (1.77092E-06+c74)/c76   
  (4 3  7)  (2.97299E-06+c71)/c73  (6.23519E-07+c74)/c76   
  (4 3  8)  (1.29518E-06+c71)/c73  (1.95493E-07+c74)/c76   
  (4 3  9)  (4.03954E-07+c71)/c73  (5.32903E-08+c74)/c76   
  (4 3 10)  (1.08193E-07+c71)/c73  (1.39332E-08+c74)/c76   
  (4 3 11)  (3.24398E-08+c71)/c73  (4.30252E-09+c74)/c76   
  (4 3 12)  (8.93951E-09+c71)/c73  (9.45493E-10+c74)/c76   
  (4 4  1)  (2.05203E-05+c71)/c73  (6.64798E-06+c74)/c76   
  (4 4  2)  (4.43411E-05+c71)/c73  (1.25391E-05+c74)/c76   
  (4 4  3)  (3.16745E-05+c71)/c73  (6.50743E-06+c74)/c76   
  (4 4  4)  (1.92870E-05+c71)/c73  (4.62703E-06+c74)/c76   
  (4 4  5)  (8.42017E-06+c71)/c73  (2.35817E-06+c74)/c76   
  (4 4  6)  (3.50151E-06+c71)/c73  (8.93483E-07+c74)/c76   
  (4 4  7)  (1.62392E-06+c71)/c73  (3.59755E-07+c74)/c76   
  (4 4  8)  (6.13646E-07+c71)/c73  (1.20200E-07+c74)/c76   
  (4 4  9)  (2.00609E-07+c71)/c73  (3.91441E-08+c74)/c76   
  (4 4 10)  (7.03712E-08+c71)/c73  (1.20338E-08+c74)/c76   
  (4 4 11)  (2.51079E-08+c71)/c73  (3.08944E-09+c74)/c76   
  (4 4 12)  (5.81621E-09+c71)/c73  (8.36152E-10+c74)/c76   
  (4 5  1)  (6.58767E-07+c71)/c73  (1.36188E-07+c74)/c76   
  (4 5  2)  (1.41374E-06+c71)/c73  (3.23919E-07+c74)/c76   
  (4 5  3)  (1.71428E-06+c71)/c73  (3.39973E-07+c74)/c76   
  (4 5  4)  (1.13126E-06+c71)/c73  (1.98348E-07+c74)/c76   
  (4 5  5)  (5.80517E-07+c71)/c73  (1.33158E-07+c74)/c76   
  (4 5  6)  (3.10061E-07+c71)/c73  (1.17818E-07+c74)/c76   
  (4 5  7)  (2.21732E-07+c71)/c73  (4.85221E-08+c74)/c76   
  (4 5  8)  (1.21309E-07+c71)/c73  (1.82155E-08+c74)/c76   
  (4 5  9)  (4.52679E-08+c71)/c73  (6.20459E-09+c74)/c76   
  (4 5 10)  (1.28681E-08+c71)/c73  (2.48980E-09+c74)/c76   
  (4 5 11)  (3.75388E-09+c71)/c73  (7.75633E-10+c74)/c76   
  (4 5 12)  (1.18036E-09+c71)/c73  (2.24184E-10+c74)/c76   
  (5 1  1)  (3.75162E-08+c71)/c73  (2.89556E-08+c74)/c76   
  (5 1  2)  (6.37939E-08+c71)/c73  (3.60677E-08+c74)/c76   
  (5 1  3)  (1.78930E-07+c71)/c73  (4.29253E-08+c74)/c76   
  (5 1  4)  (1.48942E-07+c71)/c73  (3.58186E-08+c74)/c76   
  (5 1  5)  (8.67131E-08+c71)/c73  (2.02415E-08+c74)/c76   
  (5 1  6)  (4.19657E-08+c71)/c73  (9.42593E-09+c74)/c76   
  (5 1  7)  (2.64065E-08+c71)/c73  (5.28203E-09+c74)/c76   
  (5 1  8)  (1.31515E-08+c71)/c73  (3.61307E-09+c74)/c76   
  (5 1  9)  (6.07506E-09+c71)/c73  (1.89959E-09+c74)/c76   
  (5 1 10)  (2.76451E-09+c71)/c73  (8.00996E-10+c74)/c76   
  (5 1 11)  (1.53772E-09+c71)/c73  (4.05386E-10+c74)/c76   
  (5 1 12)  (7.68929E-10+c71)/c73  (1.98813E-10+c74)/c76   
  (5 2  1)  (4.31515E-07+c71)/c73  (2.05537E-07+c74)/c76   
  (5 2  2)  (1.55041E-06+c71)/c73  (2.18547E-07+c74)/c76   
  (5 2  3)  (1.16114E-06+c71)/c73  (2.65360E-07+c74)/c76   
  (5 2  4)  (1.11281E-06+c71)/c73  (1.34130E-07+c74)/c76   
  (5 2  5)  (7.51694E-07+c71)/c73  (6.26416E-08+c74)/c76   
  (5 2  6)  (3.54653E-07+c71)/c73  (4.96060E-08+c74)/c76   
  (5 2  7)  (1.79518E-07+c71)/c73  (2.55593E-08+c74)/c76   
  (5 2  8)  (6.37430E-08+c71)/c73  (1.05796E-08+c74)/c76   
  (5 2  9)  (2.47125E-08+c71)/c73  (3.44905E-09+c74)/c76   
  (5 2 10)  (9.82450E-09+c71)/c73  (1.26763E-09+c74)/c76   
  (5 2 11)  (3.38390E-09+c71)/c73  (3.56284E-10+c74)/c76   
  (5 2 12)  (8.27717E-10+c71)/c73  (9.56582E-11+c74)/c76   
  (5 3  1)  (1.05673E-06+c71)/c73  (2.07819E-07+c74)/c76   
  (5 3  2)  (3.58839E-06+c71)/c73  (1.95568E-07+c74)/c76   
  (5 3  3)  (2.56824E-06+c71)/c73  (1.96334E-07+c74)/c76   
  (5 3  4)  (1.59945E-06+c71)/c73  (1.42396E-07+c74)/c76   
  (5 3  5)  (1.02173E-06+c71)/c73  (1.29068E-07+c74)/c76   
  (5 3  6)  (5.42905E-07+c71)/c73  (9.13247E-08+c74)/c76   
  (5 3  7)  (2.08285E-07+c71)/c73  (5.20484E-08+c74)/c76   
  (5 3  8)  (8.69549E-08+c71)/c73  (2.13751E-08+c74)/c76   
  (5 3  9)  (4.67779E-08+c71)/c73  (7.66831E-09+c74)/c76   
  (5 3 10)  (2.41930E-08+c71)/c73  (2.61973E-09+c74)/c76   
  (5 3 11)  (7.30047E-09+c71)/c73  (8.82078E-10+c74)/c76   
  (5 3 12)  (1.99839E-09+c71)/c73  (2.79216E-10+c74)/c76   
  (5 4  1)  (7.73015E-07+c71)/c73  (9.87534E-08+c74)/c76   
  (5 4  2)  (1.56484E-06+c71)/c73  (1.10296E-07+c74)/c76   
  (5 4  3)  (1.21969E-06+c71)/c73  (1.70152E-07+c74)/c76   
  (5 4  4)  (1.14931E-06+c71)/c73  (1.34123E-07+c74)/c76   
  (5 4  5)  (9.08159E-07+c71)/c73  (1.24013E-07+c74)/c76   
  (5 4  6)  (4.34009E-07+c71)/c73  (5.96890E-08+c74)/c76   
  (5 4  7)  (1.33685E-07+c71)/c73  (2.51355E-08+c74)/c76   
  (5 4  8)  (4.23464E-08+c71)/c73  (1.55748E-08+c74)/c76   
  (5 4  9)  (2.72634E-08+c71)/c73  (7.21982E-09+c74)/c76   
  (5 4 10)  (1.08190E-08+c71)/c73  (2.34461E-09+c74)/c76   
  (5 4 11)  (5.59730E-09+c71)/c73  (7.89013E-10+c74)/c76   
  (5 4 12)  (2.58592E-09+c71)/c73  (2.79120E-10+c74)/c76   
  (5 5  1)  (8.97565E-08+c71)/c73  (2.56619E-08+c74)/c76   
  (5 5  2)  (8.89782E-08+c71)/c73  (4.89900E-08+c74)/c76   
  (5 5  3)  (1.08192E-07+c71)/c73  (5.59330E-08+c74)/c76   
  (5 5  4)  (1.11392E-07+c71)/c73  (4.89373E-08+c74)/c76   
  (5 5  5)  (1.08869E-07+c71)/c73  (2.54430E-08+c74)/c76   
  (5 5  6)  (2.95761E-08+c71)/c73  (1.78835E-08+c74)/c76   
  (5 5  7)  (1.08853E-08+c71)/c73  (9.19879E-09+c74)/c76   
  (5 5  8)  (6.87763E-09+c71)/c73  (4.67044E-09+c74)/c76   
  (5 5  9)  (4.85779E-09+c71)/c73  (2.65523E-09+c74)/c76   
  (5 5 10)  (1.92499E-09+c71)/c73  (1.32833E-09+c74)/c76   
  (5 5 11)  (8.88756E-10+c71)/c73  (7.46264E-10+c74)/c76   
  (5 5 12)  (3.63982E-10+c71)/c73  (5.32086E-10+c74)/c76   
 
# Information for Restart Calculation
# This calculation was newly started
# istdev =  2 # 1:Batch variance, 2:History variance
# resc2  = 1.50000000000000000E+03 # Total source weight or Total source weight / maxcas
# resc3  = 1.50000000000000000E+03 # Total history number or Total batch number
# maxcas =        1500 # History / Batch, only used for istdev=1
# rijklst= 220300017898505.0 # Next initial random number
