[ T-Deposit ]
    title = Energy deposition in xyz mesh
     mesh =  r-z            # mesh type is r-z scoring mesh
       x0 =   0.000000      # center x-position of r-z mesh
       y0 =   0.000000      # center y-position of r-z mesh
   r-type =    1            # r-mesh is given by the below data
       nr =      1          # number of r-mesh points
#    data = ( r(i), i = 1, nr + 1 )
            0.00000E+00  1.00000E+01
   z-type =    2            # z-mesh is linear given by zmin, zmax and nz
     zmin =  -20.00000      # minimum value of z-mesh points
     zmax =   80.00000      # maximum value of z-mesh points
#    zdel =  0.5000000      # mesh width of z-mesh points
       nz =    200          # number of z-mesh points
#    data = ( z(i), i = 1, nz + 1 )
#          -2.00000E+01 -1.95000E+01 -1.90000E+01 -1.85000E+01 -1.80000E+01
#          -1.75000E+01 -1.70000E+01 -1.65000E+01 -1.60000E+01 -1.55000E+01
#          -1.50000E+01 -1.45000E+01 -1.40000E+01 -1.35000E+01 -1.30000E+01
#          -1.25000E+01 -1.20000E+01 -1.15000E+01 -1.10000E+01 -1.05000E+01
#          -1.00000E+01 -9.50000E+00 -9.00000E+00 -8.50000E+00 -8.00000E+00
#          -7.50000E+00 -7.00000E+00 -6.50000E+00 -6.00000E+00 -5.50000E+00
#          -5.00000E+00 -4.50000E+00 -4.00000E+00 -3.50000E+00 -3.00000E+00
#          -2.50000E+00 -2.00000E+00 -1.50000E+00 -1.00000E+00 -5.00000E-01
#           0.00000E+00  5.00000E-01  1.00000E+00  1.50000E+00  2.00000E+00
#           2.50000E+00  3.00000E+00  3.50000E+00  4.00000E+00  4.50000E+00
#           5.00000E+00  5.50000E+00  6.00000E+00  6.50000E+00  7.00000E+00
#           7.50000E+00  8.00000E+00  8.50000E+00  9.00000E+00  9.50000E+00
#           1.00000E+01  1.05000E+01  1.10000E+01  1.15000E+01  1.20000E+01
#           1.25000E+01  1.30000E+01  1.35000E+01  1.40000E+01  1.45000E+01
#           1.50000E+01  1.55000E+01  1.60000E+01  1.65000E+01  1.70000E+01
#           1.75000E+01  1.80000E+01  1.85000E+01  1.90000E+01  1.95000E+01
#           2.00000E+01  2.05000E+01  2.10000E+01  2.15000E+01  2.20000E+01
#           2.25000E+01  2.30000E+01  2.35000E+01  2.40000E+01  2.45000E+01
#           2.50000E+01  2.55000E+01  2.60000E+01  2.65000E+01  2.70000E+01
#           2.75000E+01  2.80000E+01  2.85000E+01  2.90000E+01  2.95000E+01
#           3.00000E+01  3.05000E+01  3.10000E+01  3.15000E+01  3.20000E+01
#           3.25000E+01  3.30000E+01  3.35000E+01  3.40000E+01  3.45000E+01
#           3.50000E+01  3.55000E+01  3.60000E+01  3.65000E+01  3.70000E+01
#           3.75000E+01  3.80000E+01  3.85000E+01  3.90000E+01  3.95000E+01
#           4.00000E+01  4.05000E+01  4.10000E+01  4.15000E+01  4.20000E+01
#           4.25000E+01  4.30000E+01  4.35000E+01  4.40000E+01  4.45000E+01
#           4.50000E+01  4.55000E+01  4.60000E+01  4.65000E+01  4.70000E+01
#           4.75000E+01  4.80000E+01  4.85000E+01  4.90000E+01  4.95000E+01
#           5.00000E+01  5.05000E+01  5.10000E+01  5.15000E+01  5.20000E+01
#           5.25000E+01  5.30000E+01  5.35000E+01  5.40000E+01  5.45000E+01
#           5.50000E+01  5.55000E+01  5.60000E+01  5.65000E+01  5.70000E+01
#           5.75000E+01  5.80000E+01  5.85000E+01  5.90000E+01  5.95000E+01
#           6.00000E+01  6.05000E+01  6.10000E+01  6.15000E+01  6.20000E+01
#           6.25000E+01  6.30000E+01  6.35000E+01  6.40000E+01  6.45000E+01
#           6.50000E+01  6.55000E+01  6.60000E+01  6.65000E+01  6.70000E+01
#           6.75000E+01  6.80000E+01  6.85000E+01  6.90000E+01  6.95000E+01
#           7.00000E+01  7.05000E+01  7.10000E+01  7.15000E+01  7.20000E+01
#           7.25000E+01  7.30000E+01  7.35000E+01  7.40000E+01  7.45000E+01
#           7.50000E+01  7.55000E+01  7.60000E+01  7.65000E+01  7.70000E+01
#           7.75000E+01  7.80000E+01  7.85000E+01  7.90000E+01  7.95000E+01
#           8.00000E+01
     unit =    0            # unit is [Gy/source]
   letmat =    0            # (D=0) mat ID for LET, 0:real mat, <0: electron for H2O
  dedxfnc =    0            # (D=0) user defined multiplier, 0(no), 1, 2
 material =  all            # (D=all) number of specific material
   output =  dose           # total deposit energy
  deposit =    0            # (D=0) 0-> total deposit dist, 1-> each process
     axis =     z           # axis of output
     file = deposit.out     # file name of output for the above axis
     part =  all      
# kf/name :  0        
    gshow =    1            # 0: no 1:bnd, 2:bnd+mat, 3:bnd+reg 4:bnd+lat 5:bmp style
    resol =    1            # (D=1) resolution of gshow or rshow
    width = 0.5000000       # (D=0.5) width of lines for gshow or rshow
   epsout =    1            # (D=0) generate eps file by ANGEL
   mother =  all            # (D=all) number of specific mother
#    used :        main (  %)        temp (  %)       total (  %)
#  memory :         206 (  0)           0 (  0)         206 (  0)

#------------------------------------------------------------------------------
#newpage:
#   no. =  1   ir  =  1
#   r = (   0.0000E+00  -   1.0000E+01  )

x: z [cm]
y: Dose [Gy/source]      
p: xlin ylog afac(0.8) form(0.9)
h: n            x            y(all     ),hh0l n 
#  z-lower      z-upper        all       r.err 
  -2.0000E+01  -1.9500E+01   0.0000E+00  0.0000
  -1.9500E+01  -1.9000E+01   0.0000E+00  0.0000
  -1.9000E+01  -1.8500E+01   0.0000E+00  0.0000
  -1.8500E+01  -1.8000E+01   0.0000E+00  0.0000
  -1.8000E+01  -1.7500E+01   0.0000E+00  0.0000
  -1.7500E+01  -1.7000E+01   0.0000E+00  0.0000
  -1.7000E+01  -1.6500E+01   0.0000E+00  0.0000
  -1.6500E+01  -1.6000E+01   0.0000E+00  0.0000
  -1.6000E+01  -1.5500E+01   0.0000E+00  0.0000
  -1.5500E+01  -1.5000E+01   0.0000E+00  0.0000
  -1.5000E+01  -1.4500E+01   0.0000E+00  0.0000
  -1.4500E+01  -1.4000E+01   0.0000E+00  0.0000
  -1.4000E+01  -1.3500E+01   0.0000E+00  0.0000
  -1.3500E+01  -1.3000E+01   0.0000E+00  0.0000
  -1.3000E+01  -1.2500E+01   0.0000E+00  0.0000
  -1.2500E+01  -1.2000E+01   0.0000E+00  0.0000
  -1.2000E+01  -1.1500E+01   0.0000E+00  0.0000
  -1.1500E+01  -1.1000E+01   0.0000E+00  0.0000
  -1.1000E+01  -1.0500E+01   0.0000E+00  0.0000
  -1.0500E+01  -1.0000E+01   0.0000E+00  0.0000
  -1.0000E+01  -9.5000E+00   0.0000E+00  0.0000
  -9.5000E+00  -9.0000E+00   0.0000E+00  0.0000
  -9.0000E+00  -8.5000E+00   0.0000E+00  0.0000
  -8.5000E+00  -8.0000E+00   0.0000E+00  0.0000
  -8.0000E+00  -7.5000E+00   0.0000E+00  0.0000
  -7.5000E+00  -7.0000E+00   0.0000E+00  0.0000
  -7.0000E+00  -6.5000E+00   0.0000E+00  0.0000
  -6.5000E+00  -6.0000E+00   0.0000E+00  0.0000
  -6.0000E+00  -5.5000E+00   0.0000E+00  0.0000
  -5.5000E+00  -5.0000E+00   0.0000E+00  0.0000
  -5.0000E+00  -4.5000E+00   0.0000E+00  0.0000
  -4.5000E+00  -4.0000E+00   0.0000E+00  0.0000
  -4.0000E+00  -3.5000E+00   0.0000E+00  0.0000
  -3.5000E+00  -3.0000E+00   0.0000E+00  0.0000
  -3.0000E+00  -2.5000E+00   0.0000E+00  0.0000
  -2.5000E+00  -2.0000E+00   0.0000E+00  0.0000
  -2.0000E+00  -1.5000E+00   0.0000E+00  0.0000
  -1.5000E+00  -1.0000E+00   0.0000E+00  0.0000
  -1.0000E+00  -5.0000E-01   0.0000E+00  0.0000
  -5.0000E-01   0.0000E+00   0.0000E+00  0.0000
   0.0000E+00   5.0000E-01   7.2707E-11  0.0005
   5.0000E-01   1.0000E+00   7.3156E-11  0.0008
   1.0000E+00   1.5000E+00   7.3488E-11  0.0010
   1.5000E+00   2.0000E+00   7.3939E-11  0.0012
   2.0000E+00   2.5000E+00   7.4514E-11  0.0013
   2.5000E+00   3.0000E+00   7.5038E-11  0.0015
   3.0000E+00   3.5000E+00   7.5767E-11  0.0016
   3.5000E+00   4.0000E+00   7.6425E-11  0.0018
   4.0000E+00   4.5000E+00   7.7099E-11  0.0019
   4.5000E+00   5.0000E+00   7.8097E-11  0.0020
   5.0000E+00   5.5000E+00   7.9079E-11  0.0022
   5.5000E+00   6.0000E+00   8.0231E-11  0.0023
   6.0000E+00   6.5000E+00   8.1606E-11  0.0024
   6.5000E+00   7.0000E+00   8.3022E-11  0.0025
   7.0000E+00   7.5000E+00   8.4862E-11  0.0027
   7.5000E+00   8.0000E+00   8.6690E-11  0.0028
   8.0000E+00   8.5000E+00   8.9295E-11  0.0030
   8.5000E+00   9.0000E+00   9.2209E-11  0.0031
   9.0000E+00   9.5000E+00   9.6019E-11  0.0033
   9.5000E+00   1.0000E+01   1.0099E-10  0.0035
   1.0000E+01   1.0500E+01   1.0743E-10  0.0037
   1.0500E+01   1.1000E+01   1.1618E-10  0.0039
   1.1000E+01   1.1500E+01   1.2970E-10  0.0043
   1.1500E+01   1.2000E+01   1.5063E-10  0.0046
   1.2000E+01   1.2500E+01   2.0890E-10  0.0052
   1.2500E+01   1.3000E+01   1.5917E-10  0.0053
   1.3000E+01   1.3500E+01   2.0098E-11  0.0149
   1.3500E+01   1.4000E+01   1.8421E-11  0.0154
   1.4000E+01   1.4500E+01   1.6781E-11  0.0156
   1.4500E+01   1.5000E+01   1.5348E-11  0.0154
   1.5000E+01   1.5500E+01   1.4177E-11  0.0154
   1.5500E+01   1.6000E+01   1.3189E-11  0.0153
   1.6000E+01   1.6500E+01   1.2482E-11  0.0150
   1.6500E+01   1.7000E+01   1.1855E-11  0.0147
   1.7000E+01   1.7500E+01   1.1277E-11  0.0147
   1.7500E+01   1.8000E+01   1.0780E-11  0.0149
   1.8000E+01   1.8500E+01   1.0444E-11  0.0151
   1.8500E+01   1.9000E+01   9.9691E-12  0.0153
   1.9000E+01   1.9500E+01   9.7044E-12  0.0158
   1.9500E+01   2.0000E+01   9.2908E-12  0.0160
   2.0000E+01   2.0500E+01   8.8564E-12  0.0162
   2.0500E+01   2.1000E+01   8.5577E-12  0.0167
   2.1000E+01   2.1500E+01   8.1529E-12  0.0169
   2.1500E+01   2.2000E+01   7.8346E-12  0.0173
   2.2000E+01   2.2500E+01   7.5158E-12  0.0176
   2.2500E+01   2.3000E+01   7.2681E-12  0.0179
   2.3000E+01   2.3500E+01   6.9265E-12  0.0180
   2.3500E+01   2.4000E+01   6.6174E-12  0.0184
   2.4000E+01   2.4500E+01   6.3775E-12  0.0189
   2.4500E+01   2.5000E+01   6.1926E-12  0.0196
   2.5000E+01   2.5500E+01   5.8488E-12  0.0200
   2.5500E+01   2.6000E+01   5.5687E-12  0.0203
   2.6000E+01   2.6500E+01   5.2980E-12  0.0207
   2.6500E+01   2.7000E+01   5.1129E-12  0.0211
   2.7000E+01   2.7500E+01   4.8155E-12  0.0214
   2.7500E+01   2.8000E+01   4.6436E-12  0.0221
   2.8000E+01   2.8500E+01   4.3654E-12  0.0227
   2.8500E+01   2.9000E+01   4.1477E-12  0.0230
   2.9000E+01   2.9500E+01   3.9603E-12  0.0240
   2.9500E+01   3.0000E+01   3.7771E-12  0.0248
   3.0000E+01   3.0500E+01   3.5097E-12  0.0250
   3.0500E+01   3.1000E+01   3.3033E-12  0.0256
   3.1000E+01   3.1500E+01   3.1450E-12  0.0262
   3.1500E+01   3.2000E+01   2.9149E-12  0.0269
   3.2000E+01   3.2500E+01   2.8077E-12  0.0274
   3.2500E+01   3.3000E+01   2.5869E-12  0.0282
   3.3000E+01   3.3500E+01   2.4401E-12  0.0293
   3.3500E+01   3.4000E+01   2.2601E-12  0.0303
   3.4000E+01   3.4500E+01   2.0535E-12  0.0307
   3.4500E+01   3.5000E+01   1.9919E-12  0.0314
   3.5000E+01   3.5500E+01   1.8220E-12  0.0318
   3.5500E+01   3.6000E+01   1.7274E-12  0.0329
   3.6000E+01   3.6500E+01   1.5611E-12  0.0334
   3.6500E+01   3.7000E+01   1.4442E-12  0.0345
   3.7000E+01   3.7500E+01   1.3438E-12  0.0341
   3.7500E+01   3.8000E+01   1.2491E-12  0.0345
   3.8000E+01   3.8500E+01   1.2159E-12  0.0353
   3.8500E+01   3.9000E+01   1.1373E-12  0.0362
   3.9000E+01   3.9500E+01   1.0213E-12  0.0368
   3.9500E+01   4.0000E+01   9.8455E-13  0.0386
   4.0000E+01   4.0500E+01   9.0983E-13  0.0401
   4.0500E+01   4.1000E+01   8.2349E-13  0.0366
   4.1000E+01   4.1500E+01   8.0419E-13  0.0382
   4.1500E+01   4.2000E+01   7.4400E-13  0.0376
   4.2000E+01   4.2500E+01   7.1111E-13  0.0401
   4.2500E+01   4.3000E+01   6.2996E-13  0.0399
   4.3000E+01   4.3500E+01   6.1885E-13  0.0400
   4.3500E+01   4.4000E+01   5.8202E-13  0.0423
   4.4000E+01   4.4500E+01   5.4336E-13  0.0442
   4.4500E+01   4.5000E+01   5.0447E-13  0.0447
   4.5000E+01   4.5500E+01   4.8117E-13  0.0434
   4.5500E+01   4.6000E+01   4.9640E-13  0.0453
   4.6000E+01   4.6500E+01   4.3804E-13  0.0469
   4.6500E+01   4.7000E+01   4.3867E-13  0.0469
   4.7000E+01   4.7500E+01   4.2467E-13  0.0470
   4.7500E+01   4.8000E+01   3.8538E-13  0.0469
   4.8000E+01   4.8500E+01   3.7044E-13  0.0496
   4.8500E+01   4.9000E+01   3.6277E-13  0.0495
   4.9000E+01   4.9500E+01   3.4602E-13  0.0522
   4.9500E+01   5.0000E+01   3.1697E-13  0.0546
   5.0000E+01   5.0500E+01   1.2515E-28  0.7120
   5.0500E+01   5.1000E+01   0.0000E+00  0.0000
   5.1000E+01   5.1500E+01   0.0000E+00  0.0000
   5.1500E+01   5.2000E+01   0.0000E+00  0.0000
   5.2000E+01   5.2500E+01   0.0000E+00  0.0000
   5.2500E+01   5.3000E+01   0.0000E+00  0.0000
   5.3000E+01   5.3500E+01   0.0000E+00  0.0000
   5.3500E+01   5.4000E+01   0.0000E+00  0.0000
   5.4000E+01   5.4500E+01   0.0000E+00  0.0000
   5.4500E+01   5.5000E+01   0.0000E+00  0.0000
   5.5000E+01   5.5500E+01   0.0000E+00  0.0000
   5.5500E+01   5.6000E+01   0.0000E+00  0.0000
   5.6000E+01   5.6500E+01   0.0000E+00  0.0000
   5.6500E+01   5.7000E+01   0.0000E+00  0.0000
   5.7000E+01   5.7500E+01   0.0000E+00  0.0000
   5.7500E+01   5.8000E+01   0.0000E+00  0.0000
   5.8000E+01   5.8500E+01   0.0000E+00  0.0000
   5.8500E+01   5.9000E+01   0.0000E+00  0.0000
   5.9000E+01   5.9500E+01   0.0000E+00  0.0000
   5.9500E+01   6.0000E+01   0.0000E+00  0.0000
   6.0000E+01   6.0500E+01   0.0000E+00  0.0000
   6.0500E+01   6.1000E+01   0.0000E+00  0.0000
   6.1000E+01   6.1500E+01   0.0000E+00  0.0000
   6.1500E+01   6.2000E+01   0.0000E+00  0.0000
   6.2000E+01   6.2500E+01   0.0000E+00  0.0000
   6.2500E+01   6.3000E+01   0.0000E+00  0.0000
   6.3000E+01   6.3500E+01   0.0000E+00  0.0000
   6.3500E+01   6.4000E+01   0.0000E+00  0.0000
   6.4000E+01   6.4500E+01   0.0000E+00  0.0000
   6.4500E+01   6.5000E+01   0.0000E+00  0.0000
   6.5000E+01   6.5500E+01   0.0000E+00  0.0000
   6.5500E+01   6.6000E+01   0.0000E+00  0.0000
   6.6000E+01   6.6500E+01   0.0000E+00  0.0000
   6.6500E+01   6.7000E+01   0.0000E+00  0.0000
   6.7000E+01   6.7500E+01   0.0000E+00  0.0000
   6.7500E+01   6.8000E+01   0.0000E+00  0.0000
   6.8000E+01   6.8500E+01   0.0000E+00  0.0000
   6.8500E+01   6.9000E+01   0.0000E+00  0.0000
   6.9000E+01   6.9500E+01   0.0000E+00  0.0000
   6.9500E+01   7.0000E+01   0.0000E+00  0.0000
   7.0000E+01   7.0500E+01   0.0000E+00  0.0000
   7.0500E+01   7.1000E+01   0.0000E+00  0.0000
   7.1000E+01   7.1500E+01   0.0000E+00  0.0000
   7.1500E+01   7.2000E+01   0.0000E+00  0.0000
   7.2000E+01   7.2500E+01   0.0000E+00  0.0000
   7.2500E+01   7.3000E+01   0.0000E+00  0.0000
   7.3000E+01   7.3500E+01   0.0000E+00  0.0000
   7.3500E+01   7.4000E+01   0.0000E+00  0.0000
   7.4000E+01   7.4500E+01   0.0000E+00  0.0000
   7.4500E+01   7.5000E+01   0.0000E+00  0.0000
   7.5000E+01   7.5500E+01   0.0000E+00  0.0000
   7.5500E+01   7.6000E+01   0.0000E+00  0.0000
   7.6000E+01   7.6500E+01   0.0000E+00  0.0000
   7.6500E+01   7.7000E+01   0.0000E+00  0.0000
   7.7000E+01   7.7500E+01   0.0000E+00  0.0000
   7.7500E+01   7.8000E+01   0.0000E+00  0.0000
   7.8000E+01   7.8500E+01   0.0000E+00  0.0000
   7.8500E+01   7.9000E+01   0.0000E+00  0.0000
   7.9000E+01   7.9500E+01   0.0000E+00  0.0000
   7.9500E+01   8.0000E+01   0.0000E+00  0.0000

#   sum over    3.1416E+04   1.4267E-11  0.0010

'no. =  1,  ir =  1'
msuc: {\huge Energy deposition in xyz mesh}
msdr: {\it plotted by \ANGEL \version}
msdl: {\it calculated by \PHITS  3.35}
wt: s(0.7)
\vspace{-3}
  rmin  &=&   0.0000E+00 [cm]
  rmax  &=&   1.0000E+01 [cm]
e:
 
# Information for Restart Calculation
# This calculation was newly started
# istdev =  2 # 1:Batch variance, 2:History variance
# resc2  = 1.57500000000000000E+04 # Total source weight or Total source weight / maxcas
# resc3  = 1.57500000000000000E+04 # Total history number or Total batch number
# maxcas =          50 # History / Batch, only used for istdev=1
# bitrseed = 1100010110011101011000101100010011000110001000100000110101111011 # bit data of rseed
