           _________________________________________________________
          |                                                         |
          |       _/_/_/_/                                          |
          |      _/      _/                  _/_/_/_/_/_/           |
          |     _/      _/  _/      _/   _/      _/      _/_/_/_/_/ |
          |    _/_/_/_/    _/      _/   _/      _/      _/          |
          |   _/          _/_/_/_/_/   _/      _/       _/_/_/_/    |
          |  _/          _/      _/   _/      _/              _/    |
          | _/          _/      _/   _/      _/      _/_/_/_/_/     |
          |                                                         |
          |                                                         |
          |       Particle and Heavy Ion Transport code System      |
          |                      Version =  3.350                   |
          |                       developed by                      |
          |                                                         |
          |  Tatsuhiko SATO, Yosuke IWAMOTO, Shintaro HASHIMOTO,    |
          |    Tatsuhiko OGAWA, Takuya FURUTA, Shinichiro ABE,      |
          |    Takeshi KAI, Norihiro MATSUDA, Yusuke MATSUYA,       |
          |      Yuho HIRATA, Takuya SEKIKAWA, Pi-En TSAI,          |
          |                Hunter RATLIFF (JAEA),                   |
          |                                                         |
          |  Hiroshi IWASE, Yasuhito SAKAKI, Kenta SUGIHARA (KEK),  |
          |                                                         |
          |           Nobuhiro SHIGYO (Kyushu University),          |
          |                                                         |
          |      Lembit SIHVER (Technische Universitat Wien), and   |
          |                                                         |
          |                     Koji NIITA (RIST)                   |
          |                                                         |
          |                 Last Revised  2025-03-28                |
          |_________________________________________________________|

                  ____________ [ Job Title ] ___________ 
                 |                                      |
                 |  input file for lecture about tally  |
                 |______________________________________|

                        Starting Date = 2025-06-06
                        Starting Time = 13h 57m 04

>>> Input Echo >>>=============================================================

[ Title ]
input file for lecture about tally

[ Parameters ]
 icntl    =           0     # (D=0) 3:ECH 5:NOR 6:SRC 7,8:GSH 11:DSH 12:DUMP
 maxcas   =          50     # (D=10) number of particles per one batch
 maxbch   =        1000     # (D=10) number of batches

[ Source ]
  totfact =   1.0000        # (D=1.0) global factor
   s-type =   1             # cylindrical source
     proj =  12C            # kind of incident nucleus          
       e0 =   250.00        # energy of beam [MeV/n]
       r0 =   2.5000        # radius [cm]
       r1 =   0.0000        # minimum radius [cm]
       x0 =   0.0000        # (D=0.0) center position of x-axis [cm]
       y0 =   0.0000        # (D=0.0) center position of y-axis [cm]
       z0 =  -10.000        # minimum position of z-axis [cm]
       z1 =  -10.000        # maximum position of z-axis [cm]
      dir =   1.0000        # z-direction of beam [cosine]

[ Material ]
MAT[ 1 ] 
            H         2.0000000E+00
            O         1.0000000E+00

[ Cell ]
 1           1 -1.0000000E+00  -10 101 -102 
 100         0                 -999 #all
$ #all: #1                                                                              
 101        -1                 999 

[ Surface ]
 10            cz    1.0000000E+01
 101           pz    0.0000000E+00
 102           pz    5.0000000E+01
 999           so    5.0000000E+02

[ Mat Name Color ]
   mat     name     size          color   # HSB color value
     0     void     1.00      lightgray   # { -0.800  1.000  1.000 }
     1    Water     1.00     pastelblue   # {  0.250  0.400  1.000 }

[ T-Track ]
    title = Track Detection in xyz mesh
     mesh =  reg            # mesh type is region-wise
      reg = 1 100
   e-type =    3            # e-mesh is log given by emin, emax and ne
     emin =   1.000000      # minimum value of e-mesh points
     emax =   5000.000      # maximum value of e-mesh points
#    edel =  8.5171932E-02  # mesh width of e-mesh points
       ne =    100          # number of e-mesh points
#    data = ( e(i), i = 1, ne + 1 )
#           1.00000E+00  1.08890E+00  1.18571E+00  1.29113E+00  1.40591E+00
#           1.53091E+00  1.66701E+00  1.81521E+00  1.97659E+00  2.15232E+00
#           2.34367E+00  2.55204E+00  2.77892E+00  3.02598E+00  3.29500E+00
#           3.58794E+00  3.90693E+00  4.25427E+00  4.63249E+00  5.04434E+00
#           5.49280E+00  5.98114E+00  6.51288E+00  7.09191E+00  7.72241E+00
#           8.40896E+00  9.15656E+00  9.97061E+00  1.08570E+01  1.18223E+01
#           1.28733E+01  1.40178E+01  1.52641E+01  1.66211E+01  1.80988E+01
#           1.97079E+01  2.14600E+01  2.33679E+01  2.54454E+01  2.77076E+01
#           3.01709E+01  3.28532E+01  3.57740E+01  3.89545E+01  4.24177E+01
#           4.61888E+01  5.02952E+01  5.47666E+01  5.96356E+01  6.49375E+01
#           7.07107E+01  7.69972E+01  8.38425E+01  9.12965E+01  9.94131E+01
#           1.08251E+02  1.17875E+02  1.28355E+02  1.39766E+02  1.52192E+02
#           1.65723E+02  1.80456E+02  1.96499E+02  2.13969E+02  2.32992E+02
#           2.53706E+02  2.76261E+02  3.00822E+02  3.27567E+02  3.56689E+02
#           3.88400E+02  4.22930E+02  4.60531E+02  5.01474E+02  5.46057E+02
#           5.94604E+02  6.47466E+02  7.05029E+02  7.67709E+02  8.35962E+02
#           9.10282E+02  9.91210E+02  1.07933E+03  1.17529E+03  1.27978E+03
#           1.39356E+03  1.51745E+03  1.65236E+03  1.79926E+03  1.95922E+03
#           2.13340E+03  2.32307E+03  2.52960E+03  2.75450E+03  2.99938E+03
#           3.26604E+03  3.55640E+03  3.87258E+03  4.21687E+03  4.59177E+03
#           5.00000E+03
   t-type =    2            # t-mesh is linear given by tmin, tmax and nt
     tmin =   0.000000      # minimum value of t-mesh points
     tmax =   5.000000      # maximum value of t-mesh points
#    tdel =   5.000000      # mesh width of t-mesh points
       nt =      1          # number of t-mesh points
#    data = ( t(i), i = 1, nt + 1 )
#           0.00000E+00  5.00000E+00
     unit =    1            # unit is [1/cm^2/source]
 material =  all            # (D=all) number of specific material
     axis =     eng            # axis of output
     file = track_eng.out   # file name of output for the above axis
     part =  12C        proton     neutron  
# kf/name :  6000012    2212       2112     
    gshow =    3            # 0: no 1:bnd, 2:bnd+mat, 3:bnd+reg 4:bnd+lat 5:bmp style
    resol =    1            # (D=1) resolution of gshow or rshow
    width = 0.5000000       # (D=0.5) width of lines for gshow or rshow
   epsout =    1            # (D=0) generate eps file by ANGEL
#    used :        main (  %)        temp (  %)       total (  %)
#  memory :         107 (  0)           0 (  0)         107 (  0)

[ T-Deposit ]
    title = Energy deposition in xyz mesh
     mesh =  r-z            # mesh type is r-z scoring mesh
       x0 =   0.000000      # center x-position of r-z mesh
       y0 =   0.000000      # center y-position of r-z mesh
   r-type =    1            # r-mesh is given by the below data
       nr =      1          # number of r-mesh points
#    data = ( r(i), i = 1, nr + 1 )
            0.00000E+00  1.00000E+01
   z-type =    2            # z-mesh is linear given by zmin, zmax and nz
     zmin =  -20.00000      # minimum value of z-mesh points
     zmax =   80.00000      # maximum value of z-mesh points
#    zdel =  0.5000000      # mesh width of z-mesh points
       nz =    200          # number of z-mesh points
#    data = ( z(i), i = 1, nz + 1 )
#          -2.00000E+01 -1.95000E+01 -1.90000E+01 -1.85000E+01 -1.80000E+01
#          -1.75000E+01 -1.70000E+01 -1.65000E+01 -1.60000E+01 -1.55000E+01
#          -1.50000E+01 -1.45000E+01 -1.40000E+01 -1.35000E+01 -1.30000E+01
#          -1.25000E+01 -1.20000E+01 -1.15000E+01 -1.10000E+01 -1.05000E+01
#          -1.00000E+01 -9.50000E+00 -9.00000E+00 -8.50000E+00 -8.00000E+00
#          -7.50000E+00 -7.00000E+00 -6.50000E+00 -6.00000E+00 -5.50000E+00
#          -5.00000E+00 -4.50000E+00 -4.00000E+00 -3.50000E+00 -3.00000E+00
#          -2.50000E+00 -2.00000E+00 -1.50000E+00 -1.00000E+00 -5.00000E-01
#           0.00000E+00  5.00000E-01  1.00000E+00  1.50000E+00  2.00000E+00
#           2.50000E+00  3.00000E+00  3.50000E+00  4.00000E+00  4.50000E+00
#           5.00000E+00  5.50000E+00  6.00000E+00  6.50000E+00  7.00000E+00
#           7.50000E+00  8.00000E+00  8.50000E+00  9.00000E+00  9.50000E+00
#           1.00000E+01  1.05000E+01  1.10000E+01  1.15000E+01  1.20000E+01
#           1.25000E+01  1.30000E+01  1.35000E+01  1.40000E+01  1.45000E+01
#           1.50000E+01  1.55000E+01  1.60000E+01  1.65000E+01  1.70000E+01
#           1.75000E+01  1.80000E+01  1.85000E+01  1.90000E+01  1.95000E+01
#           2.00000E+01  2.05000E+01  2.10000E+01  2.15000E+01  2.20000E+01
#           2.25000E+01  2.30000E+01  2.35000E+01  2.40000E+01  2.45000E+01
#           2.50000E+01  2.55000E+01  2.60000E+01  2.65000E+01  2.70000E+01
#           2.75000E+01  2.80000E+01  2.85000E+01  2.90000E+01  2.95000E+01
#           3.00000E+01  3.05000E+01  3.10000E+01  3.15000E+01  3.20000E+01
#           3.25000E+01  3.30000E+01  3.35000E+01  3.40000E+01  3.45000E+01
#           3.50000E+01  3.55000E+01  3.60000E+01  3.65000E+01  3.70000E+01
#           3.75000E+01  3.80000E+01  3.85000E+01  3.90000E+01  3.95000E+01
#           4.00000E+01  4.05000E+01  4.10000E+01  4.15000E+01  4.20000E+01
#           4.25000E+01  4.30000E+01  4.35000E+01  4.40000E+01  4.45000E+01
#           4.50000E+01  4.55000E+01  4.60000E+01  4.65000E+01  4.70000E+01
#           4.75000E+01  4.80000E+01  4.85000E+01  4.90000E+01  4.95000E+01
#           5.00000E+01  5.05000E+01  5.10000E+01  5.15000E+01  5.20000E+01
#           5.25000E+01  5.30000E+01  5.35000E+01  5.40000E+01  5.45000E+01
#           5.50000E+01  5.55000E+01  5.60000E+01  5.65000E+01  5.70000E+01
#           5.75000E+01  5.80000E+01  5.85000E+01  5.90000E+01  5.95000E+01
#           6.00000E+01  6.05000E+01  6.10000E+01  6.15000E+01  6.20000E+01
#           6.25000E+01  6.30000E+01  6.35000E+01  6.40000E+01  6.45000E+01
#           6.50000E+01  6.55000E+01  6.60000E+01  6.65000E+01  6.70000E+01
#           6.75000E+01  6.80000E+01  6.85000E+01  6.90000E+01  6.95000E+01
#           7.00000E+01  7.05000E+01  7.10000E+01  7.15000E+01  7.20000E+01
#           7.25000E+01  7.30000E+01  7.35000E+01  7.40000E+01  7.45000E+01
#           7.50000E+01  7.55000E+01  7.60000E+01  7.65000E+01  7.70000E+01
#           7.75000E+01  7.80000E+01  7.85000E+01  7.90000E+01  7.95000E+01
#           8.00000E+01
     unit =    0            # unit is [Gy/source]
   letmat =    0            # (D=0) mat ID for LET, 0:real mat, <0: electron for H2O
  dedxfnc =    0            # (D=0) user defined multiplier, 0(no), 1, 2
 material =  all            # (D=all) number of specific material
   output =  dose           # total deposit energy
  deposit =    0            # (D=0) 0-> total deposit dist, 1-> each process
     axis =     z           # axis of output
     file = deposit.out     # file name of output for the above axis
     part =  all      
# kf/name :  0        
    gshow =    1            # 0: no 1:bnd, 2:bnd+mat, 3:bnd+reg 4:bnd+lat 5:bmp style
    resol =    1            # (D=1) resolution of gshow or rshow
    width = 0.5000000       # (D=0.5) width of lines for gshow or rshow
   epsout =    1            # (D=0) generate eps file by ANGEL
   mother =  all            # (D=all) number of specific mother
#    used :        main (  %)        temp (  %)       total (  %)
#  memory :         206 (  0)           0 (  0)         206 (  0)

[END] of Input Echo <<<========================================================

<<< Report of real Geometry memory >>>
*           GG/CG memory =        2
*     total memory: mdas = 80000000
*                percent =     0.00 %

<<< Report of material memory for high energy>>>
*   high energy material =        1
*     total memory: mdas = 80000000
*                percent =     0.00 %

<<< Report of material memory for low energy>>>
*    low energy material =      877
*     total memory: mdas = 80000000
*                percent =     0.00 %

<<< Report of real tally memory >>>
*      real tally memory =      313
*     total memory: mdas = 80000000
*                percent =     0.00 %

<<< Report of temporary tally memory >>>
* temporary tally memory =      882
*     total memory: mdas = 80000000
*                percent =     0.00 %

<<< Report of total memory >>>
*      used total memory =      883
*     total memory: mdas = 80000000
*                percent =     0.00 %
*                ---------------------

-------------------------------------------------------------------------------
bat[       1] ncas =             50.
 bitrseed = 0100001010011000001011101100011110011000110110100110010000000000
          cpu time =   0.301 s.

-------------------------------------------------------------------------------
bat[       2] ncas =            100.
 bitrseed = 0000110001010010110010000111101110111101101110101110101000000001
          cpu time =   0.184 s.

-------------------------------------------------------------------------------
bat[       3] ncas =            150.
 bitrseed = 1010101001001011110110011011100111111000111010101111101001110001
          cpu time =   0.238 s.

-------------------------------------------------------------------------------
bat[       4] ncas =            200.
 bitrseed = 1101100001101100010000100111100100111000001111100101000000110111
          cpu time =   0.281 s.

-------------------------------------------------------------------------------
bat[       5] ncas =            250.
 bitrseed = 0110111111101010001000010010111011101010001101101101010011000001
          cpu time =   0.289 s.

-------------------------------------------------------------------------------
bat[       6] ncas =            300.
 bitrseed = 0000110111001111011111100000101111001011101101111001010011110111
          cpu time =   0.211 s.

-------------------------------------------------------------------------------
bat[       7] ncas =            350.
 bitrseed = 0110011110011011101111101000011101011110111011100011101010101000
          cpu time =   0.355 s.

-------------------------------------------------------------------------------
bat[       8] ncas =            400.
 bitrseed = 1001100101101001011101101000111110011011100001101000001000011110
          cpu time =   0.285 s.

-------------------------------------------------------------------------------
bat[       9] ncas =            450.
 bitrseed = 0111011110010110010001001100111101000000011101000011010001001110
          cpu time =   0.172 s.

-------------------------------------------------------------------------------
bat[      10] ncas =            500.
 bitrseed = 1111101111100011101010111100001100100011111100101101110000011101
          cpu time =   0.227 s.

-------------------------------------------------------------------------------
bat[      11] ncas =            550.
 bitrseed = 0110000011011111010000110000100111011010100111111010000000001000
          cpu time =   0.258 s.

-------------------------------------------------------------------------------
bat[      12] ncas =            600.
 bitrseed = 0011101110010001011110011101100011110111011110111011010110100011
          cpu time =   0.234 s.

-------------------------------------------------------------------------------
bat[      13] ncas =            650.
 bitrseed = 0101010011011111100001111111110101111011111110111001110000110111
          cpu time =   0.480 s.

-------------------------------------------------------------------------------
bat[      14] ncas =            700.
 bitrseed = 0101101000011101001010000011110010000100001100110000000010001101
          cpu time =   0.406 s.

-------------------------------------------------------------------------------
bat[      15] ncas =            750.
 bitrseed = 0111100011011100010111111011110111010100001000010100111000000111
          cpu time =   0.383 s.

-------------------------------------------------------------------------------
bat[      16] ncas =            800.
 bitrseed = 1011101110100110000011101100111110100100000001010000101101010111
          cpu time =   0.289 s.

-------------------------------------------------------------------------------
bat[      17] ncas =            850.
 bitrseed = 1011011111110010011101000011100111001001010010100110011111011100
          cpu time =   0.547 s.

-------------------------------------------------------------------------------
bat[      18] ncas =            900.
 bitrseed = 0100000100101001011110011010110100011110101011101111010111111101
          cpu time =   0.297 s.

-------------------------------------------------------------------------------
bat[      19] ncas =            950.
 bitrseed = 1111010100000000010100111010001101000100010001001110111100111100
          cpu time =   0.273 s.

-------------------------------------------------------------------------------
bat[      20] ncas =           1000.
 bitrseed = 0100001100001010100100110000100101010000010010011111000100011001
          cpu time =   0.473 s.

-------------------------------------------------------------------------------
bat[      21] ncas =           1050.
 bitrseed = 0101000011000111010110101100111000100101101011010111101101011101
          cpu time =   0.512 s.

-------------------------------------------------------------------------------
bat[      22] ncas =           1100.
 bitrseed = 0000101000100010110101110110011001111000101000010010100001101011
          cpu time =   0.445 s.

-------------------------------------------------------------------------------
bat[      23] ncas =           1150.
 bitrseed = 0100100001000010011000000111110111000011000010101000010101010101
          cpu time =   0.504 s.

-------------------------------------------------------------------------------
bat[      24] ncas =           1200.
 bitrseed = 0010001000000111110011111111111100010101000001100001100001011001
          cpu time =   0.426 s.

-------------------------------------------------------------------------------
bat[      25] ncas =           1250.
 bitrseed = 0111110001000100100001011000011111100101110111111101111010001010
          cpu time =   0.309 s.

-------------------------------------------------------------------------------
bat[      26] ncas =           1300.
 bitrseed = 1101111101001110011011011111000000011011101010100001000110111100
          cpu time =   0.367 s.

-------------------------------------------------------------------------------
bat[      27] ncas =           1350.
 bitrseed = 1001101110001011110000001100111110011100001110100001001100000010
          cpu time =   0.367 s.

-------------------------------------------------------------------------------
bat[      28] ncas =           1400.
 bitrseed = 0001101001000010111100011001000001100001110110000101111000101101
          cpu time =   0.355 s.

-------------------------------------------------------------------------------
bat[      29] ncas =           1450.
 bitrseed = 1111100110010110010010110011000110100010100010110001101000100101
          cpu time =   0.359 s.

-------------------------------------------------------------------------------
bat[      30] ncas =           1500.
 bitrseed = 1100100000010011110011110110010110000111001101010011010100001110
          cpu time =   0.375 s.

-------------------------------------------------------------------------------
bat[      31] ncas =           1550.
 bitrseed = 1000101111011001110100000100111110101111111101000011010101010010
          cpu time =   0.492 s.

-------------------------------------------------------------------------------
bat[      32] ncas =           1600.
 bitrseed = 0010100001111011000001101101000001010001101110101011101011111100
          cpu time =   0.543 s.

-------------------------------------------------------------------------------
bat[      33] ncas =           1650.
 bitrseed = 1011001010110101100001110000010001011100000010001100110111010001
          cpu time =   0.508 s.

-------------------------------------------------------------------------------
bat[      34] ncas =           1700.
 bitrseed = 1001111110111011101001010000001111101111100101110100011011001000
          cpu time =   0.398 s.

-------------------------------------------------------------------------------
bat[      35] ncas =           1750.
 bitrseed = 0101101101011110110001000010011111110011011100100010110110010000
          cpu time =   0.359 s.

-------------------------------------------------------------------------------
bat[      36] ncas =           1800.
 bitrseed = 0100110100011101100100000001110101111110000000001011110101110110
          cpu time =   0.410 s.

-------------------------------------------------------------------------------
bat[      37] ncas =           1850.
 bitrseed = 0010110011111110010100010110100111011111110001100011010001001000
          cpu time =   0.371 s.

-------------------------------------------------------------------------------
bat[      38] ncas =           1900.
 bitrseed = 0110011011111100001000010111110100111001100110010101101000101100
          cpu time =   0.395 s.

-------------------------------------------------------------------------------
bat[      39] ncas =           1950.
 bitrseed = 1011011001000111101011010101100101100100010100111100111000101001
          cpu time =   0.500 s.

-------------------------------------------------------------------------------
bat[      40] ncas =           2000.
 bitrseed = 1111111101010010111000111101010101000000101101101001111010010000
          cpu time =   0.555 s.

-------------------------------------------------------------------------------
bat[      41] ncas =           2050.
 bitrseed = 0101100011011011110001100101110111100110110100101110100101001100
          cpu time =   0.277 s.

-------------------------------------------------------------------------------
bat[      42] ncas =           2100.
 bitrseed = 0000110100101100000110011110011000001001101101001111100010101001
          cpu time =   0.363 s.

-------------------------------------------------------------------------------
bat[      43] ncas =           2150.
 bitrseed = 0101010001111010111010101001100001101011111010001011010011000111
          cpu time =   0.340 s.

-------------------------------------------------------------------------------
bat[      44] ncas =           2200.
 bitrseed = 1101001010100101001010111011110010001110110101011100100100101101
          cpu time =   0.301 s.

-------------------------------------------------------------------------------
bat[      45] ncas =           2250.
 bitrseed = 1010011001001100001011100010010111101101100011010000110001000100
          cpu time =   0.500 s.

-------------------------------------------------------------------------------
bat[      46] ncas =           2300.
 bitrseed = 0000100111101011100100110100101001101000011100101011100111010011
          cpu time =   0.348 s.

-------------------------------------------------------------------------------
bat[      47] ncas =           2350.
 bitrseed = 1111000001001010100001100111111010000010101111100001100110110000
          cpu time =   0.336 s.

-------------------------------------------------------------------------------
bat[      48] ncas =           2400.
 bitrseed = 1001001110011011100000111100001110001111101110011111011001101101
          cpu time =   0.418 s.

-------------------------------------------------------------------------------
bat[      49] ncas =           2450.
 bitrseed = 0111100110001011000110010101001101100100001100100010100001110111
          cpu time =   0.246 s.

-------------------------------------------------------------------------------
bat[      50] ncas =           2500.
 bitrseed = 0110011110001001011101010001011011001010110001000001001001010100
          cpu time =   0.238 s.

-------------------------------------------------------------------------------
bat[      51] ncas =           2550.
 bitrseed = 0111100010001001001110110000000011110111100111010011100011001100
          cpu time =   0.363 s.

-------------------------------------------------------------------------------
bat[      52] ncas =           2600.
 bitrseed = 0011101111010011100111110011111010101001010001101010111001001100
          cpu time =   0.434 s.

-------------------------------------------------------------------------------
bat[      53] ncas =           2650.
 bitrseed = 1110010011111101010010111100010001101111001100100110011111100011
          cpu time =   0.523 s.

-------------------------------------------------------------------------------
bat[      54] ncas =           2700.
 bitrseed = 0010001101010101001111111100111001101011000000001110001110111011
          cpu time =   0.367 s.

-------------------------------------------------------------------------------
bat[      55] ncas =           2750.
 bitrseed = 1100000101110101111011111010010001010101000111111110001110001100
          cpu time =   0.391 s.

-------------------------------------------------------------------------------
bat[      56] ncas =           2800.
 bitrseed = 1011000010100000111110101110111111111111101001011111001011011110
          cpu time =   0.340 s.

-------------------------------------------------------------------------------
bat[      57] ncas =           2850.
 bitrseed = 1110110011111010010010110001100011000110111000111011011110101010
          cpu time =   0.539 s.

-------------------------------------------------------------------------------
bat[      58] ncas =           2900.
 bitrseed = 1001111101011110000110001100110010010000110011110000111000100101
          cpu time =   0.371 s.

-------------------------------------------------------------------------------
bat[      59] ncas =           2950.
 bitrseed = 1001011001000101111000010100101010100110110101111101101010110001
          cpu time =   0.293 s.

-------------------------------------------------------------------------------
bat[      60] ncas =           3000.
 bitrseed = 1000001101110101101010000001100000101101111001010101100000101100
          cpu time =   0.359 s.

-------------------------------------------------------------------------------
bat[      61] ncas =           3050.
 bitrseed = 0111101111011110101110001110111000001110000010010001000010100001
          cpu time =   0.484 s.

-------------------------------------------------------------------------------
bat[      62] ncas =           3100.
 bitrseed = 1010001001101111000010001011110000000000001000111011100001110111
          cpu time =   0.387 s.

-------------------------------------------------------------------------------
bat[      63] ncas =           3150.
 bitrseed = 1101011111101001111110010110001011011100000001111100100001110111
          cpu time =   0.402 s.

-------------------------------------------------------------------------------
bat[      64] ncas =           3200.
 bitrseed = 0001101110000001001010011110000111101001100100100101000101011111
          cpu time =   0.367 s.

-------------------------------------------------------------------------------
bat[      65] ncas =           3250.
 bitrseed = 1001001101011001010110101101110010110110101001111111110111100000
          cpu time =   0.645 s.

-------------------------------------------------------------------------------
bat[      66] ncas =           3300.
 bitrseed = 1110100111011001010111000100011101000011101010101001100101001111
          cpu time =   0.504 s.

-------------------------------------------------------------------------------
bat[      67] ncas =           3350.
 bitrseed = 1010100001001100011011011010010000011010110101111000111111010001
          cpu time =   0.469 s.

-------------------------------------------------------------------------------
bat[      68] ncas =           3400.
 bitrseed = 1111000111010010001101010100110111010000011001000011110100111010
          cpu time =   0.387 s.

-------------------------------------------------------------------------------
bat[      69] ncas =           3450.
 bitrseed = 0011000110100010001111110011101000101100100000101010011110011010
          cpu time =   0.320 s.

-------------------------------------------------------------------------------
bat[      70] ncas =           3500.
 bitrseed = 0010000011100010010111010101001101010110100001111000101101001001
          cpu time =   0.402 s.

-------------------------------------------------------------------------------
bat[      71] ncas =           3550.
 bitrseed = 1001111111010011110100000100001001100110111101110011111101110011
          cpu time =   0.586 s.

-------------------------------------------------------------------------------
bat[      72] ncas =           3600.
 bitrseed = 1010011011101011011010101101110011010010101001111101101000100001
          cpu time =   0.332 s.

-------------------------------------------------------------------------------
bat[      73] ncas =           3650.
 bitrseed = 1001100110100111101011001001011101111101011000100000010101100110
          cpu time =   0.508 s.

-------------------------------------------------------------------------------
bat[      74] ncas =           3700.
 bitrseed = 0100110000110000101010101111001100000100010110010101011100000001
          cpu time =   0.344 s.

-------------------------------------------------------------------------------
bat[      75] ncas =           3750.
 bitrseed = 0101111110001111000001010111011010110110001000101100000110001100
          cpu time =   0.379 s.

-------------------------------------------------------------------------------
bat[      76] ncas =           3800.
 bitrseed = 1001111111111000011011100000000011111101111000101000100100110011
          cpu time =   0.359 s.

-------------------------------------------------------------------------------
bat[      77] ncas =           3850.
 bitrseed = 1010111011111100110111111101110111100110010000010010001010010101
          cpu time =   0.281 s.

-------------------------------------------------------------------------------
bat[      78] ncas =           3900.
 bitrseed = 1011001011101110110011001101011100101111101111100100000011010001
          cpu time =   0.297 s.

-------------------------------------------------------------------------------
bat[      79] ncas =           3950.
 bitrseed = 1101011000010001111001010111011110001001011111010000011111111111
          cpu time =   0.344 s.

-------------------------------------------------------------------------------
bat[      80] ncas =           4000.
 bitrseed = 0010010111111010011111010111010100000110010100101100010110011011
          cpu time =   0.293 s.

-------------------------------------------------------------------------------
bat[      81] ncas =           4050.
 bitrseed = 1000101001001101001010000000111010011100000001000110000001000000
          cpu time =   0.395 s.

-------------------------------------------------------------------------------
bat[      82] ncas =           4100.
 bitrseed = 1101100000011001100010010001001010111001001100000000011011101001
          cpu time =   0.426 s.

-------------------------------------------------------------------------------
bat[      83] ncas =           4150.
 bitrseed = 1001011011110000111010000000111010111001110011111100101101111110
          cpu time =   0.277 s.

-------------------------------------------------------------------------------
bat[      84] ncas =           4200.
 bitrseed = 1001001011001110110011110110001101000000111100111010011101100110
          cpu time =   0.512 s.

-------------------------------------------------------------------------------
bat[      85] ncas =           4250.
 bitrseed = 0100011010001101011111010010000000010000111001111000000001010001
          cpu time =   0.438 s.

-------------------------------------------------------------------------------
bat[      86] ncas =           4300.
 bitrseed = 1110010100101000110100000111000010100101101011001110000011001011
          cpu time =   0.516 s.

-------------------------------------------------------------------------------
bat[      87] ncas =           4350.
 bitrseed = 0000100100010101100111101111101110001000011000000010100001100011
          cpu time =   0.523 s.

-------------------------------------------------------------------------------
bat[      88] ncas =           4400.
 bitrseed = 1001111110110100011100010011000001010111110000011101001110000111
          cpu time =   0.406 s.

-------------------------------------------------------------------------------
bat[      89] ncas =           4450.
 bitrseed = 1100111101101100010010011010000101011001100001111101111000000001
          cpu time =   0.332 s.

-------------------------------------------------------------------------------
bat[      90] ncas =           4500.
 bitrseed = 0010010110010010011110010001101110100000010111111111011001011110
          cpu time =   0.512 s.

-------------------------------------------------------------------------------
bat[      91] ncas =           4550.
 bitrseed = 0100010001111111010001100001001110110111100100101011001100111100
          cpu time =   0.387 s.

-------------------------------------------------------------------------------
bat[      92] ncas =           4600.
 bitrseed = 1111101011011011000101111101000110010110100010100100010111011011
          cpu time =   0.430 s.

-------------------------------------------------------------------------------
bat[      93] ncas =           4650.
 bitrseed = 0100110110000110000010101111000001100000010100100101010000100111
          cpu time =   0.430 s.

-------------------------------------------------------------------------------
bat[      94] ncas =           4700.
 bitrseed = 1001111001011010010011100011110001100001100010100011000011110100
          cpu time =   0.332 s.

-------------------------------------------------------------------------------
bat[      95] ncas =           4750.
 bitrseed = 0111111110001110000011101110010110010111110101111101110100111001
          cpu time =   0.367 s.

-------------------------------------------------------------------------------
bat[      96] ncas =           4800.
 bitrseed = 0011110010011110111111110010000100001111110001100010011000001011
          cpu time =   0.305 s.

-------------------------------------------------------------------------------
bat[      97] ncas =           4850.
 bitrseed = 0100010100100011010100111111010110010011101111110111010010000110
          cpu time =   0.348 s.

-------------------------------------------------------------------------------
bat[      98] ncas =           4900.
 bitrseed = 1011000110110101111010000001101000101100011110010000101100011100
          cpu time =   0.516 s.

-------------------------------------------------------------------------------
bat[      99] ncas =           4950.
 bitrseed = 0101111000010111111111101110010000111010010000010001000100011101
          cpu time =   0.266 s.

-------------------------------------------------------------------------------
bat[     100] ncas =           5000.
 bitrseed = 1011110000110001010000010110001011010111100000111010100010010111
          cpu time =   0.332 s.

-------------------------------------------------------------------------------
bat[     101] ncas =           5050.
 bitrseed = 1101111111001101100001000101010101010011110110101000101010011110
          cpu time =   0.273 s.

-------------------------------------------------------------------------------
bat[     102] ncas =           5100.
 bitrseed = 0101010110010000111011100111010101111111100111111010111000100011
          cpu time =   0.359 s.

-------------------------------------------------------------------------------
bat[     103] ncas =           5150.
 bitrseed = 0111111110010111001101111110000100100111010000110011101011001000
          cpu time =   0.301 s.

-------------------------------------------------------------------------------
bat[     104] ncas =           5200.
 bitrseed = 1101100100011111110100011101000100100100101111010101010101011001
          cpu time =   0.395 s.

-------------------------------------------------------------------------------
bat[     105] ncas =           5250.
 bitrseed = 0101010000100000111110011010100001110001100111101011011010001100
          cpu time =   0.367 s.

-------------------------------------------------------------------------------
bat[     106] ncas =           5300.
 bitrseed = 1111110101110011010011101100101011111000111010110100100000000001
          cpu time =   0.301 s.

-------------------------------------------------------------------------------
bat[     107] ncas =           5350.
 bitrseed = 0011111101101100100001011111011001010100100000001110000110110011
          cpu time =   0.355 s.

-------------------------------------------------------------------------------
bat[     108] ncas =           5400.
 bitrseed = 0011111000111101101101001010010000111110110011100100010110001101
          cpu time =   0.422 s.

-------------------------------------------------------------------------------
bat[     109] ncas =           5450.
 bitrseed = 0101000000001111111100000111111001111110100011111110000001011010
          cpu time =   0.465 s.

-------------------------------------------------------------------------------
bat[     110] ncas =           5500.
 bitrseed = 1101000100100100110110010101001011111110011001011110101111000010
          cpu time =   0.359 s.

-------------------------------------------------------------------------------
bat[     111] ncas =           5550.
 bitrseed = 1011110010101001010011000010101011100110100101010000011011000010
          cpu time =   0.418 s.

-------------------------------------------------------------------------------
bat[     112] ncas =           5600.
 bitrseed = 1100001100100101100000010000110111110100011010010000000010001001
          cpu time =   0.418 s.

-------------------------------------------------------------------------------
bat[     113] ncas =           5650.
 bitrseed = 1001101011010001010111111000010010010001010010001111110001000101
          cpu time =   0.418 s.

-------------------------------------------------------------------------------
bat[     114] ncas =           5700.
 bitrseed = 1000000001100101111111111110101000001001010010011110010110000011
          cpu time =   0.438 s.

-------------------------------------------------------------------------------
bat[     115] ncas =           5750.
 bitrseed = 0001111110011011111100010110001010011010101110011000111011010111
          cpu time =   0.387 s.

-------------------------------------------------------------------------------
bat[     116] ncas =           5800.
 bitrseed = 1010011111110110100010010101111000011000011110100101011101010000
          cpu time =   0.523 s.

-------------------------------------------------------------------------------
bat[     117] ncas =           5850.
 bitrseed = 0000100011111101101111001011000111100111110110111001010111001101
          cpu time =   0.398 s.

-------------------------------------------------------------------------------
bat[     118] ncas =           5900.
 bitrseed = 0001110101000010010000010111010111000000111101000010010111100101
          cpu time =   0.316 s.

-------------------------------------------------------------------------------
bat[     119] ncas =           5950.
 bitrseed = 0110111010010111001101000001101011100111110101100011100100101110
          cpu time =   0.480 s.

-------------------------------------------------------------------------------
bat[     120] ncas =           6000.
 bitrseed = 0101001010101110111101010000011101101001110001000110101000010111
          cpu time =   0.469 s.

-------------------------------------------------------------------------------
bat[     121] ncas =           6050.
 bitrseed = 1001000011100101101101101011000010001010100000111001111101111011
          cpu time =   0.457 s.

-------------------------------------------------------------------------------
bat[     122] ncas =           6100.
 bitrseed = 0111011001001001111000101110000001101100101111110000111100011000
          cpu time =   0.367 s.

-------------------------------------------------------------------------------
bat[     123] ncas =           6150.
 bitrseed = 0000100110011000011101010101000000101100100011101010000000111110
          cpu time =   0.434 s.

-------------------------------------------------------------------------------
bat[     124] ncas =           6200.
 bitrseed = 0011011011011000101011101111110001001101111100000001000010001010
          cpu time =   0.488 s.

-------------------------------------------------------------------------------
bat[     125] ncas =           6250.
 bitrseed = 1001000111100011000110101011100101111101000001000001111011100011
          cpu time =   0.340 s.

-------------------------------------------------------------------------------
bat[     126] ncas =           6300.
 bitrseed = 1110111000100000110000000111011010001101110100001001001110011100
          cpu time =   0.430 s.

-------------------------------------------------------------------------------
bat[     127] ncas =           6350.
 bitrseed = 1101001101100100010101111110010010101010100101110100010011000011
          cpu time =   0.438 s.

-------------------------------------------------------------------------------
bat[     128] ncas =           6400.
 bitrseed = 0010001001101100100101101010001000101100111011111110101001011000
          cpu time =   0.414 s.

-------------------------------------------------------------------------------
bat[     129] ncas =           6450.
 bitrseed = 0011100001111001011111010001010001101000011110001101100010110000
          cpu time =   0.324 s.

-------------------------------------------------------------------------------
bat[     130] ncas =           6500.
 bitrseed = 0101101100110111001000111111110001110101001101110110011101111101
          cpu time =   0.461 s.

-------------------------------------------------------------------------------
bat[     131] ncas =           6550.
 bitrseed = 0101001010110010110101101110100010100111111101111101111010011111
          cpu time =   0.473 s.

-------------------------------------------------------------------------------
bat[     132] ncas =           6600.
 bitrseed = 1100111100111011100011110010001010110100001110110111111111101000
          cpu time =   0.277 s.

-------------------------------------------------------------------------------
bat[     133] ncas =           6650.
 bitrseed = 1001000001000001011001111001111010010110001010110101010001010011
          cpu time =   0.477 s.

-------------------------------------------------------------------------------
bat[     134] ncas =           6700.
 bitrseed = 0110101111000100001111001111000111010100111111100011000101101111
          cpu time =   0.551 s.

-------------------------------------------------------------------------------
bat[     135] ncas =           6750.
 bitrseed = 1001111001011111111111110011011010100101000000111011110100100011
          cpu time =   0.340 s.

-------------------------------------------------------------------------------
bat[     136] ncas =           6800.
 bitrseed = 0110110011011011100100010111000000101010101000111100001110101100
          cpu time =   0.344 s.

-------------------------------------------------------------------------------
bat[     137] ncas =           6850.
 bitrseed = 1001000011010100000100011000010011001110110001000000010010001011
          cpu time =   0.355 s.

-------------------------------------------------------------------------------
bat[     138] ncas =           6900.
 bitrseed = 1110011110101111011011100011111101111000011100010000000101111100
          cpu time =   0.367 s.

-------------------------------------------------------------------------------
bat[     139] ncas =           6950.
 bitrseed = 1001101000011110001000000011111001000010000011011011111100010001
          cpu time =   0.379 s.

-------------------------------------------------------------------------------
bat[     140] ncas =           7000.
 bitrseed = 1011110000011011101101110101000101001101001001000100100101001100
          cpu time =   0.465 s.

-------------------------------------------------------------------------------
bat[     141] ncas =           7050.
 bitrseed = 1001011010111010111011011110110001001010000110111001011110011110
          cpu time =   0.414 s.

-------------------------------------------------------------------------------
bat[     142] ncas =           7100.
 bitrseed = 0100001001010011000111000000000110111100100001000010100111000101
          cpu time =   0.262 s.

-------------------------------------------------------------------------------
bat[     143] ncas =           7150.
 bitrseed = 0001111011011010100000000011101111011100100111110101110100110100
          cpu time =   0.473 s.

-------------------------------------------------------------------------------
bat[     144] ncas =           7200.
 bitrseed = 1001011001011001010010101001100101011100001010110111010111001000
          cpu time =   0.410 s.

-------------------------------------------------------------------------------
bat[     145] ncas =           7250.
 bitrseed = 1010110000100001011001100011011010001100010111000100100111000100
          cpu time =   0.371 s.

-------------------------------------------------------------------------------
bat[     146] ncas =           7300.
 bitrseed = 1101110001100001101000101111001111000110000001100111111110000000
          cpu time =   0.383 s.

-------------------------------------------------------------------------------
bat[     147] ncas =           7350.
 bitrseed = 1100000011001010001000011100110100000110101000100000110100000010
          cpu time =   0.441 s.

-------------------------------------------------------------------------------
bat[     148] ncas =           7400.
 bitrseed = 1001001011110110101100101101100100001010000110110110101011101000
          cpu time =   0.262 s.

-------------------------------------------------------------------------------
bat[     149] ncas =           7450.
 bitrseed = 0011101001000111000101011001011111111100001111000101010011010010
          cpu time =   0.184 s.

-------------------------------------------------------------------------------
bat[     150] ncas =           7500.
 bitrseed = 1001011111101100101110111111011010100001001110100100101001001000
          cpu time =   0.285 s.

-------------------------------------------------------------------------------
bat[     151] ncas =           7550.
 bitrseed = 0001110001100100101011010110110011101110000111101110000111011000
          cpu time =   0.266 s.

-------------------------------------------------------------------------------
bat[     152] ncas =           7600.
 bitrseed = 0101000110101000101010111010000001010111001101000101010011010110
          cpu time =   0.297 s.

-------------------------------------------------------------------------------
bat[     153] ncas =           7650.
 bitrseed = 1001001000011011010111101011100000011000101001100001010001010111
          cpu time =   0.348 s.

-------------------------------------------------------------------------------
bat[     154] ncas =           7700.
 bitrseed = 1000000010001001000101001101100100110101000110100110010110001011
          cpu time =   0.438 s.

-------------------------------------------------------------------------------
bat[     155] ncas =           7750.
 bitrseed = 0000111100111011001011001111100010111011110011001000000010001010
          cpu time =   0.289 s.

-------------------------------------------------------------------------------
bat[     156] ncas =           7800.
 bitrseed = 0111011111011010000111110000011000010011000000000100000110010000
          cpu time =   0.395 s.

-------------------------------------------------------------------------------
bat[     157] ncas =           7850.
 bitrseed = 0011011011101011010000100001100101000010010011001111111010011011
          cpu time =   0.277 s.

-------------------------------------------------------------------------------
bat[     158] ncas =           7900.
 bitrseed = 0011010011101100100101100111010111111111110111100000011011111011
          cpu time =   0.566 s.

-------------------------------------------------------------------------------
bat[     159] ncas =           7950.
 bitrseed = 1000111101011000100111100000001011000100110100011110100100111010
          cpu time =   0.242 s.

-------------------------------------------------------------------------------
bat[     160] ncas =           8000.
 bitrseed = 0100000011101100100000100101010010001011111011010111001110010111
          cpu time =   0.277 s.

-------------------------------------------------------------------------------
bat[     161] ncas =           8050.
 bitrseed = 1101001111101111111101001001110111010001010011111101010010001001
          cpu time =   0.395 s.

-------------------------------------------------------------------------------
bat[     162] ncas =           8100.
 bitrseed = 0111111101000011110110100110010001011100110001110010001010011101
          cpu time =   0.336 s.

-------------------------------------------------------------------------------
bat[     163] ncas =           8150.
 bitrseed = 0111111010000111000110111000101010111111010101111111001101000110
          cpu time =   0.414 s.

-------------------------------------------------------------------------------
bat[     164] ncas =           8200.
 bitrseed = 0001111000010111001001111111001011011101110010101110101001110000
          cpu time =   0.488 s.

-------------------------------------------------------------------------------
bat[     165] ncas =           8250.
 bitrseed = 1000111011010110001011001100110110100111110010111010100000111101
          cpu time =   0.395 s.

-------------------------------------------------------------------------------
bat[     166] ncas =           8300.
 bitrseed = 0110101110001100100101111010101111111100001010111001000010001111
          cpu time =   0.352 s.

-------------------------------------------------------------------------------
bat[     167] ncas =           8350.
 bitrseed = 1001101100011101011100110011101110101101011100011111101111110010
          cpu time =   0.332 s.

-------------------------------------------------------------------------------
bat[     168] ncas =           8400.
 bitrseed = 1100001100110011000010011101110100101100110100011001000110001111
          cpu time =   0.246 s.

-------------------------------------------------------------------------------
bat[     169] ncas =           8450.
 bitrseed = 1000011000100101000010111011111001000001110111100001110001100100
          cpu time =   0.262 s.

-------------------------------------------------------------------------------
bat[     170] ncas =           8500.
 bitrseed = 0101100011111101011011000110100100000111011000011101101101010111
          cpu time =   0.387 s.

-------------------------------------------------------------------------------
bat[     171] ncas =           8550.
 bitrseed = 0000010111110111111111011110001000101011110111111101111011110000
          cpu time =   0.215 s.

-------------------------------------------------------------------------------
bat[     172] ncas =           8600.
 bitrseed = 1000111110100101010111111010101011101111111101111001111101010010
          cpu time =   0.383 s.

-------------------------------------------------------------------------------
bat[     173] ncas =           8650.
 bitrseed = 0000010001011110000010001100110101001111001101100011011011010110
          cpu time =   0.340 s.

-------------------------------------------------------------------------------
bat[     174] ncas =           8700.
 bitrseed = 0100101011001110001111000111011010111011100100010111011100000101
          cpu time =   0.316 s.

-------------------------------------------------------------------------------
bat[     175] ncas =           8750.
 bitrseed = 1111000001000110010110101000010111100001100000001111101110111111
          cpu time =   0.383 s.

-------------------------------------------------------------------------------
bat[     176] ncas =           8800.
 bitrseed = 0100111111000011010111000001011001111101000110110010001111011100
          cpu time =   0.355 s.

-------------------------------------------------------------------------------
bat[     177] ncas =           8850.
 bitrseed = 0110001111110100000001101010001000001111101011111111101001001111
          cpu time =   0.426 s.

-------------------------------------------------------------------------------
bat[     178] ncas =           8900.
 bitrseed = 0011111000111001010100101000110110010011110110110100000110100101
          cpu time =   0.582 s.

-------------------------------------------------------------------------------
bat[     179] ncas =           8950.
 bitrseed = 0101111000110100011001111111011000101000100011001000101011101100
          cpu time =   0.352 s.

-------------------------------------------------------------------------------
bat[     180] ncas =           9000.
 bitrseed = 0100010101111100000010101010011110000011000010110011101101110100
          cpu time =   0.348 s.

-------------------------------------------------------------------------------
bat[     181] ncas =           9050.
 bitrseed = 1011100001101001100100111110100001000001010100101110010000011100
          cpu time =   0.367 s.

-------------------------------------------------------------------------------
bat[     182] ncas =           9100.
 bitrseed = 1100110111011100010100011001010010011101010100111101011011100101
          cpu time =   0.426 s.

-------------------------------------------------------------------------------
bat[     183] ncas =           9150.
 bitrseed = 0001001100100110111011101000100001001101011011100101100100101000
          cpu time =   0.371 s.

-------------------------------------------------------------------------------
bat[     184] ncas =           9200.
 bitrseed = 1011111001110110111100101010011101011001110011100111101011001000
          cpu time =   0.316 s.

-------------------------------------------------------------------------------
bat[     185] ncas =           9250.
 bitrseed = 1100011001011011001111100011111010001100000011111011001001110111
          cpu time =   0.320 s.

-------------------------------------------------------------------------------
bat[     186] ncas =           9300.
 bitrseed = 0010111000000001100000011100110000110111110101110111110111110101
          cpu time =   0.402 s.

-------------------------------------------------------------------------------
bat[     187] ncas =           9350.
 bitrseed = 1001011011111000100010101010110101001011000001011011100001111001
          cpu time =   0.379 s.

-------------------------------------------------------------------------------
bat[     188] ncas =           9400.
 bitrseed = 0101011011110011101011101100001101001110110010001001110110101001
          cpu time =   0.266 s.

-------------------------------------------------------------------------------
bat[     189] ncas =           9450.
 bitrseed = 0111000111000101010010111111111010001001110011000011110010111010
          cpu time =   0.391 s.

-------------------------------------------------------------------------------
bat[     190] ncas =           9500.
 bitrseed = 1000110100010100010110100000011110101000001001000011001011011100
          cpu time =   0.398 s.

-------------------------------------------------------------------------------
bat[     191] ncas =           9550.
 bitrseed = 0101011000010001010110101000101111111010011011010111001111110010
          cpu time =   0.457 s.

-------------------------------------------------------------------------------
bat[     192] ncas =           9600.
 bitrseed = 1011000011000110001010101101110011000100110011101000100100101110
          cpu time =   0.340 s.

-------------------------------------------------------------------------------
bat[     193] ncas =           9650.
 bitrseed = 0011111000001010011111010000011100101010010111010011111010100010
          cpu time =   0.211 s.

-------------------------------------------------------------------------------
bat[     194] ncas =           9700.
 bitrseed = 1011101000110101110100101001000011111001110100011000011100100010
          cpu time =   0.449 s.

-------------------------------------------------------------------------------
bat[     195] ncas =           9750.
 bitrseed = 0001001100111111110011011111110011111000101100001110100100101001
          cpu time =   0.359 s.

-------------------------------------------------------------------------------
bat[     196] ncas =           9800.
 bitrseed = 0001101001111111001101101011100010000000011101101101011000000110
          cpu time =   0.355 s.

-------------------------------------------------------------------------------
bat[     197] ncas =           9850.
 bitrseed = 0100111111010110011000101111010101001111100111101100100101111111
          cpu time =   0.242 s.

-------------------------------------------------------------------------------
bat[     198] ncas =           9900.
 bitrseed = 1000010111011000011011011100101011010011111001100101000100100110
          cpu time =   0.359 s.

-------------------------------------------------------------------------------
bat[     199] ncas =           9950.
 bitrseed = 0101010010010111000000110011011000101010010000110110100110110101
          cpu time =   0.465 s.

-------------------------------------------------------------------------------
bat[     200] ncas =          10000.
 bitrseed = 0001111100100011101110000011011100001000000100000001110001100100
          cpu time =   0.328 s.

-------------------------------------------------------------------------------
bat[     201] ncas =          10050.
 bitrseed = 0111011010010100011001101100101001110100011011011011110011011010
          cpu time =   0.375 s.

-------------------------------------------------------------------------------
bat[     202] ncas =          10100.
 bitrseed = 0110110001010100000100101010111010011010101001101011000111101010
          cpu time =   0.305 s.

-------------------------------------------------------------------------------
bat[     203] ncas =          10150.
 bitrseed = 0001101101101010100010101011101010101010111000111001011000101001
          cpu time =   0.465 s.

-------------------------------------------------------------------------------
bat[     204] ncas =          10200.
 bitrseed = 1010010011110010101011011010001000111111100100011100010111000010
          cpu time =   0.430 s.

-------------------------------------------------------------------------------
bat[     205] ncas =          10250.
 bitrseed = 1011001101111100011011110001111111011100010010000011110011000111
          cpu time =   0.246 s.

-------------------------------------------------------------------------------
bat[     206] ncas =          10300.
 bitrseed = 0010111001001011010110000000100010001000110010001010101001110011
          cpu time =   0.359 s.

-------------------------------------------------------------------------------
bat[     207] ncas =          10350.
 bitrseed = 1011000110011001010111000111011100111010010010110011100000001111
          cpu time =   0.316 s.

-------------------------------------------------------------------------------
bat[     208] ncas =          10400.
 bitrseed = 1010111111110111010000011000100110110001011101010000000001010110
          cpu time =   0.340 s.

-------------------------------------------------------------------------------
bat[     209] ncas =          10450.
 bitrseed = 0100101011011010010110001111000000110111011010111001111101110001
          cpu time =   0.387 s.

-------------------------------------------------------------------------------
bat[     210] ncas =          10500.
 bitrseed = 0110001110000101011001111000101001100011111001101000111101110110
          cpu time =   0.445 s.

-------------------------------------------------------------------------------
bat[     211] ncas =          10550.
 bitrseed = 0111010000101110111110111011110011111111011001001000100011110000
          cpu time =   0.277 s.

-------------------------------------------------------------------------------
bat[     212] ncas =          10600.
 bitrseed = 1010011100001000001111001000000100000011001000101001110001001010
          cpu time =   0.402 s.

-------------------------------------------------------------------------------
bat[     213] ncas =          10650.
 bitrseed = 1101000010011011110000100111001101000011011101001011110011001100
          cpu time =   0.316 s.

-------------------------------------------------------------------------------
bat[     214] ncas =          10700.
 bitrseed = 0000101110010111111100010110000111000111011101000110000111000000
          cpu time =   0.371 s.

-------------------------------------------------------------------------------
bat[     215] ncas =          10750.
 bitrseed = 1100000111011000101110111110101110100111000101101110010111011101
          cpu time =   0.371 s.

-------------------------------------------------------------------------------
bat[     216] ncas =          10800.
 bitrseed = 1001101100100011101101101110100001100110010100100101101100101001
          cpu time =   0.309 s.

-------------------------------------------------------------------------------
bat[     217] ncas =          10850.
 bitrseed = 0000101110101110110110111010000000010101010000100011110011110010
          cpu time =   0.188 s.

-------------------------------------------------------------------------------
bat[     218] ncas =          10900.
 bitrseed = 0010000110010010001001010101001000100101100110100010000001111100
          cpu time =   0.406 s.

-------------------------------------------------------------------------------
bat[     219] ncas =          10950.
 bitrseed = 1001110011100010110100000000011100110000011111111011101101011011
          cpu time =   0.305 s.

-------------------------------------------------------------------------------
bat[     220] ncas =          11000.
 bitrseed = 1011111011011101100011001110011011100100010100111110000011011100
          cpu time =   0.465 s.

-------------------------------------------------------------------------------
bat[     221] ncas =          11050.
 bitrseed = 1111011111001110100111110001011011010110011110011101010001000100
          cpu time =   0.254 s.

-------------------------------------------------------------------------------
bat[     222] ncas =          11100.
 bitrseed = 0110110011001110101100000000001101010110111100110000010000001100
          cpu time =   0.422 s.

-------------------------------------------------------------------------------
bat[     223] ncas =          11150.
 bitrseed = 1111011101010110010110111101001101100100101010000111101100110110
          cpu time =   0.430 s.

-------------------------------------------------------------------------------
bat[     224] ncas =          11200.
 bitrseed = 1101100000011000101100010010101001001011100000100111101100000110
          cpu time =   0.320 s.

-------------------------------------------------------------------------------
bat[     225] ncas =          11250.
 bitrseed = 1010011111000101100001000101101110101001000010011100111010001101
          cpu time =   0.312 s.

-------------------------------------------------------------------------------
bat[     226] ncas =          11300.
 bitrseed = 0010101011111010000011111101010110100100111100111100010110110101
          cpu time =   0.414 s.

-------------------------------------------------------------------------------
bat[     227] ncas =          11350.
 bitrseed = 1000110100011000001101011111111110111111111010101101111100011100
          cpu time =   0.227 s.

-------------------------------------------------------------------------------
bat[     228] ncas =          11400.
 bitrseed = 0000010010110101100111001110011011110011011111100110000011010110
          cpu time =   0.352 s.

-------------------------------------------------------------------------------
bat[     229] ncas =          11450.
 bitrseed = 0111000110011111000100000110101001011110101111101110000101111000
          cpu time =   0.266 s.

-------------------------------------------------------------------------------
bat[     230] ncas =          11500.
 bitrseed = 0111100101010101000101000011000001111101100101111011100010010111
          cpu time =   0.445 s.

-------------------------------------------------------------------------------
bat[     231] ncas =          11550.
 bitrseed = 0011111110001101010100100001010011011100010110001000110010110101
          cpu time =   0.414 s.

-------------------------------------------------------------------------------
bat[     232] ncas =          11600.
 bitrseed = 1110101000100010101000001100100000011001110001010000111101110101
          cpu time =   0.340 s.

-------------------------------------------------------------------------------
bat[     233] ncas =          11650.
 bitrseed = 1101000110010110101101011101000011010010110111000001101111011000
          cpu time =   0.512 s.

-------------------------------------------------------------------------------
bat[     234] ncas =          11700.
 bitrseed = 0000011101101000010110010001000010010011001111000001001100011100
          cpu time =   0.297 s.

-------------------------------------------------------------------------------
bat[     235] ncas =          11750.
 bitrseed = 1001001001000111010011001101111010110110011000110011001011001110
          cpu time =   0.320 s.

-------------------------------------------------------------------------------
bat[     236] ncas =          11800.
 bitrseed = 0110101110000100000010000000011000001010010001101001111010100011
          cpu time =   0.352 s.

-------------------------------------------------------------------------------
bat[     237] ncas =          11850.
 bitrseed = 1010100110111100101010110001000010101101110001011100110011101101
          cpu time =   0.387 s.

-------------------------------------------------------------------------------
bat[     238] ncas =          11900.
 bitrseed = 0001000100100000110111110010110001010110101111010101011100101101
          cpu time =   0.418 s.

-------------------------------------------------------------------------------
bat[     239] ncas =          11950.
 bitrseed = 1000000111000100111110100010010001000111011101100100001010001101
          cpu time =   0.305 s.

-------------------------------------------------------------------------------
bat[     240] ncas =          12000.
 bitrseed = 1000000010100111011000101000110011000001110101011011100110000100
          cpu time =   0.395 s.

-------------------------------------------------------------------------------
bat[     241] ncas =          12050.
 bitrseed = 1010100111001111100001110010001010110101110001001010000111110100
          cpu time =   0.395 s.

-------------------------------------------------------------------------------
bat[     242] ncas =          12100.
 bitrseed = 1000101011111111101100010000110000101111000101111011011100111110
          cpu time =   0.258 s.

-------------------------------------------------------------------------------
bat[     243] ncas =          12150.
 bitrseed = 0000100011110000101001110111000101010011011010000100100010100000
          cpu time =   0.348 s.

-------------------------------------------------------------------------------
bat[     244] ncas =          12200.
 bitrseed = 1110101010100011000000010111110110001101000010100110101010110001
          cpu time =   0.367 s.

-------------------------------------------------------------------------------
bat[     245] ncas =          12250.
 bitrseed = 1100100110111111110110110011110100111000111001001111100100000101
          cpu time =   0.285 s.

-------------------------------------------------------------------------------
bat[     246] ncas =          12300.
 bitrseed = 1001110101110100010100000000000100100101111101100111111100001110
          cpu time =   0.273 s.

-------------------------------------------------------------------------------
bat[     247] ncas =          12350.
 bitrseed = 0111101101101110010010110101110001011010101101100111011010011001
          cpu time =   0.523 s.

-------------------------------------------------------------------------------
bat[     248] ncas =          12400.
 bitrseed = 0000001100111001101110001110000110110010010110100001111100110011
          cpu time =   0.418 s.

-------------------------------------------------------------------------------
bat[     249] ncas =          12450.
 bitrseed = 0011001001110110100001101001001111110101000001101010101000010010
          cpu time =   0.570 s.

-------------------------------------------------------------------------------
bat[     250] ncas =          12500.
 bitrseed = 1000011101101111100110000111111000101110011111000110111000101101
          cpu time =   0.371 s.

-------------------------------------------------------------------------------
bat[     251] ncas =          12550.
 bitrseed = 1101100010010100011001000101100110101110111000110001010101001111
          cpu time =   0.383 s.

-------------------------------------------------------------------------------
bat[     252] ncas =          12600.
 bitrseed = 1010000111010010110100001101001101001100100110111010010011101110
          cpu time =   0.270 s.

-------------------------------------------------------------------------------
bat[     253] ncas =          12650.
 bitrseed = 0011101001001101110110110001001100000000001001100101110110001011
          cpu time =   0.383 s.

-------------------------------------------------------------------------------
bat[     254] ncas =          12700.
 bitrseed = 1011001111000011101110011100000110000011001011111111000001101100
          cpu time =   0.352 s.

-------------------------------------------------------------------------------
bat[     255] ncas =          12750.
 bitrseed = 0100100001000001100101101110101011100010110001010000001000100011
          cpu time =   0.449 s.

-------------------------------------------------------------------------------
bat[     256] ncas =          12800.
 bitrseed = 0101100110101111011000000101000100100010111100111010000101100101
          cpu time =   0.301 s.

-------------------------------------------------------------------------------
bat[     257] ncas =          12850.
 bitrseed = 0010010111110000101111001101001010100001011100101010000100010110
          cpu time =   0.484 s.

-------------------------------------------------------------------------------
bat[     258] ncas =          12900.
 bitrseed = 0000101111010101001101101011011111010110001111111100001110111110
          cpu time =   0.387 s.

-------------------------------------------------------------------------------
bat[     259] ncas =          12950.
 bitrseed = 0011011100011110101000111010001000000010010110000011100010001101
          cpu time =   0.246 s.

-------------------------------------------------------------------------------
bat[     260] ncas =          13000.
 bitrseed = 1011100001101111111010001101101110010001101000011010110100001000
          cpu time =   0.316 s.

-------------------------------------------------------------------------------
bat[     261] ncas =          13050.
 bitrseed = 0101101100001100010101000010111000001010111101111101100110110100
          cpu time =   0.270 s.

-------------------------------------------------------------------------------
bat[     262] ncas =          13100.
 bitrseed = 0110101100111111010101101001010111111100101100111010111000111111
          cpu time =   0.332 s.

-------------------------------------------------------------------------------
bat[     263] ncas =          13150.
 bitrseed = 0111110100000010110000111001000001000111011101110010011011110001
          cpu time =   0.469 s.

-------------------------------------------------------------------------------
bat[     264] ncas =          13200.
 bitrseed = 1000000010000111101000100110110111000011111010011001101111001000
          cpu time =   0.316 s.

-------------------------------------------------------------------------------
bat[     265] ncas =          13250.
 bitrseed = 0111100011000000111001100110001111110100101000100010100110110011
          cpu time =   0.238 s.

-------------------------------------------------------------------------------
bat[     266] ncas =          13300.
 bitrseed = 0101111100111001000110111001111010111000001011100001111000001001
          cpu time =   0.480 s.

-------------------------------------------------------------------------------
bat[     267] ncas =          13350.
 bitrseed = 0110101111101011111111100100000110001001000110101110110000010100
          cpu time =   0.359 s.

-------------------------------------------------------------------------------
bat[     268] ncas =          13400.
 bitrseed = 0000010101000101111110110110110100110101101111010011101000001001
          cpu time =   0.324 s.

-------------------------------------------------------------------------------
bat[     269] ncas =          13450.
 bitrseed = 0011000010000111010000000110101111001011111100000111001011101001
          cpu time =   0.574 s.

-------------------------------------------------------------------------------
bat[     270] ncas =          13500.
 bitrseed = 1000101101000110011110100100001010000000001100100010000111101101
          cpu time =   0.527 s.

-------------------------------------------------------------------------------
bat[     271] ncas =          13550.
 bitrseed = 0001000000010010100111010001110100101110010100001110010101001001
          cpu time =   0.430 s.

-------------------------------------------------------------------------------
bat[     272] ncas =          13600.
 bitrseed = 1011101011011111110011100000010001001000000001001010101111111111
          cpu time =   0.324 s.

-------------------------------------------------------------------------------
bat[     273] ncas =          13650.
 bitrseed = 0000100110101001100110101001110110010010010100100001001101110100
          cpu time =   0.234 s.

-------------------------------------------------------------------------------
bat[     274] ncas =          13700.
 bitrseed = 1101011110110101111100011001011111101100000101001011000011100011
          cpu time =   0.562 s.

-------------------------------------------------------------------------------
bat[     275] ncas =          13750.
 bitrseed = 0011011100011100101001000111100111110001000011111110001010101110
          cpu time =   0.285 s.

-------------------------------------------------------------------------------
bat[     276] ncas =          13800.
 bitrseed = 0100010010001100010000100110001111101000111100110000100101100001
          cpu time =   0.391 s.

-------------------------------------------------------------------------------
bat[     277] ncas =          13850.
 bitrseed = 1011111011010101101010100001111110101000001001100001011001010101
          cpu time =   0.309 s.

-------------------------------------------------------------------------------
bat[     278] ncas =          13900.
 bitrseed = 0111001111001011010110001011001110000111011110010101000011110111
          cpu time =   0.297 s.

-------------------------------------------------------------------------------
bat[     279] ncas =          13950.
 bitrseed = 0111111110001010011001011000010100010000100111110100100000100101
          cpu time =   0.410 s.

-------------------------------------------------------------------------------
bat[     280] ncas =          14000.
 bitrseed = 1111110010011110111100100010000110001000010001010000111101100011
          cpu time =   0.426 s.

-------------------------------------------------------------------------------
bat[     281] ncas =          14050.
 bitrseed = 0000000110101010101110100111001011010010111011110110011001110010
          cpu time =   0.363 s.

-------------------------------------------------------------------------------
bat[     282] ncas =          14100.
 bitrseed = 0011100111111010010000010101001110100000101111111100111110001011
          cpu time =   0.152 s.

-------------------------------------------------------------------------------
bat[     283] ncas =          14150.
 bitrseed = 1011111110010110101011010010101100010011100010010110100010011001
          cpu time =   0.379 s.

-------------------------------------------------------------------------------
bat[     284] ncas =          14200.
 bitrseed = 0110000100000110100110100101101101001111011100111101111110000010
          cpu time =   0.305 s.

-------------------------------------------------------------------------------
bat[     285] ncas =          14250.
 bitrseed = 0001001001000000000111001101100101000100001010100100000011011001
          cpu time =   0.465 s.

-------------------------------------------------------------------------------
bat[     286] ncas =          14300.
 bitrseed = 1001001011000001011010100110011101101010111011110011111100111000
          cpu time =   0.309 s.

-------------------------------------------------------------------------------
bat[     287] ncas =          14350.
 bitrseed = 0101110111110101011010000110111101011011011111111101101011011001
          cpu time =   0.562 s.

-------------------------------------------------------------------------------
bat[     288] ncas =          14400.
 bitrseed = 0110000010000011101110101111000101011000000001010100000010100101
          cpu time =   0.395 s.

-------------------------------------------------------------------------------
bat[     289] ncas =          14450.
 bitrseed = 1100011001001001011101101011001010011000101100000100110001010100
          cpu time =   0.414 s.

-------------------------------------------------------------------------------
bat[     290] ncas =          14500.
 bitrseed = 1111101010011100110001100011100011011000001111111100001011001110
          cpu time =   0.402 s.

-------------------------------------------------------------------------------
bat[     291] ncas =          14550.
 bitrseed = 0100100110100101110100011011111011110110111000110011101101011001
          cpu time =   0.480 s.

-------------------------------------------------------------------------------
bat[     292] ncas =          14600.
 bitrseed = 0000111011011110101111010010001111000000110101101110100011100111
          cpu time =   0.199 s.

-------------------------------------------------------------------------------
bat[     293] ncas =          14650.
 bitrseed = 0111111010000110101001100011111001011101100100000000001010101110
          cpu time =   0.262 s.

-------------------------------------------------------------------------------
bat[     294] ncas =          14700.
 bitrseed = 0000011010100011101010011100011100000010111010000111111010110110
          cpu time =   0.227 s.

-------------------------------------------------------------------------------
bat[     295] ncas =          14750.
 bitrseed = 1101101111010111110110001101111011110001010101111000011110110101
          cpu time =   0.352 s.

-------------------------------------------------------------------------------
bat[     296] ncas =          14800.
 bitrseed = 1110011001001100011000001011111001111111010010010110000010111101
          cpu time =   0.297 s.

-------------------------------------------------------------------------------
bat[     297] ncas =          14850.
 bitrseed = 1101000100001101000110100000110001110001010100100001000111001010
          cpu time =   0.320 s.

-------------------------------------------------------------------------------
bat[     298] ncas =          14900.
 bitrseed = 1100111101010000100000111001001101000100111110001011101011010100
          cpu time =   0.383 s.

-------------------------------------------------------------------------------
bat[     299] ncas =          14950.
 bitrseed = 1001010101010010010110001000010111100010001011011101001101000100
          cpu time =   0.344 s.

-------------------------------------------------------------------------------
bat[     300] ncas =          15000.
 bitrseed = 1011110000001010110011000011000011111000010001101001000101001011
          cpu time =   0.543 s.

-------------------------------------------------------------------------------
bat[     301] ncas =          15050.
 bitrseed = 1011100101110110110001110111011000111100110100001101101101110101
          cpu time =   0.367 s.

-------------------------------------------------------------------------------
bat[     302] ncas =          15100.
 bitrseed = 0110110110011001010110100011100011100010100010111111110010000101
          cpu time =   0.539 s.

-------------------------------------------------------------------------------
bat[     303] ncas =          15150.
 bitrseed = 0010000011010011101001110100111001001010001011100000100101001001
          cpu time =   0.254 s.

-------------------------------------------------------------------------------
bat[     304] ncas =          15200.
 bitrseed = 1101110011110011110000010011101001000000110100110110100000010011
          cpu time =   0.547 s.

-------------------------------------------------------------------------------
bat[     305] ncas =          15250.
 bitrseed = 1011010000011001111011000100010101111101001011100011111011001111
          cpu time =   0.336 s.

-------------------------------------------------------------------------------
bat[     306] ncas =          15300.
 bitrseed = 1000011101000010110111010011111111010011101100000111001101111010
          cpu time =   0.453 s.

-------------------------------------------------------------------------------
bat[     307] ncas =          15350.
 bitrseed = 0000011101110011001111011110011111011100001110111000011100011101
          cpu time =   0.438 s.

-------------------------------------------------------------------------------
bat[     308] ncas =          15400.
 bitrseed = 1100101010111001101001101010100110011101011111111001101110001011
          cpu time =   0.344 s.

-------------------------------------------------------------------------------
bat[     309] ncas =          15450.
 bitrseed = 0101010111000010001111100011101011110100000101111010011100100110
          cpu time =   0.262 s.

-------------------------------------------------------------------------------
bat[     310] ncas =          15500.
 bitrseed = 0010110001111100101100111000111101000101101111010111101110101001
          cpu time =   0.406 s.

-------------------------------------------------------------------------------
bat[     311] ncas =          15550.
 bitrseed = 0101011000010110011001100100000101001110110000100000000110110000
          cpu time =   0.320 s.

-------------------------------------------------------------------------------
bat[     312] ncas =          15600.
 bitrseed = 1100110110101111110001111000100010111100101100000101001000111010
          cpu time =   0.285 s.

-------------------------------------------------------------------------------
bat[     313] ncas =          15650.
 bitrseed = 1111010111100000001001001010010010100001100010010010011011110010
          cpu time =   0.496 s.

-------------------------------------------------------------------------------
bat[     314] ncas =          15700.
 bitrseed = 1111101001000001111010001110010100111101110001000111001110100111
          cpu time =   0.387 s.

-------------------------------------------------------------------------------
bat[     315] ncas =          15750.
 bitrseed = 1111011111010110001110111011100101010001000111101001111101010101
          cpu time =   0.477 s.

===============================================================================

 Summary for the end of job

-------------------------------------------------------------------------------
 number of analyz call vs ncol
-------------------------------------------------------------------------------
     ncol          number
        1              1.   : start of calculation            
        2              1.   : end of calculation              
        3            315.   : end of a batch                  
        4          15750.   : source                          
        5              0.   : detection of geometry error/warn
        6              0.   : recovery from geometry warning  
        7              0.   : termination by geometry error   
        8            704.   : termination by weight cut-off   
        9              0.   : termination by time cut-off     
       10          80280.   : geometry boundary crossing      
       11         107070.   : termination by energy cut-off   
       12          64531.   : termination by escape or leakage
       13          12372.   : reaction : (n,x) type           
       14         680860.   : reaction : (n,n'x) type         
       15          18807.   : sequential transport for tally  

-------------------------------------------------------------------------------
 List of transport particles (not including source)
-------------------------------------------------------------------------------
     Name      kf-code        mass       charge   baryon
     proton       2212        938.3         1       1
     neutron      2112        939.6         0       1
     pion+         211        139.6         1       0
     pion0         111        135.0         0       0
     pion-        -211        139.6        -1       0
     muon+         -13        105.7         1       0
     muon-          13        105.7        -1       0
     electron       11          0.5        -1       0
     positron      -11          0.5         1       0
     photon         22          0.0         0       0
     deuteron  1000002       1875.6         1       2
     triton    1000003       2808.9         1       3
     3he       2000003       2808.4         2       3
     alpha     2000004       3727.4         2       4

     nu_e           12          0.0         0       0
     nu_ebar       -12          0.0         0       0
     nu_mu          14          0.0         0       0
     nu_muba       -14          0.0         0       0

-------------------------------------------------------------------------------
 prod. particles       number        weight        weight per source
-------------------------------------------------------------------------------
     neutron           52035.     5.2035000E+04     3.3038095E+00
     proton            51717.     5.1717000E+04     3.2836190E+00
     photon            28196.     2.5942878E+04     1.6471669E+00
     alpha             22538.     2.2538000E+04     1.4309841E+00
     deuteron           8892.     8.8920000E+03     5.6457143E-01
     3he                2837.     2.8370000E+03     1.8012698E-01
     triton             2174.     2.1740000E+03     1.3803175E-01
     other                31.     3.1000000E+01     1.9682540E-03
     pion+                11.     1.1000000E+01     6.9841270E-04
     muon+                 9.     9.0000000E+00     5.7142857E-04
     positron              8.     8.0000000E+00     5.0793651E-04
     pion0                 8.     8.0000000E+00     5.0793651E-04
     pion-                 7.     7.0000000E+00     4.4444444E-04
     muon-                 2.     2.0000000E+00     1.2698413E-04
     electron              2.     2.0000000E+00     1.2698413E-04

-------------------------------------------------------------------------------
 the other kind of produced particles
-------------------------------------------------------------------------------
     Name      kf-code        number     mass       charge   baryon
     nu_mu          14            11       0.0         0       0
     nu_muba       -14            10       0.0         0       0
     nu_e           12             8       0.0         0       0
     nu_ebar       -12             2       0.0         0       0

-------------------------------------------------------------------------------
 particle decays       number        weight        weight per source
-------------------------------------------------------------------------------
     pion+                 9.     9.0000000E+00     5.7142857E-04
     pion0                 8.     8.0000000E+00     5.0793651E-04
     muon+                 8.     8.0000000E+00     5.0793651E-04
     pion-                 2.     2.0000000E+00     1.2698413E-04
     muon-                 2.     2.0000000E+00     1.2698413E-04

-------------------------------------------------------------------------------
 stop. particles.    number        weight        weight per source
-------------------------------------------------------------------------------
     proton            42415.     4.2415000E+04     2.6930159E+00
     nucleus           34766.     3.4766000E+04     2.2073651E+00
     alpha             19796.     1.9796000E+04     1.2568889E+00
     deuteron           6915.     6.9150000E+03     4.3904762E-01
     3he                2388.     2.3880000E+03     1.5161905E-01
     triton             1466.     1.4660000E+03     9.3079365E-02
     photon               14.     1.4000000E+01     8.8888889E-04
     positron              8.     8.0000000E+00     5.0793651E-04
     electron              4.     4.0000000E+00     2.5396825E-04

-------------------------------------------------------------------------------
 leak. particles       number        weight        weight per source
-------------------------------------------------------------------------------
     neutron           34573.     3.2398368E+04     2.0570392E+00
     photon            26935.     2.4710704E+04     1.5689336E+00
     proton             2486.     2.4860000E+03     1.5784127E-01
     deuteron            364.     3.6400000E+02     2.3111111E-02
     triton              133.     1.3300000E+02     8.4444444E-03
     other                31.     3.1000000E+01     1.9682540E-03
     alpha                 7.     7.0000000E+00     4.4444444E-04
     muon+                 1.     1.0000000E+00     6.3492063E-05
     pion+                 1.     1.0000000E+00     6.3492063E-05

-------------------------------------------------------------------------------
 the other kind of leakage particles
-------------------------------------------------------------------------------
     Name      kf-code        number     mass       charge   baryon
     nu_mu          14            11       0.0         0       0
     nu_muba       -14            10       0.0         0       0
     nu_e           12             8       0.0         0       0
     nu_ebar       -12             2       0.0         0       0

-------------------------------------------------------------------------------
 source: maxcas    maxbch      irskip   average weight          total source
-------------------------------------------------------------------------------
          50        1000           0    1.0000000E+00    1.5750000000000E+04

-------------------------------------------------------------------------------
 used ATIMA database
-------------------------------------------------------------------------------
     for dedx  =       51 / mdbatima =      500

-------------------------------------------------------------------------------
 Geometry error summary
-------------------------------------------------------------------------------
 Number of lost particles     =     0 / nlost =       10
 Number of geometry recovering =     0
 Number of unrecovered errors =     0

-------------------------------------------------------------------------------
 initial random seed:
   bitrseed = 0100001010011000001011101100011110011000110110100110010000000000
 next initial random seed:
   bitrseed = 1100010110011101011000101100010011000110001000100000110101111011

-------------------------------------------------------------------------------
 job termination date : 2025/06/06
                 time :   13:59:02

-------------------------------------------------------------------------------
    CPU time and number of event called in PHITS
-------------------------------------------------------------------------------

                             sec
total cpu time =          118.32


                           count
      analysis =         979985.  : data processing
         nevap =          43346.  : evaporation
        dexgam =          16784.  : de-excitation
         nreac =         693271.  : atomic and nuclear reactions
         dklos =             29.  : particle decay
         hydro =             22.  : nucleon-nucleon scattering
        n-data =         621514.  : neutron data library
        h-data =              0.  : p, d, a data library
        p-data =          34544.  : photon data library
        e-data =              0.  : electron data library
        p-egs5 =              0.  : photon interaction with EGS5
        e-egs5 =              0.  : electron interaction with EGS5
      e-tsmode =              0.  : electron track structure mode
    ion-tsmode =              0.  : ion track structure mode
     photonucl =              0.  : photo-nuclear reaction
 photonucl lib =              0.  : photo-nuclear reaction with library
       mu-reac =              0.  : muon-induced nuclear reaction
       mu-brem =              0.  : muon-induced bremsstrahlung
       mu-pprd =              0.  : muon-induced pair production
        mu-cap =              0.  : muon capture in nucleus
         elast =          15357.  : elastic scattering
         ncasc =         103670.  : nuclear reaction model

       bertini =              0.  : Bertini model
        isobar =              0.  : isobar model
           JAM =              0.  : JAM model
           QMD =           9085.  : JQMD model
        JAMQMD =              0.  : JAMQMD model
          INCL =          94550.  : INCL model
        INCELF =              0.  : INCELF model
     frag data =              0.  : user defined cross section
       SCINFUL =              0.  : SCINFUL mode

>>> Citation Request >>>=======================================================

 This execution uses model(s) that must be explicitly cited in addition to
 the PHITS original document: T.Sato et al., J.Nucl.Sci.Technol.61, 127-135 (2024).
 Please refer the following document(s) in your publication using this result

 The INCL model:
    A. Boudard et al., Phys. Rev C87, 014606 (2013).

 The KUROTAMA model:
    K. Iida, A. Kohama, and K. Oyamatsu, J. Phys. Soc. Japan 76, 044201 (2007).

 END 
