[ T-Track ]
    title = [t-track] in xyz mesh
     mesh =  xyz            # mesh type is xyz scoring mesh
   x-type =    2            # x-mesh is linear given by xmin, xmax and nx
     xmin =  -2.000000      # minimum value of x-mesh points
     xmax =   2.000000      # maximum value of x-mesh points
#    xdel =  8.0000000E-02  # mesh width of x-mesh points
       nx =     50          # number of x-mesh points
#    data = ( x(i), i = 1, nx + 1 )
#          -2.00000E+00 -1.92000E+00 -1.84000E+00 -1.76000E+00 -1.68000E+00
#          -1.60000E+00 -1.52000E+00 -1.44000E+00 -1.36000E+00 -1.28000E+00
#          -1.20000E+00 -1.12000E+00 -1.04000E+00 -9.60000E-01 -8.80000E-01
#          -8.00000E-01 -7.20000E-01 -6.40000E-01 -5.60000E-01 -4.80000E-01
#          -4.00000E-01 -3.20000E-01 -2.40000E-01 -1.60000E-01 -8.00000E-02
#           0.00000E+00  8.00000E-02  1.60000E-01  2.40000E-01  3.20000E-01
#           4.00000E-01  4.80000E-01  5.60000E-01  6.40000E-01  7.20000E-01
#           8.00000E-01  8.80000E-01  9.60000E-01  1.04000E+00  1.12000E+00
#           1.20000E+00  1.28000E+00  1.36000E+00  1.44000E+00  1.52000E+00
#           1.60000E+00  1.68000E+00  1.76000E+00  1.84000E+00  1.92000E+00
#           2.00000E+00
   y-type =    1            # y-mesh is given by the below data
       ny =      1          # number of y-mesh points
#    data = ( y(i), i = 1, ny + 1 )
            0.00000E+00  1.00000E-01
   z-type =    2            # z-mesh is linear given by zmin, zmax and nz
     zmin =   97.00000      # minimum value of z-mesh points
     zmax =   100.0000      # maximum value of z-mesh points
#    zdel =  6.0000000E-02  # mesh width of z-mesh points
       nz =     50          # number of z-mesh points
#    data = ( z(i), i = 1, nz + 1 )
#           9.70000E+01  9.70600E+01  9.71200E+01  9.71800E+01  9.72400E+01
#           9.73000E+01  9.73600E+01  9.74200E+01  9.74800E+01  9.75400E+01
#           9.76000E+01  9.76600E+01  9.77200E+01  9.77800E+01  9.78400E+01
#           9.79000E+01  9.79600E+01  9.80200E+01  9.80800E+01  9.81400E+01
#           9.82000E+01  9.82600E+01  9.83200E+01  9.83800E+01  9.84400E+01
#           9.85000E+01  9.85600E+01  9.86200E+01  9.86800E+01  9.87400E+01
#           9.88000E+01  9.88600E+01  9.89200E+01  9.89800E+01  9.90400E+01
#           9.91000E+01  9.91600E+01  9.92200E+01  9.92800E+01  9.93400E+01
#           9.94000E+01  9.94600E+01  9.95200E+01  9.95800E+01  9.96400E+01
#           9.97000E+01  9.97600E+01  9.98200E+01  9.98800E+01  9.99400E+01
#           1.00000E+02
   e-type =    1            # e-mesh is given by the below data
       ne =      1          # number of e-mesh points
#    data = ( e(i), i = 1, ne + 1 )
            0.00000E+00  1.00000E+03
     unit =    1            # unit is [1/cm^2/source]
 material =  all            # (D=all) number of specific material
  2D-type =    3            # 1:Cont, 2:Clust, 3:Color, 4:xyz, 5:mat, 6:Clust+Cont, 7:Col+Cont
     axis =      xz            # axis of output
     file = track_xz_L.out  # file name of output for the above axis
     part =  proton   
# kf/name :  2212     
    gshow =    1            # 0: no 1:bnd, 2:bnd+mat, 3:bnd+reg 4:bnd+lat 5:bmp style
    resol =    1            # (D=1) resolution of gshow or rshow
    width = 0.5000000       # (D=0.5) width of lines for gshow or rshow
   epsout =    1            # (D=0) generate eps file by ANGEL
#    used :        main (  %)        temp (  %)       total (  %)
#  memory :         110 (  0)           0 (  0)         110 (  0)

#------------------------------------------------------------------------------
#newpage:
#   no. =  1   ie  =  1   iy  =  1   part. = proton  
#   e = (   0.0000E+00  -   1.0000E+03  )
#   y = (   0.0000E+00  -   1.0000E-01  )

'no. =  1,  ie =  1,  iy =  1'
msuc: {\huge [t-track] in xyz mesh}
msdr: {\it plotted by \ANGEL \version}
msdl: {\it calculated by \PHITS  3.35}

x: z [cm]
y: x [cm]
set: c1[ 1.333] c2[ 0.779] c5[ 0.800] c6[ 0.889] c7[ 0.222] c8[ 0.000]
p: h2fs form[c1] xfac[c2] afac[c5] scal[c6] xorg[c7] yorg[c8] nosp
p: xmin(  97.00000    ) xmax(  100.0000    )
p: ymin( -2.000000    ) ymax(  2.000000    )
#  nx =  50   nz =  50
# ( ( data(z,x), z = 1, nz ), x = nx, 1, -1 )

#------------------------------------------------------------------------------
# gshow
#------------------------------------------------------------------------------

p: legs[c5*0.875]

h: x ny1,0  y2=[y1](Air),ic[cyan]
 -1.000000E+00 -1.000000E+00

hb:   line clip z   cb(cyan)
frame:
  9.7000004E+01 -1.9999908E+00
  1.0000000E+02 -1.9999908E+00
  1.0000000E+02  2.0000092E+00
  9.7000004E+01  2.0000092E+00
clip:
  9.69411802E+01 -2.07842199E+00
  1.00058827E+02 -2.07842199E+00
  1.00058827E+02 -1.99528473E+00
  1.00058827E+02 -1.91214748E+00
  1.00058827E+02 -1.82901023E+00
  1.00058827E+02 -1.74587297E+00
  1.00058827E+02 -1.66273572E+00
  1.00058827E+02 -1.57959846E+00
  1.00058827E+02 -1.49646121E+00
  1.00058827E+02 -1.41332395E+00
  1.00058827E+02 -1.33018670E+00
  1.00058827E+02 -1.24704944E+00
  1.00058827E+02 -1.16391219E+00
  1.00058827E+02 -1.08077493E+00
  1.00058827E+02 -9.97637676E-01
  1.00058827E+02 -9.14500421E-01
  1.00058827E+02 -8.31363166E-01
  1.00058827E+02 -7.48225911E-01
  1.00058827E+02 -6.65088657E-01
  1.00058827E+02 -5.81951402E-01
  1.00058827E+02 -4.98814147E-01
  1.00058827E+02 -4.15676892E-01
  1.00058827E+02 -3.32539637E-01
  1.00058827E+02 -2.49402382E-01
  1.00058827E+02 -1.66265127E-01
  1.00058827E+02 -8.31278722E-02
  1.00058827E+02  9.38271560E-06
  1.00058827E+02  8.31466376E-02
  1.00058827E+02  1.66283893E-01
  1.00058827E+02  2.49421147E-01
  1.00058827E+02  3.32558402E-01
  1.00058827E+02  4.15695657E-01
  1.00058827E+02  4.98832912E-01
  1.00058827E+02  5.81970167E-01
  1.00058827E+02  6.65107422E-01
  1.00058827E+02  7.48244677E-01
  1.00058827E+02  8.31381932E-01
  1.00058827E+02  9.14519187E-01
  1.00058827E+02  9.97656442E-01
  1.00058827E+02  1.08079370E+00
  1.00058827E+02  1.16393095E+00
  1.00058827E+02  1.24706821E+00
  1.00058827E+02  1.33020546E+00
  1.00058827E+02  1.41334272E+00
  1.00058827E+02  1.49647997E+00
  1.00058827E+02  1.57961723E+00
  1.00058827E+02  1.66275448E+00
  1.00058827E+02  1.74589174E+00
  1.00058827E+02  1.82902899E+00
  1.00058827E+02  1.91216625E+00
  1.00058827E+02  1.99530350E+00
  1.00058827E+02  2.07844076E+00
  9.99964743E+01  2.07844076E+00
  9.99341214E+01  2.07844076E+00
  9.98717684E+01  2.07844076E+00
  9.98094155E+01  2.07844076E+00
  9.97470625E+01  2.07844076E+00
  9.96847096E+01  2.07844076E+00
  9.96223566E+01  2.07844076E+00
  9.95600037E+01  2.07844076E+00
  9.94976508E+01  2.07844076E+00
  9.94352978E+01  2.07844076E+00
  9.93729449E+01  2.07844076E+00
  9.93105919E+01  2.07844076E+00
  9.92482390E+01  2.07844076E+00
  9.91858861E+01  2.07844076E+00
  9.91235331E+01  2.07844076E+00
  9.90611802E+01  2.07844076E+00
  9.89988272E+01  2.07844076E+00
  9.89364743E+01  2.07844076E+00
  9.88741214E+01  2.07844076E+00
  9.88117684E+01  2.07844076E+00
  9.87494155E+01  2.07844076E+00
  9.86870625E+01  2.07844076E+00
  9.86247096E+01  2.07844076E+00
  9.85623566E+01  2.07844076E+00
  9.85000037E+01  2.07844076E+00
  9.84376508E+01  2.07844076E+00
  9.83752978E+01  2.07844076E+00
  9.83129449E+01  2.07844076E+00
  9.82505919E+01  2.07844076E+00
  9.81882390E+01  2.07844076E+00
  9.81258861E+01  2.07844076E+00
  9.80635331E+01  2.07844076E+00
  9.80011802E+01  2.07844076E+00
  9.79388272E+01  2.07844076E+00
  9.78764743E+01  2.07844076E+00
  9.78141214E+01  2.07844076E+00
  9.77517684E+01  2.07844076E+00
  9.76894155E+01  2.07844076E+00
  9.76270625E+01  2.07844076E+00
  9.75647096E+01  2.07844076E+00
  9.75023566E+01  2.07844076E+00
  9.74400037E+01  2.07844076E+00
  9.73776508E+01  2.07844076E+00
  9.73152978E+01  2.07844076E+00
  9.72529449E+01  2.07844076E+00
  9.71905919E+01  2.07844076E+00
  9.71282390E+01  2.07844076E+00
  9.70658861E+01  2.07844076E+00
  9.70035331E+01  2.07844076E+00
  9.69411802E+01  2.07844076E+00
  9.69411802E+01  1.99530350E+00
  9.69411802E+01  1.91216625E+00
  9.69411802E+01  1.82902899E+00
  9.69411802E+01  1.74589174E+00
  9.69411802E+01  1.66275448E+00
  9.69411802E+01  1.57961723E+00
  9.69411802E+01  1.49647997E+00
  9.69411802E+01  1.41334272E+00
  9.69411802E+01  1.33020546E+00
  9.69411802E+01  1.24706821E+00
  9.69411802E+01  1.16393095E+00
  9.69411802E+01  1.08079370E+00
  9.69411802E+01  9.97656442E-01
  9.69411802E+01  9.14519187E-01
  9.69411802E+01  8.31381932E-01
  9.69411802E+01  7.48244677E-01
  9.69411802E+01  6.65107422E-01
  9.69411802E+01  5.81970167E-01
  9.69411802E+01  4.98832912E-01
  9.69411802E+01  4.15695657E-01
  9.69411802E+01  3.32558402E-01
  9.69411802E+01  2.49421147E-01
  9.69411802E+01  1.66283893E-01
  9.69411802E+01  8.31466376E-02
  9.69411802E+01  9.38271560E-06
  9.69411802E+01 -8.31278722E-02
  9.69411802E+01 -1.66265127E-01
  9.69411802E+01 -2.49402382E-01
  9.69411802E+01 -3.32539637E-01
  9.69411802E+01 -4.15676892E-01
  9.69411802E+01 -4.98814147E-01
  9.69411802E+01 -5.81951402E-01
  9.69411802E+01 -6.65088657E-01
  9.69411802E+01 -7.48225911E-01
  9.69411802E+01 -8.31363166E-01
  9.69411802E+01 -9.14500421E-01
  9.69411802E+01 -9.97637676E-01
  9.69411802E+01 -1.08077493E+00
  9.69411802E+01 -1.16391219E+00
  9.69411802E+01 -1.24704944E+00
  9.69411802E+01 -1.33018670E+00
  9.69411802E+01 -1.41332395E+00
  9.69411802E+01 -1.49646121E+00
  9.69411802E+01 -1.57959846E+00
  9.69411802E+01 -1.66273572E+00
  9.69411802E+01 -1.74587297E+00
  9.69411802E+01 -1.82901023E+00
  9.69411802E+01 -1.91214748E+00
  9.69411802E+01 -1.99528473E+00
  9.69411802E+01 -2.07842199E+00

h: x ny1,0  y2=[y1](3D printer - PLA),ic[orange]
 -1.000000E+00 -1.000000E+00

hb:   line clip z   cb(orange)
clip:
  9.86199084E+01 -1.58600000E+00
  9.90036284E+01 -1.58600000E+00
  9.90100000E+01 -1.57959846E+00
  9.90100000E+01 -1.56470144E+00
  9.90100000E+01 -1.49646121E+00
  9.90066731E+01 -1.48600000E+00
  9.89988272E+01 -1.48600000E+00
  9.89909813E+01 -1.48600000E+00
  9.89364743E+01 -1.48600000E+00
  9.89286284E+01 -1.48600000E+00
  9.88741214E+01 -1.48600000E+00
  9.88662754E+01 -1.48600000E+00
  9.88117684E+01 -1.48600000E+00
  9.88039225E+01 -1.48600000E+00
  9.87494155E+01 -1.48600000E+00
  9.87415696E+01 -1.48600000E+00
  9.86870625E+01 -1.48600000E+00
  9.86792166E+01 -1.48600000E+00
  9.86247096E+01 -1.48600000E+00
  9.86168637E+01 -1.48600000E+00
  9.85800000E+01 -1.49646121E+00
  9.85800000E+01 -1.55607399E+00
  9.85800000E+01 -1.57959846E+00

h: x ny1,0  y2=[y1](scotch),ic[red]
 -1.000000E+00 -1.000000E+00

hb:   line clip z   cb(red)
clip:
  9.83750000E+01 -1.41372105E+00
  9.83752978E+01 -1.48600000E+00
  9.83800000E+01 -1.41959352E+00
  9.83800000E+01 -1.41332395E+00
  9.83800000E+01 -1.40705438E+00
  9.83800000E+01 -1.33018670E+00
  9.83800000E+01 -1.32391712E+00
  9.83800000E+01 -1.24704944E+00
  9.83800000E+01 -1.24077987E+00
  9.83800000E+01 -1.16391219E+00
  9.83800000E+01 -1.15764261E+00
  9.83800000E+01 -1.08077493E+00
  9.83800000E+01 -1.07450536E+00
  9.83800000E+01 -9.97637676E-01
  9.83800000E+01 -9.91368105E-01
  9.83800000E+01 -9.14500421E-01
  9.83800000E+01 -9.08230850E-01
  9.83800000E+01 -8.31363166E-01
  9.83800000E+01 -8.25093595E-01
  9.83800000E+01 -7.48225911E-01
  9.83800000E+01 -7.41956340E-01
  9.83800000E+01 -6.65088657E-01
  9.83800000E+01 -6.58819085E-01
  9.83800000E+01 -5.81951402E-01
  9.83800000E+01 -5.75681830E-01
  9.83800000E+01 -4.98814147E-01
  9.83800000E+01 -4.92544575E-01
  9.83800000E+01 -4.15676892E-01
  9.83800000E+01 -4.09407320E-01
  9.83800000E+01 -3.32539637E-01
  9.83800000E+01 -3.26270065E-01
  9.83800000E+01 -2.49402382E-01
  9.83800000E+01 -2.43132810E-01
  9.83800000E+01 -1.66265127E-01
  9.83800000E+01 -1.59995556E-01
  9.83800000E+01 -8.31278722E-02
  9.83800000E+01 -7.68583007E-02
  9.83800000E+01  9.38271560E-06
  9.83800000E+01  6.27895425E-03
  9.83800000E+01  8.31466376E-02
  9.83800000E+01  8.94162092E-02
  9.83800000E+01  1.66283893E-01
  9.83800000E+01  1.72553464E-01
  9.83800000E+01  2.49421147E-01
  9.83800000E+01  2.55690719E-01
  9.83800000E+01  3.32558402E-01
  9.83800000E+01  3.38827974E-01
  9.83800000E+01  4.15695657E-01
  9.83800000E+01  4.21965229E-01
  9.83800000E+01  4.98832912E-01
  9.83800000E+01  5.05102484E-01
  9.83800000E+01  5.81970167E-01
  9.83800000E+01  5.88239739E-01
  9.83800000E+01  6.65107422E-01
  9.83800000E+01  6.71376993E-01
  9.83800000E+01  7.48244677E-01
  9.83800000E+01  7.54514248E-01
  9.83800000E+01  8.31381932E-01
  9.83800000E+01  8.37651503E-01
  9.83800000E+01  9.14519187E-01
  9.83800000E+01  9.20788758E-01
  9.83800000E+01  9.97656442E-01
  9.83800000E+01  1.00392601E+00
  9.83800000E+01  1.08079370E+00
  9.83800000E+01  1.08706327E+00
  9.83800000E+01  1.16393095E+00
  9.83800000E+01  1.17020052E+00
  9.83800000E+01  1.24706821E+00
  9.83800000E+01  1.25333778E+00
  9.83800000E+01  1.33020546E+00
  9.83800000E+01  1.33647503E+00
  9.83800000E+01  1.41334272E+00
  9.83800000E+01  1.41961229E+00
  9.83750000E+01  1.41373981E+00
  9.83750000E+01  1.33020546E+00
  9.83750000E+01  1.24706821E+00
  9.83750000E+01  1.16393095E+00
  9.83750000E+01  1.08079370E+00
  9.83750000E+01  9.97656442E-01
  9.83750000E+01  9.14519187E-01
  9.83750000E+01  8.31381932E-01
  9.83750000E+01  7.48244677E-01
  9.83750000E+01  6.65107422E-01
  9.83750000E+01  5.81970167E-01
  9.83750000E+01  4.98832912E-01
  9.83750000E+01  4.15695657E-01
  9.83750000E+01  3.32558402E-01
  9.83750000E+01  2.49421147E-01
  9.83750000E+01  1.66283893E-01
  9.83750000E+01  8.31466376E-02
  9.83750000E+01  9.38271560E-06
  9.83750000E+01 -8.31278722E-02
  9.83750000E+01 -1.66265127E-01
  9.83750000E+01 -2.49402382E-01
  9.83750000E+01 -3.32539637E-01
  9.83750000E+01 -4.15676892E-01
  9.83750000E+01 -4.98814147E-01
  9.83750000E+01 -5.81951402E-01
  9.83750000E+01 -6.65088657E-01
  9.83750000E+01 -7.48225911E-01
  9.83750000E+01 -8.31363166E-01
  9.83750000E+01 -9.14500421E-01
  9.83750000E+01 -9.97637676E-01
  9.83750000E+01 -1.08077493E+00
  9.83750000E+01 -1.16391219E+00
  9.83750000E+01 -1.24704944E+00
  9.83750000E+01 -1.33018670E+00
  9.83750000E+01 -1.41332395E+00

h: x ny1,0  y2=[y1](acrilico),ic[white]
 -1.000000E+00 -1.000000E+00

hb:   line clip z   cb(white)
clip:
  9.85800000E+01 -1.47293673E+00
  9.86247096E+01 -1.48600000E+00
  9.86792166E+01 -1.48600000E+00
  9.89988272E+01 -1.48600000E+00
  9.90100000E+01 -1.42822097E+00
  9.90100000E+01 -1.41332395E+00
  9.90100000E+01 -1.39842693E+00
  9.90100000E+01 -1.33018670E+00
  9.90100000E+01 -1.31528967E+00
  9.90100000E+01 -1.24704944E+00
  9.90100000E+01 -1.23215242E+00
  9.90100000E+01 -1.16391219E+00
  9.90100000E+01 -1.14901516E+00
  9.90100000E+01 -1.08077493E+00
  9.90100000E+01 -1.06587791E+00
  9.90100000E+01 -9.97637676E-01
  9.90100000E+01 -9.82740654E-01
  9.90100000E+01 -9.14500421E-01
  9.90100000E+01 -8.99603399E-01
  9.90100000E+01 -8.31363166E-01
  9.90100000E+01 -8.16466144E-01
  9.90100000E+01 -7.48225911E-01
  9.90100000E+01 -7.33328889E-01
  9.90100000E+01 -6.65088657E-01
  9.90100000E+01 -6.50191634E-01
  9.90100000E+01 -5.81951402E-01
  9.90100000E+01 -5.67054379E-01
  9.90100000E+01 -4.98814147E-01
  9.90100000E+01 -4.83917124E-01
  9.90100000E+01 -4.15676892E-01
  9.90100000E+01 -4.00779869E-01
  9.90100000E+01 -3.32539637E-01
  9.90100000E+01 -3.17642614E-01
  9.90100000E+01 -2.49402382E-01
  9.90100000E+01 -2.34505359E-01
  9.90100000E+01 -1.66265127E-01
  9.90100000E+01 -1.51368105E-01
  9.90100000E+01 -8.31278722E-02
  9.90100000E+01 -6.82308497E-02
  9.90100000E+01  9.38271560E-06
  9.90100000E+01  1.49064052E-02
  9.90100000E+01  8.31466376E-02
  9.90100000E+01  9.80436601E-02
  9.90100000E+01  1.66283893E-01
  9.90100000E+01  1.81180915E-01
  9.90100000E+01  2.49421147E-01
  9.90100000E+01  2.64318170E-01
  9.90100000E+01  3.32558402E-01
  9.90100000E+01  3.47455425E-01
  9.90100000E+01  4.15695657E-01
  9.90100000E+01  4.30592680E-01
  9.90100000E+01  4.98832912E-01
  9.90100000E+01  5.13729935E-01
  9.90100000E+01  5.81970167E-01
  9.90100000E+01  5.96867190E-01
  9.90100000E+01  6.65107422E-01
  9.90100000E+01  6.80004444E-01
  9.90100000E+01  7.48244677E-01
  9.90100000E+01  7.63141699E-01
  9.90100000E+01  8.31381932E-01
  9.90100000E+01  8.46278954E-01
  9.90100000E+01  9.14519187E-01
  9.90100000E+01  9.29416209E-01
  9.90100000E+01  9.97656442E-01
  9.90100000E+01  1.01255346E+00
  9.90100000E+01  1.08079370E+00
  9.90100000E+01  1.09569072E+00
  9.90100000E+01  1.16393095E+00
  9.90100000E+01  1.17882797E+00
  9.90100000E+01  1.24706821E+00
  9.90100000E+01  1.26196523E+00
  9.90100000E+01  1.33020546E+00
  9.90100000E+01  1.34510248E+00
  9.90100000E+01  1.41334272E+00
  9.90100000E+01  1.42823974E+00
  9.89988272E+01  1.48600000E+00
  9.89443343E+01  1.48600000E+00
  9.89364743E+01  1.48600000E+00
  9.88819813E+01  1.48600000E+00
  9.88741214E+01  1.48600000E+00
  9.88196284E+01  1.48600000E+00
  9.88117684E+01  1.48600000E+00
  9.87572754E+01  1.48600000E+00
  9.87494155E+01  1.48600000E+00
  9.86949225E+01  1.48600000E+00
  9.86870625E+01  1.48600000E+00
  9.86325696E+01  1.48600000E+00
  9.86247096E+01  1.48600000E+00
  9.85800000E+01  1.47295550E+00
  9.85800000E+01  1.41334272E+00
  9.85800000E+01  1.35372993E+00
  9.85800000E+01  1.33020546E+00
  9.85800000E+01  1.27059268E+00
  9.85800000E+01  1.24706821E+00
  9.85800000E+01  1.18745542E+00
  9.85800000E+01  1.16393095E+00
  9.85800000E+01  1.10431817E+00
  9.85800000E+01  1.08079370E+00
  9.85800000E+01  1.02118092E+00
  9.85800000E+01  9.97656442E-01
  9.85800000E+01  9.38043660E-01
  9.85800000E+01  9.14519187E-01
  9.85800000E+01  8.54906405E-01
  9.85800000E+01  8.31381932E-01
  9.85800000E+01  7.71769150E-01
  9.85800000E+01  7.48244677E-01
  9.85800000E+01  6.88631895E-01
  9.85800000E+01  6.65107422E-01
  9.85800000E+01  6.05494641E-01
  9.85800000E+01  5.81970167E-01
  9.85800000E+01  5.22357386E-01
  9.85800000E+01  4.98832912E-01
  9.85800000E+01  4.39220131E-01
  9.85800000E+01  4.15695657E-01
  9.85800000E+01  3.56082876E-01
  9.85800000E+01  3.32558402E-01
  9.85800000E+01  2.72945621E-01
  9.85800000E+01  2.49421147E-01
  9.85800000E+01  1.89808366E-01
  9.85800000E+01  1.66283893E-01
  9.85800000E+01  1.06671111E-01
  9.85800000E+01  8.31466376E-02
  9.85800000E+01  2.35338562E-02
  9.85800000E+01  9.38271560E-06
  9.85800000E+01 -5.96033987E-02
  9.85800000E+01 -8.31278722E-02
  9.85800000E+01 -1.42740654E-01
  9.85800000E+01 -1.66265127E-01
  9.85800000E+01 -2.25877908E-01
  9.85800000E+01 -2.49402382E-01
  9.85800000E+01 -3.09015163E-01
  9.85800000E+01 -3.32539637E-01
  9.85800000E+01 -3.92152418E-01
  9.85800000E+01 -4.15676892E-01
  9.85800000E+01 -4.75289673E-01
  9.85800000E+01 -4.98814147E-01
  9.85800000E+01 -5.58426928E-01
  9.85800000E+01 -5.81951402E-01
  9.85800000E+01 -6.41564183E-01
  9.85800000E+01 -6.65088657E-01
  9.85800000E+01 -7.24701438E-01
  9.85800000E+01 -7.48225911E-01
  9.85800000E+01 -8.07838693E-01
  9.85800000E+01 -8.31363166E-01
  9.85800000E+01 -8.90975948E-01
  9.85800000E+01 -9.14500421E-01
  9.85800000E+01 -9.74113203E-01
  9.85800000E+01 -9.97637676E-01
  9.85800000E+01 -1.05725046E+00
  9.85800000E+01 -1.08077493E+00
  9.85800000E+01 -1.14038771E+00
  9.85800000E+01 -1.16391219E+00
  9.85800000E+01 -1.22352497E+00
  9.85800000E+01 -1.24704944E+00
  9.85800000E+01 -1.30666222E+00
  9.85800000E+01 -1.33018670E+00
  9.85800000E+01 -1.38979948E+00
  9.85800000E+01 -1.41332395E+00

h: x ny1,0  y2=[y1](Water),ic[ccc]
 -1.000000E+00 -1.000000E+00

hb:   line clip z   cb(ccc)
clip:
  9.83966731E+01 -8.86000000E-01
  9.85623566E+01 -8.86000000E-01
  9.85800000E+01 -8.54887640E-01
  9.85800000E+01 -8.31363166E-01
  9.85800000E+01 -8.07838693E-01
  9.85623566E+01 -7.95105894E-01
  9.85368367E+01 -7.97336560E-01
  9.85000037E+01 -7.99109411E-01
  9.84759936E+01 -7.99349703E-01
  9.84376508E+01 -7.98237146E-01
  9.84114389E+01 -7.96414077E-01
  9.83800000E+01 -8.31363166E-01

h: x ny1,0  y2=[y1](pouch),ic[pink]
 -1.000000E+00 -1.000000E+00

hb:   line clip z   cb(pink)
clip:
  9.84021503E+01 -7.95559821E-01
  9.84376508E+01 -7.98237146E-01
  9.84759936E+01 -7.99349703E-01
  9.85368367E+01 -7.97336560E-01
  9.85800000E+01 -7.71750385E-01
  9.85800000E+01  7.71769150E-01
  9.85249698E+01  7.98093802E-01
  9.84618224E+01  7.99153036E-01
  9.84021634E+01  7.95561104E-01
  9.83800000E+01  7.48244677E-01
  9.83800000E+01  6.71376993E-01
  9.83800000E+01  6.65107422E-01
  9.83800000E+01  5.88239739E-01
  9.83800000E+01  5.81970167E-01
  9.83800000E+01  5.05102484E-01
  9.83800000E+01  4.98832912E-01
  9.83800000E+01  4.21965229E-01
  9.83800000E+01  4.15695657E-01
  9.83800000E+01  3.38827974E-01
  9.83800000E+01  3.32558402E-01
  9.83800000E+01  2.55690719E-01
  9.83800000E+01  2.49421147E-01
  9.83800000E+01  1.72553464E-01
  9.83800000E+01  1.66283893E-01
  9.83800000E+01  8.94162092E-02
  9.83800000E+01  8.31466376E-02
  9.83800000E+01  6.27895425E-03
  9.83800000E+01  9.38271560E-06
  9.83800000E+01 -7.68583007E-02
  9.83800000E+01 -8.31278722E-02
  9.83800000E+01 -1.59995556E-01
  9.83800000E+01 -1.66265127E-01
  9.83800000E+01 -2.43132810E-01
  9.83800000E+01 -2.49402382E-01
  9.83800000E+01 -3.26270065E-01
  9.83800000E+01 -3.32539637E-01
  9.83800000E+01 -4.09407320E-01
  9.83800000E+01 -4.15676892E-01
  9.83800000E+01 -4.92544575E-01
  9.83800000E+01 -4.98814147E-01
  9.83800000E+01 -5.75681830E-01
  9.83800000E+01 -5.81951402E-01
  9.83800000E+01 -6.58819085E-01
  9.83800000E+01 -6.65088657E-01
  9.83800000E+01 -7.41956340E-01
  9.83800000E+01 -7.48225911E-01

hb:   line clip z   cb(ccc)
clip:
  9.84114239E+01  7.96412781E-01
  9.84376508E+01  7.98237146E-01
  9.85000037E+01  7.99109411E-01
  9.85623566E+01  7.95105894E-01
  9.85800000E+01  8.07857458E-01
  9.85800000E+01  8.31381932E-01
  9.85800000E+01  8.54906405E-01
  9.85800000E+01  9.14519187E-01
  9.85800000E+01  9.38043660E-01
  9.85800000E+01  9.97656442E-01
  9.85800000E+01  1.02118092E+00
  9.85800000E+01  1.08079370E+00
  9.85800000E+01  1.10431817E+00
  9.85800000E+01  1.16393095E+00
  9.85800000E+01  1.18745542E+00
  9.85800000E+01  1.24706821E+00
  9.85800000E+01  1.27059268E+00
  9.85800000E+01  1.33020546E+00
  9.85800000E+01  1.35372993E+00
  9.85800000E+01  1.41334272E+00
  9.85800000E+01  1.43686719E+00
  9.85623566E+01  1.48600000E+00
  9.85078637E+01  1.48600000E+00
  9.85000037E+01  1.48600000E+00
  9.84455107E+01  1.48600000E+00
  9.84376508E+01  1.48600000E+00
  9.83831578E+01  1.48600000E+00
  9.83800000E+01  1.41334272E+00
  9.83800000E+01  1.33647503E+00
  9.83800000E+01  1.33020546E+00
  9.83800000E+01  1.25333778E+00
  9.83800000E+01  1.24706821E+00
  9.83800000E+01  1.17020052E+00
  9.83800000E+01  1.16393095E+00
  9.83800000E+01  1.08706327E+00
  9.83800000E+01  1.08079370E+00
  9.83800000E+01  1.00392601E+00
  9.83800000E+01  9.97656442E-01
  9.83800000E+01  9.20788758E-01
  9.83800000E+01  9.14519187E-01
  9.83800000E+01  8.37651503E-01
  9.83800000E+01  8.31381932E-01

hb:   line clip z   cb(orange)
clip:
  9.86168496E+01  1.48600000E+00
  9.90066872E+01  1.48600000E+00
  9.90100000E+01  1.49647997E+00
  9.90100000E+01  1.51137699E+00
  9.90100000E+01  1.57961723E+00
  9.90036143E+01  1.58600000E+00
  9.89988272E+01  1.58600000E+00
  9.89940402E+01  1.58600000E+00
  9.89364743E+01  1.58600000E+00
  9.89316872E+01  1.58600000E+00
  9.88741214E+01  1.58600000E+00
  9.88693343E+01  1.58600000E+00
  9.88117684E+01  1.58600000E+00
  9.88069813E+01  1.58600000E+00
  9.87494155E+01  1.58600000E+00
  9.87446284E+01  1.58600000E+00
  9.86870625E+01  1.58600000E+00
  9.86822754E+01  1.58600000E+00
  9.86247096E+01  1.58600000E+00
  9.86199225E+01  1.58600000E+00
  9.85800000E+01  1.57961723E+00
  9.85800000E+01  1.52000444E+00
  9.85800000E+01  1.49647997E+00

h: x ny1,0  y2=[y1](double defined),ic[black]
 -1.000000E+00 -1.000000E+00
hb:
bmap: width=  0.623529E-01 hight=  0.831373E-01
  9.843765E+01 -1.579598E+00  1.000  1.000  0.000
  9.850000E+01 -1.579598E+00  1.000  1.000  0.000
  9.856236E+01 -1.579598E+00  1.000  1.000  0.000
  9.843765E+01 -1.496461E+00  1.000  1.000  0.000
  9.850000E+01 -1.496461E+00  1.000  1.000  0.000
  9.856236E+01 -1.496461E+00  1.000  1.000  0.000
  9.843765E+01 -1.413324E+00  1.000  1.000  0.000
  9.850000E+01 -1.413324E+00  1.000  1.000  0.000
  9.856236E+01 -1.413324E+00  1.000  1.000  0.000
  9.843765E+01 -1.330187E+00  1.000  1.000  0.000
  9.850000E+01 -1.330187E+00  1.000  1.000  0.000
  9.856236E+01 -1.330187E+00  1.000  1.000  0.000
  9.843765E+01 -1.247049E+00  1.000  1.000  0.000
  9.850000E+01 -1.247049E+00  1.000  1.000  0.000
  9.856236E+01 -1.247049E+00  1.000  1.000  0.000
  9.843765E+01 -1.163912E+00  1.000  1.000  0.000
  9.850000E+01 -1.163912E+00  1.000  1.000  0.000
  9.856236E+01 -1.163912E+00  1.000  1.000  0.000
  9.843765E+01 -1.080775E+00  1.000  1.000  0.000
  9.850000E+01 -1.080775E+00  1.000  1.000  0.000
  9.856236E+01 -1.080775E+00  1.000  1.000  0.000
  9.843765E+01 -9.976377E-01  1.000  1.000  0.000
  9.850000E+01 -9.976377E-01  1.000  1.000  0.000
  9.856236E+01 -9.976377E-01  1.000  1.000  0.000
  9.843765E+01 -9.145004E-01  1.000  1.000  0.000
  9.850000E+01 -9.145004E-01  1.000  1.000  0.000
  9.856236E+01 -9.145004E-01  1.000  1.000  0.000

wt: s[c5]
\vspace{-3}
  emin  &=&   0.0000E+00 [MeV]
  emax  &=&   1.0000E+03 [MeV]
  ymin  &=&   0.0000E+00 [cm]
  ymax  &=&   1.0000E-01 [cm]
  part. &=& proton  
e:
 
# Information for Restart Calculation
# This calculation was newly started
# istdev =  2 # 1:Batch variance, 2:History variance
# resc2  = 0.00000000000000000E+00 # Total source weight or Total source weight / maxcas
# resc3  = 0.00000000000000000E+00 # Total history number or Total batch number
# maxcas =       25000 # History / Batch, only used for istdev=1
# bitrseed = 0000000000000000000000000000000000000000000000000000000000000000 # bit data of rseed
