[ T-Track ]
    title = [t-track] in xyz mesh
     mesh =  xyz            # mesh type is xyz scoring mesh
   x-type =    2            # x-mesh is linear given by xmin, xmax and nx
     xmin =  -4.000000      # minimum value of x-mesh points
     xmax =   4.000000      # maximum value of x-mesh points
#    xdel =  0.3200000      # mesh width of x-mesh points
       nx =     25          # number of x-mesh points
#    data = ( x(i), i = 1, nx + 1 )
#          -4.00000E+00 -3.68000E+00 -3.36000E+00 -3.04000E+00 -2.72000E+00
#          -2.40000E+00 -2.08000E+00 -1.76000E+00 -1.44000E+00 -1.12000E+00
#          -8.00000E-01 -4.80000E-01 -1.60000E-01  1.60000E-01  4.80000E-01
#           8.00000E-01  1.12000E+00  1.44000E+00  1.76000E+00  2.08000E+00
#           2.40000E+00  2.72000E+00  3.04000E+00  3.36000E+00  3.68000E+00
#           4.00000E+00
   y-type =    2            # y-mesh is linear given by ymin, ymax and ny
     ymin =  -6.000000      # minimum value of y-mesh points
     ymax =   5.000000      # maximum value of y-mesh points
#    ydel =  0.1833333      # mesh width of y-mesh points
       ny =     60          # number of y-mesh points
#    data = ( y(i), i = 1, ny + 1 )
#          -6.00000E+00 -5.81667E+00 -5.63333E+00 -5.45000E+00 -5.26667E+00
#          -5.08333E+00 -4.90000E+00 -4.71667E+00 -4.53333E+00 -4.35000E+00
#          -4.16667E+00 -3.98333E+00 -3.80000E+00 -3.61667E+00 -3.43333E+00
#          -3.25000E+00 -3.06667E+00 -2.88333E+00 -2.70000E+00 -2.51667E+00
#          -2.33333E+00 -2.15000E+00 -1.96667E+00 -1.78333E+00 -1.60000E+00
#          -1.41667E+00 -1.23333E+00 -1.05000E+00 -8.66667E-01 -6.83333E-01
#          -5.00000E-01 -3.16667E-01 -1.33333E-01  5.00000E-02  2.33333E-01
#           4.16667E-01  6.00000E-01  7.83333E-01  9.66667E-01  1.15000E+00
#           1.33333E+00  1.51667E+00  1.70000E+00  1.88333E+00  2.06667E+00
#           2.25000E+00  2.43333E+00  2.61667E+00  2.80000E+00  2.98333E+00
#           3.16667E+00  3.35000E+00  3.53333E+00  3.71667E+00  3.90000E+00
#           4.08333E+00  4.26667E+00  4.45000E+00  4.63333E+00  4.81667E+00
#           5.00000E+00
   z-type =    1            # z-mesh is given by the below data
       nz =      1          # number of z-mesh points
#    data = ( z(i), i = 1, nz + 1 )
            9.84700E+01  9.84900E+01
   e-type =    1            # e-mesh is given by the below data
       ne =      1          # number of e-mesh points
#    data = ( e(i), i = 1, ne + 1 )
            0.00000E+00  1.00000E+03
     unit =    1            # unit is [1/cm^2/source]
 material =  all            # (D=all) number of specific material
  2D-type =    3            # 1:Cont, 2:Clust, 3:Color, 4:xyz, 5:mat, 6:Clust+Cont, 7:Col+Cont
     axis =      xy            # axis of output
     file = track_xy_L.out  # file name of output for the above axis
     part =  proton   
# kf/name :  2212     
    gshow =    1            # 0: no 1:bnd, 2:bnd+mat, 3:bnd+reg 4:bnd+lat 5:bmp style
    resol =    1            # (D=1) resolution of gshow or rshow
    width = 0.5000000       # (D=0.5) width of lines for gshow or rshow
   epsout =    1            # (D=0) generate eps file by ANGEL
#    used :        main (  %)        temp (  %)       total (  %)
#  memory :          95 (  0)           0 (  0)          95 (  0)

#------------------------------------------------------------------------------
#newpage:
#   no. =  1   ie  =  1   iz  =  1   part. = proton  
#   e = (   0.0000E+00  -   1.0000E+03  )
#   z = (   9.8470E+01  -   9.8490E+01  )

'no. =  1,  ie =  1,  iz =  1'
msuc: {\huge [t-track] in xyz mesh}
msdr: {\it plotted by \ANGEL \version}
msdl: {\it calculated by \PHITS  3.35}

x: x [cm]
y: y [cm]
set: c1[ 1.375] c2[ 0.768] c5[ 0.800] c6[ 0.878] c7[ 0.250] c8[ 0.000]
p: h2fs form[c1] xfac[c2] afac[c5] scal[c6] xorg[c7] yorg[c8] nosp
set: c3[   3.190370E+03] c4[   1.168565E+06]
p: cmin[c3] cmax[c4]
p: dmin(1e-31)
p: zlog
p: xmin( -4.000000    ) xmax(  4.000000    )
p: ymin( -6.000000    ) ymax(  5.000000    )
#  ny =  60   nx =  25
# ( ( data(x,y), x = 1, nx ), y = ny, 1, -1 )

hc:  y =   4.908333     to  -5.908333     by  0.1833333     ; x =  -3.840000     to   3.840000     by  0.3200000     ;
  3.430E+05  2.961E+05  3.945E+05  3.511E+05  4.513E+05  5.061E+05  5.216E+05  4.752E+05  5.520E+05  6.196E+05
  5.416E+05  5.586E+05  6.769E+05  6.014E+05  5.030E+05  5.166E+05  5.512E+05  5.354E+05  4.945E+05  4.431E+05
  4.144E+05  3.994E+05  3.455E+05  2.786E+05  3.136E+05  3.412E+05  3.218E+05  4.427E+05  4.638E+05  4.498E+05
  4.858E+05  5.509E+05  6.141E+05  6.380E+05  5.364E+05  6.305E+05  5.384E+05  5.569E+05  6.239E+05  5.625E+05
  5.724E+05  5.636E+05  5.378E+05  5.023E+05  4.107E+05  4.450E+05  4.830E+05  4.416E+05  4.029E+05  3.234E+05
  2.931E+05  3.849E+05  4.364E+05  5.158E+05  4.749E+05  4.678E+05  5.363E+05  5.405E+05  6.618E+05  5.601E+05
  6.038E+05  5.418E+05  6.334E+05  6.491E+05  6.871E+05  6.320E+05  6.031E+05  6.234E+05  6.450E+05  5.315E+05
  4.691E+05  4.947E+05  4.675E+05  3.861E+05  3.262E+05  3.801E+05  3.970E+05  4.802E+05  5.051E+05  4.938E+05
  5.814E+05  6.224E+05  6.124E+05  6.622E+05  6.288E+05  6.767E+05  7.052E+05  7.379E+05  7.021E+05  6.473E+05
  7.399E+05  6.436E+05  6.432E+05  5.873E+05  5.877E+05  4.714E+05  4.773E+05  5.098E+05  4.323E+05  4.299E+05
  3.196E+05  4.714E+05  4.394E+05  5.226E+05  5.488E+05  6.047E+05  6.707E+05  7.337E+05  7.093E+05  7.090E+05
  7.498E+05  7.454E+05  7.505E+05  7.619E+05  7.873E+05  7.240E+05  6.936E+05  7.255E+05  6.865E+05  5.771E+05
  6.176E+05  5.353E+05  4.796E+05  4.056E+05  3.743E+05  4.205E+05  5.020E+05  5.455E+05  5.861E+05  6.409E+05
  5.515E+05  7.217E+05  7.421E+05  7.325E+05  7.951E+05  7.790E+05  8.220E+05  8.337E+05  8.073E+05  8.684E+05
  7.390E+05  8.140E+05  7.387E+05  6.434E+05  6.347E+05  6.307E+05  5.434E+05  5.436E+05  4.989E+05  4.799E+05
  4.265E+05  4.887E+05  6.082E+05  6.456E+05  6.377E+05  7.045E+05  6.362E+05  7.615E+05  8.028E+05  7.356E+05
  7.422E+05  9.169E+05  9.323E+05  9.167E+05  8.586E+05  8.004E+05  7.669E+05  8.068E+05  7.014E+05  6.549E+05
  6.413E+05  5.442E+05  5.689E+05  5.682E+05  4.770E+05  5.091E+05  5.425E+05  6.352E+05  6.825E+05  6.379E+05
  7.193E+05  7.699E+05  7.615E+05  8.357E+05  8.295E+05  9.059E+05  8.526E+05  8.393E+05  8.415E+05  9.111E+05
  8.577E+05  8.072E+05  8.187E+05  7.791E+05  7.207E+05  7.030E+05  6.131E+05  5.811E+05  5.791E+05  4.933E+05
  4.931E+05  5.942E+05  6.447E+05  6.804E+05  7.029E+05  7.580E+05  8.137E+05  9.278E+05  8.188E+05  8.054E+05
  8.730E+05  9.099E+05  1.020E+06  9.204E+05  8.233E+05  9.665E+05  8.181E+05  7.938E+05  7.668E+05  7.289E+05
  6.715E+05  6.998E+05  6.257E+05  5.936E+05  5.270E+05  5.997E+05  6.168E+05  7.101E+05  7.188E+05  6.920E+05
  8.186E+05  7.710E+05  9.670E+05  8.930E+05  9.971E+05  9.429E+05  9.697E+05  8.717E+05  9.444E+05  9.190E+05
  8.735E+05  8.698E+05  9.010E+05  8.355E+05  8.568E+05  6.863E+05  6.283E+05  6.169E+05  5.764E+05  5.184E+05
  4.994E+05  6.155E+05  7.547E+05  6.519E+05  7.269E+05  7.662E+05  8.449E+05  8.417E+05  8.538E+05  1.053E+06
  9.866E+05  9.028E+05  9.577E+05  1.039E+06  9.802E+05  8.877E+05  9.335E+05  8.596E+05  8.935E+05  8.968E+05
  7.173E+05  8.160E+05  6.534E+05  6.232E+05  5.964E+05  6.289E+05  6.427E+05  7.630E+05  7.548E+05  8.101E+05
  8.597E+05  9.071E+05  9.870E+05  8.920E+05  1.036E+06  9.600E+05  9.493E+05  9.937E+05  9.435E+05  9.452E+05
  1.020E+06  9.338E+05  9.416E+05  8.780E+05  7.982E+05  8.255E+05  7.120E+05  7.586E+05  6.458E+05  5.807E+05
  6.251E+05  6.462E+05  7.514E+05  7.952E+05  9.196E+05  8.356E+05  9.435E+05  8.782E+05  6.584E+05  7.694E+05
  8.099E+05  7.929E+05  7.663E+05  7.236E+05  8.090E+05  7.941E+05  7.590E+05  8.122E+05  8.646E+05  8.316E+05
  8.240E+05  8.010E+05  7.552E+05  6.786E+05  6.090E+05  6.590E+05  6.504E+05  7.205E+05  7.580E+05  8.607E+05
  9.019E+05  8.570E+05  8.783E+05  7.766E+05  8.519E+05  8.104E+05  8.026E+05  8.355E+05  6.956E+05  8.197E+05
  7.694E+05  7.654E+05  9.571E+05  1.013E+06  8.405E+05  9.521E+05  7.674E+05  8.382E+05  6.470E+05  6.133E+05
  6.821E+05  7.407E+05  7.998E+05  9.075E+05  9.010E+05  1.147E+06  9.632E+05  9.125E+05  7.822E+05  6.801E+05
  7.644E+05  8.837E+05  7.941E+05  7.070E+05  7.634E+05  7.535E+05  8.472E+05  9.198E+05  1.013E+06  9.348E+05
  9.243E+05  7.748E+05  7.899E+05  7.136E+05  6.574E+05  7.751E+05  7.294E+05  8.753E+05  8.196E+05  8.636E+05
  9.464E+05  1.049E+06  1.001E+06  8.063E+05  7.904E+05  7.527E+05  8.277E+05  7.489E+05  7.775E+05  7.981E+05
  7.444E+05  8.121E+05  8.741E+05  9.661E+05  1.014E+06  8.358E+05  9.051E+05  7.840E+05  8.420E+05  7.019E+05
  7.370E+05  7.619E+05  8.432E+05  8.511E+05  1.015E+06  1.009E+06  9.283E+05  9.616E+05  7.922E+05  7.701E+05
  8.452E+05  7.895E+05  8.142E+05  8.644E+05  8.665E+05  7.231E+05  7.803E+05  8.703E+05  1.027E+06  9.660E+05
  9.694E+05  7.753E+05  8.056E+05  7.111E+05  7.176E+05  8.099E+05  8.032E+05  8.325E+05  9.492E+05  9.706E+05
  1.006E+06  1.055E+06  8.142E+05  7.290E+05  7.519E+05  7.592E+05  7.227E+05  8.341E+05  8.926E+05  8.372E+05
  7.124E+05  8.620E+05  8.222E+05  1.070E+06  9.577E+05  9.448E+05  7.876E+05  7.873E+05  7.710E+05  6.942E+05
  7.411E+05  7.483E+05  8.483E+05  1.022E+06  1.035E+06  9.780E+05  1.041E+06  9.236E+05  7.196E+05  7.800E+05
  7.423E+05  7.764E+05  8.052E+05  8.148E+05  7.624E+05  7.701E+05  7.971E+05  9.416E+05  1.069E+06  9.943E+05
  9.391E+05  9.711E+05  8.994E+05  8.071E+05  7.761E+05  7.222E+05  7.793E+05  9.324E+05  9.451E+05  1.065E+06
  9.387E+05  9.918E+05  9.740E+05  8.244E+05  8.779E+05  7.358E+05  7.548E+05  8.600E+05  7.959E+05  8.270E+05
  8.412E+05  8.393E+05  9.645E+05  1.062E+06  1.004E+06  1.015E+06  9.898E+05  7.880E+05  7.761E+05  7.496E+05
  7.505E+05  7.587E+05  1.011E+06  9.433E+05  1.064E+06  1.019E+06  1.053E+06  9.651E+05  8.258E+05  7.882E+05
  7.380E+05  7.832E+05  8.661E+05  7.917E+05  7.539E+05  7.525E+05  7.188E+05  9.434E+05  1.020E+06  1.005E+06
  9.674E+05  8.936E+05  8.915E+05  8.175E+05  7.377E+05  7.529E+05  8.177E+05  9.110E+05  9.829E+05  9.448E+05
  9.652E+05  1.082E+06  9.203E+05  8.241E+05  7.540E+05  7.668E+05  7.024E+05  7.467E+05  6.675E+05  7.662E+05
  7.836E+05  8.007E+05  9.456E+05  1.035E+06  1.056E+06  1.005E+06  8.650E+05  9.842E+05  8.559E+05  7.617E+05
  9.678E+05  8.688E+05  9.870E+05  9.163E+05  9.832E+05  9.958E+05  1.158E+06  9.072E+05  7.710E+05  8.346E+05
  7.530E+05  7.537E+05  7.546E+05  7.627E+05  7.792E+05  8.158E+05  8.285E+05  9.605E+05  9.479E+05  9.789E+05
  9.060E+05  9.928E+05  9.921E+05  8.367E+05  8.497E+05  8.527E+05  9.308E+05  9.603E+05  1.003E+06  1.025E+06
  1.098E+06  1.111E+06  9.365E+05  8.020E+05  7.622E+05  7.966E+05  8.134E+05  7.910E+05  7.933E+05  7.028E+05
  7.485E+05  8.805E+05  1.010E+06  1.040E+06  9.027E+05  1.063E+06  8.488E+05  9.054E+05  8.179E+05  7.826E+05
  7.511E+05  9.338E+05  9.132E+05  9.933E+05  9.895E+05  1.028E+06  1.021E+06  9.024E+05  8.082E+05  7.733E+05
  8.018E+05  6.688E+05  7.984E+05  7.793E+05  7.826E+05  7.534E+05  8.102E+05  8.979E+05  1.094E+06  9.605E+05
  9.942E+05  1.025E+06  9.603E+05  8.757E+05  7.475E+05  7.719E+05  8.757E+05  9.565E+05  1.010E+06  9.501E+05
  1.019E+06  1.098E+06  9.179E+05  8.123E+05  7.581E+05  7.671E+05  7.589E+05  7.475E+05  6.998E+05  7.118E+05
  7.842E+05  7.944E+05  9.937E+05  9.838E+05  1.044E+06  1.055E+06  9.672E+05  8.788E+05  8.519E+05  7.730E+05
  7.606E+05  8.798E+05  9.398E+05  1.060E+06  1.046E+06  1.025E+06  9.911E+05  1.037E+06  8.382E+05  7.095E+05
  7.008E+05  7.016E+05  8.036E+05  6.466E+05  6.286E+05  7.320E+05  7.463E+05  9.553E+05  1.050E+06  1.072E+06
  9.637E+05  9.736E+05  9.035E+05  8.279E+05  8.560E+05  8.428E+05  8.877E+05  9.003E+05  8.875E+05  9.622E+05
  9.027E+05  1.095E+06  8.489E+05  7.181E+05  7.333E+05  7.990E+05  6.776E+05  8.776E+05  7.808E+05  7.117E+05
  7.579E+05  8.263E+05  9.200E+05  1.088E+06  9.550E+05  1.021E+06  9.546E+05  8.908E+05  8.990E+05  8.448E+05
  8.923E+05  8.373E+05  9.629E+05  1.084E+06  9.676E+05  1.061E+06  1.049E+06  9.103E+05  7.581E+05  7.845E+05
  8.516E+05  6.621E+05  7.151E+05  7.177E+05  7.353E+05  7.767E+05  8.090E+05  8.875E+05  1.052E+06  1.052E+06
  9.807E+05  1.074E+06  8.238E+05  7.824E+05  8.346E+05  8.329E+05  8.324E+05  9.482E+05  1.008E+06  1.060E+06
  1.119E+06  1.042E+06  9.184E+05  7.565E+05  7.541E+05  7.437E+05  6.769E+05  7.369E+05  7.615E+05  7.978E+05
  7.754E+05  7.372E+05  8.327E+05  9.860E+05  1.047E+06  9.735E+05  8.864E+05  9.941E+05  9.424E+05  7.181E+05
  7.608E+05  8.358E+05  9.796E+05  8.880E+05  1.038E+06  1.011E+06  1.088E+06  1.015E+06  8.041E+05  7.405E+05
  8.810E+05  7.815E+05  6.481E+05  7.790E+05  7.440E+05  7.900E+05  8.824E+05  9.675E+05  1.004E+06  1.035E+06
  9.879E+05  8.848E+05  9.767E+05  8.023E+05  7.989E+05  8.238E+05  7.553E+05  1.006E+06  1.010E+06  9.843E+05
  1.044E+06  1.008E+06  9.321E+05  7.227E+05  8.462E+05  6.904E+05  7.567E+05  7.700E+05  7.535E+05  8.609E+05
  7.244E+05  7.001E+05  9.867E+05  1.062E+06  9.631E+05  9.215E+05  9.168E+05  8.975E+05  8.785E+05  8.778E+05
  7.885E+05  9.857E+05  9.208E+05  9.106E+05  1.035E+06  9.850E+05  9.717E+05  8.671E+05  7.226E+05  8.160E+05
  6.590E+05  7.876E+05  8.191E+05  6.812E+05  7.773E+05  7.484E+05  7.741E+05  9.752E+05  1.009E+06  9.382E+05
  9.518E+05  1.047E+06  9.442E+05  8.857E+05  8.241E+05  7.649E+05  8.815E+05  9.150E+05  9.394E+05  1.003E+06
  1.025E+06  1.023E+06  9.885E+05  7.610E+05  8.020E+05  7.198E+05  7.661E+05  7.291E+05  7.814E+05  7.378E+05
  7.731E+05  7.761E+05  9.420E+05  1.169E+06  1.041E+06  9.194E+05  9.729E+05  9.294E+05  8.333E+05  8.102E+05
  7.724E+05  8.016E+05  9.405E+05  9.669E+05  1.032E+06  1.022E+06  1.053E+06  8.788E+05  7.638E+05  7.300E+05
  7.561E+05  8.016E+05  7.248E+05  8.003E+05  6.879E+05  7.608E+05  7.453E+05  7.878E+05  1.054E+06  1.012E+06
  1.040E+06  9.592E+05  8.869E+05  7.446E+05  7.304E+05  7.208E+05  8.546E+05  9.095E+05  1.004E+06  3.836E+05
  2.987E+05  3.112E+05  3.806E+05  4.105E+05  4.272E+05  4.678E+05  4.304E+05  4.774E+05  4.625E+05  3.658E+05
  4.572E+05  3.595E+05  3.209E+05  3.288E+05  3.050E+05  3.841E+05  9.298E+05  8.552E+05  7.890E+05  7.672E+05
  7.492E+05  8.054E+05  8.988E+05  9.641E+05  4.601E+04  0.000E+00  0.000E+00  0.000E+00  3.201E+03  3.208E+03
  6.398E+03  0.000E+00  3.190E+03  0.000E+00  0.000E+00  0.000E+00  4.100E+03  0.000E+00  0.000E+00  0.000E+00
  9.576E+04  8.620E+05  8.440E+05  7.502E+05  7.350E+05  7.253E+05  8.512E+05  8.183E+05  8.291E+05  5.933E+04
  0.000E+00  0.000E+00  0.000E+00  0.000E+00  0.000E+00  0.000E+00  0.000E+00  0.000E+00  0.000E+00  0.000E+00
  0.000E+00  0.000E+00  0.000E+00  0.000E+00  0.000E+00  9.492E+04  8.993E+05  8.295E+05  8.593E+05  8.124E+05
  6.442E+05  7.494E+05  7.959E+05  8.177E+05  5.426E+04  0.000E+00  0.000E+00  0.000E+00  0.000E+00  0.000E+00
  0.000E+00  0.000E+00  0.000E+00  0.000E+00  0.000E+00  0.000E+00  0.000E+00  0.000E+00  0.000E+00  0.000E+00
  9.024E+04  8.282E+05  8.705E+05  7.109E+05  7.179E+05  6.672E+05  7.826E+05  7.595E+05  7.695E+05  3.511E+04
  0.000E+00  0.000E+00  0.000E+00  0.000E+00  0.000E+00  0.000E+00  0.000E+00  0.000E+00  0.000E+00  0.000E+00
  0.000E+00  0.000E+00  0.000E+00  0.000E+00  0.000E+00  5.895E+04  8.353E+05  7.848E+05  7.404E+05  6.410E+05
  7.268E+05  7.568E+05  7.700E+05  7.827E+05  4.150E+04  0.000E+00  0.000E+00  0.000E+00  0.000E+00  0.000E+00
  0.000E+00  0.000E+00  0.000E+00  0.000E+00  0.000E+00  0.000E+00  0.000E+00  0.000E+00  0.000E+00  0.000E+00
  5.428E+04  7.621E+05  7.625E+05  6.422E+05  6.546E+05  6.257E+05  7.375E+05  7.820E+05  8.234E+05  5.808E+04
  0.000E+00  0.000E+00  0.000E+00  0.000E+00  0.000E+00  0.000E+00  0.000E+00  0.000E+00  0.000E+00  0.000E+00
  0.000E+00  0.000E+00  0.000E+00  0.000E+00  0.000E+00  7.345E+04  7.970E+05  7.685E+05  7.180E+05  5.775E+05
  5.604E+05  6.525E+05  6.958E+05  8.110E+05  4.013E+04  0.000E+00  0.000E+00  0.000E+00  0.000E+00  0.000E+00
  0.000E+00  0.000E+00  0.000E+00  0.000E+00  0.000E+00  0.000E+00  0.000E+00  0.000E+00  0.000E+00  0.000E+00
  3.193E+04  6.801E+05  7.154E+05  6.810E+05  5.923E+05  6.196E+05  5.521E+05  6.759E+05  7.421E+05  5.429E+04
  0.000E+00  0.000E+00  0.000E+00  0.000E+00  0.000E+00  0.000E+00  0.000E+00  0.000E+00  0.000E+00  0.000E+00
  0.000E+00  0.000E+00  0.000E+00  0.000E+00  0.000E+00  7.663E+04  7.566E+05  6.539E+05  7.255E+05  6.053E+05
  6.255E+05  6.934E+05  7.630E+05  6.327E+05  4.817E+04  0.000E+00  0.000E+00  0.000E+00  0.000E+00  0.000E+00
  0.000E+00  0.000E+00  0.000E+00  0.000E+00  0.000E+00  0.000E+00  0.000E+00  0.000E+00  0.000E+00  0.000E+00
  4.790E+04  7.422E+05  6.954E+05  6.774E+05  5.503E+05  5.988E+05  6.084E+05  5.903E+05  6.529E+05  3.513E+04
  0.000E+00  0.000E+00  0.000E+00  0.000E+00  0.000E+00  0.000E+00  0.000E+00  0.000E+00  0.000E+00  0.000E+00
  0.000E+00  0.000E+00  0.000E+00  0.000E+00  0.000E+00  4.791E+04  7.019E+05  6.431E+05  6.221E+05  5.221E+05
  4.367E+05  5.063E+05  6.802E+05  6.734E+05  3.834E+04  0.000E+00  0.000E+00  0.000E+00  0.000E+00  0.000E+00
  0.000E+00  0.000E+00  0.000E+00  0.000E+00  0.000E+00  0.000E+00  0.000E+00  0.000E+00  0.000E+00  0.000E+00
  3.738E+04  6.211E+05  6.432E+05  5.098E+05  4.630E+05  5.340E+05  5.456E+05  5.391E+05  5.697E+05  2.555E+04
  0.000E+00  0.000E+00  0.000E+00  0.000E+00  0.000E+00  0.000E+00  0.000E+00  0.000E+00  0.000E+00  0.000E+00
  0.000E+00  0.000E+00  0.000E+00  0.000E+00  0.000E+00  4.473E+04  5.547E+05  5.673E+05  5.488E+05  4.716E+05
  4.423E+05  5.031E+05  4.827E+05  5.147E+05  4.473E+04  0.000E+00  0.000E+00  0.000E+00  0.000E+00  0.000E+00
  0.000E+00  0.000E+00  0.000E+00  0.000E+00  0.000E+00  0.000E+00  0.000E+00  0.000E+00  0.000E+00  0.000E+00
  4.793E+04  5.306E+05  5.681E+05  4.868E+05  3.997E+05  4.635E+05  4.312E+05  5.221E+05  5.550E+05  3.196E+04
  0.000E+00  0.000E+00  0.000E+00  0.000E+00  0.000E+00  0.000E+00  0.000E+00  0.000E+00  0.000E+00  0.000E+00
  0.000E+00  0.000E+00  0.000E+00  0.000E+00  0.000E+00  2.238E+04  5.762E+05  4.780E+05  4.886E+05  4.452E+05
  3.902E+05  4.435E+05  5.231E+05  5.759E+05  6.072E+04  0.000E+00  0.000E+00  0.000E+00  0.000E+00  0.000E+00
  0.000E+00  0.000E+00  0.000E+00  0.000E+00  0.000E+00  0.000E+00  0.000E+00  0.000E+00  0.000E+00  0.000E+00
  7.351E+04  4.467E+05  4.411E+05  4.745E+05  3.570E+05  3.681E+05  4.280E+05  4.634E+05  5.311E+05  3.025E+04
  0.000E+00  0.000E+00  0.000E+00  0.000E+00  0.000E+00  0.000E+00  0.000E+00  0.000E+00  0.000E+00  0.000E+00
  0.000E+00  0.000E+00  0.000E+00  0.000E+00  0.000E+00  6.074E+04  4.637E+05  4.447E+05  4.496E+05  3.292E+05
  3.198E+05  3.044E+05  3.686E+05  4.544E+05  6.389E+03  0.000E+00  0.000E+00  0.000E+00  0.000E+00  0.000E+00
  0.000E+00  0.000E+00  0.000E+00  0.000E+00  0.000E+00  0.000E+00  0.000E+00  0.000E+00  0.000E+00  0.000E+00
  3.197E+04  4.926E+05  4.414E+05  3.358E+05  4.115E+05  3.433E+05  3.484E+05  3.669E+05  4.231E+05  2.238E+04
  0.000E+00  0.000E+00  0.000E+00  0.000E+00  0.000E+00  0.000E+00  0.000E+00  0.000E+00  0.000E+00  0.000E+00
  0.000E+00  0.000E+00  0.000E+00  0.000E+00  0.000E+00  1.918E+04  4.031E+05  3.708E+05  3.547E+05  3.009E+05
  2.836E+05  3.391E+05  3.746E+05  3.910E+05  1.279E+04  0.000E+00  0.000E+00  0.000E+00  0.000E+00  0.000E+00
  0.000E+00  0.000E+00  0.000E+00  0.000E+00  0.000E+00  0.000E+00  0.000E+00  0.000E+00  0.000E+00  0.000E+00
  2.879E+04  3.097E+05  3.279E+05  3.877E+05  2.689E+05  2.362E+05  2.594E+05  3.736E+05  3.093E+05  2.238E+04
  0.000E+00  0.000E+00  0.000E+00  0.000E+00  0.000E+00  0.000E+00  0.000E+00  0.000E+00  0.000E+00  0.000E+00
  0.000E+00  0.000E+00  0.000E+00  0.000E+00  0.000E+00  3.517E+04  3.430E+05  3.611E+05  3.135E+05  2.316E+05
  2.697E+05  2.380E+05  3.473E+05  3.109E+05  6.398E+03  0.000E+00  0.000E+00  0.000E+00  0.000E+00  0.000E+00
  0.000E+00  0.000E+00  0.000E+00  0.000E+00  0.000E+00  0.000E+00  0.000E+00  0.000E+00  0.000E+00  0.000E+00
  1.279E+04  3.616E+05  3.421E+05  2.302E+05  2.458E+05  2.146E+05  2.281E+05  2.849E+05  2.759E+05  2.877E+04
  0.000E+00  0.000E+00  0.000E+00  0.000E+00  0.000E+00  0.000E+00  0.000E+00  0.000E+00  0.000E+00  0.000E+00
  0.000E+00  0.000E+00  0.000E+00  0.000E+00  0.000E+00  6.397E+03  2.624E+05  2.754E+05  2.479E+05  1.982E+05
  2.310E+05  2.595E+05  2.786E+05  2.600E+05  1.279E+04  0.000E+00  0.000E+00  0.000E+00  0.000E+00  0.000E+00
  0.000E+00  0.000E+00  0.000E+00  0.000E+00  0.000E+00  0.000E+00  0.000E+00  0.000E+00  0.000E+00  0.000E+00
  1.599E+04  3.264E+05  2.925E+05  2.329E+05  2.142E+05  1.663E+05  1.957E+05  2.496E+05  2.361E+05  1.281E+04
  0.000E+00  0.000E+00  0.000E+00  0.000E+00  0.000E+00  0.000E+00  0.000E+00  0.000E+00  0.000E+00  0.000E+00
  0.000E+00  0.000E+00  0.000E+00  0.000E+00  0.000E+00  1.600E+04  2.374E+05  2.411E+05  1.774E+05  1.794E+05

#------------------------------------------------------------------------------
# gshow
#------------------------------------------------------------------------------

p: legs[c5*0.875]

hb:   line clip z  
frame:
 -3.9999905E+00 -5.9999746E+00
  4.0000095E+00 -5.9999746E+00
  4.0000095E+00  5.0000254E+00
 -3.9999905E+00  5.0000254E+00
clip:
 -4.30768243E+00 -6.18030207E+00
 -2.62100000E+00 -6.18030207E+00
 -2.62100000E+00 -6.01095427E+00
 -2.62100000E+00 -5.99095780E+00
 -2.62100000E+00 -5.82161000E+00
 -2.62100000E+00 -5.80161354E+00
 -2.62100000E+00 -5.63226574E+00
 -2.62100000E+00 -5.61226928E+00
 -2.62100000E+00 -5.44292148E+00
 -2.62100000E+00 -5.42292502E+00
 -2.62100000E+00 -5.25357722E+00
 -2.62100000E+00 -5.23358075E+00
 -2.62100000E+00 -5.06423295E+00
 -2.62100000E+00 -5.04423649E+00
 -2.62100000E+00 -4.87488869E+00
 -2.62100000E+00 -4.85489223E+00
 -2.62100000E+00 -4.68554443E+00
 -2.62100000E+00 -4.66554797E+00
 -2.62100000E+00 -4.49620017E+00
 -2.62100000E+00 -4.47620371E+00
 -2.62100000E+00 -4.30685590E+00
 -2.62100000E+00 -4.28685944E+00
 -2.62100000E+00 -4.11751164E+00
 -2.62100000E+00 -4.09751518E+00
 -2.62100000E+00 -3.92816738E+00
 -2.62100000E+00 -3.90817092E+00
 -2.62100000E+00 -3.73882312E+00
 -2.62100000E+00 -3.71882666E+00
 -2.62100000E+00 -3.54947886E+00
 -2.62100000E+00 -3.52948239E+00
 -2.62100000E+00 -3.36013459E+00
 -2.62100000E+00 -3.34013813E+00
 -2.62100000E+00 -3.17079033E+00
 -2.62100000E+00 -3.15079387E+00
 -2.62100000E+00 -2.98144607E+00
 -2.62100000E+00 -2.96144961E+00
 -2.62100000E+00 -2.79210181E+00
 -2.62100000E+00 -2.77210535E+00
 -2.62100000E+00 -2.60275754E+00
 -2.62100000E+00 -2.58276108E+00
 -2.62100000E+00 -2.41341328E+00
 -2.62100000E+00 -2.39341682E+00
 -2.62100000E+00 -2.22406902E+00
 -2.62100000E+00 -2.20407256E+00
 -2.62100000E+00 -2.03472476E+00
 -2.62100000E+00 -2.01472830E+00
 -2.62100000E+00 -1.84538049E+00
 -2.62100000E+00 -1.82538403E+00
 -2.62100000E+00 -1.65603623E+00
 -2.58460551E+00 -1.46850000E+00
 -2.54492032E+00 -1.46850000E+00
 -2.23999012E+00 -1.46850000E+00
 -2.20030493E+00 -1.46850000E+00
 -1.89537474E+00 -1.46850000E+00
 -1.58600000E+00 -1.44669551E+00
 -1.58600000E+00 -1.27671374E+00
 -1.58600000E+00  2.71887826E+00
 -1.55075935E+00  2.81850000E+00
 -1.38746018E+00  2.81850000E+00
 -1.20614397E+00  2.81850000E+00
 -1.04284479E+00  2.81850000E+00
 -8.61528585E-01  2.81850000E+00
 -6.98229409E-01  2.81850000E+00
 -5.16913200E-01  2.81850000E+00
 -3.53614024E-01  2.81850000E+00
 -1.72297816E-01  2.81850000E+00
 -8.99863962E-03  2.81850000E+00
  1.72317569E-01  2.81850000E+00
  3.35616745E-01  2.81850000E+00
  5.16932953E-01  2.81850000E+00
  6.80232130E-01  2.81850000E+00
  8.61548338E-01  2.81850000E+00
  1.02484751E+00  2.81850000E+00
  1.20616372E+00  2.81850000E+00
  1.36946290E+00  2.81850000E+00
  1.55077911E+00  2.81850000E+00
  1.58600000E+00  2.71887826E+00
  1.58600000E+00  2.54888564E+00
  1.58600000E+00  2.52953400E+00
  1.58600000E+00  2.35954138E+00
  1.58600000E+00  2.34018974E+00
  1.58600000E+00  2.17019712E+00
  1.58600000E+00  2.15084547E+00
  1.58600000E+00  1.98085286E+00
  1.58600000E+00  1.96150121E+00
  1.58600000E+00  1.79150859E+00
  1.58600000E+00  1.77215695E+00
  1.58600000E+00  1.60216433E+00
  1.58600000E+00  1.58281269E+00
  1.58600000E+00  1.41282007E+00
  1.58600000E+00  1.39346843E+00
  1.58600000E+00  1.22347581E+00
  1.58600000E+00  1.20412416E+00
  1.58600000E+00  1.03413154E+00
  1.58600000E+00  1.01477990E+00
  1.58600000E+00  8.44787282E-01
  1.58600000E+00  8.25435639E-01
  1.58600000E+00  6.55443019E-01
  1.58600000E+00  6.36091376E-01
  1.58600000E+00  4.66098757E-01
  1.58600000E+00  4.46747114E-01
  1.58600000E+00  2.76754495E-01
  1.58600000E+00  2.57402852E-01
  1.58600000E+00  8.74102325E-02
  1.58600000E+00  6.80585894E-02
  1.58600000E+00 -1.01934030E-01
  1.58600000E+00 -1.21285673E-01
  1.58600000E+00 -2.91278292E-01
  1.58600000E+00 -3.10629935E-01
  1.58600000E+00 -4.80622554E-01
  1.58600000E+00 -4.99974198E-01
  1.58600000E+00 -6.69966817E-01
  1.58600000E+00 -6.89318460E-01
  1.58600000E+00 -8.59311079E-01
  1.58600000E+00 -8.78662722E-01
  1.58600000E+00 -1.04865534E+00
  1.58600000E+00 -1.06800698E+00
  1.58600000E+00 -1.23799960E+00
  1.58600000E+00 -1.25735125E+00
  1.58600000E+00 -1.42734387E+00
  1.58600000E+00 -1.44669551E+00
  1.85570930E+00 -1.46850000E+00
  1.89539449E+00 -1.46850000E+00
  1.93507968E+00 -1.46850000E+00
  2.24000988E+00 -1.46850000E+00
  2.27969507E+00 -1.46850000E+00
  2.58462526E+00 -1.46850000E+00
  2.60900000E+00 -1.63603977E+00
  2.60900000E+00 -1.81199166E+00
  2.60900000E+00 -1.82538403E+00
  2.60900000E+00 -2.00133593E+00
  2.60900000E+00 -2.01472830E+00
  2.60900000E+00 -2.19068019E+00
  2.60900000E+00 -2.20407256E+00
  2.60900000E+00 -2.38002445E+00
  2.60900000E+00 -2.39341682E+00
  2.60900000E+00 -2.56936871E+00
  2.60900000E+00 -2.58276108E+00
  2.60900000E+00 -2.75871297E+00
  2.60900000E+00 -2.77210535E+00
  2.60900000E+00 -2.94805724E+00
  2.60900000E+00 -2.96144961E+00
  2.60900000E+00 -3.13740150E+00
  2.60900000E+00 -3.15079387E+00
  2.60900000E+00 -3.32674576E+00
  2.60900000E+00 -3.34013813E+00
  2.60900000E+00 -3.51609002E+00
  2.60900000E+00 -3.52948239E+00
  2.60900000E+00 -3.70543429E+00
  2.60900000E+00 -3.71882666E+00
  2.60900000E+00 -3.89477855E+00
  2.60900000E+00 -3.90817092E+00
  2.60900000E+00 -4.08412281E+00
  2.60900000E+00 -4.09751518E+00
  2.60900000E+00 -4.27346707E+00
  2.60900000E+00 -4.28685944E+00
  2.60900000E+00 -4.46281134E+00
  2.60900000E+00 -4.47620371E+00
  2.60900000E+00 -4.65215560E+00
  2.60900000E+00 -4.66554797E+00
  2.60900000E+00 -4.84149986E+00
  2.60900000E+00 -4.85489223E+00
  2.60900000E+00 -5.03084412E+00
  2.60900000E+00 -5.04423649E+00
  2.60900000E+00 -5.22018838E+00
  2.60900000E+00 -5.23358075E+00
  2.60900000E+00 -5.40953265E+00
  2.60900000E+00 -5.42292502E+00
  2.60900000E+00 -5.59887691E+00
  2.60900000E+00 -5.61226928E+00
  2.60900000E+00 -5.78822117E+00
  2.60900000E+00 -5.80161354E+00
  2.60900000E+00 -5.97756543E+00
  2.60900000E+00 -5.99095780E+00
  2.60900000E+00 -6.16690970E+00
  2.60900000E+00 -6.18030207E+00
  2.92924065E+00 -6.18030207E+00
  3.27385603E+00 -6.18030207E+00
  3.61847142E+00 -6.18030207E+00
  3.96308680E+00 -6.18030207E+00
  4.30770218E+00 -5.99095780E+00
  4.30770218E+00  5.18035367E+00
  3.96308680E+00  5.18035367E+00
  3.61847142E+00  5.18035367E+00
  3.27385603E+00  5.18035367E+00
  2.92924065E+00  5.18035367E+00
  2.58462526E+00  5.18035367E+00
  2.24000988E+00  5.18035367E+00
  1.89539449E+00  5.18035367E+00
  1.55077911E+00  5.18035367E+00
  1.20616372E+00  5.18035367E+00
  8.61548338E-01  5.18035367E+00
  5.16932953E-01  5.18035367E+00
  1.72317569E-01  5.18035367E+00
 -1.72297816E-01  5.18035367E+00
 -5.16913200E-01  5.18035367E+00
 -8.61528585E-01  5.18035367E+00
 -1.20614397E+00  5.18035367E+00
 -1.55075935E+00  5.18035367E+00
 -1.89537474E+00  5.18035367E+00
 -2.23999012E+00  5.18035367E+00
 -2.58460551E+00  5.18035367E+00
 -2.92922089E+00  5.18035367E+00
 -3.27383628E+00  5.18035367E+00
 -3.61845166E+00  5.18035367E+00
 -3.96306705E+00  5.18035367E+00
 -4.30768243E+00  5.18035367E+00
 -4.30768243E+00  4.99100941E+00
 -4.30768243E+00  4.80166515E+00
 -4.30768243E+00  4.61232088E+00
 -4.30768243E+00  4.42297662E+00
 -4.30768243E+00  4.23363236E+00
 -4.30768243E+00  4.04428810E+00
 -4.30768243E+00  3.85494384E+00
 -4.30768243E+00  3.66559957E+00
 -4.30768243E+00  3.47625531E+00
 -4.30768243E+00  3.28691105E+00
 -4.30768243E+00  3.09756679E+00
 -4.30768243E+00  2.90822252E+00
 -4.30768243E+00  2.71887826E+00
 -4.30768243E+00  2.52953400E+00
 -4.30768243E+00  2.34018974E+00
 -4.30768243E+00  2.15084547E+00
 -4.30768243E+00  1.96150121E+00
 -4.30768243E+00  1.77215695E+00
 -4.30768243E+00  1.58281269E+00
 -4.30768243E+00  1.39346843E+00
 -4.30768243E+00  1.20412416E+00
 -4.30768243E+00  1.01477990E+00
 -4.30768243E+00  8.25435639E-01
 -4.30768243E+00  6.36091376E-01
 -4.30768243E+00  4.46747114E-01
 -4.30768243E+00  2.57402852E-01
 -4.30768243E+00  6.80585894E-02
 -4.30768243E+00 -1.21285673E-01
 -4.30768243E+00 -3.10629935E-01
 -4.30768243E+00 -4.99974198E-01
 -4.30768243E+00 -6.89318460E-01
 -4.30768243E+00 -8.78662722E-01
 -4.30768243E+00 -1.06800698E+00
 -4.30768243E+00 -1.25735125E+00
 -4.30768243E+00 -1.44669551E+00
 -4.30768243E+00 -1.63603977E+00
 -4.30768243E+00 -1.82538403E+00
 -4.30768243E+00 -2.01472830E+00
 -4.30768243E+00 -2.20407256E+00
 -4.30768243E+00 -2.39341682E+00
 -4.30768243E+00 -2.58276108E+00
 -4.30768243E+00 -2.77210535E+00
 -4.30768243E+00 -2.96144961E+00
 -4.30768243E+00 -3.15079387E+00
 -4.30768243E+00 -3.34013813E+00
 -4.30768243E+00 -3.52948239E+00
 -4.30768243E+00 -3.71882666E+00
 -4.30768243E+00 -3.90817092E+00
 -4.30768243E+00 -4.09751518E+00
 -4.30768243E+00 -4.28685944E+00
 -4.30768243E+00 -4.47620371E+00
 -4.30768243E+00 -4.66554797E+00
 -4.30768243E+00 -4.85489223E+00
 -4.30768243E+00 -5.04423649E+00
 -4.30768243E+00 -5.23358075E+00
 -4.30768243E+00 -5.42292502E+00
 -4.30768243E+00 -5.61226928E+00
 -4.30768243E+00 -5.80161354E+00
 -4.30768243E+00 -5.99095780E+00
 -4.30768243E+00 -6.18030207E+00

hb:   line clip z  
frame:
 -3.9999905E+00 -5.9999746E+00
  4.0000095E+00 -5.9999746E+00
  4.0000095E+00  5.0000254E+00
 -3.9999905E+00  5.0000254E+00
clip:
 -2.58460551E+00 -6.18030207E+00
 -2.37100000E+00 -6.18030207E+00
 -2.37100000E+00 -6.06293941E+00
 -2.37100000E+00 -5.99095780E+00
 -2.37100000E+00 -5.87359515E+00
 -2.37100000E+00 -5.80161354E+00
 -2.37100000E+00 -5.68425088E+00
 -2.37100000E+00 -5.61226928E+00
 -2.37100000E+00 -5.49490662E+00
 -2.37100000E+00 -5.42292502E+00
 -2.37100000E+00 -5.30556236E+00
 -2.37100000E+00 -5.23358075E+00
 -2.37100000E+00 -5.11621810E+00
 -2.37100000E+00 -5.04423649E+00
 -2.37100000E+00 -4.92687384E+00
 -2.37100000E+00 -4.85489223E+00
 -2.37100000E+00 -4.73752957E+00
 -2.37100000E+00 -4.66554797E+00
 -2.37100000E+00 -4.54818531E+00
 -2.37100000E+00 -4.47620371E+00
 -2.37100000E+00 -4.35884105E+00
 -2.37100000E+00 -4.28685944E+00
 -2.37100000E+00 -4.16949679E+00
 -2.37100000E+00 -4.09751518E+00
 -2.37100000E+00 -3.98015252E+00
 -2.37100000E+00 -3.90817092E+00
 -2.37100000E+00 -3.79080826E+00
 -2.37100000E+00 -3.71882666E+00
 -2.37100000E+00 -3.60146400E+00
 -2.37100000E+00 -3.52948239E+00
 -2.37100000E+00 -3.41211974E+00
 -2.37100000E+00 -3.34013813E+00
 -2.37100000E+00 -3.22277547E+00
 -2.37100000E+00 -3.15079387E+00
 -2.37100000E+00 -3.03343121E+00
 -2.37100000E+00 -2.96144961E+00
 -2.37100000E+00 -2.84408695E+00
 -2.37100000E+00 -2.77210535E+00
 -2.37100000E+00 -2.65474269E+00
 -2.37100000E+00 -2.58276108E+00
 -2.37100000E+00 -2.46539843E+00
 -2.37100000E+00 -2.39341682E+00
 -2.37100000E+00 -2.27605416E+00
 -2.37100000E+00 -2.20407256E+00
 -2.37100000E+00 -2.08670990E+00
 -2.37100000E+00 -2.01472830E+00
 -2.37100000E+00 -1.89736564E+00
 -2.23999012E+00 -1.71850000E+00
 -2.08990866E+00 -1.71850000E+00
 -1.89537474E+00 -1.71850000E+00
 -1.74529328E+00 -1.71850000E+00
 -1.48600000E+00 -1.67162092E+00
 -1.48600000E+00 -1.60045862E+00
 -1.55075935E+00 -1.46850000E+00
 -1.85568955E+00 -1.46850000E+00
 -1.89537474E+00 -1.46850000E+00
 -2.20030493E+00 -1.46850000E+00
 -2.23999012E+00 -1.46850000E+00
 -2.54492032E+00 -1.46850000E+00
 -2.58460551E+00 -1.46850000E+00
 -2.62100000E+00 -1.61604331E+00
 -2.62100000E+00 -1.63603977E+00
 -2.62100000E+00 -1.65603623E+00
 -2.62100000E+00 -1.82538403E+00
 -2.62100000E+00 -1.84538049E+00
 -2.62100000E+00 -2.01472830E+00
 -2.62100000E+00 -2.03472476E+00
 -2.62100000E+00 -2.20407256E+00
 -2.62100000E+00 -2.22406902E+00
 -2.62100000E+00 -2.39341682E+00
 -2.62100000E+00 -2.41341328E+00
 -2.62100000E+00 -2.58276108E+00
 -2.62100000E+00 -2.60275754E+00
 -2.62100000E+00 -2.77210535E+00
 -2.62100000E+00 -2.79210181E+00
 -2.62100000E+00 -2.96144961E+00
 -2.62100000E+00 -2.98144607E+00
 -2.62100000E+00 -3.15079387E+00
 -2.62100000E+00 -3.17079033E+00
 -2.62100000E+00 -3.34013813E+00
 -2.62100000E+00 -3.36013459E+00
 -2.62100000E+00 -3.52948239E+00
 -2.62100000E+00 -3.54947886E+00
 -2.62100000E+00 -3.71882666E+00
 -2.62100000E+00 -3.73882312E+00
 -2.62100000E+00 -3.90817092E+00
 -2.62100000E+00 -3.92816738E+00
 -2.62100000E+00 -4.09751518E+00
 -2.62100000E+00 -4.11751164E+00
 -2.62100000E+00 -4.28685944E+00
 -2.62100000E+00 -4.30685590E+00
 -2.62100000E+00 -4.47620371E+00
 -2.62100000E+00 -4.49620017E+00
 -2.62100000E+00 -4.66554797E+00
 -2.62100000E+00 -4.68554443E+00
 -2.62100000E+00 -4.85489223E+00
 -2.62100000E+00 -4.87488869E+00
 -2.62100000E+00 -5.04423649E+00
 -2.62100000E+00 -5.06423295E+00
 -2.62100000E+00 -5.23358075E+00
 -2.62100000E+00 -5.25357722E+00
 -2.62100000E+00 -5.42292502E+00
 -2.62100000E+00 -5.44292148E+00
 -2.62100000E+00 -5.61226928E+00
 -2.62100000E+00 -5.63226574E+00
 -2.62100000E+00 -5.80161354E+00
 -2.62100000E+00 -5.82161000E+00
 -2.62100000E+00 -5.99095780E+00
 -2.62100000E+00 -6.01095427E+00
 -2.62100000E+00 -6.18030207E+00

hb:   line clip z  
frame:
 -3.9999905E+00 -5.9999746E+00
  4.0000095E+00 -5.9999746E+00
  4.0000095E+00  5.0000254E+00
 -3.9999905E+00  5.0000254E+00
clip:
 -2.23999012E+00 -6.18030207E+00
 -1.93824962E+00 -6.18030207E+00
 -1.92416409E+00 -6.00677572E+00
 -1.88446592E+00 -5.60627558E+00
 -1.83330841E+00 -5.19947925E+00
 -1.78073957E+00 -4.85489223E+00
 -1.73132407E+00 -4.57541255E+00
 -1.67332080E+00 -4.28685944E+00
 -1.63104691E+00 -4.09751518E+00
 -1.58512296E+00 -3.90817092E+00
 -1.53245020E+00 -3.70876694E+00
 -1.46702893E+00 -3.48347785E+00
 -1.39284589E+00 -3.25337472E+00
 -1.30764760E+00 -3.01721940E+00
 -1.20783686E+00 -2.77303548E+00
 -1.13794771E+00 -2.62023059E+00
 -1.08696726E+00 -2.51728105E+00
 -1.02070895E+00 -2.39341682E+00
 -9.30932219E-01 -2.24220545E+00
 -8.61528585E-01 -2.13748775E+00
 -7.70176710E-01 -2.01472830E+00
 -5.96915833E-01 -1.82538403E+00
 -6.66994661E-01 -1.71850000E+00
 -8.61528585E-01 -1.71850000E+00
 -1.05606251E+00 -1.71850000E+00
 -1.20614397E+00 -1.71850000E+00
 -1.40067789E+00 -1.71850000E+00
 -1.55075935E+00 -1.71850000E+00
 -1.74529328E+00 -1.71850000E+00
 -1.89537474E+00 -1.71850000E+00
 -2.08990866E+00 -1.71850000E+00
 -2.23999012E+00 -1.71850000E+00
 -2.37100000E+00 -1.75340243E+00
 -2.37100000E+00 -1.82538403E+00
 -2.37100000E+00 -1.89736564E+00
 -2.37100000E+00 -2.01472830E+00
 -2.37100000E+00 -2.08670990E+00
 -2.37100000E+00 -2.20407256E+00
 -2.37100000E+00 -2.27605416E+00
 -2.37100000E+00 -2.39341682E+00
 -2.37100000E+00 -2.46539843E+00
 -2.37100000E+00 -2.58276108E+00
 -2.37100000E+00 -2.65474269E+00
 -2.37100000E+00 -2.77210535E+00
 -2.37100000E+00 -2.84408695E+00
 -2.37100000E+00 -2.96144961E+00
 -2.37100000E+00 -3.03343121E+00
 -2.37100000E+00 -3.15079387E+00
 -2.37100000E+00 -3.22277547E+00
 -2.37100000E+00 -3.34013813E+00
 -2.37100000E+00 -3.41211974E+00
 -2.37100000E+00 -3.52948239E+00
 -2.37100000E+00 -3.60146400E+00
 -2.37100000E+00 -3.71882666E+00
 -2.37100000E+00 -3.79080826E+00
 -2.37100000E+00 -3.90817092E+00
 -2.37100000E+00 -3.98015252E+00
 -2.37100000E+00 -4.09751518E+00
 -2.37100000E+00 -4.16949679E+00
 -2.37100000E+00 -4.28685944E+00
 -2.37100000E+00 -4.35884105E+00
 -2.37100000E+00 -4.47620371E+00
 -2.37100000E+00 -4.54818531E+00
 -2.37100000E+00 -4.66554797E+00
 -2.37100000E+00 -4.73752957E+00
 -2.37100000E+00 -4.85489223E+00
 -2.37100000E+00 -4.92687384E+00
 -2.37100000E+00 -5.04423649E+00
 -2.37100000E+00 -5.11621810E+00
 -2.37100000E+00 -5.23358075E+00
 -2.37100000E+00 -5.30556236E+00
 -2.37100000E+00 -5.42292502E+00
 -2.37100000E+00 -5.49490662E+00
 -2.37100000E+00 -5.61226928E+00
 -2.37100000E+00 -5.68425088E+00
 -2.37100000E+00 -5.80161354E+00
 -2.37100000E+00 -5.87359515E+00
 -2.37100000E+00 -5.99095780E+00
 -2.37100000E+00 -6.06293941E+00
 -2.37100000E+00 -6.18030207E+00

hb:   line clip z  
frame:
 -3.9999905E+00 -5.9999746E+00
  4.0000095E+00 -5.9999746E+00
  4.0000095E+00  5.0000254E+00
 -3.9999905E+00  5.0000254E+00
clip:
 -1.89537474E+00 -6.18030207E+00
  1.92624962E+00 -6.18030207E+00
  1.92500691E+00 -6.16403192E+00
  1.91078816E+00 -5.99095780E+00
  1.91008031E+00 -5.98288888E+00
  1.89539449E+00 -5.82483107E+00
  1.89310457E+00 -5.80161354E+00
  1.87441818E+00 -5.62379443E+00
  1.87313611E+00 -5.61226928E+00
  1.85364244E+00 -5.44586512E+00
  1.85080908E+00 -5.42292502E+00
  1.83086615E+00 -5.26903498E+00
  1.82603723E+00 -5.23358075E+00
  1.80605260E+00 -5.09332419E+00
  1.79871991E+00 -5.04423649E+00
  1.77915748E+00 -4.91875708E+00
  1.76873957E+00 -4.85489223E+00
  1.75012810E+00 -4.74536262E+00
  1.73595872E+00 -4.66554797E+00
  1.71890241E+00 -4.57317489E+00
  1.70021596E+00 -4.47620371E+00
  1.68540784E+00 -4.40223377E+00
  1.66132080E+00 -4.28685944E+00
  1.64955979E+00 -4.23258573E+00
  1.61904691E+00 -4.09751518E+00
  1.61125975E+00 -4.06428491E+00
  1.57312296E+00 -3.90817092E+00
  1.57039295E+00 -3.89739436E+00
  1.55077911E+00 -3.82143379E+00
  1.52322014E+00 -3.71882666E+00
  1.48040002E+00 -3.56815123E+00
  1.46893465E+00 -3.52948239E+00
  1.43093172E+00 -3.40598666E+00
  1.40976243E+00 -3.34013813E+00
  1.37820077E+00 -3.24561471E+00
  1.34506156E+00 -3.15079387E+00
  1.32194407E+00 -3.08717992E+00
  1.27399394E+00 -2.96144961E+00
  1.26184311E+00 -2.93085732E+00
  1.20616372E+00 -2.79682745E+00
  1.19543027E+00 -2.77210535E+00
  1.12844872E+00 -2.62546054E+00
  1.10778541E+00 -2.58276108E+00
  1.05404810E+00 -2.47699469E+00
  1.00870895E+00 -2.39341682E+00
  9.73496882E-01 -2.33190821E+00
  8.94435240E-01 -2.20407256E+00
  8.85707524E-01 -2.19079862E+00
  8.61548338E-01 -2.15489579E+00
  7.58176710E-01 -2.01472830E+00
  6.81590010E-01 -1.92425970E+00
  5.84915833E-01 -1.82538403E+00
  5.59411183E-01 -1.80204494E+00
  5.16932953E-01 -1.76564998E+00
  3.20236195E-01 -1.63603977E+00
  2.37770367E-01 -1.60007762E+00
  1.72317569E-01 -1.57904352E+00
  9.38661806E-02 -1.59293572E+00
 -1.72297816E-01 -1.57607185E+00
 -2.42558392E-01 -1.59743605E+00
 -3.32236195E-01 -1.63603977E+00
 -5.16913200E-01 -1.75590657E+00
 -5.66820441E-01 -1.79796318E+00
 -5.96915833E-01 -1.82538403E+00
 -6.90355731E-01 -1.92067969E+00
 -7.70176710E-01 -2.01472830E+00
 -8.61528585E-01 -2.13748775E+00
 -8.94497953E-01 -2.18595798E+00
 -9.06435240E-01 -2.20407256E+00
 -9.30932219E-01 -2.24220545E+00
 -1.02070895E+00 -2.39341682E+00
 -1.08696726E+00 -2.51728105E+00
 -1.11978541E+00 -2.58276108E+00
 -1.20614397E+00 -2.76916602E+00
 -1.20743027E+00 -2.77210535E+00
 -1.28599394E+00 -2.96144961E+00
 -1.30764760E+00 -3.01721940E+00
 -1.35706156E+00 -3.15079387E+00
 -1.39284589E+00 -3.25337472E+00
 -1.42176243E+00 -3.34013813E+00
 -1.46702893E+00 -3.48347785E+00
 -1.48093465E+00 -3.52948239E+00
 -1.53245020E+00 -3.70876694E+00
 -1.53522014E+00 -3.71882666E+00
 -1.55075935E+00 -3.77610864E+00
 -1.58091967E+00 -3.89159974E+00
 -1.58512296E+00 -3.90817092E+00
 -1.59063333E+00 -3.93007913E+00
 -1.63104691E+00 -4.09751518E+00
 -1.64266586E+00 -4.14801197E+00
 -1.67332080E+00 -4.28685944E+00
 -1.68935614E+00 -4.36300957E+00
 -1.71221596E+00 -4.47620371E+00
 -1.73132407E+00 -4.57541255E+00
 -1.74795872E+00 -4.66554797E+00
 -1.76905694E+00 -4.78548863E+00
 -1.78073957E+00 -4.85489223E+00
 -1.80294555E+00 -4.99345253E+00
 -1.81071991E+00 -5.04423649E+00
 -1.83330841E+00 -5.19947925E+00
 -1.83803723E+00 -5.23358075E+00
 -1.86040863E+00 -5.40371336E+00
 -1.86280908E+00 -5.42292502E+00
 -1.88446592E+00 -5.60627558E+00
 -1.88513611E+00 -5.61226928E+00
 -1.89537474E+00 -5.70660436E+00
 -1.90460008E+00 -5.79654480E+00
 -1.90510457E+00 -5.80161354E+00
 -1.90566538E+00 -5.80726760E+00
 -1.92278816E+00 -5.99095780E+00
 -1.92416409E+00 -6.00677572E+00
 -1.93824962E+00 -6.18030207E+00

hb:   line clip z  
frame:
 -3.9999905E+00 -5.9999746E+00
  4.0000095E+00 -5.9999746E+00
  4.0000095E+00  5.0000254E+00
 -3.9999905E+00  5.0000254E+00
clip:
  2.24000988E+00 -6.18030207E+00
  2.35900000E+00 -6.18030207E+00
  2.35900000E+00 -6.11492455E+00
  2.35900000E+00 -5.99095780E+00
  2.35900000E+00 -5.92558029E+00
  2.35900000E+00 -5.80161354E+00
  2.35900000E+00 -5.73623603E+00
  2.35900000E+00 -5.61226928E+00
  2.35900000E+00 -5.54689177E+00
  2.35900000E+00 -5.42292502E+00
  2.35900000E+00 -5.35754750E+00
  2.35900000E+00 -5.23358075E+00
  2.35900000E+00 -5.16820324E+00
  2.35900000E+00 -5.04423649E+00
  2.35900000E+00 -4.97885898E+00
  2.35900000E+00 -4.85489223E+00
  2.35900000E+00 -4.78951472E+00
  2.35900000E+00 -4.66554797E+00
  2.35900000E+00 -4.60017045E+00
  2.35900000E+00 -4.47620371E+00
  2.35900000E+00 -4.41082619E+00
  2.35900000E+00 -4.28685944E+00
  2.35900000E+00 -4.22148193E+00
  2.35900000E+00 -4.09751518E+00
  2.35900000E+00 -4.03213767E+00
  2.35900000E+00 -3.90817092E+00
  2.35900000E+00 -3.84279340E+00
  2.35900000E+00 -3.71882666E+00
  2.35900000E+00 -3.65344914E+00
  2.35900000E+00 -3.52948239E+00
  2.35900000E+00 -3.46410488E+00
  2.35900000E+00 -3.34013813E+00
  2.35900000E+00 -3.27476062E+00
  2.35900000E+00 -3.15079387E+00
  2.35900000E+00 -3.08541636E+00
  2.35900000E+00 -2.96144961E+00
  2.35900000E+00 -2.89607209E+00
  2.35900000E+00 -2.77210535E+00
  2.35900000E+00 -2.70672783E+00
  2.35900000E+00 -2.58276108E+00
  2.35900000E+00 -2.51738357E+00
  2.35900000E+00 -2.39341682E+00
  2.35900000E+00 -2.32803931E+00
  2.35900000E+00 -2.20407256E+00
  2.35900000E+00 -2.13869504E+00
  2.35900000E+00 -2.01472830E+00
  2.35900000E+00 -1.94935078E+00
  2.35900000E+00 -1.82538403E+00
  2.35900000E+00 -1.76000652E+00
  2.24000988E+00 -1.71850000E+00
  2.04547595E+00 -1.71850000E+00
  1.89539449E+00 -1.71850000E+00
  1.70086057E+00 -1.71850000E+00
  1.55077911E+00 -1.71850000E+00
  1.35624518E+00 -1.71850000E+00
  1.20616372E+00 -1.71850000E+00
  1.01162980E+00 -1.71850000E+00
  8.61548338E-01 -1.71850000E+00
  6.67014414E-01 -1.71850000E+00
  5.84915833E-01 -1.82538403E+00
  6.81590010E-01 -1.92425970E+00
  7.58176710E-01 -2.01472830E+00
  8.61548338E-01 -2.15489579E+00
  9.73496882E-01 -2.33190821E+00
  1.05404810E+00 -2.47699469E+00
  1.12844872E+00 -2.62546054E+00
  1.19750709E+00 -2.77686161E+00
  1.27399394E+00 -2.96144961E+00
  1.34506156E+00 -3.15079387E+00
  1.40976243E+00 -3.34013813E+00
  1.46893465E+00 -3.52948239E+00
  1.52682540E+00 -3.73198770E+00
  1.57312296E+00 -3.90817092E+00
  1.61904691E+00 -4.09751518E+00
  1.68540784E+00 -4.40223377E+00
  1.75012810E+00 -4.74536262E+00
  1.80605260E+00 -5.09332419E+00
  1.85364244E+00 -5.44586512E+00
  1.89539449E+00 -5.82483107E+00
  1.92624962E+00 -6.18030207E+00

hb:   line clip z  
frame:
 -3.9999905E+00 -5.9999746E+00
  4.0000095E+00 -5.9999746E+00
  4.0000095E+00  5.0000254E+00
 -3.9999905E+00  5.0000254E+00
clip:
  2.58462526E+00 -6.18030207E+00
  2.60900000E+00 -6.18030207E+00
  2.60900000E+00 -6.16690970E+00
  2.60900000E+00 -5.99095780E+00
  2.60900000E+00 -5.97756543E+00
  2.60900000E+00 -5.80161354E+00
  2.60900000E+00 -5.78822117E+00
  2.60900000E+00 -5.61226928E+00
  2.60900000E+00 -5.59887691E+00
  2.60900000E+00 -5.42292502E+00
  2.60900000E+00 -5.40953265E+00
  2.60900000E+00 -5.23358075E+00
  2.60900000E+00 -5.22018838E+00
  2.60900000E+00 -5.04423649E+00
  2.60900000E+00 -5.03084412E+00
  2.60900000E+00 -4.85489223E+00
  2.60900000E+00 -4.84149986E+00
  2.60900000E+00 -4.66554797E+00
  2.60900000E+00 -4.65215560E+00
  2.60900000E+00 -4.47620371E+00
  2.60900000E+00 -4.46281134E+00
  2.60900000E+00 -4.28685944E+00
  2.60900000E+00 -4.27346707E+00
  2.60900000E+00 -4.09751518E+00
  2.60900000E+00 -4.08412281E+00
  2.60900000E+00 -3.90817092E+00
  2.60900000E+00 -3.89477855E+00
  2.60900000E+00 -3.71882666E+00
  2.60900000E+00 -3.70543429E+00
  2.60900000E+00 -3.52948239E+00
  2.60900000E+00 -3.51609002E+00
  2.60900000E+00 -3.34013813E+00
  2.60900000E+00 -3.32674576E+00
  2.60900000E+00 -3.15079387E+00
  2.60900000E+00 -3.13740150E+00
  2.60900000E+00 -2.96144961E+00
  2.60900000E+00 -2.94805724E+00
  2.60900000E+00 -2.77210535E+00
  2.60900000E+00 -2.75871297E+00
  2.60900000E+00 -2.58276108E+00
  2.60900000E+00 -2.56936871E+00
  2.60900000E+00 -2.39341682E+00
  2.60900000E+00 -2.38002445E+00
  2.60900000E+00 -2.20407256E+00
  2.60900000E+00 -2.19068019E+00
  2.60900000E+00 -2.01472830E+00
  2.60900000E+00 -2.00133593E+00
  2.60900000E+00 -1.82538403E+00
  2.60900000E+00 -1.81199166E+00
  2.60900000E+00 -1.63603977E+00
  2.60900000E+00 -1.62264740E+00
  2.58462526E+00 -1.46850000E+00
  2.27969507E+00 -1.46850000E+00
  2.24000988E+00 -1.46850000E+00
  1.93507968E+00 -1.46850000E+00
  1.89539449E+00 -1.46850000E+00
  1.59046430E+00 -1.46850000E+00
  1.55077911E+00 -1.46850000E+00
  1.48600000E+00 -1.60044777E+00
  1.48600000E+00 -1.63603977E+00
  1.48600000E+00 -1.67163178E+00
  1.55077911E+00 -1.71850000E+00
  1.70086057E+00 -1.71850000E+00
  1.89539449E+00 -1.71850000E+00
  2.04547595E+00 -1.71850000E+00
  2.24000988E+00 -1.71850000E+00
  2.35900000E+00 -1.82538403E+00
  2.35900000E+00 -1.94935078E+00
  2.35900000E+00 -2.01472830E+00
  2.35900000E+00 -2.13869504E+00
  2.35900000E+00 -2.20407256E+00
  2.35900000E+00 -2.32803931E+00
  2.35900000E+00 -2.39341682E+00
  2.35900000E+00 -2.51738357E+00
  2.35900000E+00 -2.58276108E+00
  2.35900000E+00 -2.70672783E+00
  2.35900000E+00 -2.77210535E+00
  2.35900000E+00 -2.89607209E+00
  2.35900000E+00 -2.96144961E+00
  2.35900000E+00 -3.08541636E+00
  2.35900000E+00 -3.15079387E+00
  2.35900000E+00 -3.27476062E+00
  2.35900000E+00 -3.34013813E+00
  2.35900000E+00 -3.46410488E+00
  2.35900000E+00 -3.52948239E+00
  2.35900000E+00 -3.65344914E+00
  2.35900000E+00 -3.71882666E+00
  2.35900000E+00 -3.84279340E+00
  2.35900000E+00 -3.90817092E+00
  2.35900000E+00 -4.03213767E+00
  2.35900000E+00 -4.09751518E+00
  2.35900000E+00 -4.22148193E+00
  2.35900000E+00 -4.28685944E+00
  2.35900000E+00 -4.41082619E+00
  2.35900000E+00 -4.47620371E+00
  2.35900000E+00 -4.60017045E+00
  2.35900000E+00 -4.66554797E+00
  2.35900000E+00 -4.78951472E+00
  2.35900000E+00 -4.85489223E+00
  2.35900000E+00 -4.97885898E+00
  2.35900000E+00 -5.04423649E+00
  2.35900000E+00 -5.16820324E+00
  2.35900000E+00 -5.23358075E+00
  2.35900000E+00 -5.35754750E+00
  2.35900000E+00 -5.42292502E+00
  2.35900000E+00 -5.54689177E+00
  2.35900000E+00 -5.61226928E+00
  2.35900000E+00 -5.73623603E+00
  2.35900000E+00 -5.80161354E+00
  2.35900000E+00 -5.92558029E+00
  2.35900000E+00 -5.99095780E+00
  2.35900000E+00 -6.11492455E+00
  2.35900000E+00 -6.18030207E+00

hb:   line clip z  
clip:
 -1.35622543E+00 -1.71850000E+00
 -5.16913200E-01 -1.71850000E+00
 -3.32236195E-01 -1.63603977E+00
 -3.08901407E-01 -1.52175050E+00
 -5.16913200E-01 -1.46850000E+00
 -8.21843395E-01 -1.46850000E+00
 -8.61528585E-01 -1.46850000E+00
 -1.16645878E+00 -1.46850000E+00
 -1.20614397E+00 -1.46850000E+00
 -1.48600000E+00 -1.48227666E+00
 -1.48600000E+00 -1.63603977E+00

hb:   line clip z  
clip:
  4.16173496E-01 -1.69140069E+00
  5.16932953E-01 -1.71850000E+00
  6.67014414E-01 -1.71850000E+00
  8.61548338E-01 -1.71850000E+00
  1.01162980E+00 -1.71850000E+00
  1.20616372E+00 -1.71850000E+00
  1.35624518E+00 -1.71850000E+00
  1.48600000E+00 -1.63603977E+00
  1.48600000E+00 -1.48228751E+00
  1.20616372E+00 -1.46850000E+00
  9.01233528E-01 -1.46850000E+00
  8.61548338E-01 -1.46850000E+00
  5.56618144E-01 -1.46850000E+00
  5.16932953E-01 -1.46850000E+00
  3.08911558E-01 -1.52174523E+00
  3.20236195E-01 -1.63603977E+00

hb:   line clip z  
clip:
 -1.58600000E+00 -1.46605801E+00
 -1.55075935E+00 -1.46850000E+00
 -1.51107416E+00 -1.46850000E+00
 -1.48600000E+00 -1.44669551E+00
 -1.48600000E+00 -1.41111436E+00
 -1.48600000E+00 -1.25735125E+00
 -1.48600000E+00 -1.22177010E+00
 -1.48600000E+00 -1.06800698E+00
 -1.48600000E+00 -1.03242583E+00
 -1.48600000E+00 -8.78662722E-01
 -1.48600000E+00 -8.43081571E-01
 -1.48600000E+00 -6.89318460E-01
 -1.48600000E+00 -6.53737308E-01
 -1.48600000E+00 -4.99974198E-01
 -1.48600000E+00 -4.64393046E-01
 -1.48600000E+00 -3.10629935E-01
 -1.48600000E+00 -2.75048784E-01
 -1.48600000E+00 -1.21285673E-01
 -1.48600000E+00 -8.57045216E-02
 -1.48600000E+00  6.80585894E-02
 -1.48600000E+00  1.03639741E-01
 -1.48600000E+00  2.57402852E-01
 -1.48600000E+00  2.92984003E-01
 -1.48600000E+00  4.46747114E-01
 -1.48600000E+00  4.82328265E-01
 -1.48600000E+00  6.36091376E-01
 -1.48600000E+00  6.71672528E-01
 -1.48600000E+00  8.25435639E-01
 -1.48600000E+00  8.61016790E-01
 -1.48600000E+00  1.01477990E+00
 -1.48600000E+00  1.05036105E+00
 -1.48600000E+00  1.20412416E+00
 -1.48600000E+00  1.23970531E+00
 -1.48600000E+00  1.39346843E+00
 -1.48600000E+00  1.42904958E+00
 -1.48600000E+00  1.58281269E+00
 -1.48600000E+00  1.61839384E+00
 -1.48600000E+00  1.77215695E+00
 -1.48600000E+00  1.80773810E+00
 -1.48600000E+00  1.96150121E+00
 -1.48600000E+00  1.99708236E+00
 -1.48600000E+00  2.15084547E+00
 -1.48600000E+00  2.18642663E+00
 -1.48600000E+00  2.34018974E+00
 -1.48600000E+00  2.37577089E+00
 -1.48600000E+00  2.52953400E+00
 -1.48600000E+00  2.56511515E+00
 -1.55075935E+00  2.71850000E+00
 -1.58600000E+00  2.54889650E+00
 -1.58600000E+00  2.52953400E+00
 -1.58600000E+00  2.51017150E+00
 -1.58600000E+00  2.34018974E+00
 -1.58600000E+00  2.32082724E+00
 -1.58600000E+00  2.15084547E+00
 -1.58600000E+00  2.13148298E+00
 -1.58600000E+00  1.96150121E+00
 -1.58600000E+00  1.94213872E+00
 -1.58600000E+00  1.77215695E+00
 -1.58600000E+00  1.75279445E+00
 -1.58600000E+00  1.58281269E+00
 -1.58600000E+00  1.56345019E+00
 -1.58600000E+00  1.39346843E+00
 -1.58600000E+00  1.37410593E+00
 -1.58600000E+00  1.20412416E+00
 -1.58600000E+00  1.18476167E+00
 -1.58600000E+00  1.01477990E+00
 -1.58600000E+00  9.95417405E-01
 -1.58600000E+00  8.25435639E-01
 -1.58600000E+00  8.06073142E-01
 -1.58600000E+00  6.36091376E-01
 -1.58600000E+00  6.16728880E-01
 -1.58600000E+00  4.46747114E-01
 -1.58600000E+00  4.27384618E-01
 -1.58600000E+00  2.57402852E-01
 -1.58600000E+00  2.38040355E-01
 -1.58600000E+00  6.80585894E-02
 -1.58600000E+00  4.86960931E-02
 -1.58600000E+00 -1.21285673E-01
 -1.58600000E+00 -1.40648169E-01
 -1.58600000E+00 -3.10629935E-01
 -1.58600000E+00 -3.29992431E-01
 -1.58600000E+00 -4.99974198E-01
 -1.58600000E+00 -5.19336694E-01
 -1.58600000E+00 -6.89318460E-01
 -1.58600000E+00 -7.08680956E-01
 -1.58600000E+00 -8.78662722E-01
 -1.58600000E+00 -8.98025218E-01
 -1.58600000E+00 -1.06800698E+00
 -1.58600000E+00 -1.08736948E+00
 -1.58600000E+00 -1.25735125E+00
 -1.58600000E+00 -1.27671374E+00
 -1.58600000E+00 -1.44669551E+00

hb:   line clip z  
clip:
 -1.24582916E+00 -1.46850000E+00
 -4.77228010E-01 -1.46850000E+00
 -4.27141710E-01 -1.44669551E+00
 -4.63793302E-01 -1.41750950E+00
 -5.16913200E-01 -1.36966051E+00
 -6.18424107E-01 -1.25735125E+00
 -6.87578188E-01 -1.16177655E+00
 -7.44605884E-01 -1.06800698E+00
 -7.71268942E-01 -1.01841504E+00
 -8.35714473E-01 -8.78662722E-01
 -8.40430594E-01 -8.67070716E-01
 -8.61528585E-01 -8.12334508E-01
 -9.02435953E-01 -6.89318460E-01
 -9.40561440E-01 -5.43397731E-01
 -9.49923065E-01 -4.99974198E-01
 -9.72644061E-01 -3.71680831E-01
 -9.80973099E-01 -3.10629935E-01
 -9.92672242E-01 -1.93340782E-01
 -9.97122772E-01 -1.21285673E-01
 -9.99987451E-01 -8.01576176E-03
 -9.99094908E-01  6.80585894E-02
 -9.93292429E-01  1.85006990E-01
 -9.70310816E-01  3.86978189E-01
 -9.26993872E-01  6.00122360E-01
 -8.61528585E-01  8.12334508E-01
 -8.55374139E-01  8.28817116E-01
 -7.73138327E-01  1.01477990E+00
 -7.35512593E-01  1.08401768E+00
 -6.58503571E-01  1.20412416E+00
 -5.16913200E-01  1.36966051E+00
 -5.00993576E-01  1.38472160E+00
 -4.44464342E-01  1.43327447E+00
 -1.72297816E-01  1.57607185E+00
 -1.46180533E-01  1.58281269E+00
  1.46180533E-01  1.58281269E+00
  1.72317569E-01  1.57606632E+00
  1.99684074E-01  1.56777653E+00
  4.91428779E-01  1.39346843E+00
  5.16932953E-01  1.36964142E+00
  6.58503571E-01  1.20412416E+00
  7.12704087E-01  1.12234370E+00
  7.73138327E-01  1.01477990E+00
  7.92101408E-01  9.76623224E-01
  8.56650455E-01  8.25435639E-01
  9.17577432E-01  6.36091376E-01
  9.60228044E-01  4.46747114E-01
  9.86974499E-01  2.57402852E-01
  9.99094908E-01  6.80585894E-02
  9.97122772E-01 -1.21285673E-01
  9.80973099E-01 -3.10629935E-01
  9.49923065E-01 -4.99974198E-01
  9.02435953E-01 -6.89318460E-01
  8.40434175E-01 -8.67061831E-01
  8.28038356E-01 -8.97074329E-01
  7.44605884E-01 -1.06800698E+00
  6.85689931E-01 -1.16463001E+00
  6.18424107E-01 -1.25735125E+00
  5.16932953E-01 -1.36964142E+00
  4.63801126E-01 -1.41750295E+00
  4.27141710E-01 -1.44669551E+00
  4.77247763E-01 -1.46850000E+00
  5.16932953E-01 -1.46850000E+00
  5.56618144E-01 -1.46850000E+00
  8.61548338E-01 -1.46850000E+00
  9.01233528E-01 -1.46850000E+00
  1.20616372E+00 -1.46850000E+00
  1.24584891E+00 -1.46850000E+00
  1.48600000E+00 -1.44669551E+00
  1.48600000E+00 -1.29294325E+00
  1.48600000E+00 -1.25735125E+00
  1.48600000E+00 -1.10359899E+00
  1.48600000E+00 -1.06800698E+00
  1.48600000E+00 -9.14254727E-01
  1.48600000E+00 -8.78662722E-01
  1.48600000E+00 -7.24910464E-01
  1.48600000E+00 -6.89318460E-01
  1.48600000E+00 -5.35566202E-01
  1.48600000E+00 -4.99974198E-01
  1.48600000E+00 -3.46221940E-01
  1.48600000E+00 -3.10629935E-01
  1.48600000E+00 -1.56877677E-01
  1.48600000E+00 -1.21285673E-01
  1.48600000E+00  3.24665850E-02
  1.48600000E+00  6.80585894E-02
  1.48600000E+00  2.21810847E-01
  1.48600000E+00  2.57402852E-01
  1.48600000E+00  4.11155110E-01
  1.48600000E+00  4.46747114E-01
  1.48600000E+00  6.00499372E-01
  1.48600000E+00  6.36091376E-01
  1.48600000E+00  7.89843634E-01
  1.48600000E+00  8.25435639E-01
  1.48600000E+00  9.79187896E-01
  1.48600000E+00  1.01477990E+00
  1.48600000E+00  1.16853216E+00
  1.48600000E+00  1.20412416E+00
  1.48600000E+00  1.35787642E+00
  1.48600000E+00  1.39346843E+00
  1.48600000E+00  1.54722068E+00
  1.48600000E+00  1.58281269E+00
  1.48600000E+00  1.73656495E+00
  1.48600000E+00  1.77215695E+00
  1.48600000E+00  1.92590921E+00
  1.48600000E+00  1.96150121E+00
  1.48600000E+00  2.11525347E+00
  1.48600000E+00  2.15084547E+00
  1.48600000E+00  2.30459773E+00
  1.48600000E+00  2.34018974E+00
  1.48600000E+00  2.49394199E+00
  1.48600000E+00  2.52953400E+00
  1.48600000E+00  2.68328626E+00
  1.20616372E+00  2.71850000E+00
  8.62236792E-01  2.71850000E+00
  5.17621407E-01  2.71850000E+00
  1.73006022E-01  2.71850000E+00
 -1.71609362E-01  2.71850000E+00
 -5.16224747E-01  2.71850000E+00
 -8.60840131E-01  2.71850000E+00
 -1.20545552E+00  2.71850000E+00
 -1.48600000E+00  2.68329711E+00
 -1.48600000E+00  2.52953400E+00
 -1.48600000E+00  2.37577089E+00
 -1.48600000E+00  2.34018974E+00
 -1.48600000E+00  2.18642663E+00
 -1.48600000E+00  2.15084547E+00
 -1.48600000E+00  1.99708236E+00
 -1.48600000E+00  1.96150121E+00
 -1.48600000E+00  1.80773810E+00
 -1.48600000E+00  1.77215695E+00
 -1.48600000E+00  1.61839384E+00
 -1.48600000E+00  1.58281269E+00
 -1.48600000E+00  1.42904958E+00
 -1.48600000E+00  1.39346843E+00
 -1.48600000E+00  1.23970531E+00
 -1.48600000E+00  1.20412416E+00
 -1.48600000E+00  1.05036105E+00
 -1.48600000E+00  1.01477990E+00
 -1.48600000E+00  8.61016790E-01
 -1.48600000E+00  8.25435639E-01
 -1.48600000E+00  6.71672528E-01
 -1.48600000E+00  6.36091376E-01
 -1.48600000E+00  4.82328265E-01
 -1.48600000E+00  4.46747114E-01
 -1.48600000E+00  2.92984003E-01
 -1.48600000E+00  2.57402852E-01
 -1.48600000E+00  1.03639741E-01
 -1.48600000E+00  6.80585894E-02
 -1.48600000E+00 -8.57045216E-02
 -1.48600000E+00 -1.21285673E-01
 -1.48600000E+00 -2.75048784E-01
 -1.48600000E+00 -3.10629935E-01
 -1.48600000E+00 -4.64393046E-01
 -1.48600000E+00 -4.99974198E-01
 -1.48600000E+00 -6.53737308E-01
 -1.48600000E+00 -6.89318460E-01
 -1.48600000E+00 -8.43081571E-01
 -1.48600000E+00 -8.78662722E-01
 -1.48600000E+00 -1.03242583E+00
 -1.48600000E+00 -1.06800698E+00
 -1.48600000E+00 -1.22177010E+00
 -1.48600000E+00 -1.25735125E+00
 -1.48600000E+00 -1.41111436E+00
 -1.48600000E+00 -1.44669551E+00

hb:   line clip z  
clip:
 -3.08901407E-01 -1.52175050E+00
 -1.72297816E-01 -1.57607185E+00
  9.38661806E-02 -1.59293572E+00
  3.08911558E-01 -1.52174523E+00
  5.16932953E-01 -1.36964142E+00
  6.18424107E-01 -1.25735125E+00
  7.44605884E-01 -1.06800698E+00
  8.35714473E-01 -8.78662722E-01
  8.96591818E-01 -7.08572626E-01
  9.10227952E-01 -6.62572104E-01
  9.49923065E-01 -4.99974198E-01
  9.60427859E-01 -4.45646182E-01
  9.80973099E-01 -3.10629935E-01
  9.88608240E-01 -2.40818590E-01
  9.97122772E-01 -1.21285673E-01
  9.99596694E-01 -4.54368707E-02
  9.99094908E-01  6.80585894E-02
  9.96056047E-01  1.41962031E-01
  9.86974499E-01  2.57402852E-01
  9.79512107E-01  3.22216449E-01
  9.60228044E-01  4.46747114E-01
  9.50782295E-01  4.95775505E-01
  9.17577432E-01  6.36091376E-01
  8.61548338E-01  8.12280875E-01
  7.92101408E-01  9.76623224E-01
  7.12704087E-01  1.12234370E+00
  6.17020174E-01  1.25911573E+00
  4.91428779E-01  1.39346843E+00
  1.72317569E-01  1.57606632E+00
 -1.64101747E-01  1.57830947E+00
 -3.56669545E-01  1.49476898E+00
 -5.16913200E-01  1.36966051E+00
 -6.58503571E-01  1.20412416E+00
 -7.73138327E-01  1.01477990E+00
 -8.56650455E-01  8.25435639E-01
 -9.10159946E-01  6.62811220E-01
 -9.26993872E-01  6.00122360E-01
 -9.60228044E-01  4.46747114E-01
 -9.86974499E-01  2.57402852E-01
 -9.99094908E-01  6.80585894E-02
 -9.97122772E-01 -1.21285673E-01
 -9.80973099E-01 -3.10629935E-01
 -9.49923065E-01 -4.99974198E-01
 -9.02435953E-01 -6.89318460E-01
 -8.61528585E-01 -8.12334508E-01
 -7.71268942E-01 -1.01841504E+00
 -6.87578188E-01 -1.16177655E+00
 -5.86695508E-01 -1.29569219E+00
 -4.27141710E-01 -1.44669551E+00

hb:   line clip z  
clip:
  1.51109392E+00 -1.46850000E+00
  1.55077911E+00 -1.46850000E+00
  1.58600000E+00 -1.46604715E+00
  1.58600000E+00 -1.44669551E+00
  1.58600000E+00 -1.42734387E+00
  1.58600000E+00 -1.25735125E+00
  1.58600000E+00 -1.23799960E+00
  1.58600000E+00 -1.06800698E+00
  1.58600000E+00 -1.04865534E+00
  1.58600000E+00 -8.78662722E-01
  1.58600000E+00 -8.59311079E-01
  1.58600000E+00 -6.89318460E-01
  1.58600000E+00 -6.69966817E-01
  1.58600000E+00 -4.99974198E-01
  1.58600000E+00 -4.80622554E-01
  1.58600000E+00 -3.10629935E-01
  1.58600000E+00 -2.91278292E-01
  1.58600000E+00 -1.21285673E-01
  1.58600000E+00 -1.01934030E-01
  1.58600000E+00  6.80585894E-02
  1.58600000E+00  8.74102325E-02
  1.58600000E+00  2.57402852E-01
  1.58600000E+00  2.76754495E-01
  1.58600000E+00  4.46747114E-01
  1.58600000E+00  4.66098757E-01
  1.58600000E+00  6.36091376E-01
  1.58600000E+00  6.55443019E-01
  1.58600000E+00  8.25435639E-01
  1.58600000E+00  8.44787282E-01
  1.58600000E+00  1.01477990E+00
  1.58600000E+00  1.03413154E+00
  1.58600000E+00  1.20412416E+00
  1.58600000E+00  1.22347581E+00
  1.58600000E+00  1.39346843E+00
  1.58600000E+00  1.41282007E+00
  1.58600000E+00  1.58281269E+00
  1.58600000E+00  1.60216433E+00
  1.58600000E+00  1.77215695E+00
  1.58600000E+00  1.79150859E+00
  1.58600000E+00  1.96150121E+00
  1.58600000E+00  1.98085286E+00
  1.58600000E+00  2.15084547E+00
  1.58600000E+00  2.17019712E+00
  1.58600000E+00  2.34018974E+00
  1.58600000E+00  2.35954138E+00
  1.58600000E+00  2.52953400E+00
  1.58600000E+00  2.54888564E+00
  1.55077911E+00  2.71850000E+00
  1.48600000E+00  2.56512600E+00
  1.48600000E+00  2.52953400E+00
  1.48600000E+00  2.49394199E+00
  1.48600000E+00  2.34018974E+00
  1.48600000E+00  2.30459773E+00
  1.48600000E+00  2.15084547E+00
  1.48600000E+00  2.11525347E+00
  1.48600000E+00  1.96150121E+00
  1.48600000E+00  1.92590921E+00
  1.48600000E+00  1.77215695E+00
  1.48600000E+00  1.73656495E+00
  1.48600000E+00  1.58281269E+00
  1.48600000E+00  1.54722068E+00
  1.48600000E+00  1.39346843E+00
  1.48600000E+00  1.35787642E+00
  1.48600000E+00  1.20412416E+00
  1.48600000E+00  1.16853216E+00
  1.48600000E+00  1.01477990E+00
  1.48600000E+00  9.79187896E-01
  1.48600000E+00  8.25435639E-01
  1.48600000E+00  7.89843634E-01
  1.48600000E+00  6.36091376E-01
  1.48600000E+00  6.00499372E-01
  1.48600000E+00  4.46747114E-01
  1.48600000E+00  4.11155110E-01
  1.48600000E+00  2.57402852E-01
  1.48600000E+00  2.21810847E-01
  1.48600000E+00  6.80585894E-02
  1.48600000E+00  3.24665850E-02
  1.48600000E+00 -1.21285673E-01
  1.48600000E+00 -1.56877677E-01
  1.48600000E+00 -3.10629935E-01
  1.48600000E+00 -3.46221940E-01
  1.48600000E+00 -4.99974198E-01
  1.48600000E+00 -5.35566202E-01
  1.48600000E+00 -6.89318460E-01
  1.48600000E+00 -7.24910464E-01
  1.48600000E+00 -8.78662722E-01
  1.48600000E+00 -9.14254727E-01
  1.48600000E+00 -1.06800698E+00
  1.48600000E+00 -1.10359899E+00
  1.48600000E+00 -1.25735125E+00
  1.48600000E+00 -1.29294325E+00
  1.48600000E+00 -1.44669551E+00

hb:   line clip z  
clip:
 -1.55144781E+00  2.71850000E+00
  1.58600000E+00  2.71887826E+00
  1.58600000E+00  2.73822990E+00
  1.55077911E+00  2.81850000E+00
  1.36946290E+00  2.81850000E+00
  1.20616372E+00  2.81850000E+00
  1.02484751E+00  2.81850000E+00
  8.61548338E-01  2.81850000E+00
  6.80232130E-01  2.81850000E+00
  5.16932953E-01  2.81850000E+00
  3.35616745E-01  2.81850000E+00
  1.72317569E-01  2.81850000E+00
 -8.99863962E-03  2.81850000E+00
 -1.72297816E-01  2.81850000E+00
 -3.53614024E-01  2.81850000E+00
 -5.16913200E-01  2.81850000E+00
 -6.98229409E-01  2.81850000E+00
 -8.61528585E-01  2.81850000E+00
 -1.04284479E+00  2.81850000E+00
 -1.20614397E+00  2.81850000E+00
 -1.38746018E+00  2.81850000E+00
 -1.55075935E+00  2.81850000E+00
 -1.58600000E+00  2.73824076E+00
 -1.58600000E+00  2.71887826E+00

#------------------------------------------------------------------------------
z: xorg(1.03)
p: xfac[c2*0.05] form[c1/0.05] notc noxt noyt dmin(1)
p: ymin(0) ymax(1) xmin(0) xmax(1) cmin(1) cmax(100) nosp
hc: y= 0.005 to 0.995 by 0.01 ; x= 0.5 to 0.5 by 1 ;
 1  2  3  4  5  6  7  8  9 10 11 12 13 14 15 16 17 18 19 20
21 22 23 24 25 26 27 28 29 30 31 32 33 34 35 36 37 38 39 40
41 42 43 44 45 46 47 48 49 50 51 52 53 54 55 56 57 58 59 60
61 62 63 64 65 66 67 68 69 70 71 72 73 74 75 76 77 78 79 80
81 82 83 84 85 86 87 88 89 90 91 92 93 94 95 96 97 98 99 100
z: xorg(0.0)
p: xfac[c2*0.05] form[c1/0.05] nosp afac[c5*0.625] ymin[c3] ymax[c4]
p: noxt noxn ytxt(-1) ynum(-1) xltd(-1) xstd(-1) itic(1) ylog
y: Flux [1/cm^2/source]              
#------------------------------------------------------------------------------

wt: s[c5]
\vspace{-3}
  emin  &=&   0.0000E+00 [MeV]
  emax  &=&   1.0000E+03 [MeV]
  zmin  &=&   9.8470E+01 [cm]
  zmax  &=&   9.8490E+01 [cm]
  part. &=& proton  
e:

#------------------------------------------------------------------------------
z: xorg[-1.03/0.05]
p: form[c1] xfac[c2] afac[c5] nosp notf
p: xmin( -4.000000    ) xmax(  4.000000    )
p: ymin( -6.000000    ) ymax(  5.000000    )
 
# Information for Restart Calculation
# This calculation was newly started
# istdev =  2 # 1:Batch variance, 2:History variance
# resc2  = 5.34326029434045030E-03 # Total source weight or Total source weight / maxcas
# resc3  = 3.33500000000000000E+07 # Total history number or Total batch number
# maxcas =       25000 # History / Batch, only used for istdev=1
# bitrseed = 1110111011110100000001100100011101110001100001111101000100011100 # bit data of rseed
