
Errors of cell definition in EPS Page No. =   1
Overlapped Cell IDs  x, y, z  coodinates
(Cells 0       0  indicate undefined region)
       2    6000    -1.890890E+00 -1.675000E+00  9.645456E+01
       2    6000    -1.890890E+00 -1.675000E+00  9.763638E+01
       2    6000    -1.890890E+00 -1.675000E+00  9.881819E+01
       2    6000    -1.890890E+00 -1.675000E+00  1.000000E+02
       2    6008    -9.454358E-01 -1.675000E+00  9.645456E+01
       2    6008    -9.454358E-01 -1.675000E+00  9.763638E+01
       2    6002    -9.454358E-01 -1.675000E+00  9.881819E+01
       2    6000    -9.454358E-01 -1.675000E+00  1.000000E+02
       2    6008     1.876543E-05 -1.675000E+00  9.645456E+01
       2    6008     1.876543E-05 -1.675000E+00  9.763638E+01
       2     700     1.876543E-05 -1.675000E+00  9.881819E+01
       2    6000     1.876543E-05 -1.675000E+00  1.000000E+02
       2    6008     9.454733E-01 -1.675000E+00  9.645456E+01
       2    6008     9.454733E-01 -1.675000E+00  9.763638E+01
       2    6002     9.454733E-01 -1.675000E+00  9.881819E+01
       2    6000     9.454733E-01 -1.675000E+00  1.000000E+02
       2    6000     1.890928E+00 -1.675000E+00  9.645456E+01
       2    6000     1.890928E+00 -1.675000E+00  9.763638E+01
       2    6000     1.890928E+00 -1.675000E+00  9.881819E+01
       2    6000     1.890928E+00 -1.675000E+00  1.000000E+02

Errors of cell definition in EPS Page No. =   1
Overlapped Cell IDs  x, y, z  coodinates
(Cells 0       0  indicate undefined region)
       2    6008    -9.454358E-01 -1.675000E+00  9.645456E+01
       2    6008    -9.454358E-01 -1.675000E+00  9.763638E+01
       2    6008     1.876543E-05 -1.675000E+00  9.645456E+01
       2    6008     1.876543E-05 -1.675000E+00  9.763638E+01
       2    6008     9.454733E-01 -1.675000E+00  9.645456E+01
       2    6008     9.454733E-01 -1.675000E+00  9.763638E+01

Errors of cell definition in EPS Page No. =   1
Overlapped Cell IDs  x, y, z  coodinates
(Cells 0       0  indicate undefined region)
       2    6000    -1.890890E+00 -1.675000E+00  9.645456E+01
       2    6000    -1.890890E+00 -1.675000E+00  9.763638E+01
       2    6000    -1.890890E+00 -1.675000E+00  9.881819E+01
       2    6000    -1.890890E+00 -1.675000E+00  1.000000E+02
       2    6008    -9.454358E-01 -1.675000E+00  9.645456E+01
       2    6008    -9.454358E-01 -1.675000E+00  9.763638E+01
       2    6002    -9.454358E-01 -1.675000E+00  9.881819E+01
       2    6000    -9.454358E-01 -1.675000E+00  1.000000E+02
       2    6008     1.876543E-05 -1.675000E+00  9.645456E+01
       2    6008     1.876543E-05 -1.675000E+00  9.763638E+01
       2     700     1.876543E-05 -1.675000E+00  9.881819E+01
       2    6000     1.876543E-05 -1.675000E+00  1.000000E+02
       2    6008     9.454733E-01 -1.675000E+00  9.645456E+01
       2    6008     9.454733E-01 -1.675000E+00  9.763638E+01
       2    6002     9.454733E-01 -1.675000E+00  9.881819E+01
       2    6000     9.454733E-01 -1.675000E+00  1.000000E+02
       2    6000     1.890928E+00 -1.675000E+00  9.645456E+01
       2    6000     1.890928E+00 -1.675000E+00  9.763638E+01
       2    6000     1.890928E+00 -1.675000E+00  9.881819E+01
       2    6000     1.890928E+00 -1.675000E+00  1.000000E+02

Errors of cell definition in EPS Page No. =   1
Overlapped Cell IDs  x, y, z  coodinates
(Cells 0       0  indicate undefined region)
   10000    6000    -1.890890E+00 -1.675000E+00  9.645456E+01
   10000    6000    -1.890890E+00 -1.675000E+00  9.763638E+01
   10000    6000    -1.890890E+00 -1.675000E+00  9.881819E+01
   10000    6000    -1.890890E+00 -1.675000E+00  1.000000E+02
   10000    6008    -9.454358E-01 -1.675000E+00  9.645456E+01
   10000    6008    -9.454358E-01 -1.675000E+00  9.763638E+01
   10000    6002    -9.454358E-01 -1.675000E+00  9.881819E+01
   10000    6000    -9.454358E-01 -1.675000E+00  1.000000E+02
   10000    6008     1.876543E-05 -1.675000E+00  9.645456E+01
   10000    6008     1.876543E-05 -1.675000E+00  9.763638E+01
   10000     700     1.876543E-05 -1.675000E+00  9.881819E+01
   10000    6000     1.876543E-05 -1.675000E+00  1.000000E+02
   10000    6008     9.454733E-01 -1.675000E+00  9.645456E+01
   10000    6008     9.454733E-01 -1.675000E+00  9.763638E+01
   10000    6002     9.454733E-01 -1.675000E+00  9.881819E+01
   10000    6000     9.454733E-01 -1.675000E+00  1.000000E+02
   10000    6000     1.890928E+00 -1.675000E+00  9.645456E+01
   10000    6000     1.890928E+00 -1.675000E+00  9.763638E+01
   10000    6000     1.890928E+00 -1.675000E+00  9.881819E+01
   10000    6000     1.890928E+00 -1.675000E+00  1.000000E+02

Errors of cell definition in EPS Page No. =   1
Overlapped Cell IDs  x, y, z  coodinates
(Cells 0       0  indicate undefined region)
       2    6000    -1.890890E+00 -1.675000E+00  9.645456E+01
       2    6000    -1.890890E+00 -1.675000E+00  9.763638E+01
       2    6000    -1.890890E+00 -1.675000E+00  9.881819E+01
       2    6000    -1.890890E+00 -1.675000E+00  1.000000E+02
       2    6008    -9.454358E-01 -1.675000E+00  9.645456E+01
       2    6008    -9.454358E-01 -1.675000E+00  9.763638E+01
       2    6002    -9.454358E-01 -1.675000E+00  9.881819E+01
       2    6000    -9.454358E-01 -1.675000E+00  1.000000E+02
       2    6008     1.876543E-05 -1.675000E+00  9.645456E+01
       2    6008     1.876543E-05 -1.675000E+00  9.763638E+01
       2     700     1.876543E-05 -1.675000E+00  9.881819E+01
       2    6000     1.876543E-05 -1.675000E+00  1.000000E+02
       2    6008     9.454733E-01 -1.675000E+00  9.645456E+01
       2    6008     9.454733E-01 -1.675000E+00  9.763638E+01
       2    6002     9.454733E-01 -1.675000E+00  9.881819E+01
       2    6000     9.454733E-01 -1.675000E+00  1.000000E+02
       2    6000     1.890928E+00 -1.675000E+00  9.645456E+01
       2    6000     1.890928E+00 -1.675000E+00  9.763638E+01
       2    6000     1.890928E+00 -1.675000E+00  9.881819E+01
       2    6000     1.890928E+00 -1.675000E+00  1.000000E+02
