[ T-Track ]
    title = [t-track] in xyz mesh
     mesh =  xyz            # mesh type is xyz scoring mesh
   x-type =    2            # x-mesh is linear given by xmin, xmax and nx
     xmin =  -4.000000      # minimum value of x-mesh points
     xmax =   4.000000      # maximum value of x-mesh points
#    xdel =  0.3200000      # mesh width of x-mesh points
       nx =     25          # number of x-mesh points
#    data = ( x(i), i = 1, nx + 1 )
#          -4.00000E+00 -3.68000E+00 -3.36000E+00 -3.04000E+00 -2.72000E+00
#          -2.40000E+00 -2.08000E+00 -1.76000E+00 -1.44000E+00 -1.12000E+00
#          -8.00000E-01 -4.80000E-01 -1.60000E-01  1.60000E-01  4.80000E-01
#           8.00000E-01  1.12000E+00  1.44000E+00  1.76000E+00  2.08000E+00
#           2.40000E+00  2.72000E+00  3.04000E+00  3.36000E+00  3.68000E+00
#           4.00000E+00
   y-type =    2            # y-mesh is linear given by ymin, ymax and ny
     ymin =  -6.000000      # minimum value of y-mesh points
     ymax =   5.000000      # maximum value of y-mesh points
#    ydel =  0.1833333      # mesh width of y-mesh points
       ny =     60          # number of y-mesh points
#    data = ( y(i), i = 1, ny + 1 )
#          -6.00000E+00 -5.81667E+00 -5.63333E+00 -5.45000E+00 -5.26667E+00
#          -5.08333E+00 -4.90000E+00 -4.71667E+00 -4.53333E+00 -4.35000E+00
#          -4.16667E+00 -3.98333E+00 -3.80000E+00 -3.61667E+00 -3.43333E+00
#          -3.25000E+00 -3.06667E+00 -2.88333E+00 -2.70000E+00 -2.51667E+00
#          -2.33333E+00 -2.15000E+00 -1.96667E+00 -1.78333E+00 -1.60000E+00
#          -1.41667E+00 -1.23333E+00 -1.05000E+00 -8.66667E-01 -6.83333E-01
#          -5.00000E-01 -3.16667E-01 -1.33333E-01  5.00000E-02  2.33333E-01
#           4.16667E-01  6.00000E-01  7.83333E-01  9.66667E-01  1.15000E+00
#           1.33333E+00  1.51667E+00  1.70000E+00  1.88333E+00  2.06667E+00
#           2.25000E+00  2.43333E+00  2.61667E+00  2.80000E+00  2.98333E+00
#           3.16667E+00  3.35000E+00  3.53333E+00  3.71667E+00  3.90000E+00
#           4.08333E+00  4.26667E+00  4.45000E+00  4.63333E+00  4.81667E+00
#           5.00000E+00
   z-type =    1            # z-mesh is given by the below data
       nz =      1          # number of z-mesh points
#    data = ( z(i), i = 1, nz + 1 )
            9.84700E+01  9.84900E+01
   e-type =    1            # e-mesh is given by the below data
       ne =      1          # number of e-mesh points
#    data = ( e(i), i = 1, ne + 1 )
            0.00000E+00  1.00000E+03
     unit =    1            # unit is [1/cm^2/source]
 material =  all            # (D=all) number of specific material
  2D-type =    3            # 1:Cont, 2:Clust, 3:Color, 4:xyz, 5:mat, 6:Clust+Cont, 7:Col+Cont
     axis =      xy            # axis of output
     file = track_xy_L.out  # file name of output for the above axis
     part =  proton   
# kf/name :  2212     
    gshow =    1            # 0: no 1:bnd, 2:bnd+mat, 3:bnd+reg 4:bnd+lat 5:bmp style
    resol =    1            # (D=1) resolution of gshow or rshow
    width = 0.5000000       # (D=0.5) width of lines for gshow or rshow
   epsout =    1            # (D=0) generate eps file by ANGEL
#    used :        main (  %)        temp (  %)       total (  %)
#  memory :          95 (  0)           0 (  0)          95 (  0)

#------------------------------------------------------------------------------
#newpage:
#   no. =  1   ie  =  1   iz  =  1   part. = proton  
#   e = (   0.0000E+00  -   1.0000E+03  )
#   z = (   9.8470E+01  -   9.8490E+01  )

'no. =  1,  ie =  1,  iz =  1'
msuc: {\huge [t-track] in xyz mesh}
msdr: {\it plotted by \ANGEL \version}
msdl: {\it calculated by \PHITS  3.35}

x: x [cm]
y: y [cm]
set: c1[ 1.375] c2[ 0.768] c5[ 0.800] c6[ 0.878] c7[ 0.250] c8[ 0.000]
p: h2fs form[c1] xfac[c2] afac[c5] scal[c6] xorg[c7] yorg[c8] nosp
set: c3[1.0e-4] c4[1.0]
p: cmin[c3] cmax[c4]
p: dmin(1e-31)
p: zlog
p: xmin( -4.000000    ) xmax(  4.000000    )
p: ymin( -6.000000    ) ymax(  5.000000    )
#  ny =  60   nx =  25
# ( ( data(x,y), x = 1, nx ), y = ny, 1, -1 )

hc:  y =   4.908333     to  -5.908333     by  0.1833333     ; x =  -3.840000     to   3.840000     by  0.3200000     ;
  9.651E-02  1.038E-01  8.990E-02  9.526E-02  8.404E-02  7.950E-02  7.821E-02  8.171E-02  7.603E-02  7.180E-02
  7.674E-02  7.555E-02  6.864E-02  7.279E-02  7.961E-02  7.851E-02  7.614E-02  7.722E-02  8.034E-02  8.488E-02
  8.758E-02  8.945E-02  9.622E-02  1.071E-01  1.010E-01  9.671E-02  9.959E-02  8.492E-02  8.305E-02  8.423E-02
  8.102E-02  7.608E-02  7.188E-02  7.065E-02  7.700E-02  7.110E-02  7.696E-02  7.571E-02  7.148E-02  7.538E-02
  7.553E-02  7.521E-02  7.701E-02  7.975E-02  8.815E-02  8.467E-02  8.138E-02  8.496E-02  8.909E-02  9.945E-02
  1.043E-01  9.112E-02  8.549E-02  7.869E-02  8.198E-02  8.251E-02  7.706E-02  7.671E-02  6.934E-02  7.536E-02
  7.274E-02  7.671E-02  7.095E-02  7.005E-02  6.820E-02  7.098E-02  7.275E-02  7.145E-02  7.034E-02  7.741E-02
  8.250E-02  8.034E-02  8.239E-02  9.078E-02  9.876E-02  9.157E-02  8.961E-02  8.131E-02  7.945E-02  8.040E-02
  7.406E-02  7.156E-02  7.210E-02  6.943E-02  7.121E-02  6.869E-02  6.727E-02  6.568E-02  6.743E-02  7.022E-02
  6.560E-02  7.048E-02  7.029E-02  7.356E-02  7.347E-02  8.216E-02  8.178E-02  7.902E-02  8.586E-02  8.601E-02
  9.973E-02  8.226E-02  8.505E-02  7.812E-02  7.623E-02  7.260E-02  6.901E-02  6.592E-02  6.712E-02  6.709E-02
  6.521E-02  6.534E-02  6.533E-02  6.466E-02  6.367E-02  6.637E-02  6.786E-02  6.626E-02  6.803E-02  7.428E-02
  7.184E-02  7.722E-02  8.144E-02  8.867E-02  9.221E-02  8.712E-02  7.981E-02  7.650E-02  7.380E-02  7.058E-02
  7.605E-02  6.652E-02  6.551E-02  6.601E-02  6.337E-02  6.397E-02  6.217E-02  6.190E-02  6.281E-02  6.064E-02
  6.569E-02  6.263E-02  6.561E-02  7.033E-02  7.089E-02  7.098E-02  7.650E-02  7.654E-02  8.006E-02  8.152E-02
  8.651E-02  8.077E-02  7.246E-02  7.036E-02  7.068E-02  6.724E-02  7.084E-02  6.470E-02  6.305E-02  6.584E-02
  6.554E-02  5.892E-02  5.850E-02  5.901E-02  6.094E-02  6.308E-02  6.451E-02  6.283E-02  6.743E-02  6.965E-02
  7.034E-02  7.649E-02  7.480E-02  7.492E-02  8.170E-02  7.913E-02  7.657E-02  7.090E-02  6.839E-02  7.066E-02
  6.659E-02  6.442E-02  6.473E-02  6.176E-02  6.199E-02  5.932E-02  6.114E-02  6.158E-02  6.155E-02  5.914E-02
  6.090E-02  6.286E-02  6.238E-02  6.396E-02  6.654E-02  6.732E-02  7.218E-02  7.409E-02  7.423E-02  8.044E-02
  8.043E-02  7.319E-02  7.037E-02  6.850E-02  6.742E-02  6.479E-02  6.260E-02  5.854E-02  6.234E-02  6.290E-02
  6.037E-02  5.919E-02  5.591E-02  5.886E-02  6.218E-02  5.739E-02  6.246E-02  6.331E-02  6.448E-02  6.613E-02
  6.885E-02  6.747E-02  7.132E-02  7.324E-02  7.776E-02  7.296E-02  7.186E-02  6.705E-02  6.663E-02  6.788E-02
  6.236E-02  6.432E-02  5.735E-02  5.970E-02  5.652E-02  5.817E-02  5.735E-02  6.044E-02  5.809E-02  6.113E-02
  6.043E-02  6.050E-02  5.940E-02  6.178E-02  6.103E-02  6.820E-02  7.127E-02  7.181E-02  7.429E-02  7.841E-02
  7.996E-02  7.200E-02  6.487E-02  6.979E-02  6.625E-02  6.449E-02  6.144E-02  6.155E-02  6.108E-02  5.496E-02
  5.689E-02  5.942E-02  5.769E-02  5.540E-02  5.707E-02  5.993E-02  5.840E-02  6.088E-02  5.977E-02  5.966E-02
  6.663E-02  6.251E-02  6.987E-02  7.153E-02  7.308E-02  7.115E-02  7.041E-02  6.455E-02  6.491E-02  6.269E-02
  6.084E-02  5.926E-02  5.679E-02  5.971E-02  5.541E-02  5.758E-02  5.789E-02  5.663E-02  5.813E-02  5.806E-02
  5.586E-02  5.837E-02  5.816E-02  6.027E-02  6.313E-02  6.217E-02  6.694E-02  6.484E-02  7.033E-02  7.403E-02
  7.138E-02  7.016E-02  6.506E-02  6.326E-02  5.887E-02  6.179E-02  5.811E-02  6.010E-02  6.876E-02  6.390E-02
  6.245E-02  6.274E-02  6.402E-02  6.622E-02  6.230E-02  6.276E-02  6.438E-02  6.240E-02  6.075E-02  6.184E-02
  6.226E-02  6.311E-02  6.496E-02  6.854E-02  7.234E-02  6.958E-02  6.996E-02  6.654E-02  6.487E-02  7.426E-02
  5.947E-02  6.097E-02  6.012E-02  6.363E-02  6.068E-02  6.236E-02  6.244E-02  6.142E-02  6.705E-02  6.193E-02
  6.393E-02  6.399E-02  5.756E-02  5.612E-02  6.162E-02  5.787E-02  6.441E-02  6.171E-02  7.007E-02  7.200E-02
  6.835E-02  6.562E-02  6.313E-02  5.931E-02  6.038E-02  6.562E-02  5.750E-02  5.896E-02  6.353E-02  6.764E-02
  6.414E-02  5.937E-02  6.278E-02  6.675E-02  6.392E-02  6.458E-02  6.085E-02  5.862E-02  5.620E-02  5.839E-02
  5.875E-02  6.451E-02  6.356E-02  6.687E-02  6.968E-02  6.416E-02  6.614E-02  6.032E-02  6.233E-02  6.076E-02
  5.802E-02  5.511E-02  5.621E-02  6.247E-02  6.308E-02  6.439E-02  6.184E-02  6.475E-02  6.356E-02  6.286E-02
  6.488E-02  6.222E-02  6.025E-02  5.743E-02  5.603E-02  6.175E-02  5.935E-02  6.371E-02  6.150E-02  6.744E-02
  6.576E-02  6.470E-02  6.155E-02  6.121E-02  5.602E-02  5.620E-02  5.859E-02  5.717E-02  6.306E-02  6.374E-02
  6.093E-02  6.294E-02  6.232E-02  6.029E-02  6.015E-02  6.580E-02  6.364E-02  6.045E-02  5.574E-02  5.746E-02
  5.733E-02  6.416E-02  6.288E-02  6.696E-02  6.668E-02  6.278E-02  6.303E-02  6.189E-02  5.797E-02  5.735E-02
  5.634E-02  5.494E-02  6.243E-02  6.620E-02  6.445E-02  6.438E-02  6.615E-02  6.146E-02  5.919E-02  6.126E-02
  6.650E-02  6.050E-02  6.212E-02  5.459E-02  5.773E-02  5.807E-02  6.362E-02  6.365E-02  6.432E-02  6.780E-02
  6.557E-02  6.529E-02  6.130E-02  5.583E-02  5.550E-02  5.709E-02  5.531E-02  5.855E-02  6.602E-02  6.368E-02
  6.509E-02  6.381E-02  6.246E-02  6.226E-02  6.409E-02  6.389E-02  6.271E-02  5.806E-02  5.464E-02  5.663E-02
  5.824E-02  5.728E-02  5.954E-02  6.276E-02  6.404E-02  6.636E-02  6.402E-02  5.852E-02  5.808E-02  5.476E-02
  5.826E-02  5.670E-02  5.697E-02  6.197E-02  6.001E-02  6.526E-02  6.462E-02  6.021E-02  6.270E-02  6.158E-02
  6.105E-02  6.122E-02  5.732E-02  5.479E-02  5.636E-02  5.608E-02  5.680E-02  6.364E-02  6.415E-02  6.525E-02
  6.509E-02  6.483E-02  5.619E-02  5.811E-02  5.475E-02  5.595E-02  5.505E-02  5.737E-02  6.158E-02  6.307E-02
  6.526E-02  6.343E-02  6.052E-02  6.282E-02  6.447E-02  6.459E-02  6.577E-02  5.792E-02  5.587E-02  5.630E-02
  5.741E-02  5.976E-02  5.977E-02  6.238E-02  6.567E-02  6.512E-02  6.249E-02  5.918E-02  5.696E-02  5.806E-02
  5.747E-02  5.426E-02  5.869E-02  6.172E-02  6.566E-02  6.398E-02  6.693E-02  6.482E-02  6.883E-02  6.377E-02
  6.344E-02  6.254E-02  5.797E-02  5.551E-02  5.490E-02  5.627E-02  6.066E-02  5.689E-02  6.108E-02  6.473E-02
  5.745E-02  6.063E-02  5.683E-02  5.903E-02  5.690E-02  5.656E-02  5.246E-02  5.915E-02  6.369E-02  6.134E-02
  6.444E-02  6.435E-02  6.463E-02  6.424E-02  6.348E-02  6.206E-02  6.152E-02  5.743E-02  5.803E-02  5.698E-02
  5.931E-02  5.670E-02  5.671E-02  6.178E-02  6.131E-02  6.115E-02  5.855E-02  5.760E-02  5.638E-02  5.579E-02
  5.390E-02  5.357E-02  5.822E-02  6.253E-02  6.390E-02  6.263E-02  6.197E-02  6.301E-02  6.302E-02  6.676E-02
  6.478E-02  5.959E-02  5.608E-02  5.538E-02  5.940E-02  5.480E-02  6.127E-02  5.931E-02  6.243E-02  6.389E-02
  6.514E-02  5.845E-02  5.905E-02  5.664E-02  5.680E-02  5.573E-02  5.589E-02  5.921E-02  6.246E-02  6.350E-02
  6.266E-02  6.824E-02  6.277E-02  6.359E-02  6.319E-02  6.431E-02  6.206E-02  5.948E-02  5.400E-02  5.760E-02
  5.664E-02  5.574E-02  5.764E-02  6.036E-02  6.537E-02  6.429E-02  6.037E-02  5.774E-02  5.619E-02  5.792E-02
  5.593E-02  5.387E-02  5.868E-02  6.225E-02  6.419E-02  6.392E-02  6.438E-02  6.485E-02  6.693E-02  6.644E-02
  6.302E-02  6.285E-02  5.646E-02  5.694E-02  5.524E-02  5.498E-02  5.744E-02  6.025E-02  6.121E-02  6.428E-02
  6.479E-02  6.022E-02  5.825E-02  5.486E-02  5.518E-02  5.574E-02  5.672E-02  5.538E-02  6.103E-02  6.646E-02
  6.685E-02  6.662E-02  6.235E-02  6.952E-02  7.044E-02  6.560E-02  6.469E-02  5.765E-02  5.513E-02  5.455E-02
  5.754E-02  5.726E-02  5.944E-02  6.205E-02  6.102E-02  6.155E-02  5.998E-02  5.955E-02  5.998E-02  5.757E-02
  5.945E-02  5.396E-02  6.112E-02  6.618E-02  6.511E-02  6.249E-02  6.790E-02  6.000E-02  6.338E-02  6.661E-02
  6.433E-02  6.243E-02  5.877E-02  5.415E-02  5.779E-02  5.591E-02  5.783E-02  5.987E-02  5.955E-02  6.131E-02
  5.974E-02  6.173E-02  5.754E-02  5.422E-02  5.737E-02  5.477E-02  5.519E-02  5.902E-02  6.426E-02  6.355E-02
  6.052E-02  6.868E-02  6.603E-02  6.607E-02  6.529E-02  6.363E-02  6.247E-02  5.987E-02  5.505E-02  5.508E-02
  5.700E-02  5.449E-02  6.226E-02  6.389E-02  6.183E-02  6.191E-02  6.191E-02  5.803E-02  5.624E-02  5.485E-02
  5.339E-02  5.528E-02  5.865E-02  6.460E-02  6.436E-02  6.498E-02  6.835E-02  6.542E-02  6.416E-02  6.263E-02
  6.363E-02  6.530E-02  6.158E-02  5.684E-02  5.519E-02  5.726E-02  5.999E-02  5.665E-02  5.821E-02  6.667E-02
  6.481E-02  6.178E-02  5.706E-02  5.991E-02  5.542E-02  5.615E-02  5.411E-02  5.591E-02  6.249E-02  6.508E-02
  5.972E-02  6.319E-02  6.930E-02  6.351E-02  6.472E-02  6.306E-02  5.968E-02  5.717E-02  5.636E-02  5.558E-02
  5.681E-02  6.001E-02  5.713E-02  6.304E-02  6.318E-02  6.226E-02  6.499E-02  5.634E-02  5.618E-02  5.691E-02
  5.529E-02  5.625E-02  5.840E-02  6.567E-02  6.099E-02  6.733E-02  6.445E-02  6.389E-02  6.455E-02  6.015E-02
  6.589E-02  6.662E-02  5.662E-02  5.473E-02  5.751E-02  5.883E-02  5.895E-02  5.954E-02  6.028E-02  6.026E-02
  6.356E-02  5.684E-02  5.881E-02  5.917E-02  5.553E-02  5.690E-02  5.728E-02  6.046E-02  6.600E-02  6.197E-02
  6.861E-02  6.322E-02  6.215E-02  6.741E-02  6.342E-02  6.489E-02  6.355E-02  5.701E-02  5.621E-02  5.828E-02
  5.790E-02  5.517E-02  5.808E-02  6.002E-02  6.226E-02  6.459E-02  6.019E-02  5.902E-02  5.826E-02  5.638E-02
  5.581E-02  5.582E-02  5.665E-02  6.420E-02  6.253E-02  6.592E-02  6.413E-02  6.567E-02  6.338E-02  6.563E-02
  6.360E-02  6.342E-02  5.811E-02  5.222E-02  5.533E-02  5.893E-02  5.723E-02  5.856E-02  6.190E-02  6.269E-02
  6.417E-02  6.304E-02  5.825E-02  5.740E-02  5.558E-02  5.582E-02  5.501E-02  6.018E-02  6.400E-02  6.560E-02
  6.473E-02  6.255E-02  6.557E-02  6.257E-02  6.774E-02  6.420E-02  6.476E-02  6.351E-02  5.496E-02  5.612E-02
  5.542E-02  5.767E-02  5.998E-02  6.548E-02  6.610E-02  6.654E-02  6.108E-02  5.921E-02  5.626E-02  9.118E-02
  1.030E-01  1.011E-01  9.139E-02  8.768E-02  8.572E-02  8.201E-02  8.555E-02  8.129E-02  8.265E-02  9.319E-02
  8.327E-02  9.373E-02  9.954E-02  9.853E-02  1.022E-01  9.107E-02  5.858E-02  6.109E-02  6.362E-02  6.451E-02
  6.527E-02  6.294E-02  5.958E-02  5.747E-02  2.612E-01  0.000E+00  0.000E+00  0.000E+00  1.000E+00  1.000E+00
  7.071E-01  0.000E+00  1.000E+00  0.000E+00  0.000E+00  0.000E+00  8.099E-01  0.000E+00  0.000E+00  0.000E+00
  1.826E-01  6.086E-02  6.147E-02  6.518E-02  6.584E-02  6.637E-02  6.142E-02  6.242E-02  6.201E-02  2.304E-01
  0.000E+00  0.000E+00  0.000E+00  0.000E+00  0.000E+00  0.000E+00  0.000E+00  0.000E+00  0.000E+00  0.000E+00
  0.000E+00  0.000E+00  0.000E+00  0.000E+00  0.000E+00  1.828E-01  5.956E-02  6.203E-02  6.097E-02  6.269E-02
  7.032E-02  6.514E-02  6.330E-02  6.242E-02  2.425E-01  0.000E+00  0.000E+00  0.000E+00  0.000E+00  0.000E+00
  0.000E+00  0.000E+00  0.000E+00  0.000E+00  0.000E+00  0.000E+00  0.000E+00  0.000E+00  0.000E+00  0.000E+00
  1.874E-01  6.206E-02  6.053E-02  6.697E-02  6.668E-02  6.916E-02  6.382E-02  6.474E-02  6.430E-02  3.015E-01
  0.000E+00  0.000E+00  0.000E+00  0.000E+00  0.000E+00  0.000E+00  0.000E+00  0.000E+00  0.000E+00  0.000E+00
  0.000E+00  0.000E+00  0.000E+00  0.000E+00  0.000E+00  2.311E-01  6.181E-02  6.377E-02  6.566E-02  7.056E-02
  6.625E-02  6.491E-02  6.436E-02  6.385E-02  2.774E-01  0.000E+00  0.000E+00  0.000E+00  0.000E+00  0.000E+00
  0.000E+00  0.000E+00  0.000E+00  0.000E+00  0.000E+00  0.000E+00  0.000E+00  0.000E+00  0.000E+00  0.000E+00
  2.425E-01  6.469E-02  6.465E-02  7.053E-02  6.978E-02  7.130E-02  6.574E-02  6.385E-02  6.226E-02  2.335E-01
  0.000E+00  0.000E+00  0.000E+00  0.000E+00  0.000E+00  0.000E+00  0.000E+00  0.000E+00  0.000E+00  0.000E+00
  0.000E+00  0.000E+00  0.000E+00  0.000E+00  0.000E+00  2.085E-01  6.325E-02  6.443E-02  6.664E-02  7.431E-02
  7.541E-02  6.994E-02  6.765E-02  6.270E-02  2.793E-01  0.000E+00  0.000E+00  0.000E+00  0.000E+00  0.000E+00
  0.000E+00  0.000E+00  0.000E+00  0.000E+00  0.000E+00  0.000E+00  0.000E+00  0.000E+00  0.000E+00  0.000E+00
  3.162E-01  6.846E-02  6.682E-02  6.843E-02  7.336E-02  7.172E-02  7.601E-02  6.870E-02  6.558E-02  2.425E-01
  0.000E+00  0.000E+00  0.000E+00  0.000E+00  0.000E+00  0.000E+00  0.000E+00  0.000E+00  0.000E+00  0.000E+00
  0.000E+00  0.000E+00  0.000E+00  0.000E+00  0.000E+00  2.041E-01  6.496E-02  6.986E-02  6.632E-02  7.255E-02
  7.129E-02  6.779E-02  6.468E-02  7.103E-02  2.568E-01  0.000E+00  0.000E+00  0.000E+00  0.000E+00  0.000E+00
  0.000E+00  0.000E+00  0.000E+00  0.000E+00  0.000E+00  0.000E+00  0.000E+00  0.000E+00  0.000E+00  0.000E+00
  2.582E-01  6.558E-02  6.764E-02  6.859E-02  7.609E-02  7.290E-02  7.243E-02  7.350E-02  6.990E-02  3.015E-01
  0.000E+00  0.000E+00  0.000E+00  0.000E+00  0.000E+00  0.000E+00  0.000E+00  0.000E+00  0.000E+00  0.000E+00
  0.000E+00  0.000E+00  0.000E+00  0.000E+00  0.000E+00  2.582E-01  6.744E-02  7.041E-02  7.163E-02  7.820E-02
  8.549E-02  7.935E-02  6.841E-02  6.886E-02  2.887E-01  0.000E+00  0.000E+00  0.000E+00  0.000E+00  0.000E+00
  0.000E+00  0.000E+00  0.000E+00  0.000E+00  0.000E+00  0.000E+00  0.000E+00  0.000E+00  0.000E+00  0.000E+00
  2.897E-01  7.160E-02  7.036E-02  7.910E-02  8.306E-02  7.738E-02  7.649E-02  7.694E-02  7.485E-02  3.536E-01
  0.000E+00  0.000E+00  0.000E+00  0.000E+00  0.000E+00  0.000E+00  0.000E+00  0.000E+00  0.000E+00  0.000E+00
  0.000E+00  0.000E+00  0.000E+00  0.000E+00  0.000E+00  2.673E-01  7.585E-02  7.498E-02  7.628E-02  8.225E-02
  8.496E-02  7.966E-02  8.138E-02  7.881E-02  2.673E-01  0.000E+00  0.000E+00  0.000E+00  0.000E+00  0.000E+00
  0.000E+00  0.000E+00  0.000E+00  0.000E+00  0.000E+00  0.000E+00  0.000E+00  0.000E+00  0.000E+00  0.000E+00
  2.582E-01  7.761E-02  7.491E-02  8.095E-02  8.944E-02  8.299E-02  8.607E-02  7.822E-02  7.573E-02  3.162E-01
  0.000E+00  0.000E+00  0.000E+00  0.000E+00  0.000E+00  0.000E+00  0.000E+00  0.000E+00  0.000E+00  0.000E+00
  0.000E+00  0.000E+00  0.000E+00  0.000E+00  0.000E+00  3.780E-01  7.444E-02  8.168E-02  8.081E-02  8.471E-02
  9.054E-02  8.478E-02  7.808E-02  7.439E-02  2.294E-01  0.000E+00  0.000E+00  0.000E+00  0.000E+00  0.000E+00
  0.000E+00  0.000E+00  0.000E+00  0.000E+00  0.000E+00  0.000E+00  0.000E+00  0.000E+00  0.000E+00  0.000E+00
  2.085E-01  8.454E-02  8.507E-02  8.203E-02  9.452E-02  9.322E-02  8.631E-02  8.297E-02  7.747E-02  3.207E-01
  0.000E+00  0.000E+00  0.000E+00  0.000E+00  0.000E+00  0.000E+00  0.000E+00  0.000E+00  0.000E+00  0.000E+00
  0.000E+00  0.000E+00  0.000E+00  0.000E+00  0.000E+00  2.294E-01  8.305E-02  8.472E-02  8.428E-02  9.835E-02
  9.981E-02  1.023E-01  9.306E-02  8.371E-02  7.071E-01  0.000E+00  0.000E+00  0.000E+00  0.000E+00  0.000E+00
  0.000E+00  0.000E+00  0.000E+00  0.000E+00  0.000E+00  0.000E+00  0.000E+00  0.000E+00  0.000E+00  0.000E+00
  3.162E-01  8.058E-02  8.513E-02  9.759E-02  8.806E-02  9.631E-02  9.579E-02  9.328E-02  8.683E-02  3.780E-01
  0.000E+00  0.000E+00  0.000E+00  0.000E+00  0.000E+00  0.000E+00  0.000E+00  0.000E+00  0.000E+00  0.000E+00
  0.000E+00  0.000E+00  0.000E+00  0.000E+00  0.000E+00  4.082E-01  8.909E-02  9.285E-02  9.492E-02  1.031E-01
  1.061E-01  9.692E-02  9.238E-02  9.039E-02  5.000E-01  0.000E+00  0.000E+00  0.000E+00  0.000E+00  0.000E+00
  0.000E+00  0.000E+00  0.000E+00  0.000E+00  0.000E+00  0.000E+00  0.000E+00  0.000E+00  0.000E+00  0.000E+00
  3.333E-01  1.014E-01  9.863E-02  9.079E-02  1.091E-01  1.163E-01  1.108E-01  9.244E-02  1.016E-01  3.780E-01
  0.000E+00  0.000E+00  0.000E+00  0.000E+00  0.000E+00  0.000E+00  0.000E+00  0.000E+00  0.000E+00  0.000E+00
  0.000E+00  0.000E+00  0.000E+00  0.000E+00  0.000E+00  3.015E-01  9.640E-02  9.380E-02  1.010E-01  1.173E-01
  1.088E-01  1.157E-01  9.557E-02  1.013E-01  7.071E-01  0.000E+00  0.000E+00  0.000E+00  0.000E+00  0.000E+00
  0.000E+00  0.000E+00  0.000E+00  0.000E+00  0.000E+00  0.000E+00  0.000E+00  0.000E+00  0.000E+00  0.000E+00
  5.000E-01  9.407E-02  9.649E-02  1.179E-01  1.139E-01  1.222E-01  1.178E-01  1.057E-01  1.074E-01  3.333E-01
  0.000E+00  0.000E+00  0.000E+00  0.000E+00  0.000E+00  0.000E+00  0.000E+00  0.000E+00  0.000E+00  0.000E+00
  0.000E+00  0.000E+00  0.000E+00  0.000E+00  0.000E+00  7.071E-01  1.104E-01  1.078E-01  1.135E-01  1.266E-01
  1.174E-01  1.106E-01  1.072E-01  1.105E-01  5.000E-01  0.000E+00  0.000E+00  0.000E+00  0.000E+00  0.000E+00
  0.000E+00  0.000E+00  0.000E+00  0.000E+00  0.000E+00  0.000E+00  0.000E+00  0.000E+00  0.000E+00  0.000E+00
  4.472E-01  9.901E-02  1.045E-01  1.170E-01  1.222E-01  1.382E-01  1.275E-01  1.132E-01  1.162E-01  5.000E-01
  0.000E+00  0.000E+00  0.000E+00  0.000E+00  0.000E+00  0.000E+00  0.000E+00  0.000E+00  0.000E+00  0.000E+00
  0.000E+00  0.000E+00  0.000E+00  0.000E+00  0.000E+00  4.472E-01  1.160E-01  1.147E-01  1.337E-01  1.333E-01

#------------------------------------------------------------------------------
# gshow
#------------------------------------------------------------------------------

p: legs[c5*0.875]

hb:   line clip z  
frame:
 -3.9999905E+00 -5.9999746E+00
  4.0000095E+00 -5.9999746E+00
  4.0000095E+00  5.0000254E+00
 -3.9999905E+00  5.0000254E+00
clip:
 -4.30768243E+00 -6.18030207E+00
 -2.62100000E+00 -6.18030207E+00
 -2.62100000E+00 -6.01095427E+00
 -2.62100000E+00 -5.99095780E+00
 -2.62100000E+00 -5.82161000E+00
 -2.62100000E+00 -5.80161354E+00
 -2.62100000E+00 -5.63226574E+00
 -2.62100000E+00 -5.61226928E+00
 -2.62100000E+00 -5.44292148E+00
 -2.62100000E+00 -5.42292502E+00
 -2.62100000E+00 -5.25357722E+00
 -2.62100000E+00 -5.23358075E+00
 -2.62100000E+00 -5.06423295E+00
 -2.62100000E+00 -5.04423649E+00
 -2.62100000E+00 -4.87488869E+00
 -2.62100000E+00 -4.85489223E+00
 -2.62100000E+00 -4.68554443E+00
 -2.62100000E+00 -4.66554797E+00
 -2.62100000E+00 -4.49620017E+00
 -2.62100000E+00 -4.47620371E+00
 -2.62100000E+00 -4.30685590E+00
 -2.62100000E+00 -4.28685944E+00
 -2.62100000E+00 -4.11751164E+00
 -2.62100000E+00 -4.09751518E+00
 -2.62100000E+00 -3.92816738E+00
 -2.62100000E+00 -3.90817092E+00
 -2.62100000E+00 -3.73882312E+00
 -2.62100000E+00 -3.71882666E+00
 -2.62100000E+00 -3.54947886E+00
 -2.62100000E+00 -3.52948239E+00
 -2.62100000E+00 -3.36013459E+00
 -2.62100000E+00 -3.34013813E+00
 -2.62100000E+00 -3.17079033E+00
 -2.62100000E+00 -3.15079387E+00
 -2.62100000E+00 -2.98144607E+00
 -2.62100000E+00 -2.96144961E+00
 -2.62100000E+00 -2.79210181E+00
 -2.62100000E+00 -2.77210535E+00
 -2.62100000E+00 -2.60275754E+00
 -2.62100000E+00 -2.58276108E+00
 -2.62100000E+00 -2.41341328E+00
 -2.62100000E+00 -2.39341682E+00
 -2.62100000E+00 -2.22406902E+00
 -2.62100000E+00 -2.20407256E+00
 -2.62100000E+00 -2.03472476E+00
 -2.62100000E+00 -2.01472830E+00
 -2.62100000E+00 -1.84538049E+00
 -2.62100000E+00 -1.82538403E+00
 -2.62100000E+00 -1.65603623E+00
 -2.58460551E+00 -1.46850000E+00
 -2.54492032E+00 -1.46850000E+00
 -2.23999012E+00 -1.46850000E+00
 -2.20030493E+00 -1.46850000E+00
 -1.89537474E+00 -1.46850000E+00
 -1.58600000E+00 -1.44669551E+00
 -1.58600000E+00 -1.27671374E+00
 -1.58600000E+00  2.71887826E+00
 -1.55075935E+00  2.81850000E+00
 -1.38746018E+00  2.81850000E+00
 -1.20614397E+00  2.81850000E+00
 -1.04284479E+00  2.81850000E+00
 -8.61528585E-01  2.81850000E+00
 -6.98229409E-01  2.81850000E+00
 -5.16913200E-01  2.81850000E+00
 -3.53614024E-01  2.81850000E+00
 -1.72297816E-01  2.81850000E+00
 -8.99863962E-03  2.81850000E+00
  1.72317569E-01  2.81850000E+00
  3.35616745E-01  2.81850000E+00
  5.16932953E-01  2.81850000E+00
  6.80232130E-01  2.81850000E+00
  8.61548338E-01  2.81850000E+00
  1.02484751E+00  2.81850000E+00
  1.20616372E+00  2.81850000E+00
  1.36946290E+00  2.81850000E+00
  1.55077911E+00  2.81850000E+00
  1.58600000E+00  2.71887826E+00
  1.58600000E+00  2.54888564E+00
  1.58600000E+00  2.52953400E+00
  1.58600000E+00  2.35954138E+00
  1.58600000E+00  2.34018974E+00
  1.58600000E+00  2.17019712E+00
  1.58600000E+00  2.15084547E+00
  1.58600000E+00  1.98085286E+00
  1.58600000E+00  1.96150121E+00
  1.58600000E+00  1.79150859E+00
  1.58600000E+00  1.77215695E+00
  1.58600000E+00  1.60216433E+00
  1.58600000E+00  1.58281269E+00
  1.58600000E+00  1.41282007E+00
  1.58600000E+00  1.39346843E+00
  1.58600000E+00  1.22347581E+00
  1.58600000E+00  1.20412416E+00
  1.58600000E+00  1.03413154E+00
  1.58600000E+00  1.01477990E+00
  1.58600000E+00  8.44787282E-01
  1.58600000E+00  8.25435639E-01
  1.58600000E+00  6.55443019E-01
  1.58600000E+00  6.36091376E-01
  1.58600000E+00  4.66098757E-01
  1.58600000E+00  4.46747114E-01
  1.58600000E+00  2.76754495E-01
  1.58600000E+00  2.57402852E-01
  1.58600000E+00  8.74102325E-02
  1.58600000E+00  6.80585894E-02
  1.58600000E+00 -1.01934030E-01
  1.58600000E+00 -1.21285673E-01
  1.58600000E+00 -2.91278292E-01
  1.58600000E+00 -3.10629935E-01
  1.58600000E+00 -4.80622554E-01
  1.58600000E+00 -4.99974198E-01
  1.58600000E+00 -6.69966817E-01
  1.58600000E+00 -6.89318460E-01
  1.58600000E+00 -8.59311079E-01
  1.58600000E+00 -8.78662722E-01
  1.58600000E+00 -1.04865534E+00
  1.58600000E+00 -1.06800698E+00
  1.58600000E+00 -1.23799960E+00
  1.58600000E+00 -1.25735125E+00
  1.58600000E+00 -1.42734387E+00
  1.58600000E+00 -1.44669551E+00
  1.85570930E+00 -1.46850000E+00
  1.89539449E+00 -1.46850000E+00
  1.93507968E+00 -1.46850000E+00
  2.24000988E+00 -1.46850000E+00
  2.27969507E+00 -1.46850000E+00
  2.58462526E+00 -1.46850000E+00
  2.60900000E+00 -1.63603977E+00
  2.60900000E+00 -1.81199166E+00
  2.60900000E+00 -1.82538403E+00
  2.60900000E+00 -2.00133593E+00
  2.60900000E+00 -2.01472830E+00
  2.60900000E+00 -2.19068019E+00
  2.60900000E+00 -2.20407256E+00
  2.60900000E+00 -2.38002445E+00
  2.60900000E+00 -2.39341682E+00
  2.60900000E+00 -2.56936871E+00
  2.60900000E+00 -2.58276108E+00
  2.60900000E+00 -2.75871297E+00
  2.60900000E+00 -2.77210535E+00
  2.60900000E+00 -2.94805724E+00
  2.60900000E+00 -2.96144961E+00
  2.60900000E+00 -3.13740150E+00
  2.60900000E+00 -3.15079387E+00
  2.60900000E+00 -3.32674576E+00
  2.60900000E+00 -3.34013813E+00
  2.60900000E+00 -3.51609002E+00
  2.60900000E+00 -3.52948239E+00
  2.60900000E+00 -3.70543429E+00
  2.60900000E+00 -3.71882666E+00
  2.60900000E+00 -3.89477855E+00
  2.60900000E+00 -3.90817092E+00
  2.60900000E+00 -4.08412281E+00
  2.60900000E+00 -4.09751518E+00
  2.60900000E+00 -4.27346707E+00
  2.60900000E+00 -4.28685944E+00
  2.60900000E+00 -4.46281134E+00
  2.60900000E+00 -4.47620371E+00
  2.60900000E+00 -4.65215560E+00
  2.60900000E+00 -4.66554797E+00
  2.60900000E+00 -4.84149986E+00
  2.60900000E+00 -4.85489223E+00
  2.60900000E+00 -5.03084412E+00
  2.60900000E+00 -5.04423649E+00
  2.60900000E+00 -5.22018838E+00
  2.60900000E+00 -5.23358075E+00
  2.60900000E+00 -5.40953265E+00
  2.60900000E+00 -5.42292502E+00
  2.60900000E+00 -5.59887691E+00
  2.60900000E+00 -5.61226928E+00
  2.60900000E+00 -5.78822117E+00
  2.60900000E+00 -5.80161354E+00
  2.60900000E+00 -5.97756543E+00
  2.60900000E+00 -5.99095780E+00
  2.60900000E+00 -6.16690970E+00
  2.60900000E+00 -6.18030207E+00
  2.92924065E+00 -6.18030207E+00
  3.27385603E+00 -6.18030207E+00
  3.61847142E+00 -6.18030207E+00
  3.96308680E+00 -6.18030207E+00
  4.30770218E+00 -5.99095780E+00
  4.30770218E+00  5.18035367E+00
  3.96308680E+00  5.18035367E+00
  3.61847142E+00  5.18035367E+00
  3.27385603E+00  5.18035367E+00
  2.92924065E+00  5.18035367E+00
  2.58462526E+00  5.18035367E+00
  2.24000988E+00  5.18035367E+00
  1.89539449E+00  5.18035367E+00
  1.55077911E+00  5.18035367E+00
  1.20616372E+00  5.18035367E+00
  8.61548338E-01  5.18035367E+00
  5.16932953E-01  5.18035367E+00
  1.72317569E-01  5.18035367E+00
 -1.72297816E-01  5.18035367E+00
 -5.16913200E-01  5.18035367E+00
 -8.61528585E-01  5.18035367E+00
 -1.20614397E+00  5.18035367E+00
 -1.55075935E+00  5.18035367E+00
 -1.89537474E+00  5.18035367E+00
 -2.23999012E+00  5.18035367E+00
 -2.58460551E+00  5.18035367E+00
 -2.92922089E+00  5.18035367E+00
 -3.27383628E+00  5.18035367E+00
 -3.61845166E+00  5.18035367E+00
 -3.96306705E+00  5.18035367E+00
 -4.30768243E+00  5.18035367E+00
 -4.30768243E+00  4.99100941E+00
 -4.30768243E+00  4.80166515E+00
 -4.30768243E+00  4.61232088E+00
 -4.30768243E+00  4.42297662E+00
 -4.30768243E+00  4.23363236E+00
 -4.30768243E+00  4.04428810E+00
 -4.30768243E+00  3.85494384E+00
 -4.30768243E+00  3.66559957E+00
 -4.30768243E+00  3.47625531E+00
 -4.30768243E+00  3.28691105E+00
 -4.30768243E+00  3.09756679E+00
 -4.30768243E+00  2.90822252E+00
 -4.30768243E+00  2.71887826E+00
 -4.30768243E+00  2.52953400E+00
 -4.30768243E+00  2.34018974E+00
 -4.30768243E+00  2.15084547E+00
 -4.30768243E+00  1.96150121E+00
 -4.30768243E+00  1.77215695E+00
 -4.30768243E+00  1.58281269E+00
 -4.30768243E+00  1.39346843E+00
 -4.30768243E+00  1.20412416E+00
 -4.30768243E+00  1.01477990E+00
 -4.30768243E+00  8.25435639E-01
 -4.30768243E+00  6.36091376E-01
 -4.30768243E+00  4.46747114E-01
 -4.30768243E+00  2.57402852E-01
 -4.30768243E+00  6.80585894E-02
 -4.30768243E+00 -1.21285673E-01
 -4.30768243E+00 -3.10629935E-01
 -4.30768243E+00 -4.99974198E-01
 -4.30768243E+00 -6.89318460E-01
 -4.30768243E+00 -8.78662722E-01
 -4.30768243E+00 -1.06800698E+00
 -4.30768243E+00 -1.25735125E+00
 -4.30768243E+00 -1.44669551E+00
 -4.30768243E+00 -1.63603977E+00
 -4.30768243E+00 -1.82538403E+00
 -4.30768243E+00 -2.01472830E+00
 -4.30768243E+00 -2.20407256E+00
 -4.30768243E+00 -2.39341682E+00
 -4.30768243E+00 -2.58276108E+00
 -4.30768243E+00 -2.77210535E+00
 -4.30768243E+00 -2.96144961E+00
 -4.30768243E+00 -3.15079387E+00
 -4.30768243E+00 -3.34013813E+00
 -4.30768243E+00 -3.52948239E+00
 -4.30768243E+00 -3.71882666E+00
 -4.30768243E+00 -3.90817092E+00
 -4.30768243E+00 -4.09751518E+00
 -4.30768243E+00 -4.28685944E+00
 -4.30768243E+00 -4.47620371E+00
 -4.30768243E+00 -4.66554797E+00
 -4.30768243E+00 -4.85489223E+00
 -4.30768243E+00 -5.04423649E+00
 -4.30768243E+00 -5.23358075E+00
 -4.30768243E+00 -5.42292502E+00
 -4.30768243E+00 -5.61226928E+00
 -4.30768243E+00 -5.80161354E+00
 -4.30768243E+00 -5.99095780E+00
 -4.30768243E+00 -6.18030207E+00

hb:   line clip z  
frame:
 -3.9999905E+00 -5.9999746E+00
  4.0000095E+00 -5.9999746E+00
  4.0000095E+00  5.0000254E+00
 -3.9999905E+00  5.0000254E+00
clip:
 -2.58460551E+00 -6.18030207E+00
 -2.37100000E+00 -6.18030207E+00
 -2.37100000E+00 -6.06293941E+00
 -2.37100000E+00 -5.99095780E+00
 -2.37100000E+00 -5.87359515E+00
 -2.37100000E+00 -5.80161354E+00
 -2.37100000E+00 -5.68425088E+00
 -2.37100000E+00 -5.61226928E+00
 -2.37100000E+00 -5.49490662E+00
 -2.37100000E+00 -5.42292502E+00
 -2.37100000E+00 -5.30556236E+00
 -2.37100000E+00 -5.23358075E+00
 -2.37100000E+00 -5.11621810E+00
 -2.37100000E+00 -5.04423649E+00
 -2.37100000E+00 -4.92687384E+00
 -2.37100000E+00 -4.85489223E+00
 -2.37100000E+00 -4.73752957E+00
 -2.37100000E+00 -4.66554797E+00
 -2.37100000E+00 -4.54818531E+00
 -2.37100000E+00 -4.47620371E+00
 -2.37100000E+00 -4.35884105E+00
 -2.37100000E+00 -4.28685944E+00
 -2.37100000E+00 -4.16949679E+00
 -2.37100000E+00 -4.09751518E+00
 -2.37100000E+00 -3.98015252E+00
 -2.37100000E+00 -3.90817092E+00
 -2.37100000E+00 -3.79080826E+00
 -2.37100000E+00 -3.71882666E+00
 -2.37100000E+00 -3.60146400E+00
 -2.37100000E+00 -3.52948239E+00
 -2.37100000E+00 -3.41211974E+00
 -2.37100000E+00 -3.34013813E+00
 -2.37100000E+00 -3.22277547E+00
 -2.37100000E+00 -3.15079387E+00
 -2.37100000E+00 -3.03343121E+00
 -2.37100000E+00 -2.96144961E+00
 -2.37100000E+00 -2.84408695E+00
 -2.37100000E+00 -2.77210535E+00
 -2.37100000E+00 -2.65474269E+00
 -2.37100000E+00 -2.58276108E+00
 -2.37100000E+00 -2.46539843E+00
 -2.37100000E+00 -2.39341682E+00
 -2.37100000E+00 -2.27605416E+00
 -2.37100000E+00 -2.20407256E+00
 -2.37100000E+00 -2.08670990E+00
 -2.37100000E+00 -2.01472830E+00
 -2.37100000E+00 -1.89736564E+00
 -2.23999012E+00 -1.71850000E+00
 -2.08990866E+00 -1.71850000E+00
 -1.89537474E+00 -1.71850000E+00
 -1.74529328E+00 -1.71850000E+00
 -1.48600000E+00 -1.67162092E+00
 -1.48600000E+00 -1.60045862E+00
 -1.55075935E+00 -1.46850000E+00
 -1.85568955E+00 -1.46850000E+00
 -1.89537474E+00 -1.46850000E+00
 -2.20030493E+00 -1.46850000E+00
 -2.23999012E+00 -1.46850000E+00
 -2.54492032E+00 -1.46850000E+00
 -2.58460551E+00 -1.46850000E+00
 -2.62100000E+00 -1.61604331E+00
 -2.62100000E+00 -1.63603977E+00
 -2.62100000E+00 -1.65603623E+00
 -2.62100000E+00 -1.82538403E+00
 -2.62100000E+00 -1.84538049E+00
 -2.62100000E+00 -2.01472830E+00
 -2.62100000E+00 -2.03472476E+00
 -2.62100000E+00 -2.20407256E+00
 -2.62100000E+00 -2.22406902E+00
 -2.62100000E+00 -2.39341682E+00
 -2.62100000E+00 -2.41341328E+00
 -2.62100000E+00 -2.58276108E+00
 -2.62100000E+00 -2.60275754E+00
 -2.62100000E+00 -2.77210535E+00
 -2.62100000E+00 -2.79210181E+00
 -2.62100000E+00 -2.96144961E+00
 -2.62100000E+00 -2.98144607E+00
 -2.62100000E+00 -3.15079387E+00
 -2.62100000E+00 -3.17079033E+00
 -2.62100000E+00 -3.34013813E+00
 -2.62100000E+00 -3.36013459E+00
 -2.62100000E+00 -3.52948239E+00
 -2.62100000E+00 -3.54947886E+00
 -2.62100000E+00 -3.71882666E+00
 -2.62100000E+00 -3.73882312E+00
 -2.62100000E+00 -3.90817092E+00
 -2.62100000E+00 -3.92816738E+00
 -2.62100000E+00 -4.09751518E+00
 -2.62100000E+00 -4.11751164E+00
 -2.62100000E+00 -4.28685944E+00
 -2.62100000E+00 -4.30685590E+00
 -2.62100000E+00 -4.47620371E+00
 -2.62100000E+00 -4.49620017E+00
 -2.62100000E+00 -4.66554797E+00
 -2.62100000E+00 -4.68554443E+00
 -2.62100000E+00 -4.85489223E+00
 -2.62100000E+00 -4.87488869E+00
 -2.62100000E+00 -5.04423649E+00
 -2.62100000E+00 -5.06423295E+00
 -2.62100000E+00 -5.23358075E+00
 -2.62100000E+00 -5.25357722E+00
 -2.62100000E+00 -5.42292502E+00
 -2.62100000E+00 -5.44292148E+00
 -2.62100000E+00 -5.61226928E+00
 -2.62100000E+00 -5.63226574E+00
 -2.62100000E+00 -5.80161354E+00
 -2.62100000E+00 -5.82161000E+00
 -2.62100000E+00 -5.99095780E+00
 -2.62100000E+00 -6.01095427E+00
 -2.62100000E+00 -6.18030207E+00

hb:   line clip z  
frame:
 -3.9999905E+00 -5.9999746E+00
  4.0000095E+00 -5.9999746E+00
  4.0000095E+00  5.0000254E+00
 -3.9999905E+00  5.0000254E+00
clip:
 -2.23999012E+00 -6.18030207E+00
 -1.93824962E+00 -6.18030207E+00
 -1.92416409E+00 -6.00677572E+00
 -1.88446592E+00 -5.60627558E+00
 -1.83330841E+00 -5.19947925E+00
 -1.78073957E+00 -4.85489223E+00
 -1.73132407E+00 -4.57541255E+00
 -1.67332080E+00 -4.28685944E+00
 -1.63104691E+00 -4.09751518E+00
 -1.58512296E+00 -3.90817092E+00
 -1.53245020E+00 -3.70876694E+00
 -1.46702893E+00 -3.48347785E+00
 -1.39284589E+00 -3.25337472E+00
 -1.30764760E+00 -3.01721940E+00
 -1.20783686E+00 -2.77303548E+00
 -1.13794771E+00 -2.62023059E+00
 -1.08696726E+00 -2.51728105E+00
 -1.02070895E+00 -2.39341682E+00
 -9.30932219E-01 -2.24220545E+00
 -8.61528585E-01 -2.13748775E+00
 -7.70176710E-01 -2.01472830E+00
 -5.96915833E-01 -1.82538403E+00
 -6.66994661E-01 -1.71850000E+00
 -8.61528585E-01 -1.71850000E+00
 -1.05606251E+00 -1.71850000E+00
 -1.20614397E+00 -1.71850000E+00
 -1.40067789E+00 -1.71850000E+00
 -1.55075935E+00 -1.71850000E+00
 -1.74529328E+00 -1.71850000E+00
 -1.89537474E+00 -1.71850000E+00
 -2.08990866E+00 -1.71850000E+00
 -2.23999012E+00 -1.71850000E+00
 -2.37100000E+00 -1.75340243E+00
 -2.37100000E+00 -1.82538403E+00
 -2.37100000E+00 -1.89736564E+00
 -2.37100000E+00 -2.01472830E+00
 -2.37100000E+00 -2.08670990E+00
 -2.37100000E+00 -2.20407256E+00
 -2.37100000E+00 -2.27605416E+00
 -2.37100000E+00 -2.39341682E+00
 -2.37100000E+00 -2.46539843E+00
 -2.37100000E+00 -2.58276108E+00
 -2.37100000E+00 -2.65474269E+00
 -2.37100000E+00 -2.77210535E+00
 -2.37100000E+00 -2.84408695E+00
 -2.37100000E+00 -2.96144961E+00
 -2.37100000E+00 -3.03343121E+00
 -2.37100000E+00 -3.15079387E+00
 -2.37100000E+00 -3.22277547E+00
 -2.37100000E+00 -3.34013813E+00
 -2.37100000E+00 -3.41211974E+00
 -2.37100000E+00 -3.52948239E+00
 -2.37100000E+00 -3.60146400E+00
 -2.37100000E+00 -3.71882666E+00
 -2.37100000E+00 -3.79080826E+00
 -2.37100000E+00 -3.90817092E+00
 -2.37100000E+00 -3.98015252E+00
 -2.37100000E+00 -4.09751518E+00
 -2.37100000E+00 -4.16949679E+00
 -2.37100000E+00 -4.28685944E+00
 -2.37100000E+00 -4.35884105E+00
 -2.37100000E+00 -4.47620371E+00
 -2.37100000E+00 -4.54818531E+00
 -2.37100000E+00 -4.66554797E+00
 -2.37100000E+00 -4.73752957E+00
 -2.37100000E+00 -4.85489223E+00
 -2.37100000E+00 -4.92687384E+00
 -2.37100000E+00 -5.04423649E+00
 -2.37100000E+00 -5.11621810E+00
 -2.37100000E+00 -5.23358075E+00
 -2.37100000E+00 -5.30556236E+00
 -2.37100000E+00 -5.42292502E+00
 -2.37100000E+00 -5.49490662E+00
 -2.37100000E+00 -5.61226928E+00
 -2.37100000E+00 -5.68425088E+00
 -2.37100000E+00 -5.80161354E+00
 -2.37100000E+00 -5.87359515E+00
 -2.37100000E+00 -5.99095780E+00
 -2.37100000E+00 -6.06293941E+00
 -2.37100000E+00 -6.18030207E+00

hb:   line clip z  
frame:
 -3.9999905E+00 -5.9999746E+00
  4.0000095E+00 -5.9999746E+00
  4.0000095E+00  5.0000254E+00
 -3.9999905E+00  5.0000254E+00
clip:
 -1.89537474E+00 -6.18030207E+00
  1.92624962E+00 -6.18030207E+00
  1.92500691E+00 -6.16403192E+00
  1.91078816E+00 -5.99095780E+00
  1.91008031E+00 -5.98288888E+00
  1.89539449E+00 -5.82483107E+00
  1.89310457E+00 -5.80161354E+00
  1.87441818E+00 -5.62379443E+00
  1.87313611E+00 -5.61226928E+00
  1.85364244E+00 -5.44586512E+00
  1.85080908E+00 -5.42292502E+00
  1.83086615E+00 -5.26903498E+00
  1.82603723E+00 -5.23358075E+00
  1.80605260E+00 -5.09332419E+00
  1.79871991E+00 -5.04423649E+00
  1.77915748E+00 -4.91875708E+00
  1.76873957E+00 -4.85489223E+00
  1.75012810E+00 -4.74536262E+00
  1.73595872E+00 -4.66554797E+00
  1.71890241E+00 -4.57317489E+00
  1.70021596E+00 -4.47620371E+00
  1.68540784E+00 -4.40223377E+00
  1.66132080E+00 -4.28685944E+00
  1.64955979E+00 -4.23258573E+00
  1.61904691E+00 -4.09751518E+00
  1.61125975E+00 -4.06428491E+00
  1.57312296E+00 -3.90817092E+00
  1.57039295E+00 -3.89739436E+00
  1.55077911E+00 -3.82143379E+00
  1.52322014E+00 -3.71882666E+00
  1.48040002E+00 -3.56815123E+00
  1.46893465E+00 -3.52948239E+00
  1.43093172E+00 -3.40598666E+00
  1.40976243E+00 -3.34013813E+00
  1.37820077E+00 -3.24561471E+00
  1.34506156E+00 -3.15079387E+00
  1.32194407E+00 -3.08717992E+00
  1.27399394E+00 -2.96144961E+00
  1.26184311E+00 -2.93085732E+00
  1.20616372E+00 -2.79682745E+00
  1.19543027E+00 -2.77210535E+00
  1.12844872E+00 -2.62546054E+00
  1.10778541E+00 -2.58276108E+00
  1.05404810E+00 -2.47699469E+00
  1.00870895E+00 -2.39341682E+00
  9.73496882E-01 -2.33190821E+00
  8.94435240E-01 -2.20407256E+00
  8.85707524E-01 -2.19079862E+00
  8.61548338E-01 -2.15489579E+00
  7.58176710E-01 -2.01472830E+00
  6.81590010E-01 -1.92425970E+00
  5.84915833E-01 -1.82538403E+00
  5.59411183E-01 -1.80204494E+00
  5.16932953E-01 -1.76564998E+00
  3.20236195E-01 -1.63603977E+00
  2.37770367E-01 -1.60007762E+00
  1.72317569E-01 -1.57904352E+00
  9.38661806E-02 -1.59293572E+00
 -1.72297816E-01 -1.57607185E+00
 -2.42558392E-01 -1.59743605E+00
 -3.32236195E-01 -1.63603977E+00
 -5.16913200E-01 -1.75590657E+00
 -5.66820441E-01 -1.79796318E+00
 -5.96915833E-01 -1.82538403E+00
 -6.90355731E-01 -1.92067969E+00
 -7.70176710E-01 -2.01472830E+00
 -8.61528585E-01 -2.13748775E+00
 -8.94497953E-01 -2.18595798E+00
 -9.06435240E-01 -2.20407256E+00
 -9.30932219E-01 -2.24220545E+00
 -1.02070895E+00 -2.39341682E+00
 -1.08696726E+00 -2.51728105E+00
 -1.11978541E+00 -2.58276108E+00
 -1.20614397E+00 -2.76916602E+00
 -1.20743027E+00 -2.77210535E+00
 -1.28599394E+00 -2.96144961E+00
 -1.30764760E+00 -3.01721940E+00
 -1.35706156E+00 -3.15079387E+00
 -1.39284589E+00 -3.25337472E+00
 -1.42176243E+00 -3.34013813E+00
 -1.46702893E+00 -3.48347785E+00
 -1.48093465E+00 -3.52948239E+00
 -1.53245020E+00 -3.70876694E+00
 -1.53522014E+00 -3.71882666E+00
 -1.55075935E+00 -3.77610864E+00
 -1.58091967E+00 -3.89159974E+00
 -1.58512296E+00 -3.90817092E+00
 -1.59063333E+00 -3.93007913E+00
 -1.63104691E+00 -4.09751518E+00
 -1.64266586E+00 -4.14801197E+00
 -1.67332080E+00 -4.28685944E+00
 -1.68935614E+00 -4.36300957E+00
 -1.71221596E+00 -4.47620371E+00
 -1.73132407E+00 -4.57541255E+00
 -1.74795872E+00 -4.66554797E+00
 -1.76905694E+00 -4.78548863E+00
 -1.78073957E+00 -4.85489223E+00
 -1.80294555E+00 -4.99345253E+00
 -1.81071991E+00 -5.04423649E+00
 -1.83330841E+00 -5.19947925E+00
 -1.83803723E+00 -5.23358075E+00
 -1.86040863E+00 -5.40371336E+00
 -1.86280908E+00 -5.42292502E+00
 -1.88446592E+00 -5.60627558E+00
 -1.88513611E+00 -5.61226928E+00
 -1.89537474E+00 -5.70660436E+00
 -1.90460008E+00 -5.79654480E+00
 -1.90510457E+00 -5.80161354E+00
 -1.90566538E+00 -5.80726760E+00
 -1.92278816E+00 -5.99095780E+00
 -1.92416409E+00 -6.00677572E+00
 -1.93824962E+00 -6.18030207E+00

hb:   line clip z  
frame:
 -3.9999905E+00 -5.9999746E+00
  4.0000095E+00 -5.9999746E+00
  4.0000095E+00  5.0000254E+00
 -3.9999905E+00  5.0000254E+00
clip:
  2.24000988E+00 -6.18030207E+00
  2.35900000E+00 -6.18030207E+00
  2.35900000E+00 -6.11492455E+00
  2.35900000E+00 -5.99095780E+00
  2.35900000E+00 -5.92558029E+00
  2.35900000E+00 -5.80161354E+00
  2.35900000E+00 -5.73623603E+00
  2.35900000E+00 -5.61226928E+00
  2.35900000E+00 -5.54689177E+00
  2.35900000E+00 -5.42292502E+00
  2.35900000E+00 -5.35754750E+00
  2.35900000E+00 -5.23358075E+00
  2.35900000E+00 -5.16820324E+00
  2.35900000E+00 -5.04423649E+00
  2.35900000E+00 -4.97885898E+00
  2.35900000E+00 -4.85489223E+00
  2.35900000E+00 -4.78951472E+00
  2.35900000E+00 -4.66554797E+00
  2.35900000E+00 -4.60017045E+00
  2.35900000E+00 -4.47620371E+00
  2.35900000E+00 -4.41082619E+00
  2.35900000E+00 -4.28685944E+00
  2.35900000E+00 -4.22148193E+00
  2.35900000E+00 -4.09751518E+00
  2.35900000E+00 -4.03213767E+00
  2.35900000E+00 -3.90817092E+00
  2.35900000E+00 -3.84279340E+00
  2.35900000E+00 -3.71882666E+00
  2.35900000E+00 -3.65344914E+00
  2.35900000E+00 -3.52948239E+00
  2.35900000E+00 -3.46410488E+00
  2.35900000E+00 -3.34013813E+00
  2.35900000E+00 -3.27476062E+00
  2.35900000E+00 -3.15079387E+00
  2.35900000E+00 -3.08541636E+00
  2.35900000E+00 -2.96144961E+00
  2.35900000E+00 -2.89607209E+00
  2.35900000E+00 -2.77210535E+00
  2.35900000E+00 -2.70672783E+00
  2.35900000E+00 -2.58276108E+00
  2.35900000E+00 -2.51738357E+00
  2.35900000E+00 -2.39341682E+00
  2.35900000E+00 -2.32803931E+00
  2.35900000E+00 -2.20407256E+00
  2.35900000E+00 -2.13869504E+00
  2.35900000E+00 -2.01472830E+00
  2.35900000E+00 -1.94935078E+00
  2.35900000E+00 -1.82538403E+00
  2.35900000E+00 -1.76000652E+00
  2.24000988E+00 -1.71850000E+00
  2.04547595E+00 -1.71850000E+00
  1.89539449E+00 -1.71850000E+00
  1.70086057E+00 -1.71850000E+00
  1.55077911E+00 -1.71850000E+00
  1.35624518E+00 -1.71850000E+00
  1.20616372E+00 -1.71850000E+00
  1.01162980E+00 -1.71850000E+00
  8.61548338E-01 -1.71850000E+00
  6.67014414E-01 -1.71850000E+00
  5.84915833E-01 -1.82538403E+00
  6.81590010E-01 -1.92425970E+00
  7.58176710E-01 -2.01472830E+00
  8.61548338E-01 -2.15489579E+00
  9.73496882E-01 -2.33190821E+00
  1.05404810E+00 -2.47699469E+00
  1.12844872E+00 -2.62546054E+00
  1.19750709E+00 -2.77686161E+00
  1.27399394E+00 -2.96144961E+00
  1.34506156E+00 -3.15079387E+00
  1.40976243E+00 -3.34013813E+00
  1.46893465E+00 -3.52948239E+00
  1.52682540E+00 -3.73198770E+00
  1.57312296E+00 -3.90817092E+00
  1.61904691E+00 -4.09751518E+00
  1.68540784E+00 -4.40223377E+00
  1.75012810E+00 -4.74536262E+00
  1.80605260E+00 -5.09332419E+00
  1.85364244E+00 -5.44586512E+00
  1.89539449E+00 -5.82483107E+00
  1.92624962E+00 -6.18030207E+00

hb:   line clip z  
frame:
 -3.9999905E+00 -5.9999746E+00
  4.0000095E+00 -5.9999746E+00
  4.0000095E+00  5.0000254E+00
 -3.9999905E+00  5.0000254E+00
clip:
  2.58462526E+00 -6.18030207E+00
  2.60900000E+00 -6.18030207E+00
  2.60900000E+00 -6.16690970E+00
  2.60900000E+00 -5.99095780E+00
  2.60900000E+00 -5.97756543E+00
  2.60900000E+00 -5.80161354E+00
  2.60900000E+00 -5.78822117E+00
  2.60900000E+00 -5.61226928E+00
  2.60900000E+00 -5.59887691E+00
  2.60900000E+00 -5.42292502E+00
  2.60900000E+00 -5.40953265E+00
  2.60900000E+00 -5.23358075E+00
  2.60900000E+00 -5.22018838E+00
  2.60900000E+00 -5.04423649E+00
  2.60900000E+00 -5.03084412E+00
  2.60900000E+00 -4.85489223E+00
  2.60900000E+00 -4.84149986E+00
  2.60900000E+00 -4.66554797E+00
  2.60900000E+00 -4.65215560E+00
  2.60900000E+00 -4.47620371E+00
  2.60900000E+00 -4.46281134E+00
  2.60900000E+00 -4.28685944E+00
  2.60900000E+00 -4.27346707E+00
  2.60900000E+00 -4.09751518E+00
  2.60900000E+00 -4.08412281E+00
  2.60900000E+00 -3.90817092E+00
  2.60900000E+00 -3.89477855E+00
  2.60900000E+00 -3.71882666E+00
  2.60900000E+00 -3.70543429E+00
  2.60900000E+00 -3.52948239E+00
  2.60900000E+00 -3.51609002E+00
  2.60900000E+00 -3.34013813E+00
  2.60900000E+00 -3.32674576E+00
  2.60900000E+00 -3.15079387E+00
  2.60900000E+00 -3.13740150E+00
  2.60900000E+00 -2.96144961E+00
  2.60900000E+00 -2.94805724E+00
  2.60900000E+00 -2.77210535E+00
  2.60900000E+00 -2.75871297E+00
  2.60900000E+00 -2.58276108E+00
  2.60900000E+00 -2.56936871E+00
  2.60900000E+00 -2.39341682E+00
  2.60900000E+00 -2.38002445E+00
  2.60900000E+00 -2.20407256E+00
  2.60900000E+00 -2.19068019E+00
  2.60900000E+00 -2.01472830E+00
  2.60900000E+00 -2.00133593E+00
  2.60900000E+00 -1.82538403E+00
  2.60900000E+00 -1.81199166E+00
  2.60900000E+00 -1.63603977E+00
  2.60900000E+00 -1.62264740E+00
  2.58462526E+00 -1.46850000E+00
  2.27969507E+00 -1.46850000E+00
  2.24000988E+00 -1.46850000E+00
  1.93507968E+00 -1.46850000E+00
  1.89539449E+00 -1.46850000E+00
  1.59046430E+00 -1.46850000E+00
  1.55077911E+00 -1.46850000E+00
  1.48600000E+00 -1.60044777E+00
  1.48600000E+00 -1.63603977E+00
  1.48600000E+00 -1.67163178E+00
  1.55077911E+00 -1.71850000E+00
  1.70086057E+00 -1.71850000E+00
  1.89539449E+00 -1.71850000E+00
  2.04547595E+00 -1.71850000E+00
  2.24000988E+00 -1.71850000E+00
  2.35900000E+00 -1.82538403E+00
  2.35900000E+00 -1.94935078E+00
  2.35900000E+00 -2.01472830E+00
  2.35900000E+00 -2.13869504E+00
  2.35900000E+00 -2.20407256E+00
  2.35900000E+00 -2.32803931E+00
  2.35900000E+00 -2.39341682E+00
  2.35900000E+00 -2.51738357E+00
  2.35900000E+00 -2.58276108E+00
  2.35900000E+00 -2.70672783E+00
  2.35900000E+00 -2.77210535E+00
  2.35900000E+00 -2.89607209E+00
  2.35900000E+00 -2.96144961E+00
  2.35900000E+00 -3.08541636E+00
  2.35900000E+00 -3.15079387E+00
  2.35900000E+00 -3.27476062E+00
  2.35900000E+00 -3.34013813E+00
  2.35900000E+00 -3.46410488E+00
  2.35900000E+00 -3.52948239E+00
  2.35900000E+00 -3.65344914E+00
  2.35900000E+00 -3.71882666E+00
  2.35900000E+00 -3.84279340E+00
  2.35900000E+00 -3.90817092E+00
  2.35900000E+00 -4.03213767E+00
  2.35900000E+00 -4.09751518E+00
  2.35900000E+00 -4.22148193E+00
  2.35900000E+00 -4.28685944E+00
  2.35900000E+00 -4.41082619E+00
  2.35900000E+00 -4.47620371E+00
  2.35900000E+00 -4.60017045E+00
  2.35900000E+00 -4.66554797E+00
  2.35900000E+00 -4.78951472E+00
  2.35900000E+00 -4.85489223E+00
  2.35900000E+00 -4.97885898E+00
  2.35900000E+00 -5.04423649E+00
  2.35900000E+00 -5.16820324E+00
  2.35900000E+00 -5.23358075E+00
  2.35900000E+00 -5.35754750E+00
  2.35900000E+00 -5.42292502E+00
  2.35900000E+00 -5.54689177E+00
  2.35900000E+00 -5.61226928E+00
  2.35900000E+00 -5.73623603E+00
  2.35900000E+00 -5.80161354E+00
  2.35900000E+00 -5.92558029E+00
  2.35900000E+00 -5.99095780E+00
  2.35900000E+00 -6.11492455E+00
  2.35900000E+00 -6.18030207E+00

hb:   line clip z  
clip:
 -1.35622543E+00 -1.71850000E+00
 -5.16913200E-01 -1.71850000E+00
 -3.32236195E-01 -1.63603977E+00
 -3.08901407E-01 -1.52175050E+00
 -5.16913200E-01 -1.46850000E+00
 -8.21843395E-01 -1.46850000E+00
 -8.61528585E-01 -1.46850000E+00
 -1.16645878E+00 -1.46850000E+00
 -1.20614397E+00 -1.46850000E+00
 -1.48600000E+00 -1.48227666E+00
 -1.48600000E+00 -1.63603977E+00

hb:   line clip z  
clip:
  4.16173496E-01 -1.69140069E+00
  5.16932953E-01 -1.71850000E+00
  6.67014414E-01 -1.71850000E+00
  8.61548338E-01 -1.71850000E+00
  1.01162980E+00 -1.71850000E+00
  1.20616372E+00 -1.71850000E+00
  1.35624518E+00 -1.71850000E+00
  1.48600000E+00 -1.63603977E+00
  1.48600000E+00 -1.48228751E+00
  1.20616372E+00 -1.46850000E+00
  9.01233528E-01 -1.46850000E+00
  8.61548338E-01 -1.46850000E+00
  5.56618144E-01 -1.46850000E+00
  5.16932953E-01 -1.46850000E+00
  3.08911558E-01 -1.52174523E+00
  3.20236195E-01 -1.63603977E+00

hb:   line clip z  
clip:
 -1.58600000E+00 -1.46605801E+00
 -1.55075935E+00 -1.46850000E+00
 -1.51107416E+00 -1.46850000E+00
 -1.48600000E+00 -1.44669551E+00
 -1.48600000E+00 -1.41111436E+00
 -1.48600000E+00 -1.25735125E+00
 -1.48600000E+00 -1.22177010E+00
 -1.48600000E+00 -1.06800698E+00
 -1.48600000E+00 -1.03242583E+00
 -1.48600000E+00 -8.78662722E-01
 -1.48600000E+00 -8.43081571E-01
 -1.48600000E+00 -6.89318460E-01
 -1.48600000E+00 -6.53737308E-01
 -1.48600000E+00 -4.99974198E-01
 -1.48600000E+00 -4.64393046E-01
 -1.48600000E+00 -3.10629935E-01
 -1.48600000E+00 -2.75048784E-01
 -1.48600000E+00 -1.21285673E-01
 -1.48600000E+00 -8.57045216E-02
 -1.48600000E+00  6.80585894E-02
 -1.48600000E+00  1.03639741E-01
 -1.48600000E+00  2.57402852E-01
 -1.48600000E+00  2.92984003E-01
 -1.48600000E+00  4.46747114E-01
 -1.48600000E+00  4.82328265E-01
 -1.48600000E+00  6.36091376E-01
 -1.48600000E+00  6.71672528E-01
 -1.48600000E+00  8.25435639E-01
 -1.48600000E+00  8.61016790E-01
 -1.48600000E+00  1.01477990E+00
 -1.48600000E+00  1.05036105E+00
 -1.48600000E+00  1.20412416E+00
 -1.48600000E+00  1.23970531E+00
 -1.48600000E+00  1.39346843E+00
 -1.48600000E+00  1.42904958E+00
 -1.48600000E+00  1.58281269E+00
 -1.48600000E+00  1.61839384E+00
 -1.48600000E+00  1.77215695E+00
 -1.48600000E+00  1.80773810E+00
 -1.48600000E+00  1.96150121E+00
 -1.48600000E+00  1.99708236E+00
 -1.48600000E+00  2.15084547E+00
 -1.48600000E+00  2.18642663E+00
 -1.48600000E+00  2.34018974E+00
 -1.48600000E+00  2.37577089E+00
 -1.48600000E+00  2.52953400E+00
 -1.48600000E+00  2.56511515E+00
 -1.55075935E+00  2.71850000E+00
 -1.58600000E+00  2.54889650E+00
 -1.58600000E+00  2.52953400E+00
 -1.58600000E+00  2.51017150E+00
 -1.58600000E+00  2.34018974E+00
 -1.58600000E+00  2.32082724E+00
 -1.58600000E+00  2.15084547E+00
 -1.58600000E+00  2.13148298E+00
 -1.58600000E+00  1.96150121E+00
 -1.58600000E+00  1.94213872E+00
 -1.58600000E+00  1.77215695E+00
 -1.58600000E+00  1.75279445E+00
 -1.58600000E+00  1.58281269E+00
 -1.58600000E+00  1.56345019E+00
 -1.58600000E+00  1.39346843E+00
 -1.58600000E+00  1.37410593E+00
 -1.58600000E+00  1.20412416E+00
 -1.58600000E+00  1.18476167E+00
 -1.58600000E+00  1.01477990E+00
 -1.58600000E+00  9.95417405E-01
 -1.58600000E+00  8.25435639E-01
 -1.58600000E+00  8.06073142E-01
 -1.58600000E+00  6.36091376E-01
 -1.58600000E+00  6.16728880E-01
 -1.58600000E+00  4.46747114E-01
 -1.58600000E+00  4.27384618E-01
 -1.58600000E+00  2.57402852E-01
 -1.58600000E+00  2.38040355E-01
 -1.58600000E+00  6.80585894E-02
 -1.58600000E+00  4.86960931E-02
 -1.58600000E+00 -1.21285673E-01
 -1.58600000E+00 -1.40648169E-01
 -1.58600000E+00 -3.10629935E-01
 -1.58600000E+00 -3.29992431E-01
 -1.58600000E+00 -4.99974198E-01
 -1.58600000E+00 -5.19336694E-01
 -1.58600000E+00 -6.89318460E-01
 -1.58600000E+00 -7.08680956E-01
 -1.58600000E+00 -8.78662722E-01
 -1.58600000E+00 -8.98025218E-01
 -1.58600000E+00 -1.06800698E+00
 -1.58600000E+00 -1.08736948E+00
 -1.58600000E+00 -1.25735125E+00
 -1.58600000E+00 -1.27671374E+00
 -1.58600000E+00 -1.44669551E+00

hb:   line clip z  
clip:
 -1.24582916E+00 -1.46850000E+00
 -4.77228010E-01 -1.46850000E+00
 -4.27141710E-01 -1.44669551E+00
 -4.63793302E-01 -1.41750950E+00
 -5.16913200E-01 -1.36966051E+00
 -6.18424107E-01 -1.25735125E+00
 -6.87578188E-01 -1.16177655E+00
 -7.44605884E-01 -1.06800698E+00
 -7.71268942E-01 -1.01841504E+00
 -8.35714473E-01 -8.78662722E-01
 -8.40430594E-01 -8.67070716E-01
 -8.61528585E-01 -8.12334508E-01
 -9.02435953E-01 -6.89318460E-01
 -9.40561440E-01 -5.43397731E-01
 -9.49923065E-01 -4.99974198E-01
 -9.72644061E-01 -3.71680831E-01
 -9.80973099E-01 -3.10629935E-01
 -9.92672242E-01 -1.93340782E-01
 -9.97122772E-01 -1.21285673E-01
 -9.99987451E-01 -8.01576176E-03
 -9.99094908E-01  6.80585894E-02
 -9.93292429E-01  1.85006990E-01
 -9.70310816E-01  3.86978189E-01
 -9.26993872E-01  6.00122360E-01
 -8.61528585E-01  8.12334508E-01
 -8.55374139E-01  8.28817116E-01
 -7.73138327E-01  1.01477990E+00
 -7.35512593E-01  1.08401768E+00
 -6.58503571E-01  1.20412416E+00
 -5.16913200E-01  1.36966051E+00
 -5.00993576E-01  1.38472160E+00
 -4.44464342E-01  1.43327447E+00
 -1.72297816E-01  1.57607185E+00
 -1.46180533E-01  1.58281269E+00
  1.46180533E-01  1.58281269E+00
  1.72317569E-01  1.57606632E+00
  1.99684074E-01  1.56777653E+00
  4.91428779E-01  1.39346843E+00
  5.16932953E-01  1.36964142E+00
  6.58503571E-01  1.20412416E+00
  7.12704087E-01  1.12234370E+00
  7.73138327E-01  1.01477990E+00
  7.92101408E-01  9.76623224E-01
  8.56650455E-01  8.25435639E-01
  9.17577432E-01  6.36091376E-01
  9.60228044E-01  4.46747114E-01
  9.86974499E-01  2.57402852E-01
  9.99094908E-01  6.80585894E-02
  9.97122772E-01 -1.21285673E-01
  9.80973099E-01 -3.10629935E-01
  9.49923065E-01 -4.99974198E-01
  9.02435953E-01 -6.89318460E-01
  8.40434175E-01 -8.67061831E-01
  8.28038356E-01 -8.97074329E-01
  7.44605884E-01 -1.06800698E+00
  6.85689931E-01 -1.16463001E+00
  6.18424107E-01 -1.25735125E+00
  5.16932953E-01 -1.36964142E+00
  4.63801126E-01 -1.41750295E+00
  4.27141710E-01 -1.44669551E+00
  4.77247763E-01 -1.46850000E+00
  5.16932953E-01 -1.46850000E+00
  5.56618144E-01 -1.46850000E+00
  8.61548338E-01 -1.46850000E+00
  9.01233528E-01 -1.46850000E+00
  1.20616372E+00 -1.46850000E+00
  1.24584891E+00 -1.46850000E+00
  1.48600000E+00 -1.44669551E+00
  1.48600000E+00 -1.29294325E+00
  1.48600000E+00 -1.25735125E+00
  1.48600000E+00 -1.10359899E+00
  1.48600000E+00 -1.06800698E+00
  1.48600000E+00 -9.14254727E-01
  1.48600000E+00 -8.78662722E-01
  1.48600000E+00 -7.24910464E-01
  1.48600000E+00 -6.89318460E-01
  1.48600000E+00 -5.35566202E-01
  1.48600000E+00 -4.99974198E-01
  1.48600000E+00 -3.46221940E-01
  1.48600000E+00 -3.10629935E-01
  1.48600000E+00 -1.56877677E-01
  1.48600000E+00 -1.21285673E-01
  1.48600000E+00  3.24665850E-02
  1.48600000E+00  6.80585894E-02
  1.48600000E+00  2.21810847E-01
  1.48600000E+00  2.57402852E-01
  1.48600000E+00  4.11155110E-01
  1.48600000E+00  4.46747114E-01
  1.48600000E+00  6.00499372E-01
  1.48600000E+00  6.36091376E-01
  1.48600000E+00  7.89843634E-01
  1.48600000E+00  8.25435639E-01
  1.48600000E+00  9.79187896E-01
  1.48600000E+00  1.01477990E+00
  1.48600000E+00  1.16853216E+00
  1.48600000E+00  1.20412416E+00
  1.48600000E+00  1.35787642E+00
  1.48600000E+00  1.39346843E+00
  1.48600000E+00  1.54722068E+00
  1.48600000E+00  1.58281269E+00
  1.48600000E+00  1.73656495E+00
  1.48600000E+00  1.77215695E+00
  1.48600000E+00  1.92590921E+00
  1.48600000E+00  1.96150121E+00
  1.48600000E+00  2.11525347E+00
  1.48600000E+00  2.15084547E+00
  1.48600000E+00  2.30459773E+00
  1.48600000E+00  2.34018974E+00
  1.48600000E+00  2.49394199E+00
  1.48600000E+00  2.52953400E+00
  1.48600000E+00  2.68328626E+00
  1.20616372E+00  2.71850000E+00
  8.62236792E-01  2.71850000E+00
  5.17621407E-01  2.71850000E+00
  1.73006022E-01  2.71850000E+00
 -1.71609362E-01  2.71850000E+00
 -5.16224747E-01  2.71850000E+00
 -8.60840131E-01  2.71850000E+00
 -1.20545552E+00  2.71850000E+00
 -1.48600000E+00  2.68329711E+00
 -1.48600000E+00  2.52953400E+00
 -1.48600000E+00  2.37577089E+00
 -1.48600000E+00  2.34018974E+00
 -1.48600000E+00  2.18642663E+00
 -1.48600000E+00  2.15084547E+00
 -1.48600000E+00  1.99708236E+00
 -1.48600000E+00  1.96150121E+00
 -1.48600000E+00  1.80773810E+00
 -1.48600000E+00  1.77215695E+00
 -1.48600000E+00  1.61839384E+00
 -1.48600000E+00  1.58281269E+00
 -1.48600000E+00  1.42904958E+00
 -1.48600000E+00  1.39346843E+00
 -1.48600000E+00  1.23970531E+00
 -1.48600000E+00  1.20412416E+00
 -1.48600000E+00  1.05036105E+00
 -1.48600000E+00  1.01477990E+00
 -1.48600000E+00  8.61016790E-01
 -1.48600000E+00  8.25435639E-01
 -1.48600000E+00  6.71672528E-01
 -1.48600000E+00  6.36091376E-01
 -1.48600000E+00  4.82328265E-01
 -1.48600000E+00  4.46747114E-01
 -1.48600000E+00  2.92984003E-01
 -1.48600000E+00  2.57402852E-01
 -1.48600000E+00  1.03639741E-01
 -1.48600000E+00  6.80585894E-02
 -1.48600000E+00 -8.57045216E-02
 -1.48600000E+00 -1.21285673E-01
 -1.48600000E+00 -2.75048784E-01
 -1.48600000E+00 -3.10629935E-01
 -1.48600000E+00 -4.64393046E-01
 -1.48600000E+00 -4.99974198E-01
 -1.48600000E+00 -6.53737308E-01
 -1.48600000E+00 -6.89318460E-01
 -1.48600000E+00 -8.43081571E-01
 -1.48600000E+00 -8.78662722E-01
 -1.48600000E+00 -1.03242583E+00
 -1.48600000E+00 -1.06800698E+00
 -1.48600000E+00 -1.22177010E+00
 -1.48600000E+00 -1.25735125E+00
 -1.48600000E+00 -1.41111436E+00
 -1.48600000E+00 -1.44669551E+00

hb:   line clip z  
clip:
 -3.08901407E-01 -1.52175050E+00
 -1.72297816E-01 -1.57607185E+00
  9.38661806E-02 -1.59293572E+00
  3.08911558E-01 -1.52174523E+00
  5.16932953E-01 -1.36964142E+00
  6.18424107E-01 -1.25735125E+00
  7.44605884E-01 -1.06800698E+00
  8.35714473E-01 -8.78662722E-01
  8.96591818E-01 -7.08572626E-01
  9.10227952E-01 -6.62572104E-01
  9.49923065E-01 -4.99974198E-01
  9.60427859E-01 -4.45646182E-01
  9.80973099E-01 -3.10629935E-01
  9.88608240E-01 -2.40818590E-01
  9.97122772E-01 -1.21285673E-01
  9.99596694E-01 -4.54368707E-02
  9.99094908E-01  6.80585894E-02
  9.96056047E-01  1.41962031E-01
  9.86974499E-01  2.57402852E-01
  9.79512107E-01  3.22216449E-01
  9.60228044E-01  4.46747114E-01
  9.50782295E-01  4.95775505E-01
  9.17577432E-01  6.36091376E-01
  8.61548338E-01  8.12280875E-01
  7.92101408E-01  9.76623224E-01
  7.12704087E-01  1.12234370E+00
  6.17020174E-01  1.25911573E+00
  4.91428779E-01  1.39346843E+00
  1.72317569E-01  1.57606632E+00
 -1.64101747E-01  1.57830947E+00
 -3.56669545E-01  1.49476898E+00
 -5.16913200E-01  1.36966051E+00
 -6.58503571E-01  1.20412416E+00
 -7.73138327E-01  1.01477990E+00
 -8.56650455E-01  8.25435639E-01
 -9.10159946E-01  6.62811220E-01
 -9.26993872E-01  6.00122360E-01
 -9.60228044E-01  4.46747114E-01
 -9.86974499E-01  2.57402852E-01
 -9.99094908E-01  6.80585894E-02
 -9.97122772E-01 -1.21285673E-01
 -9.80973099E-01 -3.10629935E-01
 -9.49923065E-01 -4.99974198E-01
 -9.02435953E-01 -6.89318460E-01
 -8.61528585E-01 -8.12334508E-01
 -7.71268942E-01 -1.01841504E+00
 -6.87578188E-01 -1.16177655E+00
 -5.86695508E-01 -1.29569219E+00
 -4.27141710E-01 -1.44669551E+00

hb:   line clip z  
clip:
  1.51109392E+00 -1.46850000E+00
  1.55077911E+00 -1.46850000E+00
  1.58600000E+00 -1.46604715E+00
  1.58600000E+00 -1.44669551E+00
  1.58600000E+00 -1.42734387E+00
  1.58600000E+00 -1.25735125E+00
  1.58600000E+00 -1.23799960E+00
  1.58600000E+00 -1.06800698E+00
  1.58600000E+00 -1.04865534E+00
  1.58600000E+00 -8.78662722E-01
  1.58600000E+00 -8.59311079E-01
  1.58600000E+00 -6.89318460E-01
  1.58600000E+00 -6.69966817E-01
  1.58600000E+00 -4.99974198E-01
  1.58600000E+00 -4.80622554E-01
  1.58600000E+00 -3.10629935E-01
  1.58600000E+00 -2.91278292E-01
  1.58600000E+00 -1.21285673E-01
  1.58600000E+00 -1.01934030E-01
  1.58600000E+00  6.80585894E-02
  1.58600000E+00  8.74102325E-02
  1.58600000E+00  2.57402852E-01
  1.58600000E+00  2.76754495E-01
  1.58600000E+00  4.46747114E-01
  1.58600000E+00  4.66098757E-01
  1.58600000E+00  6.36091376E-01
  1.58600000E+00  6.55443019E-01
  1.58600000E+00  8.25435639E-01
  1.58600000E+00  8.44787282E-01
  1.58600000E+00  1.01477990E+00
  1.58600000E+00  1.03413154E+00
  1.58600000E+00  1.20412416E+00
  1.58600000E+00  1.22347581E+00
  1.58600000E+00  1.39346843E+00
  1.58600000E+00  1.41282007E+00
  1.58600000E+00  1.58281269E+00
  1.58600000E+00  1.60216433E+00
  1.58600000E+00  1.77215695E+00
  1.58600000E+00  1.79150859E+00
  1.58600000E+00  1.96150121E+00
  1.58600000E+00  1.98085286E+00
  1.58600000E+00  2.15084547E+00
  1.58600000E+00  2.17019712E+00
  1.58600000E+00  2.34018974E+00
  1.58600000E+00  2.35954138E+00
  1.58600000E+00  2.52953400E+00
  1.58600000E+00  2.54888564E+00
  1.55077911E+00  2.71850000E+00
  1.48600000E+00  2.56512600E+00
  1.48600000E+00  2.52953400E+00
  1.48600000E+00  2.49394199E+00
  1.48600000E+00  2.34018974E+00
  1.48600000E+00  2.30459773E+00
  1.48600000E+00  2.15084547E+00
  1.48600000E+00  2.11525347E+00
  1.48600000E+00  1.96150121E+00
  1.48600000E+00  1.92590921E+00
  1.48600000E+00  1.77215695E+00
  1.48600000E+00  1.73656495E+00
  1.48600000E+00  1.58281269E+00
  1.48600000E+00  1.54722068E+00
  1.48600000E+00  1.39346843E+00
  1.48600000E+00  1.35787642E+00
  1.48600000E+00  1.20412416E+00
  1.48600000E+00  1.16853216E+00
  1.48600000E+00  1.01477990E+00
  1.48600000E+00  9.79187896E-01
  1.48600000E+00  8.25435639E-01
  1.48600000E+00  7.89843634E-01
  1.48600000E+00  6.36091376E-01
  1.48600000E+00  6.00499372E-01
  1.48600000E+00  4.46747114E-01
  1.48600000E+00  4.11155110E-01
  1.48600000E+00  2.57402852E-01
  1.48600000E+00  2.21810847E-01
  1.48600000E+00  6.80585894E-02
  1.48600000E+00  3.24665850E-02
  1.48600000E+00 -1.21285673E-01
  1.48600000E+00 -1.56877677E-01
  1.48600000E+00 -3.10629935E-01
  1.48600000E+00 -3.46221940E-01
  1.48600000E+00 -4.99974198E-01
  1.48600000E+00 -5.35566202E-01
  1.48600000E+00 -6.89318460E-01
  1.48600000E+00 -7.24910464E-01
  1.48600000E+00 -8.78662722E-01
  1.48600000E+00 -9.14254727E-01
  1.48600000E+00 -1.06800698E+00
  1.48600000E+00 -1.10359899E+00
  1.48600000E+00 -1.25735125E+00
  1.48600000E+00 -1.29294325E+00
  1.48600000E+00 -1.44669551E+00

hb:   line clip z  
clip:
 -1.55144781E+00  2.71850000E+00
  1.58600000E+00  2.71887826E+00
  1.58600000E+00  2.73822990E+00
  1.55077911E+00  2.81850000E+00
  1.36946290E+00  2.81850000E+00
  1.20616372E+00  2.81850000E+00
  1.02484751E+00  2.81850000E+00
  8.61548338E-01  2.81850000E+00
  6.80232130E-01  2.81850000E+00
  5.16932953E-01  2.81850000E+00
  3.35616745E-01  2.81850000E+00
  1.72317569E-01  2.81850000E+00
 -8.99863962E-03  2.81850000E+00
 -1.72297816E-01  2.81850000E+00
 -3.53614024E-01  2.81850000E+00
 -5.16913200E-01  2.81850000E+00
 -6.98229409E-01  2.81850000E+00
 -8.61528585E-01  2.81850000E+00
 -1.04284479E+00  2.81850000E+00
 -1.20614397E+00  2.81850000E+00
 -1.38746018E+00  2.81850000E+00
 -1.55075935E+00  2.81850000E+00
 -1.58600000E+00  2.73824076E+00
 -1.58600000E+00  2.71887826E+00

#------------------------------------------------------------------------------
z: xorg(1.03)
p: xfac[c2*0.05] form[c1/0.05] notc noxt noyt dmin(1)
p: ymin(0) ymax(1) xmin(0) xmax(1) cmin(1) cmax(100) nosp
hc: y= 0.005 to 0.995 by 0.01 ; x= 0.5 to 0.5 by 1 ;
 1  2  3  4  5  6  7  8  9 10 11 12 13 14 15 16 17 18 19 20
21 22 23 24 25 26 27 28 29 30 31 32 33 34 35 36 37 38 39 40
41 42 43 44 45 46 47 48 49 50 51 52 53 54 55 56 57 58 59 60
61 62 63 64 65 66 67 68 69 70 71 72 73 74 75 76 77 78 79 80
81 82 83 84 85 86 87 88 89 90 91 92 93 94 95 96 97 98 99 100
z: xorg(0.0)
p: xfac[c2*0.05] form[c1/0.05] nosp afac[c5*0.625] ymin[c3] ymax[c4]
p: noxt noxn ytxt(-1) ynum(-1) xltd(-1) xstd(-1) itic(1) ylog
y: Relative Error
#------------------------------------------------------------------------------

wt: s[c5]
\vspace{-3}
  emin  &=&   0.0000E+00 [MeV]
  emax  &=&   1.0000E+03 [MeV]
  zmin  &=&   9.8470E+01 [cm]
  zmax  &=&   9.8490E+01 [cm]
  part. &=& proton  
e:

#------------------------------------------------------------------------------
z: xorg[-1.03/0.05]
p: form[c1] xfac[c2] afac[c5] nosp notf
p: xmin( -4.000000    ) xmax(  4.000000    )
p: ymin( -6.000000    ) ymax(  5.000000    )
 
# Information for Restart Calculation
# This calculation was newly started
# istdev =  2 # 1:Batch variance, 2:History variance
# resc2  = 5.34326029434045030E-03 # Total source weight or Total source weight / maxcas
# resc3  = 3.33500000000000000E+07 # Total history number or Total batch number
# maxcas =       25000 # History / Batch, only used for istdev=1
# bitrseed = 1110111011110100000001100100011101110001100001111101000100011100 # bit data of rseed
