[ T - Deposit ]
    title = depth-dose distribution
     mesh =  r-z            # mesh type is r-z scoring mesh
       x0 =   0.000000      # center x-position of r-z mesh
       y0 =   0.000000      # center y-position of r-z mesh
   r-type =    2            # r-mesh is linear given by rmin, rmax and nr
     rmin =   0.000000      # minimum value of r-mesh points
     rmax =   1.000000      # maximum value of r-mesh points
#    rdel =   1.000000      # mesh width of r-mesh points
       nr =    1            # number of r-mesh points
#    data = ( r(i), i = 1, nr + 1 )
#           0.00000E+00  1.00000E+00
   z-type =    2            # z-mesh is linear given by zmin, zmax and nz
     zmin =   0.000000      # minimum value of z-mesh points
     zmax =   30.00000      # maximum value of z-mesh points
#    zdel =  0.5000000      # mesh width of z-mesh points
       nz =   60            # number of z-mesh points
#    data = ( z(i), i = 1, nz + 1 )
#           0.00000E+00  5.00000E-01  1.00000E+00  1.50000E+00  2.00000E+00
#           2.50000E+00  3.00000E+00  3.50000E+00  4.00000E+00  4.50000E+00
#           5.00000E+00  5.50000E+00  6.00000E+00  6.50000E+00  7.00000E+00
#           7.50000E+00  8.00000E+00  8.50000E+00  9.00000E+00  9.50000E+00
#           1.00000E+01  1.05000E+01  1.10000E+01  1.15000E+01  1.20000E+01
#           1.25000E+01  1.30000E+01  1.35000E+01  1.40000E+01  1.45000E+01
#           1.50000E+01  1.55000E+01  1.60000E+01  1.65000E+01  1.70000E+01
#           1.75000E+01  1.80000E+01  1.85000E+01  1.90000E+01  1.95000E+01
#           2.00000E+01  2.05000E+01  2.10000E+01  2.15000E+01  2.20000E+01
#           2.25000E+01  2.30000E+01  2.35000E+01  2.40000E+01  2.45000E+01
#           2.50000E+01  2.55000E+01  2.60000E+01  2.65000E+01  2.70000E+01
#           2.75000E+01  2.80000E+01  2.85000E+01  2.90000E+01  2.95000E+01
#           3.00000E+01
     unit =    2            # unit is [MeV/source)]
   letmat =    0            # (D=0) mat ID for LET, 0:real mat, <0: electron for H2O
  dedxfnc =    0            # (D=0) user defined multiplier, 0(no), 1, 2
 material =  all            # (D=all) number of specific material
   output =  dose           # total deposit energy
     axis =     z           # axis of output
     file = dose.out        # file name of output for the above axis
     part =  all      
# kf/name :  0        
    angel = ymin(1e-1) ymax(1e-0)
   epsout =    1            # (D=0) generate eps file by ANGEL
#    used :        main (  %)        temp (  %)       total (  %)
#  memory :          66 (  0)           0 (  0)          66 (  0)

#------------------------------------------------------------------------------
#newpage:
#   no. =  1   ir  =  1
#   r = (   0.0000E+00  -   1.0000E+00  )

x: z [cm]
y: Dose [MeV/source]     
p: xlin ylog afac(0.8) form(0.9)
p: ymin(1e-1) ymax(1e-0)
h: n            x            y(all     ),hh0l  n  
#  z-lower      z-upper         dose     r.err 
   0.0000E+00   5.0000E-01   2.0056E-01  0.0192
   5.0000E-01   1.0000E+00   1.9945E-01  0.0180
   1.0000E+00   1.5000E+00   2.0390E-01  0.0185
   1.5000E+00   2.0000E+00   2.0305E-01  0.0182
   2.0000E+00   2.5000E+00   2.0654E-01  0.0194
   2.5000E+00   3.0000E+00   2.0782E-01  0.0206
   3.0000E+00   3.5000E+00   2.0368E-01  0.0191
   3.5000E+00   4.0000E+00   2.0623E-01  0.0208
   4.0000E+00   4.5000E+00   2.0516E-01  0.0206
   4.5000E+00   5.0000E+00   2.1349E-01  0.0216
   5.0000E+00   5.5000E+00   2.0929E-01  0.0199
   5.5000E+00   6.0000E+00   2.0772E-01  0.0199
   6.0000E+00   6.5000E+00   2.0842E-01  0.0201
   6.5000E+00   7.0000E+00   2.0889E-01  0.0207
   7.0000E+00   7.5000E+00   2.0895E-01  0.0217
   7.5000E+00   8.0000E+00   2.0258E-01  0.0194
   8.0000E+00   8.5000E+00   2.0553E-01  0.0210
   8.5000E+00   9.0000E+00   2.0396E-01  0.0195
   9.0000E+00   9.5000E+00   2.0687E-01  0.0210
   9.5000E+00   1.0000E+01   2.0588E-01  0.0224
   1.0000E+01   1.0500E+01   2.0452E-01  0.0198
   1.0500E+01   1.1000E+01   2.0907E-01  0.0211
   1.1000E+01   1.1500E+01   2.0579E-01  0.0206
   1.1500E+01   1.2000E+01   2.0678E-01  0.0204
   1.2000E+01   1.2500E+01   2.1200E-01  0.0216
   1.2500E+01   1.3000E+01   2.1204E-01  0.0207
   1.3000E+01   1.3500E+01   2.1576E-01  0.0208
   1.3500E+01   1.4000E+01   2.1796E-01  0.0212
   1.4000E+01   1.4500E+01   2.1609E-01  0.0204
   1.4500E+01   1.5000E+01   2.2200E-01  0.0215
   1.5000E+01   1.5500E+01   2.2636E-01  0.0216
   1.5500E+01   1.6000E+01   2.3255E-01  0.0215
   1.6000E+01   1.6500E+01   2.4273E-01  0.0219
   1.6500E+01   1.7000E+01   2.6122E-01  0.0229
   1.7000E+01   1.7500E+01   2.5788E-01  0.0227
   1.7500E+01   1.8000E+01   2.5135E-01  0.0227
   1.8000E+01   1.8500E+01   2.5210E-01  0.0238
   1.8500E+01   1.9000E+01   2.4474E-01  0.0243
   1.9000E+01   1.9500E+01   2.4462E-01  0.0247
   1.9500E+01   2.0000E+01   2.3445E-01  0.0253
   2.0000E+01   2.0500E+01   2.4314E-01  0.0265
   2.0500E+01   2.1000E+01   2.1875E-01  0.0274
   2.1000E+01   2.1500E+01   2.2533E-01  0.0293
   2.1500E+01   2.2000E+01   1.8131E-01  0.0306
   2.2000E+01   2.2500E+01   1.8724E-01  0.0331
   2.2500E+01   2.3000E+01   1.5334E-01  0.0341
   2.3000E+01   2.3500E+01   1.6652E-01  0.0379
   2.3500E+01   2.4000E+01   1.1829E-01  0.0421
   2.4000E+01   2.4500E+01   1.1514E-01  0.0500
   2.4500E+01   2.5000E+01   5.0961E-02  0.0693
   2.5000E+01   2.5500E+01   1.5414E-03  0.3742
   2.5500E+01   2.6000E+01   3.9175E-05  0.6824
   2.6000E+01   2.6500E+01   2.9664E-05  0.6239
   2.6500E+01   2.7000E+01   1.6126E-04  0.8571
   2.7000E+01   2.7500E+01   1.7069E-04  0.8290
   2.7500E+01   2.8000E+01   1.9702E-04  0.7698
   2.8000E+01   2.8500E+01   1.8946E-04  0.9532
   2.8500E+01   2.9000E+01   2.3635E-04  0.9837
   2.9000E+01   2.9500E+01   4.0653E-04  0.9400
   2.9500E+01   3.0000E+01   0.0000E+00  0.0000

#   sum over    6.0000E+01   1.7252E-01

'no. =  1,  ir =  1'
msuc: {\huge depth-dose distribution}
msdl: {\it plotted by \ANGEL \version}
msdr: {\it calculated by \PHITS  2.77}
wt: s(0.7)
\vspace{-3}
  rmin  &=&   0.0000E+00 [cm]
  rmax  &=&   1.0000E+00 [cm]
e:
 
# Information for Restart Calculation
# This calculation was newly started
# istdev =  2 # 1:Batch variance, 2:History variance
# resc2  = 5.00000000000000000E+04 # Total source weight or Total source weight / maxcas
# resc3  = 5.00000000000000000E+04 # Total history number or Total batch number
# maxcas =        5000 # History / Batch, only used for istdev=1
# rijklst= 223416281636313.0 # Next initial random number
