           _________________________________________________________
          |                                                         |
          |       _/_/_/_/                                          |
          |      _/      _/                  _/_/_/_/_/_/           |
          |     _/      _/  _/      _/   _/      _/      _/_/_/_/_/ |
          |    _/_/_/_/    _/      _/   _/      _/      _/          |
          |   _/          _/_/_/_/_/   _/      _/       _/_/_/_/    |
          |  _/          _/      _/   _/      _/              _/    |
          | _/          _/      _/   _/      _/      _/_/_/_/_/     |
          |                                                         |
          |                                                         |
          |       Particle and Heavy Ion Transport code System      |
          |                      Version =  3.260                   |
          |                       developed by                      |
          |                                                         |
          |  Tatsuhiko SATO, Yosuke IWAMOTO, Shintaro HASHIMOTO,    |
          |    Tatsuhiko OGAWA, Takuya FURUTA, Shinichiro ABE,      |
          |    Takeshi KAI, Norihiro MATSUDA, Yusuke MATSUYA,       |
          | Yuho HIRATA, Lan YAO, Pi-En TSAI, Hunter RATLIFF (JAEA),|
          |                                                         |
          |            Hiroshi IWASE, Yasuhito SAKAKI (KEK),        |
          |                                                         |
          |           Nobuhiro SHIGYO (Kyushu University),          |
          |                                                         |
          |      Lembit SIHVER (Technische Universitat Wien), and   |
          |                                                         |
          |                     Koji NIITA (RIST)                   |
          |                                                         |
          |                 Last Revised  2021-09-01                |
          |_________________________________________________________|

                     __________ [ Job Title ] ________ 
                    |                                 |
                    |  Sample input for Ridge Filter  |
                    |_________________________________|

                        Starting Date = 2021-12-06
                        Starting Time = 21h 29m 51

>>> Input Echo >>>=============================================================

[ Title ]
Sample input for Ridge Filter

[ Parameters ]
 icntl    =           8     # (D=0) 3:ECH 5:NOR 6:SRC 7,8:GSH 11:DSH 12:DUMP
 maxcas   =        5000     # (D=10) number of particles per one batch
 maxbch   =          10     # (D=10) number of batches
 delt0    = 1.000000000E-02 # (D=0.1) flight mesh for spread and magfield (cm)
 e-mode   =           2     # (D=0) 0: Normal, 1: Event generator mode Ver.1, 2: Ver.2
 nedisp   =           1     # (D=0) 0: no, 1: with e straggling, 10: ATIMA
 nspred   =           2     # (D=0) 0:no, 1:original, 2:Lynch(Moliere), 10:ATIMA
 ascat1   =  13.6000000     # (D=13.6) S2 parameter in Lynch formula for nspred = 2
 ascat2   = 8.800000000E-02 # (D=0.038) e parameter in Lynch formula for nspred = 2
 negs     =           1     # (D=-1) =-1:original, =0:No, =1:EGS
 file(6)  = phits.out       # (D=phits.out) general output file name

[ Source ]
  totfact =   1.0000        # (D=1.0) global factor
   s-type =   1             # cylindrical source
     proj =  proton         # kind of incident particle         
       e0 =   200.00        # energy of beam [MeV/n]
       r0 =   0.0000        # radius [cm]
       x0 =   0.0000        # (D=0.0) center position of x-axis [cm]
       y0 =   0.0000        # (D=0.0) center position of y-axis [cm]
       z0 =  -101.00        # minimum position of z-axis [cm]
       z1 =  -101.00        # maximum position of z-axis [cm]
      dir =   1.0000        # z-direction of beam [cosine]

[ Material ]
MAT[ 1 ] 
           1H        -1.1111100E-01
          16O        -8.8888900E-01
MAT[ 2 ] 
         27Al         1.0000000E+00
MAT[ 3 ] 
         184W         1.0000000E+00
MAT[ 4 ] 
          14N         8.0000000E-01
          16O         2.0000000E-01

[ Cell ]
 1100        4 -1.2100000E-03  200 -201 102 -103 -105  u=1001 
 1101        4 -1.2100000E-03  201 -202 102 -103 -301  u=1001 
 1102        4 -1.2100000E-03  202 -203 102 -103 -302  u=1001 
 1103        4 -1.2100000E-03  203 -204 102 -103 -303  u=1001 
 1104        4 -1.2100000E-03  204 -205 102 -103 -304  u=1001 
 1105        4 -1.2100000E-03  205 -206 102 -103 -305  u=1001 
 1106        4 -1.2100000E-03  206 -207 102 -103 -306  u=1001 
 1107        4 -1.2100000E-03  207 -208 102 -103 -307  u=1001 
 1108        4 -1.2100000E-03  208 -209 102 -103 -306  u=1001 
 1109        4 -1.2100000E-03  209 -210 102 -103 -305  u=1001 
 1110        4 -1.2100000E-03  210 -211 102 -103 -304  u=1001 
 1111        4 -1.2100000E-03  211 -212 102 -103 -303  u=1001 
 1112        4 -1.2100000E-03  212 -213 102 -103 -302  u=1001 
 1113        4 -1.2100000E-03  213 -214 102 -103 -301  u=1001 
 1201        2 -2.7000000E+00  201 -202 102 -103 301  u=1001 
 1202        2 -2.7000000E+00  202 -203 102 -103 302  u=1001 
 1203        2 -2.7000000E+00  203 -204 102 -103 303  u=1001 
 1204        2 -2.7000000E+00  204 -205 102 -103 304  u=1001 
 1205        2 -2.7000000E+00  205 -206 102 -103 305  u=1001 
 1206        2 -2.7000000E+00  206 -207 102 -103 306  u=1001 
 1207        2 -2.7000000E+00  207 -208 102 -103 307  u=1001 
 1208        2 -2.7000000E+00  208 -209 102 -103 306  u=1001 
 1209        2 -2.7000000E+00  209 -210 102 -103 305  u=1001 
 1210        2 -2.7000000E+00  210 -211 102 -103 304  u=1001 
 1211        2 -2.7000000E+00  211 -212 102 -103 303  u=1001 
 1212        2 -2.7000000E+00  212 -213 102 -103 302  u=1001 
 1213        2 -2.7000000E+00  213 -214 102 -103 301  u=1001 
 2001        0                 -214 200 -103 102 -105 104  lat=1  u=1002
                               fill=-5:4 0:0 0:0
 2003        0                 100 -101 102 -103 -106 104  lat=1  u=1003
                               fill=0:0 0:0 0:99
 2004        2 -2.7000000E+00  -999  u=1004 
 1           3 -1.9600000E+01  1 -2 -11 
 2           2 -2.7000000E+00  3 -4 11 -12 
 3           1 -1.0000000E+00  5 -6 -11 
 4           0                 100 -101 102 -103 104 -105  fill=1002
 98          4 -1.2100000E-03  #1 #2 #3 #4 -999 
 99         -1                 999 

[ Surface ]
 100           px   -1.0000000E+01
 101           px    1.0000000E+01
 102           py   -1.0000000E+01
 103           py    1.0000000E+01
 104           pz   -5.0000000E+01
 105           pz   -4.5000000E+01
 106           pz   -4.9950000E+01
 200           px    0.0000000E+00
 201           px    2.0000000E-01
 202           px    3.0000000E-01
 203           px    4.0000000E-01
 204           px    5.5000000E-01
 205           px    7.0000000E-01
 206           px    8.5000000E-01
 207           px    1.0000000E+00
 208           px    1.2000000E+00
 209           px    1.3500000E+00
 210           px    1.5000000E+00
 211           px    1.6500000E+00
 212           px    1.8000000E+00
 213           px    1.9000000E+00
 214           px    2.0000000E+00
 301           pz   -4.5500000E+01
 302           pz   -4.6000000E+01
 303           pz   -4.6500000E+01
 304           pz   -4.7000000E+01
 305           pz   -4.7500000E+01
 306           pz   -4.8000000E+01
 307           pz   -4.8500000E+01
 1             pz   -1.0000000E+02
 2             pz   -9.9900000E+01
 3             pz   -2.0000000E+01
 4             pz   -1.0000000E+01
 5             pz    0.0000000E+00
 6             pz    3.0000000E+01
 11            cz    1.0000000E+01
 12            cz    3.0000000E+01
 999           so    5.0000000E+02

[ Mat Name Color ]
   mat        name     size          color   # HSB color value
     0        void     1.00      lightgray   # { -0.800  1.000  1.000 }
     1       Water     1.00     pastelblue   # {  0.250  0.400  1.000 }
     2    Aluminum     1.00          green   # {  0.600  1.000  1.000 }
     3    Tungsten     1.00            red   # {  1.000  1.000  1.000 }
     4         Air     1.00      lightgray   # { -0.800  1.000  1.000 }

[ T-Deposit ]
    title = depth-dose distribution
     mesh =  r-z            # mesh type is r-z scoring mesh
       x0 =   0.000000      # center x-position of r-z mesh
       y0 =   0.000000      # center y-position of r-z mesh
   r-type =    2            # r-mesh is linear given by rmin, rmax and nr
     rmin =   0.000000      # minimum value of r-mesh points
     rmax =   1.000000      # maximum value of r-mesh points
#    rdel =   1.000000      # mesh width of r-mesh points
       nr =      1          # number of r-mesh points
#    data = ( r(i), i = 1, nr + 1 )
#           0.00000E+00  1.00000E+00
   z-type =    2            # z-mesh is linear given by zmin, zmax and nz
     zmin =   0.000000      # minimum value of z-mesh points
     zmax =   30.00000      # maximum value of z-mesh points
#    zdel =  0.5000000      # mesh width of z-mesh points
       nz =     60          # number of z-mesh points
#    data = ( z(i), i = 1, nz + 1 )
#           0.00000E+00  5.00000E-01  1.00000E+00  1.50000E+00  2.00000E+00
#           2.50000E+00  3.00000E+00  3.50000E+00  4.00000E+00  4.50000E+00
#           5.00000E+00  5.50000E+00  6.00000E+00  6.50000E+00  7.00000E+00
#           7.50000E+00  8.00000E+00  8.50000E+00  9.00000E+00  9.50000E+00
#           1.00000E+01  1.05000E+01  1.10000E+01  1.15000E+01  1.20000E+01
#           1.25000E+01  1.30000E+01  1.35000E+01  1.40000E+01  1.45000E+01
#           1.50000E+01  1.55000E+01  1.60000E+01  1.65000E+01  1.70000E+01
#           1.75000E+01  1.80000E+01  1.85000E+01  1.90000E+01  1.95000E+01
#           2.00000E+01  2.05000E+01  2.10000E+01  2.15000E+01  2.20000E+01
#           2.25000E+01  2.30000E+01  2.35000E+01  2.40000E+01  2.45000E+01
#           2.50000E+01  2.55000E+01  2.60000E+01  2.65000E+01  2.70000E+01
#           2.75000E+01  2.80000E+01  2.85000E+01  2.90000E+01  2.95000E+01
#           3.00000E+01
     unit =    2            # unit is [MeV/source)]
   letmat =    0            # (D=0) mat ID for LET, 0:real mat, <0: electron for H2O
  dedxfnc =    0            # (D=0) user defined multiplier, 0(no), 1, 2
 material =  all            # (D=all) number of specific material
   output =  dose           # total deposit energy
  deposit =    0            # (D=0) 0-> total deposit dist, 1-> each process
     axis =     z           # axis of output
     file = dose.out        # file name of output for the above axis
     part =  all      
# kf/name :  0        
    angel = ymin(1e-1) ymax(1e-0)
   epsout =    1            # (D=0) generate eps file by ANGEL
#    used :        main (  %)        temp (  %)       total (  %)
#  memory :          66 (  0)           0 (  0)          66 (  0)

[ T-Track ]
    title = Track in xyz mesh
     mesh =  xyz            # mesh type is xyz scoring mesh
   x-type =    2            # x-mesh is linear given by xmin, xmax and nx
     xmin =  -20.00000      # minimum value of x-mesh points
     xmax =   20.00000      # maximum value of x-mesh points
#    xdel =   1.000000      # mesh width of x-mesh points
       nx =     40          # number of x-mesh points
#    data = ( x(i), i = 1, nx + 1 )
#          -2.00000E+01 -1.90000E+01 -1.80000E+01 -1.70000E+01 -1.60000E+01
#          -1.50000E+01 -1.40000E+01 -1.30000E+01 -1.20000E+01 -1.10000E+01
#          -1.00000E+01 -9.00000E+00 -8.00000E+00 -7.00000E+00 -6.00000E+00
#          -5.00000E+00 -4.00000E+00 -3.00000E+00 -2.00000E+00 -1.00000E+00
#           0.00000E+00  1.00000E+00  2.00000E+00  3.00000E+00  4.00000E+00
#           5.00000E+00  6.00000E+00  7.00000E+00  8.00000E+00  9.00000E+00
#           1.00000E+01  1.10000E+01  1.20000E+01  1.30000E+01  1.40000E+01
#           1.50000E+01  1.60000E+01  1.70000E+01  1.80000E+01  1.90000E+01
#           2.00000E+01
   y-type =    2            # y-mesh is linear given by ymin, ymax and ny
     ymin =  -20.00000      # minimum value of y-mesh points
     ymax =   20.00000      # maximum value of y-mesh points
#    ydel =   40.00000      # mesh width of y-mesh points
       ny =      1          # number of y-mesh points
#    data = ( y(i), i = 1, ny + 1 )
#          -2.00000E+01  2.00000E+01
   z-type =    2            # z-mesh is linear given by zmin, zmax and nz
     zmin =  -110.0000      # minimum value of z-mesh points
     zmax =   40.00000      # maximum value of z-mesh points
#    zdel =   1.000000      # mesh width of z-mesh points
       nz =    150          # number of z-mesh points
#    data = ( z(i), i = 1, nz + 1 )
#          -1.10000E+02 -1.09000E+02 -1.08000E+02 -1.07000E+02 -1.06000E+02
#          -1.05000E+02 -1.04000E+02 -1.03000E+02 -1.02000E+02 -1.01000E+02
#          -1.00000E+02 -9.90000E+01 -9.80000E+01 -9.70000E+01 -9.60000E+01
#          -9.50000E+01 -9.40000E+01 -9.30000E+01 -9.20000E+01 -9.10000E+01
#          -9.00000E+01 -8.90000E+01 -8.80000E+01 -8.70000E+01 -8.60000E+01
#          -8.50000E+01 -8.40000E+01 -8.30000E+01 -8.20000E+01 -8.10000E+01
#          -8.00000E+01 -7.90000E+01 -7.80000E+01 -7.70000E+01 -7.60000E+01
#          -7.50000E+01 -7.40000E+01 -7.30000E+01 -7.20000E+01 -7.10000E+01
#          -7.00000E+01 -6.90000E+01 -6.80000E+01 -6.70000E+01 -6.60000E+01
#          -6.50000E+01 -6.40000E+01 -6.30000E+01 -6.20000E+01 -6.10000E+01
#          -6.00000E+01 -5.90000E+01 -5.80000E+01 -5.70000E+01 -5.60000E+01
#          -5.50000E+01 -5.40000E+01 -5.30000E+01 -5.20000E+01 -5.10000E+01
#          -5.00000E+01 -4.90000E+01 -4.80000E+01 -4.70000E+01 -4.60000E+01
#          -4.50000E+01 -4.40000E+01 -4.30000E+01 -4.20000E+01 -4.10000E+01
#          -4.00000E+01 -3.90000E+01 -3.80000E+01 -3.70000E+01 -3.60000E+01
#          -3.50000E+01 -3.40000E+01 -3.30000E+01 -3.20000E+01 -3.10000E+01
#          -3.00000E+01 -2.90000E+01 -2.80000E+01 -2.70000E+01 -2.60000E+01
#          -2.50000E+01 -2.40000E+01 -2.30000E+01 -2.20000E+01 -2.10000E+01
#          -2.00000E+01 -1.90000E+01 -1.80000E+01 -1.70000E+01 -1.60000E+01
#          -1.50000E+01 -1.40000E+01 -1.30000E+01 -1.20000E+01 -1.10000E+01
#          -1.00000E+01 -9.00000E+00 -8.00000E+00 -7.00000E+00 -6.00000E+00
#          -5.00000E+00 -4.00000E+00 -3.00000E+00 -2.00000E+00 -1.00000E+00
#           0.00000E+00  1.00000E+00  2.00000E+00  3.00000E+00  4.00000E+00
#           5.00000E+00  6.00000E+00  7.00000E+00  8.00000E+00  9.00000E+00
#           1.00000E+01  1.10000E+01  1.20000E+01  1.30000E+01  1.40000E+01
#           1.50000E+01  1.60000E+01  1.70000E+01  1.80000E+01  1.90000E+01
#           2.00000E+01  2.10000E+01  2.20000E+01  2.30000E+01  2.40000E+01
#           2.50000E+01  2.60000E+01  2.70000E+01  2.80000E+01  2.90000E+01
#           3.00000E+01  3.10000E+01  3.20000E+01  3.30000E+01  3.40000E+01
#           3.50000E+01  3.60000E+01  3.70000E+01  3.80000E+01  3.90000E+01
#           4.00000E+01
   e-type =    1            # e-mesh is given by the below data
       ne =      1          # number of e-mesh points
#    data = ( e(i), i = 1, ne + 1 )
            0.00000E+00  1.00000E+03
     unit =    1            # unit is [1/cm^2/source]
 material =  all            # (D=all) number of specific material
  2D-type =    3            # 1:Cont, 2:Clust, 3:Color, 4:xyz, 5:mat, 6:Clust+Cont, 7:Col+Cont
     axis =      xz            # axis of output
     file = track-whole.out  # file name of output for the above axis
     part =  proton     neutron  
# kf/name :  2212       2112     
    gshow =    1            # 0: no 1:bnd, 2:bnd+mat, 3:bnd+reg 4:bnd+lat 5:bmp style
    resol =    2            # (D=1) resolution of gshow or rshow
    width = 0.5000000       # (D=0.5) width of lines for gshow or rshow
   epsout =    1            # (D=0) generate eps file by ANGEL
#    used :        main (  %)        temp (  %)       total (  %)
#  memory :         200 (  0)           0 (  0)         200 (  0)

[ T-Track ]
    title = Track in xyz mesh
     mesh =  xyz            # mesh type is xyz scoring mesh
   x-type =    2            # x-mesh is linear given by xmin, xmax and nx
     xmin =   0.000000      # minimum value of x-mesh points
     xmax =   2.000000      # maximum value of x-mesh points
#    xdel =  5.0000000E-02  # mesh width of x-mesh points
       nx =     40          # number of x-mesh points
#    data = ( x(i), i = 1, nx + 1 )
#           0.00000E+00  5.00000E-02  1.00000E-01  1.50000E-01  2.00000E-01
#           2.50000E-01  3.00000E-01  3.50000E-01  4.00000E-01  4.50000E-01
#           5.00000E-01  5.50000E-01  6.00000E-01  6.50000E-01  7.00000E-01
#           7.50000E-01  8.00000E-01  8.50000E-01  9.00000E-01  9.50000E-01
#           1.00000E+00  1.05000E+00  1.10000E+00  1.15000E+00  1.20000E+00
#           1.25000E+00  1.30000E+00  1.35000E+00  1.40000E+00  1.45000E+00
#           1.50000E+00  1.55000E+00  1.60000E+00  1.65000E+00  1.70000E+00
#           1.75000E+00  1.80000E+00  1.85000E+00  1.90000E+00  1.95000E+00
#           2.00000E+00
   y-type =    2            # y-mesh is linear given by ymin, ymax and ny
     ymin =  -10.00000      # minimum value of y-mesh points
     ymax =   10.00000      # maximum value of y-mesh points
#    ydel =   20.00000      # mesh width of y-mesh points
       ny =      1          # number of y-mesh points
#    data = ( y(i), i = 1, ny + 1 )
#          -1.00000E+01  1.00000E+01
   z-type =    2            # z-mesh is linear given by zmin, zmax and nz
     zmin =  -51.00000      # minimum value of z-mesh points
     zmax =  -44.00000      # maximum value of z-mesh points
#    zdel =  7.0000000E-02  # mesh width of z-mesh points
       nz =    100          # number of z-mesh points
#    data = ( z(i), i = 1, nz + 1 )
#          -5.10000E+01 -5.09300E+01 -5.08600E+01 -5.07900E+01 -5.07200E+01
#          -5.06500E+01 -5.05800E+01 -5.05100E+01 -5.04400E+01 -5.03700E+01
#          -5.03000E+01 -5.02300E+01 -5.01600E+01 -5.00900E+01 -5.00200E+01
#          -4.99500E+01 -4.98800E+01 -4.98100E+01 -4.97400E+01 -4.96700E+01
#          -4.96000E+01 -4.95300E+01 -4.94600E+01 -4.93900E+01 -4.93200E+01
#          -4.92500E+01 -4.91800E+01 -4.91100E+01 -4.90400E+01 -4.89700E+01
#          -4.89000E+01 -4.88300E+01 -4.87600E+01 -4.86900E+01 -4.86200E+01
#          -4.85500E+01 -4.84800E+01 -4.84100E+01 -4.83400E+01 -4.82700E+01
#          -4.82000E+01 -4.81300E+01 -4.80600E+01 -4.79900E+01 -4.79200E+01
#          -4.78500E+01 -4.77800E+01 -4.77100E+01 -4.76400E+01 -4.75700E+01
#          -4.75000E+01 -4.74300E+01 -4.73600E+01 -4.72900E+01 -4.72200E+01
#          -4.71500E+01 -4.70800E+01 -4.70100E+01 -4.69400E+01 -4.68700E+01
#          -4.68000E+01 -4.67300E+01 -4.66600E+01 -4.65900E+01 -4.65200E+01
#          -4.64500E+01 -4.63800E+01 -4.63100E+01 -4.62400E+01 -4.61700E+01
#          -4.61000E+01 -4.60300E+01 -4.59600E+01 -4.58900E+01 -4.58200E+01
#          -4.57500E+01 -4.56800E+01 -4.56100E+01 -4.55400E+01 -4.54700E+01
#          -4.54000E+01 -4.53300E+01 -4.52600E+01 -4.51900E+01 -4.51200E+01
#          -4.50500E+01 -4.49800E+01 -4.49100E+01 -4.48400E+01 -4.47700E+01
#          -4.47000E+01 -4.46300E+01 -4.45600E+01 -4.44900E+01 -4.44200E+01
#          -4.43500E+01 -4.42800E+01 -4.42100E+01 -4.41400E+01 -4.40700E+01
#          -4.40000E+01
   e-type =    1            # e-mesh is given by the below data
       ne =      1          # number of e-mesh points
#    data = ( e(i), i = 1, ne + 1 )
            0.00000E+00  1.00000E+03
     unit =    1            # unit is [1/cm^2/source]
 material =  all            # (D=all) number of specific material
  2D-type =    3            # 1:Cont, 2:Clust, 3:Color, 4:xyz, 5:mat, 6:Clust+Cont, 7:Col+Cont
     axis =      xz            # axis of output
     file = track-ridge.out  # file name of output for the above axis
     part =  proton     neutron  
# kf/name :  2212       2112     
    gshow =    1            # 0: no 1:bnd, 2:bnd+mat, 3:bnd+reg 4:bnd+lat 5:bmp style
    resol =    2            # (D=1) resolution of gshow or rshow
    width = 0.5000000       # (D=0.5) width of lines for gshow or rshow
   epsout =    1            # (D=0) generate eps file by ANGEL
#    used :        main (  %)        temp (  %)       total (  %)
#  memory :         150 (  0)           0 (  0)         150 (  0)

[END] of Input Echo <<<========================================================

<<< Report of real Geometry memory >>>
*           GG/CG memory =      883
*     total memory: mdas = 80000000
*                percent =     0.00 %

<<< Report of material memory for high energy>>>
*   high energy material =      513
*     total memory: mdas = 80000000
*                percent =     0.00 %

<<< Report of material memory for low energy>>>
*    low energy material =     2780
*     total memory: mdas = 80000000
*                percent =     0.00 %

<<< Report of real tally memory >>>
*      real tally memory =      416
*     total memory: mdas = 80000000
*                percent =     0.00 %

<<< Report of temporary tally memory >>>
* temporary tally memory =    10811
*     total memory: mdas = 80000000
*                percent =     0.01 %

<<< Report of other memory >>>
*           other memory =    11220
*     total memory: mdas = 80000000
*                percent =     0.01 %

<<< Report of total memory >>>
*      used total memory =    15812
*     total memory: mdas = 80000000
*                percent =     0.02 %
*                ---------------------

-------------------------------------------------------------------------------
 job termination date : 2021/12/06
                 time :   21:29:52

 END 
