           _________________________________________________________
          |                                                         |
          |       _/_/_/_/                                          |
          |      _/      _/                  _/_/_/_/_/_/           |
          |     _/      _/  _/      _/   _/      _/      _/_/_/_/_/ |
          |    _/_/_/_/    _/      _/   _/      _/      _/          |
          |   _/          _/_/_/_/_/   _/      _/       _/_/_/_/    |
          |  _/          _/      _/   _/      _/              _/    |
          | _/          _/      _/   _/      _/      _/_/_/_/_/     |
          |                                                         |
          |                                                         |
          |       Particle and Heavy Ion Transport code System      |
          |                      Version =  3.344                   |
          |                       developed by                      |
          |                                                         |
          |  Tatsuhiko SATO, Yosuke IWAMOTO, Shintaro HASHIMOTO,    |
          |    Tatsuhiko OGAWA, Takuya FURUTA, Shinichiro ABE,      |
          |    Takeshi KAI, Norihiro MATSUDA, Yusuke MATSUYA,       |
          |      Yuho HIRATA, Takuya SEKIKAWA, Pi-En TSAI,          |
          |                Hunter RATLIFF (JAEA),                   |
          |                                                         |
          |  Hiroshi IWASE, Yasuhito SAKAKI, Kenta SUGIHARA (KEK),  |
          |                                                         |
          |           Nobuhiro SHIGYO (Kyushu University),          |
          |                                                         |
          |      Lembit SIHVER (Technische Universitat Wien), and   |
          |                                                         |
          |                     Koji NIITA (RIST)                   |
          |                                                         |
          |                 Last Revised  2024-12-27                |
          |_________________________________________________________|

                            __ [ Job Title ] _ 
                           |                  |
                           |   Counter test   |
                           |__________________|

                        Starting Date = 2025-01-02
                        Starting Time = 18h 57m 32

>>> Input Echo >>>=============================================================

[ Title ]
 Counter test

[ Parameters ]
 icntl    =           0     # (D=0) 3:ECH 5:NOR 6:SRC 7,8:GSH 11:DSH 12:DUMP
 maxcas   =      100000     # (D=10) number of particles per one batch
 maxbch   =          10     # (D=10) number of batches
 file(6)  = phits.out       # (D=phits.out) general output file name

[ Source ]
  totfact =   1.0000        # (D=1.0) global factor
   s-type =   2             # rectangular-solid source
     proj =  neutron        # kind of incident particle         
       e0 =   1.0000        # energy of beam [MeV/n]
       x0 =  -2.2000        # minimum position of x-axis [cm]
       x1 =   2.2000        # maximum position of x-axis [cm]
       y0 =  -2.0000        # minimum position of y-axis [cm]
       y1 =   2.0000        # maximum position of y-axis [cm]
       z0 =  -2.0000        # minimum position of z-axis [cm]
       z1 =  -2.0000        # maximum position of z-axis [cm]
      dir =   1.0000        # z-direction of beam [cosine]

[ Material ]
MAT[ 1 ] 
           Fe         1.0000000E+00

[ Cell ]
 1           0                 -99 #2 #3 #4 
 2           1 -7.8700000E+00  -10 
 3           1 -7.8700000E+00  -11 
 4           1 -7.8700000E+00  -12 
 100        -1                 99 

[ Surface ]
 10            rpp   0.0000000E+00  1.0000000E+00 -2.0000000E+00
                     2.0000000E+00  0.0000000E+00  1.0000000E+00
 11            rpp   0.0000000E+00  1.0000000E+00 -2.0000000E+00
                     2.0000000E+00  1.5000000E+00  2.5000000E+00
 12            rpp   1.0000000E+00  2.0000000E+00 -2.0000000E+00
                     2.0000000E+00  3.0000000E+00  4.0000000E+00
 99            so    1.0000000E+02

[ Counter ]
  counter = 1
     part =  all      
# kf/name :  0        
   reg      in     out    coll     ref
     2       1       0       0       0 
     3       1       0       0       0 
     4       1       0       0       0 
  counter = 2
     part =  all      
# kf/name :  0        
   reg      in     out    coll     ref
     2       0       0       1       0 
     3       0       0       5       0 

[ T-Track ]
    title = [t-track] in xyz mesh
     mesh =  xyz            # mesh type is xyz scoring mesh
   x-type =    2            # x-mesh is linear given by xmin, xmax and nx
     xmin = -0.2000000      # minimum value of x-mesh points
     xmax =   2.200000      # maximum value of x-mesh points
#    xdel =  2.0000000E-02  # mesh width of x-mesh points
       nx =    120          # number of x-mesh points
#    data = ( x(i), i = 1, nx + 1 )
#          -2.00000E-01 -1.80000E-01 -1.60000E-01 -1.40000E-01 -1.20000E-01
#          -1.00000E-01 -8.00000E-02 -6.00000E-02 -4.00000E-02 -2.00000E-02
#           2.77556E-17  2.00000E-02  4.00000E-02  6.00000E-02  8.00000E-02
#           1.00000E-01  1.20000E-01  1.40000E-01  1.60000E-01  1.80000E-01
#           2.00000E-01  2.20000E-01  2.40000E-01  2.60000E-01  2.80000E-01
#           3.00000E-01  3.20000E-01  3.40000E-01  3.60000E-01  3.80000E-01
#           4.00000E-01  4.20000E-01  4.40000E-01  4.60000E-01  4.80000E-01
#           5.00000E-01  5.20000E-01  5.40000E-01  5.60000E-01  5.80000E-01
#           6.00000E-01  6.20000E-01  6.40000E-01  6.60000E-01  6.80000E-01
#           7.00000E-01  7.20000E-01  7.40000E-01  7.60000E-01  7.80000E-01
#           8.00000E-01  8.20000E-01  8.40000E-01  8.60000E-01  8.80000E-01
#           9.00000E-01  9.20000E-01  9.40000E-01  9.60000E-01  9.80000E-01
#           1.00000E+00  1.02000E+00  1.04000E+00  1.06000E+00  1.08000E+00
#           1.10000E+00  1.12000E+00  1.14000E+00  1.16000E+00  1.18000E+00
#           1.20000E+00  1.22000E+00  1.24000E+00  1.26000E+00  1.28000E+00
#           1.30000E+00  1.32000E+00  1.34000E+00  1.36000E+00  1.38000E+00
#           1.40000E+00  1.42000E+00  1.44000E+00  1.46000E+00  1.48000E+00
#           1.50000E+00  1.52000E+00  1.54000E+00  1.56000E+00  1.58000E+00
#           1.60000E+00  1.62000E+00  1.64000E+00  1.66000E+00  1.68000E+00
#           1.70000E+00  1.72000E+00  1.74000E+00  1.76000E+00  1.78000E+00
#           1.80000E+00  1.82000E+00  1.84000E+00  1.86000E+00  1.88000E+00
#           1.90000E+00  1.92000E+00  1.94000E+00  1.96000E+00  1.98000E+00
#           2.00000E+00  2.02000E+00  2.04000E+00  2.06000E+00  2.08000E+00
#           2.10000E+00  2.12000E+00  2.14000E+00  2.16000E+00  2.18000E+00
#           2.20000E+00
   y-type =    2            # y-mesh is linear given by ymin, ymax and ny
     ymin =  -2.000000      # minimum value of y-mesh points
     ymax =   2.000000      # maximum value of y-mesh points
#    ydel =   4.000000      # mesh width of y-mesh points
       ny =      1          # number of y-mesh points
#    data = ( y(i), i = 1, ny + 1 )
#          -2.00000E+00  2.00000E+00
   z-type =    2            # z-mesh is linear given by zmin, zmax and nz
     zmin = -0.2000000      # minimum value of z-mesh points
     zmax =   4.200000      # maximum value of z-mesh points
#    zdel =  1.8333333E-02  # mesh width of z-mesh points
       nz =    240          # number of z-mesh points
#    data = ( z(i), i = 1, nz + 1 )
#          -2.00000E-01 -1.81667E-01 -1.63333E-01 -1.45000E-01 -1.26667E-01
#          -1.08333E-01 -9.00000E-02 -7.16667E-02 -5.33333E-02 -3.50000E-02
#          -1.66667E-02  1.66667E-03  2.00000E-02  3.83333E-02  5.66667E-02
#           7.50000E-02  9.33333E-02  1.11667E-01  1.30000E-01  1.48333E-01
#           1.66667E-01  1.85000E-01  2.03333E-01  2.21667E-01  2.40000E-01
#           2.58333E-01  2.76667E-01  2.95000E-01  3.13333E-01  3.31667E-01
#           3.50000E-01  3.68333E-01  3.86667E-01  4.05000E-01  4.23333E-01
#           4.41667E-01  4.60000E-01  4.78333E-01  4.96667E-01  5.15000E-01
#           5.33333E-01  5.51667E-01  5.70000E-01  5.88333E-01  6.06667E-01
#           6.25000E-01  6.43333E-01  6.61667E-01  6.80000E-01  6.98333E-01
#           7.16667E-01  7.35000E-01  7.53333E-01  7.71667E-01  7.90000E-01
#           8.08333E-01  8.26667E-01  8.45000E-01  8.63333E-01  8.81667E-01
#           9.00000E-01  9.18333E-01  9.36667E-01  9.55000E-01  9.73333E-01
#           9.91667E-01  1.01000E+00  1.02833E+00  1.04667E+00  1.06500E+00
#           1.08333E+00  1.10167E+00  1.12000E+00  1.13833E+00  1.15667E+00
#           1.17500E+00  1.19333E+00  1.21167E+00  1.23000E+00  1.24833E+00
#           1.26667E+00  1.28500E+00  1.30333E+00  1.32167E+00  1.34000E+00
#           1.35833E+00  1.37667E+00  1.39500E+00  1.41333E+00  1.43167E+00
#           1.45000E+00  1.46833E+00  1.48667E+00  1.50500E+00  1.52333E+00
#           1.54167E+00  1.56000E+00  1.57833E+00  1.59667E+00  1.61500E+00
#           1.63333E+00  1.65167E+00  1.67000E+00  1.68833E+00  1.70667E+00
#           1.72500E+00  1.74333E+00  1.76167E+00  1.78000E+00  1.79833E+00
#           1.81667E+00  1.83500E+00  1.85333E+00  1.87167E+00  1.89000E+00
#           1.90833E+00  1.92667E+00  1.94500E+00  1.96333E+00  1.98167E+00
#           2.00000E+00  2.01833E+00  2.03667E+00  2.05500E+00  2.07333E+00
#           2.09167E+00  2.11000E+00  2.12833E+00  2.14667E+00  2.16500E+00
#           2.18333E+00  2.20167E+00  2.22000E+00  2.23833E+00  2.25667E+00
#           2.27500E+00  2.29333E+00  2.31167E+00  2.33000E+00  2.34833E+00
#           2.36667E+00  2.38500E+00  2.40333E+00  2.42167E+00  2.44000E+00
#           2.45833E+00  2.47667E+00  2.49500E+00  2.51333E+00  2.53167E+00
#           2.55000E+00  2.56833E+00  2.58667E+00  2.60500E+00  2.62333E+00
#           2.64167E+00  2.66000E+00  2.67833E+00  2.69667E+00  2.71500E+00
#           2.73333E+00  2.75167E+00  2.77000E+00  2.78833E+00  2.80667E+00
#           2.82500E+00  2.84333E+00  2.86167E+00  2.88000E+00  2.89833E+00
#           2.91667E+00  2.93500E+00  2.95333E+00  2.97167E+00  2.99000E+00
#           3.00833E+00  3.02667E+00  3.04500E+00  3.06333E+00  3.08167E+00
#           3.10000E+00  3.11833E+00  3.13667E+00  3.15500E+00  3.17333E+00
#           3.19167E+00  3.21000E+00  3.22833E+00  3.24667E+00  3.26500E+00
#           3.28333E+00  3.30167E+00  3.32000E+00  3.33833E+00  3.35667E+00
#           3.37500E+00  3.39333E+00  3.41167E+00  3.43000E+00  3.44833E+00
#           3.46667E+00  3.48500E+00  3.50333E+00  3.52167E+00  3.54000E+00
#           3.55833E+00  3.57667E+00  3.59500E+00  3.61333E+00  3.63167E+00
#           3.65000E+00  3.66833E+00  3.68667E+00  3.70500E+00  3.72333E+00
#           3.74167E+00  3.76000E+00  3.77833E+00  3.79667E+00  3.81500E+00
#           3.83333E+00  3.85167E+00  3.87000E+00  3.88833E+00  3.90667E+00
#           3.92500E+00  3.94333E+00  3.96167E+00  3.98000E+00  3.99833E+00
#           4.01667E+00  4.03500E+00  4.05333E+00  4.07167E+00  4.09000E+00
#           4.10833E+00  4.12667E+00  4.14500E+00  4.16333E+00  4.18167E+00
#           4.20000E+00
   e-type =    2            # e-mesh is linear given by emin, emax and ne
     emin =   0.000000      # minimum value of e-mesh points
     emax =   20.00000      # maximum value of e-mesh points
#    edel =   20.00000      # mesh width of e-mesh points
       ne =      1          # number of e-mesh points
#    data = ( e(i), i = 1, ne + 1 )
#           0.00000E+00  2.00000E+01
     unit =    1            # unit is [1/cm^2/source]
 material =  all            # (D=all) number of specific material
  2D-type =    3            # 1:Cont, 2:Clust, 3:Color, 4:xyz, 5:mat, 6:Clust+Cont, 7:Col+Cont
     axis =      xz            # axis of output
     file = track_nocounter.out  # file name of output for the above axis
     part =  all      
# kf/name :  0        
    angel = cmin(4e-2) cmax(7e-2)
    gshow =    3            # 0: no 1:bnd, 2:bnd+mat, 3:bnd+reg 4:bnd+lat 5:bmp style
    resol =    1            # (D=1) resolution of gshow or rshow
    width = 0.5000000       # (D=0.5) width of lines for gshow or rshow
   epsout =    1            # (D=0) generate eps file by ANGEL
#    used :        main (  %)        temp (  %)       total (  %)
#  memory :         370 (  0)           0 (  0)         370 (  0)

[ T-Track ]
    title = [t-track] in xyz mesh
     mesh =  xyz            # mesh type is xyz scoring mesh
   x-type =    2            # x-mesh is linear given by xmin, xmax and nx
     xmin = -0.2000000      # minimum value of x-mesh points
     xmax =   2.200000      # maximum value of x-mesh points
#    xdel =  2.0000000E-02  # mesh width of x-mesh points
       nx =    120          # number of x-mesh points
#    data = ( x(i), i = 1, nx + 1 )
#          -2.00000E-01 -1.80000E-01 -1.60000E-01 -1.40000E-01 -1.20000E-01
#          -1.00000E-01 -8.00000E-02 -6.00000E-02 -4.00000E-02 -2.00000E-02
#           2.77556E-17  2.00000E-02  4.00000E-02  6.00000E-02  8.00000E-02
#           1.00000E-01  1.20000E-01  1.40000E-01  1.60000E-01  1.80000E-01
#           2.00000E-01  2.20000E-01  2.40000E-01  2.60000E-01  2.80000E-01
#           3.00000E-01  3.20000E-01  3.40000E-01  3.60000E-01  3.80000E-01
#           4.00000E-01  4.20000E-01  4.40000E-01  4.60000E-01  4.80000E-01
#           5.00000E-01  5.20000E-01  5.40000E-01  5.60000E-01  5.80000E-01
#           6.00000E-01  6.20000E-01  6.40000E-01  6.60000E-01  6.80000E-01
#           7.00000E-01  7.20000E-01  7.40000E-01  7.60000E-01  7.80000E-01
#           8.00000E-01  8.20000E-01  8.40000E-01  8.60000E-01  8.80000E-01
#           9.00000E-01  9.20000E-01  9.40000E-01  9.60000E-01  9.80000E-01
#           1.00000E+00  1.02000E+00  1.04000E+00  1.06000E+00  1.08000E+00
#           1.10000E+00  1.12000E+00  1.14000E+00  1.16000E+00  1.18000E+00
#           1.20000E+00  1.22000E+00  1.24000E+00  1.26000E+00  1.28000E+00
#           1.30000E+00  1.32000E+00  1.34000E+00  1.36000E+00  1.38000E+00
#           1.40000E+00  1.42000E+00  1.44000E+00  1.46000E+00  1.48000E+00
#           1.50000E+00  1.52000E+00  1.54000E+00  1.56000E+00  1.58000E+00
#           1.60000E+00  1.62000E+00  1.64000E+00  1.66000E+00  1.68000E+00
#           1.70000E+00  1.72000E+00  1.74000E+00  1.76000E+00  1.78000E+00
#           1.80000E+00  1.82000E+00  1.84000E+00  1.86000E+00  1.88000E+00
#           1.90000E+00  1.92000E+00  1.94000E+00  1.96000E+00  1.98000E+00
#           2.00000E+00  2.02000E+00  2.04000E+00  2.06000E+00  2.08000E+00
#           2.10000E+00  2.12000E+00  2.14000E+00  2.16000E+00  2.18000E+00
#           2.20000E+00
   y-type =    2            # y-mesh is linear given by ymin, ymax and ny
     ymin =  -2.000000      # minimum value of y-mesh points
     ymax =   2.000000      # maximum value of y-mesh points
#    ydel =   4.000000      # mesh width of y-mesh points
       ny =      1          # number of y-mesh points
#    data = ( y(i), i = 1, ny + 1 )
#          -2.00000E+00  2.00000E+00
   z-type =    2            # z-mesh is linear given by zmin, zmax and nz
     zmin = -0.2000000      # minimum value of z-mesh points
     zmax =   4.200000      # maximum value of z-mesh points
#    zdel =  1.8333333E-02  # mesh width of z-mesh points
       nz =    240          # number of z-mesh points
#    data = ( z(i), i = 1, nz + 1 )
#          -2.00000E-01 -1.81667E-01 -1.63333E-01 -1.45000E-01 -1.26667E-01
#          -1.08333E-01 -9.00000E-02 -7.16667E-02 -5.33333E-02 -3.50000E-02
#          -1.66667E-02  1.66667E-03  2.00000E-02  3.83333E-02  5.66667E-02
#           7.50000E-02  9.33333E-02  1.11667E-01  1.30000E-01  1.48333E-01
#           1.66667E-01  1.85000E-01  2.03333E-01  2.21667E-01  2.40000E-01
#           2.58333E-01  2.76667E-01  2.95000E-01  3.13333E-01  3.31667E-01
#           3.50000E-01  3.68333E-01  3.86667E-01  4.05000E-01  4.23333E-01
#           4.41667E-01  4.60000E-01  4.78333E-01  4.96667E-01  5.15000E-01
#           5.33333E-01  5.51667E-01  5.70000E-01  5.88333E-01  6.06667E-01
#           6.25000E-01  6.43333E-01  6.61667E-01  6.80000E-01  6.98333E-01
#           7.16667E-01  7.35000E-01  7.53333E-01  7.71667E-01  7.90000E-01
#           8.08333E-01  8.26667E-01  8.45000E-01  8.63333E-01  8.81667E-01
#           9.00000E-01  9.18333E-01  9.36667E-01  9.55000E-01  9.73333E-01
#           9.91667E-01  1.01000E+00  1.02833E+00  1.04667E+00  1.06500E+00
#           1.08333E+00  1.10167E+00  1.12000E+00  1.13833E+00  1.15667E+00
#           1.17500E+00  1.19333E+00  1.21167E+00  1.23000E+00  1.24833E+00
#           1.26667E+00  1.28500E+00  1.30333E+00  1.32167E+00  1.34000E+00
#           1.35833E+00  1.37667E+00  1.39500E+00  1.41333E+00  1.43167E+00
#           1.45000E+00  1.46833E+00  1.48667E+00  1.50500E+00  1.52333E+00
#           1.54167E+00  1.56000E+00  1.57833E+00  1.59667E+00  1.61500E+00
#           1.63333E+00  1.65167E+00  1.67000E+00  1.68833E+00  1.70667E+00
#           1.72500E+00  1.74333E+00  1.76167E+00  1.78000E+00  1.79833E+00
#           1.81667E+00  1.83500E+00  1.85333E+00  1.87167E+00  1.89000E+00
#           1.90833E+00  1.92667E+00  1.94500E+00  1.96333E+00  1.98167E+00
#           2.00000E+00  2.01833E+00  2.03667E+00  2.05500E+00  2.07333E+00
#           2.09167E+00  2.11000E+00  2.12833E+00  2.14667E+00  2.16500E+00
#           2.18333E+00  2.20167E+00  2.22000E+00  2.23833E+00  2.25667E+00
#           2.27500E+00  2.29333E+00  2.31167E+00  2.33000E+00  2.34833E+00
#           2.36667E+00  2.38500E+00  2.40333E+00  2.42167E+00  2.44000E+00
#           2.45833E+00  2.47667E+00  2.49500E+00  2.51333E+00  2.53167E+00
#           2.55000E+00  2.56833E+00  2.58667E+00  2.60500E+00  2.62333E+00
#           2.64167E+00  2.66000E+00  2.67833E+00  2.69667E+00  2.71500E+00
#           2.73333E+00  2.75167E+00  2.77000E+00  2.78833E+00  2.80667E+00
#           2.82500E+00  2.84333E+00  2.86167E+00  2.88000E+00  2.89833E+00
#           2.91667E+00  2.93500E+00  2.95333E+00  2.97167E+00  2.99000E+00
#           3.00833E+00  3.02667E+00  3.04500E+00  3.06333E+00  3.08167E+00
#           3.10000E+00  3.11833E+00  3.13667E+00  3.15500E+00  3.17333E+00
#           3.19167E+00  3.21000E+00  3.22833E+00  3.24667E+00  3.26500E+00
#           3.28333E+00  3.30167E+00  3.32000E+00  3.33833E+00  3.35667E+00
#           3.37500E+00  3.39333E+00  3.41167E+00  3.43000E+00  3.44833E+00
#           3.46667E+00  3.48500E+00  3.50333E+00  3.52167E+00  3.54000E+00
#           3.55833E+00  3.57667E+00  3.59500E+00  3.61333E+00  3.63167E+00
#           3.65000E+00  3.66833E+00  3.68667E+00  3.70500E+00  3.72333E+00
#           3.74167E+00  3.76000E+00  3.77833E+00  3.79667E+00  3.81500E+00
#           3.83333E+00  3.85167E+00  3.87000E+00  3.88833E+00  3.90667E+00
#           3.92500E+00  3.94333E+00  3.96167E+00  3.98000E+00  3.99833E+00
#           4.01667E+00  4.03500E+00  4.05333E+00  4.07167E+00  4.09000E+00
#           4.10833E+00  4.12667E+00  4.14500E+00  4.16333E+00  4.18167E+00
#           4.20000E+00
   e-type =    2            # e-mesh is linear given by emin, emax and ne
     emin =   0.000000      # minimum value of e-mesh points
     emax =   20.00000      # maximum value of e-mesh points
#    edel =   20.00000      # mesh width of e-mesh points
       ne =      1          # number of e-mesh points
#    data = ( e(i), i = 1, ne + 1 )
#           0.00000E+00  2.00000E+01
     unit =    1            # unit is [1/cm^2/source]
 material =  all            # (D=all) number of specific material
  2D-type =    3            # 1:Cont, 2:Clust, 3:Color, 4:xyz, 5:mat, 6:Clust+Cont, 7:Col+Cont
     axis =      xz            # axis of output
     file = track_ctmin.out  # file name of output for the above axis
     part =  all      
# kf/name :  0        
    angel = cmin(1e-4) cmax(1e-2)
    gshow =    3            # 0: no 1:bnd, 2:bnd+mat, 3:bnd+reg 4:bnd+lat 5:bmp style
    resol =    1            # (D=1) resolution of gshow or rshow
    width = 0.5000000       # (D=0.5) width of lines for gshow or rshow
   epsout =    1            # (D=0) generate eps file by ANGEL
 ctmin(2) =    5            # (D=-9999) min. of counter 2
 ctmax(2) = 9999            # (D= 9999) max. of counter 2
#    used :        main (  %)        temp (  %)       total (  %)
#  memory :         370 (  0)           0 (  0)         370 (  0)

[ T-Track ]
    title = [t-track] in xyz mesh
     mesh =  xyz            # mesh type is xyz scoring mesh
   x-type =    2            # x-mesh is linear given by xmin, xmax and nx
     xmin = -0.2000000      # minimum value of x-mesh points
     xmax =   2.200000      # maximum value of x-mesh points
#    xdel =  2.0000000E-02  # mesh width of x-mesh points
       nx =    120          # number of x-mesh points
#    data = ( x(i), i = 1, nx + 1 )
#          -2.00000E-01 -1.80000E-01 -1.60000E-01 -1.40000E-01 -1.20000E-01
#          -1.00000E-01 -8.00000E-02 -6.00000E-02 -4.00000E-02 -2.00000E-02
#           2.77556E-17  2.00000E-02  4.00000E-02  6.00000E-02  8.00000E-02
#           1.00000E-01  1.20000E-01  1.40000E-01  1.60000E-01  1.80000E-01
#           2.00000E-01  2.20000E-01  2.40000E-01  2.60000E-01  2.80000E-01
#           3.00000E-01  3.20000E-01  3.40000E-01  3.60000E-01  3.80000E-01
#           4.00000E-01  4.20000E-01  4.40000E-01  4.60000E-01  4.80000E-01
#           5.00000E-01  5.20000E-01  5.40000E-01  5.60000E-01  5.80000E-01
#           6.00000E-01  6.20000E-01  6.40000E-01  6.60000E-01  6.80000E-01
#           7.00000E-01  7.20000E-01  7.40000E-01  7.60000E-01  7.80000E-01
#           8.00000E-01  8.20000E-01  8.40000E-01  8.60000E-01  8.80000E-01
#           9.00000E-01  9.20000E-01  9.40000E-01  9.60000E-01  9.80000E-01
#           1.00000E+00  1.02000E+00  1.04000E+00  1.06000E+00  1.08000E+00
#           1.10000E+00  1.12000E+00  1.14000E+00  1.16000E+00  1.18000E+00
#           1.20000E+00  1.22000E+00  1.24000E+00  1.26000E+00  1.28000E+00
#           1.30000E+00  1.32000E+00  1.34000E+00  1.36000E+00  1.38000E+00
#           1.40000E+00  1.42000E+00  1.44000E+00  1.46000E+00  1.48000E+00
#           1.50000E+00  1.52000E+00  1.54000E+00  1.56000E+00  1.58000E+00
#           1.60000E+00  1.62000E+00  1.64000E+00  1.66000E+00  1.68000E+00
#           1.70000E+00  1.72000E+00  1.74000E+00  1.76000E+00  1.78000E+00
#           1.80000E+00  1.82000E+00  1.84000E+00  1.86000E+00  1.88000E+00
#           1.90000E+00  1.92000E+00  1.94000E+00  1.96000E+00  1.98000E+00
#           2.00000E+00  2.02000E+00  2.04000E+00  2.06000E+00  2.08000E+00
#           2.10000E+00  2.12000E+00  2.14000E+00  2.16000E+00  2.18000E+00
#           2.20000E+00
   y-type =    2            # y-mesh is linear given by ymin, ymax and ny
     ymin =  -2.000000      # minimum value of y-mesh points
     ymax =   2.000000      # maximum value of y-mesh points
#    ydel =   4.000000      # mesh width of y-mesh points
       ny =      1          # number of y-mesh points
#    data = ( y(i), i = 1, ny + 1 )
#          -2.00000E+00  2.00000E+00
   z-type =    2            # z-mesh is linear given by zmin, zmax and nz
     zmin = -0.2000000      # minimum value of z-mesh points
     zmax =   4.200000      # maximum value of z-mesh points
#    zdel =  1.8333333E-02  # mesh width of z-mesh points
       nz =    240          # number of z-mesh points
#    data = ( z(i), i = 1, nz + 1 )
#          -2.00000E-01 -1.81667E-01 -1.63333E-01 -1.45000E-01 -1.26667E-01
#          -1.08333E-01 -9.00000E-02 -7.16667E-02 -5.33333E-02 -3.50000E-02
#          -1.66667E-02  1.66667E-03  2.00000E-02  3.83333E-02  5.66667E-02
#           7.50000E-02  9.33333E-02  1.11667E-01  1.30000E-01  1.48333E-01
#           1.66667E-01  1.85000E-01  2.03333E-01  2.21667E-01  2.40000E-01
#           2.58333E-01  2.76667E-01  2.95000E-01  3.13333E-01  3.31667E-01
#           3.50000E-01  3.68333E-01  3.86667E-01  4.05000E-01  4.23333E-01
#           4.41667E-01  4.60000E-01  4.78333E-01  4.96667E-01  5.15000E-01
#           5.33333E-01  5.51667E-01  5.70000E-01  5.88333E-01  6.06667E-01
#           6.25000E-01  6.43333E-01  6.61667E-01  6.80000E-01  6.98333E-01
#           7.16667E-01  7.35000E-01  7.53333E-01  7.71667E-01  7.90000E-01
#           8.08333E-01  8.26667E-01  8.45000E-01  8.63333E-01  8.81667E-01
#           9.00000E-01  9.18333E-01  9.36667E-01  9.55000E-01  9.73333E-01
#           9.91667E-01  1.01000E+00  1.02833E+00  1.04667E+00  1.06500E+00
#           1.08333E+00  1.10167E+00  1.12000E+00  1.13833E+00  1.15667E+00
#           1.17500E+00  1.19333E+00  1.21167E+00  1.23000E+00  1.24833E+00
#           1.26667E+00  1.28500E+00  1.30333E+00  1.32167E+00  1.34000E+00
#           1.35833E+00  1.37667E+00  1.39500E+00  1.41333E+00  1.43167E+00
#           1.45000E+00  1.46833E+00  1.48667E+00  1.50500E+00  1.52333E+00
#           1.54167E+00  1.56000E+00  1.57833E+00  1.59667E+00  1.61500E+00
#           1.63333E+00  1.65167E+00  1.67000E+00  1.68833E+00  1.70667E+00
#           1.72500E+00  1.74333E+00  1.76167E+00  1.78000E+00  1.79833E+00
#           1.81667E+00  1.83500E+00  1.85333E+00  1.87167E+00  1.89000E+00
#           1.90833E+00  1.92667E+00  1.94500E+00  1.96333E+00  1.98167E+00
#           2.00000E+00  2.01833E+00  2.03667E+00  2.05500E+00  2.07333E+00
#           2.09167E+00  2.11000E+00  2.12833E+00  2.14667E+00  2.16500E+00
#           2.18333E+00  2.20167E+00  2.22000E+00  2.23833E+00  2.25667E+00
#           2.27500E+00  2.29333E+00  2.31167E+00  2.33000E+00  2.34833E+00
#           2.36667E+00  2.38500E+00  2.40333E+00  2.42167E+00  2.44000E+00
#           2.45833E+00  2.47667E+00  2.49500E+00  2.51333E+00  2.53167E+00
#           2.55000E+00  2.56833E+00  2.58667E+00  2.60500E+00  2.62333E+00
#           2.64167E+00  2.66000E+00  2.67833E+00  2.69667E+00  2.71500E+00
#           2.73333E+00  2.75167E+00  2.77000E+00  2.78833E+00  2.80667E+00
#           2.82500E+00  2.84333E+00  2.86167E+00  2.88000E+00  2.89833E+00
#           2.91667E+00  2.93500E+00  2.95333E+00  2.97167E+00  2.99000E+00
#           3.00833E+00  3.02667E+00  3.04500E+00  3.06333E+00  3.08167E+00
#           3.10000E+00  3.11833E+00  3.13667E+00  3.15500E+00  3.17333E+00
#           3.19167E+00  3.21000E+00  3.22833E+00  3.24667E+00  3.26500E+00
#           3.28333E+00  3.30167E+00  3.32000E+00  3.33833E+00  3.35667E+00
#           3.37500E+00  3.39333E+00  3.41167E+00  3.43000E+00  3.44833E+00
#           3.46667E+00  3.48500E+00  3.50333E+00  3.52167E+00  3.54000E+00
#           3.55833E+00  3.57667E+00  3.59500E+00  3.61333E+00  3.63167E+00
#           3.65000E+00  3.66833E+00  3.68667E+00  3.70500E+00  3.72333E+00
#           3.74167E+00  3.76000E+00  3.77833E+00  3.79667E+00  3.81500E+00
#           3.83333E+00  3.85167E+00  3.87000E+00  3.88833E+00  3.90667E+00
#           3.92500E+00  3.94333E+00  3.96167E+00  3.98000E+00  3.99833E+00
#           4.01667E+00  4.03500E+00  4.05333E+00  4.07167E+00  4.09000E+00
#           4.10833E+00  4.12667E+00  4.14500E+00  4.16333E+00  4.18167E+00
#           4.20000E+00
   e-type =    2            # e-mesh is linear given by emin, emax and ne
     emin =   0.000000      # minimum value of e-mesh points
     emax =   20.00000      # maximum value of e-mesh points
#    edel =   20.00000      # mesh width of e-mesh points
       ne =      1          # number of e-mesh points
#    data = ( e(i), i = 1, ne + 1 )
#           0.00000E+00  2.00000E+01
     unit =    1            # unit is [1/cm^2/source]
 material =  all            # (D=all) number of specific material
  2D-type =    3            # 1:Cont, 2:Clust, 3:Color, 4:xyz, 5:mat, 6:Clust+Cont, 7:Col+Cont
     axis =      xz            # axis of output
     file = track_chmin.out  # file name of output for the above axis
     part =  all      
# kf/name :  0        
    angel = cmin(1e-4) cmax(1e-2)
    gshow =    3            # 0: no 1:bnd, 2:bnd+mat, 3:bnd+reg 4:bnd+lat 5:bmp style
    resol =    1            # (D=1) resolution of gshow or rshow
    width = 0.5000000       # (D=0.5) width of lines for gshow or rshow
   epsout =    1            # (D=0) generate eps file by ANGEL
 chmin(1) =    3            # (D=-9999) min. of history counter 1
 chmax(1) = 9999            # (D= 9999) max. of history counter 1
#    used :        main (  %)        temp (  %)       total (  %)
#  memory :         370 (  0)           0 (  0)         370 (  0)

[END] of Input Echo <<<========================================================

<<< Report of real Geometry memory >>>
*           GG/CG memory =        2
*     total memory: mdas = 80000000
*                percent =     0.00 %

<<< Report of material memory for high energy>>>
*   high energy material =        1
*     total memory: mdas = 80000000
*                percent =     0.00 %

<<< Report of material memory for low energy>>>
*    low energy material =     1201
*     total memory: mdas = 80000000
*                percent =     0.00 %

<<< Report of real tally memory >>>
*      real tally memory =     1110
*     total memory: mdas = 80000000
*                percent =     0.00 %

<<< Report of temporary tally memory >>>
* temporary tally memory =     1212
*     total memory: mdas = 80000000
*                percent =     0.00 %

<<< Report of total memory >>>
*      used total memory =     1213
*     total memory: mdas = 80000000
*                percent =     0.00 %
*                ---------------------

-------------------------------------------------------------------------------
bat[       1] ncas =         100000.
 bitrseed = 0100001010011000001011101100011110011000110110100110010000000000
          cpu time =   1.266 s.

-------------------------------------------------------------------------------
bat[       2] ncas =         200000.
 bitrseed = 0001110011011001101111011000110011100000010010101010010011101100
          cpu time =   1.352 s.

-------------------------------------------------------------------------------
bat[       3] ncas =         300000.
 bitrseed = 0111110100010110001100001010110110100011111100000101000000001001
          cpu time =   1.414 s.

-------------------------------------------------------------------------------
bat[       4] ncas =         400000.
 bitrseed = 1000000101101111000011011110011001000101111100111101100001010101
          cpu time =   1.297 s.

-------------------------------------------------------------------------------
bat[       5] ncas =         500000.
 bitrseed = 0101001111100011001000010000110000110111000010100111010111101100
          cpu time =   1.289 s.

-------------------------------------------------------------------------------
bat[       6] ncas =         600000.
 bitrseed = 1111000010101100000101101011010101111000000001010110000101000000
          cpu time =   1.391 s.

-------------------------------------------------------------------------------
bat[       7] ncas =         700000.
 bitrseed = 1000111101010000010001011010011111111110001101010011010010010110
          cpu time =   1.422 s.

-------------------------------------------------------------------------------
bat[       8] ncas =         800000.
 bitrseed = 1011100110001010010111101101110100011001010001110111110001101101
          cpu time =   1.414 s.

-------------------------------------------------------------------------------
bat[       9] ncas =         900000.
 bitrseed = 1010111100110100010100110010101101001010000010000110011011000010
          cpu time =   1.344 s.

-------------------------------------------------------------------------------
bat[      10] ncas =        1000000.
 bitrseed = 0110110101111101001100100100001011010110001100100011001111111111
          cpu time =   1.312 s.

===============================================================================

 Summary for the end of job

-------------------------------------------------------------------------------
 number of analyz call vs ncol
-------------------------------------------------------------------------------
     ncol          number
        1              1.   : start of calculation            
        2              1.   : end of calculation              
        3             10.   : end of a batch                  
        4        1000000.   : source                          
        5              0.   : detection of geometry error/warn
        6              0.   : recovery from geometry warning  
        7              0.   : termination by geometry error   
        8              0.   : termination by weight cut-off   
        9              0.   : termination by time cut-off     
       10        1392627.   : geometry boundary crossing      
       11              0.   : termination by energy cut-off   
       12        1053433.   : termination by escape or leakage
       13           2968.   : reaction : (n,x) type           
       14         164162.   : reaction : (n,n'x) type         
       15              0.   : sequential transport for tally  

-------------------------------------------------------------------------------
 List of transport particles (not including source)
-------------------------------------------------------------------------------
     Name      kf-code        mass       charge   baryon
     photon         22          0.0         0       0

-------------------------------------------------------------------------------
 prod. particles       number        weight        weight per source
-------------------------------------------------------------------------------
     photon            57265.     5.7261198E+04     5.7261198E-02

-------------------------------------------------------------------------------
 stop. particles.    number        weight        weight per source
-------------------------------------------------------------------------------
     electron            859.     8.5873738E+02     8.5873738E-04

-------------------------------------------------------------------------------
 leak. particles       number        weight        weight per source
-------------------------------------------------------------------------------
     neutron         1000000.     9.9981489E+05     9.9981489E-01
     photon            53433.     5.3430129E+04     5.3430129E-02

-------------------------------------------------------------------------------
 source: maxcas    maxbch      irskip   average weight          total source
-------------------------------------------------------------------------------
      100000          10           0    1.0000000E+00    1.0000000000000E+06

-------------------------------------------------------------------------------
 Geometry error summary
-------------------------------------------------------------------------------
 Number of lost particles     =     0 / nlost =       10
 Number of geometry recovering =     0
 Number of unrecovered errors =     0

-------------------------------------------------------------------------------
 initial random seed:
   bitrseed = 0100001010011000001011101100011110011000110110100110010000000000
 next initial random seed:
   bitrseed = 0101101000001110011101111011110101001001010001111010111000101101

-------------------------------------------------------------------------------
 job termination date : 2025/01/02
                 time :   18:57:49

-------------------------------------------------------------------------------
    CPU time and number of event called in PHITS
-------------------------------------------------------------------------------

                             sec
total cpu time =           16.54


                           count
      analysis =        3613200.  : data processing
         nevap =              0.  : evaporation
        dexgam =              0.  : de-excitation
         nreac =         167130.  : atomic and nuclear reactions
         dklos =              0.  : particle decay
         hydro =              0.  : nucleon-nucleon scattering
        n-data =         139209.  : neutron data library
        h-data =              0.  : p, d, a data library
        p-data =          27921.  : photon data library
        e-data =              0.  : electron data library
        p-egs5 =              0.  : photon interaction with EGS5
        e-egs5 =              0.  : electron interaction with EGS5
      e-tsmode =              0.  : electron track structure mode
    ion-tsmode =              0.  : ion track structure mode
     photonucl =              0.  : photo-nuclear reaction
 photonucl lib =              0.  : photo-nuclear reaction with library
       mu-reac =              0.  : muon-induced nuclear reaction
       mu-brem =              0.  : muon-induced bremsstrahlung
       mu-pprd =              0.  : muon-induced pair production
        mu-cap =              0.  : muon capture in nucleus
         elast =              0.  : elastic scattering
         ncasc =              0.  : nuclear reaction model

       bertini =              0.  : Bertini model
        isobar =              0.  : isobar model
           JAM =              0.  : JAM model
           QMD =              0.  : JQMD model
        JAMQMD =              0.  : JAMQMD model
          INCL =              0.  : INCL model
        INCELF =              0.  : INCELF model
     frag data =              0.  : user defined cross section
       SCINFUL =              0.  : SCINFUL mode

>>> Citation Request >>>=======================================================

 This execution uses model(s) that must be explicitly cited in addition to
 the PHITS original document: T.Sato et al., J.Nucl.Sci.Technol.61, 127-135 (2024).
 Please refer the following document(s) in your publication using this result

 The KUROTAMA model:
    K. Iida, A. Kohama, and K. Oyamatsu, J. Phys. Soc. Japan 76, 044201 (2007).

 END 
