           _________________________________________________________
          |                                                         |
          |       _/_/_/_/                                          |
          |      _/      _/                  _/_/_/_/_/_/           |
          |     _/      _/  _/      _/   _/      _/      _/_/_/_/_/ |
          |    _/_/_/_/    _/      _/   _/      _/      _/          |
          |   _/          _/_/_/_/_/   _/      _/       _/_/_/_/    |
          |  _/          _/      _/   _/      _/              _/    |
          | _/          _/      _/   _/      _/      _/_/_/_/_/     |
          |                                                         |
          |                                                         |
          |       Particle and Heavy Ion Transport code System      |
          |                      Version =  3.350                   |
          |                       developed by                      |
          |                                                         |
          |  Tatsuhiko SATO, Yosuke IWAMOTO, Shintaro HASHIMOTO,    |
          |    Tatsuhiko OGAWA, Takuya FURUTA, Shinichiro ABE,      |
          |    Takeshi KAI, Norihiro MATSUDA, Yusuke MATSUYA,       |
          |      Yuho HIRATA, Takuya SEKIKAWA, Pi-En TSAI,          |
          |                Hunter RATLIFF (JAEA),                   |
          |                                                         |
          |  Hiroshi IWASE, Yasuhito SAKAKI, Kenta SUGIHARA (KEK),  |
          |                                                         |
          |           Nobuhiro SHIGYO (Kyushu University),          |
          |                                                         |
          |      Lembit SIHVER (Technische Universitat Wien), and   |
          |                                                         |
          |                     Koji NIITA (RIST)                   |
          |                                                         |
          |                 Last Revised  2025-03-28                |
          |_________________________________________________________|

                 ______________ [ Job Title ] ____________ 
                |                                         |
                |  Modulo acrilico posicionador Hamsters  |
                |_________________________________________|

                        Starting Date = 2026-03-31
                        Starting Time = 10h 58m 12

>>> Input Echo >>>=============================================================

[ Title ]
Modulo acrilico posicionador Hamsters

[ Parameters ]
 icntl    =           8     # (D=0) 3:ECH 5:NOR 6:SRC 7,8:GSH 11:DSH 12:DUMP
 maxcas   =          50     # (D=10) number of particles per one batch
 maxbch   =         200     # (D=10) number of batches

[ Source ]
  totfact =   1.0000        # (D=1.0) global factor
   s-type =   1             # cylindrical source
     proj =  proton         # kind of incident particle         
       e0 =   150.00        # energy of beam [MeV/n]
       r0 =   0.0000        # radius [cm]
       x0 =   0.0000        # (D=0.0) center position of x-axis [cm]
       y0 =   0.0000        # (D=0.0) center position of y-axis [cm]
       z0 =  -1.0000        # minimum position of z-axis [cm]
       z1 =  -1.0000        # maximum position of z-axis [cm]
      dir =   1.0000        # z-direction of beam [cosine]

[ Material ]
MAT[ 1 ] 
            C         5.0000000E+00
            H         8.0000000E+00
            O         2.0000000E+00

[ Cell ]
 100         1 -1.1800000E+00  +1 -2 +3 -4 +5 -6 #200 #300 
 200         0                 11 -12 13 -14 15 -16 
 300         1 -1.1800000E+00  21 -22 23 -24 25 -26 
 1000        0                 -101 #100 #200 #300 
 1001       -1                 101 

[ Surface ]
 1             px    0.0000000E+00
 2             px    1.5000000E+01
 3             py    0.0000000E+00
 4             py    5.0000000E+00
 5             pz    0.0000000E+00
 6             pz    5.0000000E+00
 11            px    3.0000000E-01
 12            px    1.4700000E+01
 13            py    3.0000000E-01
 14            py    4.7000000E+00
 15            pz    3.0000000E-01
 16            pz    4.7000000E+00
 21            px    1.5000000E+01
 22            px    2.0000000E+01
 23            py    5.0000000E-01
 24            py    4.5000000E+00
 25            pz    2.2500000E+00
 26            pz    2.7500000E+00
 101           so    3.0000000E+01

[ T-Track ]
    title = [t-track] in xyz mesh
     mesh =  xyz            # mesh type is xyz scoring mesh
   x-type =    2            # x-mesh is linear given by xmin, xmax and nx
     xmin =  -5.000000      # minimum value of x-mesh points
     xmax =   25.00000      # maximum value of x-mesh points
#    xdel =  0.1500000      # mesh width of x-mesh points
       nx =    200          # number of x-mesh points
#    data = ( x(i), i = 1, nx + 1 )
#          -5.00000E+00 -4.85000E+00 -4.70000E+00 -4.55000E+00 -4.40000E+00
#          -4.25000E+00 -4.10000E+00 -3.95000E+00 -3.80000E+00 -3.65000E+00
#          -3.50000E+00 -3.35000E+00 -3.20000E+00 -3.05000E+00 -2.90000E+00
#          -2.75000E+00 -2.60000E+00 -2.45000E+00 -2.30000E+00 -2.15000E+00
#          -2.00000E+00 -1.85000E+00 -1.70000E+00 -1.55000E+00 -1.40000E+00
#          -1.25000E+00 -1.10000E+00 -9.50000E-01 -8.00000E-01 -6.50000E-01
#          -5.00000E-01 -3.50000E-01 -2.00000E-01 -5.00000E-02  1.00000E-01
#           2.50000E-01  4.00000E-01  5.50000E-01  7.00000E-01  8.50000E-01
#           1.00000E+00  1.15000E+00  1.30000E+00  1.45000E+00  1.60000E+00
#           1.75000E+00  1.90000E+00  2.05000E+00  2.20000E+00  2.35000E+00
#           2.50000E+00  2.65000E+00  2.80000E+00  2.95000E+00  3.10000E+00
#           3.25000E+00  3.40000E+00  3.55000E+00  3.70000E+00  3.85000E+00
#           4.00000E+00  4.15000E+00  4.30000E+00  4.45000E+00  4.60000E+00
#           4.75000E+00  4.90000E+00  5.05000E+00  5.20000E+00  5.35000E+00
#           5.50000E+00  5.65000E+00  5.80000E+00  5.95000E+00  6.10000E+00
#           6.25000E+00  6.40000E+00  6.55000E+00  6.70000E+00  6.85000E+00
#           7.00000E+00  7.15000E+00  7.30000E+00  7.45000E+00  7.60000E+00
#           7.75000E+00  7.90000E+00  8.05000E+00  8.20000E+00  8.35000E+00
#           8.50000E+00  8.65000E+00  8.80000E+00  8.95000E+00  9.10000E+00
#           9.25000E+00  9.40000E+00  9.55000E+00  9.70000E+00  9.85000E+00
#           1.00000E+01  1.01500E+01  1.03000E+01  1.04500E+01  1.06000E+01
#           1.07500E+01  1.09000E+01  1.10500E+01  1.12000E+01  1.13500E+01
#           1.15000E+01  1.16500E+01  1.18000E+01  1.19500E+01  1.21000E+01
#           1.22500E+01  1.24000E+01  1.25500E+01  1.27000E+01  1.28500E+01
#           1.30000E+01  1.31500E+01  1.33000E+01  1.34500E+01  1.36000E+01
#           1.37500E+01  1.39000E+01  1.40500E+01  1.42000E+01  1.43500E+01
#           1.45000E+01  1.46500E+01  1.48000E+01  1.49500E+01  1.51000E+01
#           1.52500E+01  1.54000E+01  1.55500E+01  1.57000E+01  1.58500E+01
#           1.60000E+01  1.61500E+01  1.63000E+01  1.64500E+01  1.66000E+01
#           1.67500E+01  1.69000E+01  1.70500E+01  1.72000E+01  1.73500E+01
#           1.75000E+01  1.76500E+01  1.78000E+01  1.79500E+01  1.81000E+01
#           1.82500E+01  1.84000E+01  1.85500E+01  1.87000E+01  1.88500E+01
#           1.90000E+01  1.91500E+01  1.93000E+01  1.94500E+01  1.96000E+01
#           1.97500E+01  1.99000E+01  2.00500E+01  2.02000E+01  2.03500E+01
#           2.05000E+01  2.06500E+01  2.08000E+01  2.09500E+01  2.11000E+01
#           2.12500E+01  2.14000E+01  2.15500E+01  2.17000E+01  2.18500E+01
#           2.20000E+01  2.21500E+01  2.23000E+01  2.24500E+01  2.26000E+01
#           2.27500E+01  2.29000E+01  2.30500E+01  2.32000E+01  2.33500E+01
#           2.35000E+01  2.36500E+01  2.38000E+01  2.39500E+01  2.41000E+01
#           2.42500E+01  2.44000E+01  2.45500E+01  2.47000E+01  2.48500E+01
#           2.50000E+01
   y-type =    2            # y-mesh is linear given by ymin, ymax and ny
     ymin =  -5.000000      # minimum value of y-mesh points
     ymax =   10.00000      # maximum value of y-mesh points
#    ydel =  7.5000000E-02  # mesh width of y-mesh points
       ny =    200          # number of y-mesh points
#    data = ( y(i), i = 1, ny + 1 )
#          -5.00000E+00 -4.92500E+00 -4.85000E+00 -4.77500E+00 -4.70000E+00
#          -4.62500E+00 -4.55000E+00 -4.47500E+00 -4.40000E+00 -4.32500E+00
#          -4.25000E+00 -4.17500E+00 -4.10000E+00 -4.02500E+00 -3.95000E+00
#          -3.87500E+00 -3.80000E+00 -3.72500E+00 -3.65000E+00 -3.57500E+00
#          -3.50000E+00 -3.42500E+00 -3.35000E+00 -3.27500E+00 -3.20000E+00
#          -3.12500E+00 -3.05000E+00 -2.97500E+00 -2.90000E+00 -2.82500E+00
#          -2.75000E+00 -2.67500E+00 -2.60000E+00 -2.52500E+00 -2.45000E+00
#          -2.37500E+00 -2.30000E+00 -2.22500E+00 -2.15000E+00 -2.07500E+00
#          -2.00000E+00 -1.92500E+00 -1.85000E+00 -1.77500E+00 -1.70000E+00
#          -1.62500E+00 -1.55000E+00 -1.47500E+00 -1.40000E+00 -1.32500E+00
#          -1.25000E+00 -1.17500E+00 -1.10000E+00 -1.02500E+00 -9.50000E-01
#          -8.75000E-01 -8.00000E-01 -7.25000E-01 -6.50000E-01 -5.75000E-01
#          -5.00000E-01 -4.25000E-01 -3.50000E-01 -2.75000E-01 -2.00000E-01
#          -1.25000E-01 -5.00000E-02  2.50000E-02  1.00000E-01  1.75000E-01
#           2.50000E-01  3.25000E-01  4.00000E-01  4.75000E-01  5.50000E-01
#           6.25000E-01  7.00000E-01  7.75000E-01  8.50000E-01  9.25000E-01
#           1.00000E+00  1.07500E+00  1.15000E+00  1.22500E+00  1.30000E+00
#           1.37500E+00  1.45000E+00  1.52500E+00  1.60000E+00  1.67500E+00
#           1.75000E+00  1.82500E+00  1.90000E+00  1.97500E+00  2.05000E+00
#           2.12500E+00  2.20000E+00  2.27500E+00  2.35000E+00  2.42500E+00
#           2.50000E+00  2.57500E+00  2.65000E+00  2.72500E+00  2.80000E+00
#           2.87500E+00  2.95000E+00  3.02500E+00  3.10000E+00  3.17500E+00
#           3.25000E+00  3.32500E+00  3.40000E+00  3.47500E+00  3.55000E+00
#           3.62500E+00  3.70000E+00  3.77500E+00  3.85000E+00  3.92500E+00
#           4.00000E+00  4.07500E+00  4.15000E+00  4.22500E+00  4.30000E+00
#           4.37500E+00  4.45000E+00  4.52500E+00  4.60000E+00  4.67500E+00
#           4.75000E+00  4.82500E+00  4.90000E+00  4.97500E+00  5.05000E+00
#           5.12500E+00  5.20000E+00  5.27500E+00  5.35000E+00  5.42500E+00
#           5.50000E+00  5.57500E+00  5.65000E+00  5.72500E+00  5.80000E+00
#           5.87500E+00  5.95000E+00  6.02500E+00  6.10000E+00  6.17500E+00
#           6.25000E+00  6.32500E+00  6.40000E+00  6.47500E+00  6.55000E+00
#           6.62500E+00  6.70000E+00  6.77500E+00  6.85000E+00  6.92500E+00
#           7.00000E+00  7.07500E+00  7.15000E+00  7.22500E+00  7.30000E+00
#           7.37500E+00  7.45000E+00  7.52500E+00  7.60000E+00  7.67500E+00
#           7.75000E+00  7.82500E+00  7.90000E+00  7.97500E+00  8.05000E+00
#           8.12500E+00  8.20000E+00  8.27500E+00  8.35000E+00  8.42500E+00
#           8.50000E+00  8.57500E+00  8.65000E+00  8.72500E+00  8.80000E+00
#           8.87500E+00  8.95000E+00  9.02500E+00  9.10000E+00  9.17500E+00
#           9.25000E+00  9.32500E+00  9.40000E+00  9.47500E+00  9.55000E+00
#           9.62500E+00  9.70000E+00  9.77500E+00  9.85000E+00  9.92500E+00
#           1.00000E+01
   z-type =    1            # z-mesh is given by the below data
       nz =      1          # number of z-mesh points
#    data = ( z(i), i = 1, nz + 1 )
            2.00000E+00  3.00000E+00
   e-type =    1            # e-mesh is given by the below data
       ne =      1          # number of e-mesh points
#    data = ( e(i), i = 1, ne + 1 )
            0.00000E+00  1.00000E+03
     unit =    1            # unit is [1/cm^2/source]
 material =  all            # (D=all) number of specific material
  2D-type =    3            # 1:Cont, 2:Clust, 3:Color, 4:xyz, 5:mat, 6:Clust+Cont, 7:Col+Cont
     axis =      xy            # axis of output
     file = track_xy.out    # file name of output for the above axis
     part =  all      
# kf/name :  0        
    gshow =    3            # 0: no 1:bnd, 2:bnd+mat, 3:bnd+reg 4:bnd+lat 5:bmp style
    resol =    1            # (D=1) resolution of gshow or rshow
    width = 0.5000000       # (D=0.5) width of lines for gshow or rshow
   epsout =    1            # (D=0) generate eps file by ANGEL
#    used :        main (  %)        temp (  %)       total (  %)
#  memory :         410 (  0)           0 (  0)         410 (  0)

[ T-Track ]
    title = [t-track] in xyz mesh
     mesh =  xyz            # mesh type is xyz scoring mesh
   x-type =    2            # x-mesh is linear given by xmin, xmax and nx
     xmin =  -1.000000      # minimum value of x-mesh points
     xmax =   23.00000      # maximum value of x-mesh points
#    xdel =  0.1200000      # mesh width of x-mesh points
       nx =    200          # number of x-mesh points
#    data = ( x(i), i = 1, nx + 1 )
#          -1.00000E+00 -8.80000E-01 -7.60000E-01 -6.40000E-01 -5.20000E-01
#          -4.00000E-01 -2.80000E-01 -1.60000E-01 -4.00000E-02  8.00000E-02
#           2.00000E-01  3.20000E-01  4.40000E-01  5.60000E-01  6.80000E-01
#           8.00000E-01  9.20000E-01  1.04000E+00  1.16000E+00  1.28000E+00
#           1.40000E+00  1.52000E+00  1.64000E+00  1.76000E+00  1.88000E+00
#           2.00000E+00  2.12000E+00  2.24000E+00  2.36000E+00  2.48000E+00
#           2.60000E+00  2.72000E+00  2.84000E+00  2.96000E+00  3.08000E+00
#           3.20000E+00  3.32000E+00  3.44000E+00  3.56000E+00  3.68000E+00
#           3.80000E+00  3.92000E+00  4.04000E+00  4.16000E+00  4.28000E+00
#           4.40000E+00  4.52000E+00  4.64000E+00  4.76000E+00  4.88000E+00
#           5.00000E+00  5.12000E+00  5.24000E+00  5.36000E+00  5.48000E+00
#           5.60000E+00  5.72000E+00  5.84000E+00  5.96000E+00  6.08000E+00
#           6.20000E+00  6.32000E+00  6.44000E+00  6.56000E+00  6.68000E+00
#           6.80000E+00  6.92000E+00  7.04000E+00  7.16000E+00  7.28000E+00
#           7.40000E+00  7.52000E+00  7.64000E+00  7.76000E+00  7.88000E+00
#           8.00000E+00  8.12000E+00  8.24000E+00  8.36000E+00  8.48000E+00
#           8.60000E+00  8.72000E+00  8.84000E+00  8.96000E+00  9.08000E+00
#           9.20000E+00  9.32000E+00  9.44000E+00  9.56000E+00  9.68000E+00
#           9.80000E+00  9.92000E+00  1.00400E+01  1.01600E+01  1.02800E+01
#           1.04000E+01  1.05200E+01  1.06400E+01  1.07600E+01  1.08800E+01
#           1.10000E+01  1.11200E+01  1.12400E+01  1.13600E+01  1.14800E+01
#           1.16000E+01  1.17200E+01  1.18400E+01  1.19600E+01  1.20800E+01
#           1.22000E+01  1.23200E+01  1.24400E+01  1.25600E+01  1.26800E+01
#           1.28000E+01  1.29200E+01  1.30400E+01  1.31600E+01  1.32800E+01
#           1.34000E+01  1.35200E+01  1.36400E+01  1.37600E+01  1.38800E+01
#           1.40000E+01  1.41200E+01  1.42400E+01  1.43600E+01  1.44800E+01
#           1.46000E+01  1.47200E+01  1.48400E+01  1.49600E+01  1.50800E+01
#           1.52000E+01  1.53200E+01  1.54400E+01  1.55600E+01  1.56800E+01
#           1.58000E+01  1.59200E+01  1.60400E+01  1.61600E+01  1.62800E+01
#           1.64000E+01  1.65200E+01  1.66400E+01  1.67600E+01  1.68800E+01
#           1.70000E+01  1.71200E+01  1.72400E+01  1.73600E+01  1.74800E+01
#           1.76000E+01  1.77200E+01  1.78400E+01  1.79600E+01  1.80800E+01
#           1.82000E+01  1.83200E+01  1.84400E+01  1.85600E+01  1.86800E+01
#           1.88000E+01  1.89200E+01  1.90400E+01  1.91600E+01  1.92800E+01
#           1.94000E+01  1.95200E+01  1.96400E+01  1.97600E+01  1.98800E+01
#           2.00000E+01  2.01200E+01  2.02400E+01  2.03600E+01  2.04800E+01
#           2.06000E+01  2.07200E+01  2.08400E+01  2.09600E+01  2.10800E+01
#           2.12000E+01  2.13200E+01  2.14400E+01  2.15600E+01  2.16800E+01
#           2.18000E+01  2.19200E+01  2.20400E+01  2.21600E+01  2.22800E+01
#           2.24000E+01  2.25200E+01  2.26400E+01  2.27600E+01  2.28800E+01
#           2.30000E+01
   y-type =    1            # y-mesh is given by the below data
       ny =      1          # number of y-mesh points
#    data = ( y(i), i = 1, ny + 1 )
            0.00000E+00  5.00000E+00
   z-type =    2            # z-mesh is linear given by zmin, zmax and nz
     zmin =  -3.000000      # minimum value of z-mesh points
     zmax =   7.000000      # maximum value of z-mesh points
#    zdel =  5.0000000E-02  # mesh width of z-mesh points
       nz =    200          # number of z-mesh points
#    data = ( z(i), i = 1, nz + 1 )
#          -3.00000E+00 -2.95000E+00 -2.90000E+00 -2.85000E+00 -2.80000E+00
#          -2.75000E+00 -2.70000E+00 -2.65000E+00 -2.60000E+00 -2.55000E+00
#          -2.50000E+00 -2.45000E+00 -2.40000E+00 -2.35000E+00 -2.30000E+00
#          -2.25000E+00 -2.20000E+00 -2.15000E+00 -2.10000E+00 -2.05000E+00
#          -2.00000E+00 -1.95000E+00 -1.90000E+00 -1.85000E+00 -1.80000E+00
#          -1.75000E+00 -1.70000E+00 -1.65000E+00 -1.60000E+00 -1.55000E+00
#          -1.50000E+00 -1.45000E+00 -1.40000E+00 -1.35000E+00 -1.30000E+00
#          -1.25000E+00 -1.20000E+00 -1.15000E+00 -1.10000E+00 -1.05000E+00
#          -1.00000E+00 -9.50000E-01 -9.00000E-01 -8.50000E-01 -8.00000E-01
#          -7.50000E-01 -7.00000E-01 -6.50000E-01 -6.00000E-01 -5.50000E-01
#          -5.00000E-01 -4.50000E-01 -4.00000E-01 -3.50000E-01 -3.00000E-01
#          -2.50000E-01 -2.00000E-01 -1.50000E-01 -1.00000E-01 -5.00000E-02
#           0.00000E+00  5.00000E-02  1.00000E-01  1.50000E-01  2.00000E-01
#           2.50000E-01  3.00000E-01  3.50000E-01  4.00000E-01  4.50000E-01
#           5.00000E-01  5.50000E-01  6.00000E-01  6.50000E-01  7.00000E-01
#           7.50000E-01  8.00000E-01  8.50000E-01  9.00000E-01  9.50000E-01
#           1.00000E+00  1.05000E+00  1.10000E+00  1.15000E+00  1.20000E+00
#           1.25000E+00  1.30000E+00  1.35000E+00  1.40000E+00  1.45000E+00
#           1.50000E+00  1.55000E+00  1.60000E+00  1.65000E+00  1.70000E+00
#           1.75000E+00  1.80000E+00  1.85000E+00  1.90000E+00  1.95000E+00
#           2.00000E+00  2.05000E+00  2.10000E+00  2.15000E+00  2.20000E+00
#           2.25000E+00  2.30000E+00  2.35000E+00  2.40000E+00  2.45000E+00
#           2.50000E+00  2.55000E+00  2.60000E+00  2.65000E+00  2.70000E+00
#           2.75000E+00  2.80000E+00  2.85000E+00  2.90000E+00  2.95000E+00
#           3.00000E+00  3.05000E+00  3.10000E+00  3.15000E+00  3.20000E+00
#           3.25000E+00  3.30000E+00  3.35000E+00  3.40000E+00  3.45000E+00
#           3.50000E+00  3.55000E+00  3.60000E+00  3.65000E+00  3.70000E+00
#           3.75000E+00  3.80000E+00  3.85000E+00  3.90000E+00  3.95000E+00
#           4.00000E+00  4.05000E+00  4.10000E+00  4.15000E+00  4.20000E+00
#           4.25000E+00  4.30000E+00  4.35000E+00  4.40000E+00  4.45000E+00
#           4.50000E+00  4.55000E+00  4.60000E+00  4.65000E+00  4.70000E+00
#           4.75000E+00  4.80000E+00  4.85000E+00  4.90000E+00  4.95000E+00
#           5.00000E+00  5.05000E+00  5.10000E+00  5.15000E+00  5.20000E+00
#           5.25000E+00  5.30000E+00  5.35000E+00  5.40000E+00  5.45000E+00
#           5.50000E+00  5.55000E+00  5.60000E+00  5.65000E+00  5.70000E+00
#           5.75000E+00  5.80000E+00  5.85000E+00  5.90000E+00  5.95000E+00
#           6.00000E+00  6.05000E+00  6.10000E+00  6.15000E+00  6.20000E+00
#           6.25000E+00  6.30000E+00  6.35000E+00  6.40000E+00  6.45000E+00
#           6.50000E+00  6.55000E+00  6.60000E+00  6.65000E+00  6.70000E+00
#           6.75000E+00  6.80000E+00  6.85000E+00  6.90000E+00  6.95000E+00
#           7.00000E+00
   e-type =    1            # e-mesh is given by the below data
       ne =      1          # number of e-mesh points
#    data = ( e(i), i = 1, ne + 1 )
            0.00000E+00  1.00000E+03
     unit =    1            # unit is [1/cm^2/source]
 material =  all            # (D=all) number of specific material
  2D-type =    3            # 1:Cont, 2:Clust, 3:Color, 4:xyz, 5:mat, 6:Clust+Cont, 7:Col+Cont
     axis =      xz            # axis of output
     file = track_xz.out    # file name of output for the above axis
     part =  all      
# kf/name :  0        
    gshow =    3            # 0: no 1:bnd, 2:bnd+mat, 3:bnd+reg 4:bnd+lat 5:bmp style
    resol =    1            # (D=1) resolution of gshow or rshow
    width = 0.5000000       # (D=0.5) width of lines for gshow or rshow
   epsout =    1            # (D=0) generate eps file by ANGEL
#    used :        main (  %)        temp (  %)       total (  %)
#  memory :         410 (  0)           0 (  0)         410 (  0)

[END] of Input Echo <<<========================================================

<<< Report of real Geometry memory >>>
*           GG/CG memory =        2
*     total memory: mdas = 80000000
*                percent =     0.00 %

<<< Report of material memory for high energy>>>
*   high energy material =        1
*     total memory: mdas = 80000000
*                percent =     0.00 %

<<< Report of material memory for low energy>>>
*    low energy material =     1445
*     total memory: mdas = 80000000
*                percent =     0.00 %

<<< Report of real tally memory >>>
*      real tally memory =      820
*     total memory: mdas = 80000000
*                percent =     0.00 %

<<< Report of temporary tally memory >>>
* temporary tally memory =     1450
*     total memory: mdas = 80000000
*                percent =     0.00 %

<<< Report of total memory >>>
*      used total memory =     1451
*     total memory: mdas = 80000000
*                percent =     0.00 %
*                ---------------------

-------------------------------------------------------------------------------
 job termination date : 2026/03/31
                 time :   10:58:16

 END 
