[ T-Track ]
    title = [t-track] in xyz mesh
     mesh =  xyz            # mesh type is xyz scoring mesh
   x-type =    2            # x-mesh is linear given by xmin, xmax and nx
     xmin =  -5.000000      # minimum value of x-mesh points
     xmax =   25.00000      # maximum value of x-mesh points
#    xdel =  0.1500000      # mesh width of x-mesh points
       nx =    200          # number of x-mesh points
#    data = ( x(i), i = 1, nx + 1 )
#          -5.00000E+00 -4.85000E+00 -4.70000E+00 -4.55000E+00 -4.40000E+00
#          -4.25000E+00 -4.10000E+00 -3.95000E+00 -3.80000E+00 -3.65000E+00
#          -3.50000E+00 -3.35000E+00 -3.20000E+00 -3.05000E+00 -2.90000E+00
#          -2.75000E+00 -2.60000E+00 -2.45000E+00 -2.30000E+00 -2.15000E+00
#          -2.00000E+00 -1.85000E+00 -1.70000E+00 -1.55000E+00 -1.40000E+00
#          -1.25000E+00 -1.10000E+00 -9.50000E-01 -8.00000E-01 -6.50000E-01
#          -5.00000E-01 -3.50000E-01 -2.00000E-01 -5.00000E-02  1.00000E-01
#           2.50000E-01  4.00000E-01  5.50000E-01  7.00000E-01  8.50000E-01
#           1.00000E+00  1.15000E+00  1.30000E+00  1.45000E+00  1.60000E+00
#           1.75000E+00  1.90000E+00  2.05000E+00  2.20000E+00  2.35000E+00
#           2.50000E+00  2.65000E+00  2.80000E+00  2.95000E+00  3.10000E+00
#           3.25000E+00  3.40000E+00  3.55000E+00  3.70000E+00  3.85000E+00
#           4.00000E+00  4.15000E+00  4.30000E+00  4.45000E+00  4.60000E+00
#           4.75000E+00  4.90000E+00  5.05000E+00  5.20000E+00  5.35000E+00
#           5.50000E+00  5.65000E+00  5.80000E+00  5.95000E+00  6.10000E+00
#           6.25000E+00  6.40000E+00  6.55000E+00  6.70000E+00  6.85000E+00
#           7.00000E+00  7.15000E+00  7.30000E+00  7.45000E+00  7.60000E+00
#           7.75000E+00  7.90000E+00  8.05000E+00  8.20000E+00  8.35000E+00
#           8.50000E+00  8.65000E+00  8.80000E+00  8.95000E+00  9.10000E+00
#           9.25000E+00  9.40000E+00  9.55000E+00  9.70000E+00  9.85000E+00
#           1.00000E+01  1.01500E+01  1.03000E+01  1.04500E+01  1.06000E+01
#           1.07500E+01  1.09000E+01  1.10500E+01  1.12000E+01  1.13500E+01
#           1.15000E+01  1.16500E+01  1.18000E+01  1.19500E+01  1.21000E+01
#           1.22500E+01  1.24000E+01  1.25500E+01  1.27000E+01  1.28500E+01
#           1.30000E+01  1.31500E+01  1.33000E+01  1.34500E+01  1.36000E+01
#           1.37500E+01  1.39000E+01  1.40500E+01  1.42000E+01  1.43500E+01
#           1.45000E+01  1.46500E+01  1.48000E+01  1.49500E+01  1.51000E+01
#           1.52500E+01  1.54000E+01  1.55500E+01  1.57000E+01  1.58500E+01
#           1.60000E+01  1.61500E+01  1.63000E+01  1.64500E+01  1.66000E+01
#           1.67500E+01  1.69000E+01  1.70500E+01  1.72000E+01  1.73500E+01
#           1.75000E+01  1.76500E+01  1.78000E+01  1.79500E+01  1.81000E+01
#           1.82500E+01  1.84000E+01  1.85500E+01  1.87000E+01  1.88500E+01
#           1.90000E+01  1.91500E+01  1.93000E+01  1.94500E+01  1.96000E+01
#           1.97500E+01  1.99000E+01  2.00500E+01  2.02000E+01  2.03500E+01
#           2.05000E+01  2.06500E+01  2.08000E+01  2.09500E+01  2.11000E+01
#           2.12500E+01  2.14000E+01  2.15500E+01  2.17000E+01  2.18500E+01
#           2.20000E+01  2.21500E+01  2.23000E+01  2.24500E+01  2.26000E+01
#           2.27500E+01  2.29000E+01  2.30500E+01  2.32000E+01  2.33500E+01
#           2.35000E+01  2.36500E+01  2.38000E+01  2.39500E+01  2.41000E+01
#           2.42500E+01  2.44000E+01  2.45500E+01  2.47000E+01  2.48500E+01
#           2.50000E+01
   y-type =    2            # y-mesh is linear given by ymin, ymax and ny
     ymin =  -5.000000      # minimum value of y-mesh points
     ymax =   10.00000      # maximum value of y-mesh points
#    ydel =  7.5000000E-02  # mesh width of y-mesh points
       ny =    200          # number of y-mesh points
#    data = ( y(i), i = 1, ny + 1 )
#          -5.00000E+00 -4.92500E+00 -4.85000E+00 -4.77500E+00 -4.70000E+00
#          -4.62500E+00 -4.55000E+00 -4.47500E+00 -4.40000E+00 -4.32500E+00
#          -4.25000E+00 -4.17500E+00 -4.10000E+00 -4.02500E+00 -3.95000E+00
#          -3.87500E+00 -3.80000E+00 -3.72500E+00 -3.65000E+00 -3.57500E+00
#          -3.50000E+00 -3.42500E+00 -3.35000E+00 -3.27500E+00 -3.20000E+00
#          -3.12500E+00 -3.05000E+00 -2.97500E+00 -2.90000E+00 -2.82500E+00
#          -2.75000E+00 -2.67500E+00 -2.60000E+00 -2.52500E+00 -2.45000E+00
#          -2.37500E+00 -2.30000E+00 -2.22500E+00 -2.15000E+00 -2.07500E+00
#          -2.00000E+00 -1.92500E+00 -1.85000E+00 -1.77500E+00 -1.70000E+00
#          -1.62500E+00 -1.55000E+00 -1.47500E+00 -1.40000E+00 -1.32500E+00
#          -1.25000E+00 -1.17500E+00 -1.10000E+00 -1.02500E+00 -9.50000E-01
#          -8.75000E-01 -8.00000E-01 -7.25000E-01 -6.50000E-01 -5.75000E-01
#          -5.00000E-01 -4.25000E-01 -3.50000E-01 -2.75000E-01 -2.00000E-01
#          -1.25000E-01 -5.00000E-02  2.50000E-02  1.00000E-01  1.75000E-01
#           2.50000E-01  3.25000E-01  4.00000E-01  4.75000E-01  5.50000E-01
#           6.25000E-01  7.00000E-01  7.75000E-01  8.50000E-01  9.25000E-01
#           1.00000E+00  1.07500E+00  1.15000E+00  1.22500E+00  1.30000E+00
#           1.37500E+00  1.45000E+00  1.52500E+00  1.60000E+00  1.67500E+00
#           1.75000E+00  1.82500E+00  1.90000E+00  1.97500E+00  2.05000E+00
#           2.12500E+00  2.20000E+00  2.27500E+00  2.35000E+00  2.42500E+00
#           2.50000E+00  2.57500E+00  2.65000E+00  2.72500E+00  2.80000E+00
#           2.87500E+00  2.95000E+00  3.02500E+00  3.10000E+00  3.17500E+00
#           3.25000E+00  3.32500E+00  3.40000E+00  3.47500E+00  3.55000E+00
#           3.62500E+00  3.70000E+00  3.77500E+00  3.85000E+00  3.92500E+00
#           4.00000E+00  4.07500E+00  4.15000E+00  4.22500E+00  4.30000E+00
#           4.37500E+00  4.45000E+00  4.52500E+00  4.60000E+00  4.67500E+00
#           4.75000E+00  4.82500E+00  4.90000E+00  4.97500E+00  5.05000E+00
#           5.12500E+00  5.20000E+00  5.27500E+00  5.35000E+00  5.42500E+00
#           5.50000E+00  5.57500E+00  5.65000E+00  5.72500E+00  5.80000E+00
#           5.87500E+00  5.95000E+00  6.02500E+00  6.10000E+00  6.17500E+00
#           6.25000E+00  6.32500E+00  6.40000E+00  6.47500E+00  6.55000E+00
#           6.62500E+00  6.70000E+00  6.77500E+00  6.85000E+00  6.92500E+00
#           7.00000E+00  7.07500E+00  7.15000E+00  7.22500E+00  7.30000E+00
#           7.37500E+00  7.45000E+00  7.52500E+00  7.60000E+00  7.67500E+00
#           7.75000E+00  7.82500E+00  7.90000E+00  7.97500E+00  8.05000E+00
#           8.12500E+00  8.20000E+00  8.27500E+00  8.35000E+00  8.42500E+00
#           8.50000E+00  8.57500E+00  8.65000E+00  8.72500E+00  8.80000E+00
#           8.87500E+00  8.95000E+00  9.02500E+00  9.10000E+00  9.17500E+00
#           9.25000E+00  9.32500E+00  9.40000E+00  9.47500E+00  9.55000E+00
#           9.62500E+00  9.70000E+00  9.77500E+00  9.85000E+00  9.92500E+00
#           1.00000E+01
   z-type =    1            # z-mesh is given by the below data
       nz =      1          # number of z-mesh points
#    data = ( z(i), i = 1, nz + 1 )
            2.00000E+00  3.00000E+00
   e-type =    1            # e-mesh is given by the below data
       ne =      1          # number of e-mesh points
#    data = ( e(i), i = 1, ne + 1 )
            0.00000E+00  1.00000E+03
     unit =    1            # unit is [1/cm^2/source]
 material =  all            # (D=all) number of specific material
  2D-type =    3            # 1:Cont, 2:Clust, 3:Color, 4:xyz, 5:mat, 6:Clust+Cont, 7:Col+Cont
     axis =      xy            # axis of output
     file = track_xy.out    # file name of output for the above axis
     part =  all      
# kf/name :  0        
    gshow =    3            # 0: no 1:bnd, 2:bnd+mat, 3:bnd+reg 4:bnd+lat 5:bmp style
    resol =    1            # (D=1) resolution of gshow or rshow
    width = 0.5000000       # (D=0.5) width of lines for gshow or rshow
   epsout =    1            # (D=0) generate eps file by ANGEL
#    used :        main (  %)        temp (  %)       total (  %)
#  memory :         410 (  0)           0 (  0)         410 (  0)

#------------------------------------------------------------------------------
#newpage:
#   no. =  1   ie  =  1   iz  =  1   part. = all     
#   e = (   0.0000E+00  -   1.0000E+03  )
#   z = (   2.0000E+00  -   3.0000E+00  )

'no. =  1,  ie =  1,  iz =  1'
msuc: {\huge [t-track] in xyz mesh}
msdr: {\it plotted by \ANGEL \version}
msdl: {\it calculated by \PHITS  3.35}

x: x [cm]
y: y [cm]
set: c1[ 0.500] c2[ 1.273] c5[ 0.800] c6[ 0.785] c7[ 0.000] c8[ 0.400]
p: h2fs form[c1] xfac[c2] afac[c5] scal[c6] xorg[c7] yorg[c8] nosp
p: xmin( -5.000000    ) xmax(  25.00000    )
p: ymin( -5.000000    ) ymax(  10.00000    )
#  ny = 200   nx = 200
# ( ( data(x,y), x = 1, nx ), y = ny, 1, -1 )

#------------------------------------------------------------------------------
# gshow
#------------------------------------------------------------------------------

p: legs[c5*0.875]

w:1000/ x(  -0.1499630E+00) y(  -0.2574965E+01) ix(2) iy(2) s(   0.7000E+00)

h: x ny1,0  y2=[y1](void),ic[lightgray]
 -1.000000E+00 -1.000000E+00

hb:   line clip z   cb(lightgray)
frame:
 -4.9999631E+00 -4.9999650E+00
  2.5000037E+01 -4.9999650E+00
  2.5000037E+01  1.0000035E+01
 -4.9999631E+00  1.0000035E+01
clip:
 -5.14921669E+00 -5.07459168E+00
  2.51492908E+01 -5.07459168E+00
  2.51492908E+01 -4.99884541E+00
  2.51492908E+01 -4.92309914E+00
  2.51492908E+01 -4.84735287E+00
  2.51492908E+01 -4.77160661E+00
  2.51492908E+01 -4.69586034E+00
  2.51492908E+01 -4.62011407E+00
  2.51492908E+01 -4.54436780E+00
  2.51492908E+01 -4.46862153E+00
  2.51492908E+01 -4.39287526E+00
  2.51492908E+01 -4.31712899E+00
  2.51492908E+01 -4.24138273E+00
  2.51492908E+01 -4.16563646E+00
  2.51492908E+01 -4.08989019E+00
  2.51492908E+01 -4.01414392E+00
  2.51492908E+01 -3.93839765E+00
  2.51492908E+01 -3.86265138E+00
  2.51492908E+01 -3.78690511E+00
  2.51492908E+01 -3.71115884E+00
  2.51492908E+01 -3.63541258E+00
  2.51492908E+01 -3.55966631E+00
  2.51492908E+01 -3.48392004E+00
  2.51492908E+01 -3.40817377E+00
  2.51492908E+01 -3.33242750E+00
  2.51492908E+01 -3.25668123E+00
  2.51492908E+01 -3.18093496E+00
  2.51492908E+01 -3.10518870E+00
  2.51492908E+01 -3.02944243E+00
  2.51492908E+01 -2.95369616E+00
  2.51492908E+01 -2.87794989E+00
  2.51492908E+01 -2.80220362E+00
  2.51492908E+01 -2.72645735E+00
  2.51492908E+01 -2.65071108E+00
  2.51492908E+01 -2.57496481E+00
  2.51492908E+01 -2.49921855E+00
  2.51492908E+01 -2.42347228E+00
  2.51492908E+01 -2.34772601E+00
  2.51492908E+01 -2.27197974E+00
  2.51492908E+01 -2.19623347E+00
  2.51492908E+01 -2.12048720E+00
  2.51492908E+01 -2.04474093E+00
  2.51492908E+01 -1.96899467E+00
  2.51492908E+01 -1.89324840E+00
  2.51492908E+01 -1.81750213E+00
  2.51492908E+01 -1.74175586E+00
  2.51492908E+01 -1.66600959E+00
  2.51492908E+01 -1.59026332E+00
  2.51492908E+01 -1.51451705E+00
  2.51492908E+01 -1.43877078E+00
  2.51492908E+01 -1.36302452E+00
  2.51492908E+01 -1.28727825E+00
  2.51492908E+01 -1.21153198E+00
  2.51492908E+01 -1.13578571E+00
  2.51492908E+01 -1.06003944E+00
  2.51492908E+01 -9.84293173E-01
  2.51492908E+01 -9.08546904E-01
  2.51492908E+01 -8.32800636E-01
  2.51492908E+01 -7.57054367E-01
  2.51492908E+01 -6.81308098E-01
  2.51492908E+01 -6.05561830E-01
  2.51492908E+01 -5.29815561E-01
  2.51492908E+01 -4.54069292E-01
  2.51492908E+01 -3.78323024E-01
  2.51492908E+01 -3.02576755E-01
  2.51492908E+01 -2.26830486E-01
  2.51492908E+01 -1.51084218E-01
  2.51492908E+01 -7.53379491E-02
  2.51492908E+01  4.08319512E-04
  2.51492908E+01  7.61545882E-02
  2.51492908E+01  1.51900857E-01
  2.51492908E+01  2.27647125E-01
  2.51492908E+01  3.03393394E-01
  2.51492908E+01  3.79139663E-01
  2.51492908E+01  4.54885931E-01
  2.51492908E+01  5.30632200E-01
  2.51492908E+01  6.06378469E-01
  2.51492908E+01  6.82124737E-01
  2.51492908E+01  7.57871006E-01
  2.51492908E+01  8.33617275E-01
  2.51492908E+01  9.09363543E-01
  2.51492908E+01  9.85109812E-01
  2.51492908E+01  1.06085608E+00
  2.51492908E+01  1.13660235E+00
  2.51492908E+01  1.21234862E+00
  2.51492908E+01  1.28809489E+00
  2.51492908E+01  1.36384116E+00
  2.51492908E+01  1.43958742E+00
  2.51492908E+01  1.51533369E+00
  2.51492908E+01  1.59107996E+00
  2.51492908E+01  1.66682623E+00
  2.51492908E+01  1.74257250E+00
  2.51492908E+01  1.81831877E+00
  2.51492908E+01  1.89406504E+00
  2.51492908E+01  1.96981130E+00
  2.51492908E+01  2.04555757E+00
  2.51492908E+01  2.12130384E+00
  2.51492908E+01  2.19705011E+00
  2.51492908E+01  2.27279638E+00
  2.51492908E+01  2.34854265E+00
  2.51492908E+01  2.42428892E+00
  2.51492908E+01  2.50003519E+00
  2.51492908E+01  2.57578145E+00
  2.51492908E+01  2.65152772E+00
  2.51492908E+01  2.72727399E+00
  2.51492908E+01  2.80302026E+00
  2.51492908E+01  2.87876653E+00
  2.51492908E+01  2.95451280E+00
  2.51492908E+01  3.03025907E+00
  2.51492908E+01  3.10600533E+00
  2.51492908E+01  3.18175160E+00
  2.51492908E+01  3.25749787E+00
  2.51492908E+01  3.33324414E+00
  2.51492908E+01  3.40899041E+00
  2.51492908E+01  3.48473668E+00
  2.51492908E+01  3.56048295E+00
  2.51492908E+01  3.63622922E+00
  2.51492908E+01  3.71197548E+00
  2.51492908E+01  3.78772175E+00
  2.51492908E+01  3.86346802E+00
  2.51492908E+01  3.93921429E+00
  2.51492908E+01  4.01496056E+00
  2.51492908E+01  4.09070683E+00
  2.51492908E+01  4.16645310E+00
  2.51492908E+01  4.24219936E+00
  2.51492908E+01  4.31794563E+00
  2.51492908E+01  4.39369190E+00
  2.51492908E+01  4.46943817E+00
  2.51492908E+01  4.54518444E+00
  2.51492908E+01  4.62093071E+00
  2.51492908E+01  4.69667698E+00
  2.51492908E+01  4.77242324E+00
  2.51492908E+01  4.84816951E+00
  2.51492908E+01  4.92391578E+00
  2.51492908E+01  4.99966205E+00
  2.51492908E+01  5.07540832E+00
  2.51492908E+01  5.15115459E+00
  2.51492908E+01  5.22690086E+00
  2.51492908E+01  5.30264713E+00
  2.51492908E+01  5.37839339E+00
  2.51492908E+01  5.45413966E+00
  2.51492908E+01  5.52988593E+00
  2.51492908E+01  5.60563220E+00
  2.51492908E+01  5.68137847E+00
  2.51492908E+01  5.75712474E+00
  2.51492908E+01  5.83287101E+00
  2.51492908E+01  5.90861727E+00
  2.51492908E+01  5.98436354E+00
  2.51492908E+01  6.06010981E+00
  2.51492908E+01  6.13585608E+00
  2.51492908E+01  6.21160235E+00
  2.51492908E+01  6.28734862E+00
  2.51492908E+01  6.36309489E+00
  2.51492908E+01  6.43884116E+00
  2.51492908E+01  6.51458742E+00
  2.51492908E+01  6.59033369E+00
  2.51492908E+01  6.66607996E+00
  2.51492908E+01  6.74182623E+00
  2.51492908E+01  6.81757250E+00
  2.51492908E+01  6.89331877E+00
  2.51492908E+01  6.96906504E+00
  2.51492908E+01  7.04481130E+00
  2.51492908E+01  7.12055757E+00
  2.51492908E+01  7.19630384E+00
  2.51492908E+01  7.27205011E+00
  2.51492908E+01  7.34779638E+00
  2.51492908E+01  7.42354265E+00
  2.51492908E+01  7.49928892E+00
  2.51492908E+01  7.57503519E+00
  2.51492908E+01  7.65078145E+00
  2.51492908E+01  7.72652772E+00
  2.51492908E+01  7.80227399E+00
  2.51492908E+01  7.87802026E+00
  2.51492908E+01  7.95376653E+00
  2.51492908E+01  8.02951280E+00
  2.51492908E+01  8.10525907E+00
  2.51492908E+01  8.18100533E+00
  2.51492908E+01  8.25675160E+00
  2.51492908E+01  8.33249787E+00
  2.51492908E+01  8.40824414E+00
  2.51492908E+01  8.48399041E+00
  2.51492908E+01  8.55973668E+00
  2.51492908E+01  8.63548295E+00
  2.51492908E+01  8.71122922E+00
  2.51492908E+01  8.78697548E+00
  2.51492908E+01  8.86272175E+00
  2.51492908E+01  8.93846802E+00
  2.51492908E+01  9.01421429E+00
  2.51492908E+01  9.08996056E+00
  2.51492908E+01  9.16570683E+00
  2.51492908E+01  9.24145310E+00
  2.51492908E+01  9.31719936E+00
  2.51492908E+01  9.39294563E+00
  2.51492908E+01  9.46869190E+00
  2.51492908E+01  9.54443817E+00
  2.51492908E+01  9.62018444E+00
  2.51492908E+01  9.69593071E+00
  2.51492908E+01  9.77167698E+00
  2.51492908E+01  9.84742324E+00
  2.51492908E+01  9.92316951E+00
  2.51492908E+01  9.99891578E+00
  2.51492908E+01  1.00746621E+01
  2.49977982E+01  1.00746621E+01
  2.48463057E+01  1.00746621E+01
  2.46948132E+01  1.00746621E+01
  2.45433206E+01  1.00746621E+01
  2.43918281E+01  1.00746621E+01
  2.42403355E+01  1.00746621E+01
  2.40888430E+01  1.00746621E+01
  2.39373505E+01  1.00746621E+01
  2.37858579E+01  1.00746621E+01
  2.36343654E+01  1.00746621E+01
  2.34828729E+01  1.00746621E+01
  2.33313803E+01  1.00746621E+01
  2.31798878E+01  1.00746621E+01
  2.30283952E+01  1.00746621E+01
  2.28769027E+01  1.00746621E+01
  2.27254102E+01  1.00746621E+01
  2.25739176E+01  1.00746621E+01
  2.24224251E+01  1.00746621E+01
  2.22709326E+01  1.00746621E+01
  2.21194400E+01  1.00746621E+01
  2.19679475E+01  1.00746621E+01
  2.18164549E+01  1.00746621E+01
  2.16649624E+01  1.00746621E+01
  2.15134699E+01  1.00746621E+01
  2.13619773E+01  1.00746621E+01
  2.12104848E+01  1.00746621E+01
  2.10589923E+01  1.00746621E+01
  2.09074997E+01  1.00746621E+01
  2.07560072E+01  1.00746621E+01
  2.06045146E+01  1.00746621E+01
  2.04530221E+01  1.00746621E+01
  2.03015296E+01  1.00746621E+01
  2.01500370E+01  1.00746621E+01
  1.99985445E+01  1.00746621E+01
  1.98470520E+01  1.00746621E+01
  1.96955594E+01  1.00746621E+01
  1.95440669E+01  1.00746621E+01
  1.93925744E+01  1.00746621E+01
  1.92410818E+01  1.00746621E+01
  1.90895893E+01  1.00746621E+01
  1.89380967E+01  1.00746621E+01
  1.87866042E+01  1.00746621E+01
  1.86351117E+01  1.00746621E+01
  1.84836191E+01  1.00746621E+01
  1.83321266E+01  1.00746621E+01
  1.81806341E+01  1.00746621E+01
  1.80291415E+01  1.00746621E+01
  1.78776490E+01  1.00746621E+01
  1.77261564E+01  1.00746621E+01
  1.75746639E+01  1.00746621E+01
  1.74231714E+01  1.00746621E+01
  1.72716788E+01  1.00746621E+01
  1.71201863E+01  1.00746621E+01
  1.69686938E+01  1.00746621E+01
  1.68172012E+01  1.00746621E+01
  1.66657087E+01  1.00746621E+01
  1.65142161E+01  1.00746621E+01
  1.63627236E+01  1.00746621E+01
  1.62112311E+01  1.00746621E+01
  1.60597385E+01  1.00746621E+01
  1.59082460E+01  1.00746621E+01
  1.57567535E+01  1.00746621E+01
  1.56052609E+01  1.00746621E+01
  1.54537684E+01  1.00746621E+01
  1.53022758E+01  1.00746621E+01
  1.51507833E+01  1.00746621E+01
  1.49992908E+01  1.00746621E+01
  1.48477982E+01  1.00746621E+01
  1.46963057E+01  1.00746621E+01
  1.45448132E+01  1.00746621E+01
  1.43933206E+01  1.00746621E+01
  1.42418281E+01  1.00746621E+01
  1.40903355E+01  1.00746621E+01
  1.39388430E+01  1.00746621E+01
  1.37873505E+01  1.00746621E+01
  1.36358579E+01  1.00746621E+01
  1.34843654E+01  1.00746621E+01
  1.33328729E+01  1.00746621E+01
  1.31813803E+01  1.00746621E+01
  1.30298878E+01  1.00746621E+01
  1.28783952E+01  1.00746621E+01
  1.27269027E+01  1.00746621E+01
  1.25754102E+01  1.00746621E+01
  1.24239176E+01  1.00746621E+01
  1.22724251E+01  1.00746621E+01
  1.21209326E+01  1.00746621E+01
  1.19694400E+01  1.00746621E+01
  1.18179475E+01  1.00746621E+01
  1.16664549E+01  1.00746621E+01
  1.15149624E+01  1.00746621E+01
  1.13634699E+01  1.00746621E+01
  1.12119773E+01  1.00746621E+01
  1.10604848E+01  1.00746621E+01
  1.09089923E+01  1.00746621E+01
  1.07574997E+01  1.00746621E+01
  1.06060072E+01  1.00746621E+01
  1.04545146E+01  1.00746621E+01
  1.03030221E+01  1.00746621E+01
  1.01515296E+01  1.00746621E+01
  1.00000370E+01  1.00746621E+01
  9.84854450E+00  1.00746621E+01
  9.69705196E+00  1.00746621E+01
  9.54555943E+00  1.00746621E+01
  9.39406689E+00  1.00746621E+01
  9.24257435E+00  1.00746621E+01
  9.09108181E+00  1.00746621E+01
  8.93958928E+00  1.00746621E+01
  8.78809674E+00  1.00746621E+01
  8.63660420E+00  1.00746621E+01
  8.48511166E+00  1.00746621E+01
  8.33361913E+00  1.00746621E+01
  8.18212659E+00  1.00746621E+01
  8.03063405E+00  1.00746621E+01
  7.87914151E+00  1.00746621E+01
  7.72764898E+00  1.00746621E+01
  7.57615644E+00  1.00746621E+01
  7.42466390E+00  1.00746621E+01
  7.27317137E+00  1.00746621E+01
  7.12167883E+00  1.00746621E+01
  6.97018629E+00  1.00746621E+01
  6.81869375E+00  1.00746621E+01
  6.66720122E+00  1.00746621E+01
  6.51570868E+00  1.00746621E+01
  6.36421614E+00  1.00746621E+01
  6.21272360E+00  1.00746621E+01
  6.06123107E+00  1.00746621E+01
  5.90973853E+00  1.00746621E+01
  5.75824599E+00  1.00746621E+01
  5.60675345E+00  1.00746621E+01
  5.45526092E+00  1.00746621E+01
  5.30376838E+00  1.00746621E+01
  5.15227584E+00  1.00746621E+01
  5.00078331E+00  1.00746621E+01
  4.84929077E+00  1.00746621E+01
  4.69779823E+00  1.00746621E+01
  4.54630569E+00  1.00746621E+01
  4.39481316E+00  1.00746621E+01
  4.24332062E+00  1.00746621E+01
  4.09182808E+00  1.00746621E+01
  3.94033554E+00  1.00746621E+01
  3.78884301E+00  1.00746621E+01
  3.63735047E+00  1.00746621E+01
  3.48585793E+00  1.00746621E+01
  3.33436540E+00  1.00746621E+01
  3.18287286E+00  1.00746621E+01
  3.03138032E+00  1.00746621E+01
  2.87988778E+00  1.00746621E+01
  2.72839525E+00  1.00746621E+01
  2.57690271E+00  1.00746621E+01
  2.42541017E+00  1.00746621E+01
  2.27391763E+00  1.00746621E+01
  2.12242510E+00  1.00746621E+01
  1.97093256E+00  1.00746621E+01
  1.81944002E+00  1.00746621E+01
  1.66794748E+00  1.00746621E+01
  1.51645495E+00  1.00746621E+01
  1.36496241E+00  1.00746621E+01
  1.21346987E+00  1.00746621E+01
  1.06197734E+00  1.00746621E+01
  9.10484798E-01  1.00746621E+01
  7.58992261E-01  1.00746621E+01
  6.07499724E-01  1.00746621E+01
  4.56007186E-01  1.00746621E+01
  3.04514649E-01  1.00746621E+01
  1.53022112E-01  1.00746621E+01
  1.52957435E-03  1.00746621E+01
 -1.49962963E-01  1.00746621E+01
 -3.01455500E-01  1.00746621E+01
 -4.52948038E-01  1.00746621E+01
 -6.04440575E-01  1.00746621E+01
 -7.55933112E-01  1.00746621E+01
 -9.07425650E-01  1.00746621E+01
 -1.05891819E+00  1.00746621E+01
 -1.21041072E+00  1.00746621E+01
 -1.36190326E+00  1.00746621E+01
 -1.51339580E+00  1.00746621E+01
 -1.66488834E+00  1.00746621E+01
 -1.81638087E+00  1.00746621E+01
 -1.96787341E+00  1.00746621E+01
 -2.11936595E+00  1.00746621E+01
 -2.27085849E+00  1.00746621E+01
 -2.42235102E+00  1.00746621E+01
 -2.57384356E+00  1.00746621E+01
 -2.72533610E+00  1.00746621E+01
 -2.87682863E+00  1.00746621E+01
 -3.02832117E+00  1.00746621E+01
 -3.17981371E+00  1.00746621E+01
 -3.33130625E+00  1.00746621E+01
 -3.48279878E+00  1.00746621E+01
 -3.63429132E+00  1.00746621E+01
 -3.78578386E+00  1.00746621E+01
 -3.93727640E+00  1.00746621E+01
 -4.08876893E+00  1.00746621E+01
 -4.24026147E+00  1.00746621E+01
 -4.39175401E+00  1.00746621E+01
 -4.54324655E+00  1.00746621E+01
 -4.69473908E+00  1.00746621E+01
 -4.84623162E+00  1.00746621E+01
 -4.99772416E+00  1.00746621E+01
 -5.14921669E+00  1.00746621E+01
 -5.14921669E+00  9.99891578E+00
 -5.14921669E+00  9.92316951E+00
 -5.14921669E+00  9.84742324E+00
 -5.14921669E+00  9.77167698E+00
 -5.14921669E+00  9.69593071E+00
 -5.14921669E+00  9.62018444E+00
 -5.14921669E+00  9.54443817E+00
 -5.14921669E+00  9.46869190E+00
 -5.14921669E+00  9.39294563E+00
 -5.14921669E+00  9.31719936E+00
 -5.14921669E+00  9.24145310E+00
 -5.14921669E+00  9.16570683E+00
 -5.14921669E+00  9.08996056E+00
 -5.14921669E+00  9.01421429E+00
 -5.14921669E+00  8.93846802E+00
 -5.14921669E+00  8.86272175E+00
 -5.14921669E+00  8.78697548E+00
 -5.14921669E+00  8.71122922E+00
 -5.14921669E+00  8.63548295E+00
 -5.14921669E+00  8.55973668E+00
 -5.14921669E+00  8.48399041E+00
 -5.14921669E+00  8.40824414E+00
 -5.14921669E+00  8.33249787E+00
 -5.14921669E+00  8.25675160E+00
 -5.14921669E+00  8.18100533E+00
 -5.14921669E+00  8.10525907E+00
 -5.14921669E+00  8.02951280E+00
 -5.14921669E+00  7.95376653E+00
 -5.14921669E+00  7.87802026E+00
 -5.14921669E+00  7.80227399E+00
 -5.14921669E+00  7.72652772E+00
 -5.14921669E+00  7.65078145E+00
 -5.14921669E+00  7.57503519E+00
 -5.14921669E+00  7.49928892E+00
 -5.14921669E+00  7.42354265E+00
 -5.14921669E+00  7.34779638E+00
 -5.14921669E+00  7.27205011E+00
 -5.14921669E+00  7.19630384E+00
 -5.14921669E+00  7.12055757E+00
 -5.14921669E+00  7.04481130E+00
 -5.14921669E+00  6.96906504E+00
 -5.14921669E+00  6.89331877E+00
 -5.14921669E+00  6.81757250E+00
 -5.14921669E+00  6.74182623E+00
 -5.14921669E+00  6.66607996E+00
 -5.14921669E+00  6.59033369E+00
 -5.14921669E+00  6.51458742E+00
 -5.14921669E+00  6.43884116E+00
 -5.14921669E+00  6.36309489E+00
 -5.14921669E+00  6.28734862E+00
 -5.14921669E+00  6.21160235E+00
 -5.14921669E+00  6.13585608E+00
 -5.14921669E+00  6.06010981E+00
 -5.14921669E+00  5.98436354E+00
 -5.14921669E+00  5.90861727E+00
 -5.14921669E+00  5.83287101E+00
 -5.14921669E+00  5.75712474E+00
 -5.14921669E+00  5.68137847E+00
 -5.14921669E+00  5.60563220E+00
 -5.14921669E+00  5.52988593E+00
 -5.14921669E+00  5.45413966E+00
 -5.14921669E+00  5.37839339E+00
 -5.14921669E+00  5.30264713E+00
 -5.14921669E+00  5.22690086E+00
 -5.14921669E+00  5.15115459E+00
 -5.14921669E+00  5.07540832E+00
 -5.14921669E+00  4.99966205E+00
 -5.14921669E+00  4.92391578E+00
 -5.14921669E+00  4.84816951E+00
 -5.14921669E+00  4.77242324E+00
 -5.14921669E+00  4.69667698E+00
 -5.14921669E+00  4.62093071E+00
 -5.14921669E+00  4.54518444E+00
 -5.14921669E+00  4.46943817E+00
 -5.14921669E+00  4.39369190E+00
 -5.14921669E+00  4.31794563E+00
 -5.14921669E+00  4.24219936E+00
 -5.14921669E+00  4.16645310E+00
 -5.14921669E+00  4.09070683E+00
 -5.14921669E+00  4.01496056E+00
 -5.14921669E+00  3.93921429E+00
 -5.14921669E+00  3.86346802E+00
 -5.14921669E+00  3.78772175E+00
 -5.14921669E+00  3.71197548E+00
 -5.14921669E+00  3.63622922E+00
 -5.14921669E+00  3.56048295E+00
 -5.14921669E+00  3.48473668E+00
 -5.14921669E+00  3.40899041E+00
 -5.14921669E+00  3.33324414E+00
 -5.14921669E+00  3.25749787E+00
 -5.14921669E+00  3.18175160E+00
 -5.14921669E+00  3.10600533E+00
 -5.14921669E+00  3.03025907E+00
 -5.14921669E+00  2.95451280E+00
 -5.14921669E+00  2.87876653E+00
 -5.14921669E+00  2.80302026E+00
 -5.14921669E+00  2.72727399E+00
 -5.14921669E+00  2.65152772E+00
 -5.14921669E+00  2.57578145E+00
 -5.14921669E+00  2.50003519E+00
 -5.14921669E+00  2.42428892E+00
 -5.14921669E+00  2.34854265E+00
 -5.14921669E+00  2.27279638E+00
 -5.14921669E+00  2.19705011E+00
 -5.14921669E+00  2.12130384E+00
 -5.14921669E+00  2.04555757E+00
 -5.14921669E+00  1.96981130E+00
 -5.14921669E+00  1.89406504E+00
 -5.14921669E+00  1.81831877E+00
 -5.14921669E+00  1.74257250E+00
 -5.14921669E+00  1.66682623E+00
 -5.14921669E+00  1.59107996E+00
 -5.14921669E+00  1.51533369E+00
 -5.14921669E+00  1.43958742E+00
 -5.14921669E+00  1.36384116E+00
 -5.14921669E+00  1.28809489E+00
 -5.14921669E+00  1.21234862E+00
 -5.14921669E+00  1.13660235E+00
 -5.14921669E+00  1.06085608E+00
 -5.14921669E+00  9.85109812E-01
 -5.14921669E+00  9.09363543E-01
 -5.14921669E+00  8.33617275E-01
 -5.14921669E+00  7.57871006E-01
 -5.14921669E+00  6.82124737E-01
 -5.14921669E+00  6.06378469E-01
 -5.14921669E+00  5.30632200E-01
 -5.14921669E+00  4.54885931E-01
 -5.14921669E+00  3.79139663E-01
 -5.14921669E+00  3.03393394E-01
 -5.14921669E+00  2.27647125E-01
 -5.14921669E+00  1.51900857E-01
 -5.14921669E+00  7.61545882E-02
 -5.14921669E+00  4.08319512E-04
 -5.14921669E+00 -7.53379491E-02
 -5.14921669E+00 -1.51084218E-01
 -5.14921669E+00 -2.26830486E-01
 -5.14921669E+00 -3.02576755E-01
 -5.14921669E+00 -3.78323024E-01
 -5.14921669E+00 -4.54069292E-01
 -5.14921669E+00 -5.29815561E-01
 -5.14921669E+00 -6.05561830E-01
 -5.14921669E+00 -6.81308098E-01
 -5.14921669E+00 -7.57054367E-01
 -5.14921669E+00 -8.32800636E-01
 -5.14921669E+00 -9.08546904E-01
 -5.14921669E+00 -9.84293173E-01
 -5.14921669E+00 -1.06003944E+00
 -5.14921669E+00 -1.13578571E+00
 -5.14921669E+00 -1.21153198E+00
 -5.14921669E+00 -1.28727825E+00
 -5.14921669E+00 -1.36302452E+00
 -5.14921669E+00 -1.43877078E+00
 -5.14921669E+00 -1.51451705E+00
 -5.14921669E+00 -1.59026332E+00
 -5.14921669E+00 -1.66600959E+00
 -5.14921669E+00 -1.74175586E+00
 -5.14921669E+00 -1.81750213E+00
 -5.14921669E+00 -1.89324840E+00
 -5.14921669E+00 -1.96899467E+00
 -5.14921669E+00 -2.04474093E+00
 -5.14921669E+00 -2.12048720E+00
 -5.14921669E+00 -2.19623347E+00
 -5.14921669E+00 -2.27197974E+00
 -5.14921669E+00 -2.34772601E+00
 -5.14921669E+00 -2.42347228E+00
 -5.14921669E+00 -2.49921855E+00
 -5.14921669E+00 -2.57496481E+00
 -5.14921669E+00 -2.65071108E+00
 -5.14921669E+00 -2.72645735E+00
 -5.14921669E+00 -2.80220362E+00
 -5.14921669E+00 -2.87794989E+00
 -5.14921669E+00 -2.95369616E+00
 -5.14921669E+00 -3.02944243E+00
 -5.14921669E+00 -3.10518870E+00
 -5.14921669E+00 -3.18093496E+00
 -5.14921669E+00 -3.25668123E+00
 -5.14921669E+00 -3.33242750E+00
 -5.14921669E+00 -3.40817377E+00
 -5.14921669E+00 -3.48392004E+00
 -5.14921669E+00 -3.55966631E+00
 -5.14921669E+00 -3.63541258E+00
 -5.14921669E+00 -3.71115884E+00
 -5.14921669E+00 -3.78690511E+00
 -5.14921669E+00 -3.86265138E+00
 -5.14921669E+00 -3.93839765E+00
 -5.14921669E+00 -4.01414392E+00
 -5.14921669E+00 -4.08989019E+00
 -5.14921669E+00 -4.16563646E+00
 -5.14921669E+00 -4.24138273E+00
 -5.14921669E+00 -4.31712899E+00
 -5.14921669E+00 -4.39287526E+00
 -5.14921669E+00 -4.46862153E+00
 -5.14921669E+00 -4.54436780E+00
 -5.14921669E+00 -4.62011407E+00
 -5.14921669E+00 -4.69586034E+00
 -5.14921669E+00 -4.77160661E+00
 -5.14921669E+00 -4.84735287E+00
 -5.14921669E+00 -4.92309914E+00
 -5.14921669E+00 -4.99884541E+00
 -5.14921669E+00 -5.07459168E+00

w:100/ x(   0.3045146E+00) y(   0.1519009E+00) ix(2) iy(2) s(   0.7000E+00)

h: x ny1,0  y2=[y1](1),ic[yellowgreen]
 -1.000000E+00 -1.000000E+00

hb:   line clip z   cb(yellowgreen)
clip:
  7.12935324E-04  0.00000000E+00
  1.49992908E+01  0.00000000E+00
  1.50000000E+01  5.37037005E-05
  1.50000000E+01  7.62935323E-04
  1.50000000E+01  7.61545882E-02
  1.50000000E+01  1.51900857E-01
  1.50000000E+01  2.27647125E-01
  1.50000000E+01  3.03393394E-01
  1.50000000E+01  3.79139663E-01
  1.50000000E+01  4.54885931E-01
  1.50000000E+01  5.30632200E-01
  1.50000000E+01  6.06378469E-01
  1.50000000E+01  6.82124737E-01
  1.50000000E+01  7.57871006E-01
  1.50000000E+01  8.33617275E-01
  1.50000000E+01  9.09363543E-01
  1.50000000E+01  9.85109812E-01
  1.50000000E+01  1.06085608E+00
  1.50000000E+01  1.13660235E+00
  1.50000000E+01  1.21234862E+00
  1.50000000E+01  1.28809489E+00
  1.50000000E+01  1.36384116E+00
  1.50000000E+01  1.43958742E+00
  1.50000000E+01  1.51533369E+00
  1.50000000E+01  1.59107996E+00
  1.50000000E+01  1.66682623E+00
  1.50000000E+01  1.74257250E+00
  1.50000000E+01  1.81831877E+00
  1.50000000E+01  1.89406504E+00
  1.50000000E+01  1.96981130E+00
  1.50000000E+01  2.04555757E+00
  1.50000000E+01  2.12130384E+00
  1.50000000E+01  2.19705011E+00
  1.50000000E+01  2.27279638E+00
  1.50000000E+01  2.34854265E+00
  1.50000000E+01  2.42428892E+00
  1.50000000E+01  2.50003519E+00
  1.50000000E+01  2.57578145E+00
  1.50000000E+01  2.65152772E+00
  1.50000000E+01  2.72727399E+00
  1.50000000E+01  2.80302026E+00
  1.50000000E+01  2.87876653E+00
  1.50000000E+01  2.95451280E+00
  1.50000000E+01  3.03025907E+00
  1.50000000E+01  3.10600533E+00
  1.50000000E+01  3.18175160E+00
  1.50000000E+01  3.25749787E+00
  1.50000000E+01  3.33324414E+00
  1.50000000E+01  3.40899041E+00
  1.50000000E+01  3.48473668E+00
  1.50000000E+01  3.56048295E+00
  1.50000000E+01  3.63622922E+00
  1.50000000E+01  3.71197548E+00
  1.50000000E+01  3.78772175E+00
  1.50000000E+01  3.86346802E+00
  1.50000000E+01  3.93921429E+00
  1.50000000E+01  4.01496056E+00
  1.50000000E+01  4.09070683E+00
  1.50000000E+01  4.16645310E+00
  1.50000000E+01  4.24219936E+00
  1.50000000E+01  4.31794563E+00
  1.50000000E+01  4.39369190E+00
  1.50000000E+01  4.46943817E+00
  1.50000000E+01  4.54518444E+00
  1.50000000E+01  4.62093071E+00
  1.50000000E+01  4.69667698E+00
  1.50000000E+01  4.77242324E+00
  1.50000000E+01  4.84816951E+00
  1.50000000E+01  4.92391578E+00
  1.50000000E+01  4.99966205E+00
  1.49992908E+01  5.00000000E+00
  1.49986149E+01  5.00000000E+00
  1.48477982E+01  5.00000000E+00
  1.48471223E+01  5.00000000E+00
  1.46963057E+01  5.00000000E+00
  1.46956298E+01  5.00000000E+00
  1.45448132E+01  5.00000000E+00
  1.45441373E+01  5.00000000E+00
  1.43933206E+01  5.00000000E+00
  1.43926447E+01  5.00000000E+00
  1.42418281E+01  5.00000000E+00
  1.42411522E+01  5.00000000E+00
  1.40903355E+01  5.00000000E+00
  1.40896596E+01  5.00000000E+00
  1.39388430E+01  5.00000000E+00
  1.39381671E+01  5.00000000E+00
  1.37873505E+01  5.00000000E+00
  1.37866746E+01  5.00000000E+00
  1.36358579E+01  5.00000000E+00
  1.36351820E+01  5.00000000E+00
  1.34843654E+01  5.00000000E+00
  1.34836895E+01  5.00000000E+00
  1.33328729E+01  5.00000000E+00
  1.33321970E+01  5.00000000E+00
  1.31813803E+01  5.00000000E+00
  1.31807044E+01  5.00000000E+00
  1.30298878E+01  5.00000000E+00
  1.30292119E+01  5.00000000E+00
  1.28783952E+01  5.00000000E+00
  1.28777193E+01  5.00000000E+00
  1.27269027E+01  5.00000000E+00
  1.27262268E+01  5.00000000E+00
  1.25754102E+01  5.00000000E+00
  1.25747343E+01  5.00000000E+00
  1.24239176E+01  5.00000000E+00
  1.24232417E+01  5.00000000E+00
  1.22724251E+01  5.00000000E+00
  1.22717492E+01  5.00000000E+00
  1.21209326E+01  5.00000000E+00
  1.21202567E+01  5.00000000E+00
  1.19694400E+01  5.00000000E+00
  1.19687641E+01  5.00000000E+00
  1.18179475E+01  5.00000000E+00
  1.18172716E+01  5.00000000E+00
  1.16664549E+01  5.00000000E+00
  1.16657790E+01  5.00000000E+00
  1.15149624E+01  5.00000000E+00
  1.15142865E+01  5.00000000E+00
  1.13634699E+01  5.00000000E+00
  1.13627940E+01  5.00000000E+00
  1.12119773E+01  5.00000000E+00
  1.12113014E+01  5.00000000E+00
  1.10604848E+01  5.00000000E+00
  1.10598089E+01  5.00000000E+00
  1.09089923E+01  5.00000000E+00
  1.09083164E+01  5.00000000E+00
  1.07574997E+01  5.00000000E+00
  1.07568238E+01  5.00000000E+00
  1.06060072E+01  5.00000000E+00
  1.06053313E+01  5.00000000E+00
  1.04545146E+01  5.00000000E+00
  1.04538388E+01  5.00000000E+00
  1.03030221E+01  5.00000000E+00
  1.03023462E+01  5.00000000E+00
  1.01515296E+01  5.00000000E+00
  1.01508537E+01  5.00000000E+00
  1.00000370E+01  5.00000000E+00
  9.99936114E+00  5.00000000E+00
  9.84854450E+00  5.00000000E+00
  9.84786860E+00  5.00000000E+00
  9.69705196E+00  5.00000000E+00
  9.69637606E+00  5.00000000E+00
  9.54555943E+00  5.00000000E+00
  9.54488353E+00  5.00000000E+00
  9.39406689E+00  5.00000000E+00
  9.39339099E+00  5.00000000E+00
  9.24257435E+00  5.00000000E+00
  9.24189845E+00  5.00000000E+00
  9.09108181E+00  5.00000000E+00
  9.09040591E+00  5.00000000E+00
  8.93958928E+00  5.00000000E+00
  8.93891338E+00  5.00000000E+00
  8.78809674E+00  5.00000000E+00
  8.78742084E+00  5.00000000E+00
  8.63660420E+00  5.00000000E+00
  8.63592830E+00  5.00000000E+00
  8.48511166E+00  5.00000000E+00
  8.48443577E+00  5.00000000E+00
  8.33361913E+00  5.00000000E+00
  8.33294323E+00  5.00000000E+00
  8.18212659E+00  5.00000000E+00
  8.18145069E+00  5.00000000E+00
  8.03063405E+00  5.00000000E+00
  8.02995815E+00  5.00000000E+00
  7.87914151E+00  5.00000000E+00
  7.87846562E+00  5.00000000E+00
  7.72764898E+00  5.00000000E+00
  7.72697308E+00  5.00000000E+00
  7.57615644E+00  5.00000000E+00
  7.57548054E+00  5.00000000E+00
  7.42466390E+00  5.00000000E+00
  7.42398800E+00  5.00000000E+00
  7.27317137E+00  5.00000000E+00
  7.27249547E+00  5.00000000E+00
  7.12167883E+00  5.00000000E+00
  7.12100293E+00  5.00000000E+00
  6.97018629E+00  5.00000000E+00
  6.96951039E+00  5.00000000E+00
  6.81869375E+00  5.00000000E+00
  6.81801786E+00  5.00000000E+00
  6.66720122E+00  5.00000000E+00
  6.66652532E+00  5.00000000E+00
  6.51570868E+00  5.00000000E+00
  6.51503278E+00  5.00000000E+00
  6.36421614E+00  5.00000000E+00
  6.36354024E+00  5.00000000E+00
  6.21272360E+00  5.00000000E+00
  6.21204771E+00  5.00000000E+00
  6.06123107E+00  5.00000000E+00
  6.06055517E+00  5.00000000E+00
  5.90973853E+00  5.00000000E+00
  5.90906263E+00  5.00000000E+00
  5.75824599E+00  5.00000000E+00
  5.75757009E+00  5.00000000E+00
  5.60675345E+00  5.00000000E+00
  5.60607756E+00  5.00000000E+00
  5.45526092E+00  5.00000000E+00
  5.45458502E+00  5.00000000E+00
  5.30376838E+00  5.00000000E+00
  5.30309248E+00  5.00000000E+00
  5.15227584E+00  5.00000000E+00
  5.15159994E+00  5.00000000E+00
  5.00078331E+00  5.00000000E+00
  5.00010741E+00  5.00000000E+00
  4.84929077E+00  5.00000000E+00
  4.84861487E+00  5.00000000E+00
  4.69779823E+00  5.00000000E+00
  4.69712233E+00  5.00000000E+00
  4.54630569E+00  5.00000000E+00
  4.54562980E+00  5.00000000E+00
  4.39481316E+00  5.00000000E+00
  4.39413726E+00  5.00000000E+00
  4.24332062E+00  5.00000000E+00
  4.24264472E+00  5.00000000E+00
  4.09182808E+00  5.00000000E+00
  4.09115218E+00  5.00000000E+00
  3.94033554E+00  5.00000000E+00
  3.93965965E+00  5.00000000E+00
  3.78884301E+00  5.00000000E+00
  3.78816711E+00  5.00000000E+00
  3.63735047E+00  5.00000000E+00
  3.63667457E+00  5.00000000E+00
  3.48585793E+00  5.00000000E+00
  3.48518203E+00  5.00000000E+00
  3.33436540E+00  5.00000000E+00
  3.33368950E+00  5.00000000E+00
  3.18287286E+00  5.00000000E+00
  3.18219696E+00  5.00000000E+00
  3.03138032E+00  5.00000000E+00
  3.03070442E+00  5.00000000E+00
  2.87988778E+00  5.00000000E+00
  2.87921189E+00  5.00000000E+00
  2.72839525E+00  5.00000000E+00
  2.72771935E+00  5.00000000E+00
  2.57690271E+00  5.00000000E+00
  2.57622681E+00  5.00000000E+00
  2.42541017E+00  5.00000000E+00
  2.42473427E+00  5.00000000E+00
  2.27391763E+00  5.00000000E+00
  2.27324174E+00  5.00000000E+00
  2.12242510E+00  5.00000000E+00
  2.12174920E+00  5.00000000E+00
  1.97093256E+00  5.00000000E+00
  1.97025666E+00  5.00000000E+00
  1.81944002E+00  5.00000000E+00
  1.81876412E+00  5.00000000E+00
  1.66794748E+00  5.00000000E+00
  1.66727159E+00  5.00000000E+00
  1.51645495E+00  5.00000000E+00
  1.51577905E+00  5.00000000E+00
  1.36496241E+00  5.00000000E+00
  1.36428651E+00  5.00000000E+00
  1.21346987E+00  5.00000000E+00
  1.21279397E+00  5.00000000E+00
  1.06197734E+00  5.00000000E+00
  1.06130144E+00  5.00000000E+00
  9.10484798E-01  5.00000000E+00
  9.09808900E-01  5.00000000E+00
  7.58992261E-01  5.00000000E+00
  7.58316363E-01  5.00000000E+00
  6.07499724E-01  5.00000000E+00
  6.06823825E-01  5.00000000E+00
  4.56007186E-01  5.00000000E+00
  4.55331288E-01  5.00000000E+00
  3.04514649E-01  5.00000000E+00
  3.03838751E-01  5.00000000E+00
  1.53022112E-01  5.00000000E+00
  1.52346213E-01  5.00000000E+00
  1.52957435E-03  5.00000000E+00
  8.53676058E-04  5.00000000E+00
  0.00000000E+00  4.99966205E+00
  0.00000000E+00  4.99889726E+00
  0.00000000E+00  4.92391578E+00
  0.00000000E+00  4.92315100E+00
  0.00000000E+00  4.84816951E+00
  0.00000000E+00  4.84740473E+00
  0.00000000E+00  4.77242324E+00
  0.00000000E+00  4.77165846E+00
  0.00000000E+00  4.69667698E+00
  0.00000000E+00  4.69591219E+00
  0.00000000E+00  4.62093071E+00
  0.00000000E+00  4.62016592E+00
  0.00000000E+00  4.54518444E+00
  0.00000000E+00  4.54441965E+00
  0.00000000E+00  4.46943817E+00
  0.00000000E+00  4.46867338E+00
  0.00000000E+00  4.39369190E+00
  0.00000000E+00  4.39292711E+00
  0.00000000E+00  4.31794563E+00
  0.00000000E+00  4.31718085E+00
  0.00000000E+00  4.24219936E+00
  0.00000000E+00  4.24143458E+00
  0.00000000E+00  4.16645310E+00
  0.00000000E+00  4.16568831E+00
  0.00000000E+00  4.09070683E+00
  0.00000000E+00  4.08994204E+00
  0.00000000E+00  4.01496056E+00
  0.00000000E+00  4.01419577E+00
  0.00000000E+00  3.93921429E+00
  0.00000000E+00  3.93844950E+00
  0.00000000E+00  3.86346802E+00
  0.00000000E+00  3.86270323E+00
  0.00000000E+00  3.78772175E+00
  0.00000000E+00  3.78695697E+00
  0.00000000E+00  3.71197548E+00
  0.00000000E+00  3.71121070E+00
  0.00000000E+00  3.63622922E+00
  0.00000000E+00  3.63546443E+00
  0.00000000E+00  3.56048295E+00
  0.00000000E+00  3.55971816E+00
  0.00000000E+00  3.48473668E+00
  0.00000000E+00  3.48397189E+00
  0.00000000E+00  3.40899041E+00
  0.00000000E+00  3.40822562E+00
  0.00000000E+00  3.33324414E+00
  0.00000000E+00  3.33247935E+00
  0.00000000E+00  3.25749787E+00
  0.00000000E+00  3.25673308E+00
  0.00000000E+00  3.18175160E+00
  0.00000000E+00  3.18098682E+00
  0.00000000E+00  3.10600533E+00
  0.00000000E+00  3.10524055E+00
  0.00000000E+00  3.03025907E+00
  0.00000000E+00  3.02949428E+00
  0.00000000E+00  2.95451280E+00
  0.00000000E+00  2.95374801E+00
  0.00000000E+00  2.87876653E+00
  0.00000000E+00  2.87800174E+00
  0.00000000E+00  2.80302026E+00
  0.00000000E+00  2.80225547E+00
  0.00000000E+00  2.72727399E+00
  0.00000000E+00  2.72650920E+00
  0.00000000E+00  2.65152772E+00
  0.00000000E+00  2.65076294E+00
  0.00000000E+00  2.57578145E+00
  0.00000000E+00  2.57501667E+00
  0.00000000E+00  2.50003519E+00
  0.00000000E+00  2.49927040E+00
  0.00000000E+00  2.42428892E+00
  0.00000000E+00  2.42352413E+00
  0.00000000E+00  2.34854265E+00
  0.00000000E+00  2.34777786E+00
  0.00000000E+00  2.27279638E+00
  0.00000000E+00  2.27203159E+00
  0.00000000E+00  2.19705011E+00
  0.00000000E+00  2.19628532E+00
  0.00000000E+00  2.12130384E+00
  0.00000000E+00  2.12053905E+00
  0.00000000E+00  2.04555757E+00
  0.00000000E+00  2.04479279E+00
  0.00000000E+00  1.96981130E+00
  0.00000000E+00  1.96904652E+00
  0.00000000E+00  1.89406504E+00
  0.00000000E+00  1.89330025E+00
  0.00000000E+00  1.81831877E+00
  0.00000000E+00  1.81755398E+00
  0.00000000E+00  1.74257250E+00
  0.00000000E+00  1.74180771E+00
  0.00000000E+00  1.66682623E+00
  0.00000000E+00  1.66606144E+00
  0.00000000E+00  1.59107996E+00
  0.00000000E+00  1.59031517E+00
  0.00000000E+00  1.51533369E+00
  0.00000000E+00  1.51456891E+00
  0.00000000E+00  1.43958742E+00
  0.00000000E+00  1.43882264E+00
  0.00000000E+00  1.36384116E+00
  0.00000000E+00  1.36307637E+00
  0.00000000E+00  1.28809489E+00
  0.00000000E+00  1.28733010E+00
  0.00000000E+00  1.21234862E+00
  0.00000000E+00  1.21158383E+00
  0.00000000E+00  1.13660235E+00
  0.00000000E+00  1.13583756E+00
  0.00000000E+00  1.06085608E+00
  0.00000000E+00  1.06009129E+00
  0.00000000E+00  9.85109812E-01
  0.00000000E+00  9.84345025E-01
  0.00000000E+00  9.09363543E-01
  0.00000000E+00  9.08598756E-01
  0.00000000E+00  8.33617275E-01
  0.00000000E+00  8.32852488E-01
  0.00000000E+00  7.57871006E-01
  0.00000000E+00  7.57106219E-01
  0.00000000E+00  6.82124737E-01
  0.00000000E+00  6.81359950E-01
  0.00000000E+00  6.06378469E-01
  0.00000000E+00  6.05613682E-01
  0.00000000E+00  5.30632200E-01
  0.00000000E+00  5.29867413E-01
  0.00000000E+00  4.54885931E-01
  0.00000000E+00  4.54121144E-01
  0.00000000E+00  3.79139663E-01
  0.00000000E+00  3.78374876E-01
  0.00000000E+00  3.03393394E-01
  0.00000000E+00  3.02628607E-01
  0.00000000E+00  2.27647125E-01
  0.00000000E+00  2.26882338E-01
  0.00000000E+00  1.51900857E-01
  0.00000000E+00  1.51136070E-01
  0.00000000E+00  7.61545882E-02
  0.00000000E+00  7.53898010E-02
  0.00000000E+00  4.08319512E-04

w:200/ x(   0.7500000E+01) y(   0.2500000E+01) ix(2) iy(2) s(   0.7000E+00)

hb:   line clip z   cb(lightgray)
clip:
  3.00000000E-01  3.01136070E-01
  3.04514649E-01  3.00000000E-01
  3.11301437E-01  3.00000000E-01
  4.56007186E-01  3.00000000E-01
  4.62793975E-01  3.00000000E-01
  6.07499724E-01  3.00000000E-01
  6.14286512E-01  3.00000000E-01
  7.58992261E-01  3.00000000E-01
  7.65779049E-01  3.00000000E-01
  9.10484798E-01  3.00000000E-01
  9.17271587E-01  3.00000000E-01
  1.06197734E+00  3.00000000E-01
  1.06876412E+00  3.00000000E-01
  1.21346987E+00  3.00000000E-01
  1.22025666E+00  3.00000000E-01
  1.36496241E+00  3.00000000E-01
  1.37174920E+00  3.00000000E-01
  1.51645495E+00  3.00000000E-01
  1.52324174E+00  3.00000000E-01
  1.66794748E+00  3.00000000E-01
  1.67473427E+00  3.00000000E-01
  1.81944002E+00  3.00000000E-01
  1.82622681E+00  3.00000000E-01
  1.97093256E+00  3.00000000E-01
  1.97771935E+00  3.00000000E-01
  2.12242510E+00  3.00000000E-01
  2.12921189E+00  3.00000000E-01
  2.27391763E+00  3.00000000E-01
  2.28070442E+00  3.00000000E-01
  2.42541017E+00  3.00000000E-01
  2.43219696E+00  3.00000000E-01
  2.57690271E+00  3.00000000E-01
  2.58368950E+00  3.00000000E-01
  2.72839525E+00  3.00000000E-01
  2.73518203E+00  3.00000000E-01
  2.87988778E+00  3.00000000E-01
  2.88667457E+00  3.00000000E-01
  3.03138032E+00  3.00000000E-01
  3.03816711E+00  3.00000000E-01
  3.18287286E+00  3.00000000E-01
  3.18965965E+00  3.00000000E-01
  3.33436540E+00  3.00000000E-01
  3.34115218E+00  3.00000000E-01
  3.48585793E+00  3.00000000E-01
  3.49264472E+00  3.00000000E-01
  3.63735047E+00  3.00000000E-01
  3.64413726E+00  3.00000000E-01
  3.78884301E+00  3.00000000E-01
  3.79562980E+00  3.00000000E-01
  3.94033554E+00  3.00000000E-01
  3.94712233E+00  3.00000000E-01
  4.09182808E+00  3.00000000E-01
  4.09861487E+00  3.00000000E-01
  4.24332062E+00  3.00000000E-01
  4.25010741E+00  3.00000000E-01
  4.39481316E+00  3.00000000E-01
  4.40159994E+00  3.00000000E-01
  4.54630569E+00  3.00000000E-01
  4.55309248E+00  3.00000000E-01
  4.69779823E+00  3.00000000E-01
  4.70458502E+00  3.00000000E-01
  4.84929077E+00  3.00000000E-01
  4.85607756E+00  3.00000000E-01
  5.00078331E+00  3.00000000E-01
  5.00757009E+00  3.00000000E-01
  5.15227584E+00  3.00000000E-01
  5.15906263E+00  3.00000000E-01
  5.30376838E+00  3.00000000E-01
  5.31055517E+00  3.00000000E-01
  5.45526092E+00  3.00000000E-01
  5.46204771E+00  3.00000000E-01
  5.60675345E+00  3.00000000E-01
  5.61354024E+00  3.00000000E-01
  5.75824599E+00  3.00000000E-01
  5.76503278E+00  3.00000000E-01
  5.90973853E+00  3.00000000E-01
  5.91652532E+00  3.00000000E-01
  6.06123107E+00  3.00000000E-01
  6.06801786E+00  3.00000000E-01
  6.21272360E+00  3.00000000E-01
  6.21951039E+00  3.00000000E-01
  6.36421614E+00  3.00000000E-01
  6.37100293E+00  3.00000000E-01
  6.51570868E+00  3.00000000E-01
  6.52249547E+00  3.00000000E-01
  6.66720122E+00  3.00000000E-01
  6.67398800E+00  3.00000000E-01
  6.81869375E+00  3.00000000E-01
  6.82548054E+00  3.00000000E-01
  6.97018629E+00  3.00000000E-01
  6.97697308E+00  3.00000000E-01
  7.12167883E+00  3.00000000E-01
  7.12846562E+00  3.00000000E-01
  7.27317137E+00  3.00000000E-01
  7.27995815E+00  3.00000000E-01
  7.42466390E+00  3.00000000E-01
  7.43145069E+00  3.00000000E-01
  7.57615644E+00  3.00000000E-01
  7.58294323E+00  3.00000000E-01
  7.72764898E+00  3.00000000E-01
  7.73443577E+00  3.00000000E-01
  7.87914151E+00  3.00000000E-01
  7.88592830E+00  3.00000000E-01
  8.03063405E+00  3.00000000E-01
  8.03742084E+00  3.00000000E-01
  8.18212659E+00  3.00000000E-01
  8.18891338E+00  3.00000000E-01
  8.33361913E+00  3.00000000E-01
  8.34040591E+00  3.00000000E-01
  8.48511166E+00  3.00000000E-01
  8.49189845E+00  3.00000000E-01
  8.63660420E+00  3.00000000E-01
  8.64339099E+00  3.00000000E-01
  8.78809674E+00  3.00000000E-01
  8.79488353E+00  3.00000000E-01
  8.93958928E+00  3.00000000E-01
  8.94637606E+00  3.00000000E-01
  9.09108181E+00  3.00000000E-01
  9.09786860E+00  3.00000000E-01
  9.24257435E+00  3.00000000E-01
  9.24936114E+00  3.00000000E-01
  9.39406689E+00  3.00000000E-01
  9.40085368E+00  3.00000000E-01
  9.54555943E+00  3.00000000E-01
  9.55234621E+00  3.00000000E-01
  9.69705196E+00  3.00000000E-01
  9.70383875E+00  3.00000000E-01
  9.84854450E+00  3.00000000E-01
  9.85533129E+00  3.00000000E-01
  1.00000370E+01  3.00000000E-01
  1.00068238E+01  3.00000000E-01
  1.01515296E+01  3.00000000E-01
  1.01583164E+01  3.00000000E-01
  1.03030221E+01  3.00000000E-01
  1.03098089E+01  3.00000000E-01
  1.04545146E+01  3.00000000E-01
  1.04613014E+01  3.00000000E-01
  1.06060072E+01  3.00000000E-01
  1.06127940E+01  3.00000000E-01
  1.07574997E+01  3.00000000E-01
  1.07642865E+01  3.00000000E-01
  1.09089923E+01  3.00000000E-01
  1.09157790E+01  3.00000000E-01
  1.10604848E+01  3.00000000E-01
  1.10672716E+01  3.00000000E-01
  1.12119773E+01  3.00000000E-01
  1.12187641E+01  3.00000000E-01
  1.13634699E+01  3.00000000E-01
  1.13702567E+01  3.00000000E-01
  1.15149624E+01  3.00000000E-01
  1.15217492E+01  3.00000000E-01
  1.16664549E+01  3.00000000E-01
  1.16732417E+01  3.00000000E-01
  1.18179475E+01  3.00000000E-01
  1.18247343E+01  3.00000000E-01
  1.19694400E+01  3.00000000E-01
  1.19762268E+01  3.00000000E-01
  1.21209326E+01  3.00000000E-01
  1.21277193E+01  3.00000000E-01
  1.22724251E+01  3.00000000E-01
  1.22792119E+01  3.00000000E-01
  1.24239176E+01  3.00000000E-01
  1.24307044E+01  3.00000000E-01
  1.25754102E+01  3.00000000E-01
  1.25821970E+01  3.00000000E-01
  1.27269027E+01  3.00000000E-01
  1.27336895E+01  3.00000000E-01
  1.28783952E+01  3.00000000E-01
  1.28851820E+01  3.00000000E-01
  1.30298878E+01  3.00000000E-01
  1.30366746E+01  3.00000000E-01
  1.31813803E+01  3.00000000E-01
  1.31881671E+01  3.00000000E-01
  1.33328729E+01  3.00000000E-01
  1.33396596E+01  3.00000000E-01
  1.34843654E+01  3.00000000E-01
  1.34911522E+01  3.00000000E-01
  1.36358579E+01  3.00000000E-01
  1.36426447E+01  3.00000000E-01
  1.37873505E+01  3.00000000E-01
  1.37941373E+01  3.00000000E-01
  1.39388430E+01  3.00000000E-01
  1.39456298E+01  3.00000000E-01
  1.40903355E+01  3.00000000E-01
  1.40971223E+01  3.00000000E-01
  1.42418281E+01  3.00000000E-01
  1.42486149E+01  3.00000000E-01
  1.43933206E+01  3.00000000E-01
  1.44001074E+01  3.00000000E-01
  1.45448132E+01  3.00000000E-01
  1.45515999E+01  3.00000000E-01
  1.46963057E+01  3.00000000E-01
  1.47000000E+01  3.01546241E-01
  1.47000000E+01  3.03393394E-01
  1.47000000E+01  3.05240547E-01
  1.47000000E+01  3.79139663E-01
  1.47000000E+01  3.80986816E-01
  1.47000000E+01  4.54885931E-01
  1.47000000E+01  4.56733085E-01
  1.47000000E+01  5.30632200E-01
  1.47000000E+01  5.32479353E-01
  1.47000000E+01  6.06378469E-01
  1.47000000E+01  6.08225622E-01
  1.47000000E+01  6.82124737E-01
  1.47000000E+01  6.83971891E-01
  1.47000000E+01  7.57871006E-01
  1.47000000E+01  7.59718159E-01
  1.47000000E+01  8.33617275E-01
  1.47000000E+01  8.35464428E-01
  1.47000000E+01  9.09363543E-01
  1.47000000E+01  9.11210697E-01
  1.47000000E+01  9.85109812E-01
  1.47000000E+01  9.86956965E-01
  1.47000000E+01  1.06085608E+00
  1.47000000E+01  1.06270323E+00
  1.47000000E+01  1.13660235E+00
  1.47000000E+01  1.13844950E+00
  1.47000000E+01  1.21234862E+00
  1.47000000E+01  1.21419577E+00
  1.47000000E+01  1.28809489E+00
  1.47000000E+01  1.28994204E+00
  1.47000000E+01  1.36384116E+00
  1.47000000E+01  1.36568831E+00
  1.47000000E+01  1.43958742E+00
  1.47000000E+01  1.44143458E+00
  1.47000000E+01  1.51533369E+00
  1.47000000E+01  1.51718085E+00
  1.47000000E+01  1.59107996E+00
  1.47000000E+01  1.59292711E+00
  1.47000000E+01  1.66682623E+00
  1.47000000E+01  1.66867338E+00
  1.47000000E+01  1.74257250E+00
  1.47000000E+01  1.74441965E+00
  1.47000000E+01  1.81831877E+00
  1.47000000E+01  1.82016592E+00
  1.47000000E+01  1.89406504E+00
  1.47000000E+01  1.89591219E+00
  1.47000000E+01  1.96981130E+00
  1.47000000E+01  1.97165846E+00
  1.47000000E+01  2.04555757E+00
  1.47000000E+01  2.04740473E+00
  1.47000000E+01  2.12130384E+00
  1.47000000E+01  2.12315100E+00
  1.47000000E+01  2.19705011E+00
  1.47000000E+01  2.19889726E+00
  1.47000000E+01  2.27279638E+00
  1.47000000E+01  2.27464353E+00
  1.47000000E+01  2.34854265E+00
  1.47000000E+01  2.35038980E+00
  1.47000000E+01  2.42428892E+00
  1.47000000E+01  2.42613607E+00
  1.47000000E+01  2.50003519E+00
  1.47000000E+01  2.50188234E+00
  1.47000000E+01  2.57578145E+00
  1.47000000E+01  2.57762861E+00
  1.47000000E+01  2.65152772E+00
  1.47000000E+01  2.65337488E+00
  1.47000000E+01  2.72727399E+00
  1.47000000E+01  2.72912114E+00
  1.47000000E+01  2.80302026E+00
  1.47000000E+01  2.80486741E+00
  1.47000000E+01  2.87876653E+00
  1.47000000E+01  2.88061368E+00
  1.47000000E+01  2.95451280E+00
  1.47000000E+01  2.95635995E+00
  1.47000000E+01  3.03025907E+00
  1.47000000E+01  3.03210622E+00
  1.47000000E+01  3.10600533E+00
  1.47000000E+01  3.10785249E+00
  1.47000000E+01  3.18175160E+00
  1.47000000E+01  3.18359876E+00
  1.47000000E+01  3.25749787E+00
  1.47000000E+01  3.25934502E+00
  1.47000000E+01  3.33324414E+00
  1.47000000E+01  3.33509129E+00
  1.47000000E+01  3.40899041E+00
  1.47000000E+01  3.41083756E+00
  1.47000000E+01  3.48473668E+00
  1.47000000E+01  3.48658383E+00
  1.47000000E+01  3.56048295E+00
  1.47000000E+01  3.56233010E+00
  1.47000000E+01  3.63622922E+00
  1.47000000E+01  3.63807637E+00
  1.47000000E+01  3.71197548E+00
  1.47000000E+01  3.71382264E+00
  1.47000000E+01  3.78772175E+00
  1.47000000E+01  3.78956891E+00
  1.47000000E+01  3.86346802E+00
  1.47000000E+01  3.86531517E+00
  1.47000000E+01  3.93921429E+00
  1.47000000E+01  3.94106144E+00
  1.47000000E+01  4.01496056E+00
  1.47000000E+01  4.01680771E+00
  1.47000000E+01  4.09070683E+00
  1.47000000E+01  4.09255398E+00
  1.47000000E+01  4.16645310E+00
  1.47000000E+01  4.16830025E+00
  1.47000000E+01  4.24219936E+00
  1.47000000E+01  4.24404652E+00
  1.47000000E+01  4.31794563E+00
  1.47000000E+01  4.31979279E+00
  1.47000000E+01  4.39369190E+00
  1.47000000E+01  4.39553905E+00
  1.47000000E+01  4.46943817E+00
  1.47000000E+01  4.47128532E+00
  1.47000000E+01  4.54518444E+00
  1.47000000E+01  4.54703159E+00
  1.47000000E+01  4.62093071E+00
  1.47000000E+01  4.62277786E+00
  1.47000000E+01  4.69667698E+00
  1.47000000E+01  4.69852413E+00
  1.46963057E+01  4.70000000E+00
  1.46896596E+01  4.70000000E+00
  1.45448132E+01  4.70000000E+00
  1.45381671E+01  4.70000000E+00
  1.43933206E+01  4.70000000E+00
  1.43866746E+01  4.70000000E+00
  1.42418281E+01  4.70000000E+00
  1.42351820E+01  4.70000000E+00
  1.40903355E+01  4.70000000E+00
  1.40836895E+01  4.70000000E+00
  1.39388430E+01  4.70000000E+00
  1.39321970E+01  4.70000000E+00
  1.37873505E+01  4.70000000E+00
  1.37807044E+01  4.70000000E+00
  1.36358579E+01  4.70000000E+00
  1.36292119E+01  4.70000000E+00
  1.34843654E+01  4.70000000E+00
  1.34777193E+01  4.70000000E+00
  1.33328729E+01  4.70000000E+00
  1.33262268E+01  4.70000000E+00
  1.31813803E+01  4.70000000E+00
  1.31747343E+01  4.70000000E+00
  1.30298878E+01  4.70000000E+00
  1.30232417E+01  4.70000000E+00
  1.28783952E+01  4.70000000E+00
  1.28717492E+01  4.70000000E+00
  1.27269027E+01  4.70000000E+00
  1.27202567E+01  4.70000000E+00
  1.25754102E+01  4.70000000E+00
  1.25687641E+01  4.70000000E+00
  1.24239176E+01  4.70000000E+00
  1.24172716E+01  4.70000000E+00
  1.22724251E+01  4.70000000E+00
  1.22657790E+01  4.70000000E+00
  1.21209326E+01  4.70000000E+00
  1.21142865E+01  4.70000000E+00
  1.19694400E+01  4.70000000E+00
  1.19627940E+01  4.70000000E+00
  1.18179475E+01  4.70000000E+00
  1.18113014E+01  4.70000000E+00
  1.16664549E+01  4.70000000E+00
  1.16598089E+01  4.70000000E+00
  1.15149624E+01  4.70000000E+00
  1.15083164E+01  4.70000000E+00
  1.13634699E+01  4.70000000E+00
  1.13568238E+01  4.70000000E+00
  1.12119773E+01  4.70000000E+00
  1.12053313E+01  4.70000000E+00
  1.10604848E+01  4.70000000E+00
  1.10538388E+01  4.70000000E+00
  1.09089923E+01  4.70000000E+00
  1.09023462E+01  4.70000000E+00
  1.07574997E+01  4.70000000E+00
  1.07508537E+01  4.70000000E+00
  1.06060072E+01  4.70000000E+00
  1.05993611E+01  4.70000000E+00
  1.04545146E+01  4.70000000E+00
  1.04478686E+01  4.70000000E+00
  1.03030221E+01  4.70000000E+00
  1.02963761E+01  4.70000000E+00
  1.01515296E+01  4.70000000E+00
  1.01448835E+01  4.70000000E+00
  1.00000370E+01  4.70000000E+00
  9.99339099E+00  4.70000000E+00
  9.84854450E+00  4.70000000E+00
  9.84189845E+00  4.70000000E+00
  9.69705196E+00  4.70000000E+00
  9.69040591E+00  4.70000000E+00
  9.54555943E+00  4.70000000E+00
  9.53891338E+00  4.70000000E+00
  9.39406689E+00  4.70000000E+00
  9.38742084E+00  4.70000000E+00
  9.24257435E+00  4.70000000E+00
  9.23592830E+00  4.70000000E+00
  9.09108181E+00  4.70000000E+00
  9.08443577E+00  4.70000000E+00
  8.93958928E+00  4.70000000E+00
  8.93294323E+00  4.70000000E+00
  8.78809674E+00  4.70000000E+00
  8.78145069E+00  4.70000000E+00
  8.63660420E+00  4.70000000E+00
  8.62995815E+00  4.70000000E+00
  8.48511166E+00  4.70000000E+00
  8.47846562E+00  4.70000000E+00
  8.33361913E+00  4.70000000E+00
  8.32697308E+00  4.70000000E+00
  8.18212659E+00  4.70000000E+00
  8.17548054E+00  4.70000000E+00
  8.03063405E+00  4.70000000E+00
  8.02398800E+00  4.70000000E+00
  7.87914151E+00  4.70000000E+00
  7.87249547E+00  4.70000000E+00
  7.72764898E+00  4.70000000E+00
  7.72100293E+00  4.70000000E+00
  7.57615644E+00  4.70000000E+00
  7.56951039E+00  4.70000000E+00
  7.42466390E+00  4.70000000E+00
  7.41801786E+00  4.70000000E+00
  7.27317137E+00  4.70000000E+00
  7.26652532E+00  4.70000000E+00
  7.12167883E+00  4.70000000E+00
  7.11503278E+00  4.70000000E+00
  6.97018629E+00  4.70000000E+00
  6.96354024E+00  4.70000000E+00
  6.81869375E+00  4.70000000E+00
  6.81204771E+00  4.70000000E+00
  6.66720122E+00  4.70000000E+00
  6.66055517E+00  4.70000000E+00
  6.51570868E+00  4.70000000E+00
  6.50906263E+00  4.70000000E+00
  6.36421614E+00  4.70000000E+00
  6.35757009E+00  4.70000000E+00
  6.21272360E+00  4.70000000E+00
  6.20607756E+00  4.70000000E+00
  6.06123107E+00  4.70000000E+00
  6.05458502E+00  4.70000000E+00
  5.90973853E+00  4.70000000E+00
  5.90309248E+00  4.70000000E+00
  5.75824599E+00  4.70000000E+00
  5.75159994E+00  4.70000000E+00
  5.60675345E+00  4.70000000E+00
  5.60010741E+00  4.70000000E+00
  5.45526092E+00  4.70000000E+00
  5.44861487E+00  4.70000000E+00
  5.30376838E+00  4.70000000E+00
  5.29712233E+00  4.70000000E+00
  5.15227584E+00  4.70000000E+00
  5.14562980E+00  4.70000000E+00
  5.00078331E+00  4.70000000E+00
  4.99413726E+00  4.70000000E+00
  4.84929077E+00  4.70000000E+00
  4.84264472E+00  4.70000000E+00
  4.69779823E+00  4.70000000E+00
  4.69115218E+00  4.70000000E+00
  4.54630569E+00  4.70000000E+00
  4.53965965E+00  4.70000000E+00
  4.39481316E+00  4.70000000E+00
  4.38816711E+00  4.70000000E+00
  4.24332062E+00  4.70000000E+00
  4.23667457E+00  4.70000000E+00
  4.09182808E+00  4.70000000E+00
  4.08518203E+00  4.70000000E+00
  3.94033554E+00  4.70000000E+00
  3.93368950E+00  4.70000000E+00
  3.78884301E+00  4.70000000E+00
  3.78219696E+00  4.70000000E+00
  3.63735047E+00  4.70000000E+00
  3.63070442E+00  4.70000000E+00
  3.48585793E+00  4.70000000E+00
  3.47921189E+00  4.70000000E+00
  3.33436540E+00  4.70000000E+00
  3.32771935E+00  4.70000000E+00
  3.18287286E+00  4.70000000E+00
  3.17622681E+00  4.70000000E+00
  3.03138032E+00  4.70000000E+00
  3.02473427E+00  4.70000000E+00
  2.87988778E+00  4.70000000E+00
  2.87324174E+00  4.70000000E+00
  2.72839525E+00  4.70000000E+00
  2.72174920E+00  4.70000000E+00
  2.57690271E+00  4.70000000E+00
  2.57025666E+00  4.70000000E+00
  2.42541017E+00  4.70000000E+00
  2.41876412E+00  4.70000000E+00
  2.27391763E+00  4.70000000E+00
  2.26727159E+00  4.70000000E+00
  2.12242510E+00  4.70000000E+00
  2.11577905E+00  4.70000000E+00
  1.97093256E+00  4.70000000E+00
  1.96428651E+00  4.70000000E+00
  1.81944002E+00  4.70000000E+00
  1.81279397E+00  4.70000000E+00
  1.66794748E+00  4.70000000E+00
  1.66130144E+00  4.70000000E+00
  1.51645495E+00  4.70000000E+00
  1.50980890E+00  4.70000000E+00
  1.36496241E+00  4.70000000E+00
  1.35831636E+00  4.70000000E+00
  1.21346987E+00  4.70000000E+00
  1.20682383E+00  4.70000000E+00
  1.06197734E+00  4.70000000E+00
  1.05533129E+00  4.70000000E+00
  9.10484798E-01  4.70000000E+00
  9.03838751E-01  4.70000000E+00
  7.58992261E-01  4.70000000E+00
  7.52346213E-01  4.70000000E+00
  6.07499724E-01  4.70000000E+00
  6.00853676E-01  4.70000000E+00
  4.56007186E-01  4.70000000E+00
  4.49361139E-01  4.70000000E+00
  3.04514649E-01  4.70000000E+00
  3.00000000E-01  4.69893430E+00
  3.00000000E-01  4.69667698E+00
  3.00000000E-01  4.69441965E+00
  3.00000000E-01  4.62093071E+00
  3.00000000E-01  4.61867338E+00
  3.00000000E-01  4.54518444E+00
  3.00000000E-01  4.54292711E+00
  3.00000000E-01  4.46943817E+00
  3.00000000E-01  4.46718085E+00
  3.00000000E-01  4.39369190E+00
  3.00000000E-01  4.39143458E+00
  3.00000000E-01  4.31794563E+00
  3.00000000E-01  4.31568831E+00
  3.00000000E-01  4.24219936E+00
  3.00000000E-01  4.23994204E+00
  3.00000000E-01  4.16645310E+00
  3.00000000E-01  4.16419577E+00
  3.00000000E-01  4.09070683E+00
  3.00000000E-01  4.08844950E+00
  3.00000000E-01  4.01496056E+00
  3.00000000E-01  4.01270323E+00
  3.00000000E-01  3.93921429E+00
  3.00000000E-01  3.93695697E+00
  3.00000000E-01  3.86346802E+00
  3.00000000E-01  3.86121070E+00
  3.00000000E-01  3.78772175E+00
  3.00000000E-01  3.78546443E+00
  3.00000000E-01  3.71197548E+00
  3.00000000E-01  3.70971816E+00
  3.00000000E-01  3.63622922E+00
  3.00000000E-01  3.63397189E+00
  3.00000000E-01  3.56048295E+00
  3.00000000E-01  3.55822562E+00
  3.00000000E-01  3.48473668E+00
  3.00000000E-01  3.48247935E+00
  3.00000000E-01  3.40899041E+00
  3.00000000E-01  3.40673308E+00
  3.00000000E-01  3.33324414E+00
  3.00000000E-01  3.33098682E+00
  3.00000000E-01  3.25749787E+00
  3.00000000E-01  3.25524055E+00
  3.00000000E-01  3.18175160E+00
  3.00000000E-01  3.17949428E+00
  3.00000000E-01  3.10600533E+00
  3.00000000E-01  3.10374801E+00
  3.00000000E-01  3.03025907E+00
  3.00000000E-01  3.02800174E+00
  3.00000000E-01  2.95451280E+00
  3.00000000E-01  2.95225547E+00
  3.00000000E-01  2.87876653E+00
  3.00000000E-01  2.87650920E+00
  3.00000000E-01  2.80302026E+00
  3.00000000E-01  2.80076294E+00
  3.00000000E-01  2.72727399E+00
  3.00000000E-01  2.72501667E+00
  3.00000000E-01  2.65152772E+00
  3.00000000E-01  2.64927040E+00
  3.00000000E-01  2.57578145E+00
  3.00000000E-01  2.57352413E+00
  3.00000000E-01  2.50003519E+00
  3.00000000E-01  2.49777786E+00
  3.00000000E-01  2.42428892E+00
  3.00000000E-01  2.42203159E+00
  3.00000000E-01  2.34854265E+00
  3.00000000E-01  2.34628532E+00
  3.00000000E-01  2.27279638E+00
  3.00000000E-01  2.27053905E+00
  3.00000000E-01  2.19705011E+00
  3.00000000E-01  2.19479279E+00
  3.00000000E-01  2.12130384E+00
  3.00000000E-01  2.11904652E+00
  3.00000000E-01  2.04555757E+00
  3.00000000E-01  2.04330025E+00
  3.00000000E-01  1.96981130E+00
  3.00000000E-01  1.96755398E+00
  3.00000000E-01  1.89406504E+00
  3.00000000E-01  1.89180771E+00
  3.00000000E-01  1.81831877E+00
  3.00000000E-01  1.81606144E+00
  3.00000000E-01  1.74257250E+00
  3.00000000E-01  1.74031517E+00
  3.00000000E-01  1.66682623E+00
  3.00000000E-01  1.66456891E+00
  3.00000000E-01  1.59107996E+00
  3.00000000E-01  1.58882264E+00
  3.00000000E-01  1.51533369E+00
  3.00000000E-01  1.51307637E+00
  3.00000000E-01  1.43958742E+00
  3.00000000E-01  1.43733010E+00
  3.00000000E-01  1.36384116E+00
  3.00000000E-01  1.36158383E+00
  3.00000000E-01  1.28809489E+00
  3.00000000E-01  1.28583756E+00
  3.00000000E-01  1.21234862E+00
  3.00000000E-01  1.21009129E+00
  3.00000000E-01  1.13660235E+00
  3.00000000E-01  1.13434502E+00
  3.00000000E-01  1.06085608E+00
  3.00000000E-01  1.05859876E+00
  3.00000000E-01  9.85109812E-01
  3.00000000E-01  9.82852488E-01
  3.00000000E-01  9.09363543E-01
  3.00000000E-01  9.07106219E-01
  3.00000000E-01  8.33617275E-01
  3.00000000E-01  8.31359950E-01
  3.00000000E-01  7.57871006E-01
  3.00000000E-01  7.55613682E-01
  3.00000000E-01  6.82124737E-01
  3.00000000E-01  6.79867413E-01
  3.00000000E-01  6.06378469E-01
  3.00000000E-01  6.04121144E-01
  3.00000000E-01  5.30632200E-01
  3.00000000E-01  5.28374876E-01
  3.00000000E-01  4.54885931E-01
  3.00000000E-01  4.52628607E-01
  3.00000000E-01  3.79139663E-01
  3.00000000E-01  3.76882338E-01
  3.00000000E-01  3.03393394E-01

w:300/ x(   0.1750000E+02) y(   0.2500000E+01) ix(2) iy(2) s(   0.7000E+00)

hb:   line clip z   cb(yellowgreen)
clip:
  1.50895189E+01  5.00000000E-01
  1.99985445E+01  5.00000000E-01
  2.00000000E+01  5.29904450E-01
  2.00000000E+01  5.30632200E-01
  2.00000000E+01  5.31359950E-01
  2.00000000E+01  6.06378469E-01
  2.00000000E+01  6.07106219E-01
  2.00000000E+01  6.82124737E-01
  2.00000000E+01  6.82852488E-01
  2.00000000E+01  7.57871006E-01
  2.00000000E+01  7.58598756E-01
  2.00000000E+01  8.33617275E-01
  2.00000000E+01  8.34345025E-01
  2.00000000E+01  9.09363543E-01
  2.00000000E+01  9.10091294E-01
  2.00000000E+01  9.85109812E-01
  2.00000000E+01  9.85837562E-01
  2.00000000E+01  1.06085608E+00
  2.00000000E+01  1.06158383E+00
  2.00000000E+01  1.13660235E+00
  2.00000000E+01  1.13733010E+00
  2.00000000E+01  1.21234862E+00
  2.00000000E+01  1.21307637E+00
  2.00000000E+01  1.28809489E+00
  2.00000000E+01  1.28882264E+00
  2.00000000E+01  1.36384116E+00
  2.00000000E+01  1.36456891E+00
  2.00000000E+01  1.43958742E+00
  2.00000000E+01  1.44031517E+00
  2.00000000E+01  1.51533369E+00
  2.00000000E+01  1.51606144E+00
  2.00000000E+01  1.59107996E+00
  2.00000000E+01  1.59180771E+00
  2.00000000E+01  1.66682623E+00
  2.00000000E+01  1.66755398E+00
  2.00000000E+01  1.74257250E+00
  2.00000000E+01  1.74330025E+00
  2.00000000E+01  1.81831877E+00
  2.00000000E+01  1.81904652E+00
  2.00000000E+01  1.89406504E+00
  2.00000000E+01  1.89479279E+00
  2.00000000E+01  1.96981130E+00
  2.00000000E+01  1.97053905E+00
  2.00000000E+01  2.04555757E+00
  2.00000000E+01  2.04628532E+00
  2.00000000E+01  2.12130384E+00
  2.00000000E+01  2.12203159E+00
  2.00000000E+01  2.19705011E+00
  2.00000000E+01  2.19777786E+00
  2.00000000E+01  2.27279638E+00
  2.00000000E+01  2.27352413E+00
  2.00000000E+01  2.34854265E+00
  2.00000000E+01  2.34927040E+00
  2.00000000E+01  2.42428892E+00
  2.00000000E+01  2.42501667E+00
  2.00000000E+01  2.50003519E+00
  2.00000000E+01  2.50076294E+00
  2.00000000E+01  2.57578145E+00
  2.00000000E+01  2.57650920E+00
  2.00000000E+01  2.65152772E+00
  2.00000000E+01  2.65225547E+00
  2.00000000E+01  2.72727399E+00
  2.00000000E+01  2.72800174E+00
  2.00000000E+01  2.80302026E+00
  2.00000000E+01  2.80374801E+00
  2.00000000E+01  2.87876653E+00
  2.00000000E+01  2.87949428E+00
  2.00000000E+01  2.95451280E+00
  2.00000000E+01  2.95524055E+00
  2.00000000E+01  3.03025907E+00
  2.00000000E+01  3.03098682E+00
  2.00000000E+01  3.10600533E+00
  2.00000000E+01  3.10673308E+00
  2.00000000E+01  3.18175160E+00
  2.00000000E+01  3.18247935E+00
  2.00000000E+01  3.25749787E+00
  2.00000000E+01  3.25822562E+00
  2.00000000E+01  3.33324414E+00
  2.00000000E+01  3.33397189E+00
  2.00000000E+01  3.40899041E+00
  2.00000000E+01  3.40971816E+00
  2.00000000E+01  3.48473668E+00
  2.00000000E+01  3.48546443E+00
  2.00000000E+01  3.56048295E+00
  2.00000000E+01  3.56121070E+00
  2.00000000E+01  3.63622922E+00
  2.00000000E+01  3.63695697E+00
  2.00000000E+01  3.71197548E+00
  2.00000000E+01  3.71270323E+00
  2.00000000E+01  3.78772175E+00
  2.00000000E+01  3.78844950E+00
  2.00000000E+01  3.86346802E+00
  2.00000000E+01  3.86419577E+00
  2.00000000E+01  3.93921429E+00
  2.00000000E+01  3.93994204E+00
  2.00000000E+01  4.01496056E+00
  2.00000000E+01  4.01568831E+00
  2.00000000E+01  4.09070683E+00
  2.00000000E+01  4.09143458E+00
  2.00000000E+01  4.16645310E+00
  2.00000000E+01  4.16718085E+00
  2.00000000E+01  4.24219936E+00
  2.00000000E+01  4.24292711E+00
  2.00000000E+01  4.31794563E+00
  2.00000000E+01  4.31867338E+00
  2.00000000E+01  4.39369190E+00
  2.00000000E+01  4.39441965E+00
  2.00000000E+01  4.46943817E+00
  2.00000000E+01  4.47016592E+00
  1.99985445E+01  4.50000000E+00
  1.99374208E+01  4.50000000E+00
  1.98470520E+01  4.50000000E+00
  1.97859283E+01  4.50000000E+00
  1.96955594E+01  4.50000000E+00
  1.96344358E+01  4.50000000E+00
  1.95440669E+01  4.50000000E+00
  1.94829432E+01  4.50000000E+00
  1.93925744E+01  4.50000000E+00
  1.93314507E+01  4.50000000E+00
  1.92410818E+01  4.50000000E+00
  1.91799582E+01  4.50000000E+00
  1.90895893E+01  4.50000000E+00
  1.90284656E+01  4.50000000E+00
  1.89380967E+01  4.50000000E+00
  1.88769731E+01  4.50000000E+00
  1.87866042E+01  4.50000000E+00
  1.87254805E+01  4.50000000E+00
  1.86351117E+01  4.50000000E+00
  1.85739880E+01  4.50000000E+00
  1.84836191E+01  4.50000000E+00
  1.84224955E+01  4.50000000E+00
  1.83321266E+01  4.50000000E+00
  1.82710029E+01  4.50000000E+00
  1.81806341E+01  4.50000000E+00
  1.81195104E+01  4.50000000E+00
  1.80291415E+01  4.50000000E+00
  1.79680179E+01  4.50000000E+00
  1.78776490E+01  4.50000000E+00
  1.78165253E+01  4.50000000E+00
  1.77261564E+01  4.50000000E+00
  1.76650328E+01  4.50000000E+00
  1.75746639E+01  4.50000000E+00
  1.75135402E+01  4.50000000E+00
  1.74231714E+01  4.50000000E+00
  1.73620477E+01  4.50000000E+00
  1.72716788E+01  4.50000000E+00
  1.72105552E+01  4.50000000E+00
  1.71201863E+01  4.50000000E+00
  1.70590626E+01  4.50000000E+00
  1.69686938E+01  4.50000000E+00
  1.69075701E+01  4.50000000E+00
  1.68172012E+01  4.50000000E+00
  1.67560776E+01  4.50000000E+00
  1.66657087E+01  4.50000000E+00
  1.66045850E+01  4.50000000E+00
  1.65142161E+01  4.50000000E+00
  1.64530925E+01  4.50000000E+00
  1.63627236E+01  4.50000000E+00
  1.63015999E+01  4.50000000E+00
  1.62112311E+01  4.50000000E+00
  1.61501074E+01  4.50000000E+00
  1.60597385E+01  4.50000000E+00
  1.59986149E+01  4.50000000E+00
  1.59082460E+01  4.50000000E+00
  1.58471223E+01  4.50000000E+00
  1.57567535E+01  4.50000000E+00
  1.56956298E+01  4.50000000E+00
  1.56052609E+01  4.50000000E+00
  1.55441373E+01  4.50000000E+00
  1.54537684E+01  4.50000000E+00
  1.53926447E+01  4.50000000E+00
  1.53022758E+01  4.50000000E+00
  1.52411522E+01  4.50000000E+00
  1.51507833E+01  4.50000000E+00
  1.50896596E+01  4.50000000E+00
  1.50000000E+01  4.46943817E+00
  1.50000000E+01  4.39404652E+00
  1.50000000E+01  4.31830025E+00
  1.50000000E+01  4.24255398E+00
  1.50000000E+01  4.16680771E+00
  1.50000000E+01  4.09106144E+00
  1.50000000E+01  4.01531517E+00
  1.50000000E+01  3.93956891E+00
  1.50000000E+01  3.86382264E+00
  1.50000000E+01  3.78807637E+00
  1.50000000E+01  3.71233010E+00
  1.50000000E+01  3.63658383E+00
  1.50000000E+01  3.56083756E+00
  1.50000000E+01  3.48509129E+00
  1.50000000E+01  3.40934502E+00
  1.50000000E+01  3.33359876E+00
  1.50000000E+01  3.25785249E+00
  1.50000000E+01  3.18210622E+00
  1.50000000E+01  3.10635995E+00
  1.50000000E+01  3.03061368E+00
  1.50000000E+01  2.95486741E+00
  1.50000000E+01  2.87912114E+00
  1.50000000E+01  2.80337488E+00
  1.50000000E+01  2.72762861E+00
  1.50000000E+01  2.65188234E+00
  1.50000000E+01  2.57613607E+00
  1.50000000E+01  2.50038980E+00
  1.50000000E+01  2.42464353E+00
  1.50000000E+01  2.34889726E+00
  1.50000000E+01  2.27315100E+00
  1.50000000E+01  2.19740473E+00
  1.50000000E+01  2.12165846E+00
  1.50000000E+01  2.04591219E+00
  1.50000000E+01  1.97016592E+00
  1.50000000E+01  1.89441965E+00
  1.50000000E+01  1.81867338E+00
  1.50000000E+01  1.74292711E+00
  1.50000000E+01  1.66718085E+00
  1.50000000E+01  1.59143458E+00
  1.50000000E+01  1.51568831E+00
  1.50000000E+01  1.43994204E+00
  1.50000000E+01  1.36419577E+00
  1.50000000E+01  1.28844950E+00
  1.50000000E+01  1.21270323E+00
  1.50000000E+01  1.13695697E+00
  1.50000000E+01  1.06121070E+00
  1.50000000E+01  9.85464428E-01
  1.50000000E+01  9.09718159E-01
  1.50000000E+01  8.33971891E-01
  1.50000000E+01  7.58225622E-01
  1.50000000E+01  6.82479353E-01
  1.50000000E+01  6.06733085E-01
  1.50000000E+01  5.30986816E-01

wt: s[c5]
\vspace{-3}
  emin  &=&   0.0000E+00 [MeV]
  emax  &=&   1.0000E+03 [MeV]
  zmin  &=&   2.0000E+00 [cm]
  zmax  &=&   3.0000E+00 [cm]
  part. &=& all     
e:
 
# Information for Restart Calculation
# This calculation was newly started
# istdev =  2 # 1:Batch variance, 2:History variance
# resc2  = 0.00000000000000000E+00 # Total source weight or Total source weight / maxcas
# resc3  = 0.00000000000000000E+00 # Total history number or Total batch number
# maxcas =          50 # History / Batch, only used for istdev=1
# bitrseed = 0000000000000000000000000000000000000000000000000000000000000000 # bit data of rseed
