[ T-Track ]
    title = [t-track] in xyz mesh
     mesh =  xyz            # mesh type is xyz scoring mesh
   x-type =    2            # x-mesh is linear given by xmin, xmax and nx
     xmin =  -1.000000      # minimum value of x-mesh points
     xmax =   23.00000      # maximum value of x-mesh points
#    xdel =  0.1200000      # mesh width of x-mesh points
       nx =    200          # number of x-mesh points
#    data = ( x(i), i = 1, nx + 1 )
#          -1.00000E+00 -8.80000E-01 -7.60000E-01 -6.40000E-01 -5.20000E-01
#          -4.00000E-01 -2.80000E-01 -1.60000E-01 -4.00000E-02  8.00000E-02
#           2.00000E-01  3.20000E-01  4.40000E-01  5.60000E-01  6.80000E-01
#           8.00000E-01  9.20000E-01  1.04000E+00  1.16000E+00  1.28000E+00
#           1.40000E+00  1.52000E+00  1.64000E+00  1.76000E+00  1.88000E+00
#           2.00000E+00  2.12000E+00  2.24000E+00  2.36000E+00  2.48000E+00
#           2.60000E+00  2.72000E+00  2.84000E+00  2.96000E+00  3.08000E+00
#           3.20000E+00  3.32000E+00  3.44000E+00  3.56000E+00  3.68000E+00
#           3.80000E+00  3.92000E+00  4.04000E+00  4.16000E+00  4.28000E+00
#           4.40000E+00  4.52000E+00  4.64000E+00  4.76000E+00  4.88000E+00
#           5.00000E+00  5.12000E+00  5.24000E+00  5.36000E+00  5.48000E+00
#           5.60000E+00  5.72000E+00  5.84000E+00  5.96000E+00  6.08000E+00
#           6.20000E+00  6.32000E+00  6.44000E+00  6.56000E+00  6.68000E+00
#           6.80000E+00  6.92000E+00  7.04000E+00  7.16000E+00  7.28000E+00
#           7.40000E+00  7.52000E+00  7.64000E+00  7.76000E+00  7.88000E+00
#           8.00000E+00  8.12000E+00  8.24000E+00  8.36000E+00  8.48000E+00
#           8.60000E+00  8.72000E+00  8.84000E+00  8.96000E+00  9.08000E+00
#           9.20000E+00  9.32000E+00  9.44000E+00  9.56000E+00  9.68000E+00
#           9.80000E+00  9.92000E+00  1.00400E+01  1.01600E+01  1.02800E+01
#           1.04000E+01  1.05200E+01  1.06400E+01  1.07600E+01  1.08800E+01
#           1.10000E+01  1.11200E+01  1.12400E+01  1.13600E+01  1.14800E+01
#           1.16000E+01  1.17200E+01  1.18400E+01  1.19600E+01  1.20800E+01
#           1.22000E+01  1.23200E+01  1.24400E+01  1.25600E+01  1.26800E+01
#           1.28000E+01  1.29200E+01  1.30400E+01  1.31600E+01  1.32800E+01
#           1.34000E+01  1.35200E+01  1.36400E+01  1.37600E+01  1.38800E+01
#           1.40000E+01  1.41200E+01  1.42400E+01  1.43600E+01  1.44800E+01
#           1.46000E+01  1.47200E+01  1.48400E+01  1.49600E+01  1.50800E+01
#           1.52000E+01  1.53200E+01  1.54400E+01  1.55600E+01  1.56800E+01
#           1.58000E+01  1.59200E+01  1.60400E+01  1.61600E+01  1.62800E+01
#           1.64000E+01  1.65200E+01  1.66400E+01  1.67600E+01  1.68800E+01
#           1.70000E+01  1.71200E+01  1.72400E+01  1.73600E+01  1.74800E+01
#           1.76000E+01  1.77200E+01  1.78400E+01  1.79600E+01  1.80800E+01
#           1.82000E+01  1.83200E+01  1.84400E+01  1.85600E+01  1.86800E+01
#           1.88000E+01  1.89200E+01  1.90400E+01  1.91600E+01  1.92800E+01
#           1.94000E+01  1.95200E+01  1.96400E+01  1.97600E+01  1.98800E+01
#           2.00000E+01  2.01200E+01  2.02400E+01  2.03600E+01  2.04800E+01
#           2.06000E+01  2.07200E+01  2.08400E+01  2.09600E+01  2.10800E+01
#           2.12000E+01  2.13200E+01  2.14400E+01  2.15600E+01  2.16800E+01
#           2.18000E+01  2.19200E+01  2.20400E+01  2.21600E+01  2.22800E+01
#           2.24000E+01  2.25200E+01  2.26400E+01  2.27600E+01  2.28800E+01
#           2.30000E+01
   y-type =    1            # y-mesh is given by the below data
       ny =      1          # number of y-mesh points
#    data = ( y(i), i = 1, ny + 1 )
            0.00000E+00  5.00000E+00
   z-type =    2            # z-mesh is linear given by zmin, zmax and nz
     zmin =  -3.000000      # minimum value of z-mesh points
     zmax =   7.000000      # maximum value of z-mesh points
#    zdel =  5.0000000E-02  # mesh width of z-mesh points
       nz =    200          # number of z-mesh points
#    data = ( z(i), i = 1, nz + 1 )
#          -3.00000E+00 -2.95000E+00 -2.90000E+00 -2.85000E+00 -2.80000E+00
#          -2.75000E+00 -2.70000E+00 -2.65000E+00 -2.60000E+00 -2.55000E+00
#          -2.50000E+00 -2.45000E+00 -2.40000E+00 -2.35000E+00 -2.30000E+00
#          -2.25000E+00 -2.20000E+00 -2.15000E+00 -2.10000E+00 -2.05000E+00
#          -2.00000E+00 -1.95000E+00 -1.90000E+00 -1.85000E+00 -1.80000E+00
#          -1.75000E+00 -1.70000E+00 -1.65000E+00 -1.60000E+00 -1.55000E+00
#          -1.50000E+00 -1.45000E+00 -1.40000E+00 -1.35000E+00 -1.30000E+00
#          -1.25000E+00 -1.20000E+00 -1.15000E+00 -1.10000E+00 -1.05000E+00
#          -1.00000E+00 -9.50000E-01 -9.00000E-01 -8.50000E-01 -8.00000E-01
#          -7.50000E-01 -7.00000E-01 -6.50000E-01 -6.00000E-01 -5.50000E-01
#          -5.00000E-01 -4.50000E-01 -4.00000E-01 -3.50000E-01 -3.00000E-01
#          -2.50000E-01 -2.00000E-01 -1.50000E-01 -1.00000E-01 -5.00000E-02
#           0.00000E+00  5.00000E-02  1.00000E-01  1.50000E-01  2.00000E-01
#           2.50000E-01  3.00000E-01  3.50000E-01  4.00000E-01  4.50000E-01
#           5.00000E-01  5.50000E-01  6.00000E-01  6.50000E-01  7.00000E-01
#           7.50000E-01  8.00000E-01  8.50000E-01  9.00000E-01  9.50000E-01
#           1.00000E+00  1.05000E+00  1.10000E+00  1.15000E+00  1.20000E+00
#           1.25000E+00  1.30000E+00  1.35000E+00  1.40000E+00  1.45000E+00
#           1.50000E+00  1.55000E+00  1.60000E+00  1.65000E+00  1.70000E+00
#           1.75000E+00  1.80000E+00  1.85000E+00  1.90000E+00  1.95000E+00
#           2.00000E+00  2.05000E+00  2.10000E+00  2.15000E+00  2.20000E+00
#           2.25000E+00  2.30000E+00  2.35000E+00  2.40000E+00  2.45000E+00
#           2.50000E+00  2.55000E+00  2.60000E+00  2.65000E+00  2.70000E+00
#           2.75000E+00  2.80000E+00  2.85000E+00  2.90000E+00  2.95000E+00
#           3.00000E+00  3.05000E+00  3.10000E+00  3.15000E+00  3.20000E+00
#           3.25000E+00  3.30000E+00  3.35000E+00  3.40000E+00  3.45000E+00
#           3.50000E+00  3.55000E+00  3.60000E+00  3.65000E+00  3.70000E+00
#           3.75000E+00  3.80000E+00  3.85000E+00  3.90000E+00  3.95000E+00
#           4.00000E+00  4.05000E+00  4.10000E+00  4.15000E+00  4.20000E+00
#           4.25000E+00  4.30000E+00  4.35000E+00  4.40000E+00  4.45000E+00
#           4.50000E+00  4.55000E+00  4.60000E+00  4.65000E+00  4.70000E+00
#           4.75000E+00  4.80000E+00  4.85000E+00  4.90000E+00  4.95000E+00
#           5.00000E+00  5.05000E+00  5.10000E+00  5.15000E+00  5.20000E+00
#           5.25000E+00  5.30000E+00  5.35000E+00  5.40000E+00  5.45000E+00
#           5.50000E+00  5.55000E+00  5.60000E+00  5.65000E+00  5.70000E+00
#           5.75000E+00  5.80000E+00  5.85000E+00  5.90000E+00  5.95000E+00
#           6.00000E+00  6.05000E+00  6.10000E+00  6.15000E+00  6.20000E+00
#           6.25000E+00  6.30000E+00  6.35000E+00  6.40000E+00  6.45000E+00
#           6.50000E+00  6.55000E+00  6.60000E+00  6.65000E+00  6.70000E+00
#           6.75000E+00  6.80000E+00  6.85000E+00  6.90000E+00  6.95000E+00
#           7.00000E+00
   e-type =    1            # e-mesh is given by the below data
       ne =      1          # number of e-mesh points
#    data = ( e(i), i = 1, ne + 1 )
            0.00000E+00  1.00000E+03
     unit =    1            # unit is [1/cm^2/source]
 material =  all            # (D=all) number of specific material
  2D-type =    3            # 1:Cont, 2:Clust, 3:Color, 4:xyz, 5:mat, 6:Clust+Cont, 7:Col+Cont
     axis =      xz            # axis of output
     file = track_xz.out    # file name of output for the above axis
     part =  all      
# kf/name :  0        
    gshow =    3            # 0: no 1:bnd, 2:bnd+mat, 3:bnd+reg 4:bnd+lat 5:bmp style
    resol =    1            # (D=1) resolution of gshow or rshow
    width = 0.5000000       # (D=0.5) width of lines for gshow or rshow
   epsout =    1            # (D=0) generate eps file by ANGEL
#    used :        main (  %)        temp (  %)       total (  %)
#  memory :         410 (  0)           0 (  0)         410 (  0)

#------------------------------------------------------------------------------
#newpage:
#   no. =  1   ie  =  1   iy  =  1   part. = all     
#   e = (   0.0000E+00  -   1.0000E+03  )
#   y = (   0.0000E+00  -   5.0000E+00  )

'no. =  1,  ie =  1,  iy =  1'
msuc: {\huge [t-track] in xyz mesh}
msdr: {\it plotted by \ANGEL \version}
msdl: {\it calculated by \PHITS  3.35}

x: z [cm]
y: x [cm]
set: c1[ 2.400] c2[ 0.581] c5[ 0.800] c6[ 0.698] c7[ 0.933] c8[ 0.000]
p: h2fs form[c1] xfac[c2] afac[c5] scal[c6] xorg[c7] yorg[c8] nosp
p: xmin( -3.000000    ) xmax(  7.000000    )
p: ymin( -1.000000    ) ymax(  23.00000    )
#  nx = 200   nz = 200
# ( ( data(z,x), z = 1, nz ), x = nx, 1, -1 )

#------------------------------------------------------------------------------
# gshow
#------------------------------------------------------------------------------

p: legs[c5*0.875]

w:1000/ x(  -0.1534814E+01) y(   0.2516474E+01) ix(2) iy(2) s(   0.7000E+00)

h: x ny1,0  y2=[y1](void),ic[lightgray]
 -1.000000E+00 -1.000000E+00

hb:   line clip z   cb(lightgray)
frame:
 -2.9999877E+00 -9.9994398E-01
  7.0000123E+00 -9.9994398E-01
  7.0000123E+00  2.3000056E+01
 -2.9999877E+00  2.3000056E+01
clip:
 -3.04973890E+00 -1.11934669E+00
  7.04976359E+00 -1.11934669E+00
  7.04976359E+00 -9.98152659E-01
  7.04976359E+00 -8.76958629E-01
  7.04976359E+00 -7.55764599E-01
  7.04976359E+00 -6.34570569E-01
  7.04976359E+00 -5.13376540E-01
  7.04976359E+00 -3.92182510E-01
  7.04976359E+00 -2.70988480E-01
  7.04976359E+00 -1.49794450E-01
  7.04976359E+00 -2.86004201E-02
  7.04976359E+00  9.25936097E-02
  7.04976359E+00  2.13787640E-01
  7.04976359E+00  3.34981669E-01
  7.04976359E+00  4.56175699E-01
  7.04976359E+00  5.77369729E-01
  7.04976359E+00  6.98563759E-01
  7.04976359E+00  8.19757789E-01
  7.04976359E+00  9.40951819E-01
  7.04976359E+00  1.06214585E+00
  7.04976359E+00  1.18333988E+00
  7.04976359E+00  1.30453391E+00
  7.04976359E+00  1.42572794E+00
  7.04976359E+00  1.54692197E+00
  7.04976359E+00  1.66811600E+00
  7.04976359E+00  1.78931003E+00
  7.04976359E+00  1.91050406E+00
  7.04976359E+00  2.03169809E+00
  7.04976359E+00  2.15289212E+00
  7.04976359E+00  2.27408615E+00
  7.04976359E+00  2.39528018E+00
  7.04976359E+00  2.51647421E+00
  7.04976359E+00  2.63766824E+00
  7.04976359E+00  2.75886227E+00
  7.04976359E+00  2.88005630E+00
  7.04976359E+00  3.00125033E+00
  7.04976359E+00  3.12244436E+00
  7.04976359E+00  3.24363839E+00
  7.04976359E+00  3.36483242E+00
  7.04976359E+00  3.48602645E+00
  7.04976359E+00  3.60722048E+00
  7.04976359E+00  3.72841451E+00
  7.04976359E+00  3.84960854E+00
  7.04976359E+00  3.97080256E+00
  7.04976359E+00  4.09199659E+00
  7.04976359E+00  4.21319062E+00
  7.04976359E+00  4.33438465E+00
  7.04976359E+00  4.45557868E+00
  7.04976359E+00  4.57677271E+00
  7.04976359E+00  4.69796674E+00
  7.04976359E+00  4.81916077E+00
  7.04976359E+00  4.94035480E+00
  7.04976359E+00  5.06154883E+00
  7.04976359E+00  5.18274286E+00
  7.04976359E+00  5.30393689E+00
  7.04976359E+00  5.42513092E+00
  7.04976359E+00  5.54632495E+00
  7.04976359E+00  5.66751898E+00
  7.04976359E+00  5.78871301E+00
  7.04976359E+00  5.90990704E+00
  7.04976359E+00  6.03110107E+00
  7.04976359E+00  6.15229510E+00
  7.04976359E+00  6.27348913E+00
  7.04976359E+00  6.39468316E+00
  7.04976359E+00  6.51587719E+00
  7.04976359E+00  6.63707122E+00
  7.04976359E+00  6.75826525E+00
  7.04976359E+00  6.87945928E+00
  7.04976359E+00  7.00065331E+00
  7.04976359E+00  7.12184734E+00
  7.04976359E+00  7.24304137E+00
  7.04976359E+00  7.36423540E+00
  7.04976359E+00  7.48542943E+00
  7.04976359E+00  7.60662346E+00
  7.04976359E+00  7.72781749E+00
  7.04976359E+00  7.84901152E+00
  7.04976359E+00  7.97020555E+00
  7.04976359E+00  8.09139958E+00
  7.04976359E+00  8.21259361E+00
  7.04976359E+00  8.33378764E+00
  7.04976359E+00  8.45498167E+00
  7.04976359E+00  8.57617570E+00
  7.04976359E+00  8.69736973E+00
  7.04976359E+00  8.81856376E+00
  7.04976359E+00  8.93975779E+00
  7.04976359E+00  9.06095182E+00
  7.04976359E+00  9.18214585E+00
  7.04976359E+00  9.30333988E+00
  7.04976359E+00  9.42453391E+00
  7.04976359E+00  9.54572794E+00
  7.04976359E+00  9.66692197E+00
  7.04976359E+00  9.78811600E+00
  7.04976359E+00  9.90931003E+00
  7.04976359E+00  1.00305041E+01
  7.04976359E+00  1.01516981E+01
  7.04976359E+00  1.02728921E+01
  7.04976359E+00  1.03940861E+01
  7.04976359E+00  1.05152802E+01
  7.04976359E+00  1.06364742E+01
  7.04976359E+00  1.07576682E+01
  7.04976359E+00  1.08788623E+01
  7.04976359E+00  1.10000563E+01
  7.04976359E+00  1.11212503E+01
  7.04976359E+00  1.12424444E+01
  7.04976359E+00  1.13636384E+01
  7.04976359E+00  1.14848324E+01
  7.04976359E+00  1.16060264E+01
  7.04976359E+00  1.17272205E+01
  7.04976359E+00  1.18484145E+01
  7.04976359E+00  1.19696085E+01
  7.04976359E+00  1.20908026E+01
  7.04976359E+00  1.22119966E+01
  7.04976359E+00  1.23331906E+01
  7.04976359E+00  1.24543847E+01
  7.04976359E+00  1.25755787E+01
  7.04976359E+00  1.26967727E+01
  7.04976359E+00  1.28179667E+01
  7.04976359E+00  1.29391608E+01
  7.04976359E+00  1.30603548E+01
  7.04976359E+00  1.31815488E+01
  7.04976359E+00  1.33027429E+01
  7.04976359E+00  1.34239369E+01
  7.04976359E+00  1.35451309E+01
  7.04976359E+00  1.36663250E+01
  7.04976359E+00  1.37875190E+01
  7.04976359E+00  1.39087130E+01
  7.04976359E+00  1.40299070E+01
  7.04976359E+00  1.41511011E+01
  7.04976359E+00  1.42722951E+01
  7.04976359E+00  1.43934891E+01
  7.04976359E+00  1.45146832E+01
  7.04976359E+00  1.46358772E+01
  7.04976359E+00  1.47570712E+01
  7.04976359E+00  1.48782653E+01
  7.04976359E+00  1.49994593E+01
  7.04976359E+00  1.51206533E+01
  7.04976359E+00  1.52418473E+01
  7.04976359E+00  1.53630414E+01
  7.04976359E+00  1.54842354E+01
  7.04976359E+00  1.56054294E+01
  7.04976359E+00  1.57266235E+01
  7.04976359E+00  1.58478175E+01
  7.04976359E+00  1.59690115E+01
  7.04976359E+00  1.60902056E+01
  7.04976359E+00  1.62113996E+01
  7.04976359E+00  1.63325936E+01
  7.04976359E+00  1.64537876E+01
  7.04976359E+00  1.65749817E+01
  7.04976359E+00  1.66961757E+01
  7.04976359E+00  1.68173697E+01
  7.04976359E+00  1.69385638E+01
  7.04976359E+00  1.70597578E+01
  7.04976359E+00  1.71809518E+01
  7.04976359E+00  1.73021458E+01
  7.04976359E+00  1.74233399E+01
  7.04976359E+00  1.75445339E+01
  7.04976359E+00  1.76657279E+01
  7.04976359E+00  1.77869220E+01
  7.04976359E+00  1.79081160E+01
  7.04976359E+00  1.80293100E+01
  7.04976359E+00  1.81505041E+01
  7.04976359E+00  1.82716981E+01
  7.04976359E+00  1.83928921E+01
  7.04976359E+00  1.85140861E+01
  7.04976359E+00  1.86352802E+01
  7.04976359E+00  1.87564742E+01
  7.04976359E+00  1.88776682E+01
  7.04976359E+00  1.89988623E+01
  7.04976359E+00  1.91200563E+01
  7.04976359E+00  1.92412503E+01
  7.04976359E+00  1.93624444E+01
  7.04976359E+00  1.94836384E+01
  7.04976359E+00  1.96048324E+01
  7.04976359E+00  1.97260264E+01
  7.04976359E+00  1.98472205E+01
  7.04976359E+00  1.99684145E+01
  7.04976359E+00  2.00896085E+01
  7.04976359E+00  2.02108026E+01
  7.04976359E+00  2.03319966E+01
  7.04976359E+00  2.04531906E+01
  7.04976359E+00  2.05743847E+01
  7.04976359E+00  2.06955787E+01
  7.04976359E+00  2.08167727E+01
  7.04976359E+00  2.09379667E+01
  7.04976359E+00  2.10591608E+01
  7.04976359E+00  2.11803548E+01
  7.04976359E+00  2.13015488E+01
  7.04976359E+00  2.14227429E+01
  7.04976359E+00  2.15439369E+01
  7.04976359E+00  2.16651309E+01
  7.04976359E+00  2.17863250E+01
  7.04976359E+00  2.19075190E+01
  7.04976359E+00  2.20287130E+01
  7.04976359E+00  2.21499070E+01
  7.04976359E+00  2.22711011E+01
  7.04976359E+00  2.23922951E+01
  7.04976359E+00  2.25134891E+01
  7.04976359E+00  2.26346832E+01
  7.04976359E+00  2.27558772E+01
  7.04976359E+00  2.28770712E+01
  7.04976359E+00  2.29982653E+01
  7.04976359E+00  2.31194593E+01
  6.99926608E+00  2.31194593E+01
  6.94876856E+00  2.31194593E+01
  6.89827105E+00  2.31194593E+01
  6.84777354E+00  2.31194593E+01
  6.79727603E+00  2.31194593E+01
  6.74677851E+00  2.31194593E+01
  6.69628100E+00  2.31194593E+01
  6.64578349E+00  2.31194593E+01
  6.59528598E+00  2.31194593E+01
  6.54478847E+00  2.31194593E+01
  6.49429095E+00  2.31194593E+01
  6.44379344E+00  2.31194593E+01
  6.39329593E+00  2.31194593E+01
  6.34279842E+00  2.31194593E+01
  6.29230090E+00  2.31194593E+01
  6.24180339E+00  2.31194593E+01
  6.19130588E+00  2.31194593E+01
  6.14080837E+00  2.31194593E+01
  6.09031085E+00  2.31194593E+01
  6.03981334E+00  2.31194593E+01
  5.98931583E+00  2.31194593E+01
  5.93881832E+00  2.31194593E+01
  5.88832080E+00  2.31194593E+01
  5.83782329E+00  2.31194593E+01
  5.78732578E+00  2.31194593E+01
  5.73682827E+00  2.31194593E+01
  5.68633075E+00  2.31194593E+01
  5.63583324E+00  2.31194593E+01
  5.58533573E+00  2.31194593E+01
  5.53483822E+00  2.31194593E+01
  5.48434070E+00  2.31194593E+01
  5.43384319E+00  2.31194593E+01
  5.38334568E+00  2.31194593E+01
  5.33284817E+00  2.31194593E+01
  5.28235065E+00  2.31194593E+01
  5.23185314E+00  2.31194593E+01
  5.18135563E+00  2.31194593E+01
  5.13085812E+00  2.31194593E+01
  5.08036060E+00  2.31194593E+01
  5.02986309E+00  2.31194593E+01
  4.97936558E+00  2.31194593E+01
  4.92886807E+00  2.31194593E+01
  4.87837055E+00  2.31194593E+01
  4.82787304E+00  2.31194593E+01
  4.77737553E+00  2.31194593E+01
  4.72687802E+00  2.31194593E+01
  4.67638050E+00  2.31194593E+01
  4.62588299E+00  2.31194593E+01
  4.57538548E+00  2.31194593E+01
  4.52488797E+00  2.31194593E+01
  4.47439046E+00  2.31194593E+01
  4.42389294E+00  2.31194593E+01
  4.37339543E+00  2.31194593E+01
  4.32289792E+00  2.31194593E+01
  4.27240041E+00  2.31194593E+01
  4.22190289E+00  2.31194593E+01
  4.17140538E+00  2.31194593E+01
  4.12090787E+00  2.31194593E+01
  4.07041036E+00  2.31194593E+01
  4.01991284E+00  2.31194593E+01
  3.96941533E+00  2.31194593E+01
  3.91891782E+00  2.31194593E+01
  3.86842031E+00  2.31194593E+01
  3.81792279E+00  2.31194593E+01
  3.76742528E+00  2.31194593E+01
  3.71692777E+00  2.31194593E+01
  3.66643026E+00  2.31194593E+01
  3.61593274E+00  2.31194593E+01
  3.56543523E+00  2.31194593E+01
  3.51493772E+00  2.31194593E+01
  3.46444021E+00  2.31194593E+01
  3.41394269E+00  2.31194593E+01
  3.36344518E+00  2.31194593E+01
  3.31294767E+00  2.31194593E+01
  3.26245016E+00  2.31194593E+01
  3.21195264E+00  2.31194593E+01
  3.16145513E+00  2.31194593E+01
  3.11095762E+00  2.31194593E+01
  3.06046011E+00  2.31194593E+01
  3.00996259E+00  2.31194593E+01
  2.95946508E+00  2.31194593E+01
  2.90896757E+00  2.31194593E+01
  2.85847006E+00  2.31194593E+01
  2.80797254E+00  2.31194593E+01
  2.75747503E+00  2.31194593E+01
  2.70697752E+00  2.31194593E+01
  2.65648001E+00  2.31194593E+01
  2.60598249E+00  2.31194593E+01
  2.55548498E+00  2.31194593E+01
  2.50498747E+00  2.31194593E+01
  2.45448996E+00  2.31194593E+01
  2.40399245E+00  2.31194593E+01
  2.35349493E+00  2.31194593E+01
  2.30299742E+00  2.31194593E+01
  2.25249991E+00  2.31194593E+01
  2.20200240E+00  2.31194593E+01
  2.15150488E+00  2.31194593E+01
  2.10100737E+00  2.31194593E+01
  2.05050986E+00  2.31194593E+01
  2.00001235E+00  2.31194593E+01
  1.94951483E+00  2.31194593E+01
  1.89901732E+00  2.31194593E+01
  1.84851981E+00  2.31194593E+01
  1.79802230E+00  2.31194593E+01
  1.74752478E+00  2.31194593E+01
  1.69702727E+00  2.31194593E+01
  1.64652976E+00  2.31194593E+01
  1.59603225E+00  2.31194593E+01
  1.54553473E+00  2.31194593E+01
  1.49503722E+00  2.31194593E+01
  1.44453971E+00  2.31194593E+01
  1.39404220E+00  2.31194593E+01
  1.34354468E+00  2.31194593E+01
  1.29304717E+00  2.31194593E+01
  1.24254966E+00  2.31194593E+01
  1.19205215E+00  2.31194593E+01
  1.14155463E+00  2.31194593E+01
  1.09105712E+00  2.31194593E+01
  1.04055961E+00  2.31194593E+01
  9.90062097E-01  2.31194593E+01
  9.39564584E-01  2.31194593E+01
  8.89067072E-01  2.31194593E+01
  8.38569560E-01  2.31194593E+01
  7.88072047E-01  2.31194593E+01
  7.37574535E-01  2.31194593E+01
  6.87077022E-01  2.31194593E+01
  6.36579510E-01  2.31194593E+01
  5.86081997E-01  2.31194593E+01
  5.35584485E-01  2.31194593E+01
  4.85086973E-01  2.31194593E+01
  4.34589460E-01  2.31194593E+01
  3.84091948E-01  2.31194593E+01
  3.33594435E-01  2.31194593E+01
  2.83096923E-01  2.31194593E+01
  2.32599410E-01  2.31194593E+01
  1.82101898E-01  2.31194593E+01
  1.31604385E-01  2.31194593E+01
  8.11068730E-02  2.31194593E+01
  3.06093606E-02  2.31194593E+01
 -1.98881518E-02  2.31194593E+01
 -7.03856643E-02  2.31194593E+01
 -1.20883177E-01  2.31194593E+01
 -1.71380689E-01  2.31194593E+01
 -2.21878202E-01  2.31194593E+01
 -2.72375714E-01  2.31194593E+01
 -3.22873226E-01  2.31194593E+01
 -3.73370739E-01  2.31194593E+01
 -4.23868251E-01  2.31194593E+01
 -4.74365764E-01  2.31194593E+01
 -5.24863276E-01  2.31194593E+01
 -5.75360789E-01  2.31194593E+01
 -6.25858301E-01  2.31194593E+01
 -6.76355814E-01  2.31194593E+01
 -7.26853326E-01  2.31194593E+01
 -7.77350838E-01  2.31194593E+01
 -8.27848351E-01  2.31194593E+01
 -8.78345863E-01  2.31194593E+01
 -9.28843376E-01  2.31194593E+01
 -9.79340888E-01  2.31194593E+01
 -1.02983840E+00  2.31194593E+01
 -1.08033591E+00  2.31194593E+01
 -1.13083343E+00  2.31194593E+01
 -1.18133094E+00  2.31194593E+01
 -1.23182845E+00  2.31194593E+01
 -1.28232596E+00  2.31194593E+01
 -1.33282348E+00  2.31194593E+01
 -1.38332099E+00  2.31194593E+01
 -1.43381850E+00  2.31194593E+01
 -1.48431601E+00  2.31194593E+01
 -1.53481352E+00  2.31194593E+01
 -1.58531104E+00  2.31194593E+01
 -1.63580855E+00  2.31194593E+01
 -1.68630606E+00  2.31194593E+01
 -1.73680357E+00  2.31194593E+01
 -1.78730109E+00  2.31194593E+01
 -1.83779860E+00  2.31194593E+01
 -1.88829611E+00  2.31194593E+01
 -1.93879362E+00  2.31194593E+01
 -1.98929114E+00  2.31194593E+01
 -2.03978865E+00  2.31194593E+01
 -2.09028616E+00  2.31194593E+01
 -2.14078367E+00  2.31194593E+01
 -2.19128119E+00  2.31194593E+01
 -2.24177870E+00  2.31194593E+01
 -2.29227621E+00  2.31194593E+01
 -2.34277372E+00  2.31194593E+01
 -2.39327124E+00  2.31194593E+01
 -2.44376875E+00  2.31194593E+01
 -2.49426626E+00  2.31194593E+01
 -2.54476377E+00  2.31194593E+01
 -2.59526129E+00  2.31194593E+01
 -2.64575880E+00  2.31194593E+01
 -2.69625631E+00  2.31194593E+01
 -2.74675382E+00  2.31194593E+01
 -2.79725134E+00  2.31194593E+01
 -2.84774885E+00  2.31194593E+01
 -2.89824636E+00  2.31194593E+01
 -2.94874387E+00  2.31194593E+01
 -2.99924139E+00  2.31194593E+01
 -3.04973890E+00  2.31194593E+01
 -3.04973890E+00  2.29982653E+01
 -3.04973890E+00  2.28770712E+01
 -3.04973890E+00  2.27558772E+01
 -3.04973890E+00  2.26346832E+01
 -3.04973890E+00  2.25134891E+01
 -3.04973890E+00  2.23922951E+01
 -3.04973890E+00  2.22711011E+01
 -3.04973890E+00  2.21499070E+01
 -3.04973890E+00  2.20287130E+01
 -3.04973890E+00  2.19075190E+01
 -3.04973890E+00  2.17863250E+01
 -3.04973890E+00  2.16651309E+01
 -3.04973890E+00  2.15439369E+01
 -3.04973890E+00  2.14227429E+01
 -3.04973890E+00  2.13015488E+01
 -3.04973890E+00  2.11803548E+01
 -3.04973890E+00  2.10591608E+01
 -3.04973890E+00  2.09379667E+01
 -3.04973890E+00  2.08167727E+01
 -3.04973890E+00  2.06955787E+01
 -3.04973890E+00  2.05743847E+01
 -3.04973890E+00  2.04531906E+01
 -3.04973890E+00  2.03319966E+01
 -3.04973890E+00  2.02108026E+01
 -3.04973890E+00  2.00896085E+01
 -3.04973890E+00  1.99684145E+01
 -3.04973890E+00  1.98472205E+01
 -3.04973890E+00  1.97260264E+01
 -3.04973890E+00  1.96048324E+01
 -3.04973890E+00  1.94836384E+01
 -3.04973890E+00  1.93624444E+01
 -3.04973890E+00  1.92412503E+01
 -3.04973890E+00  1.91200563E+01
 -3.04973890E+00  1.89988623E+01
 -3.04973890E+00  1.88776682E+01
 -3.04973890E+00  1.87564742E+01
 -3.04973890E+00  1.86352802E+01
 -3.04973890E+00  1.85140861E+01
 -3.04973890E+00  1.83928921E+01
 -3.04973890E+00  1.82716981E+01
 -3.04973890E+00  1.81505041E+01
 -3.04973890E+00  1.80293100E+01
 -3.04973890E+00  1.79081160E+01
 -3.04973890E+00  1.77869220E+01
 -3.04973890E+00  1.76657279E+01
 -3.04973890E+00  1.75445339E+01
 -3.04973890E+00  1.74233399E+01
 -3.04973890E+00  1.73021458E+01
 -3.04973890E+00  1.71809518E+01
 -3.04973890E+00  1.70597578E+01
 -3.04973890E+00  1.69385638E+01
 -3.04973890E+00  1.68173697E+01
 -3.04973890E+00  1.66961757E+01
 -3.04973890E+00  1.65749817E+01
 -3.04973890E+00  1.64537876E+01
 -3.04973890E+00  1.63325936E+01
 -3.04973890E+00  1.62113996E+01
 -3.04973890E+00  1.60902056E+01
 -3.04973890E+00  1.59690115E+01
 -3.04973890E+00  1.58478175E+01
 -3.04973890E+00  1.57266235E+01
 -3.04973890E+00  1.56054294E+01
 -3.04973890E+00  1.54842354E+01
 -3.04973890E+00  1.53630414E+01
 -3.04973890E+00  1.52418473E+01
 -3.04973890E+00  1.51206533E+01
 -3.04973890E+00  1.49994593E+01
 -3.04973890E+00  1.48782653E+01
 -3.04973890E+00  1.47570712E+01
 -3.04973890E+00  1.46358772E+01
 -3.04973890E+00  1.45146832E+01
 -3.04973890E+00  1.43934891E+01
 -3.04973890E+00  1.42722951E+01
 -3.04973890E+00  1.41511011E+01
 -3.04973890E+00  1.40299070E+01
 -3.04973890E+00  1.39087130E+01
 -3.04973890E+00  1.37875190E+01
 -3.04973890E+00  1.36663250E+01
 -3.04973890E+00  1.35451309E+01
 -3.04973890E+00  1.34239369E+01
 -3.04973890E+00  1.33027429E+01
 -3.04973890E+00  1.31815488E+01
 -3.04973890E+00  1.30603548E+01
 -3.04973890E+00  1.29391608E+01
 -3.04973890E+00  1.28179667E+01
 -3.04973890E+00  1.26967727E+01
 -3.04973890E+00  1.25755787E+01
 -3.04973890E+00  1.24543847E+01
 -3.04973890E+00  1.23331906E+01
 -3.04973890E+00  1.22119966E+01
 -3.04973890E+00  1.20908026E+01
 -3.04973890E+00  1.19696085E+01
 -3.04973890E+00  1.18484145E+01
 -3.04973890E+00  1.17272205E+01
 -3.04973890E+00  1.16060264E+01
 -3.04973890E+00  1.14848324E+01
 -3.04973890E+00  1.13636384E+01
 -3.04973890E+00  1.12424444E+01
 -3.04973890E+00  1.11212503E+01
 -3.04973890E+00  1.10000563E+01
 -3.04973890E+00  1.08788623E+01
 -3.04973890E+00  1.07576682E+01
 -3.04973890E+00  1.06364742E+01
 -3.04973890E+00  1.05152802E+01
 -3.04973890E+00  1.03940861E+01
 -3.04973890E+00  1.02728921E+01
 -3.04973890E+00  1.01516981E+01
 -3.04973890E+00  1.00305041E+01
 -3.04973890E+00  9.90931003E+00
 -3.04973890E+00  9.78811600E+00
 -3.04973890E+00  9.66692197E+00
 -3.04973890E+00  9.54572794E+00
 -3.04973890E+00  9.42453391E+00
 -3.04973890E+00  9.30333988E+00
 -3.04973890E+00  9.18214585E+00
 -3.04973890E+00  9.06095182E+00
 -3.04973890E+00  8.93975779E+00
 -3.04973890E+00  8.81856376E+00
 -3.04973890E+00  8.69736973E+00
 -3.04973890E+00  8.57617570E+00
 -3.04973890E+00  8.45498167E+00
 -3.04973890E+00  8.33378764E+00
 -3.04973890E+00  8.21259361E+00
 -3.04973890E+00  8.09139958E+00
 -3.04973890E+00  7.97020555E+00
 -3.04973890E+00  7.84901152E+00
 -3.04973890E+00  7.72781749E+00
 -3.04973890E+00  7.60662346E+00
 -3.04973890E+00  7.48542943E+00
 -3.04973890E+00  7.36423540E+00
 -3.04973890E+00  7.24304137E+00
 -3.04973890E+00  7.12184734E+00
 -3.04973890E+00  7.00065331E+00
 -3.04973890E+00  6.87945928E+00
 -3.04973890E+00  6.75826525E+00
 -3.04973890E+00  6.63707122E+00
 -3.04973890E+00  6.51587719E+00
 -3.04973890E+00  6.39468316E+00
 -3.04973890E+00  6.27348913E+00
 -3.04973890E+00  6.15229510E+00
 -3.04973890E+00  6.03110107E+00
 -3.04973890E+00  5.90990704E+00
 -3.04973890E+00  5.78871301E+00
 -3.04973890E+00  5.66751898E+00
 -3.04973890E+00  5.54632495E+00
 -3.04973890E+00  5.42513092E+00
 -3.04973890E+00  5.30393689E+00
 -3.04973890E+00  5.18274286E+00
 -3.04973890E+00  5.06154883E+00
 -3.04973890E+00  4.94035480E+00
 -3.04973890E+00  4.81916077E+00
 -3.04973890E+00  4.69796674E+00
 -3.04973890E+00  4.57677271E+00
 -3.04973890E+00  4.45557868E+00
 -3.04973890E+00  4.33438465E+00
 -3.04973890E+00  4.21319062E+00
 -3.04973890E+00  4.09199659E+00
 -3.04973890E+00  3.97080256E+00
 -3.04973890E+00  3.84960854E+00
 -3.04973890E+00  3.72841451E+00
 -3.04973890E+00  3.60722048E+00
 -3.04973890E+00  3.48602645E+00
 -3.04973890E+00  3.36483242E+00
 -3.04973890E+00  3.24363839E+00
 -3.04973890E+00  3.12244436E+00
 -3.04973890E+00  3.00125033E+00
 -3.04973890E+00  2.88005630E+00
 -3.04973890E+00  2.75886227E+00
 -3.04973890E+00  2.63766824E+00
 -3.04973890E+00  2.51647421E+00
 -3.04973890E+00  2.39528018E+00
 -3.04973890E+00  2.27408615E+00
 -3.04973890E+00  2.15289212E+00
 -3.04973890E+00  2.03169809E+00
 -3.04973890E+00  1.91050406E+00
 -3.04973890E+00  1.78931003E+00
 -3.04973890E+00  1.66811600E+00
 -3.04973890E+00  1.54692197E+00
 -3.04973890E+00  1.42572794E+00
 -3.04973890E+00  1.30453391E+00
 -3.04973890E+00  1.18333988E+00
 -3.04973890E+00  1.06214585E+00
 -3.04973890E+00  9.40951819E-01
 -3.04973890E+00  8.19757789E-01
 -3.04973890E+00  6.98563759E-01
 -3.04973890E+00  5.77369729E-01
 -3.04973890E+00  4.56175699E-01
 -3.04973890E+00  3.34981669E-01
 -3.04973890E+00  2.13787640E-01
 -3.04973890E+00  9.25936097E-02
 -3.04973890E+00 -2.86004201E-02
 -3.04973890E+00 -1.49794450E-01
 -3.04973890E+00 -2.70988480E-01
 -3.04973890E+00 -3.92182510E-01
 -3.04973890E+00 -5.13376540E-01
 -3.04973890E+00 -6.34570569E-01
 -3.04973890E+00 -7.55764599E-01
 -3.04973890E+00 -8.76958629E-01
 -3.04973890E+00 -9.98152659E-01
 -3.04973890E+00 -1.11934669E+00

w:100/ x(   0.1821019E+00) y(   0.4561757E+00) ix(2) iy(2) s(   0.7000E+00)

h: x ny1,0  y2=[y1](1),ic[yellowgreen]
 -1.000000E+00 -1.000000E+00

hb:   line clip z   cb(yellowgreen)
clip:
  0.00000000E+00  1.91311443E-02
  3.06093606E-02  0.00000000E+00
  6.91900313E-02  0.00000000E+00
  4.97936558E+00  0.00000000E+00
  5.00000000E+00  4.30710005E-02
  5.00000000E+00  9.25936097E-02
  5.00000000E+00  1.42116219E-01
  5.00000000E+00  2.13787640E-01
  5.00000000E+00  2.63310249E-01
  5.00000000E+00  3.34981669E-01
  5.00000000E+00  3.84504279E-01
  5.00000000E+00  4.56175699E-01
  5.00000000E+00  5.05698308E-01
  5.00000000E+00  5.77369729E-01
  5.00000000E+00  6.26892338E-01
  5.00000000E+00  6.98563759E-01
  5.00000000E+00  7.48086368E-01
  5.00000000E+00  8.19757789E-01
  5.00000000E+00  8.69280398E-01
  5.00000000E+00  9.40951819E-01
  5.00000000E+00  9.90474428E-01
  5.00000000E+00  1.06214585E+00
  5.00000000E+00  1.11166846E+00
  5.00000000E+00  1.18333988E+00
  5.00000000E+00  1.23286249E+00
  5.00000000E+00  1.30453391E+00
  5.00000000E+00  1.35405652E+00
  5.00000000E+00  1.42572794E+00
  5.00000000E+00  1.47525055E+00
  5.00000000E+00  1.54692197E+00
  5.00000000E+00  1.59644458E+00
  5.00000000E+00  1.66811600E+00
  5.00000000E+00  1.71763861E+00
  5.00000000E+00  1.78931003E+00
  5.00000000E+00  1.83883264E+00
  5.00000000E+00  1.91050406E+00
  5.00000000E+00  1.96002667E+00
  5.00000000E+00  2.03169809E+00
  5.00000000E+00  2.08122070E+00
  5.00000000E+00  2.15289212E+00
  5.00000000E+00  2.20241473E+00
  5.00000000E+00  2.27408615E+00
  5.00000000E+00  2.32360876E+00
  5.00000000E+00  2.39528018E+00
  5.00000000E+00  2.44480279E+00
  5.00000000E+00  2.51647421E+00
  5.00000000E+00  2.56599682E+00
  5.00000000E+00  2.63766824E+00
  5.00000000E+00  2.68719085E+00
  5.00000000E+00  2.75886227E+00
  5.00000000E+00  2.80838488E+00
  5.00000000E+00  2.88005630E+00
  5.00000000E+00  2.92957891E+00
  5.00000000E+00  3.00125033E+00
  5.00000000E+00  3.05077294E+00
  5.00000000E+00  3.12244436E+00
  5.00000000E+00  3.17196697E+00
  5.00000000E+00  3.24363839E+00
  5.00000000E+00  3.29316100E+00
  5.00000000E+00  3.36483242E+00
  5.00000000E+00  3.41435502E+00
  5.00000000E+00  3.48602645E+00
  5.00000000E+00  3.53554905E+00
  5.00000000E+00  3.60722048E+00
  5.00000000E+00  3.65674308E+00
  5.00000000E+00  3.72841451E+00
  5.00000000E+00  3.77793711E+00
  5.00000000E+00  3.84960854E+00
  5.00000000E+00  3.89913114E+00
  5.00000000E+00  3.97080256E+00
  5.00000000E+00  4.02032517E+00
  5.00000000E+00  4.09199659E+00
  5.00000000E+00  4.14151920E+00
  5.00000000E+00  4.21319062E+00
  5.00000000E+00  4.26271323E+00
  5.00000000E+00  4.33438465E+00
  5.00000000E+00  4.38390726E+00
  5.00000000E+00  4.45557868E+00
  5.00000000E+00  4.50510129E+00
  5.00000000E+00  4.57677271E+00
  5.00000000E+00  4.62629532E+00
  5.00000000E+00  4.69796674E+00
  5.00000000E+00  4.74748935E+00
  5.00000000E+00  4.81916077E+00
  5.00000000E+00  4.86868338E+00
  5.00000000E+00  4.94035480E+00
  5.00000000E+00  4.98987741E+00
  5.00000000E+00  5.06154883E+00
  5.00000000E+00  5.11107144E+00
  5.00000000E+00  5.18274286E+00
  5.00000000E+00  5.23226547E+00
  5.00000000E+00  5.30393689E+00
  5.00000000E+00  5.35345950E+00
  5.00000000E+00  5.42513092E+00
  5.00000000E+00  5.47465353E+00
  5.00000000E+00  5.54632495E+00
  5.00000000E+00  5.59584756E+00
  5.00000000E+00  5.66751898E+00
  5.00000000E+00  5.71704159E+00
  5.00000000E+00  5.78871301E+00
  5.00000000E+00  5.83823562E+00
  5.00000000E+00  5.90990704E+00
  5.00000000E+00  5.95942965E+00
  5.00000000E+00  6.03110107E+00
  5.00000000E+00  6.08062368E+00
  5.00000000E+00  6.15229510E+00
  5.00000000E+00  6.20181771E+00
  5.00000000E+00  6.27348913E+00
  5.00000000E+00  6.32301174E+00
  5.00000000E+00  6.39468316E+00
  5.00000000E+00  6.44420577E+00
  5.00000000E+00  6.51587719E+00
  5.00000000E+00  6.56539980E+00
  5.00000000E+00  6.63707122E+00
  5.00000000E+00  6.68659383E+00
  5.00000000E+00  6.75826525E+00
  5.00000000E+00  6.80778786E+00
  5.00000000E+00  6.87945928E+00
  5.00000000E+00  6.92898189E+00
  5.00000000E+00  7.00065331E+00
  5.00000000E+00  7.05017592E+00
  5.00000000E+00  7.12184734E+00
  5.00000000E+00  7.17136995E+00
  5.00000000E+00  7.24304137E+00
  5.00000000E+00  7.29256398E+00
  5.00000000E+00  7.36423540E+00
  5.00000000E+00  7.41375801E+00
  5.00000000E+00  7.48542943E+00
  5.00000000E+00  7.53495204E+00
  5.00000000E+00  7.60662346E+00
  5.00000000E+00  7.65614607E+00
  5.00000000E+00  7.72781749E+00
  5.00000000E+00  7.77734010E+00
  5.00000000E+00  7.84901152E+00
  5.00000000E+00  7.89853413E+00
  5.00000000E+00  7.97020555E+00
  5.00000000E+00  8.01972816E+00
  5.00000000E+00  8.09139958E+00
  5.00000000E+00  8.14092219E+00
  5.00000000E+00  8.21259361E+00
  5.00000000E+00  8.26211622E+00
  5.00000000E+00  8.33378764E+00
  5.00000000E+00  8.38331025E+00
  5.00000000E+00  8.45498167E+00
  5.00000000E+00  8.50450428E+00
  5.00000000E+00  8.57617570E+00
  5.00000000E+00  8.62569831E+00
  5.00000000E+00  8.69736973E+00
  5.00000000E+00  8.74689234E+00
  5.00000000E+00  8.81856376E+00
  5.00000000E+00  8.86808637E+00
  5.00000000E+00  8.93975779E+00
  5.00000000E+00  8.98928040E+00
  5.00000000E+00  9.06095182E+00
  5.00000000E+00  9.11047443E+00
  5.00000000E+00  9.18214585E+00
  5.00000000E+00  9.23166846E+00
  5.00000000E+00  9.30333988E+00
  5.00000000E+00  9.35286249E+00
  5.00000000E+00  9.42453391E+00
  5.00000000E+00  9.47405652E+00
  5.00000000E+00  9.54572794E+00
  5.00000000E+00  9.59525055E+00
  5.00000000E+00  9.66692197E+00
  5.00000000E+00  9.71644458E+00
  5.00000000E+00  9.78811600E+00
  5.00000000E+00  9.83763861E+00
  5.00000000E+00  9.90931003E+00
  5.00000000E+00  9.95883264E+00
  5.00000000E+00  1.00305041E+01
  5.00000000E+00  1.00800267E+01
  5.00000000E+00  1.01516981E+01
  5.00000000E+00  1.02012207E+01
  5.00000000E+00  1.02728921E+01
  5.00000000E+00  1.03224147E+01
  5.00000000E+00  1.03940861E+01
  5.00000000E+00  1.04436088E+01
  5.00000000E+00  1.05152802E+01
  5.00000000E+00  1.05648028E+01
  5.00000000E+00  1.06364742E+01
  5.00000000E+00  1.06859968E+01
  5.00000000E+00  1.07576682E+01
  5.00000000E+00  1.08071908E+01
  5.00000000E+00  1.08788623E+01
  5.00000000E+00  1.09283849E+01
  5.00000000E+00  1.10000563E+01
  5.00000000E+00  1.10495789E+01
  5.00000000E+00  1.11212503E+01
  5.00000000E+00  1.11707729E+01
  5.00000000E+00  1.12424444E+01
  5.00000000E+00  1.12919670E+01
  5.00000000E+00  1.13636384E+01
  5.00000000E+00  1.14131610E+01
  5.00000000E+00  1.14848324E+01
  5.00000000E+00  1.15343550E+01
  5.00000000E+00  1.16060264E+01
  5.00000000E+00  1.16555491E+01
  5.00000000E+00  1.17272205E+01
  5.00000000E+00  1.17767431E+01
  5.00000000E+00  1.18484145E+01
  5.00000000E+00  1.18979371E+01
  5.00000000E+00  1.19696085E+01
  5.00000000E+00  1.20191311E+01
  5.00000000E+00  1.20908026E+01
  5.00000000E+00  1.21403252E+01
  5.00000000E+00  1.22119966E+01
  5.00000000E+00  1.22615192E+01
  5.00000000E+00  1.23331906E+01
  5.00000000E+00  1.23827132E+01
  5.00000000E+00  1.24543847E+01
  5.00000000E+00  1.25039073E+01
  5.00000000E+00  1.25755787E+01
  5.00000000E+00  1.26251013E+01
  5.00000000E+00  1.26967727E+01
  5.00000000E+00  1.27462953E+01
  5.00000000E+00  1.28179667E+01
  5.00000000E+00  1.28674894E+01
  5.00000000E+00  1.29391608E+01
  5.00000000E+00  1.29886834E+01
  5.00000000E+00  1.30603548E+01
  5.00000000E+00  1.31098774E+01
  5.00000000E+00  1.31815488E+01
  5.00000000E+00  1.32310714E+01
  5.00000000E+00  1.33027429E+01
  5.00000000E+00  1.33522655E+01
  5.00000000E+00  1.34239369E+01
  5.00000000E+00  1.34734595E+01
  5.00000000E+00  1.35451309E+01
  5.00000000E+00  1.35946535E+01
  5.00000000E+00  1.36663250E+01
  5.00000000E+00  1.37158476E+01
  5.00000000E+00  1.37875190E+01
  5.00000000E+00  1.38370416E+01
  5.00000000E+00  1.39087130E+01
  5.00000000E+00  1.39582356E+01
  5.00000000E+00  1.40299070E+01
  5.00000000E+00  1.40794297E+01
  5.00000000E+00  1.41511011E+01
  5.00000000E+00  1.42006237E+01
  5.00000000E+00  1.42722951E+01
  5.00000000E+00  1.43218177E+01
  5.00000000E+00  1.43934891E+01
  5.00000000E+00  1.44430117E+01
  5.00000000E+00  1.45146832E+01
  5.00000000E+00  1.45642058E+01
  5.00000000E+00  1.46358772E+01
  5.00000000E+00  1.46853998E+01
  5.00000000E+00  1.47570712E+01
  5.00000000E+00  1.48065938E+01
  5.00000000E+00  1.48782653E+01
  5.00000000E+00  1.49277879E+01
  5.00000000E+00  1.49994593E+01
  4.97959088E+00  1.50000000E+01
  4.97914028E+00  1.50000000E+01
  4.92886807E+00  1.50000000E+01
  4.87837055E+00  1.50000000E+01
  4.82787304E+00  1.50000000E+01
  4.77737553E+00  1.50000000E+01
  4.72687802E+00  1.50000000E+01
  4.67638050E+00  1.50000000E+01
  4.62588299E+00  1.50000000E+01
  4.57538548E+00  1.50000000E+01
  4.52488797E+00  1.50000000E+01
  4.47439046E+00  1.50000000E+01
  4.42389294E+00  1.50000000E+01
  4.37339543E+00  1.50000000E+01
  4.32289792E+00  1.50000000E+01
  4.27240041E+00  1.50000000E+01
  4.22190289E+00  1.50000000E+01
  4.17140538E+00  1.50000000E+01
  4.12090787E+00  1.50000000E+01
  4.07041036E+00  1.50000000E+01
  4.01991284E+00  1.50000000E+01
  3.96941533E+00  1.50000000E+01
  3.91891782E+00  1.50000000E+01
  3.86842031E+00  1.50000000E+01
  3.81792279E+00  1.50000000E+01
  3.76742528E+00  1.50000000E+01
  3.71692777E+00  1.50000000E+01
  3.66643026E+00  1.50000000E+01
  3.61593274E+00  1.50000000E+01
  3.56543523E+00  1.50000000E+01
  3.51493772E+00  1.50000000E+01
  3.46444021E+00  1.50000000E+01
  3.41394269E+00  1.50000000E+01
  3.36344518E+00  1.50000000E+01
  3.31294767E+00  1.50000000E+01
  3.26245016E+00  1.50000000E+01
  3.21195264E+00  1.50000000E+01
  3.16145513E+00  1.50000000E+01
  3.11095762E+00  1.50000000E+01
  3.06046011E+00  1.50000000E+01
  3.00996259E+00  1.50000000E+01
  2.95946508E+00  1.50000000E+01
  2.90896757E+00  1.50000000E+01
  2.85847006E+00  1.50000000E+01
  2.80797254E+00  1.50000000E+01
  2.75747503E+00  1.50000000E+01
  2.70697752E+00  1.50000000E+01
  2.65648001E+00  1.50000000E+01
  2.60598249E+00  1.50000000E+01
  2.55548498E+00  1.50000000E+01
  2.50498747E+00  1.50000000E+01
  2.45448996E+00  1.50000000E+01
  2.40399245E+00  1.50000000E+01
  2.35349493E+00  1.50000000E+01
  2.30299742E+00  1.50000000E+01
  2.25249991E+00  1.50000000E+01
  2.20200240E+00  1.50000000E+01
  2.15150488E+00  1.50000000E+01
  2.10100737E+00  1.50000000E+01
  2.05050986E+00  1.50000000E+01
  2.00001235E+00  1.50000000E+01
  1.94951483E+00  1.50000000E+01
  1.89901732E+00  1.50000000E+01
  1.84851981E+00  1.50000000E+01
  1.79802230E+00  1.50000000E+01
  1.74752478E+00  1.50000000E+01
  1.69702727E+00  1.50000000E+01
  1.64652976E+00  1.50000000E+01
  1.59603225E+00  1.50000000E+01
  1.54553473E+00  1.50000000E+01
  1.49503722E+00  1.50000000E+01
  1.44453971E+00  1.50000000E+01
  1.39404220E+00  1.50000000E+01
  1.34354468E+00  1.50000000E+01
  1.29304717E+00  1.50000000E+01
  1.24254966E+00  1.50000000E+01
  1.19205215E+00  1.50000000E+01
  1.14155463E+00  1.50000000E+01
  1.09105712E+00  1.50000000E+01
  1.04055961E+00  1.50000000E+01
  9.90062097E-01  1.50000000E+01
  9.39564584E-01  1.50000000E+01
  8.89067072E-01  1.50000000E+01
  8.38569560E-01  1.50000000E+01
  7.88072047E-01  1.50000000E+01
  7.37574535E-01  1.50000000E+01
  6.87077022E-01  1.50000000E+01
  6.36579510E-01  1.50000000E+01
  5.86081997E-01  1.50000000E+01
  5.35584485E-01  1.50000000E+01
  4.85086973E-01  1.50000000E+01
  4.34589460E-01  1.50000000E+01
  3.84091948E-01  1.50000000E+01
  3.33594435E-01  1.50000000E+01
  2.83096923E-01  1.50000000E+01
  2.32599410E-01  1.50000000E+01
  1.82101898E-01  1.50000000E+01
  1.31604385E-01  1.50000000E+01
  8.11068730E-02  1.50000000E+01
  3.06093606E-02  1.50000000E+01
  0.00000000E+00  1.49994593E+01
  0.00000000E+00  1.49259968E+01
  0.00000000E+00  1.48782653E+01
  0.00000000E+00  1.48048028E+01
  0.00000000E+00  1.47570712E+01
  0.00000000E+00  1.46836088E+01
  0.00000000E+00  1.46358772E+01
  0.00000000E+00  1.45624147E+01
  0.00000000E+00  1.45146832E+01
  0.00000000E+00  1.44412207E+01
  0.00000000E+00  1.43934891E+01
  0.00000000E+00  1.43200267E+01
  0.00000000E+00  1.42722951E+01
  0.00000000E+00  1.41988326E+01
  0.00000000E+00  1.41511011E+01
  0.00000000E+00  1.40776386E+01
  0.00000000E+00  1.40299070E+01
  0.00000000E+00  1.39564446E+01
  0.00000000E+00  1.39087130E+01
  0.00000000E+00  1.38352505E+01
  0.00000000E+00  1.37875190E+01
  0.00000000E+00  1.37140565E+01
  0.00000000E+00  1.36663250E+01
  0.00000000E+00  1.35928625E+01
  0.00000000E+00  1.35451309E+01
  0.00000000E+00  1.34716685E+01
  0.00000000E+00  1.34239369E+01
  0.00000000E+00  1.33504744E+01
  0.00000000E+00  1.33027429E+01
  0.00000000E+00  1.32292804E+01
  0.00000000E+00  1.31815488E+01
  0.00000000E+00  1.31080864E+01
  0.00000000E+00  1.30603548E+01
  0.00000000E+00  1.29868923E+01
  0.00000000E+00  1.29391608E+01
  0.00000000E+00  1.28656983E+01
  0.00000000E+00  1.28179667E+01
  0.00000000E+00  1.27445043E+01
  0.00000000E+00  1.26967727E+01
  0.00000000E+00  1.26233102E+01
  0.00000000E+00  1.25755787E+01
  0.00000000E+00  1.25021162E+01
  0.00000000E+00  1.24543847E+01
  0.00000000E+00  1.23809222E+01
  0.00000000E+00  1.23331906E+01
  0.00000000E+00  1.22597282E+01
  0.00000000E+00  1.22119966E+01
  0.00000000E+00  1.21385341E+01
  0.00000000E+00  1.20908026E+01
  0.00000000E+00  1.20173401E+01
  0.00000000E+00  1.19696085E+01
  0.00000000E+00  1.18961461E+01
  0.00000000E+00  1.18484145E+01
  0.00000000E+00  1.17749520E+01
  0.00000000E+00  1.17272205E+01
  0.00000000E+00  1.16537580E+01
  0.00000000E+00  1.16060264E+01
  0.00000000E+00  1.15325640E+01
  0.00000000E+00  1.14848324E+01
  0.00000000E+00  1.14113700E+01
  0.00000000E+00  1.13636384E+01
  0.00000000E+00  1.12901759E+01
  0.00000000E+00  1.12424444E+01
  0.00000000E+00  1.11689819E+01
  0.00000000E+00  1.11212503E+01
  0.00000000E+00  1.10477879E+01
  0.00000000E+00  1.10000563E+01
  0.00000000E+00  1.09265938E+01
  0.00000000E+00  1.08788623E+01
  0.00000000E+00  1.08053998E+01
  0.00000000E+00  1.07576682E+01
  0.00000000E+00  1.06842058E+01
  0.00000000E+00  1.06364742E+01
  0.00000000E+00  1.05630117E+01
  0.00000000E+00  1.05152802E+01
  0.00000000E+00  1.04418177E+01
  0.00000000E+00  1.03940861E+01
  0.00000000E+00  1.03206237E+01
  0.00000000E+00  1.02728921E+01
  0.00000000E+00  1.01994297E+01
  0.00000000E+00  1.01516981E+01
  0.00000000E+00  1.00782356E+01
  0.00000000E+00  1.00305041E+01
  0.00000000E+00  9.95704159E+00
  0.00000000E+00  9.90931003E+00
  0.00000000E+00  9.83584756E+00
  0.00000000E+00  9.78811600E+00
  0.00000000E+00  9.71465353E+00
  0.00000000E+00  9.66692197E+00
  0.00000000E+00  9.59345950E+00
  0.00000000E+00  9.54572794E+00
  0.00000000E+00  9.47226547E+00
  0.00000000E+00  9.42453391E+00
  0.00000000E+00  9.35107144E+00
  0.00000000E+00  9.30333988E+00
  0.00000000E+00  9.22987741E+00
  0.00000000E+00  9.18214585E+00
  0.00000000E+00  9.10868338E+00
  0.00000000E+00  9.06095182E+00
  0.00000000E+00  8.98748935E+00
  0.00000000E+00  8.93975779E+00
  0.00000000E+00  8.86629532E+00
  0.00000000E+00  8.81856376E+00
  0.00000000E+00  8.74510129E+00
  0.00000000E+00  8.69736973E+00
  0.00000000E+00  8.62390726E+00
  0.00000000E+00  8.57617570E+00
  0.00000000E+00  8.50271323E+00
  0.00000000E+00  8.45498167E+00
  0.00000000E+00  8.38151920E+00
  0.00000000E+00  8.33378764E+00
  0.00000000E+00  8.26032517E+00
  0.00000000E+00  8.21259361E+00
  0.00000000E+00  8.13913114E+00
  0.00000000E+00  8.09139958E+00
  0.00000000E+00  8.01793711E+00
  0.00000000E+00  7.97020555E+00
  0.00000000E+00  7.89674308E+00
  0.00000000E+00  7.84901152E+00
  0.00000000E+00  7.77554905E+00
  0.00000000E+00  7.72781749E+00
  0.00000000E+00  7.65435502E+00
  0.00000000E+00  7.60662346E+00
  0.00000000E+00  7.53316100E+00
  0.00000000E+00  7.48542943E+00
  0.00000000E+00  7.41196697E+00
  0.00000000E+00  7.36423540E+00
  0.00000000E+00  7.29077294E+00
  0.00000000E+00  7.24304137E+00
  0.00000000E+00  7.16957891E+00
  0.00000000E+00  7.12184734E+00
  0.00000000E+00  7.04838488E+00
  0.00000000E+00  7.00065331E+00
  0.00000000E+00  6.92719085E+00
  0.00000000E+00  6.87945928E+00
  0.00000000E+00  6.80599682E+00
  0.00000000E+00  6.75826525E+00
  0.00000000E+00  6.68480279E+00
  0.00000000E+00  6.63707122E+00
  0.00000000E+00  6.56360876E+00
  0.00000000E+00  6.51587719E+00
  0.00000000E+00  6.44241473E+00
  0.00000000E+00  6.39468316E+00
  0.00000000E+00  6.32122070E+00
  0.00000000E+00  6.27348913E+00
  0.00000000E+00  6.20002667E+00
  0.00000000E+00  6.15229510E+00
  0.00000000E+00  6.07883264E+00
  0.00000000E+00  6.03110107E+00
  0.00000000E+00  5.95763861E+00
  0.00000000E+00  5.90990704E+00
  0.00000000E+00  5.83644458E+00
  0.00000000E+00  5.78871301E+00
  0.00000000E+00  5.71525055E+00
  0.00000000E+00  5.66751898E+00
  0.00000000E+00  5.59405652E+00
  0.00000000E+00  5.54632495E+00
  0.00000000E+00  5.47286249E+00
  0.00000000E+00  5.42513092E+00
  0.00000000E+00  5.35166846E+00
  0.00000000E+00  5.30393689E+00
  0.00000000E+00  5.23047443E+00
  0.00000000E+00  5.18274286E+00
  0.00000000E+00  5.10928040E+00
  0.00000000E+00  5.06154883E+00
  0.00000000E+00  4.98808637E+00
  0.00000000E+00  4.94035480E+00
  0.00000000E+00  4.86689234E+00
  0.00000000E+00  4.81916077E+00
  0.00000000E+00  4.74569831E+00
  0.00000000E+00  4.69796674E+00
  0.00000000E+00  4.62450428E+00
  0.00000000E+00  4.57677271E+00
  0.00000000E+00  4.50331025E+00
  0.00000000E+00  4.45557868E+00
  0.00000000E+00  4.38211622E+00
  0.00000000E+00  4.33438465E+00
  0.00000000E+00  4.26092219E+00
  0.00000000E+00  4.21319062E+00
  0.00000000E+00  4.13972816E+00
  0.00000000E+00  4.09199659E+00
  0.00000000E+00  4.01853413E+00
  0.00000000E+00  3.97080256E+00
  0.00000000E+00  3.89734010E+00
  0.00000000E+00  3.84960854E+00
  0.00000000E+00  3.77614607E+00
  0.00000000E+00  3.72841451E+00
  0.00000000E+00  3.65495204E+00
  0.00000000E+00  3.60722048E+00
  0.00000000E+00  3.53375801E+00
  0.00000000E+00  3.48602645E+00
  0.00000000E+00  3.41256398E+00
  0.00000000E+00  3.36483242E+00
  0.00000000E+00  3.29136995E+00
  0.00000000E+00  3.24363839E+00
  0.00000000E+00  3.17017592E+00
  0.00000000E+00  3.12244436E+00
  0.00000000E+00  3.04898189E+00
  0.00000000E+00  3.00125033E+00
  0.00000000E+00  2.92778786E+00
  0.00000000E+00  2.88005630E+00
  0.00000000E+00  2.80659383E+00
  0.00000000E+00  2.75886227E+00
  0.00000000E+00  2.68539980E+00
  0.00000000E+00  2.63766824E+00
  0.00000000E+00  2.56420577E+00
  0.00000000E+00  2.51647421E+00
  0.00000000E+00  2.44301174E+00
  0.00000000E+00  2.39528018E+00
  0.00000000E+00  2.32181771E+00
  0.00000000E+00  2.27408615E+00
  0.00000000E+00  2.20062368E+00
  0.00000000E+00  2.15289212E+00
  0.00000000E+00  2.07942965E+00
  0.00000000E+00  2.03169809E+00
  0.00000000E+00  1.95823562E+00
  0.00000000E+00  1.91050406E+00
  0.00000000E+00  1.83704159E+00
  0.00000000E+00  1.78931003E+00
  0.00000000E+00  1.71584756E+00
  0.00000000E+00  1.66811600E+00
  0.00000000E+00  1.59465353E+00
  0.00000000E+00  1.54692197E+00
  0.00000000E+00  1.47345950E+00
  0.00000000E+00  1.42572794E+00
  0.00000000E+00  1.35226547E+00
  0.00000000E+00  1.30453391E+00
  0.00000000E+00  1.23107144E+00
  0.00000000E+00  1.18333988E+00
  0.00000000E+00  1.10987741E+00
  0.00000000E+00  1.06214585E+00
  0.00000000E+00  9.88683383E-01
  0.00000000E+00  9.40951819E-01
  0.00000000E+00  8.67489353E-01
  0.00000000E+00  8.19757789E-01
  0.00000000E+00  7.46295323E-01
  0.00000000E+00  6.98563759E-01
  0.00000000E+00  6.25101294E-01
  0.00000000E+00  5.77369729E-01
  0.00000000E+00  5.03907264E-01
  0.00000000E+00  4.56175699E-01
  0.00000000E+00  3.82713234E-01
  0.00000000E+00  3.34981669E-01
  0.00000000E+00  2.61519204E-01
  0.00000000E+00  2.13787640E-01
  0.00000000E+00  1.40325174E-01
  0.00000000E+00  9.25936097E-02

w:200/ x(   0.2500000E+01) y(   0.7500000E+01) ix(2) iy(2) s(   0.7000E+00)

hb:   line clip z   cb(lightgray)
clip:
  3.19018740E-01  3.00000000E-01
  4.69095620E+00  3.00000000E-01
  4.70000000E+00  3.34981669E-01
  4.70000000E+00  3.91668458E-01
  4.70000000E+00  4.56175699E-01
  4.70000000E+00  5.12862488E-01
  4.70000000E+00  5.77369729E-01
  4.70000000E+00  6.34056517E-01
  4.70000000E+00  6.98563759E-01
  4.70000000E+00  7.55250547E-01
  4.70000000E+00  8.19757789E-01
  4.70000000E+00  8.76444577E-01
  4.70000000E+00  9.40951819E-01
  4.70000000E+00  9.97638607E-01
  4.70000000E+00  1.06214585E+00
  4.70000000E+00  1.11883264E+00
  4.70000000E+00  1.18333988E+00
  4.70000000E+00  1.24002667E+00
  4.70000000E+00  1.30453391E+00
  4.70000000E+00  1.36122070E+00
  4.70000000E+00  1.42572794E+00
  4.70000000E+00  1.48241473E+00
  4.70000000E+00  1.54692197E+00
  4.70000000E+00  1.60360876E+00
  4.70000000E+00  1.66811600E+00
  4.70000000E+00  1.72480279E+00
  4.70000000E+00  1.78931003E+00
  4.70000000E+00  1.84599682E+00
  4.70000000E+00  1.91050406E+00
  4.70000000E+00  1.96719085E+00
  4.70000000E+00  2.03169809E+00
  4.70000000E+00  2.08838488E+00
  4.70000000E+00  2.15289212E+00
  4.70000000E+00  2.20957891E+00
  4.70000000E+00  2.27408615E+00
  4.70000000E+00  2.33077294E+00
  4.70000000E+00  2.39528018E+00
  4.70000000E+00  2.45196697E+00
  4.70000000E+00  2.51647421E+00
  4.70000000E+00  2.57316100E+00
  4.70000000E+00  2.63766824E+00
  4.70000000E+00  2.69435502E+00
  4.70000000E+00  2.75886227E+00
  4.70000000E+00  2.81554905E+00
  4.70000000E+00  2.88005630E+00
  4.70000000E+00  2.93674308E+00
  4.70000000E+00  3.00125033E+00
  4.70000000E+00  3.05793711E+00
  4.70000000E+00  3.12244436E+00
  4.70000000E+00  3.17913114E+00
  4.70000000E+00  3.24363839E+00
  4.70000000E+00  3.30032517E+00
  4.70000000E+00  3.36483242E+00
  4.70000000E+00  3.42151920E+00
  4.70000000E+00  3.48602645E+00
  4.70000000E+00  3.54271323E+00
  4.70000000E+00  3.60722048E+00
  4.70000000E+00  3.66390726E+00
  4.70000000E+00  3.72841451E+00
  4.70000000E+00  3.78510129E+00
  4.70000000E+00  3.84960854E+00
  4.70000000E+00  3.90629532E+00
  4.70000000E+00  3.97080256E+00
  4.70000000E+00  4.02748935E+00
  4.70000000E+00  4.09199659E+00
  4.70000000E+00  4.14868338E+00
  4.70000000E+00  4.21319062E+00
  4.70000000E+00  4.26987741E+00
  4.70000000E+00  4.33438465E+00
  4.70000000E+00  4.39107144E+00
  4.70000000E+00  4.45557868E+00
  4.70000000E+00  4.51226547E+00
  4.70000000E+00  4.57677271E+00
  4.70000000E+00  4.63345950E+00
  4.70000000E+00  4.69796674E+00
  4.70000000E+00  4.75465353E+00
  4.70000000E+00  4.81916077E+00
  4.70000000E+00  4.87584756E+00
  4.70000000E+00  4.94035480E+00
  4.70000000E+00  4.99704159E+00
  4.70000000E+00  5.06154883E+00
  4.70000000E+00  5.11823562E+00
  4.70000000E+00  5.18274286E+00
  4.70000000E+00  5.23942965E+00
  4.70000000E+00  5.30393689E+00
  4.70000000E+00  5.36062368E+00
  4.70000000E+00  5.42513092E+00
  4.70000000E+00  5.48181771E+00
  4.70000000E+00  5.54632495E+00
  4.70000000E+00  5.60301174E+00
  4.70000000E+00  5.66751898E+00
  4.70000000E+00  5.72420577E+00
  4.70000000E+00  5.78871301E+00
  4.70000000E+00  5.84539980E+00
  4.70000000E+00  5.90990704E+00
  4.70000000E+00  5.96659383E+00
  4.70000000E+00  6.03110107E+00
  4.70000000E+00  6.08778786E+00
  4.70000000E+00  6.15229510E+00
  4.70000000E+00  6.20898189E+00
  4.70000000E+00  6.27348913E+00
  4.70000000E+00  6.33017592E+00
  4.70000000E+00  6.39468316E+00
  4.70000000E+00  6.45136995E+00
  4.70000000E+00  6.51587719E+00
  4.70000000E+00  6.57256398E+00
  4.70000000E+00  6.63707122E+00
  4.70000000E+00  6.69375801E+00
  4.70000000E+00  6.75826525E+00
  4.70000000E+00  6.81495204E+00
  4.70000000E+00  6.87945928E+00
  4.70000000E+00  6.93614607E+00
  4.70000000E+00  7.00065331E+00
  4.70000000E+00  7.05734010E+00
  4.70000000E+00  7.12184734E+00
  4.70000000E+00  7.17853413E+00
  4.70000000E+00  7.24304137E+00
  4.70000000E+00  7.29972816E+00
  4.70000000E+00  7.36423540E+00
  4.70000000E+00  7.42092219E+00
  4.70000000E+00  7.48542943E+00
  4.70000000E+00  7.54211622E+00
  4.70000000E+00  7.60662346E+00
  4.70000000E+00  7.66331025E+00
  4.70000000E+00  7.72781749E+00
  4.70000000E+00  7.78450428E+00
  4.70000000E+00  7.84901152E+00
  4.70000000E+00  7.90569831E+00
  4.70000000E+00  7.97020555E+00
  4.70000000E+00  8.02689234E+00
  4.70000000E+00  8.09139958E+00
  4.70000000E+00  8.14808637E+00
  4.70000000E+00  8.21259361E+00
  4.70000000E+00  8.26928040E+00
  4.70000000E+00  8.33378764E+00
  4.70000000E+00  8.39047443E+00
  4.70000000E+00  8.45498167E+00
  4.70000000E+00  8.51166846E+00
  4.70000000E+00  8.57617570E+00
  4.70000000E+00  8.63286249E+00
  4.70000000E+00  8.69736973E+00
  4.70000000E+00  8.75405652E+00
  4.70000000E+00  8.81856376E+00
  4.70000000E+00  8.87525055E+00
  4.70000000E+00  8.93975779E+00
  4.70000000E+00  8.99644458E+00
  4.70000000E+00  9.06095182E+00
  4.70000000E+00  9.11763861E+00
  4.70000000E+00  9.18214585E+00
  4.70000000E+00  9.23883264E+00
  4.70000000E+00  9.30333988E+00
  4.70000000E+00  9.36002667E+00
  4.70000000E+00  9.42453391E+00
  4.70000000E+00  9.48122070E+00
  4.70000000E+00  9.54572794E+00
  4.70000000E+00  9.60241473E+00
  4.70000000E+00  9.66692197E+00
  4.70000000E+00  9.72360876E+00
  4.70000000E+00  9.78811600E+00
  4.70000000E+00  9.84480279E+00
  4.70000000E+00  9.90931003E+00
  4.70000000E+00  9.96599682E+00
  4.70000000E+00  1.00305041E+01
  4.70000000E+00  1.00871908E+01
  4.70000000E+00  1.01516981E+01
  4.70000000E+00  1.02083849E+01
  4.70000000E+00  1.02728921E+01
  4.70000000E+00  1.03295789E+01
  4.70000000E+00  1.03940861E+01
  4.70000000E+00  1.04507729E+01
  4.70000000E+00  1.05152802E+01
  4.70000000E+00  1.05719670E+01
  4.70000000E+00  1.06364742E+01
  4.70000000E+00  1.06931610E+01
  4.70000000E+00  1.07576682E+01
  4.70000000E+00  1.08143550E+01
  4.70000000E+00  1.08788623E+01
  4.70000000E+00  1.09355491E+01
  4.70000000E+00  1.10000563E+01
  4.70000000E+00  1.10567431E+01
  4.70000000E+00  1.11212503E+01
  4.70000000E+00  1.11779371E+01
  4.70000000E+00  1.12424444E+01
  4.70000000E+00  1.12991311E+01
  4.70000000E+00  1.13636384E+01
  4.70000000E+00  1.14203252E+01
  4.70000000E+00  1.14848324E+01
  4.70000000E+00  1.15415192E+01
  4.70000000E+00  1.16060264E+01
  4.70000000E+00  1.16627132E+01
  4.70000000E+00  1.17272205E+01
  4.70000000E+00  1.17839073E+01
  4.70000000E+00  1.18484145E+01
  4.70000000E+00  1.19051013E+01
  4.70000000E+00  1.19696085E+01
  4.70000000E+00  1.20262953E+01
  4.70000000E+00  1.20908026E+01
  4.70000000E+00  1.21474894E+01
  4.70000000E+00  1.22119966E+01
  4.70000000E+00  1.22686834E+01
  4.70000000E+00  1.23331906E+01
  4.70000000E+00  1.23898774E+01
  4.70000000E+00  1.24543847E+01
  4.70000000E+00  1.25110714E+01
  4.70000000E+00  1.25755787E+01
  4.70000000E+00  1.26322655E+01
  4.70000000E+00  1.26967727E+01
  4.70000000E+00  1.27534595E+01
  4.70000000E+00  1.28179667E+01
  4.70000000E+00  1.28746535E+01
  4.70000000E+00  1.29391608E+01
  4.70000000E+00  1.29958476E+01
  4.70000000E+00  1.30603548E+01
  4.70000000E+00  1.31170416E+01
  4.70000000E+00  1.31815488E+01
  4.70000000E+00  1.32382356E+01
  4.70000000E+00  1.33027429E+01
  4.70000000E+00  1.33594297E+01
  4.70000000E+00  1.34239369E+01
  4.70000000E+00  1.34806237E+01
  4.70000000E+00  1.35451309E+01
  4.70000000E+00  1.36018177E+01
  4.70000000E+00  1.36663250E+01
  4.70000000E+00  1.37230117E+01
  4.70000000E+00  1.37875190E+01
  4.70000000E+00  1.38442058E+01
  4.70000000E+00  1.39087130E+01
  4.70000000E+00  1.39653998E+01
  4.70000000E+00  1.40299070E+01
  4.70000000E+00  1.40865938E+01
  4.70000000E+00  1.41511011E+01
  4.70000000E+00  1.42077879E+01
  4.70000000E+00  1.42722951E+01
  4.70000000E+00  1.43289819E+01
  4.70000000E+00  1.43934891E+01
  4.70000000E+00  1.44501759E+01
  4.70000000E+00  1.45146832E+01
  4.70000000E+00  1.45713700E+01
  4.70000000E+00  1.46358772E+01
  4.70000000E+00  1.46925640E+01
  4.67638050E+00  1.47000000E+01
  4.64966267E+00  1.47000000E+01
  4.62588299E+00  1.47000000E+01
  4.59916516E+00  1.47000000E+01
  4.57538548E+00  1.47000000E+01
  4.54866764E+00  1.47000000E+01
  4.52488797E+00  1.47000000E+01
  4.49817013E+00  1.47000000E+01
  4.47439046E+00  1.47000000E+01
  4.44767262E+00  1.47000000E+01
  4.42389294E+00  1.47000000E+01
  4.39717511E+00  1.47000000E+01
  4.37339543E+00  1.47000000E+01
  4.34667759E+00  1.47000000E+01
  4.32289792E+00  1.47000000E+01
  4.29618008E+00  1.47000000E+01
  4.27240041E+00  1.47000000E+01
  4.24568257E+00  1.47000000E+01
  4.22190289E+00  1.47000000E+01
  4.19518506E+00  1.47000000E+01
  4.17140538E+00  1.47000000E+01
  4.14468754E+00  1.47000000E+01
  4.12090787E+00  1.47000000E+01
  4.09419003E+00  1.47000000E+01
  4.07041036E+00  1.47000000E+01
  4.04369252E+00  1.47000000E+01
  4.01991284E+00  1.47000000E+01
  3.99319501E+00  1.47000000E+01
  3.96941533E+00  1.47000000E+01
  3.94269749E+00  1.47000000E+01
  3.91891782E+00  1.47000000E+01
  3.89219998E+00  1.47000000E+01
  3.86842031E+00  1.47000000E+01
  3.84170247E+00  1.47000000E+01
  3.81792279E+00  1.47000000E+01
  3.79120496E+00  1.47000000E+01
  3.76742528E+00  1.47000000E+01
  3.74070744E+00  1.47000000E+01
  3.71692777E+00  1.47000000E+01
  3.69020993E+00  1.47000000E+01
  3.66643026E+00  1.47000000E+01
  3.63971242E+00  1.47000000E+01
  3.61593274E+00  1.47000000E+01
  3.58921491E+00  1.47000000E+01
  3.56543523E+00  1.47000000E+01
  3.53871739E+00  1.47000000E+01
  3.51493772E+00  1.47000000E+01
  3.48821988E+00  1.47000000E+01
  3.46444021E+00  1.47000000E+01
  3.43772237E+00  1.47000000E+01
  3.41394269E+00  1.47000000E+01
  3.38722486E+00  1.47000000E+01
  3.36344518E+00  1.47000000E+01
  3.33672734E+00  1.47000000E+01
  3.31294767E+00  1.47000000E+01
  3.28622983E+00  1.47000000E+01
  3.26245016E+00  1.47000000E+01
  3.23573232E+00  1.47000000E+01
  3.21195264E+00  1.47000000E+01
  3.18523481E+00  1.47000000E+01
  3.16145513E+00  1.47000000E+01
  3.13473730E+00  1.47000000E+01
  3.11095762E+00  1.47000000E+01
  3.08423978E+00  1.47000000E+01
  3.06046011E+00  1.47000000E+01
  3.03374227E+00  1.47000000E+01
  3.00996259E+00  1.47000000E+01
  2.98324476E+00  1.47000000E+01
  2.95946508E+00  1.47000000E+01
  2.93274725E+00  1.47000000E+01
  2.90896757E+00  1.47000000E+01
  2.88224973E+00  1.47000000E+01
  2.85847006E+00  1.47000000E+01
  2.83175222E+00  1.47000000E+01
  2.80797254E+00  1.47000000E+01
  2.78125471E+00  1.47000000E+01
  2.75747503E+00  1.47000000E+01
  2.73075720E+00  1.47000000E+01
  2.70697752E+00  1.47000000E+01
  2.68025968E+00  1.47000000E+01
  2.65648001E+00  1.47000000E+01
  2.62976217E+00  1.47000000E+01
  2.60598249E+00  1.47000000E+01
  2.57926466E+00  1.47000000E+01
  2.55548498E+00  1.47000000E+01
  2.52876715E+00  1.47000000E+01
  2.50498747E+00  1.47000000E+01
  2.47826963E+00  1.47000000E+01
  2.45448996E+00  1.47000000E+01
  2.42777212E+00  1.47000000E+01
  2.40399245E+00  1.47000000E+01
  2.37727461E+00  1.47000000E+01
  2.35349493E+00  1.47000000E+01
  2.32677710E+00  1.47000000E+01
  2.30299742E+00  1.47000000E+01
  2.27627958E+00  1.47000000E+01
  2.25249991E+00  1.47000000E+01
  2.22578207E+00  1.47000000E+01
  2.20200240E+00  1.47000000E+01
  2.17528456E+00  1.47000000E+01
  2.15150488E+00  1.47000000E+01
  2.12478705E+00  1.47000000E+01
  2.10100737E+00  1.47000000E+01
  2.07428953E+00  1.47000000E+01
  2.05050986E+00  1.47000000E+01
  2.02379202E+00  1.47000000E+01
  2.00001235E+00  1.47000000E+01
  1.97329451E+00  1.47000000E+01
  1.94951483E+00  1.47000000E+01
  1.92279700E+00  1.47000000E+01
  1.89901732E+00  1.47000000E+01
  1.87229948E+00  1.47000000E+01
  1.84851981E+00  1.47000000E+01
  1.82180197E+00  1.47000000E+01
  1.79802230E+00  1.47000000E+01
  1.77130446E+00  1.47000000E+01
  1.74752478E+00  1.47000000E+01
  1.72080695E+00  1.47000000E+01
  1.69702727E+00  1.47000000E+01
  1.67030943E+00  1.47000000E+01
  1.64652976E+00  1.47000000E+01
  1.61981192E+00  1.47000000E+01
  1.59603225E+00  1.47000000E+01
  1.56931441E+00  1.47000000E+01
  1.54553473E+00  1.47000000E+01
  1.51881690E+00  1.47000000E+01
  1.49503722E+00  1.47000000E+01
  1.46831938E+00  1.47000000E+01
  1.44453971E+00  1.47000000E+01
  1.41782187E+00  1.47000000E+01
  1.39404220E+00  1.47000000E+01
  1.36732436E+00  1.47000000E+01
  1.34354468E+00  1.47000000E+01
  1.31682685E+00  1.47000000E+01
  1.29304717E+00  1.47000000E+01
  1.26632933E+00  1.47000000E+01
  1.24254966E+00  1.47000000E+01
  1.21583182E+00  1.47000000E+01
  1.19205215E+00  1.47000000E+01
  1.16533431E+00  1.47000000E+01
  1.14155463E+00  1.47000000E+01
  1.11483680E+00  1.47000000E+01
  1.09105712E+00  1.47000000E+01
  1.06433929E+00  1.47000000E+01
  1.04055961E+00  1.47000000E+01
  1.01384177E+00  1.47000000E+01
  9.90062097E-01  1.47000000E+01
  9.63344260E-01  1.47000000E+01
  9.39564584E-01  1.47000000E+01
  9.12846748E-01  1.47000000E+01
  8.89067072E-01  1.47000000E+01
  8.62349235E-01  1.47000000E+01
  8.38569560E-01  1.47000000E+01
  8.11851723E-01  1.47000000E+01
  7.88072047E-01  1.47000000E+01
  7.61354210E-01  1.47000000E+01
  7.37574535E-01  1.47000000E+01
  7.10856698E-01  1.47000000E+01
  6.87077022E-01  1.47000000E+01
  6.60359186E-01  1.47000000E+01
  6.36579510E-01  1.47000000E+01
  6.09861673E-01  1.47000000E+01
  5.86081997E-01  1.47000000E+01
  5.59364161E-01  1.47000000E+01
  5.35584485E-01  1.47000000E+01
  5.08866648E-01  1.47000000E+01
  4.85086973E-01  1.47000000E+01
  4.58369136E-01  1.47000000E+01
  4.34589460E-01  1.47000000E+01
  4.07871623E-01  1.47000000E+01
  3.84091948E-01  1.47000000E+01
  3.57374111E-01  1.47000000E+01
  3.33594435E-01  1.47000000E+01
  3.06876598E-01  1.47000000E+01
  3.00000000E-01  1.46358772E+01
  3.00000000E-01  1.45552505E+01
  3.00000000E-01  1.45146832E+01
  3.00000000E-01  1.44340565E+01
  3.00000000E-01  1.43934891E+01
  3.00000000E-01  1.43128625E+01
  3.00000000E-01  1.42722951E+01
  3.00000000E-01  1.41916685E+01
  3.00000000E-01  1.41511011E+01
  3.00000000E-01  1.40704744E+01
  3.00000000E-01  1.40299070E+01
  3.00000000E-01  1.39492804E+01
  3.00000000E-01  1.39087130E+01
  3.00000000E-01  1.38280864E+01
  3.00000000E-01  1.37875190E+01
  3.00000000E-01  1.37068923E+01
  3.00000000E-01  1.36663250E+01
  3.00000000E-01  1.35856983E+01
  3.00000000E-01  1.35451309E+01
  3.00000000E-01  1.34645043E+01
  3.00000000E-01  1.34239369E+01
  3.00000000E-01  1.33433102E+01
  3.00000000E-01  1.33027429E+01
  3.00000000E-01  1.32221162E+01
  3.00000000E-01  1.31815488E+01
  3.00000000E-01  1.31009222E+01
  3.00000000E-01  1.30603548E+01
  3.00000000E-01  1.29797282E+01
  3.00000000E-01  1.29391608E+01
  3.00000000E-01  1.28585341E+01
  3.00000000E-01  1.28179667E+01
  3.00000000E-01  1.27373401E+01
  3.00000000E-01  1.26967727E+01
  3.00000000E-01  1.26161461E+01
  3.00000000E-01  1.25755787E+01
  3.00000000E-01  1.24949520E+01
  3.00000000E-01  1.24543847E+01
  3.00000000E-01  1.23737580E+01
  3.00000000E-01  1.23331906E+01
  3.00000000E-01  1.22525640E+01
  3.00000000E-01  1.22119966E+01
  3.00000000E-01  1.21313700E+01
  3.00000000E-01  1.20908026E+01
  3.00000000E-01  1.20101759E+01
  3.00000000E-01  1.19696085E+01
  3.00000000E-01  1.18889819E+01
  3.00000000E-01  1.18484145E+01
  3.00000000E-01  1.17677879E+01
  3.00000000E-01  1.17272205E+01
  3.00000000E-01  1.16465938E+01
  3.00000000E-01  1.16060264E+01
  3.00000000E-01  1.15253998E+01
  3.00000000E-01  1.14848324E+01
  3.00000000E-01  1.14042058E+01
  3.00000000E-01  1.13636384E+01
  3.00000000E-01  1.12830117E+01
  3.00000000E-01  1.12424444E+01
  3.00000000E-01  1.11618177E+01
  3.00000000E-01  1.11212503E+01
  3.00000000E-01  1.10406237E+01
  3.00000000E-01  1.10000563E+01
  3.00000000E-01  1.09194297E+01
  3.00000000E-01  1.08788623E+01
  3.00000000E-01  1.07982356E+01
  3.00000000E-01  1.07576682E+01
  3.00000000E-01  1.06770416E+01
  3.00000000E-01  1.06364742E+01
  3.00000000E-01  1.05558476E+01
  3.00000000E-01  1.05152802E+01
  3.00000000E-01  1.04346535E+01
  3.00000000E-01  1.03940861E+01
  3.00000000E-01  1.03134595E+01
  3.00000000E-01  1.02728921E+01
  3.00000000E-01  1.01922655E+01
  3.00000000E-01  1.01516981E+01
  3.00000000E-01  1.00710714E+01
  3.00000000E-01  1.00305041E+01
  3.00000000E-01  9.94987741E+00
  3.00000000E-01  9.90931003E+00
  3.00000000E-01  9.82868338E+00
  3.00000000E-01  9.78811600E+00
  3.00000000E-01  9.70748935E+00
  3.00000000E-01  9.66692197E+00
  3.00000000E-01  9.58629532E+00
  3.00000000E-01  9.54572794E+00
  3.00000000E-01  9.46510129E+00
  3.00000000E-01  9.42453391E+00
  3.00000000E-01  9.34390726E+00
  3.00000000E-01  9.30333988E+00
  3.00000000E-01  9.22271323E+00
  3.00000000E-01  9.18214585E+00
  3.00000000E-01  9.10151920E+00
  3.00000000E-01  9.06095182E+00
  3.00000000E-01  8.98032517E+00
  3.00000000E-01  8.93975779E+00
  3.00000000E-01  8.85913114E+00
  3.00000000E-01  8.81856376E+00
  3.00000000E-01  8.73793711E+00
  3.00000000E-01  8.69736973E+00
  3.00000000E-01  8.61674308E+00
  3.00000000E-01  8.57617570E+00
  3.00000000E-01  8.49554905E+00
  3.00000000E-01  8.45498167E+00
  3.00000000E-01  8.37435502E+00
  3.00000000E-01  8.33378764E+00
  3.00000000E-01  8.25316100E+00
  3.00000000E-01  8.21259361E+00
  3.00000000E-01  8.13196697E+00
  3.00000000E-01  8.09139958E+00
  3.00000000E-01  8.01077294E+00
  3.00000000E-01  7.97020555E+00
  3.00000000E-01  7.88957891E+00
  3.00000000E-01  7.84901152E+00
  3.00000000E-01  7.76838488E+00
  3.00000000E-01  7.72781749E+00
  3.00000000E-01  7.64719085E+00
  3.00000000E-01  7.60662346E+00
  3.00000000E-01  7.52599682E+00
  3.00000000E-01  7.48542943E+00
  3.00000000E-01  7.40480279E+00
  3.00000000E-01  7.36423540E+00
  3.00000000E-01  7.28360876E+00
  3.00000000E-01  7.24304137E+00
  3.00000000E-01  7.16241473E+00
  3.00000000E-01  7.12184734E+00
  3.00000000E-01  7.04122070E+00
  3.00000000E-01  7.00065331E+00
  3.00000000E-01  6.92002667E+00
  3.00000000E-01  6.87945928E+00
  3.00000000E-01  6.79883264E+00
  3.00000000E-01  6.75826525E+00
  3.00000000E-01  6.67763861E+00
  3.00000000E-01  6.63707122E+00
  3.00000000E-01  6.55644458E+00
  3.00000000E-01  6.51587719E+00
  3.00000000E-01  6.43525055E+00
  3.00000000E-01  6.39468316E+00
  3.00000000E-01  6.31405652E+00
  3.00000000E-01  6.27348913E+00
  3.00000000E-01  6.19286249E+00
  3.00000000E-01  6.15229510E+00
  3.00000000E-01  6.07166846E+00
  3.00000000E-01  6.03110107E+00
  3.00000000E-01  5.95047443E+00
  3.00000000E-01  5.90990704E+00
  3.00000000E-01  5.82928040E+00
  3.00000000E-01  5.78871301E+00
  3.00000000E-01  5.70808637E+00
  3.00000000E-01  5.66751898E+00
  3.00000000E-01  5.58689234E+00
  3.00000000E-01  5.54632495E+00
  3.00000000E-01  5.46569831E+00
  3.00000000E-01  5.42513092E+00
  3.00000000E-01  5.34450428E+00
  3.00000000E-01  5.30393689E+00
  3.00000000E-01  5.22331025E+00
  3.00000000E-01  5.18274286E+00
  3.00000000E-01  5.10211622E+00
  3.00000000E-01  5.06154883E+00
  3.00000000E-01  4.98092219E+00
  3.00000000E-01  4.94035480E+00
  3.00000000E-01  4.85972816E+00
  3.00000000E-01  4.81916077E+00
  3.00000000E-01  4.73853413E+00
  3.00000000E-01  4.69796674E+00
  3.00000000E-01  4.61734010E+00
  3.00000000E-01  4.57677271E+00
  3.00000000E-01  4.49614607E+00
  3.00000000E-01  4.45557868E+00
  3.00000000E-01  4.37495204E+00
  3.00000000E-01  4.33438465E+00
  3.00000000E-01  4.25375801E+00
  3.00000000E-01  4.21319062E+00
  3.00000000E-01  4.13256398E+00
  3.00000000E-01  4.09199659E+00
  3.00000000E-01  4.01136995E+00
  3.00000000E-01  3.97080256E+00
  3.00000000E-01  3.89017592E+00
  3.00000000E-01  3.84960854E+00
  3.00000000E-01  3.76898189E+00
  3.00000000E-01  3.72841451E+00
  3.00000000E-01  3.64778786E+00
  3.00000000E-01  3.60722048E+00
  3.00000000E-01  3.52659383E+00
  3.00000000E-01  3.48602645E+00
  3.00000000E-01  3.40539980E+00
  3.00000000E-01  3.36483242E+00
  3.00000000E-01  3.28420577E+00
  3.00000000E-01  3.24363839E+00
  3.00000000E-01  3.16301174E+00
  3.00000000E-01  3.12244436E+00
  3.00000000E-01  3.04181771E+00
  3.00000000E-01  3.00125033E+00
  3.00000000E-01  2.92062368E+00
  3.00000000E-01  2.88005630E+00
  3.00000000E-01  2.79942965E+00
  3.00000000E-01  2.75886227E+00
  3.00000000E-01  2.67823562E+00
  3.00000000E-01  2.63766824E+00
  3.00000000E-01  2.55704159E+00
  3.00000000E-01  2.51647421E+00
  3.00000000E-01  2.43584756E+00
  3.00000000E-01  2.39528018E+00
  3.00000000E-01  2.31465353E+00
  3.00000000E-01  2.27408615E+00
  3.00000000E-01  2.19345950E+00
  3.00000000E-01  2.15289212E+00
  3.00000000E-01  2.07226547E+00
  3.00000000E-01  2.03169809E+00
  3.00000000E-01  1.95107144E+00
  3.00000000E-01  1.91050406E+00
  3.00000000E-01  1.82987741E+00
  3.00000000E-01  1.78931003E+00
  3.00000000E-01  1.70868338E+00
  3.00000000E-01  1.66811600E+00
  3.00000000E-01  1.58748935E+00
  3.00000000E-01  1.54692197E+00
  3.00000000E-01  1.46629532E+00
  3.00000000E-01  1.42572794E+00
  3.00000000E-01  1.34510129E+00
  3.00000000E-01  1.30453391E+00
  3.00000000E-01  1.22390726E+00
  3.00000000E-01  1.18333988E+00
  3.00000000E-01  1.10271323E+00
  3.00000000E-01  1.06214585E+00
  3.00000000E-01  9.81519204E-01
  3.00000000E-01  9.40951819E-01
  3.00000000E-01  8.60325174E-01
  3.00000000E-01  8.19757789E-01
  3.00000000E-01  7.39131144E-01
  3.00000000E-01  6.98563759E-01
  3.00000000E-01  6.17937114E-01
  3.00000000E-01  5.77369729E-01
  3.00000000E-01  4.96743085E-01
  3.00000000E-01  4.56175699E-01
  3.00000000E-01  3.75549055E-01
  3.00000000E-01  3.34981669E-01

w:300/ x(   0.2500000E+01) y(   0.1750000E+02) ix(2) iy(2) s(   0.7000E+00)

hb:   line clip z   cb(yellowgreen)
clip:
  2.25000000E+00  1.51146535E+01
  2.25249991E+00  1.50000000E+01
  2.30277212E+00  1.50000000E+01
  2.35326963E+00  1.50000000E+01
  2.40376715E+00  1.50000000E+01
  2.45426466E+00  1.50000000E+01
  2.50476217E+00  1.50000000E+01
  2.55525968E+00  1.50000000E+01
  2.60575720E+00  1.50000000E+01
  2.65625471E+00  1.50000000E+01
  2.70675222E+00  1.50000000E+01
  2.75000000E+00  1.50173994E+01
  2.75000000E+00  1.51206533E+01
  2.75000000E+00  1.52239073E+01
  2.75000000E+00  1.52418473E+01
  2.75000000E+00  1.53451013E+01
  2.75000000E+00  1.53630414E+01
  2.75000000E+00  1.54662953E+01
  2.75000000E+00  1.54842354E+01
  2.75000000E+00  1.55874894E+01
  2.75000000E+00  1.56054294E+01
  2.75000000E+00  1.57086834E+01
  2.75000000E+00  1.57266235E+01
  2.75000000E+00  1.58298774E+01
  2.75000000E+00  1.58478175E+01
  2.75000000E+00  1.59510714E+01
  2.75000000E+00  1.59690115E+01
  2.75000000E+00  1.60722655E+01
  2.75000000E+00  1.60902056E+01
  2.75000000E+00  1.61934595E+01
  2.75000000E+00  1.62113996E+01
  2.75000000E+00  1.63146535E+01
  2.75000000E+00  1.63325936E+01
  2.75000000E+00  1.64358476E+01
  2.75000000E+00  1.64537876E+01
  2.75000000E+00  1.65570416E+01
  2.75000000E+00  1.65749817E+01
  2.75000000E+00  1.66782356E+01
  2.75000000E+00  1.66961757E+01
  2.75000000E+00  1.67994297E+01
  2.75000000E+00  1.68173697E+01
  2.75000000E+00  1.69206237E+01
  2.75000000E+00  1.69385638E+01
  2.75000000E+00  1.70418177E+01
  2.75000000E+00  1.70597578E+01
  2.75000000E+00  1.71630117E+01
  2.75000000E+00  1.71809518E+01
  2.75000000E+00  1.72842058E+01
  2.75000000E+00  1.73021458E+01
  2.75000000E+00  1.74053998E+01
  2.75000000E+00  1.74233399E+01
  2.75000000E+00  1.75265938E+01
  2.75000000E+00  1.75445339E+01
  2.75000000E+00  1.76477879E+01
  2.75000000E+00  1.76657279E+01
  2.75000000E+00  1.77689819E+01
  2.75000000E+00  1.77869220E+01
  2.75000000E+00  1.78901759E+01
  2.75000000E+00  1.79081160E+01
  2.75000000E+00  1.80113700E+01
  2.75000000E+00  1.80293100E+01
  2.75000000E+00  1.81325640E+01
  2.75000000E+00  1.81505041E+01
  2.75000000E+00  1.82537580E+01
  2.75000000E+00  1.82716981E+01
  2.75000000E+00  1.83749520E+01
  2.75000000E+00  1.83928921E+01
  2.75000000E+00  1.84961461E+01
  2.75000000E+00  1.85140861E+01
  2.75000000E+00  1.86173401E+01
  2.75000000E+00  1.86352802E+01
  2.75000000E+00  1.87385341E+01
  2.75000000E+00  1.87564742E+01
  2.75000000E+00  1.88597282E+01
  2.75000000E+00  1.88776682E+01
  2.75000000E+00  1.89809222E+01
  2.75000000E+00  1.89988623E+01
  2.75000000E+00  1.91021162E+01
  2.75000000E+00  1.91200563E+01
  2.75000000E+00  1.92233102E+01
  2.75000000E+00  1.92412503E+01
  2.75000000E+00  1.93445043E+01
  2.75000000E+00  1.93624444E+01
  2.75000000E+00  1.94656983E+01
  2.75000000E+00  1.94836384E+01
  2.75000000E+00  1.95868923E+01
  2.75000000E+00  1.96048324E+01
  2.75000000E+00  1.97080864E+01
  2.75000000E+00  1.97260264E+01
  2.75000000E+00  1.98292804E+01
  2.75000000E+00  1.98472205E+01
  2.75000000E+00  1.99504744E+01
  2.75000000E+00  1.99684145E+01
  2.72013814E+00  2.00000000E+01
  2.70697752E+00  2.00000000E+01
  2.69381690E+00  2.00000000E+01
  2.65648001E+00  2.00000000E+01
  2.64331938E+00  2.00000000E+01
  2.60598249E+00  2.00000000E+01
  2.59282187E+00  2.00000000E+01
  2.55548498E+00  2.00000000E+01
  2.54232436E+00  2.00000000E+01
  2.50498747E+00  2.00000000E+01
  2.49182685E+00  2.00000000E+01
  2.45448996E+00  2.00000000E+01
  2.44132933E+00  2.00000000E+01
  2.40399245E+00  2.00000000E+01
  2.39083182E+00  2.00000000E+01
  2.35349493E+00  2.00000000E+01
  2.34033431E+00  2.00000000E+01
  2.30299742E+00  2.00000000E+01
  2.28983680E+00  2.00000000E+01
  2.25000000E+00  1.99744143E+01
  2.25000000E+00  1.51206533E+01

wt: s[c5]
\vspace{-3}
  emin  &=&   0.0000E+00 [MeV]
  emax  &=&   1.0000E+03 [MeV]
  ymin  &=&   0.0000E+00 [cm]
  ymax  &=&   5.0000E+00 [cm]
  part. &=& all     
e:
 
# Information for Restart Calculation
# This calculation was newly started
# istdev =  2 # 1:Batch variance, 2:History variance
# resc2  = 0.00000000000000000E+00 # Total source weight or Total source weight / maxcas
# resc3  = 0.00000000000000000E+00 # Total history number or Total batch number
# maxcas =          50 # History / Batch, only used for istdev=1
# bitrseed = 0000000000000000000000000000000000000000000000000000000000000000 # bit data of rseed
