[ T-Deposit ]
    title = depth-dose distribution
     mesh =  r-z            # mesh type is r-z scoring mesh
       x0 =   0.000000      # center x-position of r-z mesh
       y0 =   0.000000      # center y-position of r-z mesh
   r-type =    2            # r-mesh is linear given by rmin, rmax and nr
     rmin =   0.000000      # minimum value of r-mesh points
     rmax =   1.000000      # maximum value of r-mesh points
#    rdel =   1.000000      # mesh width of r-mesh points
       nr =      1          # number of r-mesh points
#    data = ( r(i), i = 1, nr + 1 )
#           0.00000E+00  1.00000E+00
   z-type =    2            # z-mesh is linear given by zmin, zmax and nz
     zmin =   0.000000      # minimum value of z-mesh points
     zmax =   20.00000      # maximum value of z-mesh points
#    zdel =  0.3333333      # mesh width of z-mesh points
       nz =     60          # number of z-mesh points
#    data = ( z(i), i = 1, nz + 1 )
#           0.00000E+00  3.33333E-01  6.66667E-01  1.00000E+00  1.33333E+00
#           1.66667E+00  2.00000E+00  2.33333E+00  2.66667E+00  3.00000E+00
#           3.33333E+00  3.66667E+00  4.00000E+00  4.33333E+00  4.66667E+00
#           5.00000E+00  5.33333E+00  5.66667E+00  6.00000E+00  6.33333E+00
#           6.66667E+00  7.00000E+00  7.33333E+00  7.66667E+00  8.00000E+00
#           8.33333E+00  8.66667E+00  9.00000E+00  9.33333E+00  9.66667E+00
#           1.00000E+01  1.03333E+01  1.06667E+01  1.10000E+01  1.13333E+01
#           1.16667E+01  1.20000E+01  1.23333E+01  1.26667E+01  1.30000E+01
#           1.33333E+01  1.36667E+01  1.40000E+01  1.43333E+01  1.46667E+01
#           1.50000E+01  1.53333E+01  1.56667E+01  1.60000E+01  1.63333E+01
#           1.66667E+01  1.70000E+01  1.73333E+01  1.76667E+01  1.80000E+01
#           1.83333E+01  1.86667E+01  1.90000E+01  1.93333E+01  1.96667E+01
#           2.00000E+01
     unit =    2            # unit is [MeV/source)]
   letmat =    0            # (D=0) mat ID for LET, 0:real mat, <0: electron for H2O
  dedxfnc =    0            # (D=0) user defined multiplier, 0(no), 1, 2
 material =  all            # (D=all) number of specific material
   output =  dose           # total deposit energy
  deposit =    0            # (D=0) 0-> total deposit dist, 1-> each process
     axis =     z           # axis of output
     file = dose.out        # file name of output for the above axis
     part =  all      
# kf/name :  0        
   epsout =    1            # (D=0) generate eps file by ANGEL
#    used :        main (  %)        temp (  %)       total (  %)
#  memory :          66 (  0)           0 (  0)          66 (  0)

#------------------------------------------------------------------------------
#newpage:
#   no. =  1   ir  =  1
#   r = (   0.0000E+00  -   1.0000E+00  )

x: z [cm]
y: Dose [MeV/source]     
p: xlin ylog afac(0.8) form(0.9)
h: n            x            y(all     ),hh0l   n 
#  z-lower      z-upper      all         r.err 
   0.0000E+00   3.3333E-01   1.0506E+01  0.0186
   3.3333E-01   6.6667E-01   1.0549E+01  0.0187
   6.6667E-01   1.0000E+00   1.0564E+01  0.0187
   1.0000E+00   1.3333E+00   1.0595E+01  0.0188
   1.3333E+00   1.6667E+00   1.0630E+01  0.0188
   1.6667E+00   2.0000E+00   1.0662E+01  0.0189
   2.0000E+00   2.3333E+00   1.0664E+01  0.0189
   2.3333E+00   2.6667E+00   1.0774E+01  0.0190
   2.6667E+00   3.0000E+00   1.0798E+01  0.0191
   3.0000E+00   3.3333E+00   1.0855E+01  0.0191
   3.3333E+00   3.6667E+00   1.0856E+01  0.0192
   3.6667E+00   4.0000E+00   1.0897E+01  0.0193
   4.0000E+00   4.3333E+00   1.0966E+01  0.0194
   4.3333E+00   4.6667E+00   1.0987E+01  0.0196
   4.6667E+00   5.0000E+00   1.1002E+01  0.0196
   5.0000E+00   5.3333E+00   1.1108E+01  0.0198
   5.3333E+00   5.6667E+00   1.1184E+01  0.0199
   5.6667E+00   6.0000E+00   1.1292E+01  0.0200
   6.0000E+00   6.3333E+00   1.1373E+01  0.0201
   6.3333E+00   6.6667E+00   1.1515E+01  0.0203
   6.6667E+00   7.0000E+00   1.1702E+01  0.0204
   7.0000E+00   7.3333E+00   1.1871E+01  0.0206
   7.3333E+00   7.6667E+00   1.2046E+01  0.0208
   7.6667E+00   8.0000E+00   1.2271E+01  0.0210
   8.0000E+00   8.3333E+00   1.2529E+01  0.0213
   8.3333E+00   8.6667E+00   1.3000E+01  0.0217
   8.6667E+00   9.0000E+00   1.3818E+01  0.0233
   9.0000E+00   9.3333E+00   1.4058E+01  0.0234
   9.3333E+00   9.6667E+00   1.4194E+01  0.0241
   9.6667E+00   1.0000E+01   1.4180E+01  0.0247
   1.0000E+01   1.0333E+01   1.4132E+01  0.0251
   1.0333E+01   1.0667E+01   1.4040E+01  0.0256
   1.0667E+01   1.1000E+01   1.3930E+01  0.0261
   1.1000E+01   1.1333E+01   1.4014E+01  0.0267
   1.1333E+01   1.1667E+01   1.3555E+01  0.0269
   1.1667E+01   1.2000E+01   1.3543E+01  0.0278
   1.2000E+01   1.2333E+01   1.3426E+01  0.0287
   1.2333E+01   1.2667E+01   1.3398E+01  0.0295
   1.2667E+01   1.3000E+01   1.3278E+01  0.0305
   1.3000E+01   1.3333E+01   1.2921E+01  0.0318
   1.3333E+01   1.3667E+01   1.2810E+01  0.0334
   1.3667E+01   1.4000E+01   1.2217E+01  0.0348
   1.4000E+01   1.4333E+01   1.2170E+01  0.0371
   1.4333E+01   1.4667E+01   1.1401E+01  0.0405
   1.4667E+01   1.5000E+01   1.0328E+01  0.0466
   1.5000E+01   1.5333E+01   4.1300E+00  0.0545
   1.5333E+01   1.5667E+01   1.7244E+00  0.0522
   1.5667E+01   1.6000E+01   1.6246E+00  0.0556
   1.6000E+01   1.6333E+01   1.4159E+00  0.0497
   1.6333E+01   1.6667E+01   1.3453E+00  0.0528
   1.6667E+01   1.7000E+01   1.2492E+00  0.0524
   1.7000E+01   1.7333E+01   1.1887E+00  0.0576
   1.7333E+01   1.7667E+01   1.0504E+00  0.0525
   1.7667E+01   1.8000E+01   9.9635E-01  0.0555
   1.8000E+01   1.8333E+01   9.1676E-01  0.0496
   1.8333E+01   1.8667E+01   8.7631E-01  0.0517
   1.8667E+01   1.9000E+01   8.2919E-01  0.0523
   1.9000E+01   1.9333E+01   8.0012E-01  0.0549
   1.9333E+01   1.9667E+01   7.7634E-01  0.0540
   1.9667E+01   2.0000E+01   7.3416E-01  0.0538

#   sum over                 5.6227E+02

'no. =  1,  ir =  1'
msuc: {\huge depth-dose distribution}
msdr: {\it plotted by \ANGEL \version}
msdl: {\it calculated by \PHITS  3.26}
wt: s(0.7)
\vspace{-3}
  rmin  &=&   0.0000E+00 [cm]
  rmax  &=&   1.0000E+00 [cm]
e:
 
# Information for Restart Calculation
# This calculation was newly started
# istdev =  2 # 1:Batch variance, 2:History variance
# resc2  = 1.00000000000000000E+04 # Total source weight or Total source weight / maxcas
# resc3  = 1.00000000000000000E+04 # Total history number or Total batch number
# maxcas =        1000 # History / Batch, only used for istdev=1
# bitrseed = 0111011010010100011001101100101001110100011011011011110011011010 # bit data of rseed
