           _________________________________________________________
          |                                                         |
          |       _/_/_/_/                                          |
          |      _/      _/                  _/_/_/_/_/_/           |
          |     _/      _/  _/      _/   _/      _/      _/_/_/_/_/ |
          |    _/_/_/_/    _/      _/   _/      _/      _/          |
          |   _/          _/_/_/_/_/   _/      _/       _/_/_/_/    |
          |  _/          _/      _/   _/      _/              _/    |
          | _/          _/      _/   _/      _/      _/_/_/_/_/     |
          |                                                         |
          |                                                         |
          |       Particle and Heavy Ion Transport code System      |
          |                      Version =  3.260                   |
          |                       developed by                      |
          |                                                         |
          |  Tatsuhiko SATO, Yosuke IWAMOTO, Shintaro HASHIMOTO,    |
          |    Tatsuhiko OGAWA, Takuya FURUTA, Shinichiro ABE,      |
          |    Takeshi KAI, Norihiro MATSUDA, Yusuke MATSUYA,       |
          | Yuho HIRATA, Lan YAO, Pi-En TSAI, Hunter RATLIFF (JAEA),|
          |                                                         |
          |            Hiroshi IWASE, Yasuhito SAKAKI (KEK),        |
          |                                                         |
          |           Nobuhiro SHIGYO (Kyushu University),          |
          |                                                         |
          |      Lembit SIHVER (Technische Universitat Wien), and   |
          |                                                         |
          |                     Koji NIITA (RIST)                   |
          |                                                         |
          |                 Last Revised  2021-09-01                |
          |_________________________________________________________|

                     __________ [ Job Title ] ________ 
                    |                                 |
                    |  Sample input for Ridge Filter  |
                    |_________________________________|

                        Starting Date = 2022-03-07
                        Starting Time = 15h 54m 31

>>> Input Echo >>>=============================================================

[ Title ]
Sample input for Ridge Filter

[ Parameters ]
 icntl    =           0     # (D=0) 3:ECH 5:NOR 6:SRC 7,8:GSH 11:DSH 12:DUMP
 maxcas   =        1000     # (D=10) number of particles per one batch
 maxbch   =          10     # (D=10) number of batches
 delt0    = 1.000000000E-02 # (D=0.1) flight mesh for spread and magfield (cm)
 e-mode   =           2     # (D=0) 0: Normal, 1: Event generator mode Ver.1, 2: Ver.2
 nedisp   =           1     # (D=0) 0: no, 1: with e straggling, 10: ATIMA
 nspred   =           2     # (D=0) 0:no, 1:original, 2:Lynch(Moliere), 10:ATIMA
 ascat1   =  13.6000000     # (D=13.6) S2 parameter in Lynch formula for nspred = 2
 ascat2   = 8.800000000E-02 # (D=0.038) e parameter in Lynch formula for nspred = 2
 negs     =           1     # (D=-1) =-1:original, =0:No, =1:EGS
 ireschk  =           1     # (D=0) Restart, 0:Check consistency, 1:No check
 nlost    =       10000     # (D=10) Lost part: allowance of CG and GG errors
 file(6)  = phits.out       # (D=phits.out) general output file name

[ Source ]
  totfact =   1.0000        # (D=1.0) global factor
   s-type =   1             # cylindrical source
     proj =  12C            # kind of incident nucleus          
       e0 =   290.00        # energy of beam [MeV/n]
       r0 =   2.0000        # radius [cm]
       r1 =   0.0000        # minimum radius [cm]
       x0 =   0.0000        # (D=0.0) center position of x-axis [cm]
       y0 =   0.0000        # (D=0.0) center position of y-axis [cm]
       z0 =  -101.00        # minimum position of z-axis [cm]
       z1 =  -101.00        # maximum position of z-axis [cm]
      dir =   1.0000        # z-direction of beam [cosine]

[ Material ]
MAT[ 1 ] 
            H        -1.1111100E-01
            O        -8.8888900E-01
dedxfile = water_liquid_icru90.txt
MAT[ 2 ] 
           Al         1.0000000E+00
MAT[ 3 ] 
            W         1.0000000E+00
MAT[ 4 ] 
            N         8.0000000E-01
            O         2.0000000E-01
MAT[ 5 ] 
           1H         6.6832156E-02
          16O         3.3416078E-02
dedxfile = water_liquid_icru90.txt

[ Cell ]
 1100        4 -1.2100000E-03  200 -201 102 -103 -105  u=1001 
 1101        4 -1.2100000E-03  201 -202 102 -103 -301  u=1001 
 1102        4 -1.2100000E-03  202 -203 102 -103 -302  u=1001 
 1103        4 -1.2100000E-03  203 -204 102 -103 -303  u=1001 
 1104        4 -1.2100000E-03  204 -205 102 -103 -304  u=1001 
 1105        4 -1.2100000E-03  205 -206 102 -103 -305  u=1001 
 1106        4 -1.2100000E-03  206 -207 102 -103 -306  u=1001 
 1107        4 -1.2100000E-03  207 -208 102 -103 -307  u=1001 
 1108        4 -1.2100000E-03  208 -209 102 -103 -308  u=1001 
 1109        4 -1.2100000E-03  209 -210 102 -103 -309  u=1001 
 1110        4 -1.2100000E-03  210 -211 102 -103 -310  u=1001 
 1111        4 -1.2100000E-03  211 -212 102 -103 -311  u=1001 
 1112        4 -1.2100000E-03  212 -213 102 -103 -312  u=1001 
 1113        4 -1.2100000E-03  213 -214 102 -103 -313  u=1001 
 1114        4 -1.2100000E-03  214 -215 102 -103 -314  u=1001 
 1115        4 -1.2100000E-03  215 -216 102 -103 -315  u=1001 
 1116        4 -1.2100000E-03  216 -217 102 -103 -316  u=1001 
 1117        4 -1.2100000E-03  217 -218 102 -103 -317  u=1001 
 1118        4 -1.2100000E-03  218 -219 102 -103 -318  u=1001 
 1119        4 -1.2100000E-03  219 -220 102 -103 -319  u=1001 
 1120        4 -1.2100000E-03  220 -221 102 -103 -320  u=1001 
 1121        4 -1.2100000E-03  221 -222 102 -103 -321  u=1001 
 1122        4 -1.2100000E-03  222 -223 102 -103 -322  u=1001 
 1123        4 -1.2100000E-03  223 -224 102 -103 -323  u=1001 
 1124        4 -1.2100000E-03  224 -225 102 -103 -324  u=1001 
 1125        4 -1.2100000E-03  225 -226 102 -103 -325  u=1001 
 1126        4 -1.2100000E-03  226 -227 102 -103 -326  u=1001 
 1127        4 -1.2100000E-03  227 -228 102 -103 -327  u=1001 
 1128        4 -1.2100000E-03  228 -229 102 -103 -328  u=1001 
 1129        4 -1.2100000E-03  229 -230 102 -103 -329  u=1001 
 1130        4 -1.2100000E-03  230 -231 102 -103 -330  u=1001 
 1131        4 -1.2100000E-03  231 -232 102 -103 -331  u=1001 
 1132        4 -1.2100000E-03  232 -233 102 -103 -332  u=1001 
 1133        4 -1.2100000E-03  233 -234 102 -103 -333  u=1001 
 1134        4 -1.2100000E-03  234 -235 102 -103 -334  u=1001 
 1135        4 -1.2100000E-03  235 -236 102 -103 -335  u=1001 
 1136        4 -1.2100000E-03  236 -237 102 -103 -336  u=1001 
 1137        4 -1.2100000E-03  237 -238 102 -103 -337  u=1001 
 1138        4 -1.2100000E-03  238 -239 102 -103 -338  u=1001 
 1139        4 -1.2100000E-03  239 -240 102 -103 -339  u=1001 
 1140        4 -1.2100000E-03  240 -241 102 -103 -340  u=1001 
 1141        4 -1.2100000E-03  241 -242 102 -103 -341  u=1001 
 1142        4 -1.2100000E-03  242 -243 102 -103 -342  u=1001 
 1143        4 -1.2100000E-03  243 -244 102 -103 -343  u=1001 
 1144        4 -1.2100000E-03  244 -245 102 -103 -344  u=1001 
 1145        4 -1.2100000E-03  245 -246 102 -103 -345  u=1001 
 1146        4 -1.2100000E-03  246 -247 102 -103 -346  u=1001 
 1147        4 -1.2100000E-03  247 -248 102 -103 -347  u=1001 
 1148        4 -1.2100000E-03  248 -249 102 -103 -348  u=1001 
 1149        4 -1.2100000E-03  249 -250 102 -103 -349  u=1001 
 1150        4 -1.2100000E-03  250 -251 102 -103 -350  u=1001 
 1151        4 -1.2100000E-03  251 -252 102 -103 -349  u=1001 
 1152        4 -1.2100000E-03  252 -253 102 -103 -348  u=1001 
 1153        4 -1.2100000E-03  253 -254 102 -103 -347  u=1001 
 1154        4 -1.2100000E-03  254 -255 102 -103 -346  u=1001 
 1155        4 -1.2100000E-03  255 -256 102 -103 -345  u=1001 
 1156        4 -1.2100000E-03  256 -257 102 -103 -344  u=1001 
 1157        4 -1.2100000E-03  257 -258 102 -103 -343  u=1001 
 1158        4 -1.2100000E-03  258 -259 102 -103 -342  u=1001 
 1159        4 -1.2100000E-03  259 -260 102 -103 -341  u=1001 
 1160        4 -1.2100000E-03  260 -261 102 -103 -340  u=1001 
 1161        4 -1.2100000E-03  261 -262 102 -103 -339  u=1001 
 1162        4 -1.2100000E-03  262 -263 102 -103 -338  u=1001 
 1163        4 -1.2100000E-03  263 -264 102 -103 -337  u=1001 
 1164        4 -1.2100000E-03  264 -265 102 -103 -336  u=1001 
 1165        4 -1.2100000E-03  265 -266 102 -103 -335  u=1001 
 1166        4 -1.2100000E-03  266 -267 102 -103 -334  u=1001 
 1167        4 -1.2100000E-03  267 -268 102 -103 -333  u=1001 
 1168        4 -1.2100000E-03  268 -269 102 -103 -332  u=1001 
 1169        4 -1.2100000E-03  269 -270 102 -103 -331  u=1001 
 1170        4 -1.2100000E-03  270 -271 102 -103 -330  u=1001 
 1171        4 -1.2100000E-03  271 -272 102 -103 -329  u=1001 
 1172        4 -1.2100000E-03  272 -273 102 -103 -328  u=1001 
 1173        4 -1.2100000E-03  273 -274 102 -103 -327  u=1001 
 1174        4 -1.2100000E-03  274 -275 102 -103 -326  u=1001 
 1175        4 -1.2100000E-03  275 -276 102 -103 -325  u=1001 
 1176        4 -1.2100000E-03  276 -277 102 -103 -324  u=1001 
 1177        4 -1.2100000E-03  277 -278 102 -103 -323  u=1001 
 1178        4 -1.2100000E-03  278 -279 102 -103 -322  u=1001 
 1179        4 -1.2100000E-03  279 -280 102 -103 -321  u=1001 
 1180        4 -1.2100000E-03  280 -281 102 -103 -320  u=1001 
 1181        4 -1.2100000E-03  281 -282 102 -103 -319  u=1001 
 1182        4 -1.2100000E-03  282 -283 102 -103 -318  u=1001 
 1183        4 -1.2100000E-03  283 -284 102 -103 -317  u=1001 
 1184        4 -1.2100000E-03  284 -285 102 -103 -316  u=1001 
 1185        4 -1.2100000E-03  285 -286 102 -103 -315  u=1001 
 1186        4 -1.2100000E-03  286 -287 102 -103 -314  u=1001 
 1187        4 -1.2100000E-03  287 -288 102 -103 -313  u=1001 
 1188        4 -1.2100000E-03  288 -289 102 -103 -312  u=1001 
 1189        4 -1.2100000E-03  289 -290 102 -103 -311  u=1001 
 1190        4 -1.2100000E-03  290 -291 102 -103 -310  u=1001 
 1191        4 -1.2100000E-03  291 -292 102 -103 -309  u=1001 
 1192        4 -1.2100000E-03  292 -293 102 -103 -308  u=1001 
 1193        4 -1.2100000E-03  293 -294 102 -103 -307  u=1001 
 1194        4 -1.2100000E-03  294 -295 102 -103 -306  u=1001 
 1195        4 -1.2100000E-03  295 -296 102 -103 -305  u=1001 
 1196        4 -1.2100000E-03  296 -297 102 -103 -304  u=1001 
 1197        4 -1.2100000E-03  297 -298 102 -103 -303  u=1001 
 1198        4 -1.2100000E-03  298 -299 102 -103 -302  u=1001 
 1199        4 -1.2100000E-03  299 -300 102 -103 -301  u=1001 
 2101        0                 201 -202 102 -103 301  u=1001  fill=1003
 2102        0                 202 -203 102 -103 302  u=1001  fill=1003
 2103        0                 203 -204 102 -103 303  u=1001  fill=1003
 2104        0                 204 -205 102 -103 304  u=1001  fill=1003
 2105        0                 205 -206 102 -103 305  u=1001  fill=1003
 2106        0                 206 -207 102 -103 306  u=1001  fill=1003
 2107        0                 207 -208 102 -103 307  u=1001  fill=1003
 2108        0                 208 -209 102 -103 308  u=1001  fill=1003
 2109        0                 209 -210 102 -103 309  u=1001  fill=1003
 2110        0                 210 -211 102 -103 310  u=1001  fill=1003
 2111        0                 211 -212 102 -103 311  u=1001  fill=1003
 2112        0                 212 -213 102 -103 312  u=1001  fill=1003
 2113        0                 213 -214 102 -103 313  u=1001  fill=1003
 2114        0                 214 -215 102 -103 314  u=1001  fill=1003
 2115        0                 215 -216 102 -103 315  u=1001  fill=1003
 2116        0                 216 -217 102 -103 316  u=1001  fill=1003
 2117        0                 217 -218 102 -103 317  u=1001  fill=1003
 2118        0                 218 -219 102 -103 318  u=1001  fill=1003
 2119        0                 219 -220 102 -103 319  u=1001  fill=1003
 2120        0                 220 -221 102 -103 320  u=1001  fill=1003
 2121        0                 221 -222 102 -103 321  u=1001  fill=1003
 2122        0                 222 -223 102 -103 322  u=1001  fill=1003
 2123        0                 223 -224 102 -103 323  u=1001  fill=1003
 2124        0                 224 -225 102 -103 324  u=1001  fill=1003
 2125        0                 225 -226 102 -103 325  u=1001  fill=1003
 2126        0                 226 -227 102 -103 326  u=1001  fill=1003
 2127        0                 227 -228 102 -103 327  u=1001  fill=1003
 2128        0                 228 -229 102 -103 328  u=1001  fill=1003
 2129        0                 229 -230 102 -103 329  u=1001  fill=1003
 2130        0                 230 -231 102 -103 330  u=1001  fill=1003
 2131        0                 231 -232 102 -103 331  u=1001  fill=1003
 2132        0                 232 -233 102 -103 332  u=1001  fill=1003
 2133        0                 233 -234 102 -103 333  u=1001  fill=1003
 2134        0                 234 -235 102 -103 334  u=1001  fill=1003
 2135        0                 235 -236 102 -103 335  u=1001  fill=1003
 2136        0                 236 -237 102 -103 336  u=1001  fill=1003
 2137        0                 237 -238 102 -103 337  u=1001  fill=1003
 2138        0                 238 -239 102 -103 338  u=1001  fill=1003
 2139        0                 239 -240 102 -103 339  u=1001  fill=1003
 2140        0                 240 -241 102 -103 340  u=1001  fill=1003
 2141        0                 241 -242 102 -103 341  u=1001  fill=1003
 2142        0                 242 -243 102 -103 342  u=1001  fill=1003
 2143        0                 243 -244 102 -103 343  u=1001  fill=1003
 2144        0                 244 -245 102 -103 344  u=1001  fill=1003
 2145        0                 245 -246 102 -103 345  u=1001  fill=1003
 2146        0                 246 -247 102 -103 346  u=1001  fill=1003
 2147        0                 247 -248 102 -103 347  u=1001  fill=1003
 2148        0                 248 -249 102 -103 348  u=1001  fill=1003
 2149        0                 249 -250 102 -103 349  u=1001  fill=1003
 2150        0                 250 -251 102 -103 350  u=1001  fill=1003
 2151        0                 251 -252 102 -103 349  u=1001  fill=1003
 2152        0                 252 -253 102 -103 348  u=1001  fill=1003
 2153        0                 253 -254 102 -103 347  u=1001  fill=1003
 2154        0                 254 -255 102 -103 346  u=1001  fill=1003
 2155        0                 255 -256 102 -103 345  u=1001  fill=1003
 2156        0                 256 -257 102 -103 344  u=1001  fill=1003
 2157        0                 257 -258 102 -103 343  u=1001  fill=1003
 2158        0                 258 -259 102 -103 342  u=1001  fill=1003
 2159        0                 259 -260 102 -103 341  u=1001  fill=1003
 2160        0                 260 -261 102 -103 340  u=1001  fill=1003
 2161        0                 261 -262 102 -103 339  u=1001  fill=1003
 2162        0                 262 -263 102 -103 338  u=1001  fill=1003
 2163        0                 263 -264 102 -103 337  u=1001  fill=1003
 2164        0                 264 -265 102 -103 336  u=1001  fill=1003
 2165        0                 265 -266 102 -103 335  u=1001  fill=1003
 2166        0                 266 -267 102 -103 334  u=1001  fill=1003
 2167        0                 267 -268 102 -103 333  u=1001  fill=1003
 2168        0                 268 -269 102 -103 332  u=1001  fill=1003
 2169        0                 269 -270 102 -103 331  u=1001  fill=1003
 2170        0                 270 -271 102 -103 330  u=1001  fill=1003
 2171        0                 271 -272 102 -103 329  u=1001  fill=1003
 2172        0                 272 -273 102 -103 328  u=1001  fill=1003
 2173        0                 273 -274 102 -103 327  u=1001  fill=1003
 2174        0                 274 -275 102 -103 326  u=1001  fill=1003
 2175        0                 275 -276 102 -103 325  u=1001  fill=1003
 2176        0                 276 -277 102 -103 324  u=1001  fill=1003
 2177        0                 277 -278 102 -103 323  u=1001  fill=1003
 2178        0                 278 -279 102 -103 322  u=1001  fill=1003
 2179        0                 279 -280 102 -103 321  u=1001  fill=1003
 2180        0                 280 -281 102 -103 320  u=1001  fill=1003
 2181        0                 281 -282 102 -103 319  u=1001  fill=1003
 2182        0                 282 -283 102 -103 318  u=1001  fill=1003
 2183        0                 283 -284 102 -103 317  u=1001  fill=1003
 2184        0                 284 -285 102 -103 316  u=1001  fill=1003
 2185        0                 285 -286 102 -103 315  u=1001  fill=1003
 2186        0                 286 -287 102 -103 314  u=1001  fill=1003
 2187        0                 287 -288 102 -103 313  u=1001  fill=1003
 2188        0                 288 -289 102 -103 312  u=1001  fill=1003
 2189        0                 289 -290 102 -103 311  u=1001  fill=1003
 2190        0                 290 -291 102 -103 310  u=1001  fill=1003
 2191        0                 291 -292 102 -103 309  u=1001  fill=1003
 2192        0                 292 -293 102 -103 308  u=1001  fill=1003
 2193        0                 293 -294 102 -103 307  u=1001  fill=1003
 2194        0                 294 -295 102 -103 306  u=1001  fill=1003
 2195        0                 295 -296 102 -103 305  u=1001  fill=1003
 2196        0                 296 -297 102 -103 304  u=1001  fill=1003
 2197        0                 297 -298 102 -103 303  u=1001  fill=1003
 2198        0                 298 -299 102 -103 302  u=1001  fill=1003
 2199        0                 299 -300 102 -103 301  u=1001  fill=1003
 2001        0                 -300 200 -103 102 -105 104  lat=1  u=1002
                               fill=-5:4 0:0 0:0
 2003        0                 100 -101 102 -103 -106 104  lat=1  u=1003
                               fill=0:0 0:0 0:99
 2004        2 -2.7000000E+00  -999  u=1004 
 1           3 -1.9600000E+01  1 -2 -10 
 2           1 -1.0000000E+00  3 -4 -11 
 4           0                 100 -101 102 -103 104 -105  fill=1002
 98          4 -1.2100000E-03  #1 #2 #4 -999 
 99         -1                 999 

[ Surface ]
 100           px   -1.0000000E+01
 101           px    1.0000000E+01
 102           py   -1.0000000E+01
 103           py    1.0000000E+01
 104           pz   -5.2900000E+01
 105           pz   -5.0000000E+01
 106           pz   -4.9971000E+01
 200           px    0.0000000E+00
 201           px    2.0000000E-02
 202           px    4.0000000E-02
 203           px    6.0000000E-02
 204           px    8.0000000E-02
 205           px    1.0000000E-01
 206           px    1.2000000E-01
 207           px    1.4000000E-01
 208           px    1.6000000E-01
 209           px    1.8000000E-01
 210           px    2.0000000E-01
 211           px    2.2000000E-01
 212           px    2.4000000E-01
 213           px    2.6000000E-01
 214           px    2.8000000E-01
 215           px    3.0000000E-01
 216           px    3.2000000E-01
 217           px    3.4000000E-01
 218           px    3.6000000E-01
 219           px    3.8000000E-01
 220           px    4.0000000E-01
 221           px    4.2000000E-01
 222           px    4.4000000E-01
 223           px    4.6000000E-01
 224           px    4.8000000E-01
 225           px    5.0000000E-01
 226           px    5.2000000E-01
 227           px    5.4000000E-01
 228           px    5.6000000E-01
 229           px    5.8000000E-01
 230           px    6.0000000E-01
 231           px    6.2000000E-01
 232           px    6.4000000E-01
 233           px    6.6000000E-01
 234           px    6.8000000E-01
 235           px    7.0000000E-01
 236           px    7.2000000E-01
 237           px    7.4000000E-01
 238           px    7.6000000E-01
 239           px    7.8000000E-01
 240           px    8.0000000E-01
 241           px    8.2000000E-01
 242           px    8.4000000E-01
 243           px    8.6000000E-01
 244           px    8.8000000E-01
 245           px    9.0000000E-01
 246           px    9.2000000E-01
 247           px    9.4000000E-01
 248           px    9.6000000E-01
 249           px    9.8000000E-01
 250           px    1.0000000E+00
 251           px    1.0200000E+00
 252           px    1.0400000E+00
 253           px    1.0600000E+00
 254           px    1.0800000E+00
 255           px    1.1000000E+00
 256           px    1.1200000E+00
 257           px    1.1400000E+00
 258           px    1.1600000E+00
 259           px    1.1800000E+00
 260           px    1.2000000E+00
 261           px    1.2200000E+00
 262           px    1.2400000E+00
 263           px    1.2600000E+00
 264           px    1.2800000E+00
 265           px    1.3000000E+00
 266           px    1.3200000E+00
 267           px    1.3400000E+00
 268           px    1.3600000E+00
 269           px    1.3800000E+00
 270           px    1.4000000E+00
 271           px    1.4200000E+00
 272           px    1.4400000E+00
 273           px    1.4600000E+00
 274           px    1.4800000E+00
 275           px    1.5000000E+00
 276           px    1.5200000E+00
 277           px    1.5400000E+00
 278           px    1.5600000E+00
 279           px    1.5800000E+00
 280           px    1.6000000E+00
 281           px    1.6200000E+00
 282           px    1.6400000E+00
 283           px    1.6600000E+00
 284           px    1.6800000E+00
 285           px    1.7000000E+00
 286           px    1.7200000E+00
 287           px    1.7400000E+00
 288           px    1.7600000E+00
 289           px    1.7800000E+00
 290           px    1.8000000E+00
 291           px    1.8200000E+00
 292           px    1.8400000E+00
 293           px    1.8600000E+00
 294           px    1.8800000E+00
 295           px    1.9000000E+00
 296           px    1.9200000E+00
 297           px    1.9400000E+00
 298           px    1.9600000E+00
 299           px    1.9800000E+00
 300           px    2.0000000E+00
 301           pz   -5.0002537E+01
 302           pz   -5.0008833E+01
 303           pz   -5.0018326E+01
 304           pz   -5.0030758E+01
 305           pz   -5.0045962E+01
 306           pz   -5.0063815E+01
 307           pz   -5.0084223E+01
 308           pz   -5.0107106E+01
 309           pz   -5.0132400E+01
 310           pz   -5.0160049E+01
 311           pz   -5.0190002E+01
 312           pz   -5.0222217E+01
 313           pz   -5.0256655E+01
 314           pz   -5.0293280E+01
 315           pz   -5.0332060E+01
 316           pz   -5.0372965E+01
 317           pz   -5.0415968E+01
 318           pz   -5.0461044E+01
 319           pz   -5.0508169E+01
 320           pz   -5.0557322E+01
 321           pz   -5.0608481E+01
 322           pz   -5.0661626E+01
 323           pz   -5.0716741E+01
 324           pz   -5.0773806E+01
 325           pz   -5.0832806E+01
 326           pz   -5.0893725E+01
 327           pz   -5.0956548E+01
 328           pz   -5.1021260E+01
 329           pz   -5.1087848E+01
 330           pz   -5.1156299E+01
 331           pz   -5.1226600E+01
 332           pz   -5.1298739E+01
 333           pz   -5.1372705E+01
 334           pz   -5.1448485E+01
 335           pz   -5.1526070E+01
 336           pz   -5.1605449E+01
 337           pz   -5.1686612E+01
 338           pz   -5.1769548E+01
 339           pz   -5.1854250E+01
 340           pz   -5.1940707E+01
 341           pz   -5.2028911E+01
 342           pz   -5.2118852E+01
 343           pz   -5.2210524E+01
 344           pz   -5.2303917E+01
 345           pz   -5.2399024E+01
 346           pz   -5.2495836E+01
 347           pz   -5.2594347E+01
 348           pz   -5.2694550E+01
 349           pz   -5.2796436E+01
 350           pz   -5.2900000E+01
 1             pz   -1.0000000E+02
 2             pz   -9.9900000E+01
 10            cz    2.0000000E+00
 3             pz    0.0000000E+00
 4             pz    2.0000000E+01
 11            cz    1.0000000E+01
 999           so    5.0000000E+02

[ Mat Name Color ]
   mat        name     size          color   # HSB color value
     0        void     1.00      lightgray   # { -0.800  1.000  1.000 }
     1       Water     1.00     pastelblue   # {  0.250  0.400  1.000 }
     2    Aluminum     1.00          green   # {  0.600  1.000  1.000 }
     3    Tungsten     1.00            red   # {  1.000  1.000  1.000 }
     4         Air     1.00      lightgray   # { -0.800  1.000  1.000 }
     5           5     1.00      bluegreen   # {  0.500  1.000  1.000 }

[ T-Deposit ]
    title = depth-dose distribution
     mesh =  r-z            # mesh type is r-z scoring mesh
       x0 =   0.000000      # center x-position of r-z mesh
       y0 =   0.000000      # center y-position of r-z mesh
   r-type =    2            # r-mesh is linear given by rmin, rmax and nr
     rmin =   0.000000      # minimum value of r-mesh points
     rmax =   1.000000      # maximum value of r-mesh points
#    rdel =   1.000000      # mesh width of r-mesh points
       nr =      1          # number of r-mesh points
#    data = ( r(i), i = 1, nr + 1 )
#           0.00000E+00  1.00000E+00
   z-type =    2            # z-mesh is linear given by zmin, zmax and nz
     zmin =   0.000000      # minimum value of z-mesh points
     zmax =   20.00000      # maximum value of z-mesh points
#    zdel =  0.3333333      # mesh width of z-mesh points
       nz =     60          # number of z-mesh points
#    data = ( z(i), i = 1, nz + 1 )
#           0.00000E+00  3.33333E-01  6.66667E-01  1.00000E+00  1.33333E+00
#           1.66667E+00  2.00000E+00  2.33333E+00  2.66667E+00  3.00000E+00
#           3.33333E+00  3.66667E+00  4.00000E+00  4.33333E+00  4.66667E+00
#           5.00000E+00  5.33333E+00  5.66667E+00  6.00000E+00  6.33333E+00
#           6.66667E+00  7.00000E+00  7.33333E+00  7.66667E+00  8.00000E+00
#           8.33333E+00  8.66667E+00  9.00000E+00  9.33333E+00  9.66667E+00
#           1.00000E+01  1.03333E+01  1.06667E+01  1.10000E+01  1.13333E+01
#           1.16667E+01  1.20000E+01  1.23333E+01  1.26667E+01  1.30000E+01
#           1.33333E+01  1.36667E+01  1.40000E+01  1.43333E+01  1.46667E+01
#           1.50000E+01  1.53333E+01  1.56667E+01  1.60000E+01  1.63333E+01
#           1.66667E+01  1.70000E+01  1.73333E+01  1.76667E+01  1.80000E+01
#           1.83333E+01  1.86667E+01  1.90000E+01  1.93333E+01  1.96667E+01
#           2.00000E+01
     unit =    2            # unit is [MeV/source)]
   letmat =    0            # (D=0) mat ID for LET, 0:real mat, <0: electron for H2O
  dedxfnc =    0            # (D=0) user defined multiplier, 0(no), 1, 2
 material =  all            # (D=all) number of specific material
   output =  dose           # total deposit energy
  deposit =    0            # (D=0) 0-> total deposit dist, 1-> each process
     axis =     z           # axis of output
     file = dose.out        # file name of output for the above axis
     part =  all      
# kf/name :  0        
   epsout =    1            # (D=0) generate eps file by ANGEL
#    used :        main (  %)        temp (  %)       total (  %)
#  memory :          66 (  0)           0 (  0)          66 (  0)

[ T-Track ]
    title = Track in xyz mesh
     mesh =  xyz            # mesh type is xyz scoring mesh
   x-type =    2            # x-mesh is linear given by xmin, xmax and nx
     xmin =  -2.000000      # minimum value of x-mesh points
     xmax =   2.000000      # maximum value of x-mesh points
#    xdel =  3.3333333E-02  # mesh width of x-mesh points
       nx =    120          # number of x-mesh points
#    data = ( x(i), i = 1, nx + 1 )
#          -2.00000E+00 -1.96667E+00 -1.93333E+00 -1.90000E+00 -1.86667E+00
#          -1.83333E+00 -1.80000E+00 -1.76667E+00 -1.73333E+00 -1.70000E+00
#          -1.66667E+00 -1.63333E+00 -1.60000E+00 -1.56667E+00 -1.53333E+00
#          -1.50000E+00 -1.46667E+00 -1.43333E+00 -1.40000E+00 -1.36667E+00
#          -1.33333E+00 -1.30000E+00 -1.26667E+00 -1.23333E+00 -1.20000E+00
#          -1.16667E+00 -1.13333E+00 -1.10000E+00 -1.06667E+00 -1.03333E+00
#          -1.00000E+00 -9.66667E-01 -9.33333E-01 -9.00000E-01 -8.66667E-01
#          -8.33333E-01 -8.00000E-01 -7.66667E-01 -7.33333E-01 -7.00000E-01
#          -6.66667E-01 -6.33333E-01 -6.00000E-01 -5.66667E-01 -5.33333E-01
#          -5.00000E-01 -4.66667E-01 -4.33333E-01 -4.00000E-01 -3.66667E-01
#          -3.33333E-01 -3.00000E-01 -2.66667E-01 -2.33333E-01 -2.00000E-01
#          -1.66667E-01 -1.33333E-01 -1.00000E-01 -6.66667E-02 -3.33333E-02
#           0.00000E+00  3.33333E-02  6.66667E-02  1.00000E-01  1.33333E-01
#           1.66667E-01  2.00000E-01  2.33333E-01  2.66667E-01  3.00000E-01
#           3.33333E-01  3.66667E-01  4.00000E-01  4.33333E-01  4.66667E-01
#           5.00000E-01  5.33333E-01  5.66667E-01  6.00000E-01  6.33333E-01
#           6.66667E-01  7.00000E-01  7.33333E-01  7.66667E-01  8.00000E-01
#           8.33333E-01  8.66667E-01  9.00000E-01  9.33333E-01  9.66667E-01
#           1.00000E+00  1.03333E+00  1.06667E+00  1.10000E+00  1.13333E+00
#           1.16667E+00  1.20000E+00  1.23333E+00  1.26667E+00  1.30000E+00
#           1.33333E+00  1.36667E+00  1.40000E+00  1.43333E+00  1.46667E+00
#           1.50000E+00  1.53333E+00  1.56667E+00  1.60000E+00  1.63333E+00
#           1.66667E+00  1.70000E+00  1.73333E+00  1.76667E+00  1.80000E+00
#           1.83333E+00  1.86667E+00  1.90000E+00  1.93333E+00  1.96667E+00
#           2.00000E+00
   y-type =    2            # y-mesh is linear given by ymin, ymax and ny
     ymin =  -10.00000      # minimum value of y-mesh points
     ymax =   10.00000      # maximum value of y-mesh points
#    ydel =   20.00000      # mesh width of y-mesh points
       ny =      1          # number of y-mesh points
#    data = ( y(i), i = 1, ny + 1 )
#          -1.00000E+01  1.00000E+01
   z-type =    2            # z-mesh is linear given by zmin, zmax and nz
     zmin =  -53.90000      # minimum value of z-mesh points
     zmax =  -49.00000      # maximum value of z-mesh points
#    zdel =  4.9000000E-02  # mesh width of z-mesh points
       nz =    100          # number of z-mesh points
#    data = ( z(i), i = 1, nz + 1 )
#          -5.39000E+01 -5.38510E+01 -5.38020E+01 -5.37530E+01 -5.37040E+01
#          -5.36550E+01 -5.36060E+01 -5.35570E+01 -5.35080E+01 -5.34590E+01
#          -5.34100E+01 -5.33610E+01 -5.33120E+01 -5.32630E+01 -5.32140E+01
#          -5.31650E+01 -5.31160E+01 -5.30670E+01 -5.30180E+01 -5.29690E+01
#          -5.29200E+01 -5.28710E+01 -5.28220E+01 -5.27730E+01 -5.27240E+01
#          -5.26750E+01 -5.26260E+01 -5.25770E+01 -5.25280E+01 -5.24790E+01
#          -5.24300E+01 -5.23810E+01 -5.23320E+01 -5.22830E+01 -5.22340E+01
#          -5.21850E+01 -5.21360E+01 -5.20870E+01 -5.20380E+01 -5.19890E+01
#          -5.19400E+01 -5.18910E+01 -5.18420E+01 -5.17930E+01 -5.17440E+01
#          -5.16950E+01 -5.16460E+01 -5.15970E+01 -5.15480E+01 -5.14990E+01
#          -5.14500E+01 -5.14010E+01 -5.13520E+01 -5.13030E+01 -5.12540E+01
#          -5.12050E+01 -5.11560E+01 -5.11070E+01 -5.10580E+01 -5.10090E+01
#          -5.09600E+01 -5.09110E+01 -5.08620E+01 -5.08130E+01 -5.07640E+01
#          -5.07150E+01 -5.06660E+01 -5.06170E+01 -5.05680E+01 -5.05190E+01
#          -5.04700E+01 -5.04210E+01 -5.03720E+01 -5.03230E+01 -5.02740E+01
#          -5.02250E+01 -5.01760E+01 -5.01270E+01 -5.00780E+01 -5.00290E+01
#          -4.99800E+01 -4.99310E+01 -4.98820E+01 -4.98330E+01 -4.97840E+01
#          -4.97350E+01 -4.96860E+01 -4.96370E+01 -4.95880E+01 -4.95390E+01
#          -4.94900E+01 -4.94410E+01 -4.93920E+01 -4.93430E+01 -4.92940E+01
#          -4.92450E+01 -4.91960E+01 -4.91470E+01 -4.90980E+01 -4.90490E+01
#          -4.90000E+01
   e-type =    1            # e-mesh is given by the below data
       ne =      1          # number of e-mesh points
#    data = ( e(i), i = 1, ne + 1 )
            0.00000E+00  1.00000E+03
     unit =    1            # unit is [1/cm^2/source]
 material =  all            # (D=all) number of specific material
  2D-type =    3            # 1:Cont, 2:Clust, 3:Color, 4:xyz, 5:mat, 6:Clust+Cont, 7:Col+Cont
     axis =      xz            # axis of output
     file = track-ridge.out  # file name of output for the above axis
     part =  all      
# kf/name :  0        
    gshow =    1            # 0: no 1:bnd, 2:bnd+mat, 3:bnd+reg 4:bnd+lat 5:bmp style
    resol =    2            # (D=1) resolution of gshow or rshow
    width = 0.5000000       # (D=0.5) width of lines for gshow or rshow
   epsout =    1            # (D=0) generate eps file by ANGEL
#    used :        main (  %)        temp (  %)       total (  %)
#  memory :         230 (  0)           0 (  0)         230 (  0)

[END] of Input Echo <<<========================================================

<<< Report of real Geometry memory >>>
*           GG/CG memory =     3688
*     total memory: mdas = 80000000
*                percent =     0.00 %

<<< Report of material memory for high energy>>>
*   high energy material =      839
*     total memory: mdas = 80000000
*                percent =     0.00 %

<<< Report of material memory for low energy>>>
*    low energy material =    11229
*     total memory: mdas = 80000000
*                percent =     0.01 %

<<< Report of real tally memory >>>
*      real tally memory =      296
*     total memory: mdas = 80000000
*                percent =     0.00 %

<<< Report of temporary tally memory >>>
* temporary tally memory =    75538
*     total memory: mdas = 80000000
*                percent =     0.09 %

<<< Report of other memory >>>
*           other memory =    64487
*     total memory: mdas = 80000000
*                percent =     0.08 %

<<< Report of total memory >>>
*      used total memory =    80539
*     total memory: mdas = 80000000
*                percent =     0.10 %
*                ---------------------

-------------------------------------------------------------------------------
bat[       1] ncas =           1000.
 bitrseed = 0100001010011000001011101100011110011000110110100110010000000000
          cpu time =  21.855 s.

-------------------------------------------------------------------------------
bat[       2] ncas =           2000.
 bitrseed = 0101000011000111010110101100111000100101101011010111101101011101
          cpu time =  21.996 s.

-------------------------------------------------------------------------------
bat[       3] ncas =           3000.
 bitrseed = 0101100011011011110001100101110111100110110100101110100101001100
          cpu time =  22.176 s.

-------------------------------------------------------------------------------
bat[       4] ncas =           4000.
 bitrseed = 0111101111011110101110001110111000001110000010010001000010100001
          cpu time =  28.215 s.

-------------------------------------------------------------------------------
bat[       5] ncas =           5000.
 bitrseed = 1000101001001101001010000000111010011100000001000110000001000000
          cpu time =  18.414 s.

-------------------------------------------------------------------------------
bat[       6] ncas =           6000.
 bitrseed = 1101111111001101100001000101010101010011110110101000101010011110
          cpu time =  30.637 s.

-------------------------------------------------------------------------------
bat[       7] ncas =           7000.
 bitrseed = 1001000011100101101101101011000010001010100000111001111101111011
          cpu time =  15.430 s.

-------------------------------------------------------------------------------
bat[       8] ncas =           8000.
 bitrseed = 1001011010111010111011011110110001001010000110111001011110011110
          cpu time =  20.141 s.

-------------------------------------------------------------------------------
bat[       9] ncas =           9000.
 bitrseed = 1101001111101111111101001001110111010001010011111101010010001001
          cpu time =  30.688 s.

-------------------------------------------------------------------------------
bat[      10] ncas =          10000.
 bitrseed = 1011100001101001100100111110100001000001010100101110010000011100
          cpu time =  19.652 s.

===============================================================================

 Summary for the end of job

-------------------------------------------------------------------------------
 number of analyz call vs ncol
-------------------------------------------------------------------------------
     ncol          number
        1              1.   : start of calculation            
        2              1.   : end of calculation              
        3             10.   : end of a batch                  
        4          10000.   : source                          
        5              0.   : detection of geometry error/warn
        6              0.   : recovery from geometry warning  
        7              0.   : termination by geometry error   
        8              0.   : termination by weight cut-off   
        9              0.   : termination by time cut-off     
       10         723959.   : geometry boundary crossing      
       11          85433.   : termination by energy cut-off   
       12          53873.   : termination by escape or leakage
       13          10400.   : reaction : (n,x) type           
       14        1004251.   : reaction : (n,n'x) type         
       15         359526.   : sequential transport for tally  

-------------------------------------------------------------------------------
 List of transport particles
-------------------------------------------------------------------------------
     Name      kf-code        mass       charge   baryon
     proton       2212        938.3         1       1
     neutron      2112        939.6         0       1
     pion+         211        139.6         1       0
     pion0         111        135.0         0       0
     pion-        -211        139.6        -1       0
     muon+         -13        105.7         1       0
     muon-          13        105.7        -1       0
     electron       11          0.5        -1       0
     positron      -11          0.5         1       0
     photon         22          0.0         0       0
     deuteron  1000002       1875.6         1       2
     triton    1000003       2808.9         1       3
     3he       2000003       2808.4         2       3
     alpha     2000004       3727.4         2       4

     nu_e           12          0.0         0       0
     nu_ebar       -12          0.0         0       0
     nu_mu          14          0.0         0       0
     nu_muba       -14          0.0         0       0

-------------------------------------------------------------------------------
 prod. particles       number        weight        weight per source
-------------------------------------------------------------------------------
     neutron          158259.     1.5825900E+05     1.5825900E+01
     proton           142746.     1.4274600E+05     1.4274600E+01
     photon            15163.     1.5163000E+04     1.5163000E+00
     alpha             13639.     1.3639000E+04     1.3639000E+00
     deuteron           6046.     6.0460000E+03     6.0460000E-01
     3he                1736.     1.7360000E+03     1.7360000E-01
     triton             1527.     1.5270000E+03     1.5270000E-01
     positron            109.     1.0900000E+02     1.0900000E-02
     other                36.     3.6000000E+01     3.6000000E-03
     electron             26.     2.6000000E+01     2.6000000E-03
     pion0                22.     2.2000000E+01     2.2000000E-03
     pion-                18.     1.8000000E+01     1.8000000E-03
     pion+                16.     1.6000000E+01     1.6000000E-03
     muon+                 8.     8.0000000E+00     8.0000000E-04
     muon-                 7.     7.0000000E+00     7.0000000E-04
     fission               3.     3.0000000E+00     3.0000000E-04

-------------------------------------------------------------------------------
 the other kind of produced particles
-------------------------------------------------------------------------------
     Name      kf-code        number     mass       charge   baryon
     nu_muba       -14            14       0.0         0       0
     nu_mu          14            12       0.0         0       0
     nu_e           12             7       0.0         0       0
     nu_ebar       -12             3       0.0         0       0

-------------------------------------------------------------------------------
 particle decays       number        weight        weight per source
-------------------------------------------------------------------------------
     positron            102.     1.0200000E+02     1.0200000E-02
     pion0                22.     2.2000000E+01     2.2000000E-03
     pion+                 8.     8.0000000E+00     8.0000000E-04
     muon+                 7.     7.0000000E+00     7.0000000E-04
     pion-                 7.     7.0000000E+00     7.0000000E-04
     muon-                 3.     3.0000000E+00     3.0000000E-04

-------------------------------------------------------------------------------
 stop. particles.    number        weight        weight per source
-------------------------------------------------------------------------------
     proton           131760.     1.3176000E+05     1.3176000E+01
     nucleus           31040.     3.1040000E+04     3.1040000E+00
     electron          25834.     2.5834000E+04     2.5834000E+00
     alpha              9574.     9.5740000E+03     9.5740000E-01
     deuteron           4164.     4.1640000E+03     4.1640000E-01
     3he                1220.     1.2200000E+03     1.2200000E-01
     triton              889.     8.8900000E+02     8.8900000E-02
     positron            105.     1.0500000E+02     1.0500000E-02
     photon               43.     4.3000000E+01     4.3000000E-03
     neutron               2.     2.0000000E+00     2.0000000E-04

-------------------------------------------------------------------------------
 leak. particles       number        weight        weight per source
-------------------------------------------------------------------------------
     neutron           26869.     2.6869000E+04     2.6869000E+00
     photon            14139.     1.4139000E+04     1.4139000E+00
     proton             7663.     7.6630000E+03     7.6630000E-01
     alpha              2764.     2.7640000E+03     2.7640000E-01
     deuteron           1357.     1.3570000E+03     1.3570000E-01
     triton              430.     4.3000000E+02     4.3000000E-02
     3he                 292.     2.9200000E+02     2.9200000E-02
     electron            184.     1.8400000E+02     1.8400000E-02
     nucleus             102.     1.0200000E+02     1.0200000E-02
     other                36.     3.6000000E+01     3.6000000E-03
     positron             22.     2.2000000E+01     2.2000000E-03
     pion+                 7.     7.0000000E+00     7.0000000E-04
     pion-                 4.     4.0000000E+00     4.0000000E-04
     muon-                 3.     3.0000000E+00     3.0000000E-04
     muon+                 1.     1.0000000E+00     1.0000000E-04

-------------------------------------------------------------------------------
 the other kind of leakage particles
-------------------------------------------------------------------------------
     Name      kf-code        number     mass       charge   baryon
     nu_muba       -14            14       0.0         0       0
     nu_mu          14            12       0.0         0       0
     nu_e           12             7       0.0         0       0
     nu_ebar       -12             3       0.0         0       0

-------------------------------------------------------------------------------
 source: maxcas    maxbch      irskip   average weight          total source
-------------------------------------------------------------------------------
        1000          10           0    1.0000000E+00    1.0000000000000E+04

-------------------------------------------------------------------------------
 used ATIMA database
-------------------------------------------------------------------------------
     for dedx  =      317 / mdbatima =      500

-------------------------------------------------------------------------------
 CG error summary
-------------------------------------------------------------------------------
 Number of lost particles     =     0 / nlost =    10000
 Number of geometry recovering =     0
 Number of unrecovered errors =     0

-------------------------------------------------------------------------------
 initial random seed:
   bitrseed = 0100001010011000001011101100011110011000110110100110010000000000
 next initial random seed:
   bitrseed = 0111011010010100011001101100101001110100011011011011110011011010

-------------------------------------------------------------------------------
 job termination date : 2022/03/07
                 time :   15:58:32

-------------------------------------------------------------------------------
    CPU time and number of event called in PHITS
-------------------------------------------------------------------------------

                             sec
total cpu time =          241.25


                           count
      analysis =        2247452.  : data processing
         nevap =          24256.  : evaporation
        dexgam =          10415.  : de-excitation
         nreac =        1014969.  : atomic and nuclear reactions
         dklos =            149.  : particle decay
         hydro =              0.  : nucleon-nucleon scattering
        n-data =         124834.  : neutron data library
        h-data =              0.  : p, d, a data library
        p-data =              0.  : photon data library
        e-data =              0.  : electron data library
        p-egs5 =          15657.  : photon interaction with EGS5
        e-egs5 =         856767.  : electron interaction with EGS5
      e-tsmode =              0.  : electron track structure mode
    ion-tsmode =              0.  : ion track structure mode
     photonucl =              0.  : photo-nuclear reaction
       mu-reac =              0.  : muon-induced nuclear reaction
       mu-brem =              0.  : muon-induced bremsstrahlung
       mu-pprd =              0.  : muon-induced pair production
        mu-cap =              1.  : muon capture in nucleus
         elast =           5824.  : elastic scattering
         ncasc =          48967.  : nuclear reaction model

       bertini =             18.  : Bertini model
        isobar =              0.  : isobar model
           JAM =              0.  : JAM model
           QMD =           7050.  : JQMD model
        JAMQMD =              0.  : JAMQMD model
          INCL =          41886.  : INCL model
        INCELF =              0.  : INCELF model
     frag data =              0.  : user defined cross section
       SCINFUL =              0.  : SCINFUL mode

>>> Citation Request >>>=======================================================

 This execution uses model(s) that must be explicitly cited in addition to
 the PHITS original document: T.Sato et al., J.Nucl.Sci.Technol.55, 684-690 (2018).
 Please refer the following document(s) in your publication using this result

 The INCL model:
    A. Boudard et al., Phys. Rev C87, 014606 (2013).

 The EGS5 code:
    H. Hirayama et al., SLAC-R-730 (2005) and KEK Report 2005-8 (2005)

 The KUROTAMA model:
    K. Iida, A. Kohama, and K. Oyamatsu, J. Phys. Soc. Japan 76, 044201 (2007).

 END 
