[ T-Track ]
    title = Track Detection using [T-track] tally
     mesh =  xyz            # mesh type is xyz scoring mesh
   x-type =    2            # x-mesh is linear given by xmin, xmax and nx
     xmin =  -25.00000      # minimum value of x-mesh points
     xmax =   25.00000      # maximum value of x-mesh points
#    xdel =  0.2500000      # mesh width of x-mesh points
       nx =    200          # number of x-mesh points
#    data = ( x(i), i = 1, nx + 1 )
#          -2.50000E+01 -2.47500E+01 -2.45000E+01 -2.42500E+01 -2.40000E+01
#          -2.37500E+01 -2.35000E+01 -2.32500E+01 -2.30000E+01 -2.27500E+01
#          -2.25000E+01 -2.22500E+01 -2.20000E+01 -2.17500E+01 -2.15000E+01
#          -2.12500E+01 -2.10000E+01 -2.07500E+01 -2.05000E+01 -2.02500E+01
#          -2.00000E+01 -1.97500E+01 -1.95000E+01 -1.92500E+01 -1.90000E+01
#          -1.87500E+01 -1.85000E+01 -1.82500E+01 -1.80000E+01 -1.77500E+01
#          -1.75000E+01 -1.72500E+01 -1.70000E+01 -1.67500E+01 -1.65000E+01
#          -1.62500E+01 -1.60000E+01 -1.57500E+01 -1.55000E+01 -1.52500E+01
#          -1.50000E+01 -1.47500E+01 -1.45000E+01 -1.42500E+01 -1.40000E+01
#          -1.37500E+01 -1.35000E+01 -1.32500E+01 -1.30000E+01 -1.27500E+01
#          -1.25000E+01 -1.22500E+01 -1.20000E+01 -1.17500E+01 -1.15000E+01
#          -1.12500E+01 -1.10000E+01 -1.07500E+01 -1.05000E+01 -1.02500E+01
#          -1.00000E+01 -9.75000E+00 -9.50000E+00 -9.25000E+00 -9.00000E+00
#          -8.75000E+00 -8.50000E+00 -8.25000E+00 -8.00000E+00 -7.75000E+00
#          -7.50000E+00 -7.25000E+00 -7.00000E+00 -6.75000E+00 -6.50000E+00
#          -6.25000E+00 -6.00000E+00 -5.75000E+00 -5.50000E+00 -5.25000E+00
#          -5.00000E+00 -4.75000E+00 -4.50000E+00 -4.25000E+00 -4.00000E+00
#          -3.75000E+00 -3.50000E+00 -3.25000E+00 -3.00000E+00 -2.75000E+00
#          -2.50000E+00 -2.25000E+00 -2.00000E+00 -1.75000E+00 -1.50000E+00
#          -1.25000E+00 -1.00000E+00 -7.50000E-01 -5.00000E-01 -2.50000E-01
#           0.00000E+00  2.50000E-01  5.00000E-01  7.50000E-01  1.00000E+00
#           1.25000E+00  1.50000E+00  1.75000E+00  2.00000E+00  2.25000E+00
#           2.50000E+00  2.75000E+00  3.00000E+00  3.25000E+00  3.50000E+00
#           3.75000E+00  4.00000E+00  4.25000E+00  4.50000E+00  4.75000E+00
#           5.00000E+00  5.25000E+00  5.50000E+00  5.75000E+00  6.00000E+00
#           6.25000E+00  6.50000E+00  6.75000E+00  7.00000E+00  7.25000E+00
#           7.50000E+00  7.75000E+00  8.00000E+00  8.25000E+00  8.50000E+00
#           8.75000E+00  9.00000E+00  9.25000E+00  9.50000E+00  9.75000E+00
#           1.00000E+01  1.02500E+01  1.05000E+01  1.07500E+01  1.10000E+01
#           1.12500E+01  1.15000E+01  1.17500E+01  1.20000E+01  1.22500E+01
#           1.25000E+01  1.27500E+01  1.30000E+01  1.32500E+01  1.35000E+01
#           1.37500E+01  1.40000E+01  1.42500E+01  1.45000E+01  1.47500E+01
#           1.50000E+01  1.52500E+01  1.55000E+01  1.57500E+01  1.60000E+01
#           1.62500E+01  1.65000E+01  1.67500E+01  1.70000E+01  1.72500E+01
#           1.75000E+01  1.77500E+01  1.80000E+01  1.82500E+01  1.85000E+01
#           1.87500E+01  1.90000E+01  1.92500E+01  1.95000E+01  1.97500E+01
#           2.00000E+01  2.02500E+01  2.05000E+01  2.07500E+01  2.10000E+01
#           2.12500E+01  2.15000E+01  2.17500E+01  2.20000E+01  2.22500E+01
#           2.25000E+01  2.27500E+01  2.30000E+01  2.32500E+01  2.35000E+01
#           2.37500E+01  2.40000E+01  2.42500E+01  2.45000E+01  2.47500E+01
#           2.50000E+01
   y-type =    2            # y-mesh is linear given by ymin, ymax and ny
     ymin =  -25.00000      # minimum value of y-mesh points
     ymax =   25.00000      # maximum value of y-mesh points
#    ydel =  0.2500000      # mesh width of y-mesh points
       ny =    200          # number of y-mesh points
#    data = ( y(i), i = 1, ny + 1 )
#          -2.50000E+01 -2.47500E+01 -2.45000E+01 -2.42500E+01 -2.40000E+01
#          -2.37500E+01 -2.35000E+01 -2.32500E+01 -2.30000E+01 -2.27500E+01
#          -2.25000E+01 -2.22500E+01 -2.20000E+01 -2.17500E+01 -2.15000E+01
#          -2.12500E+01 -2.10000E+01 -2.07500E+01 -2.05000E+01 -2.02500E+01
#          -2.00000E+01 -1.97500E+01 -1.95000E+01 -1.92500E+01 -1.90000E+01
#          -1.87500E+01 -1.85000E+01 -1.82500E+01 -1.80000E+01 -1.77500E+01
#          -1.75000E+01 -1.72500E+01 -1.70000E+01 -1.67500E+01 -1.65000E+01
#          -1.62500E+01 -1.60000E+01 -1.57500E+01 -1.55000E+01 -1.52500E+01
#          -1.50000E+01 -1.47500E+01 -1.45000E+01 -1.42500E+01 -1.40000E+01
#          -1.37500E+01 -1.35000E+01 -1.32500E+01 -1.30000E+01 -1.27500E+01
#          -1.25000E+01 -1.22500E+01 -1.20000E+01 -1.17500E+01 -1.15000E+01
#          -1.12500E+01 -1.10000E+01 -1.07500E+01 -1.05000E+01 -1.02500E+01
#          -1.00000E+01 -9.75000E+00 -9.50000E+00 -9.25000E+00 -9.00000E+00
#          -8.75000E+00 -8.50000E+00 -8.25000E+00 -8.00000E+00 -7.75000E+00
#          -7.50000E+00 -7.25000E+00 -7.00000E+00 -6.75000E+00 -6.50000E+00
#          -6.25000E+00 -6.00000E+00 -5.75000E+00 -5.50000E+00 -5.25000E+00
#          -5.00000E+00 -4.75000E+00 -4.50000E+00 -4.25000E+00 -4.00000E+00
#          -3.75000E+00 -3.50000E+00 -3.25000E+00 -3.00000E+00 -2.75000E+00
#          -2.50000E+00 -2.25000E+00 -2.00000E+00 -1.75000E+00 -1.50000E+00
#          -1.25000E+00 -1.00000E+00 -7.50000E-01 -5.00000E-01 -2.50000E-01
#           0.00000E+00  2.50000E-01  5.00000E-01  7.50000E-01  1.00000E+00
#           1.25000E+00  1.50000E+00  1.75000E+00  2.00000E+00  2.25000E+00
#           2.50000E+00  2.75000E+00  3.00000E+00  3.25000E+00  3.50000E+00
#           3.75000E+00  4.00000E+00  4.25000E+00  4.50000E+00  4.75000E+00
#           5.00000E+00  5.25000E+00  5.50000E+00  5.75000E+00  6.00000E+00
#           6.25000E+00  6.50000E+00  6.75000E+00  7.00000E+00  7.25000E+00
#           7.50000E+00  7.75000E+00  8.00000E+00  8.25000E+00  8.50000E+00
#           8.75000E+00  9.00000E+00  9.25000E+00  9.50000E+00  9.75000E+00
#           1.00000E+01  1.02500E+01  1.05000E+01  1.07500E+01  1.10000E+01
#           1.12500E+01  1.15000E+01  1.17500E+01  1.20000E+01  1.22500E+01
#           1.25000E+01  1.27500E+01  1.30000E+01  1.32500E+01  1.35000E+01
#           1.37500E+01  1.40000E+01  1.42500E+01  1.45000E+01  1.47500E+01
#           1.50000E+01  1.52500E+01  1.55000E+01  1.57500E+01  1.60000E+01
#           1.62500E+01  1.65000E+01  1.67500E+01  1.70000E+01  1.72500E+01
#           1.75000E+01  1.77500E+01  1.80000E+01  1.82500E+01  1.85000E+01
#           1.87500E+01  1.90000E+01  1.92500E+01  1.95000E+01  1.97500E+01
#           2.00000E+01  2.02500E+01  2.05000E+01  2.07500E+01  2.10000E+01
#           2.12500E+01  2.15000E+01  2.17500E+01  2.20000E+01  2.22500E+01
#           2.25000E+01  2.27500E+01  2.30000E+01  2.32500E+01  2.35000E+01
#           2.37500E+01  2.40000E+01  2.42500E+01  2.45000E+01  2.47500E+01
#           2.50000E+01
   z-type =    2            # z-mesh is linear given by zmin, zmax and nz
     zmin =  -17.98000      # minimum value of z-mesh points
     zmax =   18.02000      # maximum value of z-mesh points
#    zdel =   36.00000      # mesh width of z-mesh points
       nz =      1          # number of z-mesh points
#    data = ( z(i), i = 1, nz + 1 )
#          -1.79800E+01  1.80200E+01
   e-type =    1            # e-mesh is given by the below data
       ne =      1          # number of e-mesh points
#    data = ( e(i), i = 1, ne + 1 )
            0.00000E+00  1.00000E+03
     unit =    1            # unit is [1/cm^2/source]
 material =  all            # (D=all) number of specific material
  2D-type =    3            # 1:Cont, 2:Clust, 3:Color, 4:xyz, 5:mat, 6:Clust+Cont, 7:Col+Cont
     axis =      xy            # axis of output
     file = lec01_vsource1_xy.out  # file name of output for the above axis
     part =  proton     neutron    photon     electron 
# kf/name :  2212       2112       22         11       
    gshow =    3            # 0: no 1:bnd, 2:bnd+mat, 3:bnd+reg 4:bnd+lat 5:bmp style
    resol =    1            # (D=1) resolution of gshow or rshow
    width = 0.5000000       # (D=0.5) width of lines for gshow or rshow
   epsout =    1            # (D=0) generate eps file by ANGEL
#    used :        main (  %)        temp (  %)       total (  %)
#  memory :         410 (  0)           0 (  0)         410 (  0)

#------------------------------------------------------------------------------
#newpage:
#   no. =  1   ie  =  1   iz  =  1   part. = proton  
#   e = (   0.0000E+00  -   1.0000E+03  )
#   z = (  -1.7980E+01  -   1.8020E+01  )

'no. =  1,  ie =  1,  iz =  1'
msuc: {\huge Track Detection using [T-track] tally}
msdr: {\it plotted by \ANGEL \version}
msdl: {\it calculated by \PHITS  3.35}

x: x [cm]
y: y [cm]
set: c1[ 1.000] c2[ 0.900] c5[ 0.800] c6[ 1.000] c7[ 0.000] c8[ 0.000]
p: h2fs form[c1] xfac[c2] afac[c5] scal[c6] xorg[c7] yorg[c8] nosp
p: xmin( -25.00000    ) xmax(  25.00000    )
p: ymin( -25.00000    ) ymax(  25.00000    )
#  ny = 200   nx = 200
# ( ( data(x,y), x = 1, nx ), y = ny, 1, -1 )

#------------------------------------------------------------------------------
# gshow
#------------------------------------------------------------------------------

p: legs[c5*0.875]

w:98/ x(  -0.1540168E+02) y(  -0.1540162E+02) ix(2) iy(2) s(   0.7000E+00)

h: x ny1,0  y2=[y1](void),ic[lightgray]
 -1.000000E+00 -1.000000E+00

hb:   line clip z   cb(lightgray)
clip:
 -2.00000000E+01 -1.99999444E+01
  2.00000000E+01 -1.99998210E+01
  2.00000000E+01 -1.99464001E+01
  2.00000000E+01 -1.98929793E+01
  2.00000000E+01 -1.96939126E+01
  2.00000000E+01 -1.96404917E+01
  2.00000000E+01 -1.94414250E+01
  2.00000000E+01 -1.93880041E+01
  2.00000000E+01 -1.91889374E+01
  2.00000000E+01 -1.91355166E+01
  2.00000000E+01 -1.89364499E+01
  2.00000000E+01 -1.88830290E+01
  2.00000000E+01 -1.86839623E+01
  2.00000000E+01 -1.86305415E+01
  2.00000000E+01 -1.84314748E+01
  2.00000000E+01 -1.83780539E+01
  2.00000000E+01 -1.81789872E+01
  2.00000000E+01 -1.81255663E+01
  2.00000000E+01 -1.79264996E+01
  2.00000000E+01 -1.78730788E+01
  2.00000000E+01 -1.76740121E+01
  2.00000000E+01 -1.76205912E+01
  2.00000000E+01 -1.74215245E+01
  2.00000000E+01 -1.73681036E+01
  2.00000000E+01 -1.71690369E+01
  2.00000000E+01 -1.71156161E+01
  2.00000000E+01 -1.69165494E+01
  2.00000000E+01 -1.68631285E+01
  2.00000000E+01 -1.66640618E+01
  2.00000000E+01 -1.66106410E+01
  2.00000000E+01 -1.64115743E+01
  2.00000000E+01 -1.63581534E+01
  2.00000000E+01 -1.61590867E+01
  2.00000000E+01 -1.61056658E+01
  2.00000000E+01 -1.59065991E+01
  2.00000000E+01 -1.58531783E+01
  2.00000000E+01 -1.56541116E+01
  2.00000000E+01 -1.56006907E+01
  2.00000000E+01 -1.54016240E+01
  2.00000000E+01 -1.53482032E+01
  2.00000000E+01 -1.51491364E+01
  2.00000000E+01 -1.50957156E+01
  2.00000000E+01 -1.48966489E+01
  2.00000000E+01 -1.48432280E+01
  2.00000000E+01 -1.46441613E+01
  2.00000000E+01 -1.45907405E+01
  2.00000000E+01 -1.43916738E+01
  2.00000000E+01 -1.43382529E+01
  2.00000000E+01 -1.41391862E+01
  2.00000000E+01 -1.40857653E+01
  2.00000000E+01 -1.38866986E+01
  2.00000000E+01 -1.38332778E+01
  2.00000000E+01 -1.36342111E+01
  2.00000000E+01 -1.35807902E+01
  2.00000000E+01 -1.33817235E+01
  2.00000000E+01 -1.33283027E+01
  2.00000000E+01 -1.31292359E+01
  2.00000000E+01 -1.30758151E+01
  2.00000000E+01 -1.28767484E+01
  2.00000000E+01 -1.28233275E+01
  2.00000000E+01 -1.26242608E+01
  2.00000000E+01 -1.25708400E+01
  2.00000000E+01 -1.23717733E+01
  2.00000000E+01 -1.23183524E+01
  2.00000000E+01 -1.21192857E+01
  2.00000000E+01 -1.20658648E+01
  2.00000000E+01 -1.18667981E+01
  2.00000000E+01 -1.18133773E+01
  2.00000000E+01 -1.16143106E+01
  2.00000000E+01 -1.15608897E+01
  2.00000000E+01 -1.13618230E+01
  2.00000000E+01 -1.13084022E+01
  2.00000000E+01 -1.11093355E+01
  2.00000000E+01 -1.10559146E+01
  2.00000000E+01 -1.08568479E+01
  2.00000000E+01 -1.08034270E+01
  2.00000000E+01 -1.06043603E+01
  2.00000000E+01 -1.05509395E+01
  2.00000000E+01 -1.03518728E+01
  2.00000000E+01 -1.02984519E+01
  2.00000000E+01 -1.00993852E+01
  2.00000000E+01 -1.00459643E+01
  2.00000000E+01 -9.84689764E+00
  2.00000000E+01 -9.79347678E+00
  2.00000000E+01 -9.59441008E+00
  2.00000000E+01 -9.54098922E+00
  2.00000000E+01 -9.34192252E+00
  2.00000000E+01 -9.28850166E+00
  2.00000000E+01 -9.08943495E+00
  2.00000000E+01 -9.03601410E+00
  2.00000000E+01 -8.83694739E+00
  2.00000000E+01 -8.78352653E+00
  2.00000000E+01 -8.58445983E+00
  2.00000000E+01 -8.53103897E+00
  2.00000000E+01 -8.33197227E+00
  2.00000000E+01 -8.27855141E+00
  2.00000000E+01 -8.07948471E+00
  2.00000000E+01 -8.02606385E+00
  2.00000000E+01 -7.82699714E+00
  2.00000000E+01 -7.77357629E+00
  2.00000000E+01 -7.57450958E+00
  2.00000000E+01 -7.52108872E+00
  2.00000000E+01 -7.32202202E+00
  2.00000000E+01 -7.26860116E+00
  2.00000000E+01 -7.06953446E+00
  2.00000000E+01 -7.01611360E+00
  2.00000000E+01 -6.81704690E+00
  2.00000000E+01 -6.76362604E+00
  2.00000000E+01 -6.56455933E+00
  2.00000000E+01 -6.51113847E+00
  2.00000000E+01 -6.31207177E+00
  2.00000000E+01 -6.25865091E+00
  2.00000000E+01 -6.05958421E+00
  2.00000000E+01 -6.00616335E+00
  2.00000000E+01 -5.80709665E+00
  2.00000000E+01 -5.75367579E+00
  2.00000000E+01 -5.55460908E+00
  2.00000000E+01 -5.50118823E+00
  2.00000000E+01 -5.30212152E+00
  2.00000000E+01 -5.24870066E+00
  2.00000000E+01 -5.04963396E+00
  2.00000000E+01 -4.99621310E+00
  2.00000000E+01 -4.79714640E+00
  2.00000000E+01 -4.74372554E+00
  2.00000000E+01 -4.54465884E+00
  2.00000000E+01 -4.49123798E+00
  2.00000000E+01 -4.29217127E+00
  2.00000000E+01 -4.23875041E+00
  2.00000000E+01 -4.03968371E+00
  2.00000000E+01 -3.98626285E+00
  2.00000000E+01 -3.78719615E+00
  2.00000000E+01 -3.73377529E+00
  2.00000000E+01 -3.53470859E+00
  2.00000000E+01 -3.48128773E+00
  2.00000000E+01 -3.28222102E+00
  2.00000000E+01 -3.22880017E+00
  2.00000000E+01 -3.02973346E+00
  2.00000000E+01 -2.97631260E+00
  2.00000000E+01 -2.77724590E+00
  2.00000000E+01 -2.72382504E+00
  2.00000000E+01 -2.52475834E+00
  2.00000000E+01 -2.47133748E+00
  2.00000000E+01 -2.27227078E+00
  2.00000000E+01 -2.21884992E+00
  2.00000000E+01 -2.01978321E+00
  2.00000000E+01 -1.96636235E+00
  2.00000000E+01 -1.76729565E+00
  2.00000000E+01 -1.71387479E+00
  2.00000000E+01 -1.51480809E+00
  2.00000000E+01 -1.46138723E+00
  2.00000000E+01 -1.26232053E+00
  2.00000000E+01 -1.20889967E+00
  2.00000000E+01 -1.00983296E+00
  2.00000000E+01 -9.56412106E-01
  2.00000000E+01 -7.57345403E-01
  2.00000000E+01 -7.03924544E-01
  2.00000000E+01 -5.04857840E-01
  2.00000000E+01 -4.51436982E-01
  2.00000000E+01 -2.52370278E-01
  2.00000000E+01 -1.98949420E-01
  2.00000000E+01  1.17283945E-04
  2.00000000E+01  5.35381426E-02
  2.00000000E+01  2.52604846E-01
  2.00000000E+01  3.06025705E-01
  2.00000000E+01  5.05092408E-01
  2.00000000E+01  5.58513267E-01
  2.00000000E+01  7.57579971E-01
  2.00000000E+01  8.11000829E-01
  2.00000000E+01  1.01006753E+00
  2.00000000E+01  1.06348839E+00
  2.00000000E+01  1.26255509E+00
  2.00000000E+01  1.31597595E+00
  2.00000000E+01  1.51504266E+00
  2.00000000E+01  1.56846352E+00
  2.00000000E+01  1.76753022E+00
  2.00000000E+01  1.82095108E+00
  2.00000000E+01  2.02001778E+00
  2.00000000E+01  2.07343864E+00
  2.00000000E+01  2.27250534E+00
  2.00000000E+01  2.32592620E+00
  2.00000000E+01  2.52499291E+00
  2.00000000E+01  2.57841376E+00
  2.00000000E+01  2.77748047E+00
  2.00000000E+01  2.83090133E+00
  2.00000000E+01  3.02996803E+00
  2.00000000E+01  3.08338889E+00
  2.00000000E+01  3.28245559E+00
  2.00000000E+01  3.33587645E+00
  2.00000000E+01  3.53494315E+00
  2.00000000E+01  3.58836401E+00
  2.00000000E+01  3.78743072E+00
  2.00000000E+01  3.84085158E+00
  2.00000000E+01  4.03991828E+00
  2.00000000E+01  4.09333914E+00
  2.00000000E+01  4.29240584E+00
  2.00000000E+01  4.34582670E+00
  2.00000000E+01  4.54489340E+00
  2.00000000E+01  4.59831426E+00
  2.00000000E+01  4.79738097E+00
  2.00000000E+01  4.85080182E+00
  2.00000000E+01  5.04986853E+00
  2.00000000E+01  5.10328939E+00
  2.00000000E+01  5.30235609E+00
  2.00000000E+01  5.35577695E+00
  2.00000000E+01  5.55484365E+00
  2.00000000E+01  5.60826451E+00
  2.00000000E+01  5.80733121E+00
  2.00000000E+01  5.86075207E+00
  2.00000000E+01  6.05981878E+00
  2.00000000E+01  6.11323964E+00
  2.00000000E+01  6.31230634E+00
  2.00000000E+01  6.36572720E+00
  2.00000000E+01  6.56479390E+00
  2.00000000E+01  6.61821476E+00
  2.00000000E+01  6.81728146E+00
  2.00000000E+01  6.87070232E+00
  2.00000000E+01  7.06976903E+00
  2.00000000E+01  7.12318988E+00
  2.00000000E+01  7.32225659E+00
  2.00000000E+01  7.37567745E+00
  2.00000000E+01  7.57474415E+00
  2.00000000E+01  7.62816501E+00
  2.00000000E+01  7.82723171E+00
  2.00000000E+01  7.88065257E+00
  2.00000000E+01  8.07971927E+00
  2.00000000E+01  8.13314013E+00
  2.00000000E+01  8.33220684E+00
  2.00000000E+01  8.38562769E+00
  2.00000000E+01  8.58469440E+00
  2.00000000E+01  8.63811526E+00
  2.00000000E+01  8.83718196E+00
  2.00000000E+01  8.89060282E+00
  2.00000000E+01  9.08966952E+00
  2.00000000E+01  9.14309038E+00
  2.00000000E+01  9.34215708E+00
  2.00000000E+01  9.39557794E+00
  2.00000000E+01  9.59464465E+00
  2.00000000E+01  9.64806551E+00
  2.00000000E+01  9.84713221E+00
  2.00000000E+01  9.90055307E+00
  2.00000000E+01  1.00996198E+01
  2.00000000E+01  1.01530406E+01
  2.00000000E+01  1.03521073E+01
  2.00000000E+01  1.04055282E+01
  2.00000000E+01  1.06045949E+01
  2.00000000E+01  1.06580158E+01
  2.00000000E+01  1.08570825E+01
  2.00000000E+01  1.09105033E+01
  2.00000000E+01  1.11095700E+01
  2.00000000E+01  1.11629909E+01
  2.00000000E+01  1.13620576E+01
  2.00000000E+01  1.14154784E+01
  2.00000000E+01  1.16145451E+01
  2.00000000E+01  1.16679660E+01
  2.00000000E+01  1.18670327E+01
  2.00000000E+01  1.19204536E+01
  2.00000000E+01  1.21195203E+01
  2.00000000E+01  1.21729411E+01
  2.00000000E+01  1.23720078E+01
  2.00000000E+01  1.24254287E+01
  2.00000000E+01  1.26244954E+01
  2.00000000E+01  1.26779163E+01
  2.00000000E+01  1.28769830E+01
  2.00000000E+01  1.29304038E+01
  2.00000000E+01  1.31294705E+01
  2.00000000E+01  1.31828914E+01
  2.00000000E+01  1.33819581E+01
  2.00000000E+01  1.34353789E+01
  2.00000000E+01  1.36344456E+01
  2.00000000E+01  1.36878665E+01
  2.00000000E+01  1.38869332E+01
  2.00000000E+01  1.39403541E+01
  2.00000000E+01  1.41394208E+01
  2.00000000E+01  1.41928416E+01
  2.00000000E+01  1.43919083E+01
  2.00000000E+01  1.44453292E+01
  2.00000000E+01  1.46443959E+01
  2.00000000E+01  1.46978167E+01
  2.00000000E+01  1.48968835E+01
  2.00000000E+01  1.49503043E+01
  2.00000000E+01  1.51493710E+01
  2.00000000E+01  1.52027919E+01
  2.00000000E+01  1.54018586E+01
  2.00000000E+01  1.54552794E+01
  2.00000000E+01  1.56543461E+01
  2.00000000E+01  1.57077670E+01
  2.00000000E+01  1.59068337E+01
  2.00000000E+01  1.59602546E+01
  2.00000000E+01  1.61593213E+01
  2.00000000E+01  1.62127421E+01
  2.00000000E+01  1.64118088E+01
  2.00000000E+01  1.64652297E+01
  2.00000000E+01  1.66642964E+01
  2.00000000E+01  1.67177172E+01
  2.00000000E+01  1.69167840E+01
  2.00000000E+01  1.69702048E+01
  2.00000000E+01  1.71692715E+01
  2.00000000E+01  1.72226924E+01
  2.00000000E+01  1.74217591E+01
  2.00000000E+01  1.74751799E+01
  2.00000000E+01  1.76742466E+01
  2.00000000E+01  1.77276675E+01
  2.00000000E+01  1.79267342E+01
  2.00000000E+01  1.79801551E+01
  2.00000000E+01  1.81792218E+01
  2.00000000E+01  1.82326426E+01
  2.00000000E+01  1.84317093E+01
  2.00000000E+01  1.84851302E+01
  2.00000000E+01  1.86841969E+01
  2.00000000E+01  1.87376177E+01
  2.00000000E+01  1.89366844E+01
  2.00000000E+01  1.89901053E+01
  2.00000000E+01  1.91891720E+01
  2.00000000E+01  1.92425929E+01
  2.00000000E+01  1.94416596E+01
  2.00000000E+01  1.94950804E+01
  2.00000000E+01  1.96941471E+01
  2.00000000E+01  1.97475680E+01
  2.00000000E+01  1.99466347E+01
  1.99999444E+01  2.00000000E+01
  1.99465791E+01  2.00000000E+01
  1.98932138E+01  2.00000000E+01
  1.96940916E+01  2.00000000E+01
  1.96407263E+01  2.00000000E+01
  1.94416040E+01  2.00000000E+01
  1.93882387E+01  2.00000000E+01
  1.91891165E+01  2.00000000E+01
  1.91357512E+01  2.00000000E+01
  1.89366289E+01  2.00000000E+01
  1.88832636E+01  2.00000000E+01
  1.86841413E+01  2.00000000E+01
  1.86307760E+01  2.00000000E+01
  1.84316538E+01  2.00000000E+01
  1.83782885E+01  2.00000000E+01
  1.81791662E+01  2.00000000E+01
  1.81258009E+01  2.00000000E+01
  1.79266786E+01  2.00000000E+01
  1.78733133E+01  2.00000000E+01
  1.76741911E+01  2.00000000E+01
  1.76208258E+01  2.00000000E+01
  1.74217035E+01  2.00000000E+01
  1.73683382E+01  2.00000000E+01
  1.71692160E+01  2.00000000E+01
  1.71158507E+01  2.00000000E+01
  1.69167284E+01  2.00000000E+01
  1.68633631E+01  2.00000000E+01
  1.66642408E+01  2.00000000E+01
  1.66108755E+01  2.00000000E+01
  1.64117533E+01  2.00000000E+01
  1.63583880E+01  2.00000000E+01
  1.61592657E+01  2.00000000E+01
  1.61059004E+01  2.00000000E+01
  1.59067781E+01  2.00000000E+01
  1.58534128E+01  2.00000000E+01
  1.56542906E+01  2.00000000E+01
  1.56009253E+01  2.00000000E+01
  1.54018030E+01  2.00000000E+01
  1.53484377E+01  2.00000000E+01
  1.51493155E+01  2.00000000E+01
  1.50959502E+01  2.00000000E+01
  1.48968279E+01  2.00000000E+01
  1.48434626E+01  2.00000000E+01
  1.46443403E+01  2.00000000E+01
  1.45909750E+01  2.00000000E+01
  1.43918528E+01  2.00000000E+01
  1.43384875E+01  2.00000000E+01
  1.41393652E+01  2.00000000E+01
  1.40859999E+01  2.00000000E+01
  1.38868776E+01  2.00000000E+01
  1.38335123E+01  2.00000000E+01
  1.36343901E+01  2.00000000E+01
  1.35810248E+01  2.00000000E+01
  1.33819025E+01  2.00000000E+01
  1.33285372E+01  2.00000000E+01
  1.31294150E+01  2.00000000E+01
  1.30760497E+01  2.00000000E+01
  1.28769274E+01  2.00000000E+01
  1.28235621E+01  2.00000000E+01
  1.26244398E+01  2.00000000E+01
  1.25710745E+01  2.00000000E+01
  1.23719523E+01  2.00000000E+01
  1.23185870E+01  2.00000000E+01
  1.21194647E+01  2.00000000E+01
  1.20660994E+01  2.00000000E+01
  1.18669772E+01  2.00000000E+01
  1.18136118E+01  2.00000000E+01
  1.16144896E+01  2.00000000E+01
  1.15611243E+01  2.00000000E+01
  1.13620020E+01  2.00000000E+01
  1.13086367E+01  2.00000000E+01
  1.11095145E+01  2.00000000E+01
  1.10561492E+01  2.00000000E+01
  1.08570269E+01  2.00000000E+01
  1.08036616E+01  2.00000000E+01
  1.06045393E+01  2.00000000E+01
  1.05511740E+01  2.00000000E+01
  1.03520518E+01  2.00000000E+01
  1.02986865E+01  2.00000000E+01
  1.00995642E+01  2.00000000E+01
  1.00461989E+01  2.00000000E+01
  9.84707665E+00  2.00000000E+01
  9.79371135E+00  2.00000000E+01
  9.59458909E+00  2.00000000E+01
  9.54122379E+00  2.00000000E+01
  9.34210153E+00  2.00000000E+01
  9.28873623E+00  2.00000000E+01
  9.08961397E+00  2.00000000E+01
  9.03624866E+00  2.00000000E+01
  8.83712641E+00  2.00000000E+01
  8.78376110E+00  2.00000000E+01
  8.58463884E+00  2.00000000E+01
  8.53127354E+00  2.00000000E+01
  8.33215128E+00  2.00000000E+01
  8.27878598E+00  2.00000000E+01
  8.07966372E+00  2.00000000E+01
  8.02629842E+00  2.00000000E+01
  7.82717616E+00  2.00000000E+01
  7.77381085E+00  2.00000000E+01
  7.57468859E+00  2.00000000E+01
  7.52132329E+00  2.00000000E+01
  7.32220103E+00  2.00000000E+01
  7.26883573E+00  2.00000000E+01
  7.06971347E+00  2.00000000E+01
  7.01634817E+00  2.00000000E+01
  6.81722591E+00  2.00000000E+01
  6.76386060E+00  2.00000000E+01
  6.56473835E+00  2.00000000E+01
  6.51137304E+00  2.00000000E+01
  6.31225078E+00  2.00000000E+01
  6.25888548E+00  2.00000000E+01
  6.05976322E+00  2.00000000E+01
  6.00639792E+00  2.00000000E+01
  5.80727566E+00  2.00000000E+01
  5.75391036E+00  2.00000000E+01
  5.55478810E+00  2.00000000E+01
  5.50142279E+00  2.00000000E+01
  5.30230053E+00  2.00000000E+01
  5.24893523E+00  2.00000000E+01
  5.04981297E+00  2.00000000E+01
  4.99644767E+00  2.00000000E+01
  4.79732541E+00  2.00000000E+01
  4.74396011E+00  2.00000000E+01
  4.54483785E+00  2.00000000E+01
  4.49147254E+00  2.00000000E+01
  4.29235029E+00  2.00000000E+01
  4.23898498E+00  2.00000000E+01
  4.03986272E+00  2.00000000E+01
  3.98649742E+00  2.00000000E+01
  3.78737516E+00  2.00000000E+01
  3.73400986E+00  2.00000000E+01
  3.53488760E+00  2.00000000E+01
  3.48152230E+00  2.00000000E+01
  3.28240004E+00  2.00000000E+01
  3.22903473E+00  2.00000000E+01
  3.02991247E+00  2.00000000E+01
  2.97654717E+00  2.00000000E+01
  2.77742491E+00  2.00000000E+01
  2.72405961E+00  2.00000000E+01
  2.52493735E+00  2.00000000E+01
  2.47157205E+00  2.00000000E+01
  2.27244979E+00  2.00000000E+01
  2.21908448E+00  2.00000000E+01
  2.01996223E+00  2.00000000E+01
  1.96659692E+00  2.00000000E+01
  1.76747466E+00  2.00000000E+01
  1.71410936E+00  2.00000000E+01
  1.51498710E+00  2.00000000E+01
  1.46162180E+00  2.00000000E+01
  1.26249954E+00  2.00000000E+01
  1.20913424E+00  2.00000000E+01
  1.01001198E+00  2.00000000E+01
  9.56646674E-01  2.00000000E+01
  7.57524415E-01  2.00000000E+01
  7.04159112E-01  2.00000000E+01
  5.05036853E-01  2.00000000E+01
  4.51671550E-01  2.00000000E+01
  2.52549291E-01  2.00000000E+01
  1.99183987E-01  2.00000000E+01
  6.17283900E-05  2.00000000E+01
 -5.33035747E-02  2.00000000E+01
 -2.52425834E-01  2.00000000E+01
 -3.05791137E-01  2.00000000E+01
 -5.04913396E-01  2.00000000E+01
 -5.58278699E-01  2.00000000E+01
 -7.57400958E-01  2.00000000E+01
 -8.10766261E-01  2.00000000E+01
 -1.00988852E+00  2.00000000E+01
 -1.06325382E+00  2.00000000E+01
 -1.26237608E+00  2.00000000E+01
 -1.31574139E+00  2.00000000E+01
 -1.51486364E+00  2.00000000E+01
 -1.56822895E+00  2.00000000E+01
 -1.76735121E+00  2.00000000E+01
 -1.82071651E+00  2.00000000E+01
 -2.01983877E+00  2.00000000E+01
 -2.07320407E+00  2.00000000E+01
 -2.27232633E+00  2.00000000E+01
 -2.32569163E+00  2.00000000E+01
 -2.52481389E+00  2.00000000E+01
 -2.57817920E+00  2.00000000E+01
 -2.77730146E+00  2.00000000E+01
 -2.83066676E+00  2.00000000E+01
 -3.02978902E+00  2.00000000E+01
 -3.08315432E+00  2.00000000E+01
 -3.28227658E+00  2.00000000E+01
 -3.33564188E+00  2.00000000E+01
 -3.53476414E+00  2.00000000E+01
 -3.58812945E+00  2.00000000E+01
 -3.78725170E+00  2.00000000E+01
 -3.84061701E+00  2.00000000E+01
 -4.03973927E+00  2.00000000E+01
 -4.09310457E+00  2.00000000E+01
 -4.29222683E+00  2.00000000E+01
 -4.34559213E+00  2.00000000E+01
 -4.54471439E+00  2.00000000E+01
 -4.59807969E+00  2.00000000E+01
 -4.79720195E+00  2.00000000E+01
 -4.85056726E+00  2.00000000E+01
 -5.04968952E+00  2.00000000E+01
 -5.10305482E+00  2.00000000E+01
 -5.30217708E+00  2.00000000E+01
 -5.35554238E+00  2.00000000E+01
 -5.55466464E+00  2.00000000E+01
 -5.60802994E+00  2.00000000E+01
 -5.80715220E+00  2.00000000E+01
 -5.86051751E+00  2.00000000E+01
 -6.05963976E+00  2.00000000E+01
 -6.11300507E+00  2.00000000E+01
 -6.31212733E+00  2.00000000E+01
 -6.36549263E+00  2.00000000E+01
 -6.56461489E+00  2.00000000E+01
 -6.61798019E+00  2.00000000E+01
 -6.81710245E+00  2.00000000E+01
 -6.87046775E+00  2.00000000E+01
 -7.06959001E+00  2.00000000E+01
 -7.12295532E+00  2.00000000E+01
 -7.32207758E+00  2.00000000E+01
 -7.37544288E+00  2.00000000E+01
 -7.57456514E+00  2.00000000E+01
 -7.62793044E+00  2.00000000E+01
 -7.82705270E+00  2.00000000E+01
 -7.88041800E+00  2.00000000E+01
 -8.07954026E+00  2.00000000E+01
 -8.13290556E+00  2.00000000E+01
 -8.33202782E+00  2.00000000E+01
 -8.38539313E+00  2.00000000E+01
 -8.58451539E+00  2.00000000E+01
 -8.63788069E+00  2.00000000E+01
 -8.83700295E+00  2.00000000E+01
 -8.89036825E+00  2.00000000E+01
 -9.08949051E+00  2.00000000E+01
 -9.14285581E+00  2.00000000E+01
 -9.34197807E+00  2.00000000E+01
 -9.39534338E+00  2.00000000E+01
 -9.59446563E+00  2.00000000E+01
 -9.64783094E+00  2.00000000E+01
 -9.84695320E+00  2.00000000E+01
 -9.90031850E+00  2.00000000E+01
 -1.00994408E+01  2.00000000E+01
 -1.01528061E+01  2.00000000E+01
 -1.03519283E+01  2.00000000E+01
 -1.04052936E+01  2.00000000E+01
 -1.06044159E+01  2.00000000E+01
 -1.06577812E+01  2.00000000E+01
 -1.08569034E+01  2.00000000E+01
 -1.09102687E+01  2.00000000E+01
 -1.11093910E+01  2.00000000E+01
 -1.11627563E+01  2.00000000E+01
 -1.13618786E+01  2.00000000E+01
 -1.14152439E+01  2.00000000E+01
 -1.16143661E+01  2.00000000E+01
 -1.16677314E+01  2.00000000E+01
 -1.18668537E+01  2.00000000E+01
 -1.19202190E+01  2.00000000E+01
 -1.21193413E+01  2.00000000E+01
 -1.21727066E+01  2.00000000E+01
 -1.23718288E+01  2.00000000E+01
 -1.24251941E+01  2.00000000E+01
 -1.26243164E+01  2.00000000E+01
 -1.26776817E+01  2.00000000E+01
 -1.28768039E+01  2.00000000E+01
 -1.29301692E+01  2.00000000E+01
 -1.31292915E+01  2.00000000E+01
 -1.31826568E+01  2.00000000E+01
 -1.33817791E+01  2.00000000E+01
 -1.34351444E+01  2.00000000E+01
 -1.36342666E+01  2.00000000E+01
 -1.36876319E+01  2.00000000E+01
 -1.38867542E+01  2.00000000E+01
 -1.39401195E+01  2.00000000E+01
 -1.41392418E+01  2.00000000E+01
 -1.41926071E+01  2.00000000E+01
 -1.43917293E+01  2.00000000E+01
 -1.44450946E+01  2.00000000E+01
 -1.46442169E+01  2.00000000E+01
 -1.46975822E+01  2.00000000E+01
 -1.48967044E+01  2.00000000E+01
 -1.49500697E+01  2.00000000E+01
 -1.51491920E+01  2.00000000E+01
 -1.52025573E+01  2.00000000E+01
 -1.54016796E+01  2.00000000E+01
 -1.54550449E+01  2.00000000E+01
 -1.56541671E+01  2.00000000E+01
 -1.57075324E+01  2.00000000E+01
 -1.59066547E+01  2.00000000E+01
 -1.59600200E+01  2.00000000E+01
 -1.61591423E+01  2.00000000E+01
 -1.62125076E+01  2.00000000E+01
 -1.64116298E+01  2.00000000E+01
 -1.64649951E+01  2.00000000E+01
 -1.66641174E+01  2.00000000E+01
 -1.67174827E+01  2.00000000E+01
 -1.69166049E+01  2.00000000E+01
 -1.69699702E+01  2.00000000E+01
 -1.71690925E+01  2.00000000E+01
 -1.72224578E+01  2.00000000E+01
 -1.74215801E+01  2.00000000E+01
 -1.74749454E+01  2.00000000E+01
 -1.76740676E+01  2.00000000E+01
 -1.77274329E+01  2.00000000E+01
 -1.79265552E+01  2.00000000E+01
 -1.79799205E+01  2.00000000E+01
 -1.81790427E+01  2.00000000E+01
 -1.82324081E+01  2.00000000E+01
 -1.84315303E+01  2.00000000E+01
 -1.84848956E+01  2.00000000E+01
 -1.86840179E+01  2.00000000E+01
 -1.87373832E+01  2.00000000E+01
 -1.89365054E+01  2.00000000E+01
 -1.89898707E+01  2.00000000E+01
 -1.91889930E+01  2.00000000E+01
 -1.92423583E+01  2.00000000E+01
 -1.94414806E+01  2.00000000E+01
 -1.94948459E+01  2.00000000E+01
 -1.96939681E+01  2.00000000E+01
 -1.97473334E+01  2.00000000E+01
 -1.99464557E+01  2.00000000E+01
 -1.99998210E+01  2.00000000E+01
 -2.00000000E+01  1.99466347E+01
 -2.00000000E+01  1.98930904E+01
 -2.00000000E+01  1.96941471E+01
 -2.00000000E+01  1.96406028E+01
 -2.00000000E+01  1.94416596E+01
 -2.00000000E+01  1.93881153E+01
 -2.00000000E+01  1.91891720E+01
 -2.00000000E+01  1.91356277E+01
 -2.00000000E+01  1.89366844E+01
 -2.00000000E+01  1.88831401E+01
 -2.00000000E+01  1.86841969E+01
 -2.00000000E+01  1.86306526E+01
 -2.00000000E+01  1.84317093E+01
 -2.00000000E+01  1.83781650E+01
 -2.00000000E+01  1.81792218E+01
 -2.00000000E+01  1.81256774E+01
 -2.00000000E+01  1.79267342E+01
 -2.00000000E+01  1.78731899E+01
 -2.00000000E+01  1.76742466E+01
 -2.00000000E+01  1.76207023E+01
 -2.00000000E+01  1.74217591E+01
 -2.00000000E+01  1.73682148E+01
 -2.00000000E+01  1.71692715E+01
 -2.00000000E+01  1.71157272E+01
 -2.00000000E+01  1.69167840E+01
 -2.00000000E+01  1.68632396E+01
 -2.00000000E+01  1.66642964E+01
 -2.00000000E+01  1.66107521E+01
 -2.00000000E+01  1.64118088E+01
 -2.00000000E+01  1.63582645E+01
 -2.00000000E+01  1.61593213E+01
 -2.00000000E+01  1.61057769E+01
 -2.00000000E+01  1.59068337E+01
 -2.00000000E+01  1.58532894E+01
 -2.00000000E+01  1.56543461E+01
 -2.00000000E+01  1.56008018E+01
 -2.00000000E+01  1.54018586E+01
 -2.00000000E+01  1.53483143E+01
 -2.00000000E+01  1.51493710E+01
 -2.00000000E+01  1.50958267E+01
 -2.00000000E+01  1.48968835E+01
 -2.00000000E+01  1.48433391E+01
 -2.00000000E+01  1.46443959E+01
 -2.00000000E+01  1.45908516E+01
 -2.00000000E+01  1.43919083E+01
 -2.00000000E+01  1.43383640E+01
 -2.00000000E+01  1.41394208E+01
 -2.00000000E+01  1.40858765E+01
 -2.00000000E+01  1.38869332E+01
 -2.00000000E+01  1.38333889E+01
 -2.00000000E+01  1.36344456E+01
 -2.00000000E+01  1.35809013E+01
 -2.00000000E+01  1.33819581E+01
 -2.00000000E+01  1.33284138E+01
 -2.00000000E+01  1.31294705E+01
 -2.00000000E+01  1.30759262E+01
 -2.00000000E+01  1.28769830E+01
 -2.00000000E+01  1.28234386E+01
 -2.00000000E+01  1.26244954E+01
 -2.00000000E+01  1.25709511E+01
 -2.00000000E+01  1.23720078E+01
 -2.00000000E+01  1.23184635E+01
 -2.00000000E+01  1.21195203E+01
 -2.00000000E+01  1.20659760E+01
 -2.00000000E+01  1.18670327E+01
 -2.00000000E+01  1.18134884E+01
 -2.00000000E+01  1.16145451E+01
 -2.00000000E+01  1.15610008E+01
 -2.00000000E+01  1.13620576E+01
 -2.00000000E+01  1.13085133E+01
 -2.00000000E+01  1.11095700E+01
 -2.00000000E+01  1.10560257E+01
 -2.00000000E+01  1.08570825E+01
 -2.00000000E+01  1.08035381E+01
 -2.00000000E+01  1.06045949E+01
 -2.00000000E+01  1.05510506E+01
 -2.00000000E+01  1.03521073E+01
 -2.00000000E+01  1.02985630E+01
 -2.00000000E+01  1.00996198E+01
 -2.00000000E+01  1.00460755E+01
 -2.00000000E+01  9.84713221E+00
 -2.00000000E+01  9.79358789E+00
 -2.00000000E+01  9.59464465E+00
 -2.00000000E+01  9.54110033E+00
 -2.00000000E+01  9.34215708E+00
 -2.00000000E+01  9.28861277E+00
 -2.00000000E+01  9.08966952E+00
 -2.00000000E+01  9.03612521E+00
 -2.00000000E+01  8.83718196E+00
 -2.00000000E+01  8.78363765E+00
 -2.00000000E+01  8.58469440E+00
 -2.00000000E+01  8.53115008E+00
 -2.00000000E+01  8.33220684E+00
 -2.00000000E+01  8.27866252E+00
 -2.00000000E+01  8.07971927E+00
 -2.00000000E+01  8.02617496E+00
 -2.00000000E+01  7.82723171E+00
 -2.00000000E+01  7.77368740E+00
 -2.00000000E+01  7.57474415E+00
 -2.00000000E+01  7.52119983E+00
 -2.00000000E+01  7.32225659E+00
 -2.00000000E+01  7.26871227E+00
 -2.00000000E+01  7.06976903E+00
 -2.00000000E+01  7.01622471E+00
 -2.00000000E+01  6.81728146E+00
 -2.00000000E+01  6.76373715E+00
 -2.00000000E+01  6.56479390E+00
 -2.00000000E+01  6.51124959E+00
 -2.00000000E+01  6.31230634E+00
 -2.00000000E+01  6.25876202E+00
 -2.00000000E+01  6.05981878E+00
 -2.00000000E+01  6.00627446E+00
 -2.00000000E+01  5.80733121E+00
 -2.00000000E+01  5.75378690E+00
 -2.00000000E+01  5.55484365E+00
 -2.00000000E+01  5.50129934E+00
 -2.00000000E+01  5.30235609E+00
 -2.00000000E+01  5.24881177E+00
 -2.00000000E+01  5.04986853E+00
 -2.00000000E+01  4.99632421E+00
 -2.00000000E+01  4.79738097E+00
 -2.00000000E+01  4.74383665E+00
 -2.00000000E+01  4.54489340E+00
 -2.00000000E+01  4.49134909E+00
 -2.00000000E+01  4.29240584E+00
 -2.00000000E+01  4.23886153E+00
 -2.00000000E+01  4.03991828E+00
 -2.00000000E+01  3.98637396E+00
 -2.00000000E+01  3.78743072E+00
 -2.00000000E+01  3.73388640E+00
 -2.00000000E+01  3.53494315E+00
 -2.00000000E+01  3.48139884E+00
 -2.00000000E+01  3.28245559E+00
 -2.00000000E+01  3.22891128E+00
 -2.00000000E+01  3.02996803E+00
 -2.00000000E+01  2.97642371E+00
 -2.00000000E+01  2.77748047E+00
 -2.00000000E+01  2.72393615E+00
 -2.00000000E+01  2.52499291E+00
 -2.00000000E+01  2.47144859E+00
 -2.00000000E+01  2.27250534E+00
 -2.00000000E+01  2.21896103E+00
 -2.00000000E+01  2.02001778E+00
 -2.00000000E+01  1.96647347E+00
 -2.00000000E+01  1.76753022E+00
 -2.00000000E+01  1.71398590E+00
 -2.00000000E+01  1.51504266E+00
 -2.00000000E+01  1.46149834E+00
 -2.00000000E+01  1.26255509E+00
 -2.00000000E+01  1.20901078E+00
 -2.00000000E+01  1.01006753E+00
 -2.00000000E+01  9.56523217E-01
 -2.00000000E+01  7.57579971E-01
 -2.00000000E+01  7.04035655E-01
 -2.00000000E+01  5.05092408E-01
 -2.00000000E+01  4.51548093E-01
 -2.00000000E+01  2.52604846E-01
 -2.00000000E+01  1.99060531E-01
 -2.00000000E+01  1.17283945E-04
 -2.00000000E+01 -5.34270315E-02
 -2.00000000E+01 -2.52370278E-01
 -2.00000000E+01 -3.05914594E-01
 -2.00000000E+01 -5.04857840E-01
 -2.00000000E+01 -5.58402156E-01
 -2.00000000E+01 -7.57345403E-01
 -2.00000000E+01 -8.10889718E-01
 -2.00000000E+01 -1.00983296E+00
 -2.00000000E+01 -1.06337728E+00
 -2.00000000E+01 -1.26232053E+00
 -2.00000000E+01 -1.31586484E+00
 -2.00000000E+01 -1.51480809E+00
 -2.00000000E+01 -1.56835240E+00
 -2.00000000E+01 -1.76729565E+00
 -2.00000000E+01 -1.82083997E+00
 -2.00000000E+01 -2.01978321E+00
 -2.00000000E+01 -2.07332753E+00
 -2.00000000E+01 -2.27227078E+00
 -2.00000000E+01 -2.32581509E+00
 -2.00000000E+01 -2.52475834E+00
 -2.00000000E+01 -2.57830265E+00
 -2.00000000E+01 -2.77724590E+00
 -2.00000000E+01 -2.83079022E+00
 -2.00000000E+01 -3.02973346E+00
 -2.00000000E+01 -3.08327778E+00
 -2.00000000E+01 -3.28222102E+00
 -2.00000000E+01 -3.33576534E+00
 -2.00000000E+01 -3.53470859E+00
 -2.00000000E+01 -3.58825290E+00
 -2.00000000E+01 -3.78719615E+00
 -2.00000000E+01 -3.84074046E+00
 -2.00000000E+01 -4.03968371E+00
 -2.00000000E+01 -4.09322803E+00
 -2.00000000E+01 -4.29217127E+00
 -2.00000000E+01 -4.34571559E+00
 -2.00000000E+01 -4.54465884E+00
 -2.00000000E+01 -4.59820315E+00
 -2.00000000E+01 -4.79714640E+00
 -2.00000000E+01 -4.85069071E+00
 -2.00000000E+01 -5.04963396E+00
 -2.00000000E+01 -5.10317828E+00
 -2.00000000E+01 -5.30212152E+00
 -2.00000000E+01 -5.35566584E+00
 -2.00000000E+01 -5.55460908E+00
 -2.00000000E+01 -5.60815340E+00
 -2.00000000E+01 -5.80709665E+00
 -2.00000000E+01 -5.86064096E+00
 -2.00000000E+01 -6.05958421E+00
 -2.00000000E+01 -6.11312852E+00
 -2.00000000E+01 -6.31207177E+00
 -2.00000000E+01 -6.36561609E+00
 -2.00000000E+01 -6.56455933E+00
 -2.00000000E+01 -6.61810365E+00
 -2.00000000E+01 -6.81704690E+00
 -2.00000000E+01 -6.87059121E+00
 -2.00000000E+01 -7.06953446E+00
 -2.00000000E+01 -7.12307877E+00
 -2.00000000E+01 -7.32202202E+00
 -2.00000000E+01 -7.37556633E+00
 -2.00000000E+01 -7.57450958E+00
 -2.00000000E+01 -7.62805390E+00
 -2.00000000E+01 -7.82699714E+00
 -2.00000000E+01 -7.88054146E+00
 -2.00000000E+01 -8.07948471E+00
 -2.00000000E+01 -8.13302902E+00
 -2.00000000E+01 -8.33197227E+00
 -2.00000000E+01 -8.38551658E+00
 -2.00000000E+01 -8.58445983E+00
 -2.00000000E+01 -8.63800415E+00
 -2.00000000E+01 -8.83694739E+00
 -2.00000000E+01 -8.89049171E+00
 -2.00000000E+01 -9.08943495E+00
 -2.00000000E+01 -9.14297927E+00
 -2.00000000E+01 -9.34192252E+00
 -2.00000000E+01 -9.39546683E+00
 -2.00000000E+01 -9.59441008E+00
 -2.00000000E+01 -9.64795439E+00
 -2.00000000E+01 -9.84689764E+00
 -2.00000000E+01 -9.90044196E+00
 -2.00000000E+01 -1.00993852E+01
 -2.00000000E+01 -1.01529295E+01
 -2.00000000E+01 -1.03518728E+01
 -2.00000000E+01 -1.04054171E+01
 -2.00000000E+01 -1.06043603E+01
 -2.00000000E+01 -1.06579046E+01
 -2.00000000E+01 -1.08568479E+01
 -2.00000000E+01 -1.09103922E+01
 -2.00000000E+01 -1.11093355E+01
 -2.00000000E+01 -1.11628798E+01
 -2.00000000E+01 -1.13618230E+01
 -2.00000000E+01 -1.14153673E+01
 -2.00000000E+01 -1.16143106E+01
 -2.00000000E+01 -1.16678549E+01
 -2.00000000E+01 -1.18667981E+01
 -2.00000000E+01 -1.19203425E+01
 -2.00000000E+01 -1.21192857E+01
 -2.00000000E+01 -1.21728300E+01
 -2.00000000E+01 -1.23717733E+01
 -2.00000000E+01 -1.24253176E+01
 -2.00000000E+01 -1.26242608E+01
 -2.00000000E+01 -1.26778051E+01
 -2.00000000E+01 -1.28767484E+01
 -2.00000000E+01 -1.29302927E+01
 -2.00000000E+01 -1.31292359E+01
 -2.00000000E+01 -1.31827803E+01
 -2.00000000E+01 -1.33817235E+01
 -2.00000000E+01 -1.34352678E+01
 -2.00000000E+01 -1.36342111E+01
 -2.00000000E+01 -1.36877554E+01
 -2.00000000E+01 -1.38866986E+01
 -2.00000000E+01 -1.39402430E+01
 -2.00000000E+01 -1.41391862E+01
 -2.00000000E+01 -1.41927305E+01
 -2.00000000E+01 -1.43916738E+01
 -2.00000000E+01 -1.44452181E+01
 -2.00000000E+01 -1.46441613E+01
 -2.00000000E+01 -1.46977056E+01
 -2.00000000E+01 -1.48966489E+01
 -2.00000000E+01 -1.49501932E+01
 -2.00000000E+01 -1.51491364E+01
 -2.00000000E+01 -1.52026808E+01
 -2.00000000E+01 -1.54016240E+01
 -2.00000000E+01 -1.54551683E+01
 -2.00000000E+01 -1.56541116E+01
 -2.00000000E+01 -1.57076559E+01
 -2.00000000E+01 -1.59065991E+01
 -2.00000000E+01 -1.59601434E+01
 -2.00000000E+01 -1.61590867E+01
 -2.00000000E+01 -1.62126310E+01
 -2.00000000E+01 -1.64115743E+01
 -2.00000000E+01 -1.64651186E+01
 -2.00000000E+01 -1.66640618E+01
 -2.00000000E+01 -1.67176061E+01
 -2.00000000E+01 -1.69165494E+01
 -2.00000000E+01 -1.69700937E+01
 -2.00000000E+01 -1.71690369E+01
 -2.00000000E+01 -1.72225813E+01
 -2.00000000E+01 -1.74215245E+01
 -2.00000000E+01 -1.74750688E+01
 -2.00000000E+01 -1.76740121E+01
 -2.00000000E+01 -1.77275564E+01
 -2.00000000E+01 -1.79264996E+01
 -2.00000000E+01 -1.79800439E+01
 -2.00000000E+01 -1.81789872E+01
 -2.00000000E+01 -1.82325315E+01
 -2.00000000E+01 -1.84314748E+01
 -2.00000000E+01 -1.84850191E+01
 -2.00000000E+01 -1.86839623E+01
 -2.00000000E+01 -1.87375066E+01
 -2.00000000E+01 -1.89364499E+01
 -2.00000000E+01 -1.89899942E+01
 -2.00000000E+01 -1.91889374E+01
 -2.00000000E+01 -1.92424818E+01
 -2.00000000E+01 -1.94414250E+01
 -2.00000000E+01 -1.94949693E+01
 -2.00000000E+01 -1.96939126E+01
 -2.00000000E+01 -1.97474569E+01
 -2.00000000E+01 -1.99464001E+01

w:200/ x(   0.1514987E+01) y(  -0.1186680E+02) ix(2) iy(2) s(   0.7000E+00)

h: x ny1,0  y2=[y1](1),ic[yellowgreen]
 -1.000000E+00 -1.000000E+00

hb:   line clip z   cb(yellowgreen)
clip:
 -1.53903787E+00 -1.49208231E+01
 -1.20773848E+00 -1.49512865E+01
 -9.35767941E-01 -1.49707695E+01
 -6.68988817E-01 -1.49850610E+01
 -2.52425834E-01 -1.49978626E+01
  1.03045559E-01 -1.49996327E+01
  5.05036853E-01 -1.49914822E+01
  8.37465639E-01 -1.49765901E+01
  1.07479409E+00 -1.49614310E+01
  1.30864332E+00 -1.49427927E+01
  1.53914979E+00 -1.49208116E+01
  1.76747466E+00 -1.48954904E+01
  2.01996223E+00 -1.48633560E+01
  2.43011710E+00 -1.48018286E+01
  2.77742491E+00 -1.47406075E+01
  3.06852236E+00 -1.46827712E+01
  3.48117020E+00 -1.45904439E+01
  3.88409111E+00 -1.44883897E+01
  4.22839525E+00 -1.43916738E+01
  4.54483785E+00 -1.42948959E+01
  4.85179029E+00 -1.41936511E+01
  5.22402381E+00 -1.40609095E+01
  5.58825493E+00 -1.39201655E+01
  5.94475579E+00 -1.37716912E+01
  6.31225078E+00 -1.36071705E+01
  6.63550952E+00 -1.34524947E+01
  6.97017058E+00 -1.32821806E+01
  7.32220103E+00 -1.30914083E+01
  7.61891852E+00 -1.29209783E+01
  7.93329171E+00 -1.27303764E+01
  8.10108873E+00 -1.26242608E+01
  8.33215128E+00 -1.24729650E+01
  8.58463884E+00 -1.23005519E+01
  8.83869414E+00 -1.21192857E+01
  9.08961397E+00 -1.19322470E+01
  9.40946642E+00 -1.16816755E+01
  9.68610494E+00 -1.14533389E+01
  9.95666903E+00 -1.12189278E+01
  1.02211898E+01 -1.09784735E+01
  1.04796878E+01 -1.07319963E+01
  1.06088238E+01 -1.06043603E+01
  1.08176251E+01 -1.03912745E+01
  1.10906275E+01 -1.00993852E+01
  1.13620020E+01 -9.79308480E+00
  1.16144896E+01 -9.49227220E+00
  1.18669772E+01 -9.17466366E+00
  1.19323833E+01 -9.08943495E+00
  1.20000000E+01 -8.95641211E+00
  1.20000000E+01 -8.83694739E+00
  1.20000000E+01 -8.70392454E+00
  1.20000000E+01 -8.58445983E+00
  1.20000000E+01 -8.45143698E+00
  1.20000000E+01 -8.33197227E+00
  1.20000000E+01 -8.19894942E+00
  1.20000000E+01 -8.07948471E+00
  1.20000000E+01 -7.94646186E+00
  1.20000000E+01 -7.82699714E+00
  1.20000000E+01 -7.69397430E+00
  1.20000000E+01 -7.57450958E+00
  1.20000000E+01 -7.44148673E+00
  1.20000000E+01 -7.32202202E+00
  1.20000000E+01 -7.18899917E+00
  1.20000000E+01 -7.06953446E+00
  1.20000000E+01 -6.93651161E+00
  1.20000000E+01 -6.81704690E+00
  1.20000000E+01 -6.68402405E+00
  1.20000000E+01 -6.56455933E+00
  1.20000000E+01 -6.43153648E+00
  1.20000000E+01 -6.31207177E+00
  1.20000000E+01 -6.17904892E+00
  1.20000000E+01 -6.05958421E+00
  1.20000000E+01 -5.92656136E+00
  1.20000000E+01 -5.80709665E+00
  1.20000000E+01 -5.67407380E+00
  1.20000000E+01 -5.55460908E+00
  1.20000000E+01 -5.42158624E+00
  1.20000000E+01 -5.30212152E+00
  1.20000000E+01 -5.16909867E+00
  1.20000000E+01 -5.04963396E+00
  1.20000000E+01 -4.91661111E+00
  1.20000000E+01 -4.79714640E+00
  1.20000000E+01 -4.66412355E+00
  1.20000000E+01 -4.54465884E+00
  1.20000000E+01 -4.41163599E+00
  1.20000000E+01 -4.29217127E+00
  1.20000000E+01 -4.15914842E+00
  1.20000000E+01 -4.03968371E+00
  1.20000000E+01 -3.90666086E+00
  1.20000000E+01 -3.78719615E+00
  1.20000000E+01 -3.65417330E+00
  1.20000000E+01 -3.53470859E+00
  1.20000000E+01 -3.40168574E+00
  1.20000000E+01 -3.28222102E+00
  1.20000000E+01 -3.14919818E+00
  1.20000000E+01 -3.02973346E+00
  1.20000000E+01 -2.89671061E+00
  1.20000000E+01 -2.77724590E+00
  1.20000000E+01 -2.64422305E+00
  1.20000000E+01 -2.52475834E+00
  1.20000000E+01 -2.39173549E+00
  1.20000000E+01 -2.27227078E+00
  1.20000000E+01 -2.13924793E+00
  1.20000000E+01 -2.01978321E+00
  1.20000000E+01 -1.88676036E+00
  1.20000000E+01 -1.76729565E+00
  1.20000000E+01 -1.63427280E+00
  1.20000000E+01 -1.51480809E+00
  1.20000000E+01 -1.38178524E+00
  1.20000000E+01 -1.26232053E+00
  1.20000000E+01 -1.12929768E+00
  1.20000000E+01 -1.00983296E+00
  1.20000000E+01 -8.76810116E-01
  1.20000000E+01 -7.57345403E-01
  1.20000000E+01 -6.24322554E-01
  1.20000000E+01 -5.04857840E-01
  1.20000000E+01 -3.71834992E-01
  1.20000000E+01 -2.52370278E-01
  1.20000000E+01 -1.19347430E-01
  1.20000000E+01  1.17283945E-04
  1.20000000E+01  1.33140133E-01
  1.20000000E+01  2.52604846E-01
  1.20000000E+01  3.85627695E-01
  1.20000000E+01  5.05092408E-01
  1.20000000E+01  6.38115257E-01
  1.20000000E+01  7.57579971E-01
  1.20000000E+01  8.90602819E-01
  1.20000000E+01  1.01006753E+00
  1.20000000E+01  1.14309038E+00
  1.20000000E+01  1.26255509E+00
  1.20000000E+01  1.39557794E+00
  1.20000000E+01  1.51504266E+00
  1.20000000E+01  1.64806551E+00
  1.20000000E+01  1.76753022E+00
  1.20000000E+01  1.90055307E+00
  1.20000000E+01  2.02001778E+00
  1.20000000E+01  2.15304063E+00
  1.20000000E+01  2.27250534E+00
  1.20000000E+01  2.40552819E+00
  1.20000000E+01  2.52499291E+00
  1.20000000E+01  2.65801575E+00
  1.20000000E+01  2.77748047E+00
  1.20000000E+01  2.91050332E+00
  1.20000000E+01  3.02996803E+00
  1.20000000E+01  3.16299088E+00
  1.20000000E+01  3.28245559E+00
  1.20000000E+01  3.41547844E+00
  1.20000000E+01  3.53494315E+00
  1.20000000E+01  3.66796600E+00
  1.20000000E+01  3.78743072E+00
  1.20000000E+01  3.92045357E+00
  1.20000000E+01  4.03991828E+00
  1.20000000E+01  4.17294113E+00
  1.20000000E+01  4.29240584E+00
  1.20000000E+01  4.42542869E+00
  1.20000000E+01  4.54489340E+00
  1.20000000E+01  4.67791625E+00
  1.20000000E+01  4.79738097E+00
  1.20000000E+01  4.93040381E+00
  1.20000000E+01  5.04986853E+00
  1.20000000E+01  5.18289138E+00
  1.20000000E+01  5.30235609E+00
  1.20000000E+01  5.43537894E+00
  1.20000000E+01  5.55484365E+00
  1.20000000E+01  5.68786650E+00
  1.20000000E+01  5.80733121E+00
  1.20000000E+01  5.94035406E+00
  1.20000000E+01  6.05981878E+00
  1.20000000E+01  6.19284163E+00
  1.20000000E+01  6.31230634E+00
  1.20000000E+01  6.44532919E+00
  1.20000000E+01  6.56479390E+00
  1.20000000E+01  6.69781675E+00
  1.20000000E+01  6.81728146E+00
  1.20000000E+01  6.95030431E+00
  1.20000000E+01  7.06976903E+00
  1.20000000E+01  7.20279187E+00
  1.20000000E+01  7.32225659E+00
  1.20000000E+01  7.45527944E+00
  1.20000000E+01  7.57474415E+00
  1.20000000E+01  7.70776700E+00
  1.20000000E+01  7.82723171E+00
  1.20000000E+01  7.96025456E+00
  1.20000000E+01  8.07971927E+00
  1.20000000E+01  8.21274212E+00
  1.20000000E+01  8.33220684E+00
  1.20000000E+01  8.46522968E+00
  1.20000000E+01  8.58469440E+00
  1.20000000E+01  8.71771725E+00
  1.20000000E+01  8.83718196E+00
  1.20000000E+01  8.97020481E+00
  1.19322047E+01  9.08966952E+00
  1.19039494E+01  9.12664174E+00
  1.18669772E+01  9.17466366E+00
  1.17355742E+01  9.34215708E+00
  1.16817305E+01  9.40939804E+00
  1.16144896E+01  9.49227220E+00
  1.15300648E+01  9.59464465E+00
  1.14533954E+01  9.68603805E+00
  1.13620020E+01  9.79308480E+00
  1.13151928E+01  9.84713221E+00
  1.12189859E+01  9.95660363E+00
  1.11095145E+01  1.00786055E+01
  1.10904139E+01  1.00996198E+01
  1.09785330E+01  1.02211258E+01
  1.08570269E+01  1.03500998E+01
  1.06045393E+01  1.06086448E+01
  1.03500416E+01  1.08570825E+01
  1.00785442E+01  1.11095700E+01
  9.79302035E+00  1.13620576E+01
  9.49220423E+00  1.16145451E+01
  9.17459180E+00  1.18670327E+01
  8.83712641E+00  1.21204289E+01
  8.58463884E+00  1.23005519E+01
  8.33215128E+00  1.24729650E+01
  8.04248027E+00  1.26616788E+01
  7.69304296E+00  1.28769830E+01
  7.40944044E+00  1.30422311E+01
  7.06971347E+00  1.32294653E+01
  6.77663618E+00  1.33819581E+01
  6.56473835E+00  1.34871721E+01
  6.25311858E+00  1.36344456E+01
  5.90574244E+00  1.37884664E+01
  5.55478810E+00  1.39335541E+01
  5.30230053E+00  1.40315790E+01
  5.00763221E+00  1.41394208E+01
  4.68823595E+00  1.42485102E+01
  4.29235029E+00  1.43727287E+01
  3.96543279E+00  1.44663383E+01
  3.62354506E+00  1.45557384E+01
  3.24673205E+00  1.46443959E+01
  2.97161875E+00  1.47026896E+01
  2.65947752E+00  1.47623433E+01
  2.27244979E+00  1.48268531E+01
  2.01996223E+00  1.48633560E+01
  1.75569456E+00  1.48968835E+01
  1.48563571E+00  1.49262348E+01
  1.20812797E+00  1.49512550E+01
  9.36149842E-01  1.49707456E+01
  6.69363577E-01  1.49850443E+01
  2.52549291E-01  1.49978605E+01
 -1.02689973E-01  1.49996352E+01
 -5.04913396E-01  1.49914863E+01
 -8.37126571E-01  1.49766091E+01
 -1.07446006E+00  1.49614550E+01
 -1.30831412E+00  1.49428215E+01
 -1.53882524E+00  1.49208450E+01
 -1.76735121E+00  1.48955050E+01
 -2.01983877E+00  1.48633728E+01
 -2.42980956E+00  1.48018791E+01
 -2.77730146E+00  1.47406308E+01
 -3.06822623E+00  1.46828331E+01
 -3.48088114E+00  1.45905129E+01
 -3.88380877E+00  1.44884654E+01
 -4.22759679E+00  1.43919083E+01
 -4.54471439E+00  1.42949352E+01
 -4.85152347E+00  1.41937423E+01
 -5.22376277E+00  1.40610065E+01
 -5.58799946E+00  1.39202680E+01
 -5.94450571E+00  1.37717992E+01
 -6.31212733E+00  1.36072278E+01
 -6.63526976E+00  1.34526130E+01
 -6.96993577E+00  1.32823038E+01
 -7.32207758E+00  1.30914774E+01
 -7.61869330E+00  1.29211111E+01
 -7.93307114E+00  1.27305138E+01
 -8.10072318E+00  1.26244954E+01
 -8.33202782E+00  1.24730474E+01
 -8.58451539E+00  1.23006380E+01
 -8.83837250E+00  1.21195203E+01
 -9.08949051E+00  1.19323410E+01
 -9.40926812E+00  1.16818352E+01
 -9.68591096E+00  1.14535029E+01
 -9.95647935E+00  1.12190962E+01
 -1.02210044E+01  1.09786461E+01
 -1.04795066E+01  1.07321732E+01
 -1.06085893E+01  1.06045949E+01
 -1.08148989E+01  1.03941119E+01
 -1.10904139E+01  1.00996198E+01
 -1.13618786E+01  9.79322804E+00
 -1.16143661E+01  9.49242326E+00
 -1.18668537E+01  9.17482334E+00
 -1.19322047E+01  9.08966952E+00
 -1.20000000E+01  8.95652322E+00
 -1.20000000E+01  8.83718196E+00
 -1.20000000E+01  8.70403566E+00
 -1.20000000E+01  8.58469440E+00
 -1.20000000E+01  8.45154809E+00
 -1.20000000E+01  8.33220684E+00
 -1.20000000E+01  8.19906053E+00
 -1.20000000E+01  8.07971927E+00
 -1.20000000E+01  7.94657297E+00
 -1.20000000E+01  7.82723171E+00
 -1.20000000E+01  7.69408541E+00
 -1.20000000E+01  7.57474415E+00
 -1.20000000E+01  7.44159784E+00
 -1.20000000E+01  7.32225659E+00
 -1.20000000E+01  7.18911028E+00
 -1.20000000E+01  7.06976903E+00
 -1.20000000E+01  6.93662272E+00
 -1.20000000E+01  6.81728146E+00
 -1.20000000E+01  6.68413516E+00
 -1.20000000E+01  6.56479390E+00
 -1.20000000E+01  6.43164760E+00
 -1.20000000E+01  6.31230634E+00
 -1.20000000E+01  6.17916003E+00
 -1.20000000E+01  6.05981878E+00
 -1.20000000E+01  5.92667247E+00
 -1.20000000E+01  5.80733121E+00
 -1.20000000E+01  5.67418491E+00
 -1.20000000E+01  5.55484365E+00
 -1.20000000E+01  5.42169735E+00
 -1.20000000E+01  5.30235609E+00
 -1.20000000E+01  5.16920978E+00
 -1.20000000E+01  5.04986853E+00
 -1.20000000E+01  4.91672222E+00
 -1.20000000E+01  4.79738097E+00
 -1.20000000E+01  4.66423466E+00
 -1.20000000E+01  4.54489340E+00
 -1.20000000E+01  4.41174710E+00
 -1.20000000E+01  4.29240584E+00
 -1.20000000E+01  4.15925954E+00
 -1.20000000E+01  4.03991828E+00
 -1.20000000E+01  3.90677197E+00
 -1.20000000E+01  3.78743072E+00
 -1.20000000E+01  3.65428441E+00
 -1.20000000E+01  3.53494315E+00
 -1.20000000E+01  3.40179685E+00
 -1.20000000E+01  3.28245559E+00
 -1.20000000E+01  3.14930929E+00
 -1.20000000E+01  3.02996803E+00
 -1.20000000E+01  2.89682172E+00
 -1.20000000E+01  2.77748047E+00
 -1.20000000E+01  2.64433416E+00
 -1.20000000E+01  2.52499291E+00
 -1.20000000E+01  2.39184660E+00
 -1.20000000E+01  2.27250534E+00
 -1.20000000E+01  2.13935904E+00
 -1.20000000E+01  2.02001778E+00
 -1.20000000E+01  1.88687148E+00
 -1.20000000E+01  1.76753022E+00
 -1.20000000E+01  1.63438391E+00
 -1.20000000E+01  1.51504266E+00
 -1.20000000E+01  1.38189635E+00
 -1.20000000E+01  1.26255509E+00
 -1.20000000E+01  1.12940879E+00
 -1.20000000E+01  1.01006753E+00
 -1.20000000E+01  8.76921227E-01
 -1.20000000E+01  7.57579971E-01
 -1.20000000E+01  6.24433665E-01
 -1.20000000E+01  5.05092408E-01
 -1.20000000E+01  3.71946103E-01
 -1.20000000E+01  2.52604846E-01
 -1.20000000E+01  1.19458541E-01
 -1.20000000E+01  1.17283945E-04
 -1.20000000E+01 -1.33029022E-01
 -1.20000000E+01 -2.52370278E-01
 -1.20000000E+01 -3.85516584E-01
 -1.20000000E+01 -5.04857840E-01
 -1.20000000E+01 -6.38004146E-01
 -1.20000000E+01 -7.57345403E-01
 -1.20000000E+01 -8.90491708E-01
 -1.20000000E+01 -1.00983296E+00
 -1.20000000E+01 -1.14297927E+00
 -1.20000000E+01 -1.26232053E+00
 -1.20000000E+01 -1.39546683E+00
 -1.20000000E+01 -1.51480809E+00
 -1.20000000E+01 -1.64795439E+00
 -1.20000000E+01 -1.76729565E+00
 -1.20000000E+01 -1.90044196E+00
 -1.20000000E+01 -2.01978321E+00
 -1.20000000E+01 -2.15292952E+00
 -1.20000000E+01 -2.27227078E+00
 -1.20000000E+01 -2.40541708E+00
 -1.20000000E+01 -2.52475834E+00
 -1.20000000E+01 -2.65790464E+00
 -1.20000000E+01 -2.77724590E+00
 -1.20000000E+01 -2.91039221E+00
 -1.20000000E+01 -3.02973346E+00
 -1.20000000E+01 -3.16287977E+00
 -1.20000000E+01 -3.28222102E+00
 -1.20000000E+01 -3.41536733E+00
 -1.20000000E+01 -3.53470859E+00
 -1.20000000E+01 -3.66785489E+00
 -1.20000000E+01 -3.78719615E+00
 -1.20000000E+01 -3.92034245E+00
 -1.20000000E+01 -4.03968371E+00
 -1.20000000E+01 -4.17283002E+00
 -1.20000000E+01 -4.29217127E+00
 -1.20000000E+01 -4.42531758E+00
 -1.20000000E+01 -4.54465884E+00
 -1.20000000E+01 -4.67780514E+00
 -1.20000000E+01 -4.79714640E+00
 -1.20000000E+01 -4.93029270E+00
 -1.20000000E+01 -5.04963396E+00
 -1.20000000E+01 -5.18278027E+00
 -1.20000000E+01 -5.30212152E+00
 -1.20000000E+01 -5.43526783E+00
 -1.20000000E+01 -5.55460908E+00
 -1.20000000E+01 -5.68775539E+00
 -1.20000000E+01 -5.80709665E+00
 -1.20000000E+01 -5.94024295E+00
 -1.20000000E+01 -6.05958421E+00
 -1.20000000E+01 -6.19273051E+00
 -1.20000000E+01 -6.31207177E+00
 -1.20000000E+01 -6.44521808E+00
 -1.20000000E+01 -6.56455933E+00
 -1.20000000E+01 -6.69770564E+00
 -1.20000000E+01 -6.81704690E+00
 -1.20000000E+01 -6.95019320E+00
 -1.20000000E+01 -7.06953446E+00
 -1.20000000E+01 -7.20268076E+00
 -1.20000000E+01 -7.32202202E+00
 -1.20000000E+01 -7.45516833E+00
 -1.20000000E+01 -7.57450958E+00
 -1.20000000E+01 -7.70765589E+00
 -1.20000000E+01 -7.82699714E+00
 -1.20000000E+01 -7.96014345E+00
 -1.20000000E+01 -8.07948471E+00
 -1.20000000E+01 -8.21263101E+00
 -1.20000000E+01 -8.33197227E+00
 -1.20000000E+01 -8.46511857E+00
 -1.20000000E+01 -8.58445983E+00
 -1.20000000E+01 -8.71760614E+00
 -1.20000000E+01 -8.83694739E+00
 -1.20000000E+01 -8.97009370E+00
 -1.19323833E+01 -9.08943495E+00
 -1.19039976E+01 -9.12657885E+00
 -1.18668537E+01 -9.17482334E+00
 -1.17357609E+01 -9.34192252E+00
 -1.16817801E+01 -9.40933650E+00
 -1.16143661E+01 -9.49242326E+00
 -1.15302600E+01 -9.59441008E+00
 -1.14534463E+01 -9.68597785E+00
 -1.13618786E+01 -9.79322804E+00
 -1.13153969E+01 -9.84689764E+00
 -1.12190381E+01 -9.95654476E+00
 -1.11093910E+01 -1.00787416E+01
 -1.10906275E+01 -1.00993852E+01
 -1.09785866E+01 -1.02210683E+01
 -1.08569034E+01 -1.03502293E+01
 -1.06044159E+01 -1.06087682E+01
 -1.03502876E+01 -1.08568479E+01
 -1.00788028E+01 -1.11093355E+01
 -9.79329249E+00 -1.13618230E+01
 -9.49249123E+00 -1.16143106E+01
 -9.17489520E+00 -1.18667981E+01
 -8.83700295E+00 -1.21205189E+01
 -8.58451539E+00 -1.23006380E+01
 -8.33202782E+00 -1.24730474E+01
 -8.04149903E+00 -1.26623021E+01
 -7.69343558E+00 -1.28767484E+01
 -7.40861154E+00 -1.30427020E+01
 -7.06959001E+00 -1.32295312E+01
 -6.77709937E+00 -1.33817235E+01
 -6.56461489E+00 -1.34872322E+01
 -6.25363002E+00 -1.36342111E+01
 -5.90511622E+00 -1.37887346E+01
 -5.55466464E+00 -1.39336033E+01
 -5.30217708E+00 -1.40316256E+01
 -5.00829448E+00 -1.41391862E+01
 -4.68770237E+00 -1.42486858E+01
 -4.29222683E+00 -1.43727655E+01
 -3.96493957E+00 -1.44664735E+01
 -3.62306838E+00 -1.45558571E+01
 -3.24778989E+00 -1.46441613E+01
 -2.97117004E+00 -1.47027803E+01
 -2.65904083E+00 -1.47624220E+01
 -2.27232633E+00 -1.48268720E+01
 -2.01983877E+00 -1.48633728E+01
 -1.75768370E+00 -1.48966489E+01

w:100/ x(   0.0000000E+00) y(   0.0000000E+00) ix(2) iy(2) s(   0.7000E+00)

h: x ny1,0  y2=[y1](2),ic[orangeyellow]
 -1.000000E+00 -1.000000E+00

hb:   line clip z   cb(orangeyellow)
clip:
 -1.54748476E+00 -9.87951876E+00
 -1.47048932E+00 -9.89127197E+00
 -1.26237608E+00 -9.91998017E+00
 -1.17904441E+00 -9.93022932E+00
 -1.00988852E+00 -9.94885547E+00
 -8.97129619E-01 -9.95965654E+00
 -7.57400958E-01 -9.97125588E+00
 -6.23793520E-01 -9.98050508E+00
 -5.04913396E-01 -9.98722496E+00
 -3.58250274E-01 -9.99356076E+00
 -2.52425834E-01 -9.99679355E+00
 -9.98419090E-02 -9.99948157E+00
  6.17283900E-05 -9.99998000E+00
  1.51988985E-01 -9.99882490E+00
  2.52549291E-01 -9.99679043E+00
  3.97719465E-01 -9.99206782E+00
  5.05036853E-01 -9.98721872E+00
  6.37761464E-01 -9.97962225E+00
  7.57524415E-01 -9.97124650E+00
  8.72473490E-01 -9.96184672E+00
  1.01001198E+00 -9.94884294E+00
  1.10216972E+00 -9.93905538E+00
  1.26249954E+00 -9.91996446E+00
  1.51498710E+00 -9.88455432E+00
  1.76747466E+00 -9.84254201E+00
  2.01996223E+00 -9.79384259E+00
  2.27244979E+00 -9.73835571E+00
  2.52493735E+00 -9.67596462E+00
  2.78682648E+00 -9.60381165E+00
  3.02991247E+00 -9.52991240E+00
  3.28240004E+00 -9.44592240E+00
  3.54391508E+00 -9.35095000E+00
  3.78737516E+00 -9.25501969E+00
  4.03986272E+00 -9.14762861E+00
  4.29235029E+00 -9.03190617E+00
  4.54483785E+00 -8.90752766E+00
  4.68059406E+00 -8.83694739E+00
  4.91922981E+00 -8.70636423E+00
  5.12900082E+00 -8.58445983E+00
  5.39204999E+00 -8.42172173E+00
  5.55478810E+00 -8.31528287E+00
  5.80727566E+00 -8.14095507E+00
  5.89249751E+00 -8.07948471E+00
  6.05976322E+00 -7.95480168E+00
  6.22396302E+00 -7.82699714E+00
  6.41170211E+00 -7.67396091E+00
  6.56473835E+00 -7.54346144E+00
  6.81084382E+00 -7.32202202E+00
  6.94377395E+00 -7.19608250E+00
  7.07257256E+00 -7.06953446E+00
  7.21181051E+00 -6.92743742E+00
  7.32220103E+00 -6.81065137E+00
  7.43971985E+00 -6.68207816E+00
  7.57468859E+00 -6.52868231E+00
  7.75611694E+00 -6.31207177E+00
  7.89940034E+00 -6.13180840E+00
  8.07966372E+00 -5.89225205E+00
  8.14108276E+00 -5.80709665E+00
  8.28101677E+00 -5.60574359E+00
  8.42186148E+00 -5.39183172E+00
  8.58463884E+00 -5.12870119E+00
  8.69502119E+00 -4.93925161E+00
  8.83712641E+00 -4.68025607E+00
  8.90761899E+00 -4.54465884E+00
  8.97819582E+00 -4.40358942E+00
  9.08961397E+00 -4.16875496E+00
  9.19242083E+00 -3.93687685E+00
  9.34210153E+00 -3.56717521E+00
  9.36188591E+00 -3.51492420E+00
  9.44598460E+00 -3.28222102E+00
  9.49907515E+00 -3.12524741E+00
  9.52996932E+00 -3.02973346E+00
  9.59458909E+00 -2.81841448E+00
  9.61144296E+00 -2.76039203E+00
  9.67601133E+00 -2.52475834E+00
  9.70386834E+00 -2.41547909E+00
  9.73839748E+00 -2.27227078E+00
  9.77975405E+00 -2.08710582E+00
  9.79387951E+00 -2.01978321E+00
  9.84158685E+00 -1.77278545E+00
  9.88458175E+00 -1.51480809E+00
  9.91998724E+00 -1.26232053E+00
  9.94886111E+00 -1.00983296E+00
  9.97126010E+00 -7.57345403E-01
  9.98722777E+00 -5.04857840E-01
  9.99679495E+00 -2.52370278E-01
  9.99998000E+00  1.17283945E-04
  9.99678902E+00  2.52604846E-01
  9.98721591E+00  5.05092408E-01
  9.97124228E+00  7.57579971E-01
  9.94883730E+00  1.01006753E+00
  9.91995739E+00  1.26255509E+00
  9.88454580E+00  1.51504266E+00
  9.84253204E+00  1.76753022E+00
  9.79383113E+00  2.02001778E+00
  9.73834275E+00  2.27250534E+00
  9.67595013E+00  2.52499291E+00
  9.60383941E+00  2.78673079E+00
  9.52989474E+00  3.02996803E+00
  9.44590310E+00  3.28245559E+00
  9.35098393E+00  3.54382555E+00
  9.25499695E+00  3.78743072E+00
  9.14760407E+00  4.03991828E+00
  9.03187977E+00  4.29240584E+00
  8.90749931E+00  4.54489340E+00
  8.83712641E+00  4.68025607E+00
  8.70640880E+00  4.91915092E+00
  8.58463884E+00  5.12870119E+00
  8.42176992E+00  5.39197473E+00
  8.31524576E+00  5.55484365E+00
  8.14091544E+00  5.80733121E+00
  8.07966372E+00  5.89225205E+00
  7.95475935E+00  6.05981878E+00
  7.82717616E+00  6.22373790E+00
  7.67401711E+00  6.41163485E+00
  7.54341309E+00  6.56479390E+00
  7.32220103E+00  6.81065137E+00
  7.19614313E+00  6.94371112E+00
  7.06971347E+00  7.07239362E+00
  6.93351095E+00  7.20597154E+00
  6.81059164E+00  7.32225659E+00
  6.68214320E+00  7.43966144E+00
  6.52861785E+00  7.57474415E+00
  6.31225078E+00  7.75597125E+00
  6.13187790E+00  7.89934639E+00
  5.89217587E+00  8.07971927E+00
  5.80727566E+00  8.14095507E+00
  5.60646982E+00  8.28052512E+00
  5.39190699E+00  8.42181329E+00
  5.12860820E+00  8.58469440E+00
  4.93979471E+00  8.69471266E+00
  4.68015117E+00  8.83718196E+00
  4.54483785E+00  8.90752766E+00
  4.40404981E+00  8.97797000E+00
  4.16863382E+00  9.08966952E+00
  3.93728715E+00  9.19224510E+00
  3.56702972E+00  9.34215708E+00
  3.51529980E+00  9.36174489E+00
  3.28240004E+00  9.44592240E+00
  3.12559700E+00  9.49896012E+00
  3.02991247E+00  9.52991240E+00
  2.81822534E+00  9.59464465E+00
  2.76072111E+00  9.61134844E+00
  2.52493735E+00  9.67596462E+00
  2.41579140E+00  9.70379059E+00
  2.27244979E+00  9.73835571E+00
  2.08740403E+00  9.77969040E+00
  2.01996223E+00  9.79384259E+00
  1.77307156E+00  9.84153531E+00
  1.51498710E+00  9.88455432E+00
  1.26249954E+00  9.91996446E+00
  1.01001198E+00  9.94884294E+00
  7.57524415E-01  9.97124650E+00
  5.05036853E-01  9.98721872E+00
  2.52549291E-01  9.99679043E+00
  6.17283900E-05  9.99998000E+00
 -2.52425834E-01  9.99679355E+00
 -5.04913396E-01  9.98722496E+00
 -7.57400958E-01  9.97125588E+00
 -1.00988852E+00  9.94885547E+00
 -1.26237608E+00  9.91998017E+00
 -1.51486364E+00  9.88457324E+00
 -1.76735121E+00  9.84256418E+00
 -2.01983877E+00  9.79386805E+00
 -2.27232633E+00  9.73838452E+00
 -2.52481389E+00  9.67599684E+00
 -2.78654898E+00  9.60389217E+00
 -3.02978902E+00  9.52995165E+00
 -3.28227658E+00  9.44596530E+00
 -3.54365545E+00  9.35104839E+00
 -3.78725170E+00  9.25507021E+00
 -4.03973927E+00  9.14768313E+00
 -4.29222683E+00  9.03196484E+00
 -4.54471439E+00  8.90759065E+00
 -4.68015117E+00  8.83718196E+00
 -4.91900104E+00  8.70649348E+00
 -5.12860820E+00  8.58469440E+00
 -5.39183172E+00  8.42186148E+00
 -5.55466464E+00  8.31536534E+00
 -5.80715220E+00  8.14104313E+00
 -5.89217587E+00  8.07971927E+00
 -6.05963976E+00  7.95489572E+00
 -6.22366803E+00  7.82723171E+00
 -6.41150705E+00  7.67412388E+00
 -6.56461489E+00  7.54356887E+00
 -6.81059164E+00  7.32225659E+00
 -6.94359174E+00  7.19625832E+00
 -7.07233808E+00  7.06976903E+00
 -7.20907642E+00  6.93028261E+00
 -7.32207758E+00  6.81078409E+00
 -7.43955044E+00  6.68226677E+00
 -7.57456514E+00  6.52882554E+00
 -7.75592604E+00  6.31230634E+00
 -7.89924388E+00  6.13200996E+00
 -8.07954026E+00  5.89242133E+00
 -8.14091544E+00  5.80733121E+00
 -8.28078392E+00  5.60608756E+00
 -8.42172173E+00  5.39204999E+00
 -8.58451539E+00  5.12890784E+00
 -8.69487506E+00  4.93950886E+00
 -8.83700295E+00  4.68048917E+00
 -8.90749931E+00  4.54489340E+00
 -8.97808886E+00  4.40380749E+00
 -9.08949051E+00  4.16902414E+00
 -9.19233759E+00  3.93707120E+00
 -9.34197807E+00  3.56749852E+00
 -9.36181911E+00  3.51510211E+00
 -9.44590310E+00  3.28245559E+00
 -9.49902066E+00  3.12541300E+00
 -9.52989474E+00  3.02996803E+00
 -9.59446563E+00  2.81883472E+00
 -9.61139819E+00  2.76054791E+00
 -9.67595013E+00  2.52499291E+00
 -9.70383152E+00  2.41562703E+00
 -9.73834275E+00  2.27250534E+00
 -9.77972390E+00  2.08724707E+00
 -9.79383113E+00  2.02001778E+00
 -9.84156244E+00  1.77292098E+00
 -9.88454580E+00  1.51504266E+00
 -9.91995739E+00  1.26255509E+00
 -9.94883730E+00  1.01006753E+00
 -9.97124228E+00  7.57579971E-01
 -9.98721591E+00  5.05092408E-01
 -9.99678902E+00  2.52604846E-01
 -9.99998000E+00  1.17283945E-04
 -9.99679495E+00 -2.52370278E-01
 -9.98722777E+00 -5.04857840E-01
 -9.97126010E+00 -7.57345403E-01
 -9.94886111E+00 -1.00983296E+00
 -9.91998724E+00 -1.26232053E+00
 -9.88458175E+00 -1.51480809E+00
 -9.84257416E+00 -1.76729565E+00
 -9.79387951E+00 -2.01978321E+00
 -9.73839748E+00 -2.27227078E+00
 -9.67601133E+00 -2.52475834E+00
 -9.60386440E+00 -2.78664467E+00
 -9.52996932E+00 -3.02973346E+00
 -9.44598460E+00 -3.28222102E+00
 -9.35101446E+00 -3.54374498E+00
 -9.25509294E+00 -3.78719615E+00
 -9.14770766E+00 -4.03968371E+00
 -9.03199124E+00 -4.29217127E+00
 -8.90761899E+00 -4.54465884E+00
 -8.83700295E+00 -4.68048917E+00
 -8.70644891E+00 -4.91907993E+00
 -8.58451539E+00 -5.12890784E+00
 -8.42181329E+00 -5.39190699E+00
 -8.31540245E+00 -5.55460908E+00
 -8.14108276E+00 -5.80709665E+00
 -8.07954026E+00 -5.89242133E+00
 -7.95493804E+00 -6.05958421E+00
 -7.82705270E+00 -6.22389316E+00
 -7.67406768E+00 -6.41157432E+00
 -7.54361722E+00 -6.56455933E+00
 -7.32207758E+00 -6.81078409E+00
 -7.19619769E+00 -6.94365457E+00
 -7.06959001E+00 -7.07251702E+00
 -6.92433895E+00 -7.21478552E+00
 -6.81084382E+00 -7.32202202E+00
 -6.68220173E+00 -7.43960886E+00
 -6.56461489E+00 -7.54356887E+00
 -6.41163485E+00 -7.67401711E+00
 -6.22396302E+00 -7.82699714E+00
 -6.05963976E+00 -7.95489572E+00
 -5.89249751E+00 -8.07948471E+00
 -5.80715220E+00 -8.14104313E+00
 -5.60536149E+00 -8.28127542E+00
 -5.39197473E+00 -8.42176992E+00
 -5.12900082E+00 -8.58445983E+00
 -4.93896581E+00 -8.69518354E+00
 -4.68059406E+00 -8.83694739E+00
 -4.54471439E+00 -8.90759065E+00
 -4.40334713E+00 -8.97831466E+00
 -4.16914526E+00 -9.08943495E+00
 -3.93666092E+00 -9.19251330E+00
 -3.56764400E+00 -9.34192252E+00
 -3.51472653E+00 -9.36196013E+00
 -3.28227658E+00 -9.44596530E+00
 -3.12506342E+00 -9.49913568E+00
 -3.02978902E+00 -9.52995165E+00
 -2.81902381E+00 -9.59441008E+00
 -2.76021883E+00 -9.61149270E+00
 -2.52481389E+00 -9.67599684E+00
 -2.41531472E+00 -9.70390925E+00
 -2.27232633E+00 -9.73838452E+00
 -2.08694887E+00 -9.77978755E+00
 -2.01983877E+00 -9.79386805E+00
 -1.77263488E+00 -9.84161397E+00
 -1.74304528E+00 -9.84689764E+00

wt: s[c5]
\vspace{-3}
  emin  &=&   0.0000E+00 [MeV]
  emax  &=&   1.0000E+03 [MeV]
  zmin  &=&  -1.7980E+01 [cm]
  zmax  &=&   1.8020E+01 [cm]
  part. &=& proton  
e:
 
# Information for Restart Calculation
# This calculation was newly started
# istdev =  2 # 1:Batch variance, 2:History variance
# resc2  = 0.00000000000000000E+00 # Total source weight or Total source weight / maxcas
# resc3  = 0.00000000000000000E+00 # Total history number or Total batch number
# maxcas =          50 # History / Batch, only used for istdev=1
# bitrseed = 0000000000000000000000000000000000000000000000000000000000000000 # bit data of rseed
