[ T-Track ]
    title = Track Detection using [T-track] tally
     mesh =  xyz            # mesh type is xyz scoring mesh
   x-type =    2            # x-mesh is linear given by xmin, xmax and nx
     xmin =  -20.00000      # minimum value of x-mesh points
     xmax =   20.00000      # maximum value of x-mesh points
#    xdel =  0.2000000      # mesh width of x-mesh points
       nx =    200          # number of x-mesh points
#    data = ( x(i), i = 1, nx + 1 )
#          -2.00000E+01 -1.98000E+01 -1.96000E+01 -1.94000E+01 -1.92000E+01
#          -1.90000E+01 -1.88000E+01 -1.86000E+01 -1.84000E+01 -1.82000E+01
#          -1.80000E+01 -1.78000E+01 -1.76000E+01 -1.74000E+01 -1.72000E+01
#          -1.70000E+01 -1.68000E+01 -1.66000E+01 -1.64000E+01 -1.62000E+01
#          -1.60000E+01 -1.58000E+01 -1.56000E+01 -1.54000E+01 -1.52000E+01
#          -1.50000E+01 -1.48000E+01 -1.46000E+01 -1.44000E+01 -1.42000E+01
#          -1.40000E+01 -1.38000E+01 -1.36000E+01 -1.34000E+01 -1.32000E+01
#          -1.30000E+01 -1.28000E+01 -1.26000E+01 -1.24000E+01 -1.22000E+01
#          -1.20000E+01 -1.18000E+01 -1.16000E+01 -1.14000E+01 -1.12000E+01
#          -1.10000E+01 -1.08000E+01 -1.06000E+01 -1.04000E+01 -1.02000E+01
#          -1.00000E+01 -9.80000E+00 -9.60000E+00 -9.40000E+00 -9.20000E+00
#          -9.00000E+00 -8.80000E+00 -8.60000E+00 -8.40000E+00 -8.20000E+00
#          -8.00000E+00 -7.80000E+00 -7.60000E+00 -7.40000E+00 -7.20000E+00
#          -7.00000E+00 -6.80000E+00 -6.60000E+00 -6.40000E+00 -6.20000E+00
#          -6.00000E+00 -5.80000E+00 -5.60000E+00 -5.40000E+00 -5.20000E+00
#          -5.00000E+00 -4.80000E+00 -4.60000E+00 -4.40000E+00 -4.20000E+00
#          -4.00000E+00 -3.80000E+00 -3.60000E+00 -3.40000E+00 -3.20000E+00
#          -3.00000E+00 -2.80000E+00 -2.60000E+00 -2.40000E+00 -2.20000E+00
#          -2.00000E+00 -1.80000E+00 -1.60000E+00 -1.40000E+00 -1.20000E+00
#          -1.00000E+00 -8.00000E-01 -6.00000E-01 -4.00000E-01 -2.00000E-01
#           0.00000E+00  2.00000E-01  4.00000E-01  6.00000E-01  8.00000E-01
#           1.00000E+00  1.20000E+00  1.40000E+00  1.60000E+00  1.80000E+00
#           2.00000E+00  2.20000E+00  2.40000E+00  2.60000E+00  2.80000E+00
#           3.00000E+00  3.20000E+00  3.40000E+00  3.60000E+00  3.80000E+00
#           4.00000E+00  4.20000E+00  4.40000E+00  4.60000E+00  4.80000E+00
#           5.00000E+00  5.20000E+00  5.40000E+00  5.60000E+00  5.80000E+00
#           6.00000E+00  6.20000E+00  6.40000E+00  6.60000E+00  6.80000E+00
#           7.00000E+00  7.20000E+00  7.40000E+00  7.60000E+00  7.80000E+00
#           8.00000E+00  8.20000E+00  8.40000E+00  8.60000E+00  8.80000E+00
#           9.00000E+00  9.20000E+00  9.40000E+00  9.60000E+00  9.80000E+00
#           1.00000E+01  1.02000E+01  1.04000E+01  1.06000E+01  1.08000E+01
#           1.10000E+01  1.12000E+01  1.14000E+01  1.16000E+01  1.18000E+01
#           1.20000E+01  1.22000E+01  1.24000E+01  1.26000E+01  1.28000E+01
#           1.30000E+01  1.32000E+01  1.34000E+01  1.36000E+01  1.38000E+01
#           1.40000E+01  1.42000E+01  1.44000E+01  1.46000E+01  1.48000E+01
#           1.50000E+01  1.52000E+01  1.54000E+01  1.56000E+01  1.58000E+01
#           1.60000E+01  1.62000E+01  1.64000E+01  1.66000E+01  1.68000E+01
#           1.70000E+01  1.72000E+01  1.74000E+01  1.76000E+01  1.78000E+01
#           1.80000E+01  1.82000E+01  1.84000E+01  1.86000E+01  1.88000E+01
#           1.90000E+01  1.92000E+01  1.94000E+01  1.96000E+01  1.98000E+01
#           2.00000E+01
   y-type =    1            # y-mesh is given by the below data
       ny =      1          # number of y-mesh points
#    data = ( y(i), i = 1, ny + 1 )
           -5.00000E+00  5.00000E+00
   z-type =    2            # z-mesh is linear given by zmin, zmax and nz
     zmin =  -20.00000      # minimum value of z-mesh points
     zmax =   20.00000      # maximum value of z-mesh points
#    zdel =  0.2000000      # mesh width of z-mesh points
       nz =    200          # number of z-mesh points
#    data = ( z(i), i = 1, nz + 1 )
#          -2.00000E+01 -1.98000E+01 -1.96000E+01 -1.94000E+01 -1.92000E+01
#          -1.90000E+01 -1.88000E+01 -1.86000E+01 -1.84000E+01 -1.82000E+01
#          -1.80000E+01 -1.78000E+01 -1.76000E+01 -1.74000E+01 -1.72000E+01
#          -1.70000E+01 -1.68000E+01 -1.66000E+01 -1.64000E+01 -1.62000E+01
#          -1.60000E+01 -1.58000E+01 -1.56000E+01 -1.54000E+01 -1.52000E+01
#          -1.50000E+01 -1.48000E+01 -1.46000E+01 -1.44000E+01 -1.42000E+01
#          -1.40000E+01 -1.38000E+01 -1.36000E+01 -1.34000E+01 -1.32000E+01
#          -1.30000E+01 -1.28000E+01 -1.26000E+01 -1.24000E+01 -1.22000E+01
#          -1.20000E+01 -1.18000E+01 -1.16000E+01 -1.14000E+01 -1.12000E+01
#          -1.10000E+01 -1.08000E+01 -1.06000E+01 -1.04000E+01 -1.02000E+01
#          -1.00000E+01 -9.80000E+00 -9.60000E+00 -9.40000E+00 -9.20000E+00
#          -9.00000E+00 -8.80000E+00 -8.60000E+00 -8.40000E+00 -8.20000E+00
#          -8.00000E+00 -7.80000E+00 -7.60000E+00 -7.40000E+00 -7.20000E+00
#          -7.00000E+00 -6.80000E+00 -6.60000E+00 -6.40000E+00 -6.20000E+00
#          -6.00000E+00 -5.80000E+00 -5.60000E+00 -5.40000E+00 -5.20000E+00
#          -5.00000E+00 -4.80000E+00 -4.60000E+00 -4.40000E+00 -4.20000E+00
#          -4.00000E+00 -3.80000E+00 -3.60000E+00 -3.40000E+00 -3.20000E+00
#          -3.00000E+00 -2.80000E+00 -2.60000E+00 -2.40000E+00 -2.20000E+00
#          -2.00000E+00 -1.80000E+00 -1.60000E+00 -1.40000E+00 -1.20000E+00
#          -1.00000E+00 -8.00000E-01 -6.00000E-01 -4.00000E-01 -2.00000E-01
#           0.00000E+00  2.00000E-01  4.00000E-01  6.00000E-01  8.00000E-01
#           1.00000E+00  1.20000E+00  1.40000E+00  1.60000E+00  1.80000E+00
#           2.00000E+00  2.20000E+00  2.40000E+00  2.60000E+00  2.80000E+00
#           3.00000E+00  3.20000E+00  3.40000E+00  3.60000E+00  3.80000E+00
#           4.00000E+00  4.20000E+00  4.40000E+00  4.60000E+00  4.80000E+00
#           5.00000E+00  5.20000E+00  5.40000E+00  5.60000E+00  5.80000E+00
#           6.00000E+00  6.20000E+00  6.40000E+00  6.60000E+00  6.80000E+00
#           7.00000E+00  7.20000E+00  7.40000E+00  7.60000E+00  7.80000E+00
#           8.00000E+00  8.20000E+00  8.40000E+00  8.60000E+00  8.80000E+00
#           9.00000E+00  9.20000E+00  9.40000E+00  9.60000E+00  9.80000E+00
#           1.00000E+01  1.02000E+01  1.04000E+01  1.06000E+01  1.08000E+01
#           1.10000E+01  1.12000E+01  1.14000E+01  1.16000E+01  1.18000E+01
#           1.20000E+01  1.22000E+01  1.24000E+01  1.26000E+01  1.28000E+01
#           1.30000E+01  1.32000E+01  1.34000E+01  1.36000E+01  1.38000E+01
#           1.40000E+01  1.42000E+01  1.44000E+01  1.46000E+01  1.48000E+01
#           1.50000E+01  1.52000E+01  1.54000E+01  1.56000E+01  1.58000E+01
#           1.60000E+01  1.62000E+01  1.64000E+01  1.66000E+01  1.68000E+01
#           1.70000E+01  1.72000E+01  1.74000E+01  1.76000E+01  1.78000E+01
#           1.80000E+01  1.82000E+01  1.84000E+01  1.86000E+01  1.88000E+01
#           1.90000E+01  1.92000E+01  1.94000E+01  1.96000E+01  1.98000E+01
#           2.00000E+01
   e-type =    1            # e-mesh is given by the below data
       ne =      1          # number of e-mesh points
#    data = ( e(i), i = 1, ne + 1 )
            0.00000E+00  1.00000E+03
     unit =    1            # unit is [1/cm^2/source]
 material =  all            # (D=all) number of specific material
  2D-type =    3            # 1:Cont, 2:Clust, 3:Color, 4:xyz, 5:mat, 6:Clust+Cont, 7:Col+Cont
     axis =      xz            # axis of output
     file = lec01_v1_xz.out  # file name of output for the above axis
     part =  all      
# kf/name :  0        
    gshow =    3            # 0: no 1:bnd, 2:bnd+mat, 3:bnd+reg 4:bnd+lat 5:bmp style
    resol =    1            # (D=1) resolution of gshow or rshow
    width = 0.5000000       # (D=0.5) width of lines for gshow or rshow
   epsout =    1            # (D=0) generate eps file by ANGEL
#    used :        main (  %)        temp (  %)       total (  %)
#  memory :         410 (  0)           0 (  0)         410 (  0)

#------------------------------------------------------------------------------
#newpage:
#   no. =  1   ie  =  1   iy  =  1   part. = all     
#   e = (   0.0000E+00  -   1.0000E+03  )
#   y = (  -5.0000E+00  -   5.0000E+00  )

'no. =  1,  ie =  1,  iy =  1'
msuc: {\huge Track Detection using [T-track] tally}
msdr: {\it plotted by \ANGEL \version}
msdl: {\it calculated by \PHITS  3.35}

x: z [cm]
y: x [cm]
set: c1[ 1.000] c2[ 0.900] c5[ 0.800] c6[ 1.000] c7[ 0.000] c8[ 0.000]
p: h2fs form[c1] xfac[c2] afac[c5] scal[c6] xorg[c7] yorg[c8] nosp
p: xmin( -20.00000    ) xmax(  20.00000    )
p: ymin( -20.00000    ) ymax(  20.00000    )
#  nx = 200   nz = 200
# ( ( data(z,x), z = 1, nz ), x = nx, 1, -1 )

#------------------------------------------------------------------------------
# gshow
#------------------------------------------------------------------------------

p: legs[c5*0.875]

w:98/ x(  -0.1535119E+02) y(  -0.1535115E+02) ix(2) iy(2) s(   0.7000E+00)

h: x ny1,0  y2=[y1](void),ic[lightgray]
 -1.000000E+00 -1.000000E+00

hb:   line clip z   cb(lightgray)
clip:
 -2.00000000E+01 -1.99999556E+01
 -1.99969655E+01 -2.00000000E+01
 -1.99938866E+01 -2.00000000E+01
 -1.97949755E+01 -2.00000000E+01
 -1.97918966E+01 -2.00000000E+01
 -1.95929854E+01 -2.00000000E+01
 -1.95899065E+01 -2.00000000E+01
 -1.93909954E+01 -2.00000000E+01
 -1.93879165E+01 -2.00000000E+01
 -1.91890053E+01 -2.00000000E+01
 -1.91859264E+01 -2.00000000E+01
 -1.89870153E+01 -2.00000000E+01
 -1.89839364E+01 -2.00000000E+01
 -1.87850252E+01 -2.00000000E+01
 -1.87819463E+01 -2.00000000E+01
 -1.85830352E+01 -2.00000000E+01
 -1.85799563E+01 -2.00000000E+01
 -1.83810451E+01 -2.00000000E+01
 -1.83779662E+01 -2.00000000E+01
 -1.81790551E+01 -2.00000000E+01
 -1.81759762E+01 -2.00000000E+01
 -1.79770650E+01 -2.00000000E+01
 -1.79739861E+01 -2.00000000E+01
 -1.77750750E+01 -2.00000000E+01
 -1.77719961E+01 -2.00000000E+01
 -1.75730849E+01 -2.00000000E+01
 -1.75700060E+01 -2.00000000E+01
 -1.73710949E+01 -2.00000000E+01
 -1.73680160E+01 -2.00000000E+01
 -1.71691048E+01 -2.00000000E+01
 -1.71660259E+01 -2.00000000E+01
 -1.69671148E+01 -2.00000000E+01
 -1.69640359E+01 -2.00000000E+01
 -1.67651247E+01 -2.00000000E+01
 -1.67620458E+01 -2.00000000E+01
 -1.65631347E+01 -2.00000000E+01
 -1.65600558E+01 -2.00000000E+01
 -1.63611446E+01 -2.00000000E+01
 -1.63580657E+01 -2.00000000E+01
 -1.61591546E+01 -2.00000000E+01
 -1.61560757E+01 -2.00000000E+01
 -1.59571645E+01 -2.00000000E+01
 -1.59540856E+01 -2.00000000E+01
 -1.57551745E+01 -2.00000000E+01
 -1.57520956E+01 -2.00000000E+01
 -1.55531844E+01 -2.00000000E+01
 -1.55501055E+01 -2.00000000E+01
 -1.53511944E+01 -2.00000000E+01
 -1.53481155E+01 -2.00000000E+01
 -1.51492043E+01 -2.00000000E+01
 -1.51461254E+01 -2.00000000E+01
 -1.49472143E+01 -2.00000000E+01
 -1.49441354E+01 -2.00000000E+01
 -1.47452242E+01 -2.00000000E+01
 -1.47421453E+01 -2.00000000E+01
 -1.45432342E+01 -2.00000000E+01
 -1.45401553E+01 -2.00000000E+01
 -1.43412441E+01 -2.00000000E+01
 -1.43381652E+01 -2.00000000E+01
 -1.41392541E+01 -2.00000000E+01
 -1.41361752E+01 -2.00000000E+01
 -1.39372641E+01 -2.00000000E+01
 -1.39341851E+01 -2.00000000E+01
 -1.37352740E+01 -2.00000000E+01
 -1.37321951E+01 -2.00000000E+01
 -1.35332840E+01 -2.00000000E+01
 -1.35302050E+01 -2.00000000E+01
 -1.33312939E+01 -2.00000000E+01
 -1.33282150E+01 -2.00000000E+01
 -1.31293039E+01 -2.00000000E+01
 -1.31262249E+01 -2.00000000E+01
 -1.29273138E+01 -2.00000000E+01
 -1.29242349E+01 -2.00000000E+01
 -1.27253238E+01 -2.00000000E+01
 -1.27222448E+01 -2.00000000E+01
 -1.25233337E+01 -2.00000000E+01
 -1.25202548E+01 -2.00000000E+01
 -1.23213437E+01 -2.00000000E+01
 -1.23182648E+01 -2.00000000E+01
 -1.21193536E+01 -2.00000000E+01
 -1.21162747E+01 -2.00000000E+01
 -1.19173636E+01 -2.00000000E+01
 -1.19142847E+01 -2.00000000E+01
 -1.17153735E+01 -2.00000000E+01
 -1.17122946E+01 -2.00000000E+01
 -1.15133835E+01 -2.00000000E+01
 -1.15103046E+01 -2.00000000E+01
 -1.13113934E+01 -2.00000000E+01
 -1.13083145E+01 -2.00000000E+01
 -1.11094034E+01 -2.00000000E+01
 -1.11063245E+01 -2.00000000E+01
 -1.09074133E+01 -2.00000000E+01
 -1.09043344E+01 -2.00000000E+01
 -1.07054233E+01 -2.00000000E+01
 -1.07023444E+01 -2.00000000E+01
 -1.05034332E+01 -2.00000000E+01
 -1.05003543E+01 -2.00000000E+01
 -1.03014432E+01 -2.00000000E+01
 -1.02983643E+01 -2.00000000E+01
 -1.00994531E+01 -2.00000000E+01
 -1.00963742E+01 -2.00000000E+01
 -9.89746306E+00 -2.00000000E+01
 -9.89438415E+00 -2.00000000E+01
 -9.69547301E+00 -2.00000000E+01
 -9.69239410E+00 -2.00000000E+01
 -9.49348296E+00 -2.00000000E+01
 -9.49040405E+00 -2.00000000E+01
 -9.29149291E+00 -2.00000000E+01
 -9.28841400E+00 -2.00000000E+01
 -9.08950286E+00 -2.00000000E+01
 -9.08642395E+00 -2.00000000E+01
 -8.88751281E+00 -2.00000000E+01
 -8.88443390E+00 -2.00000000E+01
 -8.68552276E+00 -2.00000000E+01
 -8.68244385E+00 -2.00000000E+01
 -8.48353271E+00 -2.00000000E+01
 -8.48045381E+00 -2.00000000E+01
 -8.28154266E+00 -2.00000000E+01
 -8.27846376E+00 -2.00000000E+01
 -8.07955261E+00 -2.00000000E+01
 -8.07647371E+00 -2.00000000E+01
 -7.87756256E+00 -2.00000000E+01
 -7.87448366E+00 -2.00000000E+01
 -7.67557251E+00 -2.00000000E+01
 -7.67249361E+00 -2.00000000E+01
 -7.47358246E+00 -2.00000000E+01
 -7.47050356E+00 -2.00000000E+01
 -7.27159241E+00 -2.00000000E+01
 -7.26851351E+00 -2.00000000E+01
 -7.06960236E+00 -2.00000000E+01
 -7.06652346E+00 -2.00000000E+01
 -6.86761231E+00 -2.00000000E+01
 -6.86453341E+00 -2.00000000E+01
 -6.66562226E+00 -2.00000000E+01
 -6.66254336E+00 -2.00000000E+01
 -6.46363221E+00 -2.00000000E+01
 -6.46055331E+00 -2.00000000E+01
 -6.26164216E+00 -2.00000000E+01
 -6.25856326E+00 -2.00000000E+01
 -6.05965211E+00 -2.00000000E+01
 -6.05657321E+00 -2.00000000E+01
 -5.85766206E+00 -2.00000000E+01
 -5.85458316E+00 -2.00000000E+01
 -5.65567201E+00 -2.00000000E+01
 -5.65259311E+00 -2.00000000E+01
 -5.45368196E+00 -2.00000000E+01
 -5.45060306E+00 -2.00000000E+01
 -5.25169191E+00 -2.00000000E+01
 -5.24861301E+00 -2.00000000E+01
 -5.04970186E+00 -2.00000000E+01
 -5.04662296E+00 -2.00000000E+01
 -4.84771181E+00 -2.00000000E+01
 -4.84463291E+00 -2.00000000E+01
 -4.64572176E+00 -2.00000000E+01
 -4.64264286E+00 -2.00000000E+01
 -4.44373171E+00 -2.00000000E+01
 -4.44065281E+00 -2.00000000E+01
 -4.24174166E+00 -2.00000000E+01
 -4.23866276E+00 -2.00000000E+01
 -4.03975161E+00 -2.00000000E+01
 -4.03667271E+00 -2.00000000E+01
 -3.83776156E+00 -2.00000000E+01
 -3.83468266E+00 -2.00000000E+01
 -3.63577151E+00 -2.00000000E+01
 -3.63269261E+00 -2.00000000E+01
 -3.43378146E+00 -2.00000000E+01
 -3.43070256E+00 -2.00000000E+01
 -3.23179141E+00 -2.00000000E+01
 -3.22871251E+00 -2.00000000E+01
 -3.02980136E+00 -2.00000000E+01
 -3.02672246E+00 -2.00000000E+01
 -2.82781131E+00 -2.00000000E+01
 -2.82473241E+00 -2.00000000E+01
 -2.62582126E+00 -2.00000000E+01
 -2.62274236E+00 -2.00000000E+01
 -2.42383121E+00 -2.00000000E+01
 -2.42075231E+00 -2.00000000E+01
 -2.22184116E+00 -2.00000000E+01
 -2.21876226E+00 -2.00000000E+01
 -2.01985111E+00 -2.00000000E+01
 -2.01677221E+00 -2.00000000E+01
 -1.81786107E+00 -2.00000000E+01
 -1.81478216E+00 -2.00000000E+01
 -1.61587102E+00 -2.00000000E+01
 -1.61279211E+00 -2.00000000E+01
 -1.41388097E+00 -2.00000000E+01
 -1.41080206E+00 -2.00000000E+01
 -1.21189092E+00 -2.00000000E+01
 -1.20881201E+00 -2.00000000E+01
 -1.00990087E+00 -2.00000000E+01
 -1.00682196E+00 -2.00000000E+01
 -8.07910816E-01 -2.00000000E+01
 -8.04831915E-01 -2.00000000E+01
 -6.05920767E-01 -2.00000000E+01
 -6.02841865E-01 -2.00000000E+01
 -4.03930717E-01 -2.00000000E+01
 -4.00851815E-01 -2.00000000E+01
 -2.01940667E-01 -2.00000000E+01
 -1.98861765E-01 -2.00000000E+01
  4.93827120E-05 -2.00000000E+01
  3.12828449E-03 -2.00000000E+01
  2.02039432E-01 -2.00000000E+01
  2.05118334E-01 -2.00000000E+01
  4.04029482E-01 -2.00000000E+01
  4.07108384E-01 -2.00000000E+01
  6.06019532E-01 -2.00000000E+01
  6.09098434E-01 -2.00000000E+01
  8.08009582E-01 -2.00000000E+01
  8.11088483E-01 -2.00000000E+01
  1.00999963E+00 -2.00000000E+01
  1.01307853E+00 -2.00000000E+01
  1.21198968E+00 -2.00000000E+01
  1.21506858E+00 -2.00000000E+01
  1.41397973E+00 -2.00000000E+01
  1.41705863E+00 -2.00000000E+01
  1.61596978E+00 -2.00000000E+01
  1.61904868E+00 -2.00000000E+01
  1.81795983E+00 -2.00000000E+01
  1.82103873E+00 -2.00000000E+01
  2.01994988E+00 -2.00000000E+01
  2.02302878E+00 -2.00000000E+01
  2.22193993E+00 -2.00000000E+01
  2.22501883E+00 -2.00000000E+01
  2.42392998E+00 -2.00000000E+01
  2.42700888E+00 -2.00000000E+01
  2.62592003E+00 -2.00000000E+01
  2.62899893E+00 -2.00000000E+01
  2.82791008E+00 -2.00000000E+01
  2.83098898E+00 -2.00000000E+01
  3.02990013E+00 -2.00000000E+01
  3.03297903E+00 -2.00000000E+01
  3.23189018E+00 -2.00000000E+01
  3.23496908E+00 -2.00000000E+01
  3.43388023E+00 -2.00000000E+01
  3.43695913E+00 -2.00000000E+01
  3.63587028E+00 -2.00000000E+01
  3.63894918E+00 -2.00000000E+01
  3.83786033E+00 -2.00000000E+01
  3.84093923E+00 -2.00000000E+01
  4.03985038E+00 -2.00000000E+01
  4.04292928E+00 -2.00000000E+01
  4.24184043E+00 -2.00000000E+01
  4.24491933E+00 -2.00000000E+01
  4.44383048E+00 -2.00000000E+01
  4.44690938E+00 -2.00000000E+01
  4.64582053E+00 -2.00000000E+01
  4.64889943E+00 -2.00000000E+01
  4.84781058E+00 -2.00000000E+01
  4.85088948E+00 -2.00000000E+01
  5.04980063E+00 -2.00000000E+01
  5.05287953E+00 -2.00000000E+01
  5.25179068E+00 -2.00000000E+01
  5.25486958E+00 -2.00000000E+01
  5.45378073E+00 -2.00000000E+01
  5.45685963E+00 -2.00000000E+01
  5.65577078E+00 -2.00000000E+01
  5.65884968E+00 -2.00000000E+01
  5.85776083E+00 -2.00000000E+01
  5.86083973E+00 -2.00000000E+01
  6.05975088E+00 -2.00000000E+01
  6.06282978E+00 -2.00000000E+01
  6.26174093E+00 -2.00000000E+01
  6.26481983E+00 -2.00000000E+01
  6.46373097E+00 -2.00000000E+01
  6.46680988E+00 -2.00000000E+01
  6.66572102E+00 -2.00000000E+01
  6.66879993E+00 -2.00000000E+01
  6.86771107E+00 -2.00000000E+01
  6.87078998E+00 -2.00000000E+01
  7.06970112E+00 -2.00000000E+01
  7.07278003E+00 -2.00000000E+01
  7.27169117E+00 -2.00000000E+01
  7.27477008E+00 -2.00000000E+01
  7.47368122E+00 -2.00000000E+01
  7.47676013E+00 -2.00000000E+01
  7.67567127E+00 -2.00000000E+01
  7.67875018E+00 -2.00000000E+01
  7.87766132E+00 -2.00000000E+01
  7.88074022E+00 -2.00000000E+01
  8.07965137E+00 -2.00000000E+01
  8.08273027E+00 -2.00000000E+01
  8.28164142E+00 -2.00000000E+01
  8.28472032E+00 -2.00000000E+01
  8.48363147E+00 -2.00000000E+01
  8.48671037E+00 -2.00000000E+01
  8.68562152E+00 -2.00000000E+01
  8.68870042E+00 -2.00000000E+01
  8.88761157E+00 -2.00000000E+01
  8.89069047E+00 -2.00000000E+01
  9.08960162E+00 -2.00000000E+01
  9.09268052E+00 -2.00000000E+01
  9.29159167E+00 -2.00000000E+01
  9.29467057E+00 -2.00000000E+01
  9.49358172E+00 -2.00000000E+01
  9.49666062E+00 -2.00000000E+01
  9.69557177E+00 -2.00000000E+01
  9.69865067E+00 -2.00000000E+01
  9.89756182E+00 -2.00000000E+01
  9.90064072E+00 -2.00000000E+01
  1.00995519E+01 -2.00000000E+01
  1.01026308E+01 -2.00000000E+01
  1.03015419E+01 -2.00000000E+01
  1.03046208E+01 -2.00000000E+01
  1.05035320E+01 -2.00000000E+01
  1.05066109E+01 -2.00000000E+01
  1.07055220E+01 -2.00000000E+01
  1.07086009E+01 -2.00000000E+01
  1.09075121E+01 -2.00000000E+01
  1.09105910E+01 -2.00000000E+01
  1.11095021E+01 -2.00000000E+01
  1.11125810E+01 -2.00000000E+01
  1.13114922E+01 -2.00000000E+01
  1.13145711E+01 -2.00000000E+01
  1.15134822E+01 -2.00000000E+01
  1.15165611E+01 -2.00000000E+01
  1.17154723E+01 -2.00000000E+01
  1.17185512E+01 -2.00000000E+01
  1.19174623E+01 -2.00000000E+01
  1.19205412E+01 -2.00000000E+01
  1.21194524E+01 -2.00000000E+01
  1.21225313E+01 -2.00000000E+01
  1.23214424E+01 -2.00000000E+01
  1.23245213E+01 -2.00000000E+01
  1.25234325E+01 -2.00000000E+01
  1.25265114E+01 -2.00000000E+01
  1.27254225E+01 -2.00000000E+01
  1.27285014E+01 -2.00000000E+01
  1.29274126E+01 -2.00000000E+01
  1.29304915E+01 -2.00000000E+01
  1.31294026E+01 -2.00000000E+01
  1.31324815E+01 -2.00000000E+01
  1.33313927E+01 -2.00000000E+01
  1.33344716E+01 -2.00000000E+01
  1.35333827E+01 -2.00000000E+01
  1.35364616E+01 -2.00000000E+01
  1.37353728E+01 -2.00000000E+01
  1.37384517E+01 -2.00000000E+01
  1.39373628E+01 -2.00000000E+01
  1.39404417E+01 -2.00000000E+01
  1.41393529E+01 -2.00000000E+01
  1.41424318E+01 -2.00000000E+01
  1.43413429E+01 -2.00000000E+01
  1.43444218E+01 -2.00000000E+01
  1.45433330E+01 -2.00000000E+01
  1.45464119E+01 -2.00000000E+01
  1.47453230E+01 -2.00000000E+01
  1.47484019E+01 -2.00000000E+01
  1.49473131E+01 -2.00000000E+01
  1.49503920E+01 -2.00000000E+01
  1.51493031E+01 -2.00000000E+01
  1.51523820E+01 -2.00000000E+01
  1.53512932E+01 -2.00000000E+01
  1.53543721E+01 -2.00000000E+01
  1.55532832E+01 -2.00000000E+01
  1.55563621E+01 -2.00000000E+01
  1.57552733E+01 -2.00000000E+01
  1.57583522E+01 -2.00000000E+01
  1.59572633E+01 -2.00000000E+01
  1.59603422E+01 -2.00000000E+01
  1.61592534E+01 -2.00000000E+01
  1.61623323E+01 -2.00000000E+01
  1.63612434E+01 -2.00000000E+01
  1.63643223E+01 -2.00000000E+01
  1.65632335E+01 -2.00000000E+01
  1.65663124E+01 -2.00000000E+01
  1.67652235E+01 -2.00000000E+01
  1.67683024E+01 -2.00000000E+01
  1.69672136E+01 -2.00000000E+01
  1.69702925E+01 -2.00000000E+01
  1.71692036E+01 -2.00000000E+01
  1.71722825E+01 -2.00000000E+01
  1.73711937E+01 -2.00000000E+01
  1.73742726E+01 -2.00000000E+01
  1.75731837E+01 -2.00000000E+01
  1.75762626E+01 -2.00000000E+01
  1.77751738E+01 -2.00000000E+01
  1.77782527E+01 -2.00000000E+01
  1.79771638E+01 -2.00000000E+01
  1.79802427E+01 -2.00000000E+01
  1.81791539E+01 -2.00000000E+01
  1.81822328E+01 -2.00000000E+01
  1.83811439E+01 -2.00000000E+01
  1.83842228E+01 -2.00000000E+01
  1.85831340E+01 -2.00000000E+01
  1.85862129E+01 -2.00000000E+01
  1.87851240E+01 -2.00000000E+01
  1.87882029E+01 -2.00000000E+01
  1.89871141E+01 -2.00000000E+01
  1.89901930E+01 -2.00000000E+01
  1.91891041E+01 -2.00000000E+01
  1.91921830E+01 -2.00000000E+01
  1.93910942E+01 -2.00000000E+01
  1.93941731E+01 -2.00000000E+01
  1.95930842E+01 -2.00000000E+01
  1.95961631E+01 -2.00000000E+01
  1.97950743E+01 -2.00000000E+01
  1.97981532E+01 -2.00000000E+01
  1.99970643E+01 -2.00000000E+01
  2.00000000E+01 -1.99998568E+01
  2.00000000E+01 -1.99969211E+01
  2.00000000E+01 -1.99939854E+01
  2.00000000E+01 -1.97949310E+01
  2.00000000E+01 -1.97919954E+01
  2.00000000E+01 -1.95929410E+01
  2.00000000E+01 -1.95900053E+01
  2.00000000E+01 -1.93909509E+01
  2.00000000E+01 -1.93880153E+01
  2.00000000E+01 -1.91889609E+01
  2.00000000E+01 -1.91860252E+01
  2.00000000E+01 -1.89869708E+01
  2.00000000E+01 -1.89840352E+01
  2.00000000E+01 -1.87849808E+01
  2.00000000E+01 -1.87820451E+01
  2.00000000E+01 -1.85829907E+01
  2.00000000E+01 -1.85800551E+01
  2.00000000E+01 -1.83810007E+01
  2.00000000E+01 -1.83780650E+01
  2.00000000E+01 -1.81790107E+01
  2.00000000E+01 -1.81760750E+01
  2.00000000E+01 -1.79770206E+01
  2.00000000E+01 -1.79740849E+01
  2.00000000E+01 -1.77750306E+01
  2.00000000E+01 -1.77720949E+01
  2.00000000E+01 -1.75730405E+01
  2.00000000E+01 -1.75701048E+01
  2.00000000E+01 -1.73710505E+01
  2.00000000E+01 -1.73681148E+01
  2.00000000E+01 -1.71690604E+01
  2.00000000E+01 -1.71661247E+01
  2.00000000E+01 -1.69670704E+01
  2.00000000E+01 -1.69641347E+01
  2.00000000E+01 -1.67650803E+01
  2.00000000E+01 -1.67621446E+01
  2.00000000E+01 -1.65630903E+01
  2.00000000E+01 -1.65601546E+01
  2.00000000E+01 -1.63611002E+01
  2.00000000E+01 -1.63581645E+01
  2.00000000E+01 -1.61591102E+01
  2.00000000E+01 -1.61561745E+01
  2.00000000E+01 -1.59571201E+01
  2.00000000E+01 -1.59541844E+01
  2.00000000E+01 -1.57551301E+01
  2.00000000E+01 -1.57521944E+01
  2.00000000E+01 -1.55531400E+01
  2.00000000E+01 -1.55502043E+01
  2.00000000E+01 -1.53511500E+01
  2.00000000E+01 -1.53482143E+01
  2.00000000E+01 -1.51491599E+01
  2.00000000E+01 -1.51462242E+01
  2.00000000E+01 -1.49471699E+01
  2.00000000E+01 -1.49442342E+01
  2.00000000E+01 -1.47451798E+01
  2.00000000E+01 -1.47422441E+01
  2.00000000E+01 -1.45431898E+01
  2.00000000E+01 -1.45402541E+01
  2.00000000E+01 -1.43411997E+01
  2.00000000E+01 -1.43382640E+01
  2.00000000E+01 -1.41392097E+01
  2.00000000E+01 -1.41362740E+01
  2.00000000E+01 -1.39372196E+01
  2.00000000E+01 -1.39342839E+01
  2.00000000E+01 -1.37352296E+01
  2.00000000E+01 -1.37322939E+01
  2.00000000E+01 -1.35332395E+01
  2.00000000E+01 -1.35303038E+01
  2.00000000E+01 -1.33312495E+01
  2.00000000E+01 -1.33283138E+01
  2.00000000E+01 -1.31292594E+01
  2.00000000E+01 -1.31263237E+01
  2.00000000E+01 -1.29272694E+01
  2.00000000E+01 -1.29243337E+01
  2.00000000E+01 -1.27252793E+01
  2.00000000E+01 -1.27223436E+01
  2.00000000E+01 -1.25232893E+01
  2.00000000E+01 -1.25203536E+01
  2.00000000E+01 -1.23212992E+01
  2.00000000E+01 -1.23183635E+01
  2.00000000E+01 -1.21193092E+01
  2.00000000E+01 -1.21163735E+01
  2.00000000E+01 -1.19173191E+01
  2.00000000E+01 -1.19143834E+01
  2.00000000E+01 -1.17153291E+01
  2.00000000E+01 -1.17123934E+01
  2.00000000E+01 -1.15133390E+01
  2.00000000E+01 -1.15104033E+01
  2.00000000E+01 -1.13113490E+01
  2.00000000E+01 -1.13084133E+01
  2.00000000E+01 -1.11093589E+01
  2.00000000E+01 -1.11064232E+01
  2.00000000E+01 -1.09073689E+01
  2.00000000E+01 -1.09044332E+01
  2.00000000E+01 -1.07053788E+01
  2.00000000E+01 -1.07024431E+01
  2.00000000E+01 -1.05033888E+01
  2.00000000E+01 -1.05004531E+01
  2.00000000E+01 -1.03013987E+01
  2.00000000E+01 -1.02984630E+01
  2.00000000E+01 -1.00994087E+01
  2.00000000E+01 -1.00964730E+01
  2.00000000E+01 -9.89741861E+00
  2.00000000E+01 -9.89448292E+00
  2.00000000E+01 -9.69542856E+00
  2.00000000E+01 -9.69249287E+00
  2.00000000E+01 -9.49343851E+00
  2.00000000E+01 -9.49050282E+00
  2.00000000E+01 -9.29144846E+00
  2.00000000E+01 -9.28851277E+00
  2.00000000E+01 -9.08945841E+00
  2.00000000E+01 -9.08652272E+00
  2.00000000E+01 -8.88746836E+00
  2.00000000E+01 -8.88453267E+00
  2.00000000E+01 -8.68547831E+00
  2.00000000E+01 -8.68254262E+00
  2.00000000E+01 -8.48348826E+00
  2.00000000E+01 -8.48055257E+00
  2.00000000E+01 -8.28149821E+00
  2.00000000E+01 -8.27856252E+00
  2.00000000E+01 -8.07950816E+00
  2.00000000E+01 -8.07657247E+00
  2.00000000E+01 -7.87751811E+00
  2.00000000E+01 -7.87458242E+00
  2.00000000E+01 -7.67552806E+00
  2.00000000E+01 -7.67259237E+00
  2.00000000E+01 -7.47353801E+00
  2.00000000E+01 -7.47060232E+00
  2.00000000E+01 -7.27154796E+00
  2.00000000E+01 -7.26861227E+00
  2.00000000E+01 -7.06955791E+00
  2.00000000E+01 -7.06662222E+00
  2.00000000E+01 -6.86756786E+00
  2.00000000E+01 -6.86463217E+00
  2.00000000E+01 -6.66557781E+00
  2.00000000E+01 -6.66264212E+00
  2.00000000E+01 -6.46358776E+00
  2.00000000E+01 -6.46065207E+00
  2.00000000E+01 -6.26159772E+00
  2.00000000E+01 -6.25866202E+00
  2.00000000E+01 -6.05960767E+00
  2.00000000E+01 -6.05667197E+00
  2.00000000E+01 -5.85761762E+00
  2.00000000E+01 -5.85468192E+00
  2.00000000E+01 -5.65562757E+00
  2.00000000E+01 -5.65269187E+00
  2.00000000E+01 -5.45363752E+00
  2.00000000E+01 -5.45070182E+00
  2.00000000E+01 -5.25164747E+00
  2.00000000E+01 -5.24871177E+00
  2.00000000E+01 -5.04965742E+00
  2.00000000E+01 -5.04672172E+00
  2.00000000E+01 -4.84766737E+00
  2.00000000E+01 -4.84473167E+00
  2.00000000E+01 -4.64567732E+00
  2.00000000E+01 -4.64274163E+00
  2.00000000E+01 -4.44368727E+00
  2.00000000E+01 -4.44075158E+00
  2.00000000E+01 -4.24169722E+00
  2.00000000E+01 -4.23876153E+00
  2.00000000E+01 -4.03970717E+00
  2.00000000E+01 -4.03677148E+00
  2.00000000E+01 -3.83771712E+00
  2.00000000E+01 -3.83478143E+00
  2.00000000E+01 -3.63572707E+00
  2.00000000E+01 -3.63279138E+00
  2.00000000E+01 -3.43373702E+00
  2.00000000E+01 -3.43080133E+00
  2.00000000E+01 -3.23174697E+00
  2.00000000E+01 -3.22881128E+00
  2.00000000E+01 -3.02975692E+00
  2.00000000E+01 -3.02682123E+00
  2.00000000E+01 -2.82776687E+00
  2.00000000E+01 -2.82483118E+00
  2.00000000E+01 -2.62577682E+00
  2.00000000E+01 -2.62284113E+00
  2.00000000E+01 -2.42378677E+00
  2.00000000E+01 -2.42085108E+00
  2.00000000E+01 -2.22179672E+00
  2.00000000E+01 -2.21886103E+00
  2.00000000E+01 -2.01980667E+00
  2.00000000E+01 -2.01687098E+00
  2.00000000E+01 -1.81781662E+00
  2.00000000E+01 -1.81488093E+00
  2.00000000E+01 -1.61582657E+00
  2.00000000E+01 -1.61289088E+00
  2.00000000E+01 -1.41383652E+00
  2.00000000E+01 -1.41090083E+00
  2.00000000E+01 -1.21184647E+00
  2.00000000E+01 -1.20891078E+00
  2.00000000E+01 -1.00985642E+00
  2.00000000E+01 -1.00692073E+00
  2.00000000E+01 -8.07866372E-01
  2.00000000E+01 -8.04930680E-01
  2.00000000E+01 -6.05876322E-01
  2.00000000E+01 -6.02940630E-01
  2.00000000E+01 -4.03886272E-01
  2.00000000E+01 -4.00950580E-01
  2.00000000E+01 -2.01896223E-01
  2.00000000E+01 -1.98960531E-01
  2.00000000E+01  9.38271560E-05
  2.00000000E+01  3.02951907E-03
  2.00000000E+01  2.02083877E-01
  2.00000000E+01  2.05019569E-01
  2.00000000E+01  4.04073927E-01
  2.00000000E+01  4.07009619E-01
  2.00000000E+01  6.06063976E-01
  2.00000000E+01  6.08999668E-01
  2.00000000E+01  8.08054026E-01
  2.00000000E+01  8.10989718E-01
  2.00000000E+01  1.01004408E+00
  2.00000000E+01  1.01297977E+00
  2.00000000E+01  1.21203413E+00
  2.00000000E+01  1.21496982E+00
  2.00000000E+01  1.41402418E+00
  2.00000000E+01  1.41695987E+00
  2.00000000E+01  1.61601423E+00
  2.00000000E+01  1.61894992E+00
  2.00000000E+01  1.81800427E+00
  2.00000000E+01  1.82093997E+00
  2.00000000E+01  2.01999432E+00
  2.00000000E+01  2.02293002E+00
  2.00000000E+01  2.22198437E+00
  2.00000000E+01  2.22492007E+00
  2.00000000E+01  2.42397442E+00
  2.00000000E+01  2.42691012E+00
  2.00000000E+01  2.62596447E+00
  2.00000000E+01  2.62890017E+00
  2.00000000E+01  2.82795452E+00
  2.00000000E+01  2.83089022E+00
  2.00000000E+01  3.02994457E+00
  2.00000000E+01  3.03288027E+00
  2.00000000E+01  3.23193462E+00
  2.00000000E+01  3.23487032E+00
  2.00000000E+01  3.43392467E+00
  2.00000000E+01  3.43686036E+00
  2.00000000E+01  3.63591472E+00
  2.00000000E+01  3.63885041E+00
  2.00000000E+01  3.83790477E+00
  2.00000000E+01  3.84084046E+00
  2.00000000E+01  4.03989482E+00
  2.00000000E+01  4.04283051E+00
  2.00000000E+01  4.24188487E+00
  2.00000000E+01  4.24482056E+00
  2.00000000E+01  4.44387492E+00
  2.00000000E+01  4.44681061E+00
  2.00000000E+01  4.64586497E+00
  2.00000000E+01  4.64880066E+00
  2.00000000E+01  4.84785502E+00
  2.00000000E+01  4.85079071E+00
  2.00000000E+01  5.04984507E+00
  2.00000000E+01  5.05278076E+00
  2.00000000E+01  5.25183512E+00
  2.00000000E+01  5.25477081E+00
  2.00000000E+01  5.45382517E+00
  2.00000000E+01  5.45676086E+00
  2.00000000E+01  5.65581522E+00
  2.00000000E+01  5.65875091E+00
  2.00000000E+01  5.85780527E+00
  2.00000000E+01  5.86074096E+00
  2.00000000E+01  6.05979532E+00
  2.00000000E+01  6.06273101E+00
  2.00000000E+01  6.26178537E+00
  2.00000000E+01  6.26472106E+00
  2.00000000E+01  6.46377542E+00
  2.00000000E+01  6.46671111E+00
  2.00000000E+01  6.66576547E+00
  2.00000000E+01  6.66870116E+00
  2.00000000E+01  6.86775552E+00
  2.00000000E+01  6.87069121E+00
  2.00000000E+01  7.06974557E+00
  2.00000000E+01  7.07268126E+00
  2.00000000E+01  7.27173562E+00
  2.00000000E+01  7.27467131E+00
  2.00000000E+01  7.47372567E+00
  2.00000000E+01  7.47666136E+00
  2.00000000E+01  7.67571572E+00
  2.00000000E+01  7.67865141E+00
  2.00000000E+01  7.87770577E+00
  2.00000000E+01  7.88064146E+00
  2.00000000E+01  8.07969582E+00
  2.00000000E+01  8.08263151E+00
  2.00000000E+01  8.28168587E+00
  2.00000000E+01  8.28462156E+00
  2.00000000E+01  8.48367592E+00
  2.00000000E+01  8.48661161E+00
  2.00000000E+01  8.68566597E+00
  2.00000000E+01  8.68860166E+00
  2.00000000E+01  8.88765602E+00
  2.00000000E+01  8.89059171E+00
  2.00000000E+01  9.08964607E+00
  2.00000000E+01  9.09258176E+00
  2.00000000E+01  9.29163612E+00
  2.00000000E+01  9.29457181E+00
  2.00000000E+01  9.49362617E+00
  2.00000000E+01  9.49656186E+00
  2.00000000E+01  9.69561622E+00
  2.00000000E+01  9.69855191E+00
  2.00000000E+01  9.89760626E+00
  2.00000000E+01  9.90054196E+00
  2.00000000E+01  1.00995963E+01
  2.00000000E+01  1.01025320E+01
  2.00000000E+01  1.03015864E+01
  2.00000000E+01  1.03045221E+01
  2.00000000E+01  1.05035764E+01
  2.00000000E+01  1.05065121E+01
  2.00000000E+01  1.07055665E+01
  2.00000000E+01  1.07085022E+01
  2.00000000E+01  1.09075565E+01
  2.00000000E+01  1.09104922E+01
  2.00000000E+01  1.11095466E+01
  2.00000000E+01  1.11124823E+01
  2.00000000E+01  1.13115366E+01
  2.00000000E+01  1.13144723E+01
  2.00000000E+01  1.15135267E+01
  2.00000000E+01  1.15164624E+01
  2.00000000E+01  1.17155167E+01
  2.00000000E+01  1.17184524E+01
  2.00000000E+01  1.19175068E+01
  2.00000000E+01  1.19204425E+01
  2.00000000E+01  1.21194968E+01
  2.00000000E+01  1.21224325E+01
  2.00000000E+01  1.23214869E+01
  2.00000000E+01  1.23244226E+01
  2.00000000E+01  1.25234769E+01
  2.00000000E+01  1.25264126E+01
  2.00000000E+01  1.27254670E+01
  2.00000000E+01  1.27284027E+01
  2.00000000E+01  1.29274570E+01
  2.00000000E+01  1.29303927E+01
  2.00000000E+01  1.31294471E+01
  2.00000000E+01  1.31323828E+01
  2.00000000E+01  1.33314371E+01
  2.00000000E+01  1.33343728E+01
  2.00000000E+01  1.35334272E+01
  2.00000000E+01  1.35363629E+01
  2.00000000E+01  1.37354172E+01
  2.00000000E+01  1.37383529E+01
  2.00000000E+01  1.39374073E+01
  2.00000000E+01  1.39403430E+01
  2.00000000E+01  1.41393973E+01
  2.00000000E+01  1.41423330E+01
  2.00000000E+01  1.43413874E+01
  2.00000000E+01  1.43443231E+01
  2.00000000E+01  1.45433774E+01
  2.00000000E+01  1.45463131E+01
  2.00000000E+01  1.47453675E+01
  2.00000000E+01  1.47483032E+01
  2.00000000E+01  1.49473575E+01
  2.00000000E+01  1.49502932E+01
  2.00000000E+01  1.51493476E+01
  2.00000000E+01  1.51522833E+01
  2.00000000E+01  1.53513376E+01
  2.00000000E+01  1.53542733E+01
  2.00000000E+01  1.55533277E+01
  2.00000000E+01  1.55562633E+01
  2.00000000E+01  1.57553177E+01
  2.00000000E+01  1.57582534E+01
  2.00000000E+01  1.59573078E+01
  2.00000000E+01  1.59602434E+01
  2.00000000E+01  1.61592978E+01
  2.00000000E+01  1.61622335E+01
  2.00000000E+01  1.63612879E+01
  2.00000000E+01  1.63642235E+01
  2.00000000E+01  1.65632779E+01
  2.00000000E+01  1.65662136E+01
  2.00000000E+01  1.67652680E+01
  2.00000000E+01  1.67682036E+01
  2.00000000E+01  1.69672580E+01
  2.00000000E+01  1.69701937E+01
  2.00000000E+01  1.71692481E+01
  2.00000000E+01  1.71721837E+01
  2.00000000E+01  1.73712381E+01
  2.00000000E+01  1.73741738E+01
  2.00000000E+01  1.75732282E+01
  2.00000000E+01  1.75761638E+01
  2.00000000E+01  1.77752182E+01
  2.00000000E+01  1.77781539E+01
  2.00000000E+01  1.79772083E+01
  2.00000000E+01  1.79801439E+01
  2.00000000E+01  1.81791983E+01
  2.00000000E+01  1.81821340E+01
  2.00000000E+01  1.83811884E+01
  2.00000000E+01  1.83841240E+01
  2.00000000E+01  1.85831784E+01
  2.00000000E+01  1.85861141E+01
  2.00000000E+01  1.87851685E+01
  2.00000000E+01  1.87881041E+01
  2.00000000E+01  1.89871585E+01
  2.00000000E+01  1.89900942E+01
  2.00000000E+01  1.91891486E+01
  2.00000000E+01  1.91920842E+01
  2.00000000E+01  1.93911386E+01
  2.00000000E+01  1.93940743E+01
  2.00000000E+01  1.95931287E+01
  2.00000000E+01  1.95960643E+01
  2.00000000E+01  1.97951187E+01
  2.00000000E+01  1.97980544E+01
  2.00000000E+01  1.99971088E+01
  1.99999556E+01  2.00000000E+01
  1.99970643E+01  2.00000000E+01
  1.99941731E+01  2.00000000E+01
  1.97950743E+01  2.00000000E+01
  1.97921830E+01  2.00000000E+01
  1.95930842E+01  2.00000000E+01
  1.95901930E+01  2.00000000E+01
  1.93910942E+01  2.00000000E+01
  1.93882029E+01  2.00000000E+01
  1.91891041E+01  2.00000000E+01
  1.91862129E+01  2.00000000E+01
  1.89871141E+01  2.00000000E+01
  1.89842228E+01  2.00000000E+01
  1.87851240E+01  2.00000000E+01
  1.87822328E+01  2.00000000E+01
  1.85831340E+01  2.00000000E+01
  1.85802427E+01  2.00000000E+01
  1.83811439E+01  2.00000000E+01
  1.83782527E+01  2.00000000E+01
  1.81791539E+01  2.00000000E+01
  1.81762626E+01  2.00000000E+01
  1.79771638E+01  2.00000000E+01
  1.79742726E+01  2.00000000E+01
  1.77751738E+01  2.00000000E+01
  1.77722825E+01  2.00000000E+01
  1.75731837E+01  2.00000000E+01
  1.75702925E+01  2.00000000E+01
  1.73711937E+01  2.00000000E+01
  1.73683024E+01  2.00000000E+01
  1.71692036E+01  2.00000000E+01
  1.71663124E+01  2.00000000E+01
  1.69672136E+01  2.00000000E+01
  1.69643223E+01  2.00000000E+01
  1.67652235E+01  2.00000000E+01
  1.67623323E+01  2.00000000E+01
  1.65632335E+01  2.00000000E+01
  1.65603422E+01  2.00000000E+01
  1.63612434E+01  2.00000000E+01
  1.63583522E+01  2.00000000E+01
  1.61592534E+01  2.00000000E+01
  1.61563621E+01  2.00000000E+01
  1.59572633E+01  2.00000000E+01
  1.59543721E+01  2.00000000E+01
  1.57552733E+01  2.00000000E+01
  1.57523820E+01  2.00000000E+01
  1.55532832E+01  2.00000000E+01
  1.55503920E+01  2.00000000E+01
  1.53512932E+01  2.00000000E+01
  1.53484019E+01  2.00000000E+01
  1.51493031E+01  2.00000000E+01
  1.51464119E+01  2.00000000E+01
  1.49473131E+01  2.00000000E+01
  1.49444218E+01  2.00000000E+01
  1.47453230E+01  2.00000000E+01
  1.47424318E+01  2.00000000E+01
  1.45433330E+01  2.00000000E+01
  1.45404417E+01  2.00000000E+01
  1.43413429E+01  2.00000000E+01
  1.43384517E+01  2.00000000E+01
  1.41393529E+01  2.00000000E+01
  1.41364616E+01  2.00000000E+01
  1.39373628E+01  2.00000000E+01
  1.39344716E+01  2.00000000E+01
  1.37353728E+01  2.00000000E+01
  1.37324815E+01  2.00000000E+01
  1.35333827E+01  2.00000000E+01
  1.35304915E+01  2.00000000E+01
  1.33313927E+01  2.00000000E+01
  1.33285014E+01  2.00000000E+01
  1.31294026E+01  2.00000000E+01
  1.31265114E+01  2.00000000E+01
  1.29274126E+01  2.00000000E+01
  1.29245213E+01  2.00000000E+01
  1.27254225E+01  2.00000000E+01
  1.27225313E+01  2.00000000E+01
  1.25234325E+01  2.00000000E+01
  1.25205412E+01  2.00000000E+01
  1.23214424E+01  2.00000000E+01
  1.23185512E+01  2.00000000E+01
  1.21194524E+01  2.00000000E+01
  1.21165611E+01  2.00000000E+01
  1.19174623E+01  2.00000000E+01
  1.19145711E+01  2.00000000E+01
  1.17154723E+01  2.00000000E+01
  1.17125810E+01  2.00000000E+01
  1.15134822E+01  2.00000000E+01
  1.15105910E+01  2.00000000E+01
  1.13114922E+01  2.00000000E+01
  1.13086009E+01  2.00000000E+01
  1.11095021E+01  2.00000000E+01
  1.11066109E+01  2.00000000E+01
  1.09075121E+01  2.00000000E+01
  1.09046208E+01  2.00000000E+01
  1.07055220E+01  2.00000000E+01
  1.07026308E+01  2.00000000E+01
  1.05035320E+01  2.00000000E+01
  1.05006407E+01  2.00000000E+01
  1.03015419E+01  2.00000000E+01
  1.02986507E+01  2.00000000E+01
  1.00995519E+01  2.00000000E+01
  1.00966606E+01  2.00000000E+01
  9.89756182E+00  2.00000000E+01
  9.89467057E+00  2.00000000E+01
  9.69557177E+00  2.00000000E+01
  9.69268052E+00  2.00000000E+01
  9.49358172E+00  2.00000000E+01
  9.49069047E+00  2.00000000E+01
  9.29159167E+00  2.00000000E+01
  9.28870042E+00  2.00000000E+01
  9.08960162E+00  2.00000000E+01
  9.08671037E+00  2.00000000E+01
  8.88761157E+00  2.00000000E+01
  8.88472032E+00  2.00000000E+01
  8.68562152E+00  2.00000000E+01
  8.68273027E+00  2.00000000E+01
  8.48363147E+00  2.00000000E+01
  8.48074022E+00  2.00000000E+01
  8.28164142E+00  2.00000000E+01
  8.27875018E+00  2.00000000E+01
  8.07965137E+00  2.00000000E+01
  8.07676013E+00  2.00000000E+01
  7.87766132E+00  2.00000000E+01
  7.87477008E+00  2.00000000E+01
  7.67567127E+00  2.00000000E+01
  7.67278003E+00  2.00000000E+01
  7.47368122E+00  2.00000000E+01
  7.47078998E+00  2.00000000E+01
  7.27169117E+00  2.00000000E+01
  7.26879993E+00  2.00000000E+01
  7.06970112E+00  2.00000000E+01
  7.06680988E+00  2.00000000E+01
  6.86771107E+00  2.00000000E+01
  6.86481983E+00  2.00000000E+01
  6.66572102E+00  2.00000000E+01
  6.66282978E+00  2.00000000E+01
  6.46373097E+00  2.00000000E+01
  6.46083973E+00  2.00000000E+01
  6.26174093E+00  2.00000000E+01
  6.25884968E+00  2.00000000E+01
  6.05975088E+00  2.00000000E+01
  6.05685963E+00  2.00000000E+01
  5.85776083E+00  2.00000000E+01
  5.85486958E+00  2.00000000E+01
  5.65577078E+00  2.00000000E+01
  5.65287953E+00  2.00000000E+01
  5.45378073E+00  2.00000000E+01
  5.45088948E+00  2.00000000E+01
  5.25179068E+00  2.00000000E+01
  5.24889943E+00  2.00000000E+01
  5.04980063E+00  2.00000000E+01
  5.04690938E+00  2.00000000E+01
  4.84781058E+00  2.00000000E+01
  4.84491933E+00  2.00000000E+01
  4.64582053E+00  2.00000000E+01
  4.64292928E+00  2.00000000E+01
  4.44383048E+00  2.00000000E+01
  4.44093923E+00  2.00000000E+01
  4.24184043E+00  2.00000000E+01
  4.23894918E+00  2.00000000E+01
  4.03985038E+00  2.00000000E+01
  4.03695913E+00  2.00000000E+01
  3.83786033E+00  2.00000000E+01
  3.83496908E+00  2.00000000E+01
  3.63587028E+00  2.00000000E+01
  3.63297903E+00  2.00000000E+01
  3.43388023E+00  2.00000000E+01
  3.43098898E+00  2.00000000E+01
  3.23189018E+00  2.00000000E+01
  3.22899893E+00  2.00000000E+01
  3.02990013E+00  2.00000000E+01
  3.02700888E+00  2.00000000E+01
  2.82791008E+00  2.00000000E+01
  2.82501883E+00  2.00000000E+01
  2.62592003E+00  2.00000000E+01
  2.62302878E+00  2.00000000E+01
  2.42392998E+00  2.00000000E+01
  2.42103873E+00  2.00000000E+01
  2.22193993E+00  2.00000000E+01
  2.21904868E+00  2.00000000E+01
  2.01994988E+00  2.00000000E+01
  2.01705863E+00  2.00000000E+01
  1.81795983E+00  2.00000000E+01
  1.81506858E+00  2.00000000E+01
  1.61596978E+00  2.00000000E+01
  1.61307853E+00  2.00000000E+01
  1.41397973E+00  2.00000000E+01
  1.41108848E+00  2.00000000E+01
  1.21198968E+00  2.00000000E+01
  1.20909843E+00  2.00000000E+01
  1.00999963E+00  2.00000000E+01
  1.00710838E+00  2.00000000E+01
  8.08009582E-01  2.00000000E+01
  8.05118334E-01  2.00000000E+01
  6.06019532E-01  2.00000000E+01
  6.03128284E-01  2.00000000E+01
  4.04029482E-01  2.00000000E+01
  4.01138235E-01  2.00000000E+01
  2.02039432E-01  2.00000000E+01
  1.99148185E-01  2.00000000E+01
  4.93827120E-05  2.00000000E+01
 -2.84186476E-03  2.00000000E+01
 -2.01940667E-01  2.00000000E+01
 -2.04831915E-01  2.00000000E+01
 -4.03930717E-01  2.00000000E+01
 -4.06821964E-01  2.00000000E+01
 -6.05920767E-01  2.00000000E+01
 -6.08812014E-01  2.00000000E+01
 -8.07910816E-01  2.00000000E+01
 -8.10802064E-01  2.00000000E+01
 -1.00990087E+00  2.00000000E+01
 -1.01279211E+00  2.00000000E+01
 -1.21189092E+00  2.00000000E+01
 -1.21478216E+00  2.00000000E+01
 -1.41388097E+00  2.00000000E+01
 -1.41677221E+00  2.00000000E+01
 -1.61587102E+00  2.00000000E+01
 -1.61876226E+00  2.00000000E+01
 -1.81786107E+00  2.00000000E+01
 -1.82075231E+00  2.00000000E+01
 -2.01985111E+00  2.00000000E+01
 -2.02274236E+00  2.00000000E+01
 -2.22184116E+00  2.00000000E+01
 -2.22473241E+00  2.00000000E+01
 -2.42383121E+00  2.00000000E+01
 -2.42672246E+00  2.00000000E+01
 -2.62582126E+00  2.00000000E+01
 -2.62871251E+00  2.00000000E+01
 -2.82781131E+00  2.00000000E+01
 -2.83070256E+00  2.00000000E+01
 -3.02980136E+00  2.00000000E+01
 -3.03269261E+00  2.00000000E+01
 -3.23179141E+00  2.00000000E+01
 -3.23468266E+00  2.00000000E+01
 -3.43378146E+00  2.00000000E+01
 -3.43667271E+00  2.00000000E+01
 -3.63577151E+00  2.00000000E+01
 -3.63866276E+00  2.00000000E+01
 -3.83776156E+00  2.00000000E+01
 -3.84065281E+00  2.00000000E+01
 -4.03975161E+00  2.00000000E+01
 -4.04264286E+00  2.00000000E+01
 -4.24174166E+00  2.00000000E+01
 -4.24463291E+00  2.00000000E+01
 -4.44373171E+00  2.00000000E+01
 -4.44662296E+00  2.00000000E+01
 -4.64572176E+00  2.00000000E+01
 -4.64861301E+00  2.00000000E+01
 -4.84771181E+00  2.00000000E+01
 -4.85060306E+00  2.00000000E+01
 -5.04970186E+00  2.00000000E+01
 -5.05259311E+00  2.00000000E+01
 -5.25169191E+00  2.00000000E+01
 -5.25458316E+00  2.00000000E+01
 -5.45368196E+00  2.00000000E+01
 -5.45657321E+00  2.00000000E+01
 -5.65567201E+00  2.00000000E+01
 -5.65856326E+00  2.00000000E+01
 -5.85766206E+00  2.00000000E+01
 -5.86055331E+00  2.00000000E+01
 -6.05965211E+00  2.00000000E+01
 -6.06254336E+00  2.00000000E+01
 -6.26164216E+00  2.00000000E+01
 -6.26453341E+00  2.00000000E+01
 -6.46363221E+00  2.00000000E+01
 -6.46652346E+00  2.00000000E+01
 -6.66562226E+00  2.00000000E+01
 -6.66851351E+00  2.00000000E+01
 -6.86761231E+00  2.00000000E+01
 -6.87050356E+00  2.00000000E+01
 -7.06960236E+00  2.00000000E+01
 -7.07249361E+00  2.00000000E+01
 -7.27159241E+00  2.00000000E+01
 -7.27448366E+00  2.00000000E+01
 -7.47358246E+00  2.00000000E+01
 -7.47647371E+00  2.00000000E+01
 -7.67557251E+00  2.00000000E+01
 -7.67846376E+00  2.00000000E+01
 -7.87756256E+00  2.00000000E+01
 -7.88045381E+00  2.00000000E+01
 -8.07955261E+00  2.00000000E+01
 -8.08244385E+00  2.00000000E+01
 -8.28154266E+00  2.00000000E+01
 -8.28443390E+00  2.00000000E+01
 -8.48353271E+00  2.00000000E+01
 -8.48642395E+00  2.00000000E+01
 -8.68552276E+00  2.00000000E+01
 -8.68841400E+00  2.00000000E+01
 -8.88751281E+00  2.00000000E+01
 -8.89040405E+00  2.00000000E+01
 -9.08950286E+00  2.00000000E+01
 -9.09239410E+00  2.00000000E+01
 -9.29149291E+00  2.00000000E+01
 -9.29438415E+00  2.00000000E+01
 -9.49348296E+00  2.00000000E+01
 -9.49637420E+00  2.00000000E+01
 -9.69547301E+00  2.00000000E+01
 -9.69836425E+00  2.00000000E+01
 -9.89746306E+00  2.00000000E+01
 -9.90035430E+00  2.00000000E+01
 -1.00994531E+01  2.00000000E+01
 -1.01023444E+01  2.00000000E+01
 -1.03014432E+01  2.00000000E+01
 -1.03043344E+01  2.00000000E+01
 -1.05034332E+01  2.00000000E+01
 -1.05063245E+01  2.00000000E+01
 -1.07054233E+01  2.00000000E+01
 -1.07083145E+01  2.00000000E+01
 -1.09074133E+01  2.00000000E+01
 -1.09103046E+01  2.00000000E+01
 -1.11094034E+01  2.00000000E+01
 -1.11122946E+01  2.00000000E+01
 -1.13113934E+01  2.00000000E+01
 -1.13142847E+01  2.00000000E+01
 -1.15133835E+01  2.00000000E+01
 -1.15162747E+01  2.00000000E+01
 -1.17153735E+01  2.00000000E+01
 -1.17182648E+01  2.00000000E+01
 -1.19173636E+01  2.00000000E+01
 -1.19202548E+01  2.00000000E+01
 -1.21193536E+01  2.00000000E+01
 -1.21222448E+01  2.00000000E+01
 -1.23213437E+01  2.00000000E+01
 -1.23242349E+01  2.00000000E+01
 -1.25233337E+01  2.00000000E+01
 -1.25262249E+01  2.00000000E+01
 -1.27253238E+01  2.00000000E+01
 -1.27282150E+01  2.00000000E+01
 -1.29273138E+01  2.00000000E+01
 -1.29302050E+01  2.00000000E+01
 -1.31293039E+01  2.00000000E+01
 -1.31321951E+01  2.00000000E+01
 -1.33312939E+01  2.00000000E+01
 -1.33341851E+01  2.00000000E+01
 -1.35332840E+01  2.00000000E+01
 -1.35361752E+01  2.00000000E+01
 -1.37352740E+01  2.00000000E+01
 -1.37381652E+01  2.00000000E+01
 -1.39372641E+01  2.00000000E+01
 -1.39401553E+01  2.00000000E+01
 -1.41392541E+01  2.00000000E+01
 -1.41421453E+01  2.00000000E+01
 -1.43412441E+01  2.00000000E+01
 -1.43441354E+01  2.00000000E+01
 -1.45432342E+01  2.00000000E+01
 -1.45461254E+01  2.00000000E+01
 -1.47452242E+01  2.00000000E+01
 -1.47481155E+01  2.00000000E+01
 -1.49472143E+01  2.00000000E+01
 -1.49501055E+01  2.00000000E+01
 -1.51492043E+01  2.00000000E+01
 -1.51520956E+01  2.00000000E+01
 -1.53511944E+01  2.00000000E+01
 -1.53540856E+01  2.00000000E+01
 -1.55531844E+01  2.00000000E+01
 -1.55560757E+01  2.00000000E+01
 -1.57551745E+01  2.00000000E+01
 -1.57580657E+01  2.00000000E+01
 -1.59571645E+01  2.00000000E+01
 -1.59600558E+01  2.00000000E+01
 -1.61591546E+01  2.00000000E+01
 -1.61620458E+01  2.00000000E+01
 -1.63611446E+01  2.00000000E+01
 -1.63640359E+01  2.00000000E+01
 -1.65631347E+01  2.00000000E+01
 -1.65660259E+01  2.00000000E+01
 -1.67651247E+01  2.00000000E+01
 -1.67680160E+01  2.00000000E+01
 -1.69671148E+01  2.00000000E+01
 -1.69700060E+01  2.00000000E+01
 -1.71691048E+01  2.00000000E+01
 -1.71719961E+01  2.00000000E+01
 -1.73710949E+01  2.00000000E+01
 -1.73739861E+01  2.00000000E+01
 -1.75730849E+01  2.00000000E+01
 -1.75759762E+01  2.00000000E+01
 -1.77750750E+01  2.00000000E+01
 -1.77779662E+01  2.00000000E+01
 -1.79770650E+01  2.00000000E+01
 -1.79799563E+01  2.00000000E+01
 -1.81790551E+01  2.00000000E+01
 -1.81819463E+01  2.00000000E+01
 -1.83810451E+01  2.00000000E+01
 -1.83839364E+01  2.00000000E+01
 -1.85830352E+01  2.00000000E+01
 -1.85859264E+01  2.00000000E+01
 -1.87850252E+01  2.00000000E+01
 -1.87879165E+01  2.00000000E+01
 -1.89870153E+01  2.00000000E+01
 -1.89899065E+01  2.00000000E+01
 -1.91890053E+01  2.00000000E+01
 -1.91918966E+01  2.00000000E+01
 -1.93909954E+01  2.00000000E+01
 -1.93938866E+01  2.00000000E+01
 -1.95929854E+01  2.00000000E+01
 -1.95958767E+01  2.00000000E+01
 -1.97949755E+01  2.00000000E+01
 -1.97978667E+01  2.00000000E+01
 -1.99969655E+01  2.00000000E+01
 -1.99998568E+01  2.00000000E+01
 -2.00000000E+01  1.99971088E+01
 -2.00000000E+01  1.99940743E+01
 -2.00000000E+01  1.97951187E+01
 -2.00000000E+01  1.97920842E+01
 -2.00000000E+01  1.95931287E+01
 -2.00000000E+01  1.95900942E+01
 -2.00000000E+01  1.93911386E+01
 -2.00000000E+01  1.93881041E+01
 -2.00000000E+01  1.91891486E+01
 -2.00000000E+01  1.91861141E+01
 -2.00000000E+01  1.89871585E+01
 -2.00000000E+01  1.89841240E+01
 -2.00000000E+01  1.87851685E+01
 -2.00000000E+01  1.87821340E+01
 -2.00000000E+01  1.85831784E+01
 -2.00000000E+01  1.85801439E+01
 -2.00000000E+01  1.83811884E+01
 -2.00000000E+01  1.83781539E+01
 -2.00000000E+01  1.81791983E+01
 -2.00000000E+01  1.81761638E+01
 -2.00000000E+01  1.79772083E+01
 -2.00000000E+01  1.79741738E+01
 -2.00000000E+01  1.77752182E+01
 -2.00000000E+01  1.77721837E+01
 -2.00000000E+01  1.75732282E+01
 -2.00000000E+01  1.75701937E+01
 -2.00000000E+01  1.73712381E+01
 -2.00000000E+01  1.73682036E+01
 -2.00000000E+01  1.71692481E+01
 -2.00000000E+01  1.71662136E+01
 -2.00000000E+01  1.69672580E+01
 -2.00000000E+01  1.69642235E+01
 -2.00000000E+01  1.67652680E+01
 -2.00000000E+01  1.67622335E+01
 -2.00000000E+01  1.65632779E+01
 -2.00000000E+01  1.65602434E+01
 -2.00000000E+01  1.63612879E+01
 -2.00000000E+01  1.63582534E+01
 -2.00000000E+01  1.61592978E+01
 -2.00000000E+01  1.61562633E+01
 -2.00000000E+01  1.59573078E+01
 -2.00000000E+01  1.59542733E+01
 -2.00000000E+01  1.57553177E+01
 -2.00000000E+01  1.57522833E+01
 -2.00000000E+01  1.55533277E+01
 -2.00000000E+01  1.55502932E+01
 -2.00000000E+01  1.53513376E+01
 -2.00000000E+01  1.53483032E+01
 -2.00000000E+01  1.51493476E+01
 -2.00000000E+01  1.51463131E+01
 -2.00000000E+01  1.49473575E+01
 -2.00000000E+01  1.49443231E+01
 -2.00000000E+01  1.47453675E+01
 -2.00000000E+01  1.47423330E+01
 -2.00000000E+01  1.45433774E+01
 -2.00000000E+01  1.45403430E+01
 -2.00000000E+01  1.43413874E+01
 -2.00000000E+01  1.43383529E+01
 -2.00000000E+01  1.41393973E+01
 -2.00000000E+01  1.41363629E+01
 -2.00000000E+01  1.39374073E+01
 -2.00000000E+01  1.39343728E+01
 -2.00000000E+01  1.37354172E+01
 -2.00000000E+01  1.37323828E+01
 -2.00000000E+01  1.35334272E+01
 -2.00000000E+01  1.35303927E+01
 -2.00000000E+01  1.33314371E+01
 -2.00000000E+01  1.33284027E+01
 -2.00000000E+01  1.31294471E+01
 -2.00000000E+01  1.31264126E+01
 -2.00000000E+01  1.29274570E+01
 -2.00000000E+01  1.29244226E+01
 -2.00000000E+01  1.27254670E+01
 -2.00000000E+01  1.27224325E+01
 -2.00000000E+01  1.25234769E+01
 -2.00000000E+01  1.25204425E+01
 -2.00000000E+01  1.23214869E+01
 -2.00000000E+01  1.23184524E+01
 -2.00000000E+01  1.21194968E+01
 -2.00000000E+01  1.21164624E+01
 -2.00000000E+01  1.19175068E+01
 -2.00000000E+01  1.19144723E+01
 -2.00000000E+01  1.17155167E+01
 -2.00000000E+01  1.17124823E+01
 -2.00000000E+01  1.15135267E+01
 -2.00000000E+01  1.15104922E+01
 -2.00000000E+01  1.13115366E+01
 -2.00000000E+01  1.13085022E+01
 -2.00000000E+01  1.11095466E+01
 -2.00000000E+01  1.11065121E+01
 -2.00000000E+01  1.09075565E+01
 -2.00000000E+01  1.09045221E+01
 -2.00000000E+01  1.07055665E+01
 -2.00000000E+01  1.07025320E+01
 -2.00000000E+01  1.05035764E+01
 -2.00000000E+01  1.05005420E+01
 -2.00000000E+01  1.03015864E+01
 -2.00000000E+01  1.02985519E+01
 -2.00000000E+01  1.00995963E+01
 -2.00000000E+01  1.00965619E+01
 -2.00000000E+01  9.89760626E+00
 -2.00000000E+01  9.89457181E+00
 -2.00000000E+01  9.69561622E+00
 -2.00000000E+01  9.69258176E+00
 -2.00000000E+01  9.49362617E+00
 -2.00000000E+01  9.49059171E+00
 -2.00000000E+01  9.29163612E+00
 -2.00000000E+01  9.28860166E+00
 -2.00000000E+01  9.08964607E+00
 -2.00000000E+01  9.08661161E+00
 -2.00000000E+01  8.88765602E+00
 -2.00000000E+01  8.88462156E+00
 -2.00000000E+01  8.68566597E+00
 -2.00000000E+01  8.68263151E+00
 -2.00000000E+01  8.48367592E+00
 -2.00000000E+01  8.48064146E+00
 -2.00000000E+01  8.28168587E+00
 -2.00000000E+01  8.27865141E+00
 -2.00000000E+01  8.07969582E+00
 -2.00000000E+01  8.07666136E+00
 -2.00000000E+01  7.87770577E+00
 -2.00000000E+01  7.87467131E+00
 -2.00000000E+01  7.67571572E+00
 -2.00000000E+01  7.67268126E+00
 -2.00000000E+01  7.47372567E+00
 -2.00000000E+01  7.47069121E+00
 -2.00000000E+01  7.27173562E+00
 -2.00000000E+01  7.26870116E+00
 -2.00000000E+01  7.06974557E+00
 -2.00000000E+01  7.06671111E+00
 -2.00000000E+01  6.86775552E+00
 -2.00000000E+01  6.86472106E+00
 -2.00000000E+01  6.66576547E+00
 -2.00000000E+01  6.66273101E+00
 -2.00000000E+01  6.46377542E+00
 -2.00000000E+01  6.46074096E+00
 -2.00000000E+01  6.26178537E+00
 -2.00000000E+01  6.25875091E+00
 -2.00000000E+01  6.05979532E+00
 -2.00000000E+01  6.05676086E+00
 -2.00000000E+01  5.85780527E+00
 -2.00000000E+01  5.85477081E+00
 -2.00000000E+01  5.65581522E+00
 -2.00000000E+01  5.65278076E+00
 -2.00000000E+01  5.45382517E+00
 -2.00000000E+01  5.45079071E+00
 -2.00000000E+01  5.25183512E+00
 -2.00000000E+01  5.24880066E+00
 -2.00000000E+01  5.04984507E+00
 -2.00000000E+01  5.04681061E+00
 -2.00000000E+01  4.84785502E+00
 -2.00000000E+01  4.84482056E+00
 -2.00000000E+01  4.64586497E+00
 -2.00000000E+01  4.64283051E+00
 -2.00000000E+01  4.44387492E+00
 -2.00000000E+01  4.44084046E+00
 -2.00000000E+01  4.24188487E+00
 -2.00000000E+01  4.23885041E+00
 -2.00000000E+01  4.03989482E+00
 -2.00000000E+01  4.03686036E+00
 -2.00000000E+01  3.83790477E+00
 -2.00000000E+01  3.83487032E+00
 -2.00000000E+01  3.63591472E+00
 -2.00000000E+01  3.63288027E+00
 -2.00000000E+01  3.43392467E+00
 -2.00000000E+01  3.43089022E+00
 -2.00000000E+01  3.23193462E+00
 -2.00000000E+01  3.22890017E+00
 -2.00000000E+01  3.02994457E+00
 -2.00000000E+01  3.02691012E+00
 -2.00000000E+01  2.82795452E+00
 -2.00000000E+01  2.82492007E+00
 -2.00000000E+01  2.62596447E+00
 -2.00000000E+01  2.62293002E+00
 -2.00000000E+01  2.42397442E+00
 -2.00000000E+01  2.42093997E+00
 -2.00000000E+01  2.22198437E+00
 -2.00000000E+01  2.21894992E+00
 -2.00000000E+01  2.01999432E+00
 -2.00000000E+01  2.01695987E+00
 -2.00000000E+01  1.81800427E+00
 -2.00000000E+01  1.81496982E+00
 -2.00000000E+01  1.61601423E+00
 -2.00000000E+01  1.61297977E+00
 -2.00000000E+01  1.41402418E+00
 -2.00000000E+01  1.41098972E+00
 -2.00000000E+01  1.21203413E+00
 -2.00000000E+01  1.20899967E+00
 -2.00000000E+01  1.01004408E+00
 -2.00000000E+01  1.00700962E+00
 -2.00000000E+01  8.08054026E-01
 -2.00000000E+01  8.05019569E-01
 -2.00000000E+01  6.06063976E-01
 -2.00000000E+01  6.03029519E-01
 -2.00000000E+01  4.04073927E-01
 -2.00000000E+01  4.01039469E-01
 -2.00000000E+01  2.02083877E-01
 -2.00000000E+01  1.99049420E-01
 -2.00000000E+01  9.38271560E-05
 -2.00000000E+01 -2.94063018E-03
 -2.00000000E+01 -2.01896223E-01
 -2.00000000E+01 -2.04930680E-01
 -2.00000000E+01 -4.03886272E-01
 -2.00000000E+01 -4.06920730E-01
 -2.00000000E+01 -6.05876322E-01
 -2.00000000E+01 -6.08910779E-01
 -2.00000000E+01 -8.07866372E-01
 -2.00000000E+01 -8.10900829E-01
 -2.00000000E+01 -1.00985642E+00
 -2.00000000E+01 -1.01289088E+00
 -2.00000000E+01 -1.21184647E+00
 -2.00000000E+01 -1.21488093E+00
 -2.00000000E+01 -1.41383652E+00
 -2.00000000E+01 -1.41687098E+00
 -2.00000000E+01 -1.61582657E+00
 -2.00000000E+01 -1.61886103E+00
 -2.00000000E+01 -1.81781662E+00
 -2.00000000E+01 -1.82085108E+00
 -2.00000000E+01 -2.01980667E+00
 -2.00000000E+01 -2.02284113E+00
 -2.00000000E+01 -2.22179672E+00
 -2.00000000E+01 -2.22483118E+00
 -2.00000000E+01 -2.42378677E+00
 -2.00000000E+01 -2.42682123E+00
 -2.00000000E+01 -2.62577682E+00
 -2.00000000E+01 -2.62881128E+00
 -2.00000000E+01 -2.82776687E+00
 -2.00000000E+01 -2.83080133E+00
 -2.00000000E+01 -3.02975692E+00
 -2.00000000E+01 -3.03279138E+00
 -2.00000000E+01 -3.23174697E+00
 -2.00000000E+01 -3.23478143E+00
 -2.00000000E+01 -3.43373702E+00
 -2.00000000E+01 -3.43677148E+00
 -2.00000000E+01 -3.63572707E+00
 -2.00000000E+01 -3.63876153E+00
 -2.00000000E+01 -3.83771712E+00
 -2.00000000E+01 -3.84075158E+00
 -2.00000000E+01 -4.03970717E+00
 -2.00000000E+01 -4.04274163E+00
 -2.00000000E+01 -4.24169722E+00
 -2.00000000E+01 -4.24473167E+00
 -2.00000000E+01 -4.44368727E+00
 -2.00000000E+01 -4.44672172E+00
 -2.00000000E+01 -4.64567732E+00
 -2.00000000E+01 -4.64871177E+00
 -2.00000000E+01 -4.84766737E+00
 -2.00000000E+01 -4.85070182E+00
 -2.00000000E+01 -5.04965742E+00
 -2.00000000E+01 -5.05269187E+00
 -2.00000000E+01 -5.25164747E+00
 -2.00000000E+01 -5.25468192E+00
 -2.00000000E+01 -5.45363752E+00
 -2.00000000E+01 -5.45667197E+00
 -2.00000000E+01 -5.65562757E+00
 -2.00000000E+01 -5.65866202E+00
 -2.00000000E+01 -5.85761762E+00
 -2.00000000E+01 -5.86065207E+00
 -2.00000000E+01 -6.05960767E+00
 -2.00000000E+01 -6.06264212E+00
 -2.00000000E+01 -6.26159772E+00
 -2.00000000E+01 -6.26463217E+00
 -2.00000000E+01 -6.46358776E+00
 -2.00000000E+01 -6.46662222E+00
 -2.00000000E+01 -6.66557781E+00
 -2.00000000E+01 -6.66861227E+00
 -2.00000000E+01 -6.86756786E+00
 -2.00000000E+01 -6.87060232E+00
 -2.00000000E+01 -7.06955791E+00
 -2.00000000E+01 -7.07259237E+00
 -2.00000000E+01 -7.27154796E+00
 -2.00000000E+01 -7.27458242E+00
 -2.00000000E+01 -7.47353801E+00
 -2.00000000E+01 -7.47657247E+00
 -2.00000000E+01 -7.67552806E+00
 -2.00000000E+01 -7.67856252E+00
 -2.00000000E+01 -7.87751811E+00
 -2.00000000E+01 -7.88055257E+00
 -2.00000000E+01 -8.07950816E+00
 -2.00000000E+01 -8.08254262E+00
 -2.00000000E+01 -8.28149821E+00
 -2.00000000E+01 -8.28453267E+00
 -2.00000000E+01 -8.48348826E+00
 -2.00000000E+01 -8.48652272E+00
 -2.00000000E+01 -8.68547831E+00
 -2.00000000E+01 -8.68851277E+00
 -2.00000000E+01 -8.88746836E+00
 -2.00000000E+01 -8.89050282E+00
 -2.00000000E+01 -9.08945841E+00
 -2.00000000E+01 -9.09249287E+00
 -2.00000000E+01 -9.29144846E+00
 -2.00000000E+01 -9.29448292E+00
 -2.00000000E+01 -9.49343851E+00
 -2.00000000E+01 -9.49647297E+00
 -2.00000000E+01 -9.69542856E+00
 -2.00000000E+01 -9.69846302E+00
 -2.00000000E+01 -9.89741861E+00
 -2.00000000E+01 -9.90045307E+00
 -2.00000000E+01 -1.00994087E+01
 -2.00000000E+01 -1.01024431E+01
 -2.00000000E+01 -1.03013987E+01
 -2.00000000E+01 -1.03044332E+01
 -2.00000000E+01 -1.05033888E+01
 -2.00000000E+01 -1.05064232E+01
 -2.00000000E+01 -1.07053788E+01
 -2.00000000E+01 -1.07084133E+01
 -2.00000000E+01 -1.09073689E+01
 -2.00000000E+01 -1.09104033E+01
 -2.00000000E+01 -1.11093589E+01
 -2.00000000E+01 -1.11123934E+01
 -2.00000000E+01 -1.13113490E+01
 -2.00000000E+01 -1.13143834E+01
 -2.00000000E+01 -1.15133390E+01
 -2.00000000E+01 -1.15163735E+01
 -2.00000000E+01 -1.17153291E+01
 -2.00000000E+01 -1.17183635E+01
 -2.00000000E+01 -1.19173191E+01
 -2.00000000E+01 -1.19203536E+01
 -2.00000000E+01 -1.21193092E+01
 -2.00000000E+01 -1.21223436E+01
 -2.00000000E+01 -1.23212992E+01
 -2.00000000E+01 -1.23243337E+01
 -2.00000000E+01 -1.25232893E+01
 -2.00000000E+01 -1.25263237E+01
 -2.00000000E+01 -1.27252793E+01
 -2.00000000E+01 -1.27283138E+01
 -2.00000000E+01 -1.29272694E+01
 -2.00000000E+01 -1.29303038E+01
 -2.00000000E+01 -1.31292594E+01
 -2.00000000E+01 -1.31322939E+01
 -2.00000000E+01 -1.33312495E+01
 -2.00000000E+01 -1.33342839E+01
 -2.00000000E+01 -1.35332395E+01
 -2.00000000E+01 -1.35362740E+01
 -2.00000000E+01 -1.37352296E+01
 -2.00000000E+01 -1.37382640E+01
 -2.00000000E+01 -1.39372196E+01
 -2.00000000E+01 -1.39402541E+01
 -2.00000000E+01 -1.41392097E+01
 -2.00000000E+01 -1.41422441E+01
 -2.00000000E+01 -1.43411997E+01
 -2.00000000E+01 -1.43442342E+01
 -2.00000000E+01 -1.45431898E+01
 -2.00000000E+01 -1.45462242E+01
 -2.00000000E+01 -1.47451798E+01
 -2.00000000E+01 -1.47482143E+01
 -2.00000000E+01 -1.49471699E+01
 -2.00000000E+01 -1.49502043E+01
 -2.00000000E+01 -1.51491599E+01
 -2.00000000E+01 -1.51521944E+01
 -2.00000000E+01 -1.53511500E+01
 -2.00000000E+01 -1.53541844E+01
 -2.00000000E+01 -1.55531400E+01
 -2.00000000E+01 -1.55561745E+01
 -2.00000000E+01 -1.57551301E+01
 -2.00000000E+01 -1.57581645E+01
 -2.00000000E+01 -1.59571201E+01
 -2.00000000E+01 -1.59601546E+01
 -2.00000000E+01 -1.61591102E+01
 -2.00000000E+01 -1.61621446E+01
 -2.00000000E+01 -1.63611002E+01
 -2.00000000E+01 -1.63641347E+01
 -2.00000000E+01 -1.65630903E+01
 -2.00000000E+01 -1.65661247E+01
 -2.00000000E+01 -1.67650803E+01
 -2.00000000E+01 -1.67681148E+01
 -2.00000000E+01 -1.69670704E+01
 -2.00000000E+01 -1.69701048E+01
 -2.00000000E+01 -1.71690604E+01
 -2.00000000E+01 -1.71720949E+01
 -2.00000000E+01 -1.73710505E+01
 -2.00000000E+01 -1.73740849E+01
 -2.00000000E+01 -1.75730405E+01
 -2.00000000E+01 -1.75760750E+01
 -2.00000000E+01 -1.77750306E+01
 -2.00000000E+01 -1.77780650E+01
 -2.00000000E+01 -1.79770206E+01
 -2.00000000E+01 -1.79800551E+01
 -2.00000000E+01 -1.81790107E+01
 -2.00000000E+01 -1.81820451E+01
 -2.00000000E+01 -1.83810007E+01
 -2.00000000E+01 -1.83840352E+01
 -2.00000000E+01 -1.85829907E+01
 -2.00000000E+01 -1.85860252E+01
 -2.00000000E+01 -1.87849808E+01
 -2.00000000E+01 -1.87880153E+01
 -2.00000000E+01 -1.89869708E+01
 -2.00000000E+01 -1.89900053E+01
 -2.00000000E+01 -1.91889609E+01
 -2.00000000E+01 -1.91919954E+01
 -2.00000000E+01 -1.93909509E+01
 -2.00000000E+01 -1.93939854E+01
 -2.00000000E+01 -1.95929410E+01
 -2.00000000E+01 -1.95959755E+01
 -2.00000000E+01 -1.97949310E+01
 -2.00000000E+01 -1.97979655E+01
 -2.00000000E+01 -1.99969211E+01

w:200/ x(  -0.7271592E+01) y(  -0.1009941E+02) ix(2) iy(2) s(   0.7000E+00)

h: x ny1,0  y2=[y1](1),ic[yellowgreen]
 -1.000000E+00 -1.000000E+00

hb:   line clip z   cb(yellowgreen)
clip:
 -9.09803098E+00 -1.19258472E+01
 -9.02748492E+00 -1.19793370E+01
 -8.88751281E+00 -1.20000000E+01
 -8.80483191E+00 -1.20000000E+01
 -8.68552276E+00 -1.20000000E+01
 -8.60284186E+00 -1.20000000E+01
 -8.48353271E+00 -1.20000000E+01
 -8.40085182E+00 -1.20000000E+01
 -8.28154266E+00 -1.20000000E+01
 -8.19886177E+00 -1.20000000E+01
 -8.07955261E+00 -1.20000000E+01
 -7.99687172E+00 -1.20000000E+01
 -7.87756256E+00 -1.20000000E+01
 -7.79488167E+00 -1.20000000E+01
 -7.67557251E+00 -1.20000000E+01
 -7.59289162E+00 -1.20000000E+01
 -7.47358246E+00 -1.20000000E+01
 -7.39090157E+00 -1.20000000E+01
 -7.27159241E+00 -1.20000000E+01
 -7.18891152E+00 -1.20000000E+01
 -7.06960236E+00 -1.20000000E+01
 -6.98692147E+00 -1.20000000E+01
 -6.86761231E+00 -1.20000000E+01
 -6.78493142E+00 -1.20000000E+01
 -6.66562226E+00 -1.20000000E+01
 -6.58294137E+00 -1.20000000E+01
 -6.46363221E+00 -1.20000000E+01
 -6.38095132E+00 -1.20000000E+01
 -6.26164216E+00 -1.20000000E+01
 -6.17896127E+00 -1.20000000E+01
 -6.05965211E+00 -1.20000000E+01
 -5.97697122E+00 -1.20000000E+01
 -5.85766206E+00 -1.20000000E+01
 -5.77498117E+00 -1.20000000E+01
 -5.65567201E+00 -1.20000000E+01
 -5.57299112E+00 -1.20000000E+01
 -5.45368196E+00 -1.20000000E+01
 -5.37100107E+00 -1.20000000E+01
 -5.25169191E+00 -1.20000000E+01
 -5.16901102E+00 -1.20000000E+01
 -5.04970186E+00 -1.20000000E+01
 -4.96702097E+00 -1.20000000E+01
 -4.84771181E+00 -1.20000000E+01
 -4.76503092E+00 -1.20000000E+01
 -4.64572176E+00 -1.20000000E+01
 -4.56304087E+00 -1.20000000E+01
 -4.44373171E+00 -1.20000000E+01
 -4.36105082E+00 -1.20000000E+01
 -4.24174166E+00 -1.20000000E+01
 -4.15906077E+00 -1.20000000E+01
 -4.03975161E+00 -1.20000000E+01
 -3.95707072E+00 -1.20000000E+01
 -3.83776156E+00 -1.20000000E+01
 -3.75508067E+00 -1.20000000E+01
 -3.63577151E+00 -1.20000000E+01
 -3.55309062E+00 -1.20000000E+01
 -3.43378146E+00 -1.20000000E+01
 -3.35110057E+00 -1.20000000E+01
 -3.23179141E+00 -1.20000000E+01
 -3.14911052E+00 -1.20000000E+01
 -3.02980136E+00 -1.20000000E+01
 -2.94712047E+00 -1.20000000E+01
 -2.82781131E+00 -1.20000000E+01
 -2.74513042E+00 -1.20000000E+01
 -2.62582126E+00 -1.20000000E+01
 -2.54314037E+00 -1.20000000E+01
 -2.42383121E+00 -1.20000000E+01
 -2.34115032E+00 -1.20000000E+01
 -2.22184116E+00 -1.20000000E+01
 -2.13916027E+00 -1.20000000E+01
 -2.01985111E+00 -1.20000000E+01
 -1.93717022E+00 -1.20000000E+01
 -1.81786107E+00 -1.20000000E+01
 -1.73518017E+00 -1.20000000E+01
 -1.61587102E+00 -1.20000000E+01
 -1.53319012E+00 -1.20000000E+01
 -1.41388097E+00 -1.20000000E+01
 -1.33120007E+00 -1.20000000E+01
 -1.21189092E+00 -1.20000000E+01
 -1.12921002E+00 -1.20000000E+01
 -1.00990087E+00 -1.20000000E+01
 -9.27219974E-01 -1.20000000E+01
 -8.07910816E-01 -1.20000000E+01
 -7.25229924E-01 -1.20000000E+01
 -6.05920767E-01 -1.20000000E+01
 -5.23239875E-01 -1.20000000E+01
 -4.03930717E-01 -1.20000000E+01
 -3.21249825E-01 -1.20000000E+01
 -2.01940667E-01 -1.20000000E+01
 -1.19259775E-01 -1.20000000E+01
  4.93827120E-05 -1.20000000E+01
  8.27302745E-02 -1.20000000E+01
  2.02039432E-01 -1.20000000E+01
  2.84720324E-01 -1.20000000E+01
  4.04029482E-01 -1.20000000E+01
  4.86710374E-01 -1.20000000E+01
  6.06019532E-01 -1.20000000E+01
  6.88700424E-01 -1.20000000E+01
  8.08009582E-01 -1.20000000E+01
  8.90690474E-01 -1.20000000E+01
  1.00999963E+00 -1.20000000E+01
  1.09268052E+00 -1.20000000E+01
  1.21198968E+00 -1.20000000E+01
  1.29467057E+00 -1.20000000E+01
  1.41397973E+00 -1.20000000E+01
  1.49666062E+00 -1.20000000E+01
  1.61596978E+00 -1.20000000E+01
  1.69865067E+00 -1.20000000E+01
  1.81795983E+00 -1.20000000E+01
  1.90064072E+00 -1.20000000E+01
  2.01994988E+00 -1.20000000E+01
  2.10263077E+00 -1.20000000E+01
  2.22193993E+00 -1.20000000E+01
  2.30462082E+00 -1.20000000E+01
  2.42392998E+00 -1.20000000E+01
  2.50661087E+00 -1.20000000E+01
  2.62592003E+00 -1.20000000E+01
  2.70860092E+00 -1.20000000E+01
  2.82791008E+00 -1.20000000E+01
  2.91059097E+00 -1.20000000E+01
  3.02990013E+00 -1.20000000E+01
  3.11258102E+00 -1.20000000E+01
  3.23189018E+00 -1.20000000E+01
  3.31457107E+00 -1.20000000E+01
  3.43388023E+00 -1.20000000E+01
  3.51656112E+00 -1.20000000E+01
  3.63587028E+00 -1.20000000E+01
  3.71855117E+00 -1.20000000E+01
  3.83786033E+00 -1.20000000E+01
  3.92054122E+00 -1.20000000E+01
  4.03985038E+00 -1.20000000E+01
  4.12253127E+00 -1.20000000E+01
  4.24184043E+00 -1.20000000E+01
  4.32452132E+00 -1.20000000E+01
  4.44383048E+00 -1.20000000E+01
  4.52651137E+00 -1.20000000E+01
  4.64582053E+00 -1.20000000E+01
  4.72850142E+00 -1.20000000E+01
  4.84781058E+00 -1.20000000E+01
  4.93049147E+00 -1.20000000E+01
  5.04980063E+00 -1.20000000E+01
  5.13248152E+00 -1.20000000E+01
  5.25179068E+00 -1.20000000E+01
  5.33447157E+00 -1.20000000E+01
  5.45378073E+00 -1.20000000E+01
  5.53646162E+00 -1.20000000E+01
  5.65577078E+00 -1.20000000E+01
  5.73845167E+00 -1.20000000E+01
  5.85776083E+00 -1.20000000E+01
  5.94044172E+00 -1.20000000E+01
  6.05975088E+00 -1.20000000E+01
  6.14243177E+00 -1.20000000E+01
  6.26174093E+00 -1.20000000E+01
  6.34442182E+00 -1.20000000E+01
  6.46373097E+00 -1.20000000E+01
  6.54641187E+00 -1.20000000E+01
  6.66572102E+00 -1.20000000E+01
  6.74840192E+00 -1.20000000E+01
  6.86771107E+00 -1.20000000E+01
  6.95039197E+00 -1.20000000E+01
  7.06970112E+00 -1.20000000E+01
  7.15238202E+00 -1.20000000E+01
  7.27169117E+00 -1.20000000E+01
  7.35437207E+00 -1.20000000E+01
  7.47368122E+00 -1.20000000E+01
  7.55636212E+00 -1.20000000E+01
  7.67567127E+00 -1.20000000E+01
  7.75835217E+00 -1.20000000E+01
  7.87766132E+00 -1.20000000E+01
  7.96034221E+00 -1.20000000E+01
  8.07965137E+00 -1.20000000E+01
  8.16233226E+00 -1.20000000E+01
  8.28164142E+00 -1.20000000E+01
  8.36432231E+00 -1.20000000E+01
  8.48363147E+00 -1.20000000E+01
  8.56631236E+00 -1.20000000E+01
  8.68562152E+00 -1.20000000E+01
  8.76830241E+00 -1.20000000E+01
  8.88761157E+00 -1.20000000E+01
  8.97029246E+00 -1.20000000E+01
  9.08960162E+00 -1.19322731E+01
  9.36755385E+00 -1.17153291E+01
  9.61472958E+00 -1.15133390E+01
  9.89756182E+00 -1.12711255E+01
  1.01949998E+01 -1.10028168E+01
  1.04027611E+01 -1.08065980E+01
  1.05068960E+01 -1.07053788E+01
  1.07055220E+01 -1.05067501E+01
  1.09075121E+01 -1.02969015E+01
  1.11095021E+01 -1.00786389E+01
  1.13838100E+01 -9.76774640E+00
  1.16135535E+01 -9.49343851E+00
  1.17757796E+01 -9.29144846E+00
  1.19790350E+01 -9.02788578E+00
  1.21836940E+01 -8.74971998E+00
  1.23705468E+01 -8.48348826E+00
  1.25932149E+01 -8.14929063E+00
  1.27649798E+01 -7.87751811E+00
  1.29770013E+01 -7.52312678E+00
  1.31294026E+01 -7.25388082E+00
  1.32295635E+01 -7.06955791E+00
  1.33313927E+01 -6.87560685E+00
  1.34376364E+01 -6.66557781E+00
  1.35383006E+01 -6.45866986E+00
  1.37105844E+01 -6.08439601E+00
  1.38620434E+01 -5.73094701E+00
  1.39963462E+01 -5.39465414E+00
  1.41393529E+01 -5.00786387E+00
  1.42624571E+01 -4.64567732E+00
  1.43877728E+01 -4.24169722E+00
  1.45007561E+01 -3.83771712E+00
  1.46016934E+01 -3.43373702E+00
  1.46908330E+01 -3.02975692E+00
  1.47683884E+01 -2.62577682E+00
  1.48345414E+01 -2.22179672E+00
  1.48894440E+01 -1.81781662E+00
  1.49332202E+01 -1.41383652E+00
  1.49659677E+01 -1.00985642E+00
  1.49877588E+01 -6.05876322E-01
  1.49986412E+01 -2.01896223E-01
  1.49986387E+01  2.02083877E-01
  1.49877512E+01  6.06063976E-01
  1.49647669E+01  1.02749790E+00
  1.49332025E+01  1.41402418E+00
  1.48894211E+01  1.81800427E+00
  1.48345133E+01  2.22198437E+00
  1.47683550E+01  2.62596447E+00
  1.46907943E+01  3.02994457E+00
  1.46016493E+01  3.43392467E+00
  1.45007064E+01  3.83790477E+00
  1.43877174E+01  4.24188487E+00
  1.42623960E+01  4.64586497E+00
  1.41393529E+01  5.00786387E+00
  1.40195610E+01  5.33403326E+00
  1.38928670E+01  5.65581522E+00
  1.37353728E+01  6.02822818E+00
  1.35997822E+01  6.32818487E+00
  1.34375433E+01  6.66576547E+00
  1.33313927E+01  6.87560685E+00
  1.31944800E+01  7.13482293E+00
  1.30055152E+01  7.47372567E+00
  1.28265579E+01  7.77685109E+00
  1.26379791E+01  8.07969582E+00
  1.24323752E+01  8.39261863E+00
  1.22294402E+01  8.68566597E+00
  1.20127633E+01  8.98295703E+00
  1.17756315E+01  9.29163612E+00
  1.15134822E+01  9.61455809E+00
  1.12710865E+01  9.89760626E+00
  1.10028643E+01  1.01949486E+01
  1.08066465E+01  1.04027108E+01
  1.07055220E+01  1.05067501E+01
  1.05067048E+01  1.07055665E+01
  1.02968544E+01  1.09075565E+01
  1.00785899E+01  1.11095466E+01
  9.76779955E+00  1.13837644E+01
  9.49358172E+00  1.16134364E+01
  9.29159167E+00  1.17756666E+01
  9.02864764E+00  1.19784607E+01
  8.80511833E+00  1.20000000E+01
 -8.97000604E+00  1.20000000E+01
 -9.09792453E+00  1.19259284E+01
 -9.36731916E+00  1.17155167E+01
 -9.61450486E+00  1.15135267E+01
 -9.89746306E+00  1.12712122E+01
 -1.01948512E+01  1.10029546E+01
 -1.04026152E+01  1.08067385E+01
 -1.05067048E+01  1.07055665E+01
 -1.07054233E+01  1.05068508E+01
 -1.09074133E+01  1.02970061E+01
 -1.11094034E+01  1.00787478E+01
 -1.13836777E+01  9.76790055E+00
 -1.16134001E+01  9.49362617E+00
 -1.17756315E+01  9.29163612E+00
 -1.19787630E+01  9.02824662E+00
 -1.21835743E+01  8.74988668E+00
 -1.23704181E+01  8.48367592E+00
 -1.25931024E+01  8.14946452E+00
 -1.27648640E+01  7.87770577E+00
 -1.29768962E+01  7.52330808E+00
 -1.31293039E+01  7.25405958E+00
 -1.32294632E+01  7.06974557E+00
 -1.33312939E+01  6.87579835E+00
 -1.34375433E+01  6.66576547E+00
 -1.35382195E+01  6.45883985E+00
 -1.37105135E+01  6.08455582E+00
 -1.38619807E+01  5.73109855E+00
 -1.39962904E+01  5.39479878E+00
 -1.41392541E+01  5.00814272E+00
 -1.42623960E+01  4.64586497E+00
 -1.43877174E+01  4.24188487E+00
 -1.45007064E+01  3.83790477E+00
 -1.46016493E+01  3.43392467E+00
 -1.46907943E+01  3.02994457E+00
 -1.47683550E+01  2.62596447E+00
 -1.48345133E+01  2.22198437E+00
 -1.48894211E+01  1.81800427E+00
 -1.49332025E+01  1.41402418E+00
 -1.49659551E+01  1.01004408E+00
 -1.49877512E+01  6.06063976E-01
 -1.49986387E+01  2.02083877E-01
 -1.49986412E+01 -2.01896223E-01
 -1.49877588E+01 -6.05876322E-01
 -1.49647726E+01 -1.02741472E+00
 -1.49332202E+01 -1.41383652E+00
 -1.48894440E+01 -1.81781662E+00
 -1.48345414E+01 -2.22179672E+00
 -1.47683884E+01 -2.62577682E+00
 -1.46908330E+01 -3.02975692E+00
 -1.46016934E+01 -3.43373702E+00
 -1.45007561E+01 -3.83771712E+00
 -1.43877728E+01 -4.24169722E+00
 -1.42624571E+01 -4.64567732E+00
 -1.41392541E+01 -5.00814272E+00
 -1.40195854E+01 -5.33396886E+00
 -1.38929434E+01 -5.65562757E+00
 -1.37352740E+01 -6.02845321E+00
 -1.35998104E+01 -6.32812421E+00
 -1.34376364E+01 -6.66557781E+00
 -1.33312939E+01 -6.87579835E+00
 -1.31945112E+01 -7.13476523E+00
 -1.30056230E+01 -7.47353801E+00
 -1.28265914E+01 -7.77679575E+00
 -1.26380991E+01 -8.07950816E+00
 -1.24324110E+01 -8.39256556E+00
 -1.22295734E+01 -8.68547831E+00
 -1.20128014E+01 -8.98290617E+00
 -1.17757796E+01 -9.29144846E+00
 -1.15133835E+01 -9.61467636E+00
 -1.12712513E+01 -9.89741861E+00
 -1.10029071E+01 -1.01949024E+01
 -1.08066901E+01 -1.04026655E+01
 -1.07054233E+01 -1.05068508E+01
 -1.05068960E+01 -1.07053788E+01
 -1.02970532E+01 -1.09073689E+01
 -1.00787968E+01 -1.11093589E+01
 -9.76784739E+00 -1.13837233E+01
 -9.49348296E+00 -1.16135172E+01
 -9.29149291E+00 -1.17757445E+01
 -9.10919894E+00 -1.19173191E+01

w:100/ x(   0.0000000E+00) y(   0.0000000E+00) ix(2) iy(2) s(   0.7000E+00)

h: x ny1,0  y2=[y1](2),ic[orangeyellow]
 -1.000000E+00 -1.000000E+00

hb:   line clip z   cb(orangeyellow)
clip:
 -1.41573922E+00 -9.89927687E+00
 -1.17906218E+00 -9.93024735E+00
 -9.52815878E-01 -9.95450360E+00
 -7.32169019E-01 -9.97316041E+00
 -5.16697093E-01 -9.98664228E+00
 -3.06033242E-01 -9.99531609E+00
 -9.98578698E-02 -9.99950141E+00
  1.02109442E-01 -9.99947867E+00
  3.00116317E-01 -9.99549550E+00
  4.94382683E-01 -9.98777181E+00
  6.85104883E-01 -9.97650396E+00
  8.72459031E-01 -9.96186806E+00
  1.05660377E+00 -9.94402275E+00
  1.23768257E+00 -9.92311150E+00
  1.42867241E+00 -9.89741861E+00
  1.76376839E+00 -9.84322717E+00
  2.01994988E+00 -9.79386555E+00
  2.26631673E+00 -9.73980536E+00
  2.44921723E+00 -9.69542856E+00
  2.74760772E+00 -9.61512620E+00
  2.90363560E+00 -9.56916403E+00
  3.14239164E+00 -9.49343851E+00
  3.35930830E+00 -9.41886658E+00
  3.50722580E+00 -9.36479403E+00
  3.69715911E+00 -9.29144846E+00
  3.93965444E+00 -9.19125252E+00
  4.16914209E+00 -9.08945841E+00
  4.35584872E+00 -9.00147665E+00
  4.58398365E+00 -8.88746836E+00
  4.75662234E+00 -8.79628012E+00
  4.95605352E+00 -8.68547831E+00
  5.14263483E+00 -8.57632246E+00
  5.29437691E+00 -8.48348826E+00
  5.45378073E+00 -8.38190168E+00
  5.65577078E+00 -8.24695440E+00
  5.87238916E+00 -8.09413649E+00
  6.05975088E+00 -7.95483622E+00
  6.26174093E+00 -7.79683273E+00
  6.46373097E+00 -7.63021506E+00
  6.66572102E+00 -7.45440563E+00
  6.86771107E+00 -7.26873748E+00
  7.06970112E+00 -7.07243424E+00
  7.21224250E+00 -6.92701654E+00
  7.36762720E+00 -6.76151384E+00
  7.47368122E+00 -6.64410182E+00
  7.63033638E+00 -6.46358776E+00
  7.79694774E+00 -6.26159772E+00
  7.95494531E+00 -6.05960767E+00
  8.10483287E+00 -5.85761762E+00
  8.24705262E+00 -5.65562757E+00
  8.38199486E+00 -5.45363752E+00
  8.51000581E+00 -5.25164747E+00
  8.63139386E+00 -5.04965742E+00
  8.74643477E+00 -4.84766737E+00
  8.85537590E+00 -4.64567732E+00
  8.95843979E+00 -4.44368727E+00
  9.05582711E+00 -4.24169722E+00
  9.14771917E+00 -4.03970717E+00
  9.23428001E+00 -3.83771712E+00
  9.33090675E+00 -3.59641199E+00
  9.44754723E+00 -3.27778146E+00
  9.52998284E+00 -3.02975692E+00
  9.59185772E+00 -2.82776687E+00
  9.64910856E+00 -2.62577682E+00
  9.70389210E+00 -2.41546644E+00
  9.76579366E+00 -2.15157483E+00
  9.81843120E+00 -1.89694725E+00
  9.86284470E+00 -1.65054369E+00
  9.89987953E+00 -1.41151882E+00
  9.93023404E+00 -1.17917425E+00
  9.95449314E+00 -9.52925098E-01
  9.97315258E+00 -7.32275610E-01
  9.98663689E+00 -5.16801248E-01
  9.99531297E+00 -3.06135127E-01
  9.99950041E+00 -9.99576320E-02
  9.99947967E+00  1.02011674E-01
  9.99549837E+00  3.00020430E-01
  9.98777647E+00  4.94288576E-01
  9.97651031E+00  6.85012464E-01
  9.96187601E+00  8.72368218E-01
  9.94403224E+00  1.05651449E+00
  9.92312245E+00  1.23759476E+00
  9.89756182E+00  1.42767994E+00
  9.84324218E+00  1.76368463E+00
  9.79385639E+00  2.01999432E+00
  9.73982400E+00  2.26623661E+00
  9.69557177E+00  2.44865025E+00
  9.61514815E+00  2.74753090E+00
  9.56918703E+00  2.90355983E+00
  9.49358172E+00  3.14195896E+00
  9.41889255E+00  3.35923550E+00
  9.36482094E+00  3.50715394E+00
  9.29159167E+00  3.69679919E+00
  9.19128215E+00  3.93958530E+00
  9.08960162E+00  4.16882986E+00
  9.00150886E+00  4.35578216E+00
  8.88761157E+00  4.58370598E+00
  8.79631478E+00  4.75655823E+00
  8.68562152E+00  4.95580254E+00
  8.57635949E+00  5.14257309E+00
  8.48363147E+00  5.29414743E+00
  8.38187276E+00  5.45382517E+00
  8.24692392E+00  5.65581522E+00
  8.09417802E+00  5.87233192E+00
  7.95480237E+00  6.05979532E+00
  7.79679703E+00  6.26178537E+00
  7.69172248E+00  6.27783658E+00
  7.67567127E+00  6.26279695E+00
  7.47368122E+00  6.11930363E+00
  7.34060998E+00  6.05979532E+00
  7.12202364E+00  6.00747281E+00
  6.92466465E+00  6.00284175E+00
  6.66922653E+00  6.05628982E+00
  6.65939002E+00  6.05979532E+00
  6.52431822E+00  6.12038256E+00
  6.46373097E+00  6.15595288E+00
  6.32543410E+00  6.26178537E+00
  6.29287100E+00  6.29291544E+00
  6.26174093E+00  6.32548274E+00
  6.15592465E+00  6.46377542E+00
  6.12035136E+00  6.52437591E+00
  6.05975088E+00  6.65951273E+00
  6.05751006E+00  6.66576547E+00
  6.01566835E+00  6.82367300E+00
  6.00878287E+00  6.86775552E+00
  6.00005045E+00  7.01004515E+00
  6.00243519E+00  7.06974557E+00
  6.02962700E+00  7.24161174E+00
  6.03762806E+00  7.27173562E+00
  6.05975088E+00  7.34048727E+00
  6.09921377E+00  7.43426278E+00
  6.11932753E+00  7.47372567E+00
  6.26174093E+00  7.67451726E+00
  6.26283769E+00  7.67571572E+00
  6.28001947E+00  7.69399427E+00
  6.26174093E+00  7.79683273E+00
  6.15968764E+00  7.87770577E+00
  6.10342300E+00  7.92137789E+00
  6.05975088E+00  7.95483622E+00
  5.89224198E+00  8.07969582E+00
  5.87228040E+00  8.09421540E+00
  5.85776083E+00  8.10472937E+00
  5.77005172E+00  8.16740492E+00
  5.65577078E+00  8.24695440E+00
  5.60479074E+00  8.28168587E+00
  5.51430393E+00  8.34220907E+00
  5.45378073E+00  8.38190168E+00
  5.29407621E+00  8.48367592E+00
  5.26800461E+00  8.49988985E+00
  5.25179068E+00  8.50991743E+00
  5.18421336E+00  8.55125323E+00
  5.04980063E+00  8.63131008E+00
  4.95572464E+00  8.68566597E+00
  4.88678435E+00  8.72463974E+00
  4.84781058E+00  8.74635539E+00
  4.71460446E+00  8.81887208E+00
  4.64582053E+00  8.85530076E+00
  4.58361981E+00  8.88765602E+00
  4.49099298E+00  8.93481852E+00
  4.44383048E+00  8.95836875E+00
  4.30611044E+00  9.02537605E+00
  4.24184043E+00  9.05576003E+00
  4.16873295E+00  9.08964607E+00
  4.08001630E+00  9.12981199E+00
  4.03985038E+00  9.14765593E+00
  3.93718647E+00  9.19230998E+00
  3.83786033E+00  9.23422049E+00
  3.69668748E+00  9.29163612E+00
  3.65309526E+00  9.30886110E+00
  3.63587028E+00  9.31560236E+00
  3.59671734E+00  9.33078905E+00
  3.43388023E+00  9.39193625E+00
  3.27806881E+00  9.44744753E+00
  3.23189018E+00  9.46334433E+00
  3.14182467E+00  9.49362617E+00
  3.05741845E+00  9.52114449E+00
  3.02990013E+00  9.52993731E+00
  2.97690055E+00  9.54662575E+00
  2.82791008E+00  9.59181550E+00
  2.69018659E+00  9.63134965E+00
  2.62592003E+00  9.64906959E+00
  2.44847426E+00  9.69561622E+00
  2.42886172E+00  9.70054796E+00
  2.22193993E+00  9.75002477E+00
  2.01994988E+00  9.79386555E+00
  1.81795983E+00  9.83336270E+00
  1.61596978E+00  9.86856837E+00
  1.41173768E+00  9.89984832E+00
  1.17938719E+00  9.93020875E+00
  9.53132620E-01  9.95447328E+00
  7.32478137E-01  9.97313771E+00
  5.16999145E-01  9.98662665E+00
  3.06328712E-01  9.99530703E+00
  1.00147183E-01  9.99949851E+00
 -1.01825913E-01  9.99948156E+00
 -2.99838243E-01  9.99550384E+00
 -4.94109769E-01  9.98778532E+00
 -6.84836865E-01  9.97652236E+00
 -8.72195672E-01  9.96189112E+00
 -1.05634486E+00  9.94405026E+00
 -1.23742791E+00  9.92314326E+00
 -1.42737179E+00  9.89760626E+00
 -1.76352549E+00  9.84327069E+00
 -2.01985111E+00  9.79388592E+00
 -2.26608437E+00  9.73985942E+00
 -2.44847426E+00  9.69561622E+00
 -2.74738495E+00  9.61518985E+00
 -2.90341586E+00  9.56923071E+00
 -3.14182467E+00  9.49362617E+00
 -3.35909718E+00  9.41894188E+00
 -3.50701742E+00  9.36487207E+00
 -3.69668748E+00  9.29163612E+00
 -3.93945395E+00  9.19133845E+00
 -4.16873295E+00  9.08964607E+00
 -4.35565570E+00  9.00157005E+00
 -4.58361981E+00  8.88765602E+00
 -4.75643644E+00  8.79638064E+00
 -4.95572464E+00  8.68566597E+00
 -5.14245577E+00  8.57642983E+00
 -5.29407621E+00  8.48367592E+00
 -5.45368196E+00  8.38196594E+00
 -5.65567201E+00  8.24702214E+00
 -5.87222316E+00  8.09425692E+00
 -6.05965211E+00  7.95491146E+00
 -6.26164216E+00  7.79691205E+00
 -6.46363221E+00  7.63029873E+00
 -6.66562226E+00  7.45449394E+00
 -6.86761231E+00  7.26883080E+00
 -7.06960236E+00  7.07253296E+00
 -7.21006645E+00  6.92928148E+00
 -7.36749013E+00  6.76166319E+00
 -7.47358246E+00  6.64421291E+00
 -7.63017741E+00  6.46377542E+00
 -7.79679703E+00  6.26178537E+00
 -7.95480237E+00  6.05979532E+00
 -8.10469724E+00  5.85780527E+00
 -8.24692392E+00  5.65581522E+00
 -8.38187276E+00  5.45382517E+00
 -8.50989000E+00  5.25183512E+00
 -8.63128407E+00  5.04984507E+00
 -8.74633076E+00  4.84785502E+00
 -8.85527745E+00  4.64586497E+00
 -8.95834670E+00  4.44387492E+00
 -9.05573922E+00  4.24188487E+00
 -9.14763630E+00  4.03989482E+00
 -9.23420202E+00  3.83790477E+00
 -9.33085100E+00  3.59655663E+00
 -9.44750001E+00  3.27791757E+00
 -9.52992318E+00  3.02994457E+00
 -9.59180240E+00  2.82795452E+00
 -9.64905750E+00  2.62596447E+00
 -9.70386264E+00  2.41558479E+00
 -9.76576854E+00  2.15168884E+00
 -9.81840991E+00  1.89705742E+00
 -9.86282683E+00  1.65065045E+00
 -9.89986474E+00  1.41162249E+00
 -9.93022206E+00  1.17927512E+00
 -9.95448373E+00  9.53023397E-01
 -9.97314554E+00  7.32371543E-01
 -9.98663204E+00  5.16894988E-01
 -9.99531016E+00  3.06226825E-01
 -9.99949951E+00  1.00047419E-01
 -9.99948056E+00 -1.01923682E-01
 -9.99550096E+00 -2.99934131E-01
 -9.98778066E+00 -4.94203878E-01
 -9.97651602E+00 -6.84929286E-01
 -9.96188317E+00 -8.72286486E-01
 -9.94404077E+00 -1.05643414E+00
 -9.92313231E+00 -1.23751573E+00
 -9.89746306E+00 -1.42836447E+00
 -9.84325568E+00 -1.76360925E+00
 -9.79389509E+00 -2.01980667E+00
 -9.73984078E+00 -2.26616450E+00
 -9.69547301E+00 -2.44904128E+00
 -9.61516790E+00 -2.74746177E+00
 -9.56920772E+00 -2.90349163E+00
 -9.49348296E+00 -3.14225737E+00
 -9.41891592E+00 -3.35916998E+00
 -9.36484516E+00 -3.50708927E+00
 -9.29149291E+00 -3.69704741E+00
 -9.19130882E+00 -3.93952308E+00
 -9.08950286E+00 -4.16904519E+00
 -9.00153785E+00 -4.35572226E+00
 -8.88751281E+00 -4.58389748E+00
 -8.79634598E+00 -4.75650054E+00
 -8.68552276E+00 -4.95597563E+00
 -8.57639281E+00 -5.14251752E+00
 -8.48353271E+00 -5.29430570E+00
 -8.38199486E+00 -5.45363752E+00
 -8.24705262E+00 -5.65562757E+00
 -8.09421540E+00 -5.87228040E+00
 -7.95494531E+00 -6.05960767E+00
 -7.79694774E+00 -6.26159772E+00
 -7.63033638E+00 -6.46358776E+00
 -7.45453368E+00 -6.66557781E+00
 -7.26887279E+00 -6.86756786E+00
 -7.07257739E+00 -7.06955791E+00
 -6.92453981E+00 -7.21462046E+00
 -6.76161169E+00 -7.36753740E+00
 -6.64426291E+00 -7.47353801E+00
 -6.46363221E+00 -7.63029873E+00
 -6.26164216E+00 -7.79691205E+00
 -6.05965211E+00 -7.95491146E+00
 -5.85766206E+00 -8.10480075E+00
 -5.65567201E+00 -8.24702214E+00
 -5.45368196E+00 -8.38196594E+00
 -5.25169191E+00 -8.50997838E+00
 -5.04970186E+00 -8.63136786E+00
 -4.84771181E+00 -8.74641013E+00
 -4.64572176E+00 -8.85535258E+00
 -4.44373171E+00 -8.95841774E+00
 -4.24174166E+00 -9.05580630E+00
 -4.03975161E+00 -9.14769954E+00
 -3.83776156E+00 -9.23426154E+00
 -3.59625128E+00 -9.33096869E+00
 -3.27763022E+00 -9.44759970E+00
 -3.02980136E+00 -9.52996871E+00
 -2.82781131E+00 -9.59184462E+00
 -2.62582126E+00 -9.64909647E+00
 -2.41533495E+00 -9.70392483E+00
 -2.15144816E+00 -9.76582156E+00
 -1.89682483E+00 -9.81845485E+00
 -1.65042508E+00 -9.86286455E+00
 -1.42867241E+00 -9.89741861E+00

w:102/ x(   0.7000000E+01) y(   0.7000558E+01) ix(2) iy(2) s(   0.7000E+00)

h: x ny1,0  y2=[y1](3),ic[pastelblue]
 -1.000000E+00 -1.000000E+00

hb:   line clip z   cb(pastelblue)
clip:
  6.66404697E+00  6.05812126E+00
  6.66922653E+00  6.05628982E+00
  6.86771107E+00  6.00878880E+00
  6.92466465E+00  6.00284175E+00
  7.06970112E+00  6.00243208E+00
  7.12202364E+00  6.00747281E+00
  7.27169117E+00  6.03761551E+00
  7.28885834E+00  6.04262815E+00
  7.34060998E+00  6.05979532E+00
  7.47368122E+00  6.11930363E+00
  7.56235947E+00  6.17310712E+00
  7.67456590E+00  6.26178537E+00
  7.77338424E+00  6.36606245E+00
  7.87766132E+00  6.52071866E+00
  7.94248994E+00  6.66576547E+00
  7.99121713E+00  6.86775552E+00
  7.99756481E+00  7.06974557E+00
  7.96237194E+00  7.27173562E+00
  7.88067247E+00  7.47372567E+00
  7.87766132E+00  7.47928134E+00
  7.73716231E+00  7.67571572E+00
  7.70708456E+00  7.70712900E+00
  7.67567127E+00  7.73720305E+00
  7.47919994E+00  7.87770577E+00
  7.46727493E+00  7.88411207E+00
  7.27169117E+00  7.96238449E+00
  7.16272557E+00  7.98667137E+00
  7.06970112E+00  7.99756792E+00
  6.94872245E+00  7.99868444E+00
  6.86771107E+00  7.99121120E+00
  6.77180208E+00  7.97361476E+00
  6.66572102E+00  7.94247417E+00
  6.61889502E+00  7.92453177E+00
  6.52080006E+00  7.87770577E+00
  6.46373097E+00  7.84404712E+00
  6.36606245E+00  7.77338424E+00
  6.26283769E+00  7.67571572E+00
  6.17310712E+00  7.56235947E+00
  6.05975088E+00  7.34048727E+00
  6.03762806E+00  7.27173562E+00
  6.00243519E+00  7.06974557E+00
  6.00878287E+00  6.86775552E+00
  6.05751006E+00  6.66576547E+00
  6.05975088E+00  6.65951273E+00
  6.15592465E+00  6.46377542E+00
  6.19912883E+00  6.40116332E+00
  6.26174093E+00  6.32548274E+00
  6.32543410E+00  6.26178537E+00
  6.40111246E+00  6.19916686E+00
  6.46373097E+00  6.15595288E+00
  6.65939002E+00  6.05979532E+00

wt: s[c5]
\vspace{-3}
  emin  &=&   0.0000E+00 [MeV]
  emax  &=&   1.0000E+03 [MeV]
  ymin  &=&  -5.0000E+00 [cm]
  ymax  &=&   5.0000E+00 [cm]
  part. &=& all     
e:
 
# Information for Restart Calculation
# This calculation was newly started
# istdev =  2 # 1:Batch variance, 2:History variance
# resc2  = 0.00000000000000000E+00 # Total source weight or Total source weight / maxcas
# resc3  = 0.00000000000000000E+00 # Total history number or Total batch number
# maxcas =          50 # History / Batch, only used for istdev=1
# bitrseed = 0000000000000000000000000000000000000000000000000000000000000000 # bit data of rseed
